[0.009s][info][gc,init] CardTable entry size: 512
[0.010s][info][gc     ] Using G1
[0.019s][info][gc,init] Version: 21.0.5+9-LTS-239 (release)
[0.019s][info][gc,init] CPUs: 12 total, 12 available
[0.019s][info][gc,init] Memory: 16190M
[0.019s][info][gc,init] Large Page Support: Disabled
[0.019s][info][gc,init] NUMA Support: Disabled
[0.019s][info][gc,init] Compressed Oops: Enabled (Zero based)
[0.019s][info][gc,init] Heap Region Size: 2M
[0.019s][info][gc,init] Heap Min Capacity: 2G
[0.019s][info][gc,init] Heap Initial Capacity: 2G
[0.019s][info][gc,init] Heap Max Capacity: 4G
[0.019s][info][gc,init] Pre-touch: Disabled
[0.019s][info][gc,init] Parallel Workers: 10
[0.019s][info][gc,init] Concurrent Workers: 3
[0.020s][info][gc,init] Concurrent Refinement Workers: 10
[0.020s][info][gc,init] Periodic GC: Disabled
[0.028s][info][gc,metaspace] CDS archive(s) mapped at: [0x0000027062000000-0x0000027062c90000-0x0000027062c90000), size 13172736, SharedBaseAddress: 0x0000027062000000, ArchiveRelocationMode: 1.
[0.028s][info][gc,metaspace] Compressed class space mapped at: 0x0000027063000000-0x00000270a3000000, reserved size: 1073741824
[0.028s][info][gc,metaspace] Narrow klass base: 0x0000027062000000, Narrow klass shift: 0, Narrow klass range: 0x100000000
[0.385s][info][gc,start    ] GC(0) Pause Young (Normal) (G1 Evacuation Pause)
[0.386s][info][gc,task     ] GC(0) Using 10 workers of 10 for evacuation
[0.391s][info][gc,phases   ] GC(0)   Pre Evacuate Collection Set: 0.2ms
[0.391s][info][gc,phases   ] GC(0)   Merge Heap Roots: 0.1ms
[0.391s][info][gc,phases   ] GC(0)   Evacuate Collection Set: 4.2ms
[0.391s][info][gc,phases   ] GC(0)   Post Evacuate Collection Set: 0.4ms
[0.391s][info][gc,phases   ] GC(0)   Other: 0.8ms
[0.391s][info][gc,heap     ] GC(0) Eden regions: 51->0(50)
[0.391s][info][gc,heap     ] GC(0) Survivor regions: 0->4(7)
[0.391s][info][gc,heap     ] GC(0) Old regions: 0->0
[0.391s][info][gc,heap     ] GC(0) Humongous regions: 0->0
[0.391s][info][gc,metaspace] GC(0) Metaspace: 1662K(1728K)->1662K(1728K) NonClass: 1516K(1536K)->1516K(1536K) Class: 145K(192K)->145K(192K)
[0.391s][info][gc          ] GC(0) Pause Young (Normal) (G1 Evacuation Pause) 102M->7M(2048M) 6.029ms
[0.391s][info][gc,cpu      ] GC(0) User=0.08s Sys=0.02s Real=0.01s
[0.545s][info][gc,start    ] GC(1) Pause Young (Normal) (G1 Evacuation Pause)
[0.545s][info][gc,task     ] GC(1) Using 10 workers of 10 for evacuation
[0.552s][info][gc,phases   ] GC(1)   Pre Evacuate Collection Set: 0.2ms
[0.552s][info][gc,phases   ] GC(1)   Merge Heap Roots: 0.1ms
[0.552s][info][gc,phases   ] GC(1)   Evacuate Collection Set: 5.7ms
[0.552s][info][gc,phases   ] GC(1)   Post Evacuate Collection Set: 0.4ms
[0.552s][info][gc,phases   ] GC(1)   Other: 0.1ms
[0.552s][info][gc,heap     ] GC(1) Eden regions: 50->0(58)
[0.552s][info][gc,heap     ] GC(1) Survivor regions: 4->6(7)
[0.552s][info][gc,heap     ] GC(1) Old regions: 0->0
[0.552s][info][gc,heap     ] GC(1) Humongous regions: 0->0
[0.552s][info][gc,metaspace] GC(1) Metaspace: 1680K(1856K)->1680K(1856K) NonClass: 1535K(1664K)->1535K(1664K) Class: 145K(192K)->145K(192K)
[0.552s][info][gc          ] GC(1) Pause Young (Normal) (G1 Evacuation Pause) 107M->12M(2048M) 6.630ms
[0.552s][info][gc,cpu      ] GC(1) User=0.00s Sys=0.00s Real=0.01s
[0.701s][info][gc,start    ] GC(2) Pause Young (Normal) (G1 Evacuation Pause)
[0.701s][info][gc,task     ] GC(2) Using 10 workers of 10 for evacuation
[0.709s][info][gc,phases   ] GC(2)   Pre Evacuate Collection Set: 0.2ms
[0.709s][info][gc,phases   ] GC(2)   Merge Heap Roots: 0.1ms
[0.709s][info][gc,phases   ] GC(2)   Evacuate Collection Set: 7.0ms
[0.709s][info][gc,phases   ] GC(2)   Post Evacuate Collection Set: 0.5ms
[0.709s][info][gc,phases   ] GC(2)   Other: 0.1ms
[0.709s][info][gc,heap     ] GC(2) Eden regions: 58->0(183)
[0.709s][info][gc,heap     ] GC(2) Survivor regions: 6->5(8)
[0.709s][info][gc,heap     ] GC(2) Old regions: 0->3
[0.709s][info][gc,heap     ] GC(2) Humongous regions: 2->1
[0.709s][info][gc,metaspace] GC(2) Metaspace: 1699K(1856K)->1699K(1856K) NonClass: 1554K(1664K)->1554K(1664K) Class: 145K(192K)->145K(192K)
[0.709s][info][gc          ] GC(2) Pause Young (Normal) (G1 Evacuation Pause) 132M->17M(2048M) 8.160ms
[0.709s][info][gc,cpu      ] GC(2) User=0.00s Sys=0.00s Real=0.01s
[1.093s][info][gc,heap,exit] Heap
[1.093s][info][gc,heap,exit]  garbage-first heap   total 2097152K, used 325749K [0x0000000700000000, 0x0000000800000000)
[1.093s][info][gc,heap,exit]   region size 2048K, 154 young (315392K), 5 survivors (10240K)
[1.093s][info][gc,heap,exit]  Metaspace       used 1965K, committed 2176K, reserved 1114112K
[1.093s][info][gc,heap,exit]   class space    used 175K, committed 320K, reserved 1048576K
