[0.010s][info][gc,init] CardTable entry size: 512
[0.011s][info][gc     ] Using G1
[0.020s][info][gc,init] Version: 21.0.5+9-LTS-239 (release)
[0.020s][info][gc,init] CPUs: 12 total, 12 available
[0.020s][info][gc,init] Memory: 16190M
[0.020s][info][gc,init] Large Page Support: Disabled
[0.021s][info][gc,init] NUMA Support: Disabled
[0.021s][info][gc,init] Compressed Oops: Enabled (Zero based)
[0.021s][info][gc,init] Heap Region Size: 2M
[0.021s][info][gc,init] Heap Min Capacity: 2G
[0.021s][info][gc,init] Heap Initial Capacity: 2G
[0.021s][info][gc,init] Heap Max Capacity: 4G
[0.021s][info][gc,init] Pre-touch: Disabled
[0.021s][info][gc,init] Parallel Workers: 10
[0.021s][info][gc,init] Concurrent Workers: 3
[0.021s][info][gc,init] Concurrent Refinement Workers: 10
[0.021s][info][gc,init] Periodic GC: Disabled
[0.029s][info][gc,metaspace] CDS archive(s) mapped at: [0x0000026e12000000-0x0000026e12c90000-0x0000026e12c90000), size 13172736, SharedBaseAddress: 0x0000026e12000000, ArchiveRelocationMode: 1.
[0.029s][info][gc,metaspace] Compressed class space mapped at: 0x0000026e13000000-0x0000026e53000000, reserved size: 1073741824
[0.029s][info][gc,metaspace] Narrow klass base: 0x0000026e12000000, Narrow klass shift: 0, Narrow klass range: 0x100000000
[0.422s][info][gc,start    ] GC(0) Pause Young (Normal) (G1 Evacuation Pause)
[0.423s][info][gc,task     ] GC(0) Using 10 workers of 10 for evacuation
[0.428s][info][gc,phases   ] GC(0)   Pre Evacuate Collection Set: 0.2ms
[0.428s][info][gc,phases   ] GC(0)   Merge Heap Roots: 0.1ms
[0.428s][info][gc,phases   ] GC(0)   Evacuate Collection Set: 3.9ms
[0.428s][info][gc,phases   ] GC(0)   Post Evacuate Collection Set: 0.4ms
[0.428s][info][gc,phases   ] GC(0)   Other: 1.0ms
[0.428s][info][gc,heap     ] GC(0) Eden regions: 51->0(46)
[0.428s][info][gc,heap     ] GC(0) Survivor regions: 0->5(7)
[0.428s][info][gc,heap     ] GC(0) Old regions: 0->0
[0.428s][info][gc,heap     ] GC(0) Humongous regions: 0->0
[0.428s][info][gc,metaspace] GC(0) Metaspace: 1645K(1728K)->1645K(1728K) NonClass: 1508K(1536K)->1508K(1536K) Class: 137K(192K)->137K(192K)
[0.428s][info][gc          ] GC(0) Pause Young (Normal) (G1 Evacuation Pause) 102M->9M(2048M) 5.937ms
[0.428s][info][gc,cpu      ] GC(0) User=0.00s Sys=0.00s Real=0.01s
[0.532s][info][gc,start    ] GC(1) Pause Young (Normal) (G1 Evacuation Pause)
[0.532s][info][gc,task     ] GC(1) Using 10 workers of 10 for evacuation
[0.537s][info][gc,phases   ] GC(1)   Pre Evacuate Collection Set: 0.2ms
[0.537s][info][gc,phases   ] GC(1)   Merge Heap Roots: 0.1ms
[0.537s][info][gc,phases   ] GC(1)   Evacuate Collection Set: 4.5ms
[0.537s][info][gc,phases   ] GC(1)   Post Evacuate Collection Set: 0.3ms
[0.537s][info][gc,phases   ] GC(1)   Other: 0.1ms
[0.537s][info][gc,heap     ] GC(1) Eden regions: 46->0(56)
[0.537s][info][gc,heap     ] GC(1) Survivor regions: 5->3(7)
[0.537s][info][gc,heap     ] GC(1) Old regions: 0->3
[0.537s][info][gc,heap     ] GC(1) Humongous regions: 0->0
[0.537s][info][gc,metaspace] GC(1) Metaspace: 1652K(1728K)->1652K(1728K) NonClass: 1515K(1536K)->1515K(1536K) Class: 137K(192K)->137K(192K)
[0.537s][info][gc          ] GC(1) Pause Young (Normal) (G1 Evacuation Pause) 101M->11M(2048M) 5.418ms
[0.537s][info][gc,cpu      ] GC(1) User=0.00s Sys=0.00s Real=0.01s
[0.688s][info][gc,start    ] GC(2) Pause Young (Normal) (G1 Evacuation Pause)
[0.688s][info][gc,task     ] GC(2) Using 10 workers of 10 for evacuation
[0.694s][info][gc,phases   ] GC(2)   Pre Evacuate Collection Set: 0.2ms
[0.694s][info][gc,phases   ] GC(2)   Merge Heap Roots: 0.1ms
[0.694s][info][gc,phases   ] GC(2)   Evacuate Collection Set: 5.2ms
[0.694s][info][gc,phases   ] GC(2)   Post Evacuate Collection Set: 0.3ms
[0.694s][info][gc,phases   ] GC(2)   Other: 0.1ms
[0.694s][info][gc,heap     ] GC(2) Eden regions: 56->0(131)
[0.694s][info][gc,heap     ] GC(2) Survivor regions: 3->6(8)
[0.694s][info][gc,heap     ] GC(2) Old regions: 3->3
[0.694s][info][gc,heap     ] GC(2) Humongous regions: 2->1
[0.694s][info][gc,metaspace] GC(2) Metaspace: 1664K(1792K)->1664K(1792K) NonClass: 1527K(1600K)->1527K(1600K) Class: 137K(192K)->137K(192K)
[0.694s][info][gc          ] GC(2) Pause Young (Normal) (G1 Evacuation Pause) 127M->17M(2048M) 6.126ms
[0.694s][info][gc,cpu      ] GC(2) User=0.00s Sys=0.00s Real=0.01s
[0.828s][info][gc,start    ] GC(3) Pause Young (Normal) (G1 Evacuation Pause)
[0.828s][info][gc,task     ] GC(3) Using 10 workers of 10 for evacuation
[0.837s][info][gc,phases   ] GC(3)   Pre Evacuate Collection Set: 0.2ms
[0.837s][info][gc,phases   ] GC(3)   Merge Heap Roots: 0.1ms
[0.837s][info][gc,phases   ] GC(3)   Evacuate Collection Set: 7.7ms
[0.837s][info][gc,phases   ] GC(3)   Post Evacuate Collection Set: 0.3ms
[0.837s][info][gc,phases   ] GC(3)   Other: 0.1ms
[0.837s][info][gc,heap     ] GC(3) Eden regions: 87->0(177)
[0.837s][info][gc,heap     ] GC(3) Survivor regions: 6->10(12)
[0.837s][info][gc,heap     ] GC(3) Old regions: 3->3
[0.837s][info][gc,heap     ] GC(3) Humongous regions: 1->1
[0.837s][info][gc,metaspace] GC(3) Metaspace: 1695K(1792K)->1695K(1792K) NonClass: 1558K(1600K)->1558K(1600K) Class: 137K(192K)->137K(192K)
[0.837s][info][gc          ] GC(3) Pause Young (Normal) (G1 Evacuation Pause) 191M->26M(2048M) 8.629ms
[0.837s][info][gc,cpu      ] GC(3) User=0.05s Sys=0.14s Real=0.01s
[1.032s][info][gc,heap,exit] Heap
[1.032s][info][gc,heap,exit]  garbage-first heap   total 2097152K, used 161948K [0x0000000700000000, 0x0000000800000000)
[1.032s][info][gc,heap,exit]   region size 2048K, 74 young (151552K), 10 survivors (20480K)
[1.032s][info][gc,heap,exit]  Metaspace       used 1913K, committed 2048K, reserved 1114112K
[1.032s][info][gc,heap,exit]   class space    used 166K, committed 256K, reserved 1048576K
