[0.013s][info][gc,init] CardTable entry size: 512
[0.014s][info][gc     ] Using G1
[0.025s][info][gc,init] Version: 21.0.5+9-LTS-239 (release)
[0.025s][info][gc,init] CPUs: 12 total, 12 available
[0.025s][info][gc,init] Memory: 16190M
[0.025s][info][gc,init] Large Page Support: Disabled
[0.025s][info][gc,init] NUMA Support: Disabled
[0.025s][info][gc,init] Compressed Oops: Enabled (Zero based)
[0.025s][info][gc,init] Heap Region Size: 2M
[0.025s][info][gc,init] Heap Min Capacity: 2G
[0.025s][info][gc,init] Heap Initial Capacity: 2G
[0.025s][info][gc,init] Heap Max Capacity: 4G
[0.025s][info][gc,init] Pre-touch: Disabled
[0.025s][info][gc,init] Parallel Workers: 10
[0.025s][info][gc,init] Concurrent Workers: 3
[0.026s][info][gc,init] Concurrent Refinement Workers: 10
[0.026s][info][gc,init] Periodic GC: Disabled
[0.045s][info][gc,metaspace] CDS archive(s) mapped at: [0x000001ae00000000-0x000001ae00c90000-0x000001ae00c90000), size 13172736, SharedBaseAddress: 0x000001ae00000000, ArchiveRelocationMode: 1.
[0.045s][info][gc,metaspace] Compressed class space mapped at: 0x000001ae01000000-0x000001ae41000000, reserved size: 1073741824
[0.045s][info][gc,metaspace] Narrow klass base: 0x000001ae00000000, Narrow klass shift: 0, Narrow klass range: 0x100000000
[0.405s][info][gc,start    ] GC(0) Pause Young (Normal) (G1 Evacuation Pause)
[0.406s][info][gc,task     ] GC(0) Using 10 workers of 10 for evacuation
[0.412s][info][gc,phases   ] GC(0)   Pre Evacuate Collection Set: 0.3ms
[0.412s][info][gc,phases   ] GC(0)   Merge Heap Roots: 0.1ms
[0.412s][info][gc,phases   ] GC(0)   Evacuate Collection Set: 4.9ms
[0.412s][info][gc,phases   ] GC(0)   Post Evacuate Collection Set: 0.5ms
[0.412s][info][gc,phases   ] GC(0)   Other: 0.8ms
[0.412s][info][gc,heap     ] GC(0) Eden regions: 51->0(46)
[0.412s][info][gc,heap     ] GC(0) Survivor regions: 0->7(7)
[0.412s][info][gc,heap     ] GC(0) Old regions: 0->0
[0.412s][info][gc,heap     ] GC(0) Humongous regions: 0->0
[0.412s][info][gc,metaspace] GC(0) Metaspace: 1638K(1728K)->1638K(1728K) NonClass: 1498K(1536K)->1498K(1536K) Class: 139K(192K)->139K(192K)
[0.412s][info][gc          ] GC(0) Pause Young (Normal) (G1 Evacuation Pause) 101M->12M(2048M) 6.956ms
[0.412s][info][gc,cpu      ] GC(0) User=0.00s Sys=0.00s Real=0.01s
[0.524s][info][gc,start    ] GC(1) Pause Young (Normal) (G1 Evacuation Pause)
[0.524s][info][gc,task     ] GC(1) Using 10 workers of 10 for evacuation
[0.529s][info][gc,phases   ] GC(1)   Pre Evacuate Collection Set: 0.2ms
[0.529s][info][gc,phases   ] GC(1)   Merge Heap Roots: 0.1ms
[0.529s][info][gc,phases   ] GC(1)   Evacuate Collection Set: 4.4ms
[0.529s][info][gc,phases   ] GC(1)   Post Evacuate Collection Set: 0.3ms
[0.529s][info][gc,phases   ] GC(1)   Other: 0.1ms
[0.529s][info][gc,heap     ] GC(1) Eden regions: 46->0(58)
[0.529s][info][gc,heap     ] GC(1) Survivor regions: 7->3(7)
[0.529s][info][gc,heap     ] GC(1) Old regions: 0->4
[0.529s][info][gc,heap     ] GC(1) Humongous regions: 0->0
[0.529s][info][gc,metaspace] GC(1) Metaspace: 1654K(1728K)->1654K(1728K) NonClass: 1514K(1536K)->1514K(1536K) Class: 139K(192K)->139K(192K)
[0.529s][info][gc          ] GC(1) Pause Young (Normal) (G1 Evacuation Pause) 104M->11M(2048M) 5.318ms
[0.529s][info][gc,cpu      ] GC(1) User=0.11s Sys=0.03s Real=0.00s
[0.692s][info][gc,start    ] GC(2) Pause Young (Normal) (G1 Evacuation Pause)
[0.692s][info][gc,task     ] GC(2) Using 10 workers of 10 for evacuation
[0.698s][info][gc,phases   ] GC(2)   Pre Evacuate Collection Set: 0.2ms
[0.698s][info][gc,phases   ] GC(2)   Merge Heap Roots: 0.2ms
[0.698s][info][gc,phases   ] GC(2)   Evacuate Collection Set: 5.6ms
[0.698s][info][gc,phases   ] GC(2)   Post Evacuate Collection Set: 0.3ms
[0.698s][info][gc,phases   ] GC(2)   Other: 0.1ms
[0.698s][info][gc,heap     ] GC(2) Eden regions: 58->0(67)
[0.698s][info][gc,heap     ] GC(2) Survivor regions: 3->6(8)
[0.698s][info][gc,heap     ] GC(2) Old regions: 4->4
[0.698s][info][gc,heap     ] GC(2) Humongous regions: 2->1
[0.698s][info][gc,metaspace] GC(2) Metaspace: 1683K(1792K)->1683K(1792K) NonClass: 1544K(1600K)->1544K(1600K) Class: 139K(192K)->139K(192K)
[0.698s][info][gc          ] GC(2) Pause Young (Normal) (G1 Evacuation Pause) 131M->19M(2048M) 6.655ms
[0.698s][info][gc,cpu      ] GC(2) User=0.00s Sys=0.00s Real=0.01s
[0.797s][info][gc,start    ] GC(3) Pause Young (Normal) (G1 Evacuation Pause)
[0.797s][info][gc,task     ] GC(3) Using 10 workers of 10 for evacuation
[0.805s][info][gc,phases   ] GC(3)   Pre Evacuate Collection Set: 0.2ms
[0.805s][info][gc,phases   ] GC(3)   Merge Heap Roots: 0.1ms
[0.805s][info][gc,phases   ] GC(3)   Evacuate Collection Set: 7.4ms
[0.805s][info][gc,phases   ] GC(3)   Post Evacuate Collection Set: 0.3ms
[0.805s][info][gc,phases   ] GC(3)   Other: 0.1ms
[0.805s][info][gc,heap     ] GC(3) Eden regions: 64->0(130)
[0.805s][info][gc,heap     ] GC(3) Survivor regions: 6->6(9)
[0.805s][info][gc,heap     ] GC(3) Old regions: 4->6
[0.805s][info][gc,heap     ] GC(3) Humongous regions: 1->1
[0.805s][info][gc,metaspace] GC(3) Metaspace: 1693K(1792K)->1693K(1792K) NonClass: 1554K(1600K)->1554K(1600K) Class: 139K(192K)->139K(192K)
[0.805s][info][gc          ] GC(3) Pause Young (Normal) (G1 Evacuation Pause) 147M->24M(2048M) 8.344ms
[0.805s][info][gc,cpu      ] GC(3) User=0.00s Sys=0.00s Real=0.01s
[0.908s][info][gc,start    ] GC(4) Pause Young (Normal) (G1 Evacuation Pause)
[0.908s][info][gc,task     ] GC(4) Using 10 workers of 10 for evacuation
[0.919s][info][gc,phases   ] GC(4)   Pre Evacuate Collection Set: 0.2ms
[0.919s][info][gc,phases   ] GC(4)   Merge Heap Roots: 0.2ms
[0.919s][info][gc,phases   ] GC(4)   Evacuate Collection Set: 9.8ms
[0.919s][info][gc,phases   ] GC(4)   Post Evacuate Collection Set: 0.3ms
[0.919s][info][gc,phases   ] GC(4)   Other: 0.1ms
[0.919s][info][gc,heap     ] GC(4) Eden regions: 79->0(164)
[0.919s][info][gc,heap     ] GC(4) Survivor regions: 6->11(11)
[0.919s][info][gc,heap     ] GC(4) Old regions: 6->7
[0.919s][info][gc,heap     ] GC(4) Humongous regions: 3->3
[0.919s][info][gc,metaspace] GC(4) Metaspace: 1702K(1792K)->1702K(1792K) NonClass: 1563K(1600K)->1563K(1600K) Class: 139K(192K)->139K(192K)
[0.919s][info][gc          ] GC(4) Pause Young (Normal) (G1 Evacuation Pause) 186M->41M(2048M) 10.754ms
[0.919s][info][gc,cpu      ] GC(4) User=0.00s Sys=0.00s Real=0.01s
[1.084s][info][gc,start    ] GC(5) Pause Young (Normal) (G1 Evacuation Pause)
[1.084s][info][gc,task     ] GC(5) Using 10 workers of 10 for evacuation
[1.099s][info][gc,phases   ] GC(5)   Pre Evacuate Collection Set: 0.2ms
[1.099s][info][gc,phases   ] GC(5)   Merge Heap Roots: 0.1ms
[1.099s][info][gc,phases   ] GC(5)   Evacuate Collection Set: 13.3ms
[1.099s][info][gc,phases   ] GC(5)   Post Evacuate Collection Set: 0.4ms
[1.099s][info][gc,phases   ] GC(5)   Other: 0.1ms
[1.099s][info][gc,heap     ] GC(5) Eden regions: 156->0(108)
[1.099s][info][gc,heap     ] GC(5) Survivor regions: 11->21(21)
[1.099s][info][gc,heap     ] GC(5) Old regions: 7->10
[1.099s][info][gc,heap     ] GC(5) Humongous regions: 3->3
[1.099s][info][gc,metaspace] GC(5) Metaspace: 1712K(1792K)->1712K(1792K) NonClass: 1573K(1600K)->1573K(1600K) Class: 139K(192K)->139K(192K)
[1.099s][info][gc          ] GC(5) Pause Young (Normal) (G1 Evacuation Pause) 353M->66M(2048M) 14.392ms
[1.099s][info][gc,cpu      ] GC(5) User=0.09s Sys=0.06s Real=0.02s
[1.171s][info][gc,start    ] GC(6) Pause Young (Normal) (G1 Evacuation Pause)
[1.171s][info][gc,task     ] GC(6) Using 10 workers of 10 for evacuation
[1.185s][info][gc,phases   ] GC(6)   Pre Evacuate Collection Set: 0.2ms
[1.186s][info][gc,phases   ] GC(6)   Merge Heap Roots: 0.2ms
[1.186s][info][gc,phases   ] GC(6)   Evacuate Collection Set: 13.6ms
[1.186s][info][gc,phases   ] GC(6)   Post Evacuate Collection Set: 0.4ms
[1.186s][info][gc,phases   ] GC(6)   Other: 0.1ms
[1.186s][info][gc,heap     ] GC(6) Eden regions: 87->0(165)
[1.186s][info][gc,heap     ] GC(6) Survivor regions: 21->12(14)
[1.186s][info][gc,heap     ] GC(6) Old regions: 10->26
[1.186s][info][gc,heap     ] GC(6) Humongous regions: 3->3
[1.186s][info][gc,metaspace] GC(6) Metaspace: 1712K(1792K)->1712K(1792K) NonClass: 1573K(1600K)->1573K(1600K) Class: 139K(192K)->139K(192K)
[1.186s][info][gc          ] GC(6) Pause Young (Normal) (G1 Evacuation Pause) 240M->78M(2048M) 14.744ms
[1.186s][info][gc,cpu      ] GC(6) User=0.11s Sys=0.03s Real=0.01s
[1.318s][info][gc,start    ] GC(7) Pause Young (Normal) (G1 Evacuation Pause)
[1.318s][info][gc,task     ] GC(7) Using 10 workers of 10 for evacuation
[1.330s][info][gc,phases   ] GC(7)   Pre Evacuate Collection Set: 0.2ms
[1.330s][info][gc,phases   ] GC(7)   Merge Heap Roots: 0.2ms
[1.330s][info][gc,phases   ] GC(7)   Evacuate Collection Set: 11.0ms
[1.330s][info][gc,phases   ] GC(7)   Post Evacuate Collection Set: 0.5ms
[1.330s][info][gc,phases   ] GC(7)   Other: 0.1ms
[1.330s][info][gc,heap     ] GC(7) Eden regions: 156->0(197)
[1.330s][info][gc,heap     ] GC(7) Survivor regions: 12->20(21)
[1.330s][info][gc,heap     ] GC(7) Old regions: 26->37
[1.330s][info][gc,heap     ] GC(7) Humongous regions: 3->3
[1.330s][info][gc,metaspace] GC(7) Metaspace: 1712K(1792K)->1712K(1792K) NonClass: 1573K(1600K)->1573K(1600K) Class: 139K(192K)->139K(192K)
[1.330s][info][gc          ] GC(7) Pause Young (Normal) (G1 Evacuation Pause) 390M->118M(2048M) 12.230ms
[1.330s][info][gc,cpu      ] GC(7) User=0.11s Sys=0.02s Real=0.01s
[1.474s][info][gc,start    ] GC(8) Pause Young (Normal) (G1 Evacuation Pause)
[1.474s][info][gc,task     ] GC(8) Using 10 workers of 10 for evacuation
[1.493s][info][gc,phases   ] GC(8)   Pre Evacuate Collection Set: 0.2ms
[1.493s][info][gc,phases   ] GC(8)   Merge Heap Roots: 0.2ms
[1.493s][info][gc,phases   ] GC(8)   Evacuate Collection Set: 17.6ms
[1.493s][info][gc,phases   ] GC(8)   Post Evacuate Collection Set: 1.1ms
[1.493s][info][gc,phases   ] GC(8)   Other: 0.1ms
[1.493s][info][gc,heap     ] GC(8) Eden regions: 170->0(207)
[1.493s][info][gc,heap     ] GC(8) Survivor regions: 20->22(24)
[1.493s][info][gc,heap     ] GC(8) Old regions: 37->56
[1.493s][info][gc,heap     ] GC(8) Humongous regions: 4->3
[1.493s][info][gc,metaspace] GC(8) Metaspace: 1712K(1792K)->1712K(1792K) NonClass: 1573K(1600K)->1573K(1600K) Class: 139K(192K)->139K(192K)
[1.493s][info][gc          ] GC(8) Pause Young (Normal) (G1 Evacuation Pause) 460M->159M(2196M) 19.471ms
[1.493s][info][gc,cpu      ] GC(8) User=0.14s Sys=0.03s Real=0.02s
[1.670s][info][gc,start    ] GC(9) Pause Young (Normal) (G1 Evacuation Pause)
[1.670s][info][gc,task     ] GC(9) Using 10 workers of 10 for evacuation
[1.689s][info][gc,phases   ] GC(9)   Pre Evacuate Collection Set: 0.2ms
[1.689s][info][gc,phases   ] GC(9)   Merge Heap Roots: 0.2ms
[1.689s][info][gc,phases   ] GC(9)   Evacuate Collection Set: 17.8ms
[1.689s][info][gc,phases   ] GC(9)   Post Evacuate Collection Set: 0.5ms
[1.689s][info][gc,phases   ] GC(9)   Other: 0.1ms
[1.689s][info][gc,heap     ] GC(9) Eden regions: 193->0(235)
[1.689s][info][gc,heap     ] GC(9) Survivor regions: 22->25(27)
[1.689s][info][gc,heap     ] GC(9) Old regions: 56->77
[1.689s][info][gc,heap     ] GC(9) Humongous regions: 6->6
[1.689s][info][gc,metaspace] GC(9) Metaspace: 1712K(1792K)->1712K(1792K) NonClass: 1573K(1600K)->1573K(1600K) Class: 139K(192K)->139K(192K)
[1.689s][info][gc          ] GC(9) Pause Young (Normal) (G1 Evacuation Pause) 551M->214M(2196M) 19.130ms
[1.689s][info][gc,cpu      ] GC(9) User=0.12s Sys=0.03s Real=0.02s
[1.874s][info][gc,start    ] GC(10) Pause Young (Normal) (G1 Evacuation Pause)
[1.874s][info][gc,task     ] GC(10) Using 10 workers of 10 for evacuation
[1.896s][info][gc,phases   ] GC(10)   Pre Evacuate Collection Set: 0.2ms
[1.896s][info][gc,phases   ] GC(10)   Merge Heap Roots: 0.2ms
[1.896s][info][gc,phases   ] GC(10)   Evacuate Collection Set: 20.6ms
[1.896s][info][gc,phases   ] GC(10)   Post Evacuate Collection Set: 0.5ms
[1.896s][info][gc,phases   ] GC(10)   Other: 0.1ms
[1.896s][info][gc,heap     ] GC(10) Eden regions: 229->0(629)
[1.896s][info][gc,heap     ] GC(10) Survivor regions: 25->29(32)
[1.896s][info][gc,heap     ] GC(10) Old regions: 77->102
[1.896s][info][gc,heap     ] GC(10) Humongous regions: 7->6
[1.896s][info][gc,metaspace] GC(10) Metaspace: 1712K(1792K)->1712K(1792K) NonClass: 1573K(1600K)->1573K(1600K) Class: 139K(192K)->139K(192K)
[1.896s][info][gc          ] GC(10) Pause Young (Normal) (G1 Evacuation Pause) 674M->272M(2196M) 21.820ms
[1.896s][info][gc,cpu      ] GC(10) User=0.11s Sys=0.02s Real=0.02s
[2.370s][info][gc,start    ] GC(11) Pause Young (Normal) (G1 Evacuation Pause)
[2.370s][info][gc,task     ] GC(11) Using 10 workers of 10 for evacuation
[2.406s][info][gc,phases   ] GC(11)   Pre Evacuate Collection Set: 0.2ms
[2.406s][info][gc,phases   ] GC(11)   Merge Heap Roots: 0.3ms
[2.406s][info][gc,phases   ] GC(11)   Evacuate Collection Set: 34.3ms
[2.406s][info][gc,phases   ] GC(11)   Post Evacuate Collection Set: 0.7ms
[2.406s][info][gc,phases   ] GC(11)   Other: 0.1ms
[2.406s][info][gc,heap     ] GC(11) Eden regions: 503->0(362)
[2.406s][info][gc,heap     ] GC(11) Survivor regions: 29->67(67)
[2.406s][info][gc,heap     ] GC(11) Old regions: 102->123
[2.406s][info][gc,heap     ] GC(11) Humongous regions: 6->6
[2.406s][info][gc,metaspace] GC(11) Metaspace: 1712K(1792K)->1712K(1792K) NonClass: 1573K(1600K)->1573K(1600K) Class: 139K(192K)->139K(192K)
[2.406s][info][gc          ] GC(11) Pause Young (Normal) (G1 Evacuation Pause) 1278M->391M(2196M) 35.879ms
[2.406s][info][gc,cpu      ] GC(11) User=0.36s Sys=0.08s Real=0.04s
[2.700s][info][gc,start    ] GC(12) Pause Young (Normal) (G1 Evacuation Pause)
[2.700s][info][gc,task     ] GC(12) Using 10 workers of 10 for evacuation
[2.731s][info][gc,phases   ] GC(12)   Pre Evacuate Collection Set: 0.3ms
[2.731s][info][gc,phases   ] GC(12)   Merge Heap Roots: 0.2ms
[2.731s][info][gc,phases   ] GC(12)   Evacuate Collection Set: 29.8ms
[2.731s][info][gc,phases   ] GC(12)   Post Evacuate Collection Set: 0.6ms
[2.731s][info][gc,phases   ] GC(12)   Other: 0.1ms
[2.731s][info][gc,heap     ] GC(12) Eden regions: 339->0(418)
[2.731s][info][gc,heap     ] GC(12) Survivor regions: 67->42(51)
[2.731s][info][gc,heap     ] GC(12) Old regions: 123->181
[2.731s][info][gc,heap     ] GC(12) Humongous regions: 6->6
[2.731s][info][gc,metaspace] GC(12) Metaspace: 1712K(1792K)->1712K(1792K) NonClass: 1573K(1600K)->1573K(1600K) Class: 139K(192K)->139K(192K)
[2.731s][info][gc          ] GC(12) Pause Young (Normal) (G1 Evacuation Pause) 1069M->456M(2196M) 31.257ms
[2.731s][info][gc,cpu      ] GC(12) User=0.12s Sys=0.03s Real=0.03s
[3.044s][info][gc,start    ] GC(13) Pause Young (Normal) (G1 Evacuation Pause)
[3.044s][info][gc,task     ] GC(13) Using 10 workers of 10 for evacuation
[3.077s][info][gc,phases   ] GC(13)   Pre Evacuate Collection Set: 0.2ms
[3.078s][info][gc,phases   ] GC(13)   Merge Heap Roots: 0.3ms
[3.078s][info][gc,phases   ] GC(13)   Evacuate Collection Set: 31.5ms
[3.078s][info][gc,phases   ] GC(13)   Post Evacuate Collection Set: 1.2ms
[3.078s][info][gc,phases   ] GC(13)   Other: 0.1ms
[3.078s][info][gc,heap     ] GC(13) Eden regions: 384->0(614)
[3.078s][info][gc,heap     ] GC(13) Survivor regions: 42->51(54)
[3.078s][info][gc,heap     ] GC(13) Old regions: 181->221
[3.078s][info][gc,heap     ] GC(13) Humongous regions: 12->12
[3.078s][info][gc,metaspace] GC(13) Metaspace: 1712K(1792K)->1712K(1792K) NonClass: 1573K(1600K)->1573K(1600K) Class: 139K(192K)->139K(192K)
[3.078s][info][gc          ] GC(13) Pause Young (Normal) (G1 Evacuation Pause) 1236M->564M(2328M) 33.464ms
[3.078s][info][gc,cpu      ] GC(13) User=0.25s Sys=0.05s Real=0.03s
[3.607s][info][gc,start    ] GC(14) Pause Young (Normal) (G1 Evacuation Pause)
[3.607s][info][gc,task     ] GC(14) Using 10 workers of 10 for evacuation
[3.647s][info][gc,phases   ] GC(14)   Pre Evacuate Collection Set: 0.2ms
[3.647s][info][gc,phases   ] GC(14)   Merge Heap Roots: 0.3ms
[3.647s][info][gc,phases   ] GC(14)   Evacuate Collection Set: 37.7ms
[3.647s][info][gc,phases   ] GC(14)   Post Evacuate Collection Set: 0.7ms
[3.647s][info][gc,phases   ] GC(14)   Other: 0.1ms
[3.647s][info][gc,heap     ] GC(14) Eden regions: 591->0(600)
[3.647s][info][gc,heap     ] GC(14) Survivor regions: 51->74(81)
[3.647s][info][gc,heap     ] GC(14) Old regions: 221->271
[3.647s][info][gc,heap     ] GC(14) Humongous regions: 14->11
[3.647s][info][gc,metaspace] GC(14) Metaspace: 1731K(1856K)->1731K(1856K) NonClass: 1591K(1664K)->1591K(1664K) Class: 140K(192K)->140K(192K)
[3.647s][info][gc          ] GC(14) Pause Young (Normal) (G1 Evacuation Pause) 1750M->709M(2328M) 39.400ms
[3.647s][info][gc,cpu      ] GC(14) User=0.30s Sys=0.02s Real=0.04s
[4.133s][info][gc,start    ] GC(15) Pause Young (Normal) (G1 Evacuation Pause)
[4.133s][info][gc,task     ] GC(15) Using 10 workers of 10 for evacuation
[4.175s][info][gc,phases   ] GC(15)   Pre Evacuate Collection Set: 0.2ms
[4.175s][info][gc,phases   ] GC(15)   Merge Heap Roots: 0.4ms
[4.175s][info][gc,phases   ] GC(15)   Evacuate Collection Set: 40.3ms
[4.175s][info][gc,phases   ] GC(15)   Post Evacuate Collection Set: 0.7ms
[4.175s][info][gc,phases   ] GC(15)   Other: 0.1ms
[4.175s][info][gc,heap     ] GC(15) Eden regions: 582->0(552)
[4.175s][info][gc,heap     ] GC(15) Survivor regions: 74->72(82)
[4.175s][info][gc,heap     ] GC(15) Old regions: 271->343
[4.175s][info][gc,heap     ] GC(15) Humongous regions: 15->11
[4.175s][info][gc,metaspace] GC(15) Metaspace: 1731K(1856K)->1731K(1856K) NonClass: 1591K(1664K)->1591K(1664K) Class: 140K(192K)->140K(192K)
[4.175s][info][gc          ] GC(15) Pause Young (Normal) (G1 Evacuation Pause) 1881M->850M(2328M) 42.007ms
[4.175s][info][gc,cpu      ] GC(15) User=0.47s Sys=0.00s Real=0.04s
[4.638s][info][gc,start    ] GC(16) Pause Young (Normal) (G1 Evacuation Pause)
[4.638s][info][gc,task     ] GC(16) Using 10 workers of 10 for evacuation
[4.679s][info][gc,phases   ] GC(16)   Pre Evacuate Collection Set: 0.2ms
[4.679s][info][gc,phases   ] GC(16)   Merge Heap Roots: 0.3ms
[4.679s][info][gc,phases   ] GC(16)   Evacuate Collection Set: 39.6ms
[4.679s][info][gc,phases   ] GC(16)   Post Evacuate Collection Set: 0.8ms
[4.679s][info][gc,phases   ] GC(16)   Other: 0.1ms
[4.679s][info][gc,heap     ] GC(16) Eden regions: 552->0(502)
[4.679s][info][gc,heap     ] GC(16) Survivor regions: 72->70(78)
[4.679s][info][gc,heap     ] GC(16) Old regions: 343->416
[4.679s][info][gc,heap     ] GC(16) Humongous regions: 19->11
[4.679s][info][gc,metaspace] GC(16) Metaspace: 1732K(1856K)->1732K(1856K) NonClass: 1591K(1664K)->1591K(1664K) Class: 140K(192K)->140K(192K)
[4.679s][info][gc          ] GC(16) Pause Young (Normal) (G1 Evacuation Pause) 1970M->992M(2328M) 41.346ms
[4.679s][info][gc,cpu      ] GC(16) User=0.27s Sys=0.05s Real=0.04s
[5.095s][info][gc,start    ] GC(17) Pause Young (Normal) (G1 Evacuation Pause)
[5.095s][info][gc,task     ] GC(17) Using 10 workers of 10 for evacuation
[5.132s][info][gc,phases   ] GC(17)   Pre Evacuate Collection Set: 0.3ms
[5.133s][info][gc,phases   ] GC(17)   Merge Heap Roots: 0.3ms
[5.133s][info][gc,phases   ] GC(17)   Evacuate Collection Set: 35.2ms
[5.133s][info][gc,phases   ] GC(17)   Post Evacuate Collection Set: 1.1ms
[5.133s][info][gc,phases   ] GC(17)   Other: 0.1ms
[5.133s][info][gc,heap     ] GC(17) Eden regions: 502->0(452)
[5.133s][info][gc,heap     ] GC(17) Survivor regions: 70->64(72)
[5.133s][info][gc,heap     ] GC(17) Old regions: 416->486
[5.133s][info][gc,heap     ] GC(17) Humongous regions: 14->11
[5.133s][info][gc,metaspace] GC(17) Metaspace: 1733K(1856K)->1733K(1856K) NonClass: 1593K(1664K)->1593K(1664K) Class: 140K(192K)->140K(192K)
[5.133s][info][gc          ] GC(17) Pause Young (Normal) (G1 Evacuation Pause) 2002M->1121M(2328M) 37.228ms
[5.133s][info][gc,cpu      ] GC(17) User=0.31s Sys=0.02s Real=0.04s
[5.514s][info][gc,start    ] GC(18) Pause Young (Normal) (G1 Evacuation Pause)
[5.514s][info][gc,task     ] GC(18) Using 10 workers of 10 for evacuation
[5.548s][info][gc,phases   ] GC(18)   Pre Evacuate Collection Set: 0.2ms
[5.548s][info][gc,phases   ] GC(18)   Merge Heap Roots: 0.3ms
[5.548s][info][gc,phases   ] GC(18)   Evacuate Collection Set: 31.7ms
[5.548s][info][gc,phases   ] GC(18)   Post Evacuate Collection Set: 0.9ms
[5.548s][info][gc,phases   ] GC(18)   Other: 0.1ms
[5.548s][info][gc,heap     ] GC(18) Eden regions: 452->0(437)
[5.548s][info][gc,heap     ] GC(18) Survivor regions: 64->56(65)
[5.548s][info][gc,heap     ] GC(18) Old regions: 486->549
[5.548s][info][gc,heap     ] GC(18) Humongous regions: 13->11
[5.548s][info][gc,metaspace] GC(18) Metaspace: 1734K(1856K)->1734K(1856K) NonClass: 1593K(1664K)->1593K(1664K) Class: 140K(192K)->140K(192K)
[5.548s][info][gc          ] GC(18) Pause Young (Normal) (G1 Evacuation Pause) 2029M->1230M(2400M) 33.410ms
[5.548s][info][gc,cpu      ] GC(18) User=0.27s Sys=0.02s Real=0.03s
[5.915s][info][gc,start    ] GC(19) Pause Young (Concurrent Start) (G1 Evacuation Pause)
[5.915s][info][gc,task     ] GC(19) Using 10 workers of 10 for evacuation
[5.947s][info][gc,phases   ] GC(19)   Pre Evacuate Collection Set: 0.3ms
[5.947s][info][gc,phases   ] GC(19)   Merge Heap Roots: 0.3ms
[5.947s][info][gc,phases   ] GC(19)   Evacuate Collection Set: 29.9ms
[5.947s][info][gc,phases   ] GC(19)   Post Evacuate Collection Set: 0.7ms
[5.947s][info][gc,phases   ] GC(19)   Other: 0.1ms
[5.947s][info][gc,heap     ] GC(19) Eden regions: 437->0(396)
[5.947s][info][gc,heap     ] GC(19) Survivor regions: 56->55(62)
[5.947s][info][gc,heap     ] GC(19) Old regions: 549->604
[5.947s][info][gc,heap     ] GC(19) Humongous regions: 11->11
[5.947s][info][gc,metaspace] GC(19) Metaspace: 1741K(1856K)->1741K(1856K) NonClass: 1601K(1664K)->1601K(1664K) Class: 140K(192K)->140K(192K)
[5.947s][info][gc          ] GC(19) Pause Young (Concurrent Start) (G1 Evacuation Pause) 2104M->1339M(2400M) 31.608ms
[5.947s][info][gc,cpu      ] GC(19) User=0.31s Sys=0.00s Real=0.03s
[5.947s][info][gc          ] GC(20) Concurrent Mark Cycle
[5.947s][info][gc,marking  ] GC(20) Concurrent Scan Root Regions
[5.951s][info][gc,marking  ] GC(20) Concurrent Scan Root Regions 4.073ms
[5.951s][info][gc,marking  ] GC(20) Concurrent Mark
[5.951s][info][gc,marking  ] GC(20) Concurrent Mark From Roots
[5.951s][info][gc,task     ] GC(20) Using 3 workers of 3 for marking
[6.082s][info][gc,marking  ] GC(20) Concurrent Mark From Roots 130.704ms
[6.082s][info][gc,marking  ] GC(20) Concurrent Preclean
[6.082s][info][gc,marking  ] GC(20) Concurrent Preclean 0.032ms
[6.082s][info][gc,start    ] GC(20) Pause Remark
[6.084s][info][gc          ] GC(20) Pause Remark 1558M->1154M(2400M) 2.323ms
[6.085s][info][gc,cpu      ] GC(20) User=0.00s Sys=0.00s Real=0.00s
[6.085s][info][gc,marking  ] GC(20) Concurrent Mark 133.355ms
[6.085s][info][gc,marking  ] GC(20) Concurrent Rebuild Remembered Sets and Scrub Regions
[6.162s][info][gc,marking  ] GC(20) Concurrent Rebuild Remembered Sets and Scrub Regions 77.847ms
[6.163s][info][gc,start    ] GC(20) Pause Cleanup
[6.163s][info][gc          ] GC(20) Pause Cleanup 1286M->1286M(2400M) 0.398ms
[6.163s][info][gc,cpu      ] GC(20) User=0.00s Sys=0.00s Real=0.00s
[6.163s][info][gc,marking  ] GC(20) Concurrent Clear Claimed Marks
[6.163s][info][gc,marking  ] GC(20) Concurrent Clear Claimed Marks 0.045ms
[6.163s][info][gc,marking  ] GC(20) Concurrent Cleanup for Next Mark
[6.168s][info][gc,marking  ] GC(20) Concurrent Cleanup for Next Mark 4.617ms
[6.168s][info][gc          ] GC(20) Concurrent Mark Cycle 220.819ms
[6.363s][info][gc,start    ] GC(21) Pause Young (Prepare Mixed) (G1 Evacuation Pause)
[6.364s][info][gc,task     ] GC(21) Using 10 workers of 10 for evacuation
[6.407s][info][gc,phases   ] GC(21)   Pre Evacuate Collection Set: 0.2ms
[6.407s][info][gc,phases   ] GC(21)   Merge Heap Roots: 0.5ms
[6.407s][info][gc,phases   ] GC(21)   Evacuate Collection Set: 41.6ms
[6.407s][info][gc,phases   ] GC(21)   Post Evacuate Collection Set: 0.6ms
[6.407s][info][gc,phases   ] GC(21)   Other: 0.1ms
[6.407s][info][gc,heap     ] GC(21) Eden regions: 396->0(484)
[6.407s][info][gc,heap     ] GC(21) Survivor regions: 55->54(57)
[6.407s][info][gc,heap     ] GC(21) Old regions: 408->461
[6.407s][info][gc,heap     ] GC(21) Humongous regions: 15->14
[6.407s][info][gc,metaspace] GC(21) Metaspace: 1742K(1856K)->1742K(1856K) NonClass: 1602K(1664K)->1602K(1664K) Class: 140K(192K)->140K(192K)
[6.407s][info][gc          ] GC(21) Pause Young (Prepare Mixed) (G1 Evacuation Pause) 1747M->1057M(2400M) 43.322ms
[6.407s][info][gc,cpu      ] GC(21) User=0.45s Sys=0.00s Real=0.04s
[6.818s][info][gc,start    ] GC(22) Pause Young (Mixed) (G1 Evacuation Pause)
[6.818s][info][gc,task     ] GC(22) Using 10 workers of 10 for evacuation
[6.855s][info][gc,phases   ] GC(22)   Pre Evacuate Collection Set: 0.3ms
[6.855s][info][gc,phases   ] GC(22)   Merge Heap Roots: 0.3ms
[6.855s][info][gc,phases   ] GC(22)   Evacuate Collection Set: 35.8ms
[6.855s][info][gc,phases   ] GC(22)   Post Evacuate Collection Set: 0.7ms
[6.855s][info][gc,phases   ] GC(22)   Other: 0.1ms
[6.855s][info][gc,heap     ] GC(22) Eden regions: 484->0(456)
[6.855s][info][gc,heap     ] GC(22) Survivor regions: 54->61(68)
[6.855s][info][gc,heap     ] GC(22) Old regions: 461->502
[6.855s][info][gc,heap     ] GC(22) Humongous regions: 17->14
[6.855s][info][gc,metaspace] GC(22) Metaspace: 1742K(1856K)->1742K(1856K) NonClass: 1602K(1664K)->1602K(1664K) Class: 140K(192K)->140K(192K)
[6.855s][info][gc          ] GC(22) Pause Young (Mixed) (G1 Evacuation Pause) 2031M->1152M(2400M) 37.431ms
[6.855s][info][gc,cpu      ] GC(22) User=0.31s Sys=0.00s Real=0.04s
[7.231s][info][gc,start    ] GC(23) Pause Young (Normal) (G1 Evacuation Pause)
[7.231s][info][gc,task     ] GC(23) Using 10 workers of 10 for evacuation
[7.264s][info][gc,phases   ] GC(23)   Pre Evacuate Collection Set: 0.2ms
[7.264s][info][gc,phases   ] GC(23)   Merge Heap Roots: 0.3ms
[7.264s][info][gc,phases   ] GC(23)   Evacuate Collection Set: 31.4ms
[7.264s][info][gc,phases   ] GC(23)   Post Evacuate Collection Set: 0.9ms
[7.264s][info][gc,phases   ] GC(23)   Other: 0.1ms
[7.264s][info][gc,heap     ] GC(23) Eden regions: 456->0(419)
[7.264s][info][gc,heap     ] GC(23) Survivor regions: 61->58(65)
[7.264s][info][gc,heap     ] GC(23) Old regions: 502->562
[7.264s][info][gc,heap     ] GC(23) Humongous regions: 16->14
[7.264s][info][gc,metaspace] GC(23) Metaspace: 1742K(1856K)->1742K(1856K) NonClass: 1602K(1664K)->1602K(1664K) Class: 140K(192K)->140K(192K)
[7.264s][info][gc          ] GC(23) Pause Young (Normal) (G1 Evacuation Pause) 2068M->1265M(2400M) 33.193ms
[7.264s][info][gc,cpu      ] GC(23) User=0.47s Sys=0.00s Real=0.03s
[7.288s][info][gc,start    ] GC(24) Pause Young (Concurrent Start) (G1 Humongous Allocation)
[7.288s][info][gc,task     ] GC(24) Using 10 workers of 10 for evacuation
[7.306s][info][gc,phases   ] GC(24)   Pre Evacuate Collection Set: 0.2ms
[7.306s][info][gc,phases   ] GC(24)   Merge Heap Roots: 0.2ms
[7.306s][info][gc,phases   ] GC(24)   Evacuate Collection Set: 16.2ms
[7.306s][info][gc,phases   ] GC(24)   Post Evacuate Collection Set: 1.1ms
[7.306s][info][gc,phases   ] GC(24)   Other: 0.2ms
[7.306s][info][gc,heap     ] GC(24) Eden regions: 23->0(479)
[7.306s][info][gc,heap     ] GC(24) Survivor regions: 58->5(60)
[7.306s][info][gc,heap     ] GC(24) Old regions: 562->619
[7.306s][info][gc,heap     ] GC(24) Humongous regions: 14->14
[7.306s][info][gc,metaspace] GC(24) Metaspace: 1742K(1856K)->1742K(1856K) NonClass: 1602K(1664K)->1602K(1664K) Class: 140K(192K)->140K(192K)
[7.306s][info][gc          ] GC(24) Pause Young (Concurrent Start) (G1 Humongous Allocation) 1310M->1276M(2524M) 18.118ms
[7.306s][info][gc,cpu      ] GC(24) User=0.16s Sys=0.00s Real=0.02s
[7.306s][info][gc          ] GC(25) Concurrent Mark Cycle
[7.306s][info][gc,marking  ] GC(25) Concurrent Scan Root Regions
[7.309s][info][gc,marking  ] GC(25) Concurrent Scan Root Regions 2.240ms
[7.309s][info][gc,marking  ] GC(25) Concurrent Mark
[7.309s][info][gc,marking  ] GC(25) Concurrent Mark From Roots
[7.309s][info][gc,task     ] GC(25) Using 3 workers of 3 for marking
[7.461s][info][gc,marking  ] GC(25) Concurrent Mark From Roots 152.286ms
[7.461s][info][gc,marking  ] GC(25) Concurrent Preclean
[7.461s][info][gc,marking  ] GC(25) Concurrent Preclean 0.035ms
[7.461s][info][gc,start    ] GC(25) Pause Remark
[7.465s][info][gc          ] GC(25) Pause Remark 1503M->1365M(2524M) 3.296ms
[7.465s][info][gc,cpu      ] GC(25) User=0.00s Sys=0.00s Real=0.00s
[7.465s][info][gc,marking  ] GC(25) Concurrent Mark 155.972ms
[7.465s][info][gc,marking  ] GC(25) Concurrent Rebuild Remembered Sets and Scrub Regions
[7.578s][info][gc,marking  ] GC(25) Concurrent Rebuild Remembered Sets and Scrub Regions 112.853ms
[7.578s][info][gc,start    ] GC(25) Pause Cleanup
[7.578s][info][gc          ] GC(25) Pause Cleanup 1561M->1561M(2524M) 0.349ms
[7.578s][info][gc,cpu      ] GC(25) User=0.00s Sys=0.00s Real=0.00s
[7.578s][info][gc,marking  ] GC(25) Concurrent Clear Claimed Marks
[7.578s][info][gc,marking  ] GC(25) Concurrent Clear Claimed Marks 0.029ms
[7.578s][info][gc,marking  ] GC(25) Concurrent Cleanup for Next Mark
[7.582s][info][gc,marking  ] GC(25) Concurrent Cleanup for Next Mark 3.687ms
[7.582s][info][gc          ] GC(25) Concurrent Mark Cycle 275.535ms
[7.802s][info][gc,start    ] GC(26) Pause Young (Prepare Mixed) (G1 Evacuation Pause)
[7.802s][info][gc,task     ] GC(26) Using 10 workers of 10 for evacuation
[7.820s][info][gc,phases   ] GC(26)   Pre Evacuate Collection Set: 0.2ms
[7.820s][info][gc,phases   ] GC(26)   Merge Heap Roots: 0.4ms
[7.820s][info][gc,phases   ] GC(26)   Evacuate Collection Set: 17.1ms
[7.820s][info][gc,phases   ] GC(26)   Post Evacuate Collection Set: 0.6ms
[7.820s][info][gc,phases   ] GC(26)   Other: 0.1ms
[7.820s][info][gc,heap     ] GC(26) Eden regions: 479->0(485)
[7.820s][info][gc,heap     ] GC(26) Survivor regions: 5->61(61)
[7.820s][info][gc,heap     ] GC(26) Old regions: 555->555
[7.820s][info][gc,heap     ] GC(26) Humongous regions: 11->9
[7.820s][info][gc,metaspace] GC(26) Metaspace: 1742K(1856K)->1742K(1856K) NonClass: 1602K(1664K)->1602K(1664K) Class: 140K(192K)->140K(192K)
[7.820s][info][gc          ] GC(26) Pause Young (Prepare Mixed) (G1 Evacuation Pause) 2100M->1249M(2524M) 18.643ms
[7.820s][info][gc,cpu      ] GC(26) User=0.16s Sys=0.00s Real=0.02s
[8.221s][info][gc,start    ] GC(27) Pause Young (Mixed) (G1 Evacuation Pause)
[8.221s][info][gc,task     ] GC(27) Using 10 workers of 10 for evacuation
[8.256s][info][gc,phases   ] GC(27)   Pre Evacuate Collection Set: 0.3ms
[8.256s][info][gc,phases   ] GC(27)   Merge Heap Roots: 0.4ms
[8.256s][info][gc,phases   ] GC(27)   Evacuate Collection Set: 34.2ms
[8.256s][info][gc,phases   ] GC(27)   Post Evacuate Collection Set: 0.8ms
[8.256s][info][gc,phases   ] GC(27)   Other: 0.1ms
[8.256s][info][gc,heap     ] GC(27) Eden regions: 485->0(448)
[8.256s][info][gc,heap     ] GC(27) Survivor regions: 61->60(69)
[8.256s][info][gc,heap     ] GC(27) Old regions: 555->602
[8.256s][info][gc,heap     ] GC(27) Humongous regions: 11->9
[8.256s][info][gc,metaspace] GC(27) Metaspace: 1742K(1856K)->1742K(1856K) NonClass: 1602K(1664K)->1602K(1664K) Class: 140K(192K)->140K(192K)
[8.256s][info][gc          ] GC(27) Pause Young (Mixed) (G1 Evacuation Pause) 2223M->1338M(2524M) 35.961ms
[8.256s][info][gc,cpu      ] GC(27) User=0.31s Sys=0.00s Real=0.04s
[8.417s][info][gc,start    ] GC(28) Pause Young (Concurrent Start) (G1 Humongous Allocation)
[8.417s][info][gc,task     ] GC(28) Using 10 workers of 10 for evacuation
[8.440s][info][gc,phases   ] GC(28)   Pre Evacuate Collection Set: 0.2ms
[8.440s][info][gc,phases   ] GC(28)   Merge Heap Roots: 0.2ms
[8.440s][info][gc,phases   ] GC(28)   Evacuate Collection Set: 22.2ms
[8.440s][info][gc,phases   ] GC(28)   Post Evacuate Collection Set: 0.6ms
[8.440s][info][gc,phases   ] GC(28)   Other: 0.1ms
[8.440s][info][gc,heap     ] GC(28) Eden regions: 197->0(437)
[8.440s][info][gc,heap     ] GC(28) Survivor regions: 60->26(64)
[8.440s][info][gc,heap     ] GC(28) Old regions: 602->663
[8.440s][info][gc,heap     ] GC(28) Humongous regions: 9->9
[8.440s][info][gc,metaspace] GC(28) Metaspace: 1742K(1856K)->1742K(1856K) NonClass: 1602K(1664K)->1602K(1664K) Class: 140K(192K)->140K(192K)
[8.440s][info][gc          ] GC(28) Pause Young (Concurrent Start) (G1 Humongous Allocation) 1732M->1393M(2524M) 23.567ms
[8.441s][info][gc,cpu      ] GC(28) User=0.31s Sys=0.00s Real=0.02s
[8.441s][info][gc          ] GC(29) Concurrent Mark Cycle
[8.441s][info][gc,marking  ] GC(29) Concurrent Scan Root Regions
[8.443s][info][gc,marking  ] GC(29) Concurrent Scan Root Regions 2.468ms
[8.443s][info][gc,marking  ] GC(29) Concurrent Mark
[8.443s][info][gc,marking  ] GC(29) Concurrent Mark From Roots
[8.443s][info][gc,task     ] GC(29) Using 3 workers of 3 for marking
[8.624s][info][gc,marking  ] GC(29) Concurrent Mark From Roots 181.351ms
[8.625s][info][gc,marking  ] GC(29) Concurrent Preclean
[8.625s][info][gc,marking  ] GC(29) Concurrent Preclean 0.024ms
[8.625s][info][gc,start    ] GC(29) Pause Remark
[8.626s][info][gc          ] GC(29) Pause Remark 1684M->1576M(2634M) 1.261ms
[8.626s][info][gc,cpu      ] GC(29) User=0.00s Sys=0.00s Real=0.00s
[8.626s][info][gc,marking  ] GC(29) Concurrent Mark 182.936ms
[8.626s][info][gc,marking  ] GC(29) Concurrent Rebuild Remembered Sets and Scrub Regions
[8.746s][info][gc,marking  ] GC(29) Concurrent Rebuild Remembered Sets and Scrub Regions 120.409ms
[8.747s][info][gc,start    ] GC(29) Pause Cleanup
[8.747s][info][gc          ] GC(29) Pause Cleanup 1748M->1748M(2634M) 0.412ms
[8.747s][info][gc,cpu      ] GC(29) User=0.00s Sys=0.00s Real=0.00s
[8.747s][info][gc,marking  ] GC(29) Concurrent Clear Claimed Marks
[8.747s][info][gc,marking  ] GC(29) Concurrent Clear Claimed Marks 0.039ms
[8.747s][info][gc,marking  ] GC(29) Concurrent Cleanup for Next Mark
[8.751s][info][gc,marking  ] GC(29) Concurrent Cleanup for Next Mark 4.016ms
[8.751s][info][gc          ] GC(29) Concurrent Mark Cycle 310.739ms
[8.919s][info][gc,start    ] GC(30) Pause Young (Prepare Mixed) (G1 Evacuation Pause)
[8.919s][info][gc,task     ] GC(30) Using 10 workers of 10 for evacuation
[8.945s][info][gc,phases   ] GC(30)   Pre Evacuate Collection Set: 0.3ms
[8.945s][info][gc,phases   ] GC(30)   Merge Heap Roots: 0.4ms
[8.945s][info][gc,phases   ] GC(30)   Evacuate Collection Set: 24.8ms
[8.945s][info][gc,phases   ] GC(30)   Post Evacuate Collection Set: 0.6ms
[8.945s][info][gc,phases   ] GC(30)   Other: 0.1ms
[8.945s][info][gc,heap     ] GC(30) Eden regions: 437->0(481)
[8.945s][info][gc,heap     ] GC(30) Survivor regions: 26->58(58)
[8.945s][info][gc,heap     ] GC(30) Old regions: 609->627
[8.945s][info][gc,heap     ] GC(30) Humongous regions: 13->9
[8.945s][info][gc,metaspace] GC(30) Metaspace: 1742K(1856K)->1742K(1856K) NonClass: 1602K(1664K)->1602K(1664K) Class: 140K(192K)->140K(192K)
[8.945s][info][gc          ] GC(30) Pause Young (Prepare Mixed) (G1 Evacuation Pause) 2167M->1388M(2634M) 26.368ms
[8.945s][info][gc,cpu      ] GC(30) User=0.31s Sys=0.00s Real=0.03s
[9.598s][info][gc,start    ] GC(31) Pause Young (Mixed) (G1 Evacuation Pause)
[9.598s][info][gc,task     ] GC(31) Using 10 workers of 10 for evacuation
[9.630s][info][gc,phases   ] GC(31)   Pre Evacuate Collection Set: 0.3ms
[9.630s][info][gc,phases   ] GC(31)   Merge Heap Roots: 0.4ms
[9.630s][info][gc,phases   ] GC(31)   Evacuate Collection Set: 31.0ms
[9.630s][info][gc,phases   ] GC(31)   Post Evacuate Collection Set: 0.8ms
[9.630s][info][gc,phases   ] GC(31)   Other: 0.1ms
[9.630s][info][gc,heap     ] GC(31) Eden regions: 481->0(466)
[9.630s][info][gc,heap     ] GC(31) Survivor regions: 58->68(68)
[9.630s][info][gc,heap     ] GC(31) Old regions: 627->639
[9.630s][info][gc,heap     ] GC(31) Humongous regions: 10->9
[9.630s][info][gc,metaspace] GC(31) Metaspace: 1742K(1856K)->1742K(1856K) NonClass: 1602K(1664K)->1602K(1664K) Class: 140K(192K)->140K(192K)
[9.630s][info][gc          ] GC(31) Pause Young (Mixed) (G1 Evacuation Pause) 2352M->1431M(2634M) 32.844ms
[9.630s][info][gc,cpu      ] GC(31) User=0.31s Sys=0.00s Real=0.03s
[10.499s][info][gc,start    ] GC(32) Pause Young (Concurrent Start) (G1 Evacuation Pause)
[10.499s][info][gc,task     ] GC(32) Using 10 workers of 10 for evacuation
[10.536s][info][gc,phases   ] GC(32)   Pre Evacuate Collection Set: 0.3ms
[10.536s][info][gc,phases   ] GC(32)   Merge Heap Roots: 0.4ms
[10.536s][info][gc,phases   ] GC(32)   Evacuate Collection Set: 34.9ms
[10.536s][info][gc,phases   ] GC(32)   Post Evacuate Collection Set: 0.9ms
[10.536s][info][gc,phases   ] GC(32)   Other: 0.2ms
[10.536s][info][gc,heap     ] GC(32) Eden regions: 466->0(472)
[10.536s][info][gc,heap     ] GC(32) Survivor regions: 68->47(67)
[10.536s][info][gc,heap     ] GC(32) Old regions: 639->675
[10.536s][info][gc,heap     ] GC(32) Humongous regions: 9->9
[10.536s][info][gc,metaspace] GC(32) Metaspace: 1742K(1856K)->1742K(1856K) NonClass: 1602K(1664K)->1602K(1664K) Class: 140K(192K)->140K(192K)
[10.536s][info][gc          ] GC(32) Pause Young (Concurrent Start) (G1 Evacuation Pause) 2363M->1459M(2634M) 37.112ms
[10.536s][info][gc,cpu      ] GC(32) User=0.31s Sys=0.00s Real=0.04s
[10.536s][info][gc          ] GC(33) Concurrent Mark Cycle
[10.536s][info][gc,marking  ] GC(33) Concurrent Scan Root Regions
[10.545s][info][gc,marking  ] GC(33) Concurrent Scan Root Regions 9.071ms
[10.545s][info][gc,marking  ] GC(33) Concurrent Mark
[10.546s][info][gc,marking  ] GC(33) Concurrent Mark From Roots
[10.546s][info][gc,task     ] GC(33) Using 3 workers of 3 for marking
[10.730s][info][gc,marking  ] GC(33) Concurrent Mark From Roots 184.152ms
[10.730s][info][gc,marking  ] GC(33) Concurrent Preclean
[10.730s][info][gc,marking  ] GC(33) Concurrent Preclean 0.024ms
[10.730s][info][gc,start    ] GC(33) Pause Remark
[10.733s][info][gc          ] GC(33) Pause Remark 1629M->1415M(2634M) 3.367ms
[10.733s][info][gc,cpu      ] GC(33) User=0.06s Sys=0.00s Real=0.00s
[10.733s][info][gc,marking  ] GC(33) Concurrent Mark 187.894ms
[10.733s][info][gc,marking  ] GC(33) Concurrent Rebuild Remembered Sets and Scrub Regions
[10.864s][info][gc,marking  ] GC(33) Concurrent Rebuild Remembered Sets and Scrub Regions 130.939ms
[10.865s][info][gc,start    ] GC(33) Pause Cleanup
[10.865s][info][gc          ] GC(33) Pause Cleanup 1533M->1533M(2634M) 0.385ms
[10.865s][info][gc,cpu      ] GC(33) User=0.00s Sys=0.00s Real=0.00s
[10.865s][info][gc,marking  ] GC(33) Concurrent Clear Claimed Marks
[10.865s][info][gc,marking  ] GC(33) Concurrent Clear Claimed Marks 0.030ms
[10.865s][info][gc,marking  ] GC(33) Concurrent Cleanup for Next Mark
[10.868s][info][gc,marking  ] GC(33) Concurrent Cleanup for Next Mark 3.142ms
[10.868s][info][gc          ] GC(33) Concurrent Mark Cycle 331.920ms
[11.482s][info][gc,start    ] GC(34) Pause Young (Prepare Mixed) (G1 Evacuation Pause)
[11.482s][info][gc,task     ] GC(34) Using 10 workers of 10 for evacuation
[11.520s][info][gc,phases   ] GC(34)   Pre Evacuate Collection Set: 0.3ms
[11.520s][info][gc,phases   ] GC(34)   Merge Heap Roots: 0.7ms
[11.520s][info][gc,phases   ] GC(34)   Evacuate Collection Set: 35.5ms
[11.520s][info][gc,phases   ] GC(34)   Post Evacuate Collection Set: 0.9ms
[11.520s][info][gc,phases   ] GC(34)   Other: 0.1ms
[11.520s][info][gc,heap     ] GC(34) Eden regions: 472->0(577)
[11.520s][info][gc,heap     ] GC(34) Survivor regions: 47->23(65)
[11.520s][info][gc,heap     ] GC(34) Old regions: 568->603
[11.520s][info][gc,heap     ] GC(34) Humongous regions: 9->9
[11.520s][info][gc,metaspace] GC(34) Metaspace: 1742K(1856K)->1742K(1856K) NonClass: 1602K(1664K)->1602K(1664K) Class: 140K(192K)->140K(192K)
[11.520s][info][gc          ] GC(34) Pause Young (Prepare Mixed) (G1 Evacuation Pause) 2189M->1269M(2634M) 37.682ms
[11.520s][info][gc,cpu      ] GC(34) User=0.31s Sys=0.00s Real=0.04s
[12.597s][info][gc,start    ] GC(35) Pause Young (Mixed) (G1 Evacuation Pause)
[12.597s][info][gc,task     ] GC(35) Using 10 workers of 10 for evacuation
[12.638s][info][gc,phases   ] GC(35)   Pre Evacuate Collection Set: 0.3ms
[12.639s][info][gc,phases   ] GC(35)   Merge Heap Roots: 0.7ms
[12.639s][info][gc,phases   ] GC(35)   Evacuate Collection Set: 39.7ms
[12.639s][info][gc,phases   ] GC(35)   Post Evacuate Collection Set: 1.0ms
[12.639s][info][gc,phases   ] GC(35)   Other: 0.1ms
[12.639s][info][gc,heap     ] GC(35) Eden regions: 577->0(580)
[12.639s][info][gc,heap     ] GC(35) Survivor regions: 23->35(75)
[12.639s][info][gc,heap     ] GC(35) Old regions: 603->591
[12.639s][info][gc,heap     ] GC(35) Humongous regions: 9->9
[12.639s][info][gc,metaspace] GC(35) Metaspace: 1742K(1856K)->1742K(1856K) NonClass: 1602K(1664K)->1602K(1664K) Class: 140K(192K)->140K(192K)
[12.639s][info][gc          ] GC(35) Pause Young (Mixed) (G1 Evacuation Pause) 2423M->1269M(2634M) 42.013ms
[12.639s][info][gc,cpu      ] GC(35) User=0.31s Sys=0.00s Real=0.04s
[13.706s][info][gc,start    ] GC(36) Pause Young (Concurrent Start) (G1 Humongous Allocation)
[13.706s][info][gc,task     ] GC(36) Using 10 workers of 10 for evacuation
[13.752s][info][gc,phases   ] GC(36)   Pre Evacuate Collection Set: 0.3ms
[13.752s][info][gc,phases   ] GC(36)   Merge Heap Roots: 0.6ms
[13.753s][info][gc,phases   ] GC(36)   Evacuate Collection Set: 44.5ms
[13.753s][info][gc,phases   ] GC(36)   Post Evacuate Collection Set: 0.9ms
[13.753s][info][gc,phases   ] GC(36)   Other: 0.1ms
[13.753s][info][gc,heap     ] GC(36) Eden regions: 571->0(558)
[13.753s][info][gc,heap     ] GC(36) Survivor regions: 35->46(77)
[13.753s][info][gc,heap     ] GC(36) Old regions: 591->591
[13.753s][info][gc,heap     ] GC(36) Humongous regions: 9->9
[13.753s][info][gc,metaspace] GC(36) Metaspace: 1742K(1856K)->1742K(1856K) NonClass: 1602K(1664K)->1602K(1664K) Class: 140K(192K)->140K(192K)
[13.753s][info][gc          ] GC(36) Pause Young (Concurrent Start) (G1 Humongous Allocation) 2411M->1291M(2634M) 46.739ms
[13.753s][info][gc,cpu      ] GC(36) User=0.47s Sys=0.00s Real=0.05s
[13.753s][info][gc          ] GC(37) Concurrent Mark Cycle
[13.753s][info][gc,marking  ] GC(37) Concurrent Scan Root Regions
[13.771s][info][gc,marking  ] GC(37) Concurrent Scan Root Regions 17.814ms
[13.771s][info][gc,marking  ] GC(37) Concurrent Mark
[13.771s][info][gc,marking  ] GC(37) Concurrent Mark From Roots
[13.771s][info][gc,task     ] GC(37) Using 3 workers of 3 for marking
[14.013s][info][gc,marking  ] GC(37) Concurrent Mark From Roots 242.450ms
[14.013s][info][gc,marking  ] GC(37) Concurrent Preclean
[14.013s][info][gc,marking  ] GC(37) Concurrent Preclean 0.042ms
[14.013s][info][gc,start    ] GC(37) Pause Remark
[14.016s][info][gc          ] GC(37) Pause Remark 1477M->1139M(2634M) 2.470ms
[14.016s][info][gc,cpu      ] GC(37) User=0.00s Sys=0.00s Real=0.00s
[14.016s][info][gc,marking  ] GC(37) Concurrent Mark 245.304ms
[14.016s][info][gc,marking  ] GC(37) Concurrent Rebuild Remembered Sets and Scrub Regions
[14.200s][info][gc,marking  ] GC(37) Concurrent Rebuild Remembered Sets and Scrub Regions 184.193ms
[14.200s][info][gc,start    ] GC(37) Pause Cleanup
[14.201s][info][gc          ] GC(37) Pause Cleanup 1295M->1295M(2634M) 0.348ms
[14.201s][info][gc,cpu      ] GC(37) User=0.02s Sys=0.00s Real=0.00s
[14.201s][info][gc,marking  ] GC(37) Concurrent Clear Claimed Marks
[14.201s][info][gc,marking  ] GC(37) Concurrent Clear Claimed Marks 0.035ms
[14.201s][info][gc,marking  ] GC(37) Concurrent Cleanup for Next Mark
[14.204s][info][gc,marking  ] GC(37) Concurrent Cleanup for Next Mark 3.203ms
[14.204s][info][gc          ] GC(37) Concurrent Mark Cycle 451.390ms
[14.973s][info][gc,start    ] GC(38) Pause Young (Prepare Mixed) (G1 Evacuation Pause)
[14.973s][info][gc,task     ] GC(38) Using 10 workers of 10 for evacuation
[15.056s][info][gc,phases   ] GC(38)   Pre Evacuate Collection Set: 0.3ms
[15.056s][info][gc,phases   ] GC(38)   Merge Heap Roots: 1.4ms
[15.056s][info][gc,phases   ] GC(38)   Evacuate Collection Set: 80.4ms
[15.056s][info][gc,phases   ] GC(38)   Post Evacuate Collection Set: 1.0ms
[15.056s][info][gc,phases   ] GC(38)   Other: 0.1ms
[15.056s][info][gc,heap     ] GC(38) Eden regions: 558->0(659)
[15.056s][info][gc,heap     ] GC(38) Survivor regions: 46->54(76)
[15.056s][info][gc,heap     ] GC(38) Old regions: 422->433
[15.056s][info][gc,heap     ] GC(38) Humongous regions: 26->26
[15.056s][info][gc,metaspace] GC(38) Metaspace: 1742K(1856K)->1742K(1856K) NonClass: 1602K(1664K)->1602K(1664K) Class: 140K(192K)->140K(192K)
[15.056s][info][gc          ] GC(38) Pause Young (Prepare Mixed) (G1 Evacuation Pause) 2103M->1024M(2634M) 83.536ms
[15.057s][info][gc,cpu      ] GC(38) User=0.78s Sys=0.00s Real=0.08s
[16.310s][info][gc,start    ] GC(39) Pause Young (Mixed) (G1 Evacuation Pause)
[16.310s][info][gc,task     ] GC(39) Using 10 workers of 10 for evacuation
[16.392s][info][gc,phases   ] GC(39)   Pre Evacuate Collection Set: 0.3ms
[16.392s][info][gc,phases   ] GC(39)   Merge Heap Roots: 1.1ms
[16.392s][info][gc,phases   ] GC(39)   Evacuate Collection Set: 79.9ms
[16.392s][info][gc,phases   ] GC(39)   Post Evacuate Collection Set: 1.0ms
[16.392s][info][gc,phases   ] GC(39)   Other: 0.2ms
[16.392s][info][gc,heap     ] GC(39) Eden regions: 659->0(669)
[16.392s][info][gc,heap     ] GC(39) Survivor regions: 54->57(90)
[16.392s][info][gc,heap     ] GC(39) Old regions: 433->441
[16.392s][info][gc,heap     ] GC(39) Humongous regions: 26->26
[16.392s][info][gc,metaspace] GC(39) Metaspace: 1742K(1856K)->1742K(1856K) NonClass: 1602K(1664K)->1602K(1664K) Class: 140K(192K)->140K(192K)
[16.392s][info][gc          ] GC(39) Pause Young (Mixed) (G1 Evacuation Pause) 2342M->1046M(2634M) 82.729ms
[16.393s][info][gc,cpu      ] GC(39) User=0.78s Sys=0.02s Real=0.08s
[17.659s][info][gc,start    ] GC(40) Pause Young (Mixed) (G1 Evacuation Pause)
[17.660s][info][gc,task     ] GC(40) Using 10 workers of 10 for evacuation
[17.745s][info][gc,phases   ] GC(40)   Pre Evacuate Collection Set: 0.3ms
[17.745s][info][gc,phases   ] GC(40)   Merge Heap Roots: 1.1ms
[17.745s][info][gc,phases   ] GC(40)   Evacuate Collection Set: 83.2ms
[17.745s][info][gc,phases   ] GC(40)   Post Evacuate Collection Set: 1.0ms
[17.745s][info][gc,phases   ] GC(40)   Other: 0.1ms
[17.745s][info][gc,heap     ] GC(40) Eden regions: 669->0(667)
[17.745s][info][gc,heap     ] GC(40) Survivor regions: 57->58(91)
[17.745s][info][gc,heap     ] GC(40) Old regions: 441->441
[17.745s][info][gc,heap     ] GC(40) Humongous regions: 26->26
[17.745s][info][gc,metaspace] GC(40) Metaspace: 1742K(1856K)->1742K(1856K) NonClass: 1602K(1664K)->1602K(1664K) Class: 140K(192K)->140K(192K)
[17.745s][info][gc          ] GC(40) Pause Young (Mixed) (G1 Evacuation Pause) 2384M->1049M(2634M) 85.961ms
[17.745s][info][gc,cpu      ] GC(40) User=0.78s Sys=0.00s Real=0.09s
[18.131s][info][gc,start    ] GC(41) Pause Young (Concurrent Start) (G1 Humongous Allocation)
[18.131s][info][gc,task     ] GC(41) Using 10 workers of 10 for evacuation
[18.204s][info][gc,phases   ] GC(41)   Pre Evacuate Collection Set: 0.2ms
[18.204s][info][gc,phases   ] GC(41)   Merge Heap Roots: 0.7ms
[18.204s][info][gc,phases   ] GC(41)   Evacuate Collection Set: 71.1ms
[18.204s][info][gc,phases   ] GC(41)   Post Evacuate Collection Set: 0.7ms
[18.204s][info][gc,phases   ] GC(41)   Other: 0.1ms
[18.204s][info][gc,heap     ] GC(41) Eden regions: 182->0(665)
[18.204s][info][gc,heap     ] GC(41) Survivor regions: 58->52(91)
[18.204s][info][gc,heap     ] GC(41) Old regions: 441->455
[18.204s][info][gc,heap     ] GC(41) Humongous regions: 26->26
[18.204s][info][gc,metaspace] GC(41) Metaspace: 1885K(2048K)->1885K(2048K) NonClass: 1723K(1792K)->1723K(1792K) Class: 161K(256K)->161K(256K)
[18.204s][info][gc          ] GC(41) Pause Young (Concurrent Start) (G1 Humongous Allocation) 1412M->1064M(2634M) 73.144ms
[18.204s][info][gc,cpu      ] GC(41) User=0.78s Sys=0.00s Real=0.07s
[18.204s][info][gc          ] GC(42) Concurrent Mark Cycle
[18.204s][info][gc,marking  ] GC(42) Concurrent Scan Root Regions
[18.257s][info][gc,marking  ] GC(42) Concurrent Scan Root Regions 53.356ms
[18.257s][info][gc,marking  ] GC(42) Concurrent Mark
[18.257s][info][gc,marking  ] GC(42) Concurrent Mark From Roots
[18.257s][info][gc,task     ] GC(42) Using 3 workers of 3 for marking
[18.483s][info][gc,marking  ] GC(42) Concurrent Mark From Roots 225.133ms
[18.483s][info][gc,marking  ] GC(42) Concurrent Preclean
[18.483s][info][gc,marking  ] GC(42) Concurrent Preclean 0.032ms
[18.483s][info][gc,start    ] GC(42) Pause Remark
[18.484s][info][gc          ] GC(42) Pause Remark 1195M->763M(2554M) 1.165ms
[18.484s][info][gc,cpu      ] GC(42) User=0.00s Sys=0.00s Real=0.00s
[18.484s][info][gc,marking  ] GC(42) Concurrent Mark 226.649ms
[18.484s][info][gc,marking  ] GC(42) Concurrent Rebuild Remembered Sets and Scrub Regions
[18.666s][info][gc,marking  ] GC(42) Concurrent Rebuild Remembered Sets and Scrub Regions 181.641ms
[18.666s][info][gc,start    ] GC(42) Pause Cleanup
[18.666s][info][gc          ] GC(42) Pause Cleanup 770M->770M(2554M) 0.327ms
[18.666s][info][gc,cpu      ] GC(42) User=0.00s Sys=0.00s Real=0.00s
[18.666s][info][gc,marking  ] GC(42) Concurrent Clear Claimed Marks
[18.666s][info][gc,marking  ] GC(42) Concurrent Clear Claimed Marks 0.030ms
[18.666s][info][gc,marking  ] GC(42) Concurrent Cleanup for Next Mark
[18.669s][info][gc,marking  ] GC(42) Concurrent Cleanup for Next Mark 2.917ms
[18.669s][info][gc          ] GC(42) Concurrent Mark Cycle 465.396ms
[19.175s][info][gc,heap,exit] Heap
[19.175s][info][gc,heap,exit]  garbage-first heap   total 2615296K, used 802810K [0x0000000700000000, 0x0000000800000000)
[19.175s][info][gc,heap,exit]   region size 2048K, 96 young (196608K), 52 survivors (106496K)
[19.175s][info][gc,heap,exit]  Metaspace       used 1964K, committed 2112K, reserved 1114112K
[19.175s][info][gc,heap,exit]   class space    used 169K, committed 256K, reserved 1048576K
