[0.011s][info][gc,init] CardTable entry size: 512
[0.011s][info][gc     ] Using G1
[0.020s][info][gc,init] Version: 21.0.5+9-LTS-239 (release)
[0.020s][info][gc,init] CPUs: 12 total, 12 available
[0.020s][info][gc,init] Memory: 16190M
[0.021s][info][gc,init] Large Page Support: Disabled
[0.021s][info][gc,init] NUMA Support: Disabled
[0.021s][info][gc,init] Compressed Oops: Enabled (Zero based)
[0.021s][info][gc,init] Heap Region Size: 2M
[0.021s][info][gc,init] Heap Min Capacity: 2G
[0.021s][info][gc,init] Heap Initial Capacity: 2G
[0.021s][info][gc,init] Heap Max Capacity: 4G
[0.021s][info][gc,init] Pre-touch: Disabled
[0.021s][info][gc,init] Parallel Workers: 10
[0.021s][info][gc,init] Concurrent Workers: 3
[0.021s][info][gc,init] Concurrent Refinement Workers: 10
[0.021s][info][gc,init] Periodic GC: Disabled
[0.029s][info][gc,metaspace] CDS archive(s) mapped at: [0x000001b9a0000000-0x000001b9a0c90000-0x000001b9a0c90000), size 13172736, SharedBaseAddress: 0x000001b9a0000000, ArchiveRelocationMode: 1.
[0.029s][info][gc,metaspace] Compressed class space mapped at: 0x000001b9a1000000-0x000001b9e1000000, reserved size: 1073741824
[0.029s][info][gc,metaspace] Narrow klass base: 0x000001b9a0000000, Narrow klass shift: 0, Narrow klass range: 0x100000000
[0.384s][info][gc,start    ] GC(0) Pause Young (Normal) (G1 Evacuation Pause)
[0.384s][info][gc,task     ] GC(0) Using 10 workers of 10 for evacuation
[0.389s][info][gc,phases   ] GC(0)   Pre Evacuate Collection Set: 0.2ms
[0.389s][info][gc,phases   ] GC(0)   Merge Heap Roots: 0.1ms
[0.389s][info][gc,phases   ] GC(0)   Evacuate Collection Set: 4.0ms
[0.389s][info][gc,phases   ] GC(0)   Post Evacuate Collection Set: 0.4ms
[0.389s][info][gc,phases   ] GC(0)   Other: 0.7ms
[0.389s][info][gc,heap     ] GC(0) Eden regions: 51->0(47)
[0.389s][info][gc,heap     ] GC(0) Survivor regions: 0->6(7)
[0.389s][info][gc,heap     ] GC(0) Old regions: 0->0
[0.389s][info][gc,heap     ] GC(0) Humongous regions: 0->0
[0.389s][info][gc,metaspace] GC(0) Metaspace: 1626K(1728K)->1626K(1728K) NonClass: 1492K(1536K)->1492K(1536K) Class: 134K(192K)->134K(192K)
[0.389s][info][gc          ] GC(0) Pause Young (Normal) (G1 Evacuation Pause) 102M->10M(2048M) 5.850ms
[0.390s][info][gc,cpu      ] GC(0) User=0.08s Sys=0.09s Real=0.01s
[0.543s][info][gc,start    ] GC(1) Pause Young (Normal) (G1 Evacuation Pause)
[0.543s][info][gc,task     ] GC(1) Using 10 workers of 10 for evacuation
[0.549s][info][gc,phases   ] GC(1)   Pre Evacuate Collection Set: 0.2ms
[0.549s][info][gc,phases   ] GC(1)   Merge Heap Roots: 0.1ms
[0.549s][info][gc,phases   ] GC(1)   Evacuate Collection Set: 4.9ms
[0.549s][info][gc,phases   ] GC(1)   Post Evacuate Collection Set: 0.3ms
[0.549s][info][gc,phases   ] GC(1)   Other: 0.1ms
[0.549s][info][gc,heap     ] GC(1) Eden regions: 47->0(56)
[0.549s][info][gc,heap     ] GC(1) Survivor regions: 6->4(7)
[0.549s][info][gc,heap     ] GC(1) Old regions: 0->4
[0.549s][info][gc,heap     ] GC(1) Humongous regions: 0->0
[0.549s][info][gc,metaspace] GC(1) Metaspace: 1632K(1728K)->1632K(1728K) NonClass: 1498K(1536K)->1498K(1536K) Class: 134K(192K)->134K(192K)
[0.549s][info][gc          ] GC(1) Pause Young (Normal) (G1 Evacuation Pause) 104M->12M(2048M) 5.864ms
[0.549s][info][gc,cpu      ] GC(1) User=0.00s Sys=0.00s Real=0.01s
[0.714s][info][gc,start    ] GC(2) Pause Young (Normal) (G1 Evacuation Pause)
[0.714s][info][gc,task     ] GC(2) Using 10 workers of 10 for evacuation
[0.721s][info][gc,phases   ] GC(2)   Pre Evacuate Collection Set: 0.1ms
[0.722s][info][gc,phases   ] GC(2)   Merge Heap Roots: 0.2ms
[0.722s][info][gc,phases   ] GC(2)   Evacuate Collection Set: 6.4ms
[0.722s][info][gc,phases   ] GC(2)   Post Evacuate Collection Set: 0.3ms
[0.722s][info][gc,phases   ] GC(2)   Other: 0.1ms
[0.722s][info][gc,heap     ] GC(2) Eden regions: 56->0(56)
[0.722s][info][gc,heap     ] GC(2) Survivor regions: 4->8(8)
[0.722s][info][gc,heap     ] GC(2) Old regions: 4->4
[0.722s][info][gc,heap     ] GC(2) Humongous regions: 2->1
[0.722s][info][gc,metaspace] GC(2) Metaspace: 1644K(1728K)->1644K(1728K) NonClass: 1510K(1536K)->1510K(1536K) Class: 134K(192K)->134K(192K)
[0.722s][info][gc          ] GC(2) Pause Young (Normal) (G1 Evacuation Pause) 128M->23M(2048M) 7.348ms
[0.722s][info][gc,cpu      ] GC(2) User=0.03s Sys=0.00s Real=0.01s
[0.817s][info][gc,start    ] GC(3) Pause Young (Normal) (G1 Evacuation Pause)
[0.817s][info][gc,task     ] GC(3) Using 10 workers of 10 for evacuation
[0.825s][info][gc,phases   ] GC(3)   Pre Evacuate Collection Set: 0.2ms
[0.825s][info][gc,phases   ] GC(3)   Merge Heap Roots: 0.1ms
[0.825s][info][gc,phases   ] GC(3)   Evacuate Collection Set: 6.8ms
[0.825s][info][gc,phases   ] GC(3)   Post Evacuate Collection Set: 0.3ms
[0.825s][info][gc,phases   ] GC(3)   Other: 0.1ms
[0.825s][info][gc,heap     ] GC(3) Eden regions: 53->0(91)
[0.825s][info][gc,heap     ] GC(3) Survivor regions: 8->8(8)
[0.825s][info][gc,heap     ] GC(3) Old regions: 4->10
[0.825s][info][gc,heap     ] GC(3) Humongous regions: 1->1
[0.825s][info][gc,metaspace] GC(3) Metaspace: 1664K(1792K)->1664K(1792K) NonClass: 1529K(1600K)->1529K(1600K) Class: 134K(192K)->134K(192K)
[0.825s][info][gc          ] GC(3) Pause Young (Normal) (G1 Evacuation Pause) 129M->34M(2048M) 7.707ms
[0.825s][info][gc,cpu      ] GC(3) User=0.12s Sys=0.05s Real=0.01s
[1.022s][info][gc,start    ] GC(4) Pause Young (Normal) (G1 Evacuation Pause)
[1.022s][info][gc,task     ] GC(4) Using 10 workers of 10 for evacuation
[1.028s][info][gc,phases   ] GC(4)   Pre Evacuate Collection Set: 0.3ms
[1.028s][info][gc,phases   ] GC(4)   Merge Heap Roots: 0.2ms
[1.028s][info][gc,phases   ] GC(4)   Evacuate Collection Set: 5.5ms
[1.028s][info][gc,phases   ] GC(4)   Post Evacuate Collection Set: 0.6ms
[1.028s][info][gc,phases   ] GC(4)   Other: 0.1ms
[1.028s][info][gc,heap     ] GC(4) Eden regions: 63->0(226)
[1.028s][info][gc,heap     ] GC(4) Survivor regions: 8->5(9)
[1.028s][info][gc,heap     ] GC(4) Old regions: 10->12
[1.028s][info][gc,heap     ] GC(4) Humongous regions: 1->1
[1.028s][info][gc,metaspace] GC(4) Metaspace: 1684K(1792K)->1684K(1792K) NonClass: 1550K(1600K)->1550K(1600K) Class: 134K(192K)->134K(192K)
[1.028s][info][gc          ] GC(4) Pause Young (Normal) (G1 Evacuation Pause) 160M->34M(2048M) 6.863ms
[1.029s][info][gc,cpu      ] GC(4) User=0.11s Sys=0.05s Real=0.01s
[1.248s][info][gc,heap,exit] Heap
[1.248s][info][gc,heap,exit]  garbage-first heap   total 2097152K, used 106669K [0x0000000700000000, 0x0000000800000000)
[1.248s][info][gc,heap,exit]   region size 2048K, 38 young (77824K), 5 survivors (10240K)
[1.248s][info][gc,heap,exit]  Metaspace       used 1891K, committed 2048K, reserved 1114112K
[1.248s][info][gc,heap,exit]   class space    used 163K, committed 256K, reserved 1048576K
