[0.009s][info][gc,init] CardTable entry size: 512
[0.009s][info][gc     ] Using G1
[0.017s][info][gc,init] Version: 21.0.5+9-LTS-239 (release)
[0.017s][info][gc,init] CPUs: 12 total, 12 available
[0.017s][info][gc,init] Memory: 16190M
[0.017s][info][gc,init] Large Page Support: Disabled
[0.017s][info][gc,init] NUMA Support: Disabled
[0.017s][info][gc,init] Compressed Oops: Enabled (Zero based)
[0.017s][info][gc,init] Heap Region Size: 2M
[0.017s][info][gc,init] Heap Min Capacity: 2G
[0.017s][info][gc,init] Heap Initial Capacity: 2G
[0.017s][info][gc,init] Heap Max Capacity: 4G
[0.017s][info][gc,init] Pre-touch: Disabled
[0.017s][info][gc,init] Parallel Workers: 10
[0.017s][info][gc,init] Concurrent Workers: 3
[0.018s][info][gc,init] Concurrent Refinement Workers: 10
[0.018s][info][gc,init] Periodic GC: Disabled
[0.025s][info][gc,metaspace] CDS archive(s) mapped at: [0x000001b5cb000000-0x000001b5cbc90000-0x000001b5cbc90000), size 13172736, SharedBaseAddress: 0x000001b5cb000000, ArchiveRelocationMode: 1.
[0.025s][info][gc,metaspace] Compressed class space mapped at: 0x000001b5cc000000-0x000001b60c000000, reserved size: 1073741824
[0.025s][info][gc,metaspace] Narrow klass base: 0x000001b5cb000000, Narrow klass shift: 0, Narrow klass range: 0x100000000
[0.370s][info][gc,start    ] GC(0) Pause Young (Normal) (G1 Evacuation Pause)
[0.370s][info][gc,task     ] GC(0) Using 10 workers of 10 for evacuation
[0.377s][info][gc,phases   ] GC(0)   Pre Evacuate Collection Set: 0.2ms
[0.377s][info][gc,phases   ] GC(0)   Merge Heap Roots: 0.1ms
[0.377s][info][gc,phases   ] GC(0)   Evacuate Collection Set: 6.0ms
[0.377s][info][gc,phases   ] GC(0)   Post Evacuate Collection Set: 0.4ms
[0.377s][info][gc,phases   ] GC(0)   Other: 0.5ms
[0.377s][info][gc,heap     ] GC(0) Eden regions: 51->0(50)
[0.377s][info][gc,heap     ] GC(0) Survivor regions: 0->4(7)
[0.377s][info][gc,heap     ] GC(0) Old regions: 0->0
[0.377s][info][gc,heap     ] GC(0) Humongous regions: 0->0
[0.377s][info][gc,metaspace] GC(0) Metaspace: 1655K(1728K)->1655K(1728K) NonClass: 1512K(1536K)->1512K(1536K) Class: 143K(192K)->143K(192K)
[0.377s][info][gc          ] GC(0) Pause Young (Normal) (G1 Evacuation Pause) 102M->7M(2048M) 7.512ms
[0.377s][info][gc,cpu      ] GC(0) User=0.06s Sys=0.05s Real=0.01s
[0.516s][info][gc,start    ] GC(1) Pause Young (Normal) (G1 Evacuation Pause)
[0.516s][info][gc,task     ] GC(1) Using 10 workers of 10 for evacuation
[0.521s][info][gc,phases   ] GC(1)   Pre Evacuate Collection Set: 0.2ms
[0.521s][info][gc,phases   ] GC(1)   Merge Heap Roots: 0.1ms
[0.521s][info][gc,phases   ] GC(1)   Evacuate Collection Set: 4.6ms
[0.521s][info][gc,phases   ] GC(1)   Post Evacuate Collection Set: 0.3ms
[0.521s][info][gc,phases   ] GC(1)   Other: 0.1ms
[0.522s][info][gc,heap     ] GC(1) Eden regions: 50->0(59)
[0.522s][info][gc,heap     ] GC(1) Survivor regions: 4->6(7)
[0.522s][info][gc,heap     ] GC(1) Old regions: 0->0
[0.522s][info][gc,heap     ] GC(1) Humongous regions: 0->0
[0.522s][info][gc,metaspace] GC(1) Metaspace: 1671K(1792K)->1671K(1792K) NonClass: 1528K(1600K)->1528K(1600K) Class: 143K(192K)->143K(192K)
[0.522s][info][gc          ] GC(1) Pause Young (Normal) (G1 Evacuation Pause) 107M->11M(2048M) 5.503ms
[0.522s][info][gc,cpu      ] GC(1) User=0.00s Sys=0.00s Real=0.01s
[0.674s][info][gc,start    ] GC(2) Pause Young (Normal) (G1 Evacuation Pause)
[0.674s][info][gc,task     ] GC(2) Using 10 workers of 10 for evacuation
[0.682s][info][gc,phases   ] GC(2)   Pre Evacuate Collection Set: 0.2ms
[0.682s][info][gc,phases   ] GC(2)   Merge Heap Roots: 0.1ms
[0.682s][info][gc,phases   ] GC(2)   Evacuate Collection Set: 7.1ms
[0.682s][info][gc,phases   ] GC(2)   Post Evacuate Collection Set: 0.4ms
[0.682s][info][gc,phases   ] GC(2)   Other: 0.1ms
[0.682s][info][gc,heap     ] GC(2) Eden regions: 59->0(139)
[0.682s][info][gc,heap     ] GC(2) Survivor regions: 6->5(9)
[0.682s][info][gc,heap     ] GC(2) Old regions: 0->3
[0.682s][info][gc,heap     ] GC(2) Humongous regions: 2->1
[0.682s][info][gc,metaspace] GC(2) Metaspace: 1696K(1792K)->1696K(1792K) NonClass: 1552K(1600K)->1552K(1600K) Class: 143K(192K)->143K(192K)
[0.682s][info][gc          ] GC(2) Pause Young (Normal) (G1 Evacuation Pause) 133M->17M(2048M) 8.235ms
[0.682s][info][gc,cpu      ] GC(2) User=0.00s Sys=0.00s Real=0.01s
[0.883s][info][gc,start    ] GC(3) Pause Young (Normal) (G1 Evacuation Pause)
[0.883s][info][gc,task     ] GC(3) Using 10 workers of 10 for evacuation
[0.894s][info][gc,phases   ] GC(3)   Pre Evacuate Collection Set: 0.3ms
[0.894s][info][gc,phases   ] GC(3)   Merge Heap Roots: 0.2ms
[0.894s][info][gc,phases   ] GC(3)   Evacuate Collection Set: 10.1ms
[0.894s][info][gc,phases   ] GC(3)   Post Evacuate Collection Set: 0.3ms
[0.894s][info][gc,phases   ] GC(3)   Other: 0.1ms
[0.894s][info][gc,heap     ] GC(3) Eden regions: 139->0(152)
[0.894s][info][gc,heap     ] GC(3) Survivor regions: 5->10(18)
[0.894s][info][gc,heap     ] GC(3) Old regions: 3->3
[0.894s][info][gc,heap     ] GC(3) Humongous regions: 3->3
[0.894s][info][gc,metaspace] GC(3) Metaspace: 1733K(1856K)->1733K(1856K) NonClass: 1590K(1664K)->1590K(1664K) Class: 143K(192K)->143K(192K)
[0.894s][info][gc          ] GC(3) Pause Young (Normal) (G1 Evacuation Pause) 299M->31M(2048M) 11.424ms
[0.894s][info][gc,cpu      ] GC(3) User=0.11s Sys=0.06s Real=0.01s
[1.024s][info][gc,start    ] GC(4) Pause Young (Normal) (G1 Evacuation Pause)
[1.025s][info][gc,task     ] GC(4) Using 10 workers of 10 for evacuation
[1.037s][info][gc,phases   ] GC(4)   Pre Evacuate Collection Set: 0.2ms
[1.037s][info][gc,phases   ] GC(4)   Merge Heap Roots: 0.1ms
[1.037s][info][gc,phases   ] GC(4)   Evacuate Collection Set: 11.5ms
[1.037s][info][gc,phases   ] GC(4)   Post Evacuate Collection Set: 0.3ms
[1.037s][info][gc,phases   ] GC(4)   Other: 0.1ms
[1.037s][info][gc,heap     ] GC(4) Eden regions: 139->0(197)
[1.037s][info][gc,heap     ] GC(4) Survivor regions: 10->14(19)
[1.037s][info][gc,heap     ] GC(4) Old regions: 3->3
[1.037s][info][gc,heap     ] GC(4) Humongous regions: 3->3
[1.037s][info][gc,metaspace] GC(4) Metaspace: 1742K(1920K)->1742K(1920K) NonClass: 1599K(1728K)->1599K(1728K) Class: 143K(192K)->143K(192K)
[1.037s][info][gc          ] GC(4) Pause Young (Normal) (G1 Evacuation Pause) 309M->39M(2048M) 12.439ms
[1.037s][info][gc,cpu      ] GC(4) User=0.16s Sys=0.00s Real=0.01s
[1.224s][info][gc,start    ] GC(5) Pause Young (Normal) (G1 Evacuation Pause)
[1.224s][info][gc,task     ] GC(5) Using 10 workers of 10 for evacuation
[1.240s][info][gc,phases   ] GC(5)   Pre Evacuate Collection Set: 0.2ms
[1.240s][info][gc,phases   ] GC(5)   Merge Heap Roots: 0.1ms
[1.240s][info][gc,phases   ] GC(5)   Evacuate Collection Set: 14.4ms
[1.240s][info][gc,phases   ] GC(5)   Post Evacuate Collection Set: 0.4ms
[1.240s][info][gc,phases   ] GC(5)   Other: 0.1ms
[1.240s][info][gc,heap     ] GC(5) Eden regions: 191->0(258)
[1.240s][info][gc,heap     ] GC(5) Survivor regions: 14->19(26)
[1.240s][info][gc,heap     ] GC(5) Old regions: 3->3
[1.240s][info][gc,heap     ] GC(5) Humongous regions: 3->3
[1.240s][info][gc,metaspace] GC(5) Metaspace: 1742K(1920K)->1742K(1920K) NonClass: 1599K(1728K)->1599K(1728K) Class: 143K(192K)->143K(192K)
[1.240s][info][gc          ] GC(5) Pause Young (Normal) (G1 Evacuation Pause) 421M->48M(2048M) 15.380ms
[1.240s][info][gc,cpu      ] GC(5) User=0.14s Sys=0.02s Real=0.01s
[1.441s][info][gc,start    ] GC(6) Pause Young (Normal) (G1 Evacuation Pause)
[1.441s][info][gc,task     ] GC(6) Using 10 workers of 10 for evacuation
[1.462s][info][gc,phases   ] GC(6)   Pre Evacuate Collection Set: 0.2ms
[1.462s][info][gc,phases   ] GC(6)   Merge Heap Roots: 0.2ms
[1.462s][info][gc,phases   ] GC(6)   Evacuate Collection Set: 20.4ms
[1.462s][info][gc,phases   ] GC(6)   Post Evacuate Collection Set: 0.4ms
[1.462s][info][gc,phases   ] GC(6)   Other: 0.1ms
[1.462s][info][gc,heap     ] GC(6) Eden regions: 210->0(373)
[1.462s][info][gc,heap     ] GC(6) Survivor regions: 19->20(29)
[1.462s][info][gc,heap     ] GC(6) Old regions: 3->7
[1.462s][info][gc,heap     ] GC(6) Humongous regions: 6->6
[1.462s][info][gc,metaspace] GC(6) Metaspace: 1742K(1920K)->1742K(1920K) NonClass: 1599K(1728K)->1599K(1728K) Class: 143K(192K)->143K(192K)
[1.462s][info][gc          ] GC(6) Pause Young (Normal) (G1 Evacuation Pause) 474M->63M(2048M) 21.570ms
[1.462s][info][gc,cpu      ] GC(6) User=0.16s Sys=0.00s Real=0.02s
[1.526s][info][gc,start    ] GC(7) Pause Young (Normal) (G1 Evacuation Pause)
[1.526s][info][gc,task     ] GC(7) Using 10 workers of 10 for evacuation
[1.546s][info][gc,phases   ] GC(7)   Pre Evacuate Collection Set: 0.2ms
[1.546s][info][gc,phases   ] GC(7)   Merge Heap Roots: 0.3ms
[1.546s][info][gc,phases   ] GC(7)   Evacuate Collection Set: 18.8ms
[1.546s][info][gc,phases   ] GC(7)   Post Evacuate Collection Set: 0.3ms
[1.546s][info][gc,phases   ] GC(7)   Other: 0.1ms
[1.546s][info][gc,heap     ] GC(7) Eden regions: 72->0(610)
[1.546s][info][gc,heap     ] GC(7) Survivor regions: 20->4(12)
[1.546s][info][gc,heap     ] GC(7) Old regions: 7->25
[1.546s][info][gc,heap     ] GC(7) Humongous regions: 6->6
[1.546s][info][gc,metaspace] GC(7) Metaspace: 1742K(1920K)->1742K(1920K) NonClass: 1599K(1728K)->1599K(1728K) Class: 143K(192K)->143K(192K)
[1.546s][info][gc          ] GC(7) Pause Young (Normal) (G1 Evacuation Pause) 207M->68M(2048M) 19.985ms
[1.546s][info][gc,cpu      ] GC(7) User=0.28s Sys=0.03s Real=0.02s
[2.170s][info][gc,start    ] GC(8) Pause Young (Normal) (G1 Evacuation Pause)
[2.170s][info][gc,task     ] GC(8) Using 10 workers of 10 for evacuation
[2.189s][info][gc,phases   ] GC(8)   Pre Evacuate Collection Set: 0.2ms
[2.189s][info][gc,phases   ] GC(8)   Merge Heap Roots: 0.4ms
[2.189s][info][gc,phases   ] GC(8)   Evacuate Collection Set: 18.0ms
[2.189s][info][gc,phases   ] GC(8)   Post Evacuate Collection Set: 0.5ms
[2.189s][info][gc,phases   ] GC(8)   Other: 0.2ms
[2.190s][info][gc,heap     ] GC(8) Eden regions: 562->0(599)
[2.190s][info][gc,heap     ] GC(8) Survivor regions: 4->15(71)
[2.190s][info][gc,heap     ] GC(8) Old regions: 25->25
[2.190s][info][gc,heap     ] GC(8) Humongous regions: 7->6
[2.190s][info][gc,metaspace] GC(8) Metaspace: 1742K(1920K)->1742K(1920K) NonClass: 1599K(1728K)->1599K(1728K) Class: 143K(192K)->143K(192K)
[2.190s][info][gc          ] GC(8) Pause Young (Normal) (G1 Evacuation Pause) 1194M->90M(2048M) 19.625ms
[2.190s][info][gc,cpu      ] GC(8) User=0.14s Sys=0.03s Real=0.02s
[2.530s][info][gc,start    ] GC(9) Pause Young (Normal) (G1 Evacuation Pause)
[2.530s][info][gc,task     ] GC(9) Using 10 workers of 10 for evacuation
[2.556s][info][gc,phases   ] GC(9)   Pre Evacuate Collection Set: 0.2ms
[2.556s][info][gc,phases   ] GC(9)   Merge Heap Roots: 0.4ms
[2.557s][info][gc,phases   ] GC(9)   Evacuate Collection Set: 25.6ms
[2.557s][info][gc,phases   ] GC(9)   Post Evacuate Collection Set: 0.5ms
[2.557s][info][gc,phases   ] GC(9)   Other: 0.1ms
[2.557s][info][gc,heap     ] GC(9) Eden regions: 356->0(591)
[2.557s][info][gc,heap     ] GC(9) Survivor regions: 15->23(47)
[2.557s][info][gc,heap     ] GC(9) Old regions: 25->25
[2.557s][info][gc,heap     ] GC(9) Humongous regions: 12->11
[2.557s][info][gc,metaspace] GC(9) Metaspace: 1742K(1920K)->1742K(1920K) NonClass: 1599K(1728K)->1599K(1728K) Class: 143K(192K)->143K(192K)
[2.557s][info][gc          ] GC(9) Pause Young (Normal) (G1 Evacuation Pause) 814M->117M(2048M) 27.143ms
[2.557s][info][gc,cpu      ] GC(9) User=0.16s Sys=0.02s Real=0.03s
[3.014s][info][gc,start    ] GC(10) Pause Young (Normal) (G1 Evacuation Pause)
[3.014s][info][gc,task     ] GC(10) Using 10 workers of 10 for evacuation
[3.046s][info][gc,phases   ] GC(10)   Pre Evacuate Collection Set: 0.2ms
[3.046s][info][gc,phases   ] GC(10)   Merge Heap Roots: 0.4ms
[3.046s][info][gc,phases   ] GC(10)   Evacuate Collection Set: 30.1ms
[3.046s][info][gc,phases   ] GC(10)   Post Evacuate Collection Set: 0.5ms
[3.046s][info][gc,phases   ] GC(10)   Other: 0.1ms
[3.046s][info][gc,heap     ] GC(10) Eden regions: 482->0(582)
[3.046s][info][gc,heap     ] GC(10) Survivor regions: 23->32(64)
[3.046s][info][gc,heap     ] GC(10) Old regions: 25->25
[3.046s][info][gc,heap     ] GC(10) Humongous regions: 11->11
[3.046s][info][gc,metaspace] GC(10) Metaspace: 1761K(1920K)->1761K(1920K) NonClass: 1617K(1728K)->1617K(1728K) Class: 144K(192K)->144K(192K)
[3.046s][info][gc          ] GC(10) Pause Young (Normal) (G1 Evacuation Pause) 1081M->134M(2048M) 31.679ms
[3.046s][info][gc,cpu      ] GC(10) User=0.20s Sys=0.00s Real=0.03s
[3.592s][info][gc,start    ] GC(11) Pause Young (Normal) (G1 Evacuation Pause)
[3.592s][info][gc,task     ] GC(11) Using 10 workers of 10 for evacuation
[3.633s][info][gc,phases   ] GC(11)   Pre Evacuate Collection Set: 0.2ms
[3.633s][info][gc,phases   ] GC(11)   Merge Heap Roots: 0.4ms
[3.633s][info][gc,phases   ] GC(11)   Evacuate Collection Set: 39.6ms
[3.633s][info][gc,phases   ] GC(11)   Post Evacuate Collection Set: 0.6ms
[3.633s][info][gc,phases   ] GC(11)   Other: 0.1ms
[3.633s][info][gc,heap     ] GC(11) Eden regions: 582->0(573)
[3.633s][info][gc,heap     ] GC(11) Survivor regions: 32->41(77)
[3.633s][info][gc,heap     ] GC(11) Old regions: 25->25
[3.633s][info][gc,heap     ] GC(11) Humongous regions: 11->11
[3.633s][info][gc,metaspace] GC(11) Metaspace: 1761K(1920K)->1761K(1920K) NonClass: 1617K(1728K)->1617K(1728K) Class: 144K(192K)->144K(192K)
[3.633s][info][gc          ] GC(11) Pause Young (Normal) (G1 Evacuation Pause) 1298M->153M(2048M) 41.205ms
[3.633s][info][gc,cpu      ] GC(11) User=0.47s Sys=0.02s Real=0.04s
[4.174s][info][gc,start    ] GC(12) Pause Young (Normal) (G1 Evacuation Pause)
[4.174s][info][gc,task     ] GC(12) Using 10 workers of 10 for evacuation
[4.218s][info][gc,phases   ] GC(12)   Pre Evacuate Collection Set: 0.2ms
[4.218s][info][gc,phases   ] GC(12)   Merge Heap Roots: 0.4ms
[4.218s][info][gc,phases   ] GC(12)   Evacuate Collection Set: 42.1ms
[4.218s][info][gc,phases   ] GC(12)   Post Evacuate Collection Set: 0.6ms
[4.218s][info][gc,phases   ] GC(12)   Other: 0.1ms
[4.218s][info][gc,heap     ] GC(12) Eden regions: 573->0(565)
[4.218s][info][gc,heap     ] GC(12) Survivor regions: 41->49(77)
[4.218s][info][gc,heap     ] GC(12) Old regions: 25->27
[4.218s][info][gc,heap     ] GC(12) Humongous regions: 11->11
[4.218s][info][gc,metaspace] GC(12) Metaspace: 1762K(1920K)->1762K(1920K) NonClass: 1617K(1728K)->1617K(1728K) Class: 144K(192K)->144K(192K)
[4.218s][info][gc          ] GC(12) Pause Young (Normal) (G1 Evacuation Pause) 1299M->172M(2048M) 43.729ms
[4.218s][info][gc,cpu      ] GC(12) User=0.34s Sys=0.02s Real=0.04s
[4.739s][info][gc,start    ] GC(13) Pause Young (Normal) (G1 Evacuation Pause)
[4.739s][info][gc,task     ] GC(13) Using 10 workers of 10 for evacuation
[4.787s][info][gc,phases   ] GC(13)   Pre Evacuate Collection Set: 0.2ms
[4.787s][info][gc,phases   ] GC(13)   Merge Heap Roots: 0.5ms
[4.787s][info][gc,phases   ] GC(13)   Evacuate Collection Set: 47.0ms
[4.787s][info][gc,phases   ] GC(13)   Post Evacuate Collection Set: 0.7ms
[4.787s][info][gc,phases   ] GC(13)   Other: 0.1ms
[4.787s][info][gc,heap     ] GC(13) Eden regions: 565->0(568)
[4.787s][info][gc,heap     ] GC(13) Survivor regions: 49->46(77)
[4.787s][info][gc,heap     ] GC(13) Old regions: 27->38
[4.787s][info][gc,heap     ] GC(13) Humongous regions: 13->11
[4.787s][info][gc,metaspace] GC(13) Metaspace: 1769K(1920K)->1769K(1920K) NonClass: 1625K(1728K)->1625K(1728K) Class: 144K(192K)->144K(192K)
[4.788s][info][gc          ] GC(13) Pause Young (Normal) (G1 Evacuation Pause) 1306M->188M(2048M) 48.902ms
[4.788s][info][gc,cpu      ] GC(13) User=0.47s Sys=0.00s Real=0.05s
[5.320s][info][gc,start    ] GC(14) Pause Young (Normal) (G1 Evacuation Pause)
[5.320s][info][gc,task     ] GC(14) Using 10 workers of 10 for evacuation
[5.382s][info][gc,phases   ] GC(14)   Pre Evacuate Collection Set: 0.2ms
[5.382s][info][gc,phases   ] GC(14)   Merge Heap Roots: 1.2ms
[5.382s][info][gc,phases   ] GC(14)   Evacuate Collection Set: 58.5ms
[5.382s][info][gc,phases   ] GC(14)   Post Evacuate Collection Set: 1.9ms
[5.382s][info][gc,phases   ] GC(14)   Other: 0.1ms
[5.382s][info][gc,heap     ] GC(14) Eden regions: 568->0(642)
[5.383s][info][gc,heap     ] GC(14) Survivor regions: 46->49(77)
[5.383s][info][gc,heap     ] GC(14) Old regions: 38->46
[5.383s][info][gc,heap     ] GC(14) Humongous regions: 21->20
[5.383s][info][gc,metaspace] GC(14) Metaspace: 1771K(1920K)->1771K(1920K) NonClass: 1627K(1728K)->1627K(1728K) Class: 144K(192K)->144K(192K)
[5.383s][info][gc          ] GC(14) Pause Young (Normal) (G1 Evacuation Pause) 1344M->228M(2304M) 62.251ms
[5.383s][info][gc,cpu      ] GC(14) User=0.61s Sys=0.02s Real=0.06s
[5.997s][info][gc,start    ] GC(15) Pause Young (Normal) (G1 Evacuation Pause)
[5.997s][info][gc,task     ] GC(15) Using 10 workers of 10 for evacuation
[6.057s][info][gc,phases   ] GC(15)   Pre Evacuate Collection Set: 0.2ms
[6.057s][info][gc,phases   ] GC(15)   Merge Heap Roots: 1.0ms
[6.057s][info][gc,phases   ] GC(15)   Evacuate Collection Set: 57.4ms
[6.057s][info][gc,phases   ] GC(15)   Post Evacuate Collection Set: 0.7ms
[6.057s][info][gc,phases   ] GC(15)   Other: 0.1ms
[6.057s][info][gc,heap     ] GC(15) Eden regions: 642->0(642)
[6.057s][info][gc,heap     ] GC(15) Survivor regions: 49->49(87)
[6.057s][info][gc,heap     ] GC(15) Old regions: 46->55
[6.057s][info][gc,heap     ] GC(15) Humongous regions: 24->20
[6.057s][info][gc,metaspace] GC(15) Metaspace: 1771K(1920K)->1771K(1920K) NonClass: 1627K(1728K)->1627K(1728K) Class: 144K(192K)->144K(192K)
[6.057s][info][gc          ] GC(15) Pause Young (Normal) (G1 Evacuation Pause) 1520M->247M(2304M) 59.823ms
[6.057s][info][gc,cpu      ] GC(15) User=0.62s Sys=0.00s Real=0.06s
[6.675s][info][gc,start    ] GC(16) Pause Young (Normal) (G1 Evacuation Pause)
[6.675s][info][gc,task     ] GC(16) Using 10 workers of 10 for evacuation
[6.741s][info][gc,phases   ] GC(16)   Pre Evacuate Collection Set: 0.2ms
[6.741s][info][gc,phases   ] GC(16)   Merge Heap Roots: 0.9ms
[6.741s][info][gc,phases   ] GC(16)   Evacuate Collection Set: 64.2ms
[6.741s][info][gc,phases   ] GC(16)   Post Evacuate Collection Set: 0.8ms
[6.741s][info][gc,phases   ] GC(16)   Other: 0.1ms
[6.741s][info][gc,heap     ] GC(16) Eden regions: 642->0(640)
[6.741s][info][gc,heap     ] GC(16) Survivor regions: 49->51(87)
[6.742s][info][gc,heap     ] GC(16) Old regions: 55->65
[6.742s][info][gc,heap     ] GC(16) Humongous regions: 28->20
[6.742s][info][gc,metaspace] GC(16) Metaspace: 1771K(1920K)->1771K(1920K) NonClass: 1627K(1728K)->1627K(1728K) Class: 144K(192K)->144K(192K)
[6.742s][info][gc          ] GC(16) Pause Young (Normal) (G1 Evacuation Pause) 1547M->269M(2304M) 66.552ms
[6.742s][info][gc,cpu      ] GC(16) User=0.62s Sys=0.00s Real=0.07s
[7.362s][info][gc,start    ] GC(17) Pause Young (Normal) (G1 Evacuation Pause)
[7.362s][info][gc,task     ] GC(17) Using 10 workers of 10 for evacuation
[7.422s][info][gc,phases   ] GC(17)   Pre Evacuate Collection Set: 0.2ms
[7.422s][info][gc,phases   ] GC(17)   Merge Heap Roots: 0.9ms
[7.422s][info][gc,phases   ] GC(17)   Evacuate Collection Set: 57.4ms
[7.422s][info][gc,phases   ] GC(17)   Post Evacuate Collection Set: 0.8ms
[7.422s][info][gc,phases   ] GC(17)   Other: 0.1ms
[7.422s][info][gc,heap     ] GC(17) Eden regions: 640->0(641)
[7.422s][info][gc,heap     ] GC(17) Survivor regions: 51->50(87)
[7.422s][info][gc,heap     ] GC(17) Old regions: 65->75
[7.422s][info][gc,heap     ] GC(17) Humongous regions: 20->20
[7.422s][info][gc,metaspace] GC(17) Metaspace: 1771K(1920K)->1771K(1920K) NonClass: 1627K(1728K)->1627K(1728K) Class: 144K(192K)->144K(192K)
[7.422s][info][gc          ] GC(17) Pause Young (Normal) (G1 Evacuation Pause) 1549M->287M(2304M) 59.709ms
[7.422s][info][gc,cpu      ] GC(17) User=0.62s Sys=0.00s Real=0.06s
[8.022s][info][gc,start    ] GC(18) Pause Young (Normal) (G1 Evacuation Pause)
[8.022s][info][gc,task     ] GC(18) Using 10 workers of 10 for evacuation
[8.083s][info][gc,phases   ] GC(18)   Pre Evacuate Collection Set: 0.2ms
[8.083s][info][gc,phases   ] GC(18)   Merge Heap Roots: 0.9ms
[8.083s][info][gc,phases   ] GC(18)   Evacuate Collection Set: 58.0ms
[8.083s][info][gc,phases   ] GC(18)   Post Evacuate Collection Set: 1.2ms
[8.083s][info][gc,phases   ] GC(18)   Other: 0.1ms
[8.083s][info][gc,heap     ] GC(18) Eden regions: 641->0(664)
[8.083s][info][gc,heap     ] GC(18) Survivor regions: 50->51(87)
[8.083s][info][gc,heap     ] GC(18) Old regions: 75->83
[8.083s][info][gc,heap     ] GC(18) Humongous regions: 23->20
[8.083s][info][gc,metaspace] GC(18) Metaspace: 1772K(1920K)->1772K(1920K) NonClass: 1628K(1728K)->1628K(1728K) Class: 144K(192K)->144K(192K)
[8.083s][info][gc          ] GC(18) Pause Young (Normal) (G1 Evacuation Pause) 1575M->307M(2384M) 60.749ms
[8.083s][info][gc,cpu      ] GC(18) User=0.62s Sys=0.00s Real=0.06s
[8.703s][info][gc,start    ] GC(19) Pause Young (Normal) (G1 Evacuation Pause)
[8.703s][info][gc,task     ] GC(19) Using 10 workers of 10 for evacuation
[8.768s][info][gc,phases   ] GC(19)   Pre Evacuate Collection Set: 0.2ms
[8.768s][info][gc,phases   ] GC(19)   Merge Heap Roots: 0.9ms
[8.768s][info][gc,phases   ] GC(19)   Evacuate Collection Set: 63.3ms
[8.768s][info][gc,phases   ] GC(19)   Post Evacuate Collection Set: 0.9ms
[8.768s][info][gc,phases   ] GC(19)   Other: 0.1ms
[8.768s][info][gc,heap     ] GC(19) Eden regions: 664->0(667)
[8.768s][info][gc,heap     ] GC(19) Survivor regions: 51->48(90)
[8.768s][info][gc,heap     ] GC(19) Old regions: 83->97
[8.768s][info][gc,heap     ] GC(19) Humongous regions: 22->20
[8.768s][info][gc,metaspace] GC(19) Metaspace: 1772K(1920K)->1772K(1920K) NonClass: 1628K(1728K)->1628K(1728K) Class: 144K(192K)->144K(192K)
[8.768s][info][gc          ] GC(19) Pause Young (Normal) (G1 Evacuation Pause) 1639M->328M(2384M) 65.633ms
[8.768s][info][gc,cpu      ] GC(19) User=0.61s Sys=0.02s Real=0.07s
[9.391s][info][gc,start    ] GC(20) Pause Young (Normal) (G1 Evacuation Pause)
[9.391s][info][gc,task     ] GC(20) Using 10 workers of 10 for evacuation
[9.447s][info][gc,phases   ] GC(20)   Pre Evacuate Collection Set: 0.2ms
[9.447s][info][gc,phases   ] GC(20)   Merge Heap Roots: 1.3ms
[9.447s][info][gc,phases   ] GC(20)   Evacuate Collection Set: 53.3ms
[9.447s][info][gc,phases   ] GC(20)   Post Evacuate Collection Set: 0.8ms
[9.447s][info][gc,phases   ] GC(20)   Other: 0.1ms
[9.447s][info][gc,heap     ] GC(20) Eden regions: 667->0(667)
[9.447s][info][gc,heap     ] GC(20) Survivor regions: 48->48(90)
[9.447s][info][gc,heap     ] GC(20) Old regions: 97->107
[9.447s][info][gc,heap     ] GC(20) Humongous regions: 20->20
[9.447s][info][gc,metaspace] GC(20) Metaspace: 1772K(1920K)->1772K(1920K) NonClass: 1628K(1728K)->1628K(1728K) Class: 144K(192K)->144K(192K)
[9.447s][info][gc          ] GC(20) Pause Young (Normal) (G1 Evacuation Pause) 1662M->347M(2384M) 56.071ms
[9.447s][info][gc,cpu      ] GC(20) User=0.47s Sys=0.00s Real=0.06s
[10.091s][info][gc,start    ] GC(21) Pause Young (Normal) (G1 Evacuation Pause)
[10.091s][info][gc,task     ] GC(21) Using 10 workers of 10 for evacuation
[10.147s][info][gc,phases   ] GC(21)   Pre Evacuate Collection Set: 0.2ms
[10.147s][info][gc,phases   ] GC(21)   Merge Heap Roots: 1.0ms
[10.147s][info][gc,phases   ] GC(21)   Evacuate Collection Set: 53.5ms
[10.147s][info][gc,phases   ] GC(21)   Post Evacuate Collection Set: 0.9ms
[10.147s][info][gc,phases   ] GC(21)   Other: 0.1ms
[10.147s][info][gc,heap     ] GC(21) Eden regions: 667->0(667)
[10.147s][info][gc,heap     ] GC(21) Survivor regions: 48->48(90)
[10.147s][info][gc,heap     ] GC(21) Old regions: 107->117
[10.147s][info][gc,heap     ] GC(21) Humongous regions: 22->20
[10.147s][info][gc,metaspace] GC(21) Metaspace: 1773K(1920K)->1773K(1920K) NonClass: 1628K(1728K)->1628K(1728K) Class: 144K(192K)->144K(192K)
[10.147s][info][gc          ] GC(21) Pause Young (Normal) (G1 Evacuation Pause) 1685M->367M(2384M) 56.000ms
[10.147s][info][gc,cpu      ] GC(21) User=0.48s Sys=0.00s Real=0.06s
[10.768s][info][gc,start    ] GC(22) Pause Young (Normal) (G1 Evacuation Pause)
[10.768s][info][gc,task     ] GC(22) Using 10 workers of 10 for evacuation
[10.825s][info][gc,phases   ] GC(22)   Pre Evacuate Collection Set: 0.2ms
[10.825s][info][gc,phases   ] GC(22)   Merge Heap Roots: 1.1ms
[10.825s][info][gc,phases   ] GC(22)   Evacuate Collection Set: 54.6ms
[10.825s][info][gc,phases   ] GC(22)   Post Evacuate Collection Set: 1.2ms
[10.825s][info][gc,phases   ] GC(22)   Other: 0.1ms
[10.825s][info][gc,heap     ] GC(22) Eden regions: 667->0(680)
[10.825s][info][gc,heap     ] GC(22) Survivor regions: 48->56(90)
[10.825s][info][gc,heap     ] GC(22) Old regions: 117->117
[10.825s][info][gc,heap     ] GC(22) Humongous regions: 23->20
[10.825s][info][gc,metaspace] GC(22) Metaspace: 1773K(1920K)->1773K(1920K) NonClass: 1628K(1728K)->1628K(1728K) Class: 144K(192K)->144K(192K)
[10.825s][info][gc          ] GC(22) Pause Young (Normal) (G1 Evacuation Pause) 1707M->385M(2454M) 57.527ms
[10.825s][info][gc,cpu      ] GC(22) User=0.47s Sys=0.00s Real=0.06s
[11.521s][info][gc,start    ] GC(23) Pause Young (Normal) (G1 Evacuation Pause)
[11.521s][info][gc,task     ] GC(23) Using 10 workers of 10 for evacuation
[11.611s][info][gc,phases   ] GC(23)   Pre Evacuate Collection Set: 0.3ms
[11.611s][info][gc,phases   ] GC(23)   Merge Heap Roots: 1.3ms
[11.611s][info][gc,phases   ] GC(23)   Evacuate Collection Set: 87.0ms
[11.611s][info][gc,phases   ] GC(23)   Post Evacuate Collection Set: 0.9ms
[11.611s][info][gc,phases   ] GC(23)   Other: 0.2ms
[11.611s][info][gc,heap     ] GC(23) Eden regions: 680->0(668)
[11.611s][info][gc,heap     ] GC(23) Survivor regions: 56->68(92)
[11.611s][info][gc,heap     ] GC(23) Old regions: 117->126
[11.611s][info][gc,heap     ] GC(23) Humongous regions: 39->37
[11.611s][info][gc,metaspace] GC(23) Metaspace: 1773K(1920K)->1773K(1920K) NonClass: 1628K(1728K)->1628K(1728K) Class: 144K(192K)->144K(192K)
[11.611s][info][gc          ] GC(23) Pause Young (Normal) (G1 Evacuation Pause) 1783M->459M(2454M) 90.088ms
[11.611s][info][gc,cpu      ] GC(23) User=0.94s Sys=0.00s Real=0.09s
[12.228s][info][gc,start    ] GC(24) Pause Young (Normal) (G1 Evacuation Pause)
[12.228s][info][gc,task     ] GC(24) Using 10 workers of 10 for evacuation
[12.314s][info][gc,phases   ] GC(24)   Pre Evacuate Collection Set: 0.2ms
[12.314s][info][gc,phases   ] GC(24)   Merge Heap Roots: 1.2ms
[12.314s][info][gc,phases   ] GC(24)   Evacuate Collection Set: 83.6ms
[12.314s][info][gc,phases   ] GC(24)   Post Evacuate Collection Set: 0.9ms
[12.314s][info][gc,phases   ] GC(24)   Other: 0.1ms
[12.314s][info][gc,heap     ] GC(24) Eden regions: 668->0(691)
[12.314s][info][gc,heap     ] GC(24) Survivor regions: 68->45(92)
[12.314s][info][gc,heap     ] GC(24) Old regions: 126->153
[12.314s][info][gc,heap     ] GC(24) Humongous regions: 38->37
[12.314s][info][gc,metaspace] GC(24) Metaspace: 1773K(1920K)->1773K(1920K) NonClass: 1628K(1728K)->1628K(1728K) Class: 144K(192K)->144K(192K)
[12.314s][info][gc          ] GC(24) Pause Young (Normal) (G1 Evacuation Pause) 1797M->468M(2454M) 86.402ms
[12.314s][info][gc,cpu      ] GC(24) User=0.94s Sys=0.00s Real=0.09s
[12.966s][info][gc,start    ] GC(25) Pause Young (Normal) (G1 Evacuation Pause)
[12.966s][info][gc,task     ] GC(25) Using 10 workers of 10 for evacuation
[13.042s][info][gc,phases   ] GC(25)   Pre Evacuate Collection Set: 0.2ms
[13.042s][info][gc,phases   ] GC(25)   Merge Heap Roots: 1.0ms
[13.042s][info][gc,phases   ] GC(25)   Evacuate Collection Set: 73.4ms
[13.042s][info][gc,phases   ] GC(25)   Post Evacuate Collection Set: 1.0ms
[13.042s][info][gc,phases   ] GC(25)   Other: 0.1ms
[13.042s][info][gc,heap     ] GC(25) Eden regions: 691->0(684)
[13.042s][info][gc,heap     ] GC(25) Survivor regions: 45->52(92)
[13.042s][info][gc,heap     ] GC(25) Old regions: 153->153
[13.042s][info][gc,heap     ] GC(25) Humongous regions: 39->37
[13.042s][info][gc,metaspace] GC(25) Metaspace: 1773K(1920K)->1773K(1920K) NonClass: 1628K(1728K)->1628K(1728K) Class: 144K(192K)->144K(192K)
[13.042s][info][gc          ] GC(25) Pause Young (Normal) (G1 Evacuation Pause) 1854M->482M(2454M) 75.974ms
[13.042s][info][gc,cpu      ] GC(25) User=0.73s Sys=0.00s Real=0.08s
[13.705s][info][gc,start    ] GC(26) Pause Young (Normal) (G1 Evacuation Pause)
[13.705s][info][gc,task     ] GC(26) Using 10 workers of 10 for evacuation
[13.787s][info][gc,phases   ] GC(26)   Pre Evacuate Collection Set: 0.2ms
[13.787s][info][gc,phases   ] GC(26)   Merge Heap Roots: 1.0ms
[13.787s][info][gc,phases   ] GC(26)   Evacuate Collection Set: 79.4ms
[13.787s][info][gc,phases   ] GC(26)   Post Evacuate Collection Set: 1.7ms
[13.787s][info][gc,phases   ] GC(26)   Other: 0.1ms
[13.787s][info][gc,heap     ] GC(26) Eden regions: 684->0(722)
[13.787s][info][gc,heap     ] GC(26) Survivor regions: 52->52(92)
[13.787s][info][gc,heap     ] GC(26) Old regions: 153->163
[13.787s][info][gc,heap     ] GC(26) Humongous regions: 40->37
[13.787s][info][gc,metaspace] GC(26) Metaspace: 1773K(1920K)->1773K(1920K) NonClass: 1628K(1728K)->1628K(1728K) Class: 144K(192K)->144K(192K)
[13.787s][info][gc          ] GC(26) Pause Young (Normal) (G1 Evacuation Pause) 1856M->501M(2580M) 82.702ms
[13.787s][info][gc,cpu      ] GC(26) User=0.77s Sys=0.02s Real=0.08s
[14.703s][info][gc,start    ] GC(27) Pause Young (Normal) (G1 Evacuation Pause)
[14.703s][info][gc,task     ] GC(27) Using 10 workers of 10 for evacuation
[14.822s][info][gc,phases   ] GC(27)   Pre Evacuate Collection Set: 0.2ms
[14.822s][info][gc,phases   ] GC(27)   Merge Heap Roots: 1.0ms
[14.822s][info][gc,phases   ] GC(27)   Evacuate Collection Set: 116.3ms
[14.822s][info][gc,phases   ] GC(27)   Post Evacuate Collection Set: 1.2ms
[14.822s][info][gc,phases   ] GC(27)   Other: 0.1ms
[14.822s][info][gc,heap     ] GC(27) Eden regions: 722->0(702)
[14.822s][info][gc,heap     ] GC(27) Survivor regions: 52->72(97)
[14.822s][info][gc,heap     ] GC(27) Old regions: 163->172
[14.822s][info][gc,heap     ] GC(27) Humongous regions: 51->49
[14.822s][info][gc,metaspace] GC(27) Metaspace: 1927K(2112K)->1927K(2112K) NonClass: 1761K(1856K)->1761K(1856K) Class: 166K(256K)->166K(256K)
[14.822s][info][gc          ] GC(27) Pause Young (Normal) (G1 Evacuation Pause) 1973M->583M(2580M) 119.030ms
[14.822s][info][gc,cpu      ] GC(27) User=1.09s Sys=0.00s Real=0.12s
[15.585s][info][gc,heap,exit] Heap
[15.585s][info][gc,heap,exit]  garbage-first heap   total 2641920K, used 691643K [0x0000000700000000, 0x0000000800000000)
[15.585s][info][gc,heap,exit]   region size 2048K, 98 young (200704K), 72 survivors (147456K)
[15.585s][info][gc,heap,exit]  Metaspace       used 1995K, committed 2240K, reserved 1114112K
[15.585s][info][gc,heap,exit]   class space    used 174K, committed 320K, reserved 1048576K
