[0.011s][info][gc,init] CardTable entry size: 512
[0.011s][info][gc     ] Using G1
[0.021s][info][gc,init] Version: 21.0.5+9-LTS-239 (release)
[0.021s][info][gc,init] CPUs: 12 total, 12 available
[0.021s][info][gc,init] Memory: 16190M
[0.021s][info][gc,init] Large Page Support: Disabled
[0.021s][info][gc,init] NUMA Support: Disabled
[0.021s][info][gc,init] Compressed Oops: Enabled (Zero based)
[0.021s][info][gc,init] Heap Region Size: 2M
[0.021s][info][gc,init] Heap Min Capacity: 2G
[0.021s][info][gc,init] Heap Initial Capacity: 2G
[0.021s][info][gc,init] Heap Max Capacity: 4G
[0.021s][info][gc,init] Pre-touch: Disabled
[0.021s][info][gc,init] Parallel Workers: 10
[0.021s][info][gc,init] Concurrent Workers: 3
[0.022s][info][gc,init] Concurrent Refinement Workers: 10
[0.022s][info][gc,init] Periodic GC: Disabled
[0.030s][info][gc,metaspace] CDS archive(s) mapped at: [0x000001ff00000000-0x000001ff00c90000-0x000001ff00c90000), size 13172736, SharedBaseAddress: 0x000001ff00000000, ArchiveRelocationMode: 1.
[0.030s][info][gc,metaspace] Compressed class space mapped at: 0x000001ff01000000-0x000001ff41000000, reserved size: 1073741824
[0.030s][info][gc,metaspace] Narrow klass base: 0x000001ff00000000, Narrow klass shift: 0, Narrow klass range: 0x100000000
[0.418s][info][gc,start    ] GC(0) Pause Young (Normal) (G1 Evacuation Pause)
[0.419s][info][gc,task     ] GC(0) Using 10 workers of 10 for evacuation
[0.427s][info][gc,phases   ] GC(0)   Pre Evacuate Collection Set: 0.2ms
[0.427s][info][gc,phases   ] GC(0)   Merge Heap Roots: 0.1ms
[0.427s][info][gc,phases   ] GC(0)   Evacuate Collection Set: 7.1ms
[0.427s][info][gc,phases   ] GC(0)   Post Evacuate Collection Set: 0.4ms
[0.427s][info][gc,phases   ] GC(0)   Other: 1.3ms
[0.427s][info][gc,heap     ] GC(0) Eden regions: 51->0(49)
[0.427s][info][gc,heap     ] GC(0) Survivor regions: 0->4(7)
[0.427s][info][gc,heap     ] GC(0) Old regions: 0->0
[0.427s][info][gc,heap     ] GC(0) Humongous regions: 0->0
[0.427s][info][gc,metaspace] GC(0) Metaspace: 1628K(1728K)->1628K(1728K) NonClass: 1494K(1536K)->1494K(1536K) Class: 134K(192K)->134K(192K)
[0.427s][info][gc          ] GC(0) Pause Young (Normal) (G1 Evacuation Pause) 102M->7M(2048M) 9.357ms
[0.427s][info][gc,cpu      ] GC(0) User=0.02s Sys=0.02s Real=0.01s
[0.577s][info][gc,start    ] GC(1) Pause Young (Normal) (G1 Evacuation Pause)
[0.577s][info][gc,task     ] GC(1) Using 10 workers of 10 for evacuation
[0.583s][info][gc,phases   ] GC(1)   Pre Evacuate Collection Set: 0.2ms
[0.583s][info][gc,phases   ] GC(1)   Merge Heap Roots: 0.1ms
[0.583s][info][gc,phases   ] GC(1)   Evacuate Collection Set: 5.7ms
[0.583s][info][gc,phases   ] GC(1)   Post Evacuate Collection Set: 0.3ms
[0.583s][info][gc,phases   ] GC(1)   Other: 0.1ms
[0.583s][info][gc,heap     ] GC(1) Eden regions: 49->0(62)
[0.583s][info][gc,heap     ] GC(1) Survivor regions: 4->3(7)
[0.583s][info][gc,heap     ] GC(1) Old regions: 0->4
[0.583s][info][gc,heap     ] GC(1) Humongous regions: 0->0
[0.583s][info][gc,metaspace] GC(1) Metaspace: 1647K(1728K)->1647K(1728K) NonClass: 1513K(1536K)->1513K(1536K) Class: 134K(192K)->134K(192K)
[0.583s][info][gc          ] GC(1) Pause Young (Normal) (G1 Evacuation Pause) 105M->11M(2048M) 6.626ms
[0.583s][info][gc,cpu      ] GC(1) User=0.00s Sys=0.00s Real=0.01s
[0.744s][info][gc,start    ] GC(2) Pause Young (Normal) (G1 Evacuation Pause)
[0.744s][info][gc,task     ] GC(2) Using 10 workers of 10 for evacuation
[0.752s][info][gc,phases   ] GC(2)   Pre Evacuate Collection Set: 0.2ms
[0.752s][info][gc,phases   ] GC(2)   Merge Heap Roots: 0.2ms
[0.752s][info][gc,phases   ] GC(2)   Evacuate Collection Set: 6.8ms
[0.752s][info][gc,phases   ] GC(2)   Post Evacuate Collection Set: 0.4ms
[0.752s][info][gc,phases   ] GC(2)   Other: 0.1ms
[0.752s][info][gc,heap     ] GC(2) Eden regions: 62->0(82)
[0.752s][info][gc,heap     ] GC(2) Survivor regions: 3->6(9)
[0.752s][info][gc,heap     ] GC(2) Old regions: 4->4
[0.752s][info][gc,heap     ] GC(2) Humongous regions: 2->1
[0.752s][info][gc,metaspace] GC(2) Metaspace: 1669K(1792K)->1669K(1792K) NonClass: 1534K(1600K)->1534K(1600K) Class: 134K(192K)->134K(192K)
[0.752s][info][gc          ] GC(2) Pause Young (Normal) (G1 Evacuation Pause) 139M->20M(2048M) 8.022ms
[0.752s][info][gc,cpu      ] GC(2) User=0.05s Sys=0.14s Real=0.01s
[0.858s][info][gc,start    ] GC(3) Pause Young (Normal) (G1 Evacuation Pause)
[0.858s][info][gc,task     ] GC(3) Using 10 workers of 10 for evacuation
[0.867s][info][gc,phases   ] GC(3)   Pre Evacuate Collection Set: 0.3ms
[0.867s][info][gc,phases   ] GC(3)   Merge Heap Roots: 0.1ms
[0.867s][info][gc,phases   ] GC(3)   Evacuate Collection Set: 7.4ms
[0.867s][info][gc,phases   ] GC(3)   Post Evacuate Collection Set: 0.3ms
[0.867s][info][gc,phases   ] GC(3)   Other: 0.1ms
[0.867s][info][gc,heap     ] GC(3) Eden regions: 73->0(169)
[0.867s][info][gc,heap     ] GC(3) Survivor regions: 6->6(10)
[0.867s][info][gc,heap     ] GC(3) Old regions: 4->6
[0.867s][info][gc,heap     ] GC(3) Humongous regions: 1->1
[0.867s][info][gc,metaspace] GC(3) Metaspace: 1697K(1792K)->1697K(1792K) NonClass: 1563K(1600K)->1563K(1600K) Class: 134K(192K)->134K(192K)
[0.867s][info][gc          ] GC(3) Pause Young (Normal) (G1 Evacuation Pause) 166M->23M(2048M) 8.372ms
[0.867s][info][gc,cpu      ] GC(3) User=0.00s Sys=0.00s Real=0.01s
[0.931s][info][gc,start    ] GC(4) Pause Young (Normal) (G1 Evacuation Pause)
[0.931s][info][gc,task     ] GC(4) Using 10 workers of 10 for evacuation
[0.940s][info][gc,phases   ] GC(4)   Pre Evacuate Collection Set: 0.2ms
[0.940s][info][gc,phases   ] GC(4)   Merge Heap Roots: 0.2ms
[0.940s][info][gc,phases   ] GC(4)   Evacuate Collection Set: 8.7ms
[0.940s][info][gc,phases   ] GC(4)   Post Evacuate Collection Set: 0.3ms
[0.940s][info][gc,phases   ] GC(4)   Other: 0.1ms
[0.940s][info][gc,heap     ] GC(4) Eden regions: 58->0(233)
[0.940s][info][gc,heap     ] GC(4) Survivor regions: 6->7(8)
[0.940s][info][gc,heap     ] GC(4) Old regions: 6->8
[0.940s][info][gc,heap     ] GC(4) Humongous regions: 3->3
[0.940s][info][gc,metaspace] GC(4) Metaspace: 1706K(1792K)->1706K(1792K) NonClass: 1571K(1600K)->1571K(1600K) Class: 135K(192K)->135K(192K)
[0.940s][info][gc          ] GC(4) Pause Young (Normal) (G1 Evacuation Pause) 143M->33M(2048M) 9.844ms
[0.940s][info][gc,cpu      ] GC(4) User=0.08s Sys=0.06s Real=0.01s
[1.059s][info][gc,heap,exit] Heap
[1.059s][info][gc,heap,exit]  garbage-first heap   total 2097152K, used 62907K [0x0000000700000000, 0x0000000800000000)
[1.059s][info][gc,heap,exit]   region size 2048K, 21 young (43008K), 7 survivors (14336K)
[1.059s][info][gc,heap,exit]  Metaspace       used 1926K, committed 2112K, reserved 1114112K
[1.059s][info][gc,heap,exit]   class space    used 164K, committed 256K, reserved 1048576K
