[0.010s][info][gc,init] CardTable entry size: 512
[0.010s][info][gc     ] Using G1
[0.019s][info][gc,init] Version: 21.0.5+9-LTS-239 (release)
[0.019s][info][gc,init] CPUs: 12 total, 12 available
[0.019s][info][gc,init] Memory: 16190M
[0.019s][info][gc,init] Large Page Support: Disabled
[0.019s][info][gc,init] NUMA Support: Disabled
[0.019s][info][gc,init] Compressed Oops: Enabled (Zero based)
[0.019s][info][gc,init] Heap Region Size: 2M
[0.019s][info][gc,init] Heap Min Capacity: 2G
[0.019s][info][gc,init] Heap Initial Capacity: 2G
[0.019s][info][gc,init] Heap Max Capacity: 4G
[0.019s][info][gc,init] Pre-touch: Disabled
[0.019s][info][gc,init] Parallel Workers: 10
[0.019s][info][gc,init] Concurrent Workers: 3
[0.020s][info][gc,init] Concurrent Refinement Workers: 10
[0.020s][info][gc,init] Periodic GC: Disabled
[0.029s][info][gc,metaspace] CDS archive(s) mapped at: [0x00000230b6000000-0x00000230b6c90000-0x00000230b6c90000), size 13172736, SharedBaseAddress: 0x00000230b6000000, ArchiveRelocationMode: 1.
[0.029s][info][gc,metaspace] Compressed class space mapped at: 0x00000230b7000000-0x00000230f7000000, reserved size: 1073741824
[0.029s][info][gc,metaspace] Narrow klass base: 0x00000230b6000000, Narrow klass shift: 0, Narrow klass range: 0x100000000
[0.369s][info][gc,start    ] GC(0) Pause Young (Normal) (G1 Evacuation Pause)
[0.370s][info][gc,task     ] GC(0) Using 10 workers of 10 for evacuation
[0.376s][info][gc,phases   ] GC(0)   Pre Evacuate Collection Set: 0.2ms
[0.376s][info][gc,phases   ] GC(0)   Merge Heap Roots: 0.1ms
[0.376s][info][gc,phases   ] GC(0)   Evacuate Collection Set: 4.6ms
[0.376s][info][gc,phases   ] GC(0)   Post Evacuate Collection Set: 0.4ms
[0.376s][info][gc,phases   ] GC(0)   Other: 0.9ms
[0.376s][info][gc,heap     ] GC(0) Eden regions: 51->0(50)
[0.376s][info][gc,heap     ] GC(0) Survivor regions: 0->5(7)
[0.376s][info][gc,heap     ] GC(0) Old regions: 0->0
[0.376s][info][gc,heap     ] GC(0) Humongous regions: 0->0
[0.376s][info][gc,metaspace] GC(0) Metaspace: 1656K(1728K)->1656K(1728K) NonClass: 1516K(1536K)->1516K(1536K) Class: 139K(192K)->139K(192K)
[0.376s][info][gc          ] GC(0) Pause Young (Normal) (G1 Evacuation Pause) 102M->8M(2048M) 6.505ms
[0.376s][info][gc,cpu      ] GC(0) User=0.06s Sys=0.12s Real=0.01s
[0.528s][info][gc,start    ] GC(1) Pause Young (Normal) (G1 Evacuation Pause)
[0.528s][info][gc,task     ] GC(1) Using 10 workers of 10 for evacuation
[0.535s][info][gc,phases   ] GC(1)   Pre Evacuate Collection Set: 0.2ms
[0.535s][info][gc,phases   ] GC(1)   Merge Heap Roots: 0.1ms
[0.535s][info][gc,phases   ] GC(1)   Evacuate Collection Set: 5.7ms
[0.535s][info][gc,phases   ] GC(1)   Post Evacuate Collection Set: 0.4ms
[0.535s][info][gc,phases   ] GC(1)   Other: 0.1ms
[0.535s][info][gc,heap     ] GC(1) Eden regions: 50->0(61)
[0.535s][info][gc,heap     ] GC(1) Survivor regions: 5->3(7)
[0.535s][info][gc,heap     ] GC(1) Old regions: 0->4
[0.535s][info][gc,heap     ] GC(1) Humongous regions: 0->0
[0.535s][info][gc,metaspace] GC(1) Metaspace: 1667K(1792K)->1667K(1792K) NonClass: 1527K(1600K)->1527K(1600K) Class: 139K(192K)->139K(192K)
[0.535s][info][gc          ] GC(1) Pause Young (Normal) (G1 Evacuation Pause) 108M->12M(2048M) 6.656ms
[0.535s][info][gc,cpu      ] GC(1) User=0.08s Sys=0.11s Real=0.01s
[0.727s][info][gc,start    ] GC(2) Pause Young (Normal) (G1 Evacuation Pause)
[0.727s][info][gc,task     ] GC(2) Using 10 workers of 10 for evacuation
[0.734s][info][gc,phases   ] GC(2)   Pre Evacuate Collection Set: 0.1ms
[0.734s][info][gc,phases   ] GC(2)   Merge Heap Roots: 0.2ms
[0.734s][info][gc,phases   ] GC(2)   Evacuate Collection Set: 6.3ms
[0.734s][info][gc,phases   ] GC(2)   Post Evacuate Collection Set: 0.3ms
[0.734s][info][gc,phases   ] GC(2)   Other: 0.1ms
[0.734s][info][gc,heap     ] GC(2) Eden regions: 61->0(71)
[0.734s][info][gc,heap     ] GC(2) Survivor regions: 3->6(8)
[0.734s][info][gc,heap     ] GC(2) Old regions: 4->4
[0.734s][info][gc,heap     ] GC(2) Humongous regions: 2->1
[0.734s][info][gc,metaspace] GC(2) Metaspace: 1688K(1792K)->1688K(1792K) NonClass: 1549K(1600K)->1549K(1600K) Class: 139K(192K)->139K(192K)
[0.734s][info][gc          ] GC(2) Pause Young (Normal) (G1 Evacuation Pause) 138M->20M(2048M) 7.290ms
[0.734s][info][gc,cpu      ] GC(2) User=0.08s Sys=0.11s Real=0.01s
[0.848s][info][gc,start    ] GC(3) Pause Young (Normal) (G1 Evacuation Pause)
[0.848s][info][gc,task     ] GC(3) Using 10 workers of 10 for evacuation
[0.856s][info][gc,phases   ] GC(3)   Pre Evacuate Collection Set: 0.2ms
[0.856s][info][gc,phases   ] GC(3)   Merge Heap Roots: 0.1ms
[0.856s][info][gc,phases   ] GC(3)   Evacuate Collection Set: 7.2ms
[0.856s][info][gc,phases   ] GC(3)   Post Evacuate Collection Set: 0.3ms
[0.856s][info][gc,phases   ] GC(3)   Other: 0.5ms
[0.856s][info][gc,heap     ] GC(3) Eden regions: 65->0(215)
[0.856s][info][gc,heap     ] GC(3) Survivor regions: 6->6(9)
[0.856s][info][gc,heap     ] GC(3) Old regions: 4->6
[0.856s][info][gc,heap     ] GC(3) Humongous regions: 1->1
[0.856s][info][gc,metaspace] GC(3) Metaspace: 1707K(1792K)->1707K(1792K) NonClass: 1567K(1600K)->1567K(1600K) Class: 139K(192K)->139K(192K)
[0.856s][info][gc          ] GC(3) Pause Young (Normal) (G1 Evacuation Pause) 150M->23M(2048M) 8.482ms
[0.856s][info][gc,cpu      ] GC(3) User=0.00s Sys=0.00s Real=0.01s
[0.933s][info][gc,start    ] GC(4) Pause Young (Normal) (G1 Evacuation Pause)
[0.933s][info][gc,task     ] GC(4) Using 10 workers of 10 for evacuation
[0.943s][info][gc,phases   ] GC(4)   Pre Evacuate Collection Set: 0.2ms
[0.943s][info][gc,phases   ] GC(4)   Merge Heap Roots: 0.2ms
[0.943s][info][gc,phases   ] GC(4)   Evacuate Collection Set: 8.8ms
[0.943s][info][gc,phases   ] GC(4)   Post Evacuate Collection Set: 0.3ms
[0.943s][info][gc,phases   ] GC(4)   Other: 0.1ms
[0.943s][info][gc,heap     ] GC(4) Eden regions: 67->0(143)
[0.943s][info][gc,heap     ] GC(4) Survivor regions: 6->9(10)
[0.943s][info][gc,heap     ] GC(4) Old regions: 6->6
[0.943s][info][gc,heap     ] GC(4) Humongous regions: 3->3
[0.943s][info][gc,metaspace] GC(4) Metaspace: 1724K(1792K)->1724K(1792K) NonClass: 1585K(1600K)->1585K(1600K) Class: 139K(192K)->139K(192K)
[0.943s][info][gc          ] GC(4) Pause Young (Normal) (G1 Evacuation Pause) 161M->33M(2048M) 9.876ms
[0.943s][info][gc,cpu      ] GC(4) User=0.05s Sys=0.12s Real=0.01s
[1.045s][info][gc,heap,exit] Heap
[1.045s][info][gc,heap,exit]  garbage-first heap   total 2097152K, used 59127K [0x0000000700000000, 0x0000000800000000)
[1.045s][info][gc,heap,exit]   region size 2048K, 21 young (43008K), 9 survivors (18432K)
[1.045s][info][gc,heap,exit]  Metaspace       used 1929K, committed 2112K, reserved 1114112K
[1.045s][info][gc,heap,exit]   class space    used 168K, committed 256K, reserved 1048576K
