[0.009s][info][gc,init] CardTable entry size: 512
[0.009s][info][gc     ] Using G1
[0.018s][info][gc,init] Version: 21.0.5+9-LTS-239 (release)
[0.018s][info][gc,init] CPUs: 12 total, 12 available
[0.018s][info][gc,init] Memory: 16190M
[0.018s][info][gc,init] Large Page Support: Disabled
[0.018s][info][gc,init] NUMA Support: Disabled
[0.018s][info][gc,init] Compressed Oops: Enabled (Zero based)
[0.018s][info][gc,init] Heap Region Size: 2M
[0.018s][info][gc,init] Heap Min Capacity: 2G
[0.018s][info][gc,init] Heap Initial Capacity: 2G
[0.018s][info][gc,init] Heap Max Capacity: 4G
[0.018s][info][gc,init] Pre-touch: Disabled
[0.018s][info][gc,init] Parallel Workers: 10
[0.018s][info][gc,init] Concurrent Workers: 3
[0.018s][info][gc,init] Concurrent Refinement Workers: 10
[0.018s][info][gc,init] Periodic GC: Disabled
[0.027s][info][gc,metaspace] CDS archive(s) mapped at: [0x000001df9c000000-0x000001df9cc90000-0x000001df9cc90000), size 13172736, SharedBaseAddress: 0x000001df9c000000, ArchiveRelocationMode: 1.
[0.027s][info][gc,metaspace] Compressed class space mapped at: 0x000001df9d000000-0x000001dfdd000000, reserved size: 1073741824
[0.027s][info][gc,metaspace] Narrow klass base: 0x000001df9c000000, Narrow klass shift: 0, Narrow klass range: 0x100000000
[0.465s][info][gc,start    ] GC(0) Pause Young (Normal) (G1 Evacuation Pause)
[0.466s][info][gc,task     ] GC(0) Using 10 workers of 10 for evacuation
[0.470s][info][gc,phases   ] GC(0)   Pre Evacuate Collection Set: 0.2ms
[0.470s][info][gc,phases   ] GC(0)   Merge Heap Roots: 0.2ms
[0.470s][info][gc,phases   ] GC(0)   Evacuate Collection Set: 3.6ms
[0.470s][info][gc,phases   ] GC(0)   Post Evacuate Collection Set: 0.5ms
[0.470s][info][gc,phases   ] GC(0)   Other: 0.9ms
[0.470s][info][gc,heap     ] GC(0) Eden regions: 51->0(44)
[0.470s][info][gc,heap     ] GC(0) Survivor regions: 0->7(7)
[0.470s][info][gc,heap     ] GC(0) Old regions: 0->4
[0.471s][info][gc,heap     ] GC(0) Humongous regions: 1->0
[0.471s][info][gc,metaspace] GC(0) Metaspace: 1316K(1472K)->1316K(1472K) NonClass: 1218K(1280K)->1218K(1280K) Class: 97K(192K)->97K(192K)
[0.471s][info][gc          ] GC(0) Pause Young (Normal) (G1 Evacuation Pause) 104M->21M(2048M) 5.958ms
[0.471s][info][gc,cpu      ] GC(0) User=0.00s Sys=0.00s Real=0.01s
[0.622s][info][gc,start    ] GC(1) Pause Young (Normal) (G1 Evacuation Pause)
[0.622s][info][gc,task     ] GC(1) Using 10 workers of 10 for evacuation
[0.627s][info][gc,phases   ] GC(1)   Pre Evacuate Collection Set: 0.2ms
[0.627s][info][gc,phases   ] GC(1)   Merge Heap Roots: 0.1ms
[0.627s][info][gc,phases   ] GC(1)   Evacuate Collection Set: 4.1ms
[0.627s][info][gc,phases   ] GC(1)   Post Evacuate Collection Set: 0.5ms
[0.627s][info][gc,phases   ] GC(1)   Other: 0.1ms
[0.627s][info][gc,heap     ] GC(1) Eden regions: 44->0(44)
[0.627s][info][gc,heap     ] GC(1) Survivor regions: 7->7(7)
[0.627s][info][gc,heap     ] GC(1) Old regions: 4->13
[0.627s][info][gc,heap     ] GC(1) Humongous regions: 0->0
[0.627s][info][gc,metaspace] GC(1) Metaspace: 1318K(1472K)->1318K(1472K) NonClass: 1220K(1280K)->1220K(1280K) Class: 97K(192K)->97K(192K)
[0.627s][info][gc          ] GC(1) Pause Young (Normal) (G1 Evacuation Pause) 109M->38M(2048M) 5.176ms
[0.627s][info][gc,cpu      ] GC(1) User=0.00s Sys=0.00s Real=0.01s
[0.693s][info][gc,start    ] GC(2) Pause Young (Normal) (G1 Evacuation Pause)
[0.693s][info][gc,task     ] GC(2) Using 10 workers of 10 for evacuation
[0.698s][info][gc,phases   ] GC(2)   Pre Evacuate Collection Set: 0.2ms
[0.698s][info][gc,phases   ] GC(2)   Merge Heap Roots: 0.1ms
[0.698s][info][gc,phases   ] GC(2)   Evacuate Collection Set: 4.5ms
[0.698s][info][gc,phases   ] GC(2)   Post Evacuate Collection Set: 0.3ms
[0.699s][info][gc,phases   ] GC(2)   Other: 0.1ms
[0.699s][info][gc,heap     ] GC(2) Eden regions: 44->0(44)
[0.699s][info][gc,heap     ] GC(2) Survivor regions: 7->7(7)
[0.699s][info][gc,heap     ] GC(2) Old regions: 13->22
[0.699s][info][gc,heap     ] GC(2) Humongous regions: 0->0
[0.699s][info][gc,metaspace] GC(2) Metaspace: 1319K(1472K)->1319K(1472K) NonClass: 1221K(1280K)->1221K(1280K) Class: 97K(192K)->97K(192K)
[0.699s][info][gc          ] GC(2) Pause Young (Normal) (G1 Evacuation Pause) 126M->56M(2048M) 5.572ms
[0.699s][info][gc,cpu      ] GC(2) User=0.05s Sys=0.14s Real=0.01s
[0.762s][info][gc,start    ] GC(3) Pause Young (Normal) (G1 Evacuation Pause)
[0.762s][info][gc,task     ] GC(3) Using 10 workers of 10 for evacuation
[0.767s][info][gc,phases   ] GC(3)   Pre Evacuate Collection Set: 0.3ms
[0.767s][info][gc,phases   ] GC(3)   Merge Heap Roots: 0.1ms
[0.767s][info][gc,phases   ] GC(3)   Evacuate Collection Set: 4.0ms
[0.767s][info][gc,phases   ] GC(3)   Post Evacuate Collection Set: 0.4ms
[0.767s][info][gc,phases   ] GC(3)   Other: 0.1ms
[0.767s][info][gc,heap     ] GC(3) Eden regions: 44->0(59)
[0.767s][info][gc,heap     ] GC(3) Survivor regions: 7->7(7)
[0.767s][info][gc,heap     ] GC(3) Old regions: 22->30
[0.767s][info][gc,heap     ] GC(3) Humongous regions: 0->0
[0.767s][info][gc,metaspace] GC(3) Metaspace: 1319K(1472K)->1319K(1472K) NonClass: 1222K(1280K)->1222K(1280K) Class: 97K(192K)->97K(192K)
[0.767s][info][gc          ] GC(3) Pause Young (Normal) (G1 Evacuation Pause) 144M->73M(2048M) 5.154ms
[0.767s][info][gc,cpu      ] GC(3) User=0.00s Sys=0.00s Real=0.00s
[0.847s][info][gc,start    ] GC(4) Pause Young (Normal) (G1 Evacuation Pause)
[0.847s][info][gc,task     ] GC(4) Using 10 workers of 10 for evacuation
[0.854s][info][gc,phases   ] GC(4)   Pre Evacuate Collection Set: 0.2ms
[0.854s][info][gc,phases   ] GC(4)   Merge Heap Roots: 0.1ms
[0.854s][info][gc,phases   ] GC(4)   Evacuate Collection Set: 5.5ms
[0.854s][info][gc,phases   ] GC(4)   Post Evacuate Collection Set: 0.5ms
[0.854s][info][gc,phases   ] GC(4)   Other: 0.1ms
[0.854s][info][gc,heap     ] GC(4) Eden regions: 59->0(91)
[0.854s][info][gc,heap     ] GC(4) Survivor regions: 7->9(9)
[0.854s][info][gc,heap     ] GC(4) Old regions: 30->40
[0.854s][info][gc,heap     ] GC(4) Humongous regions: 0->0
[0.854s][info][gc,metaspace] GC(4) Metaspace: 1319K(1472K)->1319K(1472K) NonClass: 1222K(1280K)->1222K(1280K) Class: 97K(192K)->97K(192K)
[0.854s][info][gc          ] GC(4) Pause Young (Normal) (G1 Evacuation Pause) 191M->96M(2048M) 6.629ms
[0.854s][info][gc,cpu      ] GC(4) User=0.06s Sys=0.09s Real=0.01s
[0.992s][info][gc,start    ] GC(5) Pause Young (Normal) (G1 Evacuation Pause)
[0.992s][info][gc,task     ] GC(5) Using 10 workers of 10 for evacuation
[1.001s][info][gc,phases   ] GC(5)   Pre Evacuate Collection Set: 0.2ms
[1.001s][info][gc,phases   ] GC(5)   Merge Heap Roots: 0.1ms
[1.001s][info][gc,phases   ] GC(5)   Evacuate Collection Set: 8.1ms
[1.001s][info][gc,phases   ] GC(5)   Post Evacuate Collection Set: 0.5ms
[1.001s][info][gc,phases   ] GC(5)   Other: 0.1ms
[1.001s][info][gc,heap     ] GC(5) Eden regions: 91->0(93)
[1.002s][info][gc,heap     ] GC(5) Survivor regions: 9->13(13)
[1.002s][info][gc,heap     ] GC(5) Old regions: 40->53
[1.002s][info][gc,heap     ] GC(5) Humongous regions: 0->0
[1.002s][info][gc,metaspace] GC(5) Metaspace: 1319K(1472K)->1319K(1472K) NonClass: 1222K(1280K)->1222K(1280K) Class: 97K(192K)->97K(192K)
[1.002s][info][gc          ] GC(5) Pause Young (Normal) (G1 Evacuation Pause) 278M->130M(2048M) 9.348ms
[1.002s][info][gc,cpu      ] GC(5) User=0.00s Sys=0.00s Real=0.01s
[1.123s][info][gc,start    ] GC(6) Pause Young (Normal) (G1 Evacuation Pause)
[1.123s][info][gc,task     ] GC(6) Using 10 workers of 10 for evacuation
[1.133s][info][gc,phases   ] GC(6)   Pre Evacuate Collection Set: 0.3ms
[1.133s][info][gc,phases   ] GC(6)   Merge Heap Roots: 0.1ms
[1.133s][info][gc,phases   ] GC(6)   Evacuate Collection Set: 8.8ms
[1.133s][info][gc,phases   ] GC(6)   Post Evacuate Collection Set: 0.6ms
[1.133s][info][gc,phases   ] GC(6)   Other: 0.1ms
[1.133s][info][gc,heap     ] GC(6) Eden regions: 93->0(112)
[1.133s][info][gc,heap     ] GC(6) Survivor regions: 13->14(14)
[1.133s][info][gc,heap     ] GC(6) Old regions: 53->70
[1.133s][info][gc,heap     ] GC(6) Humongous regions: 1->0
[1.133s][info][gc,metaspace] GC(6) Metaspace: 1319K(1472K)->1319K(1472K) NonClass: 1222K(1280K)->1222K(1280K) Class: 97K(192K)->97K(192K)
[1.133s][info][gc          ] GC(6) Pause Young (Normal) (G1 Evacuation Pause) 318M->167M(2048M) 10.059ms
[1.133s][info][gc,cpu      ] GC(6) User=0.00s Sys=0.00s Real=0.01s
[1.283s][info][gc,start    ] GC(7) Pause Young (Normal) (G1 Evacuation Pause)
[1.283s][info][gc,task     ] GC(7) Using 10 workers of 10 for evacuation
[1.295s][info][gc,phases   ] GC(7)   Pre Evacuate Collection Set: 0.3ms
[1.296s][info][gc,phases   ] GC(7)   Merge Heap Roots: 0.1ms
[1.296s][info][gc,phases   ] GC(7)   Evacuate Collection Set: 11.0ms
[1.296s][info][gc,phases   ] GC(7)   Post Evacuate Collection Set: 0.6ms
[1.296s][info][gc,phases   ] GC(7)   Other: 0.1ms
[1.296s][info][gc,heap     ] GC(7) Eden regions: 112->0(132)
[1.296s][info][gc,heap     ] GC(7) Survivor regions: 14->16(16)
[1.296s][info][gc,heap     ] GC(7) Old regions: 70->91
[1.296s][info][gc,heap     ] GC(7) Humongous regions: 0->0
[1.296s][info][gc,metaspace] GC(7) Metaspace: 1319K(1472K)->1319K(1472K) NonClass: 1222K(1280K)->1222K(1280K) Class: 97K(192K)->97K(192K)
[1.296s][info][gc          ] GC(7) Pause Young (Normal) (G1 Evacuation Pause) 391M->212M(2048M) 12.346ms
[1.296s][info][gc,cpu      ] GC(7) User=0.08s Sys=0.08s Real=0.01s
[1.469s][info][gc,start    ] GC(8) Pause Young (Normal) (G1 Evacuation Pause)
[1.469s][info][gc,task     ] GC(8) Using 10 workers of 10 for evacuation
[1.483s][info][gc,phases   ] GC(8)   Pre Evacuate Collection Set: 0.2ms
[1.483s][info][gc,phases   ] GC(8)   Merge Heap Roots: 0.1ms
[1.483s][info][gc,phases   ] GC(8)   Evacuate Collection Set: 12.7ms
[1.483s][info][gc,phases   ] GC(8)   Post Evacuate Collection Set: 0.7ms
[1.483s][info][gc,phases   ] GC(8)   Other: 0.1ms
[1.483s][info][gc,heap     ] GC(8) Eden regions: 132->0(173)
[1.483s][info][gc,heap     ] GC(8) Survivor regions: 16->19(19)
[1.483s][info][gc,heap     ] GC(8) Old regions: 91->114
[1.483s][info][gc,heap     ] GC(8) Humongous regions: 1->0
[1.483s][info][gc,metaspace] GC(8) Metaspace: 1319K(1472K)->1319K(1472K) NonClass: 1222K(1280K)->1222K(1280K) Class: 97K(192K)->97K(192K)
[1.483s][info][gc          ] GC(8) Pause Young (Normal) (G1 Evacuation Pause) 478M->264M(2048M) 14.042ms
[1.483s][info][gc,cpu      ] GC(8) User=0.05s Sys=0.11s Real=0.01s
[1.721s][info][gc,start    ] GC(9) Pause Young (Normal) (G1 Evacuation Pause)
[1.721s][info][gc,task     ] GC(9) Using 10 workers of 10 for evacuation
[1.737s][info][gc,phases   ] GC(9)   Pre Evacuate Collection Set: 0.2ms
[1.737s][info][gc,phases   ] GC(9)   Merge Heap Roots: 0.1ms
[1.737s][info][gc,phases   ] GC(9)   Evacuate Collection Set: 14.8ms
[1.737s][info][gc,phases   ] GC(9)   Post Evacuate Collection Set: 0.5ms
[1.737s][info][gc,phases   ] GC(9)   Other: 0.1ms
[1.737s][info][gc,heap     ] GC(9) Eden regions: 173->0(201)
[1.737s][info][gc,heap     ] GC(9) Survivor regions: 19->24(24)
[1.737s][info][gc,heap     ] GC(9) Old regions: 114->143
[1.737s][info][gc,heap     ] GC(9) Humongous regions: 0->0
[1.737s][info][gc,metaspace] GC(9) Metaspace: 1319K(1472K)->1319K(1472K) NonClass: 1222K(1280K)->1222K(1280K) Class: 97K(192K)->97K(192K)
[1.737s][info][gc          ] GC(9) Pause Young (Normal) (G1 Evacuation Pause) 610M->332M(2048M) 15.982ms
[1.737s][info][gc,cpu      ] GC(9) User=0.05s Sys=0.11s Real=0.02s
[2.327s][info][gc,start    ] GC(10) Pause Young (Normal) (G1 Evacuation Pause)
[2.327s][info][gc,task     ] GC(10) Using 10 workers of 10 for evacuation
[2.348s][info][gc,phases   ] GC(10)   Pre Evacuate Collection Set: 0.2ms
[2.348s][info][gc,phases   ] GC(10)   Merge Heap Roots: 0.1ms
[2.348s][info][gc,phases   ] GC(10)   Evacuate Collection Set: 20.1ms
[2.348s][info][gc,phases   ] GC(10)   Post Evacuate Collection Set: 0.4ms
[2.348s][info][gc,phases   ] GC(10)   Other: 0.1ms
[2.348s][info][gc,heap     ] GC(10) Eden regions: 201->0(242)
[2.348s][info][gc,heap     ] GC(10) Survivor regions: 24->28(29)
[2.348s][info][gc,heap     ] GC(10) Old regions: 143->167
[2.348s][info][gc,heap     ] GC(10) Humongous regions: 1->1
[2.348s][info][gc,metaspace] GC(10) Metaspace: 1570K(1664K)->1570K(1664K) NonClass: 1434K(1472K)->1434K(1472K) Class: 135K(192K)->135K(192K)
[2.348s][info][gc          ] GC(10) Pause Young (Normal) (G1 Evacuation Pause) 736M->389M(2048M) 21.082ms
[2.348s][info][gc,cpu      ] GC(10) User=0.06s Sys=0.09s Real=0.02s
[2.935s][info][gc,start    ] GC(11) Pause Young (Normal) (G1 Evacuation Pause)
[2.935s][info][gc,task     ] GC(11) Using 10 workers of 10 for evacuation
[2.959s][info][gc,phases   ] GC(11)   Pre Evacuate Collection Set: 0.2ms
[2.959s][info][gc,phases   ] GC(11)   Merge Heap Roots: 0.1ms
[2.959s][info][gc,phases   ] GC(11)   Evacuate Collection Set: 23.4ms
[2.959s][info][gc,phases   ] GC(11)   Post Evacuate Collection Set: 0.7ms
[2.959s][info][gc,phases   ] GC(11)   Other: 0.1ms
[2.959s][info][gc,heap     ] GC(11) Eden regions: 242->0(602)
[2.959s][info][gc,heap     ] GC(11) Survivor regions: 28->12(34)
[2.959s][info][gc,heap     ] GC(11) Old regions: 167->194
[2.959s][info][gc,heap     ] GC(11) Humongous regions: 3->3
[2.959s][info][gc,metaspace] GC(11) Metaspace: 1576K(1664K)->1576K(1664K) NonClass: 1440K(1472K)->1440K(1472K) Class: 135K(192K)->135K(192K)
[2.960s][info][gc          ] GC(11) Pause Young (Normal) (G1 Evacuation Pause) 877M->416M(2048M) 24.834ms
[2.960s][info][gc,cpu      ] GC(11) User=0.03s Sys=0.12s Real=0.02s
[3.061s][info][gc,start    ] GC(12) Pause Young (Normal) (G1 Evacuation Pause)
[3.062s][info][gc,task     ] GC(12) Using 10 workers of 10 for evacuation
[3.076s][info][gc,phases   ] GC(12)   Pre Evacuate Collection Set: 0.2ms
[3.076s][info][gc,phases   ] GC(12)   Merge Heap Roots: 0.3ms
[3.076s][info][gc,phases   ] GC(12)   Evacuate Collection Set: 13.6ms
[3.076s][info][gc,phases   ] GC(12)   Post Evacuate Collection Set: 0.4ms
[3.076s][info][gc,phases   ] GC(12)   Other: 0.1ms
[3.076s][info][gc,heap     ] GC(12) Eden regions: 39->0(612)
[3.076s][info][gc,heap     ] GC(12) Survivor regions: 12->2(7)
[3.076s][info][gc,heap     ] GC(12) Old regions: 194->205
[3.076s][info][gc,heap     ] GC(12) Humongous regions: 3->3
[3.076s][info][gc,metaspace] GC(12) Metaspace: 1576K(1664K)->1576K(1664K) NonClass: 1440K(1472K)->1440K(1472K) Class: 135K(192K)->135K(192K)
[3.077s][info][gc          ] GC(12) Pause Young (Normal) (G1 Evacuation Pause) 494M->419M(2048M) 15.049ms
[3.077s][info][gc,cpu      ] GC(12) User=0.14s Sys=0.02s Real=0.02s
[3.637s][info][gc,start    ] GC(13) Pause Young (Normal) (G1 Evacuation Pause)
[3.637s][info][gc,task     ] GC(13) Using 10 workers of 10 for evacuation
[3.654s][info][gc,phases   ] GC(13)   Pre Evacuate Collection Set: 0.2ms
[3.654s][info][gc,phases   ] GC(13)   Merge Heap Roots: 0.3ms
[3.654s][info][gc,phases   ] GC(13)   Evacuate Collection Set: 15.5ms
[3.654s][info][gc,phases   ] GC(13)   Post Evacuate Collection Set: 0.4ms
[3.654s][info][gc,phases   ] GC(13)   Other: 0.1ms
[3.654s][info][gc,heap     ] GC(13) Eden regions: 208->0(604)
[3.654s][info][gc,heap     ] GC(13) Survivor regions: 2->10(27)
[3.654s][info][gc,heap     ] GC(13) Old regions: 205->205
[3.654s][info][gc,heap     ] GC(13) Humongous regions: 6->6
[3.654s][info][gc,metaspace] GC(13) Metaspace: 1576K(1664K)->1576K(1664K) NonClass: 1440K(1472K)->1440K(1472K) Class: 135K(192K)->135K(192K)
[3.654s][info][gc          ] GC(13) Pause Young (Normal) (G1 Evacuation Pause) 841M->441M(2048M) 16.809ms
[3.654s][info][gc,cpu      ] GC(13) User=0.06s Sys=0.09s Real=0.02s
[4.379s][info][gc,start    ] GC(14) Pause Young (Normal) (G1 Evacuation Pause)
[4.380s][info][gc,task     ] GC(14) Using 10 workers of 10 for evacuation
[4.402s][info][gc,phases   ] GC(14)   Pre Evacuate Collection Set: 0.2ms
[4.402s][info][gc,phases   ] GC(14)   Merge Heap Roots: 0.3ms
[4.402s][info][gc,phases   ] GC(14)   Evacuate Collection Set: 21.8ms
[4.402s][info][gc,phases   ] GC(14)   Post Evacuate Collection Set: 0.4ms
[4.402s][info][gc,phases   ] GC(14)   Other: 0.1ms
[4.402s][info][gc,heap     ] GC(14) Eden regions: 259->0(595)
[4.403s][info][gc,heap     ] GC(14) Survivor regions: 10->19(34)
[4.403s][info][gc,heap     ] GC(14) Old regions: 205->205
[4.403s][info][gc,heap     ] GC(14) Humongous regions: 6->6
[4.403s][info][gc,metaspace] GC(14) Metaspace: 1576K(1664K)->1576K(1664K) NonClass: 1440K(1472K)->1440K(1472K) Class: 135K(192K)->135K(192K)
[4.403s][info][gc          ] GC(14) Pause Young (Normal) (G1 Evacuation Pause) 959M->458M(2048M) 23.142ms
[4.403s][info][gc,cpu      ] GC(14) User=0.16s Sys=0.12s Real=0.02s
[4.880s][info][gc,start    ] GC(15) Pause Young (Normal) (G1 Evacuation Pause)
[4.880s][info][gc,task     ] GC(15) Using 10 workers of 10 for evacuation
[4.913s][info][gc,phases   ] GC(15)   Pre Evacuate Collection Set: 0.3ms
[4.913s][info][gc,phases   ] GC(15)   Merge Heap Roots: 0.3ms
[4.913s][info][gc,phases   ] GC(15)   Evacuate Collection Set: 31.8ms
[4.913s][info][gc,phases   ] GC(15)   Post Evacuate Collection Set: 0.6ms
[4.913s][info][gc,phases   ] GC(15)   Other: 0.1ms
[4.913s][info][gc,heap     ] GC(15) Eden regions: 197->0(597)
[4.913s][info][gc,heap     ] GC(15) Survivor regions: 19->17(27)
[4.913s][info][gc,heap     ] GC(15) Old regions: 205->215
[4.913s][info][gc,heap     ] GC(15) Humongous regions: 11->11
[4.913s][info][gc,metaspace] GC(15) Metaspace: 1595K(1728K)->1595K(1728K) NonClass: 1459K(1536K)->1459K(1536K) Class: 136K(192K)->136K(192K)
[4.913s][info][gc          ] GC(15) Pause Young (Normal) (G1 Evacuation Pause) 862M->483M(2048M) 33.312ms
[4.913s][info][gc,cpu      ] GC(15) User=0.30s Sys=0.02s Real=0.03s
[5.142s][info][gc,start    ] GC(16) Pause Young (Normal) (G1 Evacuation Pause)
[5.143s][info][gc,task     ] GC(16) Using 10 workers of 10 for evacuation
[5.169s][info][gc,phases   ] GC(16)   Pre Evacuate Collection Set: 0.3ms
[5.169s][info][gc,phases   ] GC(16)   Merge Heap Roots: 0.5ms
[5.169s][info][gc,phases   ] GC(16)   Evacuate Collection Set: 24.6ms
[5.169s][info][gc,phases   ] GC(16)   Post Evacuate Collection Set: 0.6ms
[5.169s][info][gc,phases   ] GC(16)   Other: 0.1ms
[5.169s][info][gc,heap     ] GC(16) Eden regions: 90->0(386)
[5.169s][info][gc,heap     ] GC(16) Survivor regions: 17->4(14)
[5.169s][info][gc,heap     ] GC(16) Old regions: 215->231
[5.169s][info][gc,heap     ] GC(16) Humongous regions: 11->11
[5.169s][info][gc,metaspace] GC(16) Metaspace: 1597K(1728K)->1597K(1728K) NonClass: 1460K(1536K)->1460K(1536K) Class: 136K(192K)->136K(192K)
[5.169s][info][gc          ] GC(16) Pause Young (Normal) (G1 Evacuation Pause) 663M->490M(2048M) 26.457ms
[5.169s][info][gc,cpu      ] GC(16) User=0.30s Sys=0.00s Real=0.03s
[7.447s][info][gc,start    ] GC(17) Pause Young (Normal) (G1 Evacuation Pause)
[7.447s][info][gc,task     ] GC(17) Using 10 workers of 10 for evacuation
[7.474s][info][gc,phases   ] GC(17)   Pre Evacuate Collection Set: 0.2ms
[7.474s][info][gc,phases   ] GC(17)   Merge Heap Roots: 0.4ms
[7.474s][info][gc,phases   ] GC(17)   Evacuate Collection Set: 25.1ms
[7.474s][info][gc,phases   ] GC(17)   Post Evacuate Collection Set: 0.7ms
[7.474s][info][gc,phases   ] GC(17)   Other: 0.2ms
[7.474s][info][gc,heap     ] GC(17) Eden regions: 419->0(598)
[7.474s][info][gc,heap     ] GC(17) Survivor regions: 4->16(53)
[7.474s][info][gc,heap     ] GC(17) Old regions: 231->231
[7.474s][info][gc,heap     ] GC(17) Humongous regions: 11->11
[7.474s][info][gc,metaspace] GC(17) Metaspace: 1597K(1728K)->1597K(1728K) NonClass: 1461K(1536K)->1461K(1536K) Class: 136K(192K)->136K(192K)
[7.474s][info][gc          ] GC(17) Pause Young (Normal) (G1 Evacuation Pause) 1328M->513M(2048M) 27.003ms
[7.474s][info][gc,cpu      ] GC(17) User=0.16s Sys=0.00s Real=0.03s
[8.315s][info][gc,heap,exit] Heap
[8.315s][info][gc,heap,exit]  garbage-first heap   total 2097152K, used 767560K [0x0000000700000000, 0x0000000800000000)
[8.315s][info][gc,heap,exit]   region size 2048K, 125 young (256000K), 16 survivors (32768K)
[8.315s][info][gc,heap,exit]  Metaspace       used 1777K, committed 1984K, reserved 1114112K
[8.315s][info][gc,heap,exit]   class space    used 156K, committed 256K, reserved 1048576K
