[0.009s][info][gc,init] CardTable entry size: 512
[0.009s][info][gc     ] Using G1
[0.018s][info][gc,init] Version: 21.0.5+9-LTS-239 (release)
[0.018s][info][gc,init] CPUs: 12 total, 12 available
[0.018s][info][gc,init] Memory: 16190M
[0.018s][info][gc,init] Large Page Support: Disabled
[0.018s][info][gc,init] NUMA Support: Disabled
[0.018s][info][gc,init] Compressed Oops: Enabled (Zero based)
[0.018s][info][gc,init] Heap Region Size: 2M
[0.018s][info][gc,init] Heap Min Capacity: 2G
[0.018s][info][gc,init] Heap Initial Capacity: 2G
[0.018s][info][gc,init] Heap Max Capacity: 4G
[0.018s][info][gc,init] Pre-touch: Disabled
[0.018s][info][gc,init] Parallel Workers: 10
[0.018s][info][gc,init] Concurrent Workers: 3
[0.018s][info][gc,init] Concurrent Refinement Workers: 10
[0.018s][info][gc,init] Periodic GC: Disabled
[0.027s][info][gc,metaspace] CDS archive(s) mapped at: [0x00000274db000000-0x00000274dbc90000-0x00000274dbc90000), size 13172736, SharedBaseAddress: 0x00000274db000000, ArchiveRelocationMode: 1.
[0.027s][info][gc,metaspace] Compressed class space mapped at: 0x00000274dc000000-0x000002751c000000, reserved size: 1073741824
[0.027s][info][gc,metaspace] Narrow klass base: 0x00000274db000000, Narrow klass shift: 0, Narrow klass range: 0x100000000
[0.474s][info][gc,start    ] GC(0) Pause Young (Normal) (G1 Evacuation Pause)
[0.474s][info][gc,task     ] GC(0) Using 10 workers of 10 for evacuation
[0.479s][info][gc,phases   ] GC(0)   Pre Evacuate Collection Set: 0.2ms
[0.479s][info][gc,phases   ] GC(0)   Merge Heap Roots: 0.1ms
[0.479s][info][gc,phases   ] GC(0)   Evacuate Collection Set: 3.4ms
[0.479s][info][gc,phases   ] GC(0)   Post Evacuate Collection Set: 0.6ms
[0.479s][info][gc,phases   ] GC(0)   Other: 0.8ms
[0.479s][info][gc,heap     ] GC(0) Eden regions: 51->0(44)
[0.479s][info][gc,heap     ] GC(0) Survivor regions: 0->7(7)
[0.479s][info][gc,heap     ] GC(0) Old regions: 0->4
[0.479s][info][gc,heap     ] GC(0) Humongous regions: 1->0
[0.479s][info][gc,metaspace] GC(0) Metaspace: 1316K(1472K)->1316K(1472K) NonClass: 1218K(1280K)->1218K(1280K) Class: 97K(192K)->97K(192K)
[0.479s][info][gc          ] GC(0) Pause Young (Normal) (G1 Evacuation Pause) 104M->21M(2048M) 5.473ms
[0.479s][info][gc,cpu      ] GC(0) User=0.00s Sys=0.00s Real=0.01s
[0.612s][info][gc,start    ] GC(1) Pause Young (Normal) (G1 Evacuation Pause)
[0.612s][info][gc,task     ] GC(1) Using 10 workers of 10 for evacuation
[0.617s][info][gc,phases   ] GC(1)   Pre Evacuate Collection Set: 0.2ms
[0.617s][info][gc,phases   ] GC(1)   Merge Heap Roots: 0.1ms
[0.617s][info][gc,phases   ] GC(1)   Evacuate Collection Set: 3.9ms
[0.617s][info][gc,phases   ] GC(1)   Post Evacuate Collection Set: 0.4ms
[0.617s][info][gc,phases   ] GC(1)   Other: 0.2ms
[0.617s][info][gc,heap     ] GC(1) Eden regions: 44->0(44)
[0.617s][info][gc,heap     ] GC(1) Survivor regions: 7->7(7)
[0.617s][info][gc,heap     ] GC(1) Old regions: 4->13
[0.617s][info][gc,heap     ] GC(1) Humongous regions: 0->0
[0.617s][info][gc,metaspace] GC(1) Metaspace: 1319K(1472K)->1319K(1472K) NonClass: 1221K(1280K)->1221K(1280K) Class: 97K(192K)->97K(192K)
[0.617s][info][gc          ] GC(1) Pause Young (Normal) (G1 Evacuation Pause) 109M->38M(2048M) 5.081ms
[0.617s][info][gc,cpu      ] GC(1) User=0.00s Sys=0.00s Real=0.00s
[0.890s][info][gc,start    ] GC(2) Pause Young (Normal) (G1 Evacuation Pause)
[0.890s][info][gc,task     ] GC(2) Using 10 workers of 10 for evacuation
[0.896s][info][gc,phases   ] GC(2)   Pre Evacuate Collection Set: 0.2ms
[0.896s][info][gc,phases   ] GC(2)   Merge Heap Roots: 0.1ms
[0.896s][info][gc,phases   ] GC(2)   Evacuate Collection Set: 5.1ms
[0.896s][info][gc,phases   ] GC(2)   Post Evacuate Collection Set: 0.4ms
[0.896s][info][gc,phases   ] GC(2)   Other: 0.1ms
[0.896s][info][gc,heap     ] GC(2) Eden regions: 44->0(45)
[0.896s][info][gc,heap     ] GC(2) Survivor regions: 7->6(7)
[0.896s][info][gc,heap     ] GC(2) Old regions: 13->20
[0.896s][info][gc,heap     ] GC(2) Humongous regions: 0->0
[0.896s][info][gc,metaspace] GC(2) Metaspace: 1554K(1664K)->1554K(1664K) NonClass: 1419K(1472K)->1419K(1472K) Class: 134K(192K)->134K(192K)
[0.896s][info][gc          ] GC(2) Pause Young (Normal) (G1 Evacuation Pause) 126M->50M(2048M) 6.225ms
[0.896s][info][gc,cpu      ] GC(2) User=0.06s Sys=0.11s Real=0.01s
[0.970s][info][gc,start    ] GC(3) Pause Young (Normal) (G1 Evacuation Pause)
[0.970s][info][gc,task     ] GC(3) Using 10 workers of 10 for evacuation
[0.977s][info][gc,phases   ] GC(3)   Pre Evacuate Collection Set: 0.2ms
[0.977s][info][gc,phases   ] GC(3)   Merge Heap Roots: 0.1ms
[0.977s][info][gc,phases   ] GC(3)   Evacuate Collection Set: 6.1ms
[0.977s][info][gc,phases   ] GC(3)   Post Evacuate Collection Set: 0.5ms
[0.977s][info][gc,phases   ] GC(3)   Other: 0.1ms
[0.977s][info][gc,heap     ] GC(3) Eden regions: 45->0(84)
[0.977s][info][gc,heap     ] GC(3) Survivor regions: 6->3(7)
[0.977s][info][gc,heap     ] GC(3) Old regions: 20->25
[0.977s][info][gc,heap     ] GC(3) Humongous regions: 1->1
[0.977s][info][gc,metaspace] GC(3) Metaspace: 1557K(1664K)->1557K(1664K) NonClass: 1423K(1472K)->1423K(1472K) Class: 134K(192K)->134K(192K)
[0.977s][info][gc          ] GC(3) Pause Young (Normal) (G1 Evacuation Pause) 142M->57M(2048M) 7.148ms
[0.977s][info][gc,cpu      ] GC(3) User=0.00s Sys=0.00s Real=0.01s
[1.098s][info][gc,start    ] GC(4) Pause Young (Normal) (G1 Evacuation Pause)
[1.098s][info][gc,task     ] GC(4) Using 10 workers of 10 for evacuation
[1.106s][info][gc,phases   ] GC(4)   Pre Evacuate Collection Set: 0.2ms
[1.106s][info][gc,phases   ] GC(4)   Merge Heap Roots: 0.2ms
[1.106s][info][gc,phases   ] GC(4)   Evacuate Collection Set: 7.6ms
[1.106s][info][gc,phases   ] GC(4)   Post Evacuate Collection Set: 0.3ms
[1.106s][info][gc,phases   ] GC(4)   Other: 0.1ms
[1.106s][info][gc,heap     ] GC(4) Eden regions: 84->0(120)
[1.106s][info][gc,heap     ] GC(4) Survivor regions: 3->8(11)
[1.106s][info][gc,heap     ] GC(4) Old regions: 25->25
[1.106s][info][gc,heap     ] GC(4) Humongous regions: 1->1
[1.106s][info][gc,metaspace] GC(4) Metaspace: 1565K(1664K)->1565K(1664K) NonClass: 1431K(1472K)->1431K(1472K) Class: 134K(192K)->134K(192K)
[1.106s][info][gc          ] GC(4) Pause Young (Normal) (G1 Evacuation Pause) 225M->66M(2048M) 8.714ms
[1.107s][info][gc,cpu      ] GC(4) User=0.00s Sys=0.00s Real=0.01s
[1.248s][info][gc,heap,exit] Heap
[1.248s][info][gc,heap,exit]  garbage-first heap   total 2097152K, used 141635K [0x0000000700000000, 0x0000000800000000)
[1.248s][info][gc,heap,exit]   region size 2048K, 43 young (88064K), 8 survivors (16384K)
[1.248s][info][gc,heap,exit]  Metaspace       used 1736K, committed 1920K, reserved 1114112K
[1.248s][info][gc,heap,exit]   class space    used 153K, committed 256K, reserved 1048576K
