[0.010s][info][gc,init] CardTable entry size: 512
[0.010s][info][gc     ] Using G1
[0.019s][info][gc,init] Version: 21.0.5+9-LTS-239 (release)
[0.019s][info][gc,init] CPUs: 12 total, 12 available
[0.019s][info][gc,init] Memory: 16190M
[0.019s][info][gc,init] Large Page Support: Disabled
[0.019s][info][gc,init] NUMA Support: Disabled
[0.019s][info][gc,init] Compressed Oops: Enabled (Zero based)
[0.019s][info][gc,init] Heap Region Size: 2M
[0.019s][info][gc,init] Heap Min Capacity: 2G
[0.019s][info][gc,init] Heap Initial Capacity: 2G
[0.019s][info][gc,init] Heap Max Capacity: 4G
[0.019s][info][gc,init] Pre-touch: Disabled
[0.019s][info][gc,init] Parallel Workers: 10
[0.019s][info][gc,init] Concurrent Workers: 3
[0.020s][info][gc,init] Concurrent Refinement Workers: 10
[0.020s][info][gc,init] Periodic GC: Disabled
[0.028s][info][gc,metaspace] CDS archive(s) mapped at: [0x0000029d5e000000-0x0000029d5ec90000-0x0000029d5ec90000), size 13172736, SharedBaseAddress: 0x0000029d5e000000, ArchiveRelocationMode: 1.
[0.028s][info][gc,metaspace] Compressed class space mapped at: 0x0000029d5f000000-0x0000029d9f000000, reserved size: 1073741824
[0.028s][info][gc,metaspace] Narrow klass base: 0x0000029d5e000000, Narrow klass shift: 0, Narrow klass range: 0x100000000
[0.493s][info][gc,start    ] GC(0) Pause Young (Normal) (G1 Evacuation Pause)
[0.494s][info][gc,task     ] GC(0) Using 10 workers of 10 for evacuation
[0.499s][info][gc,phases   ] GC(0)   Pre Evacuate Collection Set: 0.2ms
[0.499s][info][gc,phases   ] GC(0)   Merge Heap Roots: 0.1ms
[0.499s][info][gc,phases   ] GC(0)   Evacuate Collection Set: 3.8ms
[0.499s][info][gc,phases   ] GC(0)   Post Evacuate Collection Set: 0.4ms
[0.499s][info][gc,phases   ] GC(0)   Other: 1.4ms
[0.499s][info][gc,heap     ] GC(0) Eden regions: 51->0(44)
[0.499s][info][gc,heap     ] GC(0) Survivor regions: 0->7(7)
[0.499s][info][gc,heap     ] GC(0) Old regions: 0->4
[0.499s][info][gc,heap     ] GC(0) Humongous regions: 1->0
[0.499s][info][gc,metaspace] GC(0) Metaspace: 1315K(1472K)->1315K(1472K) NonClass: 1218K(1280K)->1218K(1280K) Class: 97K(192K)->97K(192K)
[0.499s][info][gc          ] GC(0) Pause Young (Normal) (G1 Evacuation Pause) 104M->20M(2048M) 6.131ms
[0.499s][info][gc,cpu      ] GC(0) User=0.02s Sys=0.02s Real=0.01s
[0.648s][info][gc,start    ] GC(1) Pause Young (Normal) (G1 Evacuation Pause)
[0.649s][info][gc,task     ] GC(1) Using 10 workers of 10 for evacuation
[0.654s][info][gc,phases   ] GC(1)   Pre Evacuate Collection Set: 0.2ms
[0.654s][info][gc,phases   ] GC(1)   Merge Heap Roots: 0.1ms
[0.654s][info][gc,phases   ] GC(1)   Evacuate Collection Set: 4.4ms
[0.654s][info][gc,phases   ] GC(1)   Post Evacuate Collection Set: 0.4ms
[0.654s][info][gc,phases   ] GC(1)   Other: 0.1ms
[0.654s][info][gc,heap     ] GC(1) Eden regions: 44->0(44)
[0.654s][info][gc,heap     ] GC(1) Survivor regions: 7->7(7)
[0.654s][info][gc,heap     ] GC(1) Old regions: 4->12
[0.654s][info][gc,heap     ] GC(1) Humongous regions: 0->0
[0.654s][info][gc,metaspace] GC(1) Metaspace: 1319K(1472K)->1319K(1472K) NonClass: 1221K(1280K)->1221K(1280K) Class: 97K(192K)->97K(192K)
[0.654s][info][gc          ] GC(1) Pause Young (Normal) (G1 Evacuation Pause) 108M->37M(2048M) 5.497ms
[0.654s][info][gc,cpu      ] GC(1) User=0.08s Sys=0.09s Real=0.01s
[0.985s][info][gc,start    ] GC(2) Pause Young (Normal) (G1 Evacuation Pause)
[0.985s][info][gc,task     ] GC(2) Using 10 workers of 10 for evacuation
[0.994s][info][gc,phases   ] GC(2)   Pre Evacuate Collection Set: 0.3ms
[0.994s][info][gc,phases   ] GC(2)   Merge Heap Roots: 0.1ms
[0.994s][info][gc,phases   ] GC(2)   Evacuate Collection Set: 7.5ms
[0.994s][info][gc,phases   ] GC(2)   Post Evacuate Collection Set: 0.4ms
[0.994s][info][gc,phases   ] GC(2)   Other: 0.1ms
[0.994s][info][gc,heap     ] GC(2) Eden regions: 44->0(45)
[0.994s][info][gc,heap     ] GC(2) Survivor regions: 7->6(7)
[0.994s][info][gc,heap     ] GC(2) Old regions: 12->19
[0.994s][info][gc,heap     ] GC(2) Humongous regions: 0->0
[0.994s][info][gc,metaspace] GC(2) Metaspace: 1619K(1792K)->1619K(1792K) NonClass: 1466K(1536K)->1466K(1536K) Class: 153K(256K)->153K(256K)
[0.994s][info][gc          ] GC(2) Pause Young (Normal) (G1 Evacuation Pause) 125M->48M(2048M) 8.783ms
[0.994s][info][gc,cpu      ] GC(2) User=0.00s Sys=0.00s Real=0.01s
[1.095s][info][gc,start    ] GC(3) Pause Young (Normal) (G1 Evacuation Pause)
[1.095s][info][gc,task     ] GC(3) Using 10 workers of 10 for evacuation
[1.102s][info][gc,phases   ] GC(3)   Pre Evacuate Collection Set: 0.2ms
[1.102s][info][gc,phases   ] GC(3)   Merge Heap Roots: 0.1ms
[1.102s][info][gc,phases   ] GC(3)   Evacuate Collection Set: 6.4ms
[1.102s][info][gc,phases   ] GC(3)   Post Evacuate Collection Set: 0.3ms
[1.102s][info][gc,phases   ] GC(3)   Other: 0.1ms
[1.102s][info][gc,heap     ] GC(3) Eden regions: 45->0(82)
[1.102s][info][gc,heap     ] GC(3) Survivor regions: 6->4(7)
[1.102s][info][gc,heap     ] GC(3) Old regions: 19->24
[1.102s][info][gc,heap     ] GC(3) Humongous regions: 1->1
[1.102s][info][gc,metaspace] GC(3) Metaspace: 1619K(1792K)->1619K(1792K) NonClass: 1466K(1536K)->1466K(1536K) Class: 153K(256K)->153K(256K)
[1.102s][info][gc          ] GC(3) Pause Young (Normal) (G1 Evacuation Pause) 140M->56M(2048M) 7.383ms
[1.102s][info][gc,cpu      ] GC(3) User=0.00s Sys=0.00s Real=0.01s
[1.195s][info][gc,start    ] GC(4) Pause Young (Normal) (G1 Evacuation Pause)
[1.195s][info][gc,task     ] GC(4) Using 10 workers of 10 for evacuation
[1.205s][info][gc,phases   ] GC(4)   Pre Evacuate Collection Set: 0.2ms
[1.205s][info][gc,phases   ] GC(4)   Merge Heap Roots: 0.2ms
[1.205s][info][gc,phases   ] GC(4)   Evacuate Collection Set: 8.9ms
[1.205s][info][gc,phases   ] GC(4)   Post Evacuate Collection Set: 0.3ms
[1.205s][info][gc,phases   ] GC(4)   Other: 0.1ms
[1.205s][info][gc,heap     ] GC(4) Eden regions: 82->0(127)
[1.205s][info][gc,heap     ] GC(4) Survivor regions: 4->8(11)
[1.205s][info][gc,heap     ] GC(4) Old regions: 24->24
[1.205s][info][gc,heap     ] GC(4) Humongous regions: 1->1
[1.205s][info][gc,metaspace] GC(4) Metaspace: 1627K(1792K)->1627K(1792K) NonClass: 1474K(1536K)->1474K(1536K) Class: 153K(256K)->153K(256K)
[1.205s][info][gc          ] GC(4) Pause Young (Normal) (G1 Evacuation Pause) 220M->64M(2048M) 10.000ms
[1.205s][info][gc,cpu      ] GC(4) User=0.11s Sys=0.05s Real=0.01s
[1.338s][info][gc,heap,exit] Heap
[1.338s][info][gc,heap,exit]  garbage-first heap   total 2097152K, used 145590K [0x0000000700000000, 0x0000000800000000)
[1.338s][info][gc,heap,exit]   region size 2048K, 46 young (94208K), 8 survivors (16384K)
[1.338s][info][gc,heap,exit]  Metaspace       used 1789K, committed 1920K, reserved 1114112K
[1.338s][info][gc,heap,exit]   class space    used 172K, committed 256K, reserved 1048576K
