[0.011s][info][gc,init] CardTable entry size: 512
[0.012s][info][gc     ] Using G1
[0.022s][info][gc,init] Version: 21.0.5+9-LTS-239 (release)
[0.022s][info][gc,init] CPUs: 12 total, 12 available
[0.022s][info][gc,init] Memory: 16190M
[0.022s][info][gc,init] Large Page Support: Disabled
[0.022s][info][gc,init] NUMA Support: Disabled
[0.022s][info][gc,init] Compressed Oops: Enabled (Zero based)
[0.022s][info][gc,init] Heap Region Size: 2M
[0.022s][info][gc,init] Heap Min Capacity: 2G
[0.022s][info][gc,init] Heap Initial Capacity: 2G
[0.022s][info][gc,init] Heap Max Capacity: 4G
[0.022s][info][gc,init] Pre-touch: Disabled
[0.022s][info][gc,init] Parallel Workers: 10
[0.022s][info][gc,init] Concurrent Workers: 3
[0.022s][info][gc,init] Concurrent Refinement Workers: 10
[0.022s][info][gc,init] Periodic GC: Disabled
[0.031s][info][gc,metaspace] CDS archive(s) mapped at: [0x000001b75f000000-0x000001b75fc90000-0x000001b75fc90000), size 13172736, SharedBaseAddress: 0x000001b75f000000, ArchiveRelocationMode: 1.
[0.031s][info][gc,metaspace] Compressed class space mapped at: 0x000001b760000000-0x000001b7a0000000, reserved size: 1073741824
[0.031s][info][gc,metaspace] Narrow klass base: 0x000001b75f000000, Narrow klass shift: 0, Narrow klass range: 0x100000000
[0.486s][info][gc,start    ] GC(0) Pause Young (Normal) (G1 Evacuation Pause)
[0.487s][info][gc,task     ] GC(0) Using 10 workers of 10 for evacuation
[0.491s][info][gc,phases   ] GC(0)   Pre Evacuate Collection Set: 0.2ms
[0.491s][info][gc,phases   ] GC(0)   Merge Heap Roots: 0.1ms
[0.491s][info][gc,phases   ] GC(0)   Evacuate Collection Set: 3.6ms
[0.491s][info][gc,phases   ] GC(0)   Post Evacuate Collection Set: 0.4ms
[0.491s][info][gc,phases   ] GC(0)   Other: 0.9ms
[0.491s][info][gc,heap     ] GC(0) Eden regions: 51->0(44)
[0.491s][info][gc,heap     ] GC(0) Survivor regions: 0->7(7)
[0.491s][info][gc,heap     ] GC(0) Old regions: 0->4
[0.491s][info][gc,heap     ] GC(0) Humongous regions: 1->0
[0.491s][info][gc,metaspace] GC(0) Metaspace: 1309K(1472K)->1309K(1472K) NonClass: 1211K(1280K)->1211K(1280K) Class: 97K(192K)->97K(192K)
[0.491s][info][gc          ] GC(0) Pause Young (Normal) (G1 Evacuation Pause) 104M->21M(2048M) 5.682ms
[0.491s][info][gc,cpu      ] GC(0) User=0.02s Sys=0.00s Real=0.01s
[0.651s][info][gc,start    ] GC(1) Pause Young (Normal) (G1 Evacuation Pause)
[0.651s][info][gc,task     ] GC(1) Using 10 workers of 10 for evacuation
[0.656s][info][gc,phases   ] GC(1)   Pre Evacuate Collection Set: 0.2ms
[0.656s][info][gc,phases   ] GC(1)   Merge Heap Roots: 0.1ms
[0.656s][info][gc,phases   ] GC(1)   Evacuate Collection Set: 4.5ms
[0.656s][info][gc,phases   ] GC(1)   Post Evacuate Collection Set: 0.4ms
[0.656s][info][gc,phases   ] GC(1)   Other: 0.1ms
[0.656s][info][gc,heap     ] GC(1) Eden regions: 44->0(44)
[0.656s][info][gc,heap     ] GC(1) Survivor regions: 7->7(7)
[0.656s][info][gc,heap     ] GC(1) Old regions: 4->13
[0.656s][info][gc,heap     ] GC(1) Humongous regions: 0->0
[0.656s][info][gc,metaspace] GC(1) Metaspace: 1311K(1472K)->1311K(1472K) NonClass: 1213K(1280K)->1213K(1280K) Class: 97K(192K)->97K(192K)
[0.656s][info][gc          ] GC(1) Pause Young (Normal) (G1 Evacuation Pause) 109M->38M(2048M) 5.527ms
[0.656s][info][gc,cpu      ] GC(1) User=0.00s Sys=0.00s Real=0.01s
[0.953s][info][gc,start    ] GC(2) Pause Young (Normal) (G1 Evacuation Pause)
[0.953s][info][gc,task     ] GC(2) Using 10 workers of 10 for evacuation
[0.961s][info][gc,phases   ] GC(2)   Pre Evacuate Collection Set: 0.3ms
[0.961s][info][gc,phases   ] GC(2)   Merge Heap Roots: 0.1ms
[0.961s][info][gc,phases   ] GC(2)   Evacuate Collection Set: 7.1ms
[0.961s][info][gc,phases   ] GC(2)   Post Evacuate Collection Set: 0.6ms
[0.961s][info][gc,phases   ] GC(2)   Other: 0.1ms
[0.961s][info][gc,heap     ] GC(2) Eden regions: 44->0(45)
[0.961s][info][gc,heap     ] GC(2) Survivor regions: 7->6(7)
[0.961s][info][gc,heap     ] GC(2) Old regions: 13->20
[0.961s][info][gc,heap     ] GC(2) Humongous regions: 0->0
[0.961s][info][gc,metaspace] GC(2) Metaspace: 1737K(1920K)->1737K(1920K) NonClass: 1548K(1664K)->1548K(1664K) Class: 188K(256K)->188K(256K)
[0.961s][info][gc          ] GC(2) Pause Young (Normal) (G1 Evacuation Pause) 126M->49M(2048M) 8.496ms
[0.961s][info][gc,cpu      ] GC(2) User=0.11s Sys=0.06s Real=0.01s
[1.083s][info][gc,start    ] GC(3) Pause Young (Normal) (G1 Evacuation Pause)
[1.083s][info][gc,task     ] GC(3) Using 10 workers of 10 for evacuation
[1.091s][info][gc,phases   ] GC(3)   Pre Evacuate Collection Set: 0.2ms
[1.091s][info][gc,phases   ] GC(3)   Merge Heap Roots: 0.1ms
[1.091s][info][gc,phases   ] GC(3)   Evacuate Collection Set: 7.1ms
[1.091s][info][gc,phases   ] GC(3)   Post Evacuate Collection Set: 0.3ms
[1.091s][info][gc,phases   ] GC(3)   Other: 0.1ms
[1.091s][info][gc,heap     ] GC(3) Eden regions: 45->0(81)
[1.091s][info][gc,heap     ] GC(3) Survivor regions: 6->4(7)
[1.091s][info][gc,heap     ] GC(3) Old regions: 20->26
[1.091s][info][gc,heap     ] GC(3) Humongous regions: 1->1
[1.091s][info][gc,metaspace] GC(3) Metaspace: 1741K(1920K)->1741K(1920K) NonClass: 1552K(1664K)->1552K(1664K) Class: 188K(256K)->188K(256K)
[1.091s][info][gc          ] GC(3) Pause Young (Normal) (G1 Evacuation Pause) 141M->59M(2048M) 8.227ms
[1.091s][info][gc,cpu      ] GC(3) User=0.05s Sys=0.12s Real=0.01s
[1.220s][info][gc,start    ] GC(4) Pause Young (Normal) (G1 Evacuation Pause)
[1.220s][info][gc,task     ] GC(4) Using 10 workers of 10 for evacuation
[1.231s][info][gc,phases   ] GC(4)   Pre Evacuate Collection Set: 0.2ms
[1.231s][info][gc,phases   ] GC(4)   Merge Heap Roots: 0.2ms
[1.231s][info][gc,phases   ] GC(4)   Evacuate Collection Set: 9.8ms
[1.231s][info][gc,phases   ] GC(4)   Post Evacuate Collection Set: 0.4ms
[1.231s][info][gc,phases   ] GC(4)   Other: 0.2ms
[1.231s][info][gc,heap     ] GC(4) Eden regions: 81->0(120)
[1.231s][info][gc,heap     ] GC(4) Survivor regions: 4->8(11)
[1.232s][info][gc,heap     ] GC(4) Old regions: 26->26
[1.232s][info][gc,heap     ] GC(4) Humongous regions: 1->1
[1.232s][info][gc,metaspace] GC(4) Metaspace: 1749K(1920K)->1749K(1920K) NonClass: 1560K(1664K)->1560K(1664K) Class: 188K(256K)->188K(256K)
[1.232s][info][gc          ] GC(4) Pause Young (Normal) (G1 Evacuation Pause) 221M->67M(2048M) 11.308ms
[1.232s][info][gc,cpu      ] GC(4) User=0.08s Sys=0.08s Real=0.01s
[1.429s][info][gc,heap,exit] Heap
[1.429s][info][gc,heap,exit]  garbage-first heap   total 2097152K, used 160728K [0x0000000700000000, 0x0000000800000000)
[1.429s][info][gc,heap,exit]   region size 2048K, 51 young (104448K), 8 survivors (16384K)
[1.429s][info][gc,heap,exit]  Metaspace       used 1915K, committed 2048K, reserved 1114112K
[1.429s][info][gc,heap,exit]   class space    used 208K, committed 256K, reserved 1048576K
