[0.012s][info][gc,init] CardTable entry size: 512
[0.012s][info][gc     ] Using G1
[0.025s][info][gc,init] Version: 21.0.5+9-LTS-239 (release)
[0.025s][info][gc,init] CPUs: 12 total, 12 available
[0.026s][info][gc,init] Memory: 16190M
[0.026s][info][gc,init] Large Page Support: Disabled
[0.026s][info][gc,init] NUMA Support: Disabled
[0.026s][info][gc,init] Compressed Oops: Enabled (Zero based)
[0.026s][info][gc,init] Heap Region Size: 2M
[0.026s][info][gc,init] Heap Min Capacity: 2G
[0.026s][info][gc,init] Heap Initial Capacity: 2G
[0.026s][info][gc,init] Heap Max Capacity: 4G
[0.026s][info][gc,init] Pre-touch: Disabled
[0.026s][info][gc,init] Parallel Workers: 10
[0.026s][info][gc,init] Concurrent Workers: 3
[0.026s][info][gc,init] Concurrent Refinement Workers: 10
[0.026s][info][gc,init] Periodic GC: Disabled
[0.045s][info][gc,metaspace] CDS archive(s) mapped at: [0x000002ab9e000000-0x000002ab9ec90000-0x000002ab9ec90000), size 13172736, SharedBaseAddress: 0x000002ab9e000000, ArchiveRelocationMode: 1.
[0.045s][info][gc,metaspace] Compressed class space mapped at: 0x000002ab9f000000-0x000002abdf000000, reserved size: 1073741824
[0.045s][info][gc,metaspace] Narrow klass base: 0x000002ab9e000000, Narrow klass shift: 0, Narrow klass range: 0x100000000
[0.527s][info][gc,start    ] GC(0) Pause Young (Normal) (G1 Evacuation Pause)
[0.528s][info][gc,task     ] GC(0) Using 10 workers of 10 for evacuation
[0.532s][info][gc,phases   ] GC(0)   Pre Evacuate Collection Set: 0.2ms
[0.532s][info][gc,phases   ] GC(0)   Merge Heap Roots: 0.1ms
[0.532s][info][gc,phases   ] GC(0)   Evacuate Collection Set: 3.1ms
[0.532s][info][gc,phases   ] GC(0)   Post Evacuate Collection Set: 0.4ms
[0.532s][info][gc,phases   ] GC(0)   Other: 1.3ms
[0.532s][info][gc,heap     ] GC(0) Eden regions: 51->0(44)
[0.532s][info][gc,heap     ] GC(0) Survivor regions: 0->7(7)
[0.532s][info][gc,heap     ] GC(0) Old regions: 0->4
[0.532s][info][gc,heap     ] GC(0) Humongous regions: 1->0
[0.532s][info][gc,metaspace] GC(0) Metaspace: 1315K(1472K)->1315K(1472K) NonClass: 1218K(1280K)->1218K(1280K) Class: 97K(192K)->97K(192K)
[0.532s][info][gc          ] GC(0) Pause Young (Normal) (G1 Evacuation Pause) 104M->21M(2048M) 5.421ms
[0.533s][info][gc,cpu      ] GC(0) User=0.03s Sys=0.02s Real=0.00s
[0.675s][info][gc,start    ] GC(1) Pause Young (Normal) (G1 Evacuation Pause)
[0.675s][info][gc,task     ] GC(1) Using 10 workers of 10 for evacuation
[0.679s][info][gc,phases   ] GC(1)   Pre Evacuate Collection Set: 0.3ms
[0.679s][info][gc,phases   ] GC(1)   Merge Heap Roots: 0.1ms
[0.679s][info][gc,phases   ] GC(1)   Evacuate Collection Set: 3.6ms
[0.679s][info][gc,phases   ] GC(1)   Post Evacuate Collection Set: 0.6ms
[0.679s][info][gc,phases   ] GC(1)   Other: 0.1ms
[0.679s][info][gc,heap     ] GC(1) Eden regions: 44->0(44)
[0.679s][info][gc,heap     ] GC(1) Survivor regions: 7->7(7)
[0.679s][info][gc,heap     ] GC(1) Old regions: 4->13
[0.679s][info][gc,heap     ] GC(1) Humongous regions: 0->0
[0.680s][info][gc,metaspace] GC(1) Metaspace: 1317K(1472K)->1317K(1472K) NonClass: 1220K(1280K)->1220K(1280K) Class: 97K(192K)->97K(192K)
[0.680s][info][gc          ] GC(1) Pause Young (Normal) (G1 Evacuation Pause) 109M->38M(2048M) 4.907ms
[0.680s][info][gc,cpu      ] GC(1) User=0.00s Sys=0.00s Real=0.01s
[0.745s][info][gc,start    ] GC(2) Pause Young (Normal) (G1 Evacuation Pause)
[0.745s][info][gc,task     ] GC(2) Using 10 workers of 10 for evacuation
[0.750s][info][gc,phases   ] GC(2)   Pre Evacuate Collection Set: 0.2ms
[0.750s][info][gc,phases   ] GC(2)   Merge Heap Roots: 0.1ms
[0.750s][info][gc,phases   ] GC(2)   Evacuate Collection Set: 4.2ms
[0.750s][info][gc,phases   ] GC(2)   Post Evacuate Collection Set: 0.4ms
[0.750s][info][gc,phases   ] GC(2)   Other: 0.1ms
[0.750s][info][gc,heap     ] GC(2) Eden regions: 44->0(44)
[0.750s][info][gc,heap     ] GC(2) Survivor regions: 7->7(7)
[0.750s][info][gc,heap     ] GC(2) Old regions: 13->21
[0.750s][info][gc,heap     ] GC(2) Humongous regions: 0->0
[0.750s][info][gc,metaspace] GC(2) Metaspace: 1318K(1472K)->1318K(1472K) NonClass: 1221K(1280K)->1221K(1280K) Class: 97K(192K)->97K(192K)
[0.750s][info][gc          ] GC(2) Pause Young (Normal) (G1 Evacuation Pause) 126M->55M(2048M) 5.321ms
[0.750s][info][gc,cpu      ] GC(2) User=0.08s Sys=0.08s Real=0.01s
[0.808s][info][gc,start    ] GC(3) Pause Young (Normal) (G1 Evacuation Pause)
[0.808s][info][gc,task     ] GC(3) Using 10 workers of 10 for evacuation
[0.812s][info][gc,phases   ] GC(3)   Pre Evacuate Collection Set: 0.3ms
[0.813s][info][gc,phases   ] GC(3)   Merge Heap Roots: 0.2ms
[0.813s][info][gc,phases   ] GC(3)   Evacuate Collection Set: 3.9ms
[0.813s][info][gc,phases   ] GC(3)   Post Evacuate Collection Set: 0.6ms
[0.813s][info][gc,phases   ] GC(3)   Other: 0.1ms
[0.813s][info][gc,heap     ] GC(3) Eden regions: 44->0(61)
[0.813s][info][gc,heap     ] GC(3) Survivor regions: 7->7(7)
[0.813s][info][gc,heap     ] GC(3) Old regions: 21->30
[0.813s][info][gc,heap     ] GC(3) Humongous regions: 0->0
[0.813s][info][gc,metaspace] GC(3) Metaspace: 1318K(1472K)->1318K(1472K) NonClass: 1221K(1280K)->1221K(1280K) Class: 97K(192K)->97K(192K)
[0.813s][info][gc          ] GC(3) Pause Young (Normal) (G1 Evacuation Pause) 143M->72M(2048M) 5.159ms
[0.813s][info][gc,cpu      ] GC(3) User=0.05s Sys=0.12s Real=0.01s
[0.898s][info][gc,start    ] GC(4) Pause Young (Normal) (G1 Evacuation Pause)
[0.898s][info][gc,task     ] GC(4) Using 10 workers of 10 for evacuation
[0.904s][info][gc,phases   ] GC(4)   Pre Evacuate Collection Set: 0.3ms
[0.904s][info][gc,phases   ] GC(4)   Merge Heap Roots: 0.1ms
[0.904s][info][gc,phases   ] GC(4)   Evacuate Collection Set: 5.1ms
[0.904s][info][gc,phases   ] GC(4)   Post Evacuate Collection Set: 0.6ms
[0.904s][info][gc,phases   ] GC(4)   Other: 0.1ms
[0.904s][info][gc,heap     ] GC(4) Eden regions: 61->0(75)
[0.904s][info][gc,heap     ] GC(4) Survivor regions: 7->9(9)
[0.904s][info][gc,heap     ] GC(4) Old regions: 30->40
[0.904s][info][gc,heap     ] GC(4) Humongous regions: 0->0
[0.904s][info][gc,metaspace] GC(4) Metaspace: 1318K(1472K)->1318K(1472K) NonClass: 1221K(1280K)->1221K(1280K) Class: 97K(192K)->97K(192K)
[0.904s][info][gc          ] GC(4) Pause Young (Normal) (G1 Evacuation Pause) 194M->96M(2048M) 6.453ms
[0.904s][info][gc,cpu      ] GC(4) User=0.08s Sys=0.08s Real=0.01s
[1.004s][info][gc,start    ] GC(5) Pause Young (Normal) (G1 Evacuation Pause)
[1.004s][info][gc,task     ] GC(5) Using 10 workers of 10 for evacuation
[1.011s][info][gc,phases   ] GC(5)   Pre Evacuate Collection Set: 0.2ms
[1.011s][info][gc,phases   ] GC(5)   Merge Heap Roots: 0.1ms
[1.011s][info][gc,phases   ] GC(5)   Evacuate Collection Set: 6.4ms
[1.011s][info][gc,phases   ] GC(5)   Post Evacuate Collection Set: 0.6ms
[1.011s][info][gc,phases   ] GC(5)   Other: 0.1ms
[1.012s][info][gc,heap     ] GC(5) Eden regions: 75->0(85)
[1.012s][info][gc,heap     ] GC(5) Survivor regions: 9->11(11)
[1.012s][info][gc,heap     ] GC(5) Old regions: 40->52
[1.012s][info][gc,heap     ] GC(5) Humongous regions: 0->0
[1.012s][info][gc,metaspace] GC(5) Metaspace: 1318K(1472K)->1318K(1472K) NonClass: 1221K(1280K)->1221K(1280K) Class: 97K(192K)->97K(192K)
[1.012s][info][gc          ] GC(5) Pause Young (Normal) (G1 Evacuation Pause) 246M->125M(2048M) 7.525ms
[1.012s][info][gc,cpu      ] GC(5) User=0.00s Sys=0.00s Real=0.01s
[1.124s][info][gc,start    ] GC(6) Pause Young (Normal) (G1 Evacuation Pause)
[1.124s][info][gc,task     ] GC(6) Using 10 workers of 10 for evacuation
[1.132s][info][gc,phases   ] GC(6)   Pre Evacuate Collection Set: 0.3ms
[1.132s][info][gc,phases   ] GC(6)   Merge Heap Roots: 0.1ms
[1.132s][info][gc,phases   ] GC(6)   Evacuate Collection Set: 7.8ms
[1.132s][info][gc,phases   ] GC(6)   Post Evacuate Collection Set: 0.5ms
[1.133s][info][gc,phases   ] GC(6)   Other: 0.1ms
[1.133s][info][gc,heap     ] GC(6) Eden regions: 85->0(100)
[1.133s][info][gc,heap     ] GC(6) Survivor regions: 11->12(12)
[1.133s][info][gc,heap     ] GC(6) Old regions: 52->68
[1.133s][info][gc,heap     ] GC(6) Humongous regions: 1->0
[1.133s][info][gc,metaspace] GC(6) Metaspace: 1318K(1472K)->1318K(1472K) NonClass: 1221K(1280K)->1221K(1280K) Class: 97K(192K)->97K(192K)
[1.133s][info][gc          ] GC(6) Pause Young (Normal) (G1 Evacuation Pause) 297M->158M(2048M) 9.021ms
[1.133s][info][gc,cpu      ] GC(6) User=0.00s Sys=0.00s Real=0.01s
[1.264s][info][gc,start    ] GC(7) Pause Young (Normal) (G1 Evacuation Pause)
[1.264s][info][gc,task     ] GC(7) Using 10 workers of 10 for evacuation
[1.275s][info][gc,phases   ] GC(7)   Pre Evacuate Collection Set: 0.2ms
[1.275s][info][gc,phases   ] GC(7)   Merge Heap Roots: 0.1ms
[1.275s][info][gc,phases   ] GC(7)   Evacuate Collection Set: 9.3ms
[1.275s][info][gc,phases   ] GC(7)   Post Evacuate Collection Set: 0.5ms
[1.275s][info][gc,phases   ] GC(7)   Other: 0.1ms
[1.275s][info][gc,heap     ] GC(7) Eden regions: 100->0(153)
[1.275s][info][gc,heap     ] GC(7) Survivor regions: 12->14(14)
[1.275s][info][gc,heap     ] GC(7) Old regions: 68->86
[1.275s][info][gc,heap     ] GC(7) Humongous regions: 0->0
[1.275s][info][gc,metaspace] GC(7) Metaspace: 1318K(1472K)->1318K(1472K) NonClass: 1221K(1280K)->1221K(1280K) Class: 97K(192K)->97K(192K)
[1.275s][info][gc          ] GC(7) Pause Young (Normal) (G1 Evacuation Pause) 358M->198M(2048M) 10.479ms
[1.275s][info][gc,cpu      ] GC(7) User=0.00s Sys=0.00s Real=0.01s
[1.489s][info][gc,start    ] GC(8) Pause Young (Normal) (G1 Evacuation Pause)
[1.489s][info][gc,task     ] GC(8) Using 10 workers of 10 for evacuation
[1.503s][info][gc,phases   ] GC(8)   Pre Evacuate Collection Set: 0.2ms
[1.503s][info][gc,phases   ] GC(8)   Merge Heap Roots: 0.1ms
[1.503s][info][gc,phases   ] GC(8)   Evacuate Collection Set: 13.3ms
[1.503s][info][gc,phases   ] GC(8)   Post Evacuate Collection Set: 0.5ms
[1.503s][info][gc,phases   ] GC(8)   Other: 0.1ms
[1.503s][info][gc,heap     ] GC(8) Eden regions: 153->0(180)
[1.503s][info][gc,heap     ] GC(8) Survivor regions: 14->21(21)
[1.503s][info][gc,heap     ] GC(8) Old regions: 86->110
[1.503s][info][gc,heap     ] GC(8) Humongous regions: 1->0
[1.503s][info][gc,metaspace] GC(8) Metaspace: 1318K(1472K)->1318K(1472K) NonClass: 1221K(1280K)->1221K(1280K) Class: 97K(192K)->97K(192K)
[1.503s][info][gc          ] GC(8) Pause Young (Normal) (G1 Evacuation Pause) 506M->260M(2048M) 14.479ms
[1.503s][info][gc,cpu      ] GC(8) User=0.02s Sys=0.14s Real=0.01s
[1.739s][info][gc,start    ] GC(9) Pause Young (Normal) (G1 Evacuation Pause)
[1.739s][info][gc,task     ] GC(9) Using 10 workers of 10 for evacuation
[1.757s][info][gc,phases   ] GC(9)   Pre Evacuate Collection Set: 0.3ms
[1.757s][info][gc,phases   ] GC(9)   Merge Heap Roots: 0.1ms
[1.757s][info][gc,phases   ] GC(9)   Evacuate Collection Set: 16.8ms
[1.757s][info][gc,phases   ] GC(9)   Post Evacuate Collection Set: 0.5ms
[1.757s][info][gc,phases   ] GC(9)   Other: 0.1ms
[1.757s][info][gc,heap     ] GC(9) Eden regions: 180->0(202)
[1.757s][info][gc,heap     ] GC(9) Survivor regions: 21->26(26)
[1.757s][info][gc,heap     ] GC(9) Old regions: 110->139
[1.757s][info][gc,heap     ] GC(9) Humongous regions: 0->0
[1.757s][info][gc,metaspace] GC(9) Metaspace: 1318K(1472K)->1318K(1472K) NonClass: 1221K(1280K)->1221K(1280K) Class: 97K(192K)->97K(192K)
[1.757s][info][gc          ] GC(9) Pause Young (Normal) (G1 Evacuation Pause) 620M->329M(2048M) 18.021ms
[1.757s][info][gc,cpu      ] GC(9) User=0.05s Sys=0.11s Real=0.02s
[2.009s][info][gc,start    ] GC(10) Pause Young (Normal) (G1 Evacuation Pause)
[2.009s][info][gc,task     ] GC(10) Using 10 workers of 10 for evacuation
[2.031s][info][gc,phases   ] GC(10)   Pre Evacuate Collection Set: 0.2ms
[2.031s][info][gc,phases   ] GC(10)   Merge Heap Roots: 0.1ms
[2.031s][info][gc,phases   ] GC(10)   Evacuate Collection Set: 20.9ms
[2.031s][info][gc,phases   ] GC(10)   Post Evacuate Collection Set: 0.6ms
[2.031s][info][gc,phases   ] GC(10)   Other: 0.1ms
[2.031s][info][gc,heap     ] GC(10) Eden regions: 202->0(252)
[2.031s][info][gc,heap     ] GC(10) Survivor regions: 26->29(29)
[2.031s][info][gc,heap     ] GC(10) Old regions: 139->176
[2.031s][info][gc,heap     ] GC(10) Humongous regions: 0->0
[2.031s][info][gc,metaspace] GC(10) Metaspace: 1318K(1472K)->1318K(1472K) NonClass: 1221K(1280K)->1221K(1280K) Class: 97K(192K)->97K(192K)
[2.031s][info][gc          ] GC(10) Pause Young (Normal) (G1 Evacuation Pause) 733M->409M(2048M) 22.139ms
[2.031s][info][gc,cpu      ] GC(10) User=0.08s Sys=0.23s Real=0.02s
[2.348s][info][gc,start    ] GC(11) Pause Young (Normal) (G1 Evacuation Pause)
[2.348s][info][gc,task     ] GC(11) Using 10 workers of 10 for evacuation
[2.371s][info][gc,phases   ] GC(11)   Pre Evacuate Collection Set: 0.3ms
[2.371s][info][gc,phases   ] GC(11)   Merge Heap Roots: 0.1ms
[2.371s][info][gc,phases   ] GC(11)   Evacuate Collection Set: 21.5ms
[2.371s][info][gc,phases   ] GC(11)   Post Evacuate Collection Set: 0.7ms
[2.371s][info][gc,phases   ] GC(11)   Other: 0.1ms
[2.371s][info][gc,heap     ] GC(11) Eden regions: 252->0(327)
[2.371s][info][gc,heap     ] GC(11) Survivor regions: 29->36(36)
[2.371s][info][gc,heap     ] GC(11) Old regions: 176->219
[2.371s][info][gc,heap     ] GC(11) Humongous regions: 0->0
[2.371s][info][gc,metaspace] GC(11) Metaspace: 1318K(1472K)->1318K(1472K) NonClass: 1221K(1280K)->1221K(1280K) Class: 97K(192K)->97K(192K)
[2.371s][info][gc          ] GC(11) Pause Young (Normal) (G1 Evacuation Pause) 913M->508M(2048M) 22.873ms
[2.371s][info][gc,cpu      ] GC(11) User=0.02s Sys=0.14s Real=0.02s
[2.807s][info][gc,start    ] GC(12) Pause Young (Normal) (G1 Evacuation Pause)
[2.807s][info][gc,task     ] GC(12) Using 10 workers of 10 for evacuation
[2.841s][info][gc,phases   ] GC(12)   Pre Evacuate Collection Set: 0.3ms
[2.841s][info][gc,phases   ] GC(12)   Merge Heap Roots: 0.1ms
[2.841s][info][gc,phases   ] GC(12)   Evacuate Collection Set: 33.3ms
[2.841s][info][gc,phases   ] GC(12)   Post Evacuate Collection Set: 0.7ms
[2.841s][info][gc,phases   ] GC(12)   Other: 0.1ms
[2.841s][info][gc,heap     ] GC(12) Eden regions: 327->0(367)
[2.841s][info][gc,heap     ] GC(12) Survivor regions: 36->46(46)
[2.841s][info][gc,heap     ] GC(12) Old regions: 219->272
[2.841s][info][gc,heap     ] GC(12) Humongous regions: 2->0
[2.841s][info][gc,metaspace] GC(12) Metaspace: 1318K(1472K)->1318K(1472K) NonClass: 1221K(1280K)->1221K(1280K) Class: 97K(192K)->97K(192K)
[2.841s][info][gc          ] GC(12) Pause Young (Normal) (G1 Evacuation Pause) 1166M->635M(2048M) 34.715ms
[2.841s][info][gc,cpu      ] GC(12) User=0.09s Sys=0.22s Real=0.03s
[3.494s][info][gc,start    ] GC(13) Pause Young (Normal) (G1 Evacuation Pause)
[3.494s][info][gc,task     ] GC(13) Using 10 workers of 10 for evacuation
[3.530s][info][gc,phases   ] GC(13)   Pre Evacuate Collection Set: 0.2ms
[3.530s][info][gc,phases   ] GC(13)   Merge Heap Roots: 0.1ms
[3.530s][info][gc,phases   ] GC(13)   Evacuate Collection Set: 35.0ms
[3.530s][info][gc,phases   ] GC(13)   Post Evacuate Collection Set: 0.6ms
[3.530s][info][gc,phases   ] GC(13)   Other: 0.1ms
[3.530s][info][gc,heap     ] GC(13) Eden regions: 367->0(402)
[3.530s][info][gc,heap     ] GC(13) Survivor regions: 46->52(52)
[3.530s][info][gc,heap     ] GC(13) Old regions: 272->330
[3.530s][info][gc,heap     ] GC(13) Humongous regions: 6->1
[3.530s][info][gc,metaspace] GC(13) Metaspace: 1735K(1920K)->1735K(1920K) NonClass: 1547K(1664K)->1547K(1664K) Class: 187K(256K)->187K(256K)
[3.530s][info][gc          ] GC(13) Pause Young (Normal) (G1 Evacuation Pause) 1381M->765M(2048M) 36.152ms
[3.530s][info][gc,cpu      ] GC(13) User=0.17s Sys=0.30s Real=0.04s
[4.033s][info][gc,start    ] GC(14) Pause Young (Normal) (G1 Evacuation Pause)
[4.033s][info][gc,task     ] GC(14) Using 10 workers of 10 for evacuation
[4.072s][info][gc,phases   ] GC(14)   Pre Evacuate Collection Set: 0.2ms
[4.072s][info][gc,phases   ] GC(14)   Merge Heap Roots: 0.2ms
[4.072s][info][gc,phases   ] GC(14)   Evacuate Collection Set: 37.3ms
[4.072s][info][gc,phases   ] GC(14)   Post Evacuate Collection Set: 0.5ms
[4.072s][info][gc,phases   ] GC(14)   Other: 0.2ms
[4.072s][info][gc,heap     ] GC(14) Eden regions: 402->0(444)
[4.072s][info][gc,heap     ] GC(14) Survivor regions: 52->18(57)
[4.072s][info][gc,heap     ] GC(14) Old regions: 330->381
[4.072s][info][gc,heap     ] GC(14) Humongous regions: 6->6
[4.072s][info][gc,metaspace] GC(14) Metaspace: 1742K(1920K)->1742K(1920K) NonClass: 1554K(1664K)->1554K(1664K) Class: 187K(256K)->187K(256K)
[4.072s][info][gc          ] GC(14) Pause Young (Normal) (G1 Evacuation Pause) 1579M->809M(2048M) 38.779ms
[4.072s][info][gc,cpu      ] GC(14) User=0.23s Sys=0.08s Real=0.04s
[4.190s][info][gc,start    ] GC(15) Pause Young (Normal) (G1 Evacuation Pause)
[4.190s][info][gc,task     ] GC(15) Using 10 workers of 10 for evacuation
[4.210s][info][gc,phases   ] GC(15)   Pre Evacuate Collection Set: 0.2ms
[4.210s][info][gc,phases   ] GC(15)   Merge Heap Roots: 0.2ms
[4.210s][info][gc,phases   ] GC(15)   Evacuate Collection Set: 20.0ms
[4.210s][info][gc,phases   ] GC(15)   Post Evacuate Collection Set: 0.4ms
[4.211s][info][gc,phases   ] GC(15)   Other: 0.1ms
[4.211s][info][gc,heap     ] GC(15) Eden regions: 95->0(470)
[4.211s][info][gc,heap     ] GC(15) Survivor regions: 18->5(15)
[4.211s][info][gc,heap     ] GC(15) Old regions: 381->399
[4.211s][info][gc,heap     ] GC(15) Humongous regions: 6->6
[4.211s][info][gc,metaspace] GC(15) Metaspace: 1742K(1920K)->1742K(1920K) NonClass: 1554K(1664K)->1554K(1664K) Class: 187K(256K)->187K(256K)
[4.211s][info][gc          ] GC(15) Pause Young (Normal) (G1 Evacuation Pause) 999M->817M(2048M) 21.161ms
[4.211s][info][gc,cpu      ] GC(15) User=0.12s Sys=0.03s Real=0.02s
[4.515s][info][gc,start    ] GC(16) Pause Young (Normal) (G1 Evacuation Pause)
[4.515s][info][gc,task     ] GC(16) Using 10 workers of 10 for evacuation
[4.528s][info][gc,phases   ] GC(16)   Pre Evacuate Collection Set: 0.2ms
[4.528s][info][gc,phases   ] GC(16)   Merge Heap Roots: 0.3ms
[4.528s][info][gc,phases   ] GC(16)   Evacuate Collection Set: 11.3ms
[4.528s][info][gc,phases   ] GC(16)   Post Evacuate Collection Set: 0.4ms
[4.528s][info][gc,phases   ] GC(16)   Other: 0.1ms
[4.528s][info][gc,heap     ] GC(16) Eden regions: 170->0(490)
[4.528s][info][gc,heap     ] GC(16) Survivor regions: 5->10(22)
[4.528s][info][gc,heap     ] GC(16) Old regions: 399->399
[4.528s][info][gc,heap     ] GC(16) Humongous regions: 6->6
[4.528s][info][gc,metaspace] GC(16) Metaspace: 1761K(1920K)->1761K(1920K) NonClass: 1572K(1664K)->1572K(1664K) Class: 189K(256K)->189K(256K)
[4.528s][info][gc          ] GC(16) Pause Young (Normal) (G1 Evacuation Pause) 1157M->827M(2048M) 12.694ms
[4.528s][info][gc,cpu      ] GC(16) User=0.00s Sys=0.00s Real=0.01s
[4.924s][info][gc,start    ] GC(17) Pause Young (Normal) (G1 Evacuation Pause)
[4.924s][info][gc,task     ] GC(17) Using 10 workers of 10 for evacuation
[4.942s][info][gc,phases   ] GC(17)   Pre Evacuate Collection Set: 0.2ms
[4.942s][info][gc,phases   ] GC(17)   Merge Heap Roots: 0.3ms
[4.942s][info][gc,phases   ] GC(17)   Evacuate Collection Set: 17.0ms
[4.942s][info][gc,phases   ] GC(17)   Post Evacuate Collection Set: 0.5ms
[4.942s][info][gc,phases   ] GC(17)   Other: 0.1ms
[4.942s][info][gc,heap     ] GC(17) Eden regions: 255->0(502)
[4.942s][info][gc,heap     ] GC(17) Survivor regions: 10->17(34)
[4.942s][info][gc,heap     ] GC(17) Old regions: 399->399
[4.942s][info][gc,heap     ] GC(17) Humongous regions: 6->6
[4.942s][info][gc,metaspace] GC(17) Metaspace: 1761K(1920K)->1761K(1920K) NonClass: 1572K(1664K)->1572K(1664K) Class: 189K(256K)->189K(256K)
[4.942s][info][gc          ] GC(17) Pause Young (Normal) (G1 Evacuation Pause) 1337M->842M(2048M) 18.368ms
[4.942s][info][gc,cpu      ] GC(17) User=0.14s Sys=0.02s Real=0.02s
[5.184s][info][gc,start    ] GC(18) Pause Young (Normal) (G1 Evacuation Pause)
[5.185s][info][gc,task     ] GC(18) Using 10 workers of 10 for evacuation
[5.213s][info][gc,phases   ] GC(18)   Pre Evacuate Collection Set: 0.2ms
[5.213s][info][gc,phases   ] GC(18)   Merge Heap Roots: 0.3ms
[5.213s][info][gc,phases   ] GC(18)   Evacuate Collection Set: 27.4ms
[5.213s][info][gc,phases   ] GC(18)   Post Evacuate Collection Set: 0.4ms
[5.213s][info][gc,phases   ] GC(18)   Other: 0.1ms
[5.213s][info][gc,heap     ] GC(18) Eden regions: 174->0(504)
[5.213s][info][gc,heap     ] GC(18) Survivor regions: 17->16(24)
[5.213s][info][gc,heap     ] GC(18) Old regions: 399->408
[5.213s][info][gc,heap     ] GC(18) Humongous regions: 11->11
[5.213s][info][gc,metaspace] GC(18) Metaspace: 1763K(1920K)->1763K(1920K) NonClass: 1574K(1664K)->1574K(1664K) Class: 189K(256K)->189K(256K)
[5.213s][info][gc          ] GC(18) Pause Young (Normal) (G1 Evacuation Pause) 1200M->867M(2048M) 28.768ms
[5.213s][info][gc,cpu      ] GC(18) User=0.14s Sys=0.02s Real=0.03s
[5.509s][info][gc,start    ] GC(19) Pause Young (Normal) (G1 Evacuation Pause)
[5.509s][info][gc,task     ] GC(19) Using 10 workers of 10 for evacuation
[5.535s][info][gc,phases   ] GC(19)   Pre Evacuate Collection Set: 0.2ms
[5.535s][info][gc,phases   ] GC(19)   Merge Heap Roots: 0.4ms
[5.535s][info][gc,phases   ] GC(19)   Evacuate Collection Set: 24.8ms
[5.535s][info][gc,phases   ] GC(19)   Post Evacuate Collection Set: 0.5ms
[5.535s][info][gc,phases   ] GC(19)   Other: 0.1ms
[5.535s][info][gc,heap     ] GC(19) Eden regions: 236->0(507)
[5.535s][info][gc,heap     ] GC(19) Survivor regions: 16->23(32)
[5.535s][info][gc,heap     ] GC(19) Old regions: 408->408
[5.535s][info][gc,heap     ] GC(19) Humongous regions: 11->11
[5.535s][info][gc,metaspace] GC(19) Metaspace: 1763K(1920K)->1763K(1920K) NonClass: 1574K(1664K)->1574K(1664K) Class: 189K(256K)->189K(256K)
[5.535s][info][gc          ] GC(19) Pause Young (Normal) (G1 Evacuation Pause) 1339M->882M(2048M) 26.250ms
[5.535s][info][gc,cpu      ] GC(19) User=0.31s Sys=0.00s Real=0.03s
[6.479s][info][gc,start    ] GC(20) Pause Young (Normal) (G1 Evacuation Pause)
[6.480s][info][gc,task     ] GC(20) Using 10 workers of 10 for evacuation
[6.528s][info][gc,phases   ] GC(20)   Pre Evacuate Collection Set: 0.2ms
[6.528s][info][gc,phases   ] GC(20)   Merge Heap Roots: 0.4ms
[6.528s][info][gc,phases   ] GC(20)   Evacuate Collection Set: 46.9ms
[6.528s][info][gc,phases   ] GC(20)   Post Evacuate Collection Set: 0.7ms
[6.528s][info][gc,phases   ] GC(20)   Other: 0.2ms
[6.528s][info][gc,heap     ] GC(20) Eden regions: 507->0(481)
[6.528s][info][gc,heap     ] GC(20) Survivor regions: 23->36(67)
[6.528s][info][gc,heap     ] GC(20) Old regions: 408->408
[6.528s][info][gc,heap     ] GC(20) Humongous regions: 11->11
[6.528s][info][gc,metaspace] GC(20) Metaspace: 1763K(1920K)->1763K(1920K) NonClass: 1574K(1664K)->1574K(1664K) Class: 189K(256K)->189K(256K)
[6.528s][info][gc          ] GC(20) Pause Young (Normal) (G1 Evacuation Pause) 1896M->907M(2048M) 48.945ms
[6.528s][info][gc,cpu      ] GC(20) User=0.39s Sys=0.03s Real=0.05s
[7.205s][info][gc,start    ] GC(21) Pause Young (Normal) (G1 Evacuation Pause)
[7.205s][info][gc,task     ] GC(21) Using 10 workers of 10 for evacuation
[7.255s][info][gc,phases   ] GC(21)   Pre Evacuate Collection Set: 0.2ms
[7.255s][info][gc,phases   ] GC(21)   Merge Heap Roots: 0.4ms
[7.255s][info][gc,phases   ] GC(21)   Evacuate Collection Set: 48.5ms
[7.255s][info][gc,phases   ] GC(21)   Post Evacuate Collection Set: 0.6ms
[7.255s][info][gc,phases   ] GC(21)   Other: 0.2ms
[7.255s][info][gc,heap     ] GC(21) Eden regions: 481->0(466)
[7.255s][info][gc,heap     ] GC(21) Survivor regions: 36->40(65)
[7.255s][info][gc,heap     ] GC(21) Old regions: 408->415
[7.255s][info][gc,heap     ] GC(21) Humongous regions: 11->11
[7.255s][info][gc,metaspace] GC(21) Metaspace: 1763K(1920K)->1763K(1920K) NonClass: 1574K(1664K)->1574K(1664K) Class: 189K(256K)->189K(256K)
[7.255s][info][gc          ] GC(21) Pause Young (Normal) (G1 Evacuation Pause) 1869M->930M(2048M) 50.217ms
[7.255s][info][gc,cpu      ] GC(21) User=0.44s Sys=0.02s Real=0.05s
[7.639s][info][gc,start    ] GC(22) Pause Young (Normal) (G1 Evacuation Pause)
[7.639s][info][gc,task     ] GC(22) Using 10 workers of 10 for evacuation
[7.701s][info][gc,phases   ] GC(22)   Pre Evacuate Collection Set: 0.2ms
[7.701s][info][gc,phases   ] GC(22)   Merge Heap Roots: 1.0ms
[7.701s][info][gc,phases   ] GC(22)   Evacuate Collection Set: 59.8ms
[7.701s][info][gc,phases   ] GC(22)   Post Evacuate Collection Set: 0.6ms
[7.701s][info][gc,phases   ] GC(22)   Other: 0.1ms
[7.701s][info][gc,heap     ] GC(22) Eden regions: 239->0(466)
[7.701s][info][gc,heap     ] GC(22) Survivor regions: 40->22(35)
[7.701s][info][gc,heap     ] GC(22) Old regions: 415->442
[7.701s][info][gc,heap     ] GC(22) Humongous regions: 20->20
[7.701s][info][gc,metaspace] GC(22) Metaspace: 1763K(1920K)->1763K(1920K) NonClass: 1574K(1664K)->1574K(1664K) Class: 189K(256K)->189K(256K)
[7.701s][info][gc          ] GC(22) Pause Young (Normal) (G1 Evacuation Pause) 1426M->966M(2048M) 62.053ms
[7.701s][info][gc,cpu      ] GC(22) User=0.62s Sys=0.02s Real=0.06s
[8.330s][info][gc,start    ] GC(23) Pause Young (Concurrent Start) (G1 Evacuation Pause)
[8.330s][info][gc,task     ] GC(23) Using 10 workers of 10 for evacuation
[8.376s][info][gc,phases   ] GC(23)   Pre Evacuate Collection Set: 0.2ms
[8.376s][info][gc,phases   ] GC(23)   Merge Heap Roots: 0.7ms
[8.376s][info][gc,phases   ] GC(23)   Evacuate Collection Set: 42.9ms
[8.376s][info][gc,phases   ] GC(23)   Post Evacuate Collection Set: 1.5ms
[8.376s][info][gc,phases   ] GC(23)   Other: 0.1ms
[8.376s][info][gc,heap     ] GC(23) Eden regions: 466->0(548)
[8.376s][info][gc,heap     ] GC(23) Survivor regions: 22->33(61)
[8.376s][info][gc,heap     ] GC(23) Old regions: 442->442
[8.376s][info][gc,heap     ] GC(23) Humongous regions: 20->20
[8.376s][info][gc,metaspace] GC(23) Metaspace: 1763K(1920K)->1763K(1920K) NonClass: 1574K(1664K)->1574K(1664K) Class: 189K(256K)->189K(256K)
[8.376s][info][gc          ] GC(23) Pause Young (Concurrent Start) (G1 Evacuation Pause) 1898M->989M(2268M) 45.774ms
[8.376s][info][gc,cpu      ] GC(23) User=0.47s Sys=0.00s Real=0.05s
[8.376s][info][gc          ] GC(24) Concurrent Mark Cycle
[8.376s][info][gc,marking  ] GC(24) Concurrent Scan Root Regions
[8.410s][info][gc,marking  ] GC(24) Concurrent Scan Root Regions 34.103ms
[8.410s][info][gc,marking  ] GC(24) Concurrent Mark
[8.410s][info][gc,marking  ] GC(24) Concurrent Mark From Roots
[8.410s][info][gc,task     ] GC(24) Using 3 workers of 3 for marking
[8.555s][info][gc,marking  ] GC(24) Concurrent Mark From Roots 144.320ms
[8.555s][info][gc,marking  ] GC(24) Concurrent Preclean
[8.555s][info][gc,marking  ] GC(24) Concurrent Preclean 0.025ms
[8.555s][info][gc,start    ] GC(24) Pause Remark
[8.556s][info][gc          ] GC(24) Pause Remark 1193M->1171M(2268M) 0.880ms
[8.556s][info][gc,cpu      ] GC(24) User=0.00s Sys=0.00s Real=0.00s
[8.556s][info][gc,marking  ] GC(24) Concurrent Mark 145.501ms
[8.556s][info][gc,marking  ] GC(24) Concurrent Rebuild Remembered Sets and Scrub Regions
[8.634s][info][gc,marking  ] GC(24) Concurrent Rebuild Remembered Sets and Scrub Regions 78.315ms
[8.634s][info][gc,start    ] GC(24) Pause Cleanup
[8.635s][info][gc          ] GC(24) Pause Cleanup 1251M->1251M(2268M) 0.263ms
[8.635s][info][gc,cpu      ] GC(24) User=0.00s Sys=0.00s Real=0.00s
[8.635s][info][gc,marking  ] GC(24) Concurrent Clear Claimed Marks
[8.635s][info][gc,marking  ] GC(24) Concurrent Clear Claimed Marks 0.031ms
[8.635s][info][gc,marking  ] GC(24) Concurrent Cleanup for Next Mark
[8.639s][info][gc,marking  ] GC(24) Concurrent Cleanup for Next Mark 3.806ms
[8.639s][info][gc          ] GC(24) Concurrent Mark Cycle 262.491ms
[9.167s][info][gc,heap,exit] Heap
[9.167s][info][gc,heap,exit]  garbage-first heap   total 2322432K, used 1494305K [0x0000000700000000, 0x0000000800000000)
[9.167s][info][gc,heap,exit]   region size 2048K, 258 young (528384K), 33 survivors (67584K)
[9.167s][info][gc,heap,exit]  Metaspace       used 1937K, committed 2048K, reserved 1114112K
[9.167s][info][gc,heap,exit]   class space    used 208K, committed 256K, reserved 1048576K
