[0.011s][info][gc,init] CardTable entry size: 512
[0.011s][info][gc     ] Using G1
[0.024s][info][gc,init] Version: 21.0.5+9-LTS-239 (release)
[0.024s][info][gc,init] CPUs: 12 total, 12 available
[0.024s][info][gc,init] Memory: 16190M
[0.024s][info][gc,init] Large Page Support: Disabled
[0.024s][info][gc,init] NUMA Support: Disabled
[0.024s][info][gc,init] Compressed Oops: Enabled (Zero based)
[0.024s][info][gc,init] Heap Region Size: 2M
[0.024s][info][gc,init] Heap Min Capacity: 2G
[0.024s][info][gc,init] Heap Initial Capacity: 2G
[0.024s][info][gc,init] Heap Max Capacity: 4G
[0.024s][info][gc,init] Pre-touch: Disabled
[0.024s][info][gc,init] Parallel Workers: 10
[0.024s][info][gc,init] Concurrent Workers: 3
[0.024s][info][gc,init] Concurrent Refinement Workers: 10
[0.024s][info][gc,init] Periodic GC: Disabled
[0.041s][info][gc,metaspace] CDS archive(s) mapped at: [0x00000245db000000-0x00000245dbc90000-0x00000245dbc90000), size 13172736, SharedBaseAddress: 0x00000245db000000, ArchiveRelocationMode: 1.
[0.041s][info][gc,metaspace] Compressed class space mapped at: 0x00000245dc000000-0x000002461c000000, reserved size: 1073741824
[0.041s][info][gc,metaspace] Narrow klass base: 0x00000245db000000, Narrow klass shift: 0, Narrow klass range: 0x100000000
[0.487s][info][gc,start    ] GC(0) Pause Young (Normal) (G1 Evacuation Pause)
[0.488s][info][gc,task     ] GC(0) Using 10 workers of 10 for evacuation
[0.492s][info][gc,phases   ] GC(0)   Pre Evacuate Collection Set: 0.2ms
[0.493s][info][gc,phases   ] GC(0)   Merge Heap Roots: 0.1ms
[0.493s][info][gc,phases   ] GC(0)   Evacuate Collection Set: 3.8ms
[0.493s][info][gc,phases   ] GC(0)   Post Evacuate Collection Set: 0.5ms
[0.493s][info][gc,phases   ] GC(0)   Other: 0.8ms
[0.493s][info][gc,heap     ] GC(0) Eden regions: 51->0(44)
[0.493s][info][gc,heap     ] GC(0) Survivor regions: 0->7(7)
[0.493s][info][gc,heap     ] GC(0) Old regions: 0->4
[0.493s][info][gc,heap     ] GC(0) Humongous regions: 1->0
[0.493s][info][gc,metaspace] GC(0) Metaspace: 1316K(1472K)->1316K(1472K) NonClass: 1219K(1280K)->1219K(1280K) Class: 97K(192K)->97K(192K)
[0.493s][info][gc          ] GC(0) Pause Young (Normal) (G1 Evacuation Pause) 104M->20M(2048M) 5.718ms
[0.493s][info][gc,cpu      ] GC(0) User=0.08s Sys=0.05s Real=0.01s
[0.650s][info][gc,start    ] GC(1) Pause Young (Normal) (G1 Evacuation Pause)
[0.650s][info][gc,task     ] GC(1) Using 10 workers of 10 for evacuation
[0.655s][info][gc,phases   ] GC(1)   Pre Evacuate Collection Set: 0.3ms
[0.655s][info][gc,phases   ] GC(1)   Merge Heap Roots: 0.1ms
[0.655s][info][gc,phases   ] GC(1)   Evacuate Collection Set: 3.7ms
[0.655s][info][gc,phases   ] GC(1)   Post Evacuate Collection Set: 0.9ms
[0.655s][info][gc,phases   ] GC(1)   Other: 0.1ms
[0.655s][info][gc,heap     ] GC(1) Eden regions: 44->0(44)
[0.655s][info][gc,heap     ] GC(1) Survivor regions: 7->7(7)
[0.655s][info][gc,heap     ] GC(1) Old regions: 4->13
[0.655s][info][gc,heap     ] GC(1) Humongous regions: 0->0
[0.655s][info][gc,metaspace] GC(1) Metaspace: 1320K(1472K)->1320K(1472K) NonClass: 1222K(1280K)->1222K(1280K) Class: 97K(192K)->97K(192K)
[0.655s][info][gc          ] GC(1) Pause Young (Normal) (G1 Evacuation Pause) 108M->38M(2048M) 5.269ms
[0.655s][info][gc,cpu      ] GC(1) User=0.00s Sys=0.00s Real=0.01s
[0.720s][info][gc,start    ] GC(2) Pause Young (Normal) (G1 Evacuation Pause)
[0.720s][info][gc,task     ] GC(2) Using 10 workers of 10 for evacuation
[0.725s][info][gc,phases   ] GC(2)   Pre Evacuate Collection Set: 0.2ms
[0.725s][info][gc,phases   ] GC(2)   Merge Heap Roots: 0.1ms
[0.725s][info][gc,phases   ] GC(2)   Evacuate Collection Set: 4.1ms
[0.725s][info][gc,phases   ] GC(2)   Post Evacuate Collection Set: 0.4ms
[0.725s][info][gc,phases   ] GC(2)   Other: 0.1ms
[0.725s][info][gc,heap     ] GC(2) Eden regions: 44->0(44)
[0.725s][info][gc,heap     ] GC(2) Survivor regions: 7->7(7)
[0.725s][info][gc,heap     ] GC(2) Old regions: 13->21
[0.725s][info][gc,heap     ] GC(2) Humongous regions: 0->0
[0.726s][info][gc,metaspace] GC(2) Metaspace: 1321K(1472K)->1321K(1472K) NonClass: 1223K(1280K)->1223K(1280K) Class: 97K(192K)->97K(192K)
[0.726s][info][gc          ] GC(2) Pause Young (Normal) (G1 Evacuation Pause) 126M->55M(2048M) 5.237ms
[0.726s][info][gc,cpu      ] GC(2) User=0.00s Sys=0.00s Real=0.01s
[0.787s][info][gc,start    ] GC(3) Pause Young (Normal) (G1 Evacuation Pause)
[0.787s][info][gc,task     ] GC(3) Using 10 workers of 10 for evacuation
[0.792s][info][gc,phases   ] GC(3)   Pre Evacuate Collection Set: 0.3ms
[0.792s][info][gc,phases   ] GC(3)   Merge Heap Roots: 0.1ms
[0.792s][info][gc,phases   ] GC(3)   Evacuate Collection Set: 4.1ms
[0.792s][info][gc,phases   ] GC(3)   Post Evacuate Collection Set: 0.5ms
[0.792s][info][gc,phases   ] GC(3)   Other: 0.1ms
[0.792s][info][gc,heap     ] GC(3) Eden regions: 44->0(59)
[0.792s][info][gc,heap     ] GC(3) Survivor regions: 7->7(7)
[0.792s][info][gc,heap     ] GC(3) Old regions: 21->30
[0.792s][info][gc,heap     ] GC(3) Humongous regions: 0->0
[0.792s][info][gc,metaspace] GC(3) Metaspace: 1321K(1472K)->1321K(1472K) NonClass: 1223K(1280K)->1223K(1280K) Class: 97K(192K)->97K(192K)
[0.792s][info][gc          ] GC(3) Pause Young (Normal) (G1 Evacuation Pause) 143M->72M(2048M) 5.351ms
[0.792s][info][gc,cpu      ] GC(3) User=0.05s Sys=0.11s Real=0.00s
[0.873s][info][gc,start    ] GC(4) Pause Young (Normal) (G1 Evacuation Pause)
[0.873s][info][gc,task     ] GC(4) Using 10 workers of 10 for evacuation
[0.879s][info][gc,phases   ] GC(4)   Pre Evacuate Collection Set: 0.3ms
[0.879s][info][gc,phases   ] GC(4)   Merge Heap Roots: 0.2ms
[0.879s][info][gc,phases   ] GC(4)   Evacuate Collection Set: 5.1ms
[0.879s][info][gc,phases   ] GC(4)   Post Evacuate Collection Set: 0.6ms
[0.879s][info][gc,phases   ] GC(4)   Other: 0.1ms
[0.879s][info][gc,heap     ] GC(4) Eden regions: 59->0(91)
[0.879s][info][gc,heap     ] GC(4) Survivor regions: 7->9(9)
[0.879s][info][gc,heap     ] GC(4) Old regions: 30->40
[0.879s][info][gc,heap     ] GC(4) Humongous regions: 0->0
[0.879s][info][gc,metaspace] GC(4) Metaspace: 1321K(1472K)->1321K(1472K) NonClass: 1223K(1280K)->1223K(1280K) Class: 97K(192K)->97K(192K)
[0.879s][info][gc          ] GC(4) Pause Young (Normal) (G1 Evacuation Pause) 190M->96M(2048M) 6.458ms
[0.879s][info][gc,cpu      ] GC(4) User=0.00s Sys=0.00s Real=0.01s
[1.014s][info][gc,start    ] GC(5) Pause Young (Normal) (G1 Evacuation Pause)
[1.014s][info][gc,task     ] GC(5) Using 10 workers of 10 for evacuation
[1.023s][info][gc,phases   ] GC(5)   Pre Evacuate Collection Set: 0.3ms
[1.023s][info][gc,phases   ] GC(5)   Merge Heap Roots: 0.1ms
[1.023s][info][gc,phases   ] GC(5)   Evacuate Collection Set: 7.7ms
[1.023s][info][gc,phases   ] GC(5)   Post Evacuate Collection Set: 0.5ms
[1.023s][info][gc,phases   ] GC(5)   Other: 0.1ms
[1.023s][info][gc,heap     ] GC(5) Eden regions: 91->0(93)
[1.023s][info][gc,heap     ] GC(5) Survivor regions: 9->13(13)
[1.023s][info][gc,heap     ] GC(5) Old regions: 40->54
[1.023s][info][gc,heap     ] GC(5) Humongous regions: 0->0
[1.023s][info][gc,metaspace] GC(5) Metaspace: 1321K(1472K)->1321K(1472K) NonClass: 1223K(1280K)->1223K(1280K) Class: 97K(192K)->97K(192K)
[1.023s][info][gc          ] GC(5) Pause Young (Normal) (G1 Evacuation Pause) 278M->132M(2048M) 8.920ms
[1.023s][info][gc,cpu      ] GC(5) User=0.00s Sys=0.00s Real=0.01s
[1.148s][info][gc,start    ] GC(6) Pause Young (Normal) (G1 Evacuation Pause)
[1.148s][info][gc,task     ] GC(6) Using 10 workers of 10 for evacuation
[1.158s][info][gc,phases   ] GC(6)   Pre Evacuate Collection Set: 0.3ms
[1.158s][info][gc,phases   ] GC(6)   Merge Heap Roots: 0.1ms
[1.158s][info][gc,phases   ] GC(6)   Evacuate Collection Set: 9.3ms
[1.158s][info][gc,phases   ] GC(6)   Post Evacuate Collection Set: 0.6ms
[1.158s][info][gc,phases   ] GC(6)   Other: 0.1ms
[1.158s][info][gc,heap     ] GC(6) Eden regions: 93->0(112)
[1.158s][info][gc,heap     ] GC(6) Survivor regions: 13->14(14)
[1.158s][info][gc,heap     ] GC(6) Old regions: 54->71
[1.158s][info][gc,heap     ] GC(6) Humongous regions: 1->0
[1.158s][info][gc,metaspace] GC(6) Metaspace: 1321K(1472K)->1321K(1472K) NonClass: 1223K(1280K)->1223K(1280K) Class: 97K(192K)->97K(192K)
[1.158s][info][gc          ] GC(6) Pause Young (Normal) (G1 Evacuation Pause) 320M->168M(2048M) 10.624ms
[1.158s][info][gc,cpu      ] GC(6) User=0.02s Sys=0.02s Real=0.01s
[1.309s][info][gc,start    ] GC(7) Pause Young (Normal) (G1 Evacuation Pause)
[1.309s][info][gc,task     ] GC(7) Using 10 workers of 10 for evacuation
[1.321s][info][gc,phases   ] GC(7)   Pre Evacuate Collection Set: 0.2ms
[1.321s][info][gc,phases   ] GC(7)   Merge Heap Roots: 0.1ms
[1.321s][info][gc,phases   ] GC(7)   Evacuate Collection Set: 11.2ms
[1.321s][info][gc,phases   ] GC(7)   Post Evacuate Collection Set: 0.6ms
[1.321s][info][gc,phases   ] GC(7)   Other: 0.1ms
[1.321s][info][gc,heap     ] GC(7) Eden regions: 112->0(140)
[1.321s][info][gc,heap     ] GC(7) Survivor regions: 14->16(16)
[1.321s][info][gc,heap     ] GC(7) Old regions: 71->91
[1.321s][info][gc,heap     ] GC(7) Humongous regions: 0->0
[1.321s][info][gc,metaspace] GC(7) Metaspace: 1321K(1472K)->1321K(1472K) NonClass: 1223K(1280K)->1223K(1280K) Class: 97K(192K)->97K(192K)
[1.321s][info][gc          ] GC(7) Pause Young (Normal) (G1 Evacuation Pause) 392M->213M(2048M) 12.485ms
[1.321s][info][gc,cpu      ] GC(7) User=0.03s Sys=0.12s Real=0.01s
[1.508s][info][gc,start    ] GC(8) Pause Young (Normal) (G1 Evacuation Pause)
[1.508s][info][gc,task     ] GC(8) Using 10 workers of 10 for evacuation
[1.522s][info][gc,phases   ] GC(8)   Pre Evacuate Collection Set: 0.2ms
[1.522s][info][gc,phases   ] GC(8)   Merge Heap Roots: 0.1ms
[1.522s][info][gc,phases   ] GC(8)   Evacuate Collection Set: 13.2ms
[1.522s][info][gc,phases   ] GC(8)   Post Evacuate Collection Set: 0.7ms
[1.522s][info][gc,phases   ] GC(8)   Other: 0.1ms
[1.522s][info][gc,heap     ] GC(8) Eden regions: 140->0(176)
[1.522s][info][gc,heap     ] GC(8) Survivor regions: 16->20(20)
[1.522s][info][gc,heap     ] GC(8) Old regions: 91->116
[1.522s][info][gc,heap     ] GC(8) Humongous regions: 1->0
[1.522s][info][gc,metaspace] GC(8) Metaspace: 1321K(1472K)->1321K(1472K) NonClass: 1223K(1280K)->1223K(1280K) Class: 97K(192K)->97K(192K)
[1.522s][info][gc          ] GC(8) Pause Young (Normal) (G1 Evacuation Pause) 495M->270M(2048M) 14.489ms
[1.522s][info][gc,cpu      ] GC(8) User=0.00s Sys=0.00s Real=0.01s
[1.760s][info][gc,start    ] GC(9) Pause Young (Normal) (G1 Evacuation Pause)
[1.760s][info][gc,task     ] GC(9) Using 10 workers of 10 for evacuation
[1.778s][info][gc,phases   ] GC(9)   Pre Evacuate Collection Set: 0.3ms
[1.778s][info][gc,phases   ] GC(9)   Merge Heap Roots: 0.1ms
[1.778s][info][gc,phases   ] GC(9)   Evacuate Collection Set: 15.9ms
[1.778s][info][gc,phases   ] GC(9)   Post Evacuate Collection Set: 0.8ms
[1.778s][info][gc,phases   ] GC(9)   Other: 0.1ms
[1.778s][info][gc,heap     ] GC(9) Eden regions: 176->0(214)
[1.778s][info][gc,heap     ] GC(9) Survivor regions: 20->25(25)
[1.778s][info][gc,heap     ] GC(9) Old regions: 116->145
[1.778s][info][gc,heap     ] GC(9) Humongous regions: 0->0
[1.778s][info][gc,metaspace] GC(9) Metaspace: 1321K(1472K)->1321K(1472K) NonClass: 1223K(1280K)->1223K(1280K) Class: 97K(192K)->97K(192K)
[1.778s][info][gc          ] GC(9) Pause Young (Normal) (G1 Evacuation Pause) 622M->338M(2048M) 17.460ms
[1.778s][info][gc,cpu      ] GC(9) User=0.02s Sys=0.14s Real=0.02s
[2.047s][info][gc,start    ] GC(10) Pause Young (Normal) (G1 Evacuation Pause)
[2.047s][info][gc,task     ] GC(10) Using 10 workers of 10 for evacuation
[2.070s][info][gc,phases   ] GC(10)   Pre Evacuate Collection Set: 0.3ms
[2.070s][info][gc,phases   ] GC(10)   Merge Heap Roots: 0.1ms
[2.070s][info][gc,phases   ] GC(10)   Evacuate Collection Set: 21.5ms
[2.070s][info][gc,phases   ] GC(10)   Post Evacuate Collection Set: 0.7ms
[2.070s][info][gc,phases   ] GC(10)   Other: 0.1ms
[2.070s][info][gc,heap     ] GC(10) Eden regions: 214->0(254)
[2.070s][info][gc,heap     ] GC(10) Survivor regions: 25->30(30)
[2.070s][info][gc,heap     ] GC(10) Old regions: 145->181
[2.070s][info][gc,heap     ] GC(10) Humongous regions: 0->0
[2.070s][info][gc,metaspace] GC(10) Metaspace: 1321K(1472K)->1321K(1472K) NonClass: 1223K(1280K)->1223K(1280K) Class: 97K(192K)->97K(192K)
[2.070s][info][gc          ] GC(10) Pause Young (Normal) (G1 Evacuation Pause) 766M->421M(2048M) 23.049ms
[2.070s][info][gc,cpu      ] GC(10) User=0.09s Sys=0.06s Real=0.02s
[2.390s][info][gc,start    ] GC(11) Pause Young (Normal) (G1 Evacuation Pause)
[2.390s][info][gc,task     ] GC(11) Using 10 workers of 10 for evacuation
[2.414s][info][gc,phases   ] GC(11)   Pre Evacuate Collection Set: 0.3ms
[2.414s][info][gc,phases   ] GC(11)   Merge Heap Roots: 0.1ms
[2.414s][info][gc,phases   ] GC(11)   Evacuate Collection Set: 22.9ms
[2.414s][info][gc,phases   ] GC(11)   Post Evacuate Collection Set: 0.7ms
[2.414s][info][gc,phases   ] GC(11)   Other: 0.1ms
[2.414s][info][gc,heap     ] GC(11) Eden regions: 254->0(301)
[2.414s][info][gc,heap     ] GC(11) Survivor regions: 30->36(36)
[2.414s][info][gc,heap     ] GC(11) Old regions: 181->226
[2.414s][info][gc,heap     ] GC(11) Humongous regions: 0->0
[2.414s][info][gc,metaspace] GC(11) Metaspace: 1321K(1472K)->1321K(1472K) NonClass: 1223K(1280K)->1223K(1280K) Class: 97K(192K)->97K(192K)
[2.414s][info][gc          ] GC(11) Pause Young (Normal) (G1 Evacuation Pause) 929M->522M(2048M) 24.388ms
[2.414s][info][gc,cpu      ] GC(11) User=0.03s Sys=0.14s Real=0.03s
[2.804s][info][gc,start    ] GC(12) Pause Young (Normal) (G1 Evacuation Pause)
[2.805s][info][gc,task     ] GC(12) Using 10 workers of 10 for evacuation
[2.836s][info][gc,phases   ] GC(12)   Pre Evacuate Collection Set: 0.3ms
[2.836s][info][gc,phases   ] GC(12)   Merge Heap Roots: 0.1ms
[2.836s][info][gc,phases   ] GC(12)   Evacuate Collection Set: 30.5ms
[2.836s][info][gc,phases   ] GC(12)   Post Evacuate Collection Set: 0.7ms
[2.836s][info][gc,phases   ] GC(12)   Other: 0.1ms
[2.836s][info][gc,heap     ] GC(12) Eden regions: 301->0(360)
[2.836s][info][gc,heap     ] GC(12) Survivor regions: 36->43(43)
[2.836s][info][gc,heap     ] GC(12) Old regions: 226->277
[2.836s][info][gc,heap     ] GC(12) Humongous regions: 2->0
[2.836s][info][gc,metaspace] GC(12) Metaspace: 1321K(1472K)->1321K(1472K) NonClass: 1223K(1280K)->1223K(1280K) Class: 97K(192K)->97K(192K)
[2.836s][info][gc          ] GC(12) Pause Young (Normal) (G1 Evacuation Pause) 1128M->638M(2048M) 32.028ms
[2.836s][info][gc,cpu      ] GC(12) User=0.05s Sys=0.14s Real=0.03s
[3.305s][info][gc,start    ] GC(13) Pause Young (Normal) (G1 Evacuation Pause)
[3.305s][info][gc,task     ] GC(13) Using 10 workers of 10 for evacuation
[3.338s][info][gc,phases   ] GC(13)   Pre Evacuate Collection Set: 0.3ms
[3.338s][info][gc,phases   ] GC(13)   Merge Heap Roots: 0.1ms
[3.338s][info][gc,phases   ] GC(13)   Evacuate Collection Set: 31.7ms
[3.338s][info][gc,phases   ] GC(13)   Post Evacuate Collection Set: 0.8ms
[3.338s][info][gc,phases   ] GC(13)   Other: 0.1ms
[3.338s][info][gc,heap     ] GC(13) Eden regions: 360->0(394)
[3.339s][info][gc,heap     ] GC(13) Survivor regions: 43->51(51)
[3.339s][info][gc,heap     ] GC(13) Old regions: 277->340
[3.339s][info][gc,heap     ] GC(13) Humongous regions: 5->0
[3.339s][info][gc,metaspace] GC(13) Metaspace: 1321K(1472K)->1321K(1472K) NonClass: 1223K(1280K)->1223K(1280K) Class: 97K(192K)->97K(192K)
[3.339s][info][gc          ] GC(13) Pause Young (Normal) (G1 Evacuation Pause) 1368M->781M(2048M) 33.218ms
[3.339s][info][gc,cpu      ] GC(13) User=0.08s Sys=0.23s Real=0.03s
[3.832s][info][gc,start    ] GC(14) Pause Young (Normal) (G1 Evacuation Pause)
[3.832s][info][gc,task     ] GC(14) Using 10 workers of 10 for evacuation
[3.872s][info][gc,phases   ] GC(14)   Pre Evacuate Collection Set: 0.3ms
[3.872s][info][gc,phases   ] GC(14)   Merge Heap Roots: 0.1ms
[3.872s][info][gc,phases   ] GC(14)   Evacuate Collection Set: 38.1ms
[3.872s][info][gc,phases   ] GC(14)   Post Evacuate Collection Set: 0.9ms
[3.872s][info][gc,phases   ] GC(14)   Other: 0.1ms
[3.872s][info][gc,heap     ] GC(14) Eden regions: 394->0(359)
[3.872s][info][gc,heap     ] GC(14) Survivor regions: 51->56(56)
[3.872s][info][gc,heap     ] GC(14) Old regions: 340->414
[3.872s][info][gc,heap     ] GC(14) Humongous regions: 8->0
[3.872s][info][gc,metaspace] GC(14) Metaspace: 1321K(1472K)->1321K(1472K) NonClass: 1223K(1280K)->1223K(1280K) Class: 97K(192K)->97K(192K)
[3.872s][info][gc          ] GC(14) Pause Young (Normal) (G1 Evacuation Pause) 1585M->939M(2048M) 39.701ms
[3.872s][info][gc,cpu      ] GC(14) User=0.12s Sys=0.34s Real=0.04s
[4.333s][info][gc,start    ] GC(15) Pause Young (Normal) (G1 Evacuation Pause)
[4.333s][info][gc,task     ] GC(15) Using 10 workers of 10 for evacuation
[4.361s][info][gc,phases   ] GC(15)   Pre Evacuate Collection Set: 0.2ms
[4.361s][info][gc,phases   ] GC(15)   Merge Heap Roots: 0.1ms
[4.361s][info][gc,phases   ] GC(15)   Evacuate Collection Set: 27.3ms
[4.361s][info][gc,phases   ] GC(15)   Post Evacuate Collection Set: 0.7ms
[4.361s][info][gc,phases   ] GC(15)   Other: 0.1ms
[4.361s][info][gc,heap     ] GC(15) Eden regions: 359->0(322)
[4.361s][info][gc,heap     ] GC(15) Survivor regions: 56->52(52)
[4.361s][info][gc,heap     ] GC(15) Old regions: 414->489
[4.361s][info][gc,heap     ] GC(15) Humongous regions: 5->0
[4.361s][info][gc,metaspace] GC(15) Metaspace: 1322K(1472K)->1322K(1472K) NonClass: 1224K(1280K)->1224K(1280K) Class: 97K(192K)->97K(192K)
[4.361s][info][gc          ] GC(15) Pause Young (Normal) (G1 Evacuation Pause) 1667M->1081M(2048M) 28.852ms
[4.361s][info][gc,cpu      ] GC(15) User=0.14s Sys=0.17s Real=0.03s
[4.760s][info][gc,start    ] GC(16) Pause Young (Concurrent Start) (G1 Evacuation Pause)
[4.761s][info][gc,task     ] GC(16) Using 10 workers of 10 for evacuation
[4.788s][info][gc,phases   ] GC(16)   Pre Evacuate Collection Set: 0.3ms
[4.788s][info][gc,phases   ] GC(16)   Merge Heap Roots: 0.2ms
[4.789s][info][gc,phases   ] GC(16)   Evacuate Collection Set: 26.5ms
[4.789s][info][gc,phases   ] GC(16)   Post Evacuate Collection Set: 0.7ms
[4.789s][info][gc,phases   ] GC(16)   Other: 0.2ms
[4.789s][info][gc,heap     ] GC(16) Eden regions: 322->0(281)
[4.789s][info][gc,heap     ] GC(16) Survivor regions: 52->47(47)
[4.789s][info][gc,heap     ] GC(16) Old regions: 489->559
[4.789s][info][gc,heap     ] GC(16) Humongous regions: 0->0
[4.789s][info][gc,metaspace] GC(16) Metaspace: 1322K(1472K)->1322K(1472K) NonClass: 1224K(1280K)->1224K(1280K) Class: 97K(192K)->97K(192K)
[4.789s][info][gc          ] GC(16) Pause Young (Concurrent Start) (G1 Evacuation Pause) 1725M->1211M(2048M) 28.163ms
[4.789s][info][gc,cpu      ] GC(16) User=0.08s Sys=0.08s Real=0.03s
[4.789s][info][gc          ] GC(17) Concurrent Mark Cycle
[4.789s][info][gc,marking  ] GC(17) Concurrent Scan Root Regions
[4.791s][info][gc,marking  ] GC(17) Concurrent Scan Root Regions 1.955ms
[4.791s][info][gc,marking  ] GC(17) Concurrent Mark
[4.791s][info][gc,marking  ] GC(17) Concurrent Mark From Roots
[4.791s][info][gc,task     ] GC(17) Using 3 workers of 3 for marking
[4.796s][info][gc,marking  ] GC(17) Concurrent Mark From Roots 5.246ms
[4.796s][info][gc,marking  ] GC(17) Concurrent Preclean
[4.796s][info][gc,marking  ] GC(17) Concurrent Preclean 0.015ms
[4.796s][info][gc,start    ] GC(17) Pause Remark
[4.798s][info][gc          ] GC(17) Pause Remark 1222M->1222M(2048M) 2.038ms
[4.798s][info][gc,cpu      ] GC(17) User=0.00s Sys=0.00s Real=0.00s
[4.798s][info][gc,marking  ] GC(17) Concurrent Mark 7.620ms
[4.798s][info][gc,marking  ] GC(17) Concurrent Rebuild Remembered Sets and Scrub Regions
[4.799s][info][gc,marking  ] GC(17) Concurrent Rebuild Remembered Sets and Scrub Regions 1.143ms
[4.800s][info][gc,start    ] GC(17) Pause Cleanup
[4.800s][info][gc          ] GC(17) Pause Cleanup 1225M->1225M(2048M) 0.259ms
[4.800s][info][gc,cpu      ] GC(17) User=0.00s Sys=0.00s Real=0.00s
[4.800s][info][gc,marking  ] GC(17) Concurrent Clear Claimed Marks
[4.800s][info][gc,marking  ] GC(17) Concurrent Clear Claimed Marks 0.025ms
[4.800s][info][gc,marking  ] GC(17) Concurrent Cleanup for Next Mark
[4.803s][info][gc,marking  ] GC(17) Concurrent Cleanup for Next Mark 3.207ms
[4.803s][info][gc          ] GC(17) Concurrent Mark Cycle 14.595ms
[5.148s][info][gc,start    ] GC(18) Pause Young (Prepare Mixed) (G1 Evacuation Pause)
[5.148s][info][gc,task     ] GC(18) Using 10 workers of 10 for evacuation
[5.169s][info][gc,phases   ] GC(18)   Pre Evacuate Collection Set: 0.3ms
[5.169s][info][gc,phases   ] GC(18)   Merge Heap Roots: 0.1ms
[5.169s][info][gc,phases   ] GC(18)   Evacuate Collection Set: 20.0ms
[5.169s][info][gc,phases   ] GC(18)   Post Evacuate Collection Set: 0.8ms
[5.169s][info][gc,phases   ] GC(18)   Other: 0.1ms
[5.169s][info][gc,heap     ] GC(18) Eden regions: 281->0(244)
[5.169s][info][gc,heap     ] GC(18) Survivor regions: 47->41(41)
[5.169s][info][gc,heap     ] GC(18) Old regions: 559->620
[5.169s][info][gc,heap     ] GC(18) Humongous regions: 1->0
[5.169s][info][gc,metaspace] GC(18) Metaspace: 1322K(1472K)->1322K(1472K) NonClass: 1224K(1280K)->1224K(1280K) Class: 97K(192K)->97K(192K)
[5.169s][info][gc          ] GC(18) Pause Young (Prepare Mixed) (G1 Evacuation Pause) 1775M->1320M(2048M) 21.558ms
[5.169s][info][gc,cpu      ] GC(18) User=0.05s Sys=0.12s Real=0.02s
[5.486s][info][gc,start    ] GC(19) Pause Young (Mixed) (G1 Evacuation Pause)
[5.486s][info][gc,task     ] GC(19) Using 10 workers of 10 for evacuation
[5.505s][info][gc,phases   ] GC(19)   Pre Evacuate Collection Set: 0.2ms
[5.505s][info][gc,phases   ] GC(19)   Merge Heap Roots: 0.1ms
[5.505s][info][gc,phases   ] GC(19)   Evacuate Collection Set: 18.2ms
[5.505s][info][gc,phases   ] GC(19)   Post Evacuate Collection Set: 0.6ms
[5.505s][info][gc,phases   ] GC(19)   Other: 0.1ms
[5.505s][info][gc,heap     ] GC(19) Eden regions: 244->0(212)
[5.505s][info][gc,heap     ] GC(19) Survivor regions: 41->36(36)
[5.505s][info][gc,heap     ] GC(19) Old regions: 620->672
[5.505s][info][gc,heap     ] GC(19) Humongous regions: 3->0
[5.505s][info][gc,metaspace] GC(19) Metaspace: 1322K(1472K)->1322K(1472K) NonClass: 1224K(1280K)->1224K(1280K) Class: 97K(192K)->97K(192K)
[5.505s][info][gc          ] GC(19) Pause Young (Mixed) (G1 Evacuation Pause) 1814M->1415M(2048M) 19.447ms
[5.505s][info][gc,cpu      ] GC(19) User=0.09s Sys=0.06s Real=0.02s
[5.535s][info][gc,start    ] GC(20) Pause Young (Concurrent Start) (G1 Humongous Allocation)
[5.535s][info][gc,task     ] GC(20) Using 10 workers of 10 for evacuation
[5.544s][info][gc,phases   ] GC(20)   Pre Evacuate Collection Set: 0.2ms
[5.544s][info][gc,phases   ] GC(20)   Merge Heap Roots: 0.1ms
[5.544s][info][gc,phases   ] GC(20)   Evacuate Collection Set: 8.0ms
[5.544s][info][gc,phases   ] GC(20)   Post Evacuate Collection Set: 0.5ms
[5.544s][info][gc,phases   ] GC(20)   Other: 0.2ms
[5.544s][info][gc,heap     ] GC(20) Eden regions: 25->0(211)
[5.544s][info][gc,heap     ] GC(20) Survivor regions: 36->5(31)
[5.544s][info][gc,heap     ] GC(20) Old regions: 672->708
[5.544s][info][gc,heap     ] GC(20) Humongous regions: 0->0
[5.544s][info][gc,metaspace] GC(20) Metaspace: 1322K(1472K)->1322K(1472K) NonClass: 1224K(1280K)->1224K(1280K) Class: 97K(192K)->97K(192K)
[5.544s][info][gc          ] GC(20) Pause Young (Concurrent Start) (G1 Humongous Allocation) 1465M->1424M(2048M) 9.192ms
[5.544s][info][gc,cpu      ] GC(20) User=0.12s Sys=0.03s Real=0.01s
[5.544s][info][gc          ] GC(21) Concurrent Mark Cycle
[5.544s][info][gc,marking  ] GC(21) Concurrent Scan Root Regions
[5.544s][info][gc,marking  ] GC(21) Concurrent Scan Root Regions 0.211ms
[5.544s][info][gc,marking  ] GC(21) Concurrent Mark
[5.544s][info][gc,marking  ] GC(21) Concurrent Mark From Roots
[5.544s][info][gc,task     ] GC(21) Using 3 workers of 3 for marking
[5.548s][info][gc,marking  ] GC(21) Concurrent Mark From Roots 3.583ms
[5.548s][info][gc,marking  ] GC(21) Concurrent Preclean
[5.548s][info][gc,marking  ] GC(21) Concurrent Preclean 0.013ms
[5.548s][info][gc,start    ] GC(21) Pause Remark
[5.551s][info][gc          ] GC(21) Pause Remark 1432M->1432M(2390M) 2.875ms
[5.551s][info][gc,cpu      ] GC(21) User=0.00s Sys=0.00s Real=0.00s
[5.551s][info][gc,marking  ] GC(21) Concurrent Mark 6.725ms
[5.551s][info][gc,marking  ] GC(21) Concurrent Rebuild Remembered Sets and Scrub Regions
[5.552s][info][gc,marking  ] GC(21) Concurrent Rebuild Remembered Sets and Scrub Regions 1.286ms
[5.552s][info][gc,start    ] GC(21) Pause Cleanup
[5.553s][info][gc          ] GC(21) Pause Cleanup 1433M->1433M(2390M) 0.272ms
[5.553s][info][gc,cpu      ] GC(21) User=0.00s Sys=0.00s Real=0.00s
[5.553s][info][gc,marking  ] GC(21) Concurrent Clear Claimed Marks
[5.553s][info][gc,marking  ] GC(21) Concurrent Clear Claimed Marks 0.026ms
[5.553s][info][gc,marking  ] GC(21) Concurrent Cleanup for Next Mark
[5.556s][info][gc,marking  ] GC(21) Concurrent Cleanup for Next Mark 3.271ms
[5.556s][info][gc          ] GC(21) Concurrent Mark Cycle 12.174ms
[5.892s][info][gc,start    ] GC(22) Pause Young (Prepare Mixed) (G1 Evacuation Pause)
[5.892s][info][gc,task     ] GC(22) Using 10 workers of 10 for evacuation
[5.903s][info][gc,phases   ] GC(22)   Pre Evacuate Collection Set: 0.3ms
[5.903s][info][gc,phases   ] GC(22)   Merge Heap Roots: 0.1ms
[5.903s][info][gc,phases   ] GC(22)   Evacuate Collection Set: 9.2ms
[5.903s][info][gc,phases   ] GC(22)   Post Evacuate Collection Set: 0.7ms
[5.903s][info][gc,phases   ] GC(22)   Other: 0.1ms
[5.903s][info][gc,heap     ] GC(22) Eden regions: 211->0(285)
[5.903s][info][gc,heap     ] GC(22) Survivor regions: 5->27(27)
[5.903s][info][gc,heap     ] GC(22) Old regions: 708->728
[5.903s][info][gc,heap     ] GC(22) Humongous regions: 2->0
[5.903s][info][gc,metaspace] GC(22) Metaspace: 1322K(1472K)->1322K(1472K) NonClass: 1224K(1280K)->1224K(1280K) Class: 97K(192K)->97K(192K)
[5.903s][info][gc          ] GC(22) Pause Young (Prepare Mixed) (G1 Evacuation Pause) 1850M->1509M(2390M) 10.649ms
[5.903s][info][gc,cpu      ] GC(22) User=0.14s Sys=0.02s Real=0.01s
[6.255s][info][gc,start    ] GC(23) Pause Young (Mixed) (G1 Evacuation Pause)
[6.255s][info][gc,task     ] GC(23) Using 10 workers of 10 for evacuation
[6.273s][info][gc,phases   ] GC(23)   Pre Evacuate Collection Set: 0.3ms
[6.273s][info][gc,phases   ] GC(23)   Merge Heap Roots: 0.1ms
[6.273s][info][gc,phases   ] GC(23)   Evacuate Collection Set: 17.2ms
[6.273s][info][gc,phases   ] GC(23)   Post Evacuate Collection Set: 0.8ms
[6.273s][info][gc,phases   ] GC(23)   Other: 0.1ms
[6.273s][info][gc,heap     ] GC(23) Eden regions: 285->0(254)
[6.273s][info][gc,heap     ] GC(23) Survivor regions: 27->39(39)
[6.273s][info][gc,heap     ] GC(23) Old regions: 728->773
[6.273s][info][gc,heap     ] GC(23) Humongous regions: 2->0
[6.273s][info][gc,metaspace] GC(23) Metaspace: 1322K(1472K)->1322K(1472K) NonClass: 1224K(1280K)->1224K(1280K) Class: 97K(192K)->97K(192K)
[6.273s][info][gc          ] GC(23) Pause Young (Mixed) (G1 Evacuation Pause) 2083M->1622M(2390M) 18.710ms
[6.273s][info][gc,cpu      ] GC(23) User=0.16s Sys=0.00s Real=0.02s
[6.455s][info][gc,start    ] GC(24) Pause Young (Concurrent Start) (G1 Humongous Allocation)
[6.455s][info][gc,task     ] GC(24) Using 10 workers of 10 for evacuation
[6.469s][info][gc,phases   ] GC(24)   Pre Evacuate Collection Set: 0.3ms
[6.469s][info][gc,phases   ] GC(24)   Merge Heap Roots: 0.1ms
[6.469s][info][gc,phases   ] GC(24)   Evacuate Collection Set: 13.1ms
[6.469s][info][gc,phases   ] GC(24)   Post Evacuate Collection Set: 0.6ms
[6.469s][info][gc,phases   ] GC(24)   Other: 0.2ms
[6.469s][info][gc,heap     ] GC(24) Eden regions: 146->0(239)
[6.469s][info][gc,heap     ] GC(24) Survivor regions: 39->29(37)
[6.469s][info][gc,heap     ] GC(24) Old regions: 773->812
[6.469s][info][gc,heap     ] GC(24) Humongous regions: 0->0
[6.469s][info][gc,metaspace] GC(24) Metaspace: 1322K(1472K)->1322K(1472K) NonClass: 1224K(1280K)->1224K(1280K) Class: 97K(192K)->97K(192K)
[6.469s][info][gc          ] GC(24) Pause Young (Concurrent Start) (G1 Humongous Allocation) 1913M->1679M(2390M) 14.555ms
[6.469s][info][gc,cpu      ] GC(24) User=0.16s Sys=0.00s Real=0.01s
[6.469s][info][gc          ] GC(25) Concurrent Mark Cycle
[6.470s][info][gc,marking  ] GC(25) Concurrent Scan Root Regions
[6.471s][info][gc,marking  ] GC(25) Concurrent Scan Root Regions 0.988ms
[6.471s][info][gc,marking  ] GC(25) Concurrent Mark
[6.471s][info][gc,marking  ] GC(25) Concurrent Mark From Roots
[6.471s][info][gc,task     ] GC(25) Using 3 workers of 3 for marking
[6.475s][info][gc,marking  ] GC(25) Concurrent Mark From Roots 4.917ms
[6.475s][info][gc,marking  ] GC(25) Concurrent Preclean
[6.476s][info][gc,marking  ] GC(25) Concurrent Preclean 0.015ms
[6.476s][info][gc,start    ] GC(25) Pause Remark
[6.478s][info][gc          ] GC(25) Pause Remark 1690M->1690M(2824M) 2.444ms
[6.478s][info][gc,cpu      ] GC(25) User=0.05s Sys=0.00s Real=0.00s
[6.478s][info][gc,marking  ] GC(25) Concurrent Mark 7.612ms
[6.478s][info][gc,marking  ] GC(25) Concurrent Rebuild Remembered Sets and Scrub Regions
[6.480s][info][gc,marking  ] GC(25) Concurrent Rebuild Remembered Sets and Scrub Regions 1.608ms
[6.480s][info][gc,start    ] GC(25) Pause Cleanup
[6.480s][info][gc          ] GC(25) Pause Cleanup 1693M->1693M(2824M) 0.300ms
[6.480s][info][gc,cpu      ] GC(25) User=0.00s Sys=0.00s Real=0.00s
[6.480s][info][gc,marking  ] GC(25) Concurrent Clear Claimed Marks
[6.480s][info][gc,marking  ] GC(25) Concurrent Clear Claimed Marks 0.065ms
[6.480s][info][gc,marking  ] GC(25) Concurrent Cleanup for Next Mark
[6.484s][info][gc,marking  ] GC(25) Concurrent Cleanup for Next Mark 3.707ms
[6.484s][info][gc          ] GC(25) Concurrent Mark Cycle 14.608ms
[6.873s][info][gc,start    ] GC(26) Pause Young (Prepare Mixed) (G1 Evacuation Pause)
[6.873s][info][gc,task     ] GC(26) Using 10 workers of 10 for evacuation
[6.889s][info][gc,phases   ] GC(26)   Pre Evacuate Collection Set: 0.3ms
[6.889s][info][gc,phases   ] GC(26)   Merge Heap Roots: 0.1ms
[6.889s][info][gc,phases   ] GC(26)   Evacuate Collection Set: 14.9ms
[6.889s][info][gc,phases   ] GC(26)   Post Evacuate Collection Set: 0.8ms
[6.889s][info][gc,phases   ] GC(26)   Other: 0.1ms
[6.889s][info][gc,heap     ] GC(26) Eden regions: 239->0(337)
[6.889s][info][gc,heap     ] GC(26) Survivor regions: 29->34(34)
[6.889s][info][gc,heap     ] GC(26) Old regions: 812->853
[6.889s][info][gc,heap     ] GC(26) Humongous regions: 2->0
[6.889s][info][gc,metaspace] GC(26) Metaspace: 1322K(1472K)->1322K(1472K) NonClass: 1224K(1280K)->1224K(1280K) Class: 97K(192K)->97K(192K)
[6.889s][info][gc          ] GC(26) Pause Young (Prepare Mixed) (G1 Evacuation Pause) 2161M->1773M(2824M) 16.407ms
[6.889s][info][gc,cpu      ] GC(26) User=0.16s Sys=0.00s Real=0.02s
[7.299s][info][gc,start    ] GC(27) Pause Young (Mixed) (G1 Evacuation Pause)
[7.299s][info][gc,task     ] GC(27) Using 10 workers of 10 for evacuation
[7.320s][info][gc,phases   ] GC(27)   Pre Evacuate Collection Set: 0.3ms
[7.320s][info][gc,phases   ] GC(27)   Merge Heap Roots: 0.2ms
[7.320s][info][gc,phases   ] GC(27)   Evacuate Collection Set: 20.1ms
[7.320s][info][gc,phases   ] GC(27)   Post Evacuate Collection Set: 0.9ms
[7.320s][info][gc,phases   ] GC(27)   Other: 0.1ms
[7.320s][info][gc,heap     ] GC(27) Eden regions: 337->0(300)
[7.320s][info][gc,heap     ] GC(27) Survivor regions: 34->47(47)
[7.320s][info][gc,heap     ] GC(27) Old regions: 853->907
[7.320s][info][gc,heap     ] GC(27) Humongous regions: 5->0
[7.320s][info][gc,metaspace] GC(27) Metaspace: 1322K(1472K)->1322K(1472K) NonClass: 1224K(1280K)->1224K(1280K) Class: 97K(192K)->97K(192K)
[7.320s][info][gc          ] GC(27) Pause Young (Mixed) (G1 Evacuation Pause) 2457M->1907M(2824M) 21.834ms
[7.320s][info][gc,cpu      ] GC(27) User=0.17s Sys=0.00s Real=0.02s
[7.901s][info][gc,start    ] GC(28) Pause Young (Concurrent Start) (G1 Evacuation Pause)
[7.901s][info][gc,task     ] GC(28) Using 10 workers of 10 for evacuation
[7.924s][info][gc,phases   ] GC(28)   Pre Evacuate Collection Set: 0.3ms
[7.924s][info][gc,phases   ] GC(28)   Merge Heap Roots: 0.1ms
[7.924s][info][gc,phases   ] GC(28)   Evacuate Collection Set: 21.9ms
[7.924s][info][gc,phases   ] GC(28)   Post Evacuate Collection Set: 0.7ms
[7.924s][info][gc,phases   ] GC(28)   Other: 0.2ms
[7.924s][info][gc,heap     ] GC(28) Eden regions: 300->0(294)
[7.924s][info][gc,heap     ] GC(28) Survivor regions: 47->26(44)
[7.924s][info][gc,heap     ] GC(28) Old regions: 907->954
[7.924s][info][gc,heap     ] GC(28) Humongous regions: 3->3
[7.924s][info][gc,metaspace] GC(28) Metaspace: 1738K(1920K)->1738K(1920K) NonClass: 1552K(1664K)->1552K(1664K) Class: 185K(256K)->185K(256K)
[7.924s][info][gc          ] GC(28) Pause Young (Concurrent Start) (G1 Evacuation Pause) 2513M->1964M(2824M) 23.583ms
[7.925s][info][gc,cpu      ] GC(28) User=0.16s Sys=0.00s Real=0.02s
[7.925s][info][gc          ] GC(29) Concurrent Mark Cycle
[7.925s][info][gc,marking  ] GC(29) Concurrent Scan Root Regions
[7.932s][info][gc,marking  ] GC(29) Concurrent Scan Root Regions 7.188ms
[7.932s][info][gc,marking  ] GC(29) Concurrent Mark
[7.932s][info][gc,marking  ] GC(29) Concurrent Mark From Roots
[7.932s][info][gc,task     ] GC(29) Using 3 workers of 3 for marking
[7.941s][info][gc,marking  ] GC(29) Concurrent Mark From Roots 8.703ms
[7.941s][info][gc,marking  ] GC(29) Concurrent Preclean
[7.941s][info][gc,marking  ] GC(29) Concurrent Preclean 0.027ms
[7.941s][info][gc,start    ] GC(29) Pause Remark
[7.944s][info][gc          ] GC(29) Pause Remark 1989M->1987M(3318M) 3.395ms
[7.944s][info][gc,cpu      ] GC(29) User=0.00s Sys=0.00s Real=0.00s
[7.945s][info][gc,marking  ] GC(29) Concurrent Mark 13.065ms
[7.945s][info][gc,marking  ] GC(29) Concurrent Rebuild Remembered Sets and Scrub Regions
[7.953s][info][gc,marking  ] GC(29) Concurrent Rebuild Remembered Sets and Scrub Regions 8.146ms
[7.953s][info][gc,start    ] GC(29) Pause Cleanup
[7.954s][info][gc          ] GC(29) Pause Cleanup 2002M->2002M(3318M) 0.349ms
[7.954s][info][gc,cpu      ] GC(29) User=0.00s Sys=0.00s Real=0.00s
[7.955s][info][gc,marking  ] GC(29) Concurrent Clear Claimed Marks
[7.955s][info][gc,marking  ] GC(29) Concurrent Clear Claimed Marks 0.035ms
[7.955s][info][gc,marking  ] GC(29) Concurrent Cleanup for Next Mark
[7.961s][info][gc,marking  ] GC(29) Concurrent Cleanup for Next Mark 6.208ms
[7.961s][info][gc          ] GC(29) Concurrent Mark Cycle 36.624ms
[8.295s][info][gc,start    ] GC(30) Pause Young (Prepare Mixed) (G1 Evacuation Pause)
[8.295s][info][gc,task     ] GC(30) Using 10 workers of 10 for evacuation
[8.318s][info][gc,phases   ] GC(30)   Pre Evacuate Collection Set: 0.3ms
[8.318s][info][gc,phases   ] GC(30)   Merge Heap Roots: 0.2ms
[8.318s][info][gc,phases   ] GC(30)   Evacuate Collection Set: 21.7ms
[8.318s][info][gc,phases   ] GC(30)   Post Evacuate Collection Set: 0.5ms
[8.318s][info][gc,phases   ] GC(30)   Other: 0.2ms
[8.318s][info][gc,heap     ] GC(30) Eden regions: 294->0(457)
[8.318s][info][gc,heap     ] GC(30) Survivor regions: 26->13(40)
[8.318s][info][gc,heap     ] GC(30) Old regions: 954->978
[8.318s][info][gc,heap     ] GC(30) Humongous regions: 5->5
[8.318s][info][gc,metaspace] GC(30) Metaspace: 1742K(1920K)->1742K(1920K) NonClass: 1556K(1664K)->1556K(1664K) Class: 185K(256K)->185K(256K)
[8.318s][info][gc          ] GC(30) Pause Young (Prepare Mixed) (G1 Evacuation Pause) 2556M->1989M(3318M) 23.140ms
[8.318s][info][gc,cpu      ] GC(30) User=0.16s Sys=0.00s Real=0.02s
[8.398s][info][gc,start    ] GC(31) Pause Young (Mixed) (G1 Evacuation Pause)
[8.399s][info][gc,task     ] GC(31) Using 10 workers of 10 for evacuation
[8.412s][info][gc,phases   ] GC(31)   Pre Evacuate Collection Set: 0.2ms
[8.412s][info][gc,phases   ] GC(31)   Merge Heap Roots: 0.4ms
[8.412s][info][gc,phases   ] GC(31)   Evacuate Collection Set: 12.8ms
[8.412s][info][gc,phases   ] GC(31)   Post Evacuate Collection Set: 0.3ms
[8.412s][info][gc,phases   ] GC(31)   Other: 0.1ms
[8.413s][info][gc,heap     ] GC(31) Eden regions: 69->0(457)
[8.413s][info][gc,heap     ] GC(31) Survivor regions: 13->4(11)
[8.413s][info][gc,heap     ] GC(31) Old regions: 978->990
[8.413s][info][gc,heap     ] GC(31) Humongous regions: 5->5
[8.413s][info][gc,metaspace] GC(31) Metaspace: 1742K(1920K)->1742K(1920K) NonClass: 1556K(1664K)->1556K(1664K) Class: 185K(256K)->185K(256K)
[8.413s][info][gc          ] GC(31) Pause Young (Mixed) (G1 Evacuation Pause) 2127M->1996M(3318M) 14.148ms
[8.413s][info][gc,cpu      ] GC(31) User=0.00s Sys=0.00s Real=0.01s
[8.609s][info][gc,start    ] GC(32) Pause Young (Mixed) (G1 Evacuation Pause)
[8.609s][info][gc,task     ] GC(32) Using 10 workers of 10 for evacuation
[8.621s][info][gc,phases   ] GC(32)   Pre Evacuate Collection Set: 0.2ms
[8.621s][info][gc,phases   ] GC(32)   Merge Heap Roots: 0.2ms
[8.621s][info][gc,phases   ] GC(32)   Evacuate Collection Set: 10.6ms
[8.621s][info][gc,phases   ] GC(32)   Post Evacuate Collection Set: 0.4ms
[8.621s][info][gc,phases   ] GC(32)   Other: 0.1ms
[8.621s][info][gc,heap     ] GC(32) Eden regions: 166->0(255)
[8.621s][info][gc,heap     ] GC(32) Survivor regions: 4->9(22)
[8.621s][info][gc,heap     ] GC(32) Old regions: 990->990
[8.621s][info][gc,heap     ] GC(32) Humongous regions: 5->5
[8.621s][info][gc,metaspace] GC(32) Metaspace: 1742K(1920K)->1742K(1920K) NonClass: 1556K(1664K)->1556K(1664K) Class: 185K(256K)->185K(256K)
[8.621s][info][gc          ] GC(32) Pause Young (Mixed) (G1 Evacuation Pause) 2328M->2005M(3318M) 11.758ms
[8.621s][info][gc,cpu      ] GC(32) User=0.16s Sys=0.00s Real=0.01s
[8.707s][info][gc,start    ] GC(33) Pause Young (Mixed) (G1 Evacuation Pause)
[8.707s][info][gc,task     ] GC(33) Using 10 workers of 10 for evacuation
[8.719s][info][gc,phases   ] GC(33)   Pre Evacuate Collection Set: 0.2ms
[8.719s][info][gc,phases   ] GC(33)   Merge Heap Roots: 0.2ms
[8.719s][info][gc,phases   ] GC(33)   Evacuate Collection Set: 10.5ms
[8.719s][info][gc,phases   ] GC(33)   Post Evacuate Collection Set: 0.3ms
[8.719s][info][gc,phases   ] GC(33)   Other: 0.1ms
[8.719s][info][gc,heap     ] GC(33) Eden regions: 73->0(460)
[8.719s][info][gc,heap     ] GC(33) Survivor regions: 9->9(11)
[8.719s][info][gc,heap     ] GC(33) Old regions: 990->992
[8.719s][info][gc,heap     ] GC(33) Humongous regions: 5->5
[8.719s][info][gc,metaspace] GC(33) Metaspace: 1742K(1920K)->1742K(1920K) NonClass: 1556K(1664K)->1556K(1664K) Class: 185K(256K)->185K(256K)
[8.719s][info][gc          ] GC(33) Pause Young (Mixed) (G1 Evacuation Pause) 2151M->2009M(3318M) 11.597ms
[8.719s][info][gc,cpu      ] GC(33) User=0.16s Sys=0.00s Real=0.01s
[9.555s][info][gc,start    ] GC(34) Pause Young (Mixed) (G1 Evacuation Pause)
[9.555s][info][gc,task     ] GC(34) Using 10 workers of 10 for evacuation
[9.586s][info][gc,phases   ] GC(34)   Pre Evacuate Collection Set: 0.2ms
[9.586s][info][gc,phases   ] GC(34)   Merge Heap Roots: 0.4ms
[9.586s][info][gc,phases   ] GC(34)   Evacuate Collection Set: 29.4ms
[9.586s][info][gc,phases   ] GC(34)   Post Evacuate Collection Set: 0.5ms
[9.586s][info][gc,phases   ] GC(34)   Other: 0.1ms
[9.586s][info][gc,heap     ] GC(34) Eden regions: 460->0(494)
[9.586s][info][gc,heap     ] GC(34) Survivor regions: 9->24(59)
[9.586s][info][gc,heap     ] GC(34) Old regions: 992->992
[9.586s][info][gc,heap     ] GC(34) Humongous regions: 10->10
[9.586s][info][gc,metaspace] GC(34) Metaspace: 1763K(1920K)->1763K(1920K) NonClass: 1576K(1664K)->1576K(1664K) Class: 186K(256K)->186K(256K)
[9.586s][info][gc          ] GC(34) Pause Young (Mixed) (G1 Evacuation Pause) 2939M->2049M(3318M) 30.996ms
[9.586s][info][gc,cpu      ] GC(34) User=0.31s Sys=0.00s Real=0.03s
[9.694s][info][gc,start    ] GC(35) Pause Young (Normal) (G1 Evacuation Pause)
[9.694s][info][gc,task     ] GC(35) Using 10 workers of 10 for evacuation
[9.718s][info][gc,phases   ] GC(35)   Pre Evacuate Collection Set: 0.2ms
[9.718s][info][gc,phases   ] GC(35)   Merge Heap Roots: 0.3ms
[9.718s][info][gc,phases   ] GC(35)   Evacuate Collection Set: 23.4ms
[9.718s][info][gc,phases   ] GC(35)   Post Evacuate Collection Set: 0.3ms
[9.718s][info][gc,phases   ] GC(35)   Other: 0.1ms
[9.718s][info][gc,heap     ] GC(35) Eden regions: 58->0(513)
[9.718s][info][gc,heap     ] GC(35) Survivor regions: 24->4(11)
[9.718s][info][gc,heap     ] GC(35) Old regions: 992->1015
[9.718s][info][gc,heap     ] GC(35) Humongous regions: 10->10
[9.718s][info][gc,metaspace] GC(35) Metaspace: 1763K(1920K)->1763K(1920K) NonClass: 1576K(1664K)->1576K(1664K) Class: 186K(256K)->186K(256K)
[9.719s][info][gc          ] GC(35) Pause Young (Normal) (G1 Evacuation Pause) 2165M->2056M(3318M) 24.584ms
[9.719s][info][gc,cpu      ] GC(35) User=0.30s Sys=0.02s Real=0.03s
[10.182s][info][gc,start    ] GC(36) Pause Young (Normal) (G1 Evacuation Pause)
[10.182s][info][gc,task     ] GC(36) Using 10 workers of 10 for evacuation
[10.196s][info][gc,phases   ] GC(36)   Pre Evacuate Collection Set: 0.2ms
[10.197s][info][gc,phases   ] GC(36)   Merge Heap Roots: 0.3ms
[10.197s][info][gc,phases   ] GC(36)   Evacuate Collection Set: 12.4ms
[10.197s][info][gc,phases   ] GC(36)   Post Evacuate Collection Set: 1.1ms
[10.197s][info][gc,phases   ] GC(36)   Other: 0.1ms
[10.197s][info][gc,heap     ] GC(36) Eden regions: 243->0(587)
[10.197s][info][gc,heap     ] GC(36) Survivor regions: 4->9(31)
[10.197s][info][gc,heap     ] GC(36) Old regions: 1015->1015
[10.197s][info][gc,heap     ] GC(36) Humongous regions: 10->10
[10.197s][info][gc,metaspace] GC(36) Metaspace: 1763K(1920K)->1763K(1920K) NonClass: 1576K(1664K)->1576K(1664K) Class: 186K(256K)->186K(256K)
[10.197s][info][gc          ] GC(36) Pause Young (Normal) (G1 Evacuation Pause) 2542M->2066M(3452M) 14.417ms
[10.197s][info][gc,cpu      ] GC(36) User=0.16s Sys=0.00s Real=0.01s
[10.460s][info][gc,start    ] GC(37) Pause Young (Normal) (G1 Evacuation Pause)
[10.460s][info][gc,task     ] GC(37) Using 10 workers of 10 for evacuation
[10.477s][info][gc,phases   ] GC(37)   Pre Evacuate Collection Set: 0.2ms
[10.477s][info][gc,phases   ] GC(37)   Merge Heap Roots: 0.2ms
[10.477s][info][gc,phases   ] GC(37)   Evacuate Collection Set: 15.6ms
[10.477s][info][gc,phases   ] GC(37)   Post Evacuate Collection Set: 0.4ms
[10.477s][info][gc,phases   ] GC(37)   Other: 0.1ms
[10.477s][info][gc,heap     ] GC(37) Eden regions: 143->0(586)
[10.477s][info][gc,heap     ] GC(37) Survivor regions: 9->14(19)
[10.477s][info][gc,heap     ] GC(37) Old regions: 1015->1015
[10.477s][info][gc,heap     ] GC(37) Humongous regions: 10->10
[10.477s][info][gc,metaspace] GC(37) Metaspace: 1763K(1920K)->1763K(1920K) NonClass: 1576K(1664K)->1576K(1664K) Class: 186K(256K)->186K(256K)
[10.477s][info][gc          ] GC(37) Pause Young (Normal) (G1 Evacuation Pause) 2352M->2076M(3452M) 16.885ms
[10.477s][info][gc,cpu      ] GC(37) User=0.16s Sys=0.02s Real=0.02s
[10.806s][info][gc,start    ] GC(38) Pause Young (Concurrent Start) (G1 Evacuation Pause)
[10.806s][info][gc,task     ] GC(38) Using 10 workers of 10 for evacuation
[10.827s][info][gc,phases   ] GC(38)   Pre Evacuate Collection Set: 0.3ms
[10.827s][info][gc,phases   ] GC(38)   Merge Heap Roots: 0.3ms
[10.827s][info][gc,phases   ] GC(38)   Evacuate Collection Set: 19.0ms
[10.827s][info][gc,phases   ] GC(38)   Post Evacuate Collection Set: 0.4ms
[10.827s][info][gc,phases   ] GC(38)   Other: 0.1ms
[10.827s][info][gc,heap     ] GC(38) Eden regions: 190->0(578)
[10.827s][info][gc,heap     ] GC(38) Survivor regions: 14->18(26)
[10.827s][info][gc,heap     ] GC(38) Old regions: 1015->1015
[10.827s][info][gc,heap     ] GC(38) Humongous regions: 10->10
[10.827s][info][gc,metaspace] GC(38) Metaspace: 1763K(1920K)->1763K(1920K) NonClass: 1576K(1664K)->1576K(1664K) Class: 186K(256K)->186K(256K)
[10.827s][info][gc          ] GC(38) Pause Young (Concurrent Start) (G1 Evacuation Pause) 2456M->2085M(3452M) 20.391ms
[10.827s][info][gc,cpu      ] GC(38) User=0.16s Sys=0.00s Real=0.02s
[10.827s][info][gc          ] GC(39) Concurrent Mark Cycle
[10.827s][info][gc,marking  ] GC(39) Concurrent Scan Root Regions
[10.836s][info][gc,marking  ] GC(39) Concurrent Scan Root Regions 9.643ms
[10.837s][info][gc,marking  ] GC(39) Concurrent Mark
[10.837s][info][gc,marking  ] GC(39) Concurrent Mark From Roots
[10.837s][info][gc,task     ] GC(39) Using 3 workers of 3 for marking
[10.941s][info][gc,marking  ] GC(39) Concurrent Mark From Roots 104.451ms
[10.941s][info][gc,marking  ] GC(39) Concurrent Preclean
[10.941s][info][gc,marking  ] GC(39) Concurrent Preclean 0.038ms
[10.941s][info][gc,start    ] GC(39) Pause Remark
[10.943s][info][gc          ] GC(39) Pause Remark 2189M->2179M(3634M) 1.814ms
[10.943s][info][gc,cpu      ] GC(39) User=0.00s Sys=0.00s Real=0.00s
[10.944s][info][gc,marking  ] GC(39) Concurrent Mark 107.715ms
[10.944s][info][gc,marking  ] GC(39) Concurrent Rebuild Remembered Sets and Scrub Regions
[11.005s][info][gc,marking  ] GC(39) Concurrent Rebuild Remembered Sets and Scrub Regions 60.411ms
[11.005s][info][gc,start    ] GC(39) Pause Cleanup
[11.005s][info][gc          ] GC(39) Pause Cleanup 2252M->2252M(3634M) 0.367ms
[11.005s][info][gc,cpu      ] GC(39) User=0.00s Sys=0.00s Real=0.00s
[11.007s][info][gc,marking  ] GC(39) Concurrent Clear Claimed Marks
[11.007s][info][gc,marking  ] GC(39) Concurrent Clear Claimed Marks 0.036ms
[11.007s][info][gc,marking  ] GC(39) Concurrent Cleanup for Next Mark
[11.012s][info][gc,marking  ] GC(39) Concurrent Cleanup for Next Mark 5.769ms
[11.013s][info][gc          ] GC(39) Concurrent Mark Cycle 185.736ms
[11.223s][info][gc,start    ] GC(40) Pause Young (Prepare Mixed) (G1 Evacuation Pause)
[11.223s][info][gc,task     ] GC(40) Using 10 workers of 10 for evacuation
[11.250s][info][gc,phases   ] GC(40)   Pre Evacuate Collection Set: 0.2ms
[11.251s][info][gc,phases   ] GC(40)   Merge Heap Roots: 0.5ms
[11.251s][info][gc,phases   ] GC(40)   Evacuate Collection Set: 25.7ms
[11.251s][info][gc,phases   ] GC(40)   Post Evacuate Collection Set: 0.6ms
[11.251s][info][gc,phases   ] GC(40)   Other: 0.1ms
[11.251s][info][gc,heap     ] GC(40) Eden regions: 266->0(653)
[11.251s][info][gc,heap     ] GC(40) Survivor regions: 18->26(36)
[11.251s][info][gc,heap     ] GC(40) Old regions: 1015->1015
[11.251s][info][gc,heap     ] GC(40) Humongous regions: 5->5
[11.251s][info][gc,metaspace] GC(40) Metaspace: 1763K(1920K)->1763K(1920K) NonClass: 1576K(1664K)->1576K(1664K) Class: 186K(256K)->186K(256K)
[11.251s][info][gc          ] GC(40) Pause Young (Prepare Mixed) (G1 Evacuation Pause) 2607M->2089M(3634M) 27.598ms
[11.251s][info][gc,cpu      ] GC(40) User=0.31s Sys=0.00s Real=0.03s
[12.145s][info][gc,start    ] GC(41) Pause Young (Mixed) (G1 Evacuation Pause)
[12.145s][info][gc,task     ] GC(41) Using 10 workers of 10 for evacuation
[12.201s][info][gc,phases   ] GC(41)   Pre Evacuate Collection Set: 0.3ms
[12.201s][info][gc,phases   ] GC(41)   Merge Heap Roots: 0.7ms
[12.201s][info][gc,phases   ] GC(41)   Evacuate Collection Set: 53.5ms
[12.201s][info][gc,phases   ] GC(41)   Post Evacuate Collection Set: 0.7ms
[12.201s][info][gc,phases   ] GC(41)   Other: 0.2ms
[12.201s][info][gc,heap     ] GC(41) Eden regions: 653->0(608)
[12.201s][info][gc,heap     ] GC(41) Survivor regions: 26->45(85)
[12.201s][info][gc,heap     ] GC(41) Old regions: 1015->1013
[12.201s][info][gc,heap     ] GC(41) Humongous regions: 14->14
[12.201s][info][gc,metaspace] GC(41) Metaspace: 1763K(1920K)->1763K(1920K) NonClass: 1576K(1664K)->1576K(1664K) Class: 186K(256K)->186K(256K)
[12.201s][info][gc          ] GC(41) Pause Young (Mixed) (G1 Evacuation Pause) 3413M->2142M(3634M) 55.650ms
[12.201s][info][gc,cpu      ] GC(41) User=0.62s Sys=0.00s Real=0.06s
[12.249s][info][gc,start    ] GC(42) Pause Young (Concurrent Start) (G1 Evacuation Pause)
[12.250s][info][gc,task     ] GC(42) Using 10 workers of 10 for evacuation
[12.294s][info][gc,phases   ] GC(42)   Pre Evacuate Collection Set: 0.3ms
[12.294s][info][gc,phases   ] GC(42)   Merge Heap Roots: 0.5ms
[12.294s][info][gc,phases   ] GC(42)   Evacuate Collection Set: 42.9ms
[12.294s][info][gc,phases   ] GC(42)   Post Evacuate Collection Set: 0.4ms
[12.294s][info][gc,phases   ] GC(42)   Other: 0.1ms
[12.294s][info][gc,heap     ] GC(42) Eden regions: 45->0(645)
[12.294s][info][gc,heap     ] GC(42) Survivor regions: 45->5(12)
[12.294s][info][gc,heap     ] GC(42) Old regions: 1013->1056
[12.294s][info][gc,heap     ] GC(42) Humongous regions: 14->14
[12.294s][info][gc,metaspace] GC(42) Metaspace: 1763K(1920K)->1763K(1920K) NonClass: 1576K(1664K)->1576K(1664K) Class: 186K(256K)->186K(256K)
[12.294s][info][gc          ] GC(42) Pause Young (Concurrent Start) (G1 Evacuation Pause) 2232M->2150M(3634M) 44.512ms
[12.294s][info][gc,cpu      ] GC(42) User=0.47s Sys=0.00s Real=0.05s
[12.294s][info][gc          ] GC(43) Concurrent Mark Cycle
[12.294s][info][gc,marking  ] GC(43) Concurrent Scan Root Regions
[12.329s][info][gc,marking  ] GC(43) Concurrent Scan Root Regions 34.800ms
[12.329s][info][gc,marking  ] GC(43) Concurrent Mark
[12.329s][info][gc,marking  ] GC(43) Concurrent Mark From Roots
[12.329s][info][gc,task     ] GC(43) Using 3 workers of 3 for marking
[12.444s][info][gc,marking  ] GC(43) Concurrent Mark From Roots 114.736ms
[12.444s][info][gc,marking  ] GC(43) Concurrent Preclean
[12.444s][info][gc,marking  ] GC(43) Concurrent Preclean 0.027ms
[12.444s][info][gc,start    ] GC(43) Pause Remark
[12.446s][info][gc          ] GC(43) Pause Remark 2339M->2329M(3884M) 2.175ms
[12.446s][info][gc,cpu      ] GC(43) User=0.00s Sys=0.00s Real=0.00s
[12.447s][info][gc,marking  ] GC(43) Concurrent Mark 117.900ms
[12.447s][info][gc,marking  ] GC(43) Concurrent Rebuild Remembered Sets and Scrub Regions
[12.540s][info][gc,marking  ] GC(43) Concurrent Rebuild Remembered Sets and Scrub Regions 93.560ms
[12.541s][info][gc,start    ] GC(43) Pause Cleanup
[12.541s][info][gc          ] GC(43) Pause Cleanup 2437M->2437M(3884M) 0.416ms
[12.541s][info][gc,cpu      ] GC(43) User=0.00s Sys=0.00s Real=0.00s
[12.542s][info][gc,marking  ] GC(43) Concurrent Clear Claimed Marks
[12.542s][info][gc,marking  ] GC(43) Concurrent Clear Claimed Marks 0.039ms
[12.542s][info][gc,marking  ] GC(43) Concurrent Cleanup for Next Mark
[12.547s][info][gc,marking  ] GC(43) Concurrent Cleanup for Next Mark 5.075ms
[12.547s][info][gc          ] GC(43) Concurrent Mark Cycle 253.174ms
[13.147s][info][gc,start    ] GC(44) Pause Young (Prepare Mixed) (G1 Evacuation Pause)
[13.147s][info][gc,task     ] GC(44) Using 10 workers of 10 for evacuation
[13.172s][info][gc,phases   ] GC(44)   Pre Evacuate Collection Set: 0.3ms
[13.172s][info][gc,phases   ] GC(44)   Merge Heap Roots: 0.6ms
[13.172s][info][gc,phases   ] GC(44)   Evacuate Collection Set: 23.0ms
[13.172s][info][gc,phases   ] GC(44)   Post Evacuate Collection Set: 0.6ms
[13.172s][info][gc,phases   ] GC(44)   Other: 0.1ms
[13.172s][info][gc,heap     ] GC(44) Eden regions: 639->0(745)
[13.172s][info][gc,heap     ] GC(44) Survivor regions: 5->17(81)
[13.172s][info][gc,heap     ] GC(44) Old regions: 1056->1056
[13.172s][info][gc,heap     ] GC(44) Humongous regions: 9->9
[13.172s][info][gc,metaspace] GC(44) Metaspace: 1763K(1920K)->1763K(1920K) NonClass: 1576K(1664K)->1576K(1664K) Class: 186K(256K)->186K(256K)
[13.172s][info][gc          ] GC(44) Pause Young (Prepare Mixed) (G1 Evacuation Pause) 3418M->2163M(3884M) 25.004ms
[13.172s][info][gc,cpu      ] GC(44) User=0.31s Sys=0.00s Real=0.03s
[14.083s][info][gc,start    ] GC(45) Pause Young (Mixed) (G1 Evacuation Pause)
[14.083s][info][gc,task     ] GC(45) Using 10 workers of 10 for evacuation
[14.124s][info][gc,phases   ] GC(45)   Pre Evacuate Collection Set: 0.3ms
[14.124s][info][gc,phases   ] GC(45)   Merge Heap Roots: 0.6ms
[14.124s][info][gc,phases   ] GC(45)   Evacuate Collection Set: 39.4ms
[14.124s][info][gc,phases   ] GC(45)   Post Evacuate Collection Set: 0.7ms
[14.124s][info][gc,phases   ] GC(45)   Other: 0.1ms
[14.124s][info][gc,heap     ] GC(45) Eden regions: 745->0(712)
[14.124s][info][gc,heap     ] GC(45) Survivor regions: 17->34(96)
[14.124s][info][gc,heap     ] GC(45) Old regions: 1056->1055
[14.124s][info][gc,heap     ] GC(45) Humongous regions: 9->9
[14.124s][info][gc,metaspace] GC(45) Metaspace: 1764K(1920K)->1764K(1920K) NonClass: 1577K(1664K)->1577K(1664K) Class: 186K(256K)->186K(256K)
[14.125s][info][gc          ] GC(45) Pause Young (Mixed) (G1 Evacuation Pause) 3653M->2195M(3884M) 41.427ms
[14.125s][info][gc,cpu      ] GC(45) User=0.47s Sys=0.00s Real=0.04s
[14.717s][info][gc,start    ] GC(46) Pause Young (Concurrent Start) (G1 Evacuation Pause)
[14.717s][info][gc,task     ] GC(46) Using 10 workers of 10 for evacuation
[14.767s][info][gc,phases   ] GC(46)   Pre Evacuate Collection Set: 0.3ms
[14.767s][info][gc,phases   ] GC(46)   Merge Heap Roots: 0.7ms
[14.767s][info][gc,phases   ] GC(46)   Evacuate Collection Set: 47.8ms
[14.767s][info][gc,phases   ] GC(46)   Post Evacuate Collection Set: 0.7ms
[14.767s][info][gc,phases   ] GC(46)   Other: 0.1ms
[14.767s][info][gc,heap     ] GC(46) Eden regions: 444->0(695)
[14.767s][info][gc,heap     ] GC(46) Survivor regions: 34->42(60)
[14.767s][info][gc,heap     ] GC(46) Old regions: 1055->1056
[14.767s][info][gc,heap     ] GC(46) Humongous regions: 9->9
[14.767s][info][gc,metaspace] GC(46) Metaspace: 1764K(1920K)->1764K(1920K) NonClass: 1577K(1664K)->1577K(1664K) Class: 186K(256K)->186K(256K)
[14.767s][info][gc          ] GC(46) Pause Young (Concurrent Start) (G1 Evacuation Pause) 3083M->2214M(3884M) 50.007ms
[14.767s][info][gc,cpu      ] GC(46) User=0.47s Sys=0.00s Real=0.05s
[14.767s][info][gc          ] GC(47) Concurrent Mark Cycle
[14.767s][info][gc,marking  ] GC(47) Concurrent Scan Root Regions
[14.790s][info][gc,marking  ] GC(47) Concurrent Scan Root Regions 22.939ms
[14.790s][info][gc,marking  ] GC(47) Concurrent Mark
[14.790s][info][gc,marking  ] GC(47) Concurrent Mark From Roots
[14.790s][info][gc,task     ] GC(47) Using 3 workers of 3 for marking
[14.992s][info][gc,marking  ] GC(47) Concurrent Mark From Roots 201.371ms
[14.992s][info][gc,marking  ] GC(47) Concurrent Preclean
[14.992s][info][gc,marking  ] GC(47) Concurrent Preclean 0.029ms
[14.992s][info][gc,start    ] GC(47) Pause Remark
[14.994s][info][gc          ] GC(47) Pause Remark 2487M->2487M(4096M) 1.824ms
[14.994s][info][gc,cpu      ] GC(47) User=0.00s Sys=0.00s Real=0.00s
[14.995s][info][gc,marking  ] GC(47) Concurrent Mark 205.055ms
[14.996s][info][gc,marking  ] GC(47) Concurrent Rebuild Remembered Sets and Scrub Regions
[15.118s][info][gc,marking  ] GC(47) Concurrent Rebuild Remembered Sets and Scrub Regions 122.619ms
[15.118s][info][gc,start    ] GC(47) Pause Cleanup
[15.119s][info][gc          ] GC(47) Pause Cleanup 2633M->2633M(4096M) 0.448ms
[15.119s][info][gc,cpu      ] GC(47) User=0.00s Sys=0.00s Real=0.00s
[15.121s][info][gc,marking  ] GC(47) Concurrent Clear Claimed Marks
[15.121s][info][gc,marking  ] GC(47) Concurrent Clear Claimed Marks 0.037ms
[15.121s][info][gc,marking  ] GC(47) Concurrent Cleanup for Next Mark
[15.127s][info][gc,marking  ] GC(47) Concurrent Cleanup for Next Mark 6.310ms
[15.127s][info][gc          ] GC(47) Concurrent Mark Cycle 360.046ms
[15.530s][info][gc,start    ] GC(48) Pause Young (Prepare Mixed) (G1 Evacuation Pause)
[15.530s][info][gc,task     ] GC(48) Using 10 workers of 10 for evacuation
[15.586s][info][gc,phases   ] GC(48)   Pre Evacuate Collection Set: 0.3ms
[15.586s][info][gc,phases   ] GC(48)   Merge Heap Roots: 1.0ms
[15.586s][info][gc,phases   ] GC(48)   Evacuate Collection Set: 53.9ms
[15.586s][info][gc,phases   ] GC(48)   Post Evacuate Collection Set: 0.8ms
[15.586s][info][gc,phases   ] GC(48)   Other: 0.1ms
[15.586s][info][gc,heap     ] GC(48) Eden regions: 529->0(787)
[15.586s][info][gc,heap     ] GC(48) Survivor regions: 42->39(72)
[15.586s][info][gc,heap     ] GC(48) Old regions: 1056->1071
[15.587s][info][gc,heap     ] GC(48) Humongous regions: 9->9
[15.587s][info][gc,metaspace] GC(48) Metaspace: 1764K(1920K)->1764K(1920K) NonClass: 1577K(1664K)->1577K(1664K) Class: 186K(256K)->186K(256K)
[15.587s][info][gc          ] GC(48) Pause Young (Prepare Mixed) (G1 Evacuation Pause) 3272M->2236M(4096M) 56.358ms
[15.587s][info][gc,cpu      ] GC(48) User=0.62s Sys=0.00s Real=0.06s
[16.564s][info][gc,start    ] GC(49) Pause Young (Mixed) (G1 Evacuation Pause)
[16.564s][info][gc,task     ] GC(49) Using 10 workers of 10 for evacuation
[16.622s][info][gc,phases   ] GC(49)   Pre Evacuate Collection Set: 0.3ms
[16.622s][info][gc,phases   ] GC(49)   Merge Heap Roots: 1.0ms
[16.622s][info][gc,phases   ] GC(49)   Evacuate Collection Set: 55.7ms
[16.622s][info][gc,phases   ] GC(49)   Post Evacuate Collection Set: 0.9ms
[16.622s][info][gc,phases   ] GC(49)   Other: 0.1ms
[16.622s][info][gc,heap     ] GC(49) Eden regions: 787->0(759)
[16.622s][info][gc,heap     ] GC(49) Survivor regions: 39->53(104)
[16.622s][info][gc,heap     ] GC(49) Old regions: 1071->1071
[16.622s][info][gc,heap     ] GC(49) Humongous regions: 9->9
[16.622s][info][gc,metaspace] GC(49) Metaspace: 1764K(1920K)->1764K(1920K) NonClass: 1577K(1664K)->1577K(1664K) Class: 186K(256K)->186K(256K)
[16.622s][info][gc          ] GC(49) Pause Young (Mixed) (G1 Evacuation Pause) 3810M->2264M(4096M) 58.325ms
[16.622s][info][gc,cpu      ] GC(49) User=0.61s Sys=0.00s Real=0.06s
[16.990s][info][gc,start    ] GC(50) Pause Young (Concurrent Start) (G1 Humongous Allocation)
[16.990s][info][gc,task     ] GC(50) Using 10 workers of 10 for evacuation
[17.046s][info][gc,phases   ] GC(50)   Pre Evacuate Collection Set: 0.3ms
[17.046s][info][gc,phases   ] GC(50)   Merge Heap Roots: 0.8ms
[17.046s][info][gc,phases   ] GC(50)   Evacuate Collection Set: 54.1ms
[17.046s][info][gc,phases   ] GC(50)   Post Evacuate Collection Set: 0.7ms
[17.046s][info][gc,phases   ] GC(50)   Other: 0.1ms
[17.046s][info][gc,heap     ] GC(50) Eden regions: 302->0(761)
[17.046s][info][gc,heap     ] GC(50) Survivor regions: 53->44(89)
[17.046s][info][gc,heap     ] GC(50) Old regions: 1071->1087
[17.046s][info][gc,heap     ] GC(50) Humongous regions: 9->9
[17.046s][info][gc,metaspace] GC(50) Metaspace: 1766K(1920K)->1766K(1920K) NonClass: 1579K(1664K)->1579K(1664K) Class: 186K(256K)->186K(256K)
[17.046s][info][gc          ] GC(50) Pause Young (Concurrent Start) (G1 Humongous Allocation) 2867M->2279M(4096M) 56.354ms
[17.046s][info][gc,cpu      ] GC(50) User=0.62s Sys=0.00s Real=0.06s
[17.046s][info][gc          ] GC(51) Concurrent Mark Cycle
[17.046s][info][gc,marking  ] GC(51) Concurrent Scan Root Regions
[17.076s][info][gc,marking  ] GC(51) Concurrent Scan Root Regions 29.833ms
[17.076s][info][gc,marking  ] GC(51) Concurrent Mark
[17.076s][info][gc,marking  ] GC(51) Concurrent Mark From Roots
[17.076s][info][gc,task     ] GC(51) Using 3 workers of 3 for marking
[17.368s][info][gc,marking  ] GC(51) Concurrent Mark From Roots 291.138ms
[17.368s][info][gc,marking  ] GC(51) Concurrent Preclean
[17.368s][info][gc,marking  ] GC(51) Concurrent Preclean 0.042ms
[17.368s][info][gc,start    ] GC(51) Pause Remark
[17.369s][info][gc          ] GC(51) Pause Remark 2640M->2640M(4096M) 0.844ms
[17.369s][info][gc,cpu      ] GC(51) User=0.00s Sys=0.00s Real=0.00s
[17.371s][info][gc,marking  ] GC(51) Concurrent Mark 294.426ms
[17.371s][info][gc,marking  ] GC(51) Concurrent Rebuild Remembered Sets and Scrub Regions
[17.538s][info][gc,start    ] GC(52) Pause Young (Normal) (G1 Evacuation Pause)
[17.539s][info][gc,task     ] GC(52) Using 10 workers of 10 for evacuation
[17.613s][info][gc,phases   ] GC(52)   Pre Evacuate Collection Set: 0.2ms
[17.613s][info][gc,phases   ] GC(52)   Merge Heap Roots: 1.5ms
[17.614s][info][gc,phases   ] GC(52)   Evacuate Collection Set: 72.3ms
[17.614s][info][gc,phases   ] GC(52)   Post Evacuate Collection Set: 0.7ms
[17.614s][info][gc,phases   ] GC(52)   Other: 0.1ms
[17.614s][info][gc,heap     ] GC(52) Eden regions: 268->0(751)
[17.614s][info][gc,heap     ] GC(52) Survivor regions: 44->22(39)
[17.614s][info][gc,heap     ] GC(52) Old regions: 1087->1124
[17.614s][info][gc,heap     ] GC(52) Humongous regions: 26->26
[17.614s][info][gc,metaspace] GC(52) Metaspace: 1766K(1920K)->1766K(1920K) NonClass: 1579K(1664K)->1579K(1664K) Class: 186K(256K)->186K(256K)
[17.614s][info][gc          ] GC(52) Pause Young (Normal) (G1 Evacuation Pause) 2849M->2342M(4096M) 75.222ms
[17.614s][info][gc,cpu      ] GC(52) User=0.64s Sys=0.00s Real=0.08s
[17.632s][info][gc,marking  ] GC(51) Concurrent Rebuild Remembered Sets and Scrub Regions 261.378ms
[17.633s][info][gc,start    ] GC(51) Pause Cleanup
[17.633s][info][gc          ] GC(51) Pause Cleanup 2370M->2370M(4096M) 0.494ms
[17.633s][info][gc,cpu      ] GC(51) User=0.00s Sys=0.00s Real=0.00s
[17.633s][info][gc,marking  ] GC(51) Concurrent Clear Claimed Marks
[17.633s][info][gc,marking  ] GC(51) Concurrent Clear Claimed Marks 0.039ms
[17.633s][info][gc,marking  ] GC(51) Concurrent Cleanup for Next Mark
[17.639s][info][gc,marking  ] GC(51) Concurrent Cleanup for Next Mark 5.368ms
[17.639s][info][gc          ] GC(51) Concurrent Mark Cycle 592.327ms
[18.555s][info][gc,start    ] GC(53) Pause Young (Prepare Mixed) (G1 Evacuation Pause)
[18.555s][info][gc,task     ] GC(53) Using 10 workers of 10 for evacuation
[18.615s][info][gc,phases   ] GC(53)   Pre Evacuate Collection Set: 0.3ms
[18.615s][info][gc,phases   ] GC(53)   Merge Heap Roots: 1.0ms
[18.615s][info][gc,phases   ] GC(53)   Evacuate Collection Set: 57.5ms
[18.615s][info][gc,phases   ] GC(53)   Post Evacuate Collection Set: 0.9ms
[18.615s][info][gc,phases   ] GC(53)   Other: 0.1ms
[18.615s][info][gc,heap     ] GC(53) Eden regions: 751->0(723)
[18.615s][info][gc,heap     ] GC(53) Survivor regions: 22->36(97)
[18.615s][info][gc,heap     ] GC(53) Old regions: 1124->1124
[18.615s][info][gc,heap     ] GC(53) Humongous regions: 26->26
[18.615s][info][gc,metaspace] GC(53) Metaspace: 1770K(1920K)->1770K(1920K) NonClass: 1583K(1664K)->1583K(1664K) Class: 186K(256K)->186K(256K)
[18.615s][info][gc          ] GC(53) Pause Young (Prepare Mixed) (G1 Evacuation Pause) 3844M->2370M(4096M) 60.064ms
[18.615s][info][gc,cpu      ] GC(53) User=0.47s Sys=0.00s Real=0.06s
[19.526s][info][gc,start    ] GC(54) Pause Young (Mixed) (G1 Evacuation Pause)
[19.526s][info][gc,task     ] GC(54) Using 10 workers of 10 for evacuation
[19.599s][info][gc,phases   ] GC(54)   Pre Evacuate Collection Set: 0.2ms
[19.599s][info][gc,phases   ] GC(54)   Merge Heap Roots: 0.9ms
[19.599s][info][gc,phases   ] GC(54)   Evacuate Collection Set: 70.7ms
[19.599s][info][gc,phases   ] GC(54)   Post Evacuate Collection Set: 0.9ms
[19.599s][info][gc,phases   ] GC(54)   Other: 0.1ms
[19.599s][info][gc,heap     ] GC(54) Eden regions: 723->0(696)
[19.599s][info][gc,heap     ] GC(54) Survivor regions: 36->50(95)
[19.599s][info][gc,heap     ] GC(54) Old regions: 1124->1123
[19.599s][info][gc,heap     ] GC(54) Humongous regions: 26->26
[19.599s][info][gc,metaspace] GC(54) Metaspace: 1773K(1920K)->1773K(1920K) NonClass: 1586K(1664K)->1586K(1664K) Class: 186K(256K)->186K(256K)
[19.600s][info][gc          ] GC(54) Pause Young (Mixed) (G1 Evacuation Pause) 3816M->2395M(4096M) 73.102ms
[19.600s][info][gc,cpu      ] GC(54) User=0.62s Sys=0.00s Real=0.07s
[20.103s][info][gc,start    ] GC(55) Pause Young (Concurrent Start) (G1 Humongous Allocation)
[20.103s][info][gc,task     ] GC(55) Using 10 workers of 10 for evacuation
[20.174s][info][gc,phases   ] GC(55)   Pre Evacuate Collection Set: 0.3ms
[20.174s][info][gc,phases   ] GC(55)   Merge Heap Roots: 0.6ms
[20.174s][info][gc,phases   ] GC(55)   Evacuate Collection Set: 69.3ms
[20.174s][info][gc,phases   ] GC(55)   Post Evacuate Collection Set: 0.8ms
[20.174s][info][gc,phases   ] GC(55)   Other: 0.2ms
[20.174s][info][gc,heap     ] GC(55) Eden regions: 287->0(686)
[20.174s][info][gc,heap     ] GC(55) Survivor regions: 50->52(94)
[20.174s][info][gc,heap     ] GC(55) Old regions: 1123->1129
[20.174s][info][gc,heap     ] GC(55) Humongous regions: 26->26
[20.174s][info][gc,metaspace] GC(55) Metaspace: 1878K(2048K)->1878K(2048K) NonClass: 1677K(1792K)->1677K(1792K) Class: 200K(256K)->200K(256K)
[20.174s][info][gc          ] GC(55) Pause Young (Concurrent Start) (G1 Humongous Allocation) 2969M->2413M(4096M) 71.511ms
[20.174s][info][gc,cpu      ] GC(55) User=0.62s Sys=0.00s Real=0.07s
[20.174s][info][gc          ] GC(56) Concurrent Mark Cycle
[20.174s][info][gc,marking  ] GC(56) Concurrent Scan Root Regions
[20.216s][info][gc,marking  ] GC(56) Concurrent Scan Root Regions 41.397ms
[20.216s][info][gc,marking  ] GC(56) Concurrent Mark
[20.216s][info][gc,marking  ] GC(56) Concurrent Mark From Roots
[20.216s][info][gc,task     ] GC(56) Using 3 workers of 3 for marking
[20.441s][info][gc,marking  ] GC(56) Concurrent Mark From Roots 225.250ms
[20.441s][info][gc,marking  ] GC(56) Concurrent Preclean
[20.441s][info][gc,marking  ] GC(56) Concurrent Preclean 0.019ms
[20.441s][info][gc,start    ] GC(56) Pause Remark
[20.442s][info][gc          ] GC(56) Pause Remark 2551M->2533M(4096M) 0.887ms
[20.442s][info][gc,cpu      ] GC(56) User=0.00s Sys=0.00s Real=0.00s
[20.442s][info][gc,marking  ] GC(56) Concurrent Mark 226.417ms
[20.442s][info][gc,marking  ] GC(56) Concurrent Rebuild Remembered Sets and Scrub Regions
[20.585s][info][gc,marking  ] GC(56) Concurrent Rebuild Remembered Sets and Scrub Regions 142.345ms
[20.585s][info][gc,start    ] GC(56) Pause Cleanup
[20.585s][info][gc          ] GC(56) Pause Cleanup 2533M->2533M(4096M) 0.399ms
[20.585s][info][gc,cpu      ] GC(56) User=0.00s Sys=0.00s Real=0.00s
[20.585s][info][gc,marking  ] GC(56) Concurrent Clear Claimed Marks
[20.585s][info][gc,marking  ] GC(56) Concurrent Clear Claimed Marks 0.035ms
[20.585s][info][gc,marking  ] GC(56) Concurrent Cleanup for Next Mark
[20.590s][info][gc,marking  ] GC(56) Concurrent Cleanup for Next Mark 4.603ms
[20.590s][info][gc          ] GC(56) Concurrent Mark Cycle 415.675ms
[20.970s][info][gc,heap,exit] Heap
[20.970s][info][gc,heap,exit]  garbage-first heap   total 4194304K, used 2607671K [0x0000000700000000, 0x0000000800000000)
[20.970s][info][gc,heap,exit]   region size 2048K, 96 young (196608K), 52 survivors (106496K)
[20.970s][info][gc,heap,exit]  Metaspace       used 1946K, committed 2048K, reserved 1114112K
[20.970s][info][gc,heap,exit]   class space    used 207K, committed 256K, reserved 1048576K
