[0.012s][info][gc,init] CardTable entry size: 512
[0.012s][info][gc     ] Using G1
[0.025s][info][gc,init] Version: 21.0.5+9-LTS-239 (release)
[0.025s][info][gc,init] CPUs: 12 total, 12 available
[0.025s][info][gc,init] Memory: 16190M
[0.025s][info][gc,init] Large Page Support: Disabled
[0.025s][info][gc,init] NUMA Support: Disabled
[0.025s][info][gc,init] Compressed Oops: Enabled (Zero based)
[0.025s][info][gc,init] Heap Region Size: 2M
[0.025s][info][gc,init] Heap Min Capacity: 2G
[0.025s][info][gc,init] Heap Initial Capacity: 2G
[0.025s][info][gc,init] Heap Max Capacity: 4G
[0.025s][info][gc,init] Pre-touch: Disabled
[0.025s][info][gc,init] Parallel Workers: 10
[0.025s][info][gc,init] Concurrent Workers: 3
[0.026s][info][gc,init] Concurrent Refinement Workers: 10
[0.026s][info][gc,init] Periodic GC: Disabled
[0.042s][info][gc,metaspace] CDS archive(s) mapped at: [0x000001b31d000000-0x000001b31dc90000-0x000001b31dc90000), size 13172736, SharedBaseAddress: 0x000001b31d000000, ArchiveRelocationMode: 1.
[0.042s][info][gc,metaspace] Compressed class space mapped at: 0x000001b31e000000-0x000001b35e000000, reserved size: 1073741824
[0.042s][info][gc,metaspace] Narrow klass base: 0x000001b31d000000, Narrow klass shift: 0, Narrow klass range: 0x100000000
[0.501s][info][gc,start    ] GC(0) Pause Young (Normal) (G1 Evacuation Pause)
[0.502s][info][gc,task     ] GC(0) Using 10 workers of 10 for evacuation
[0.506s][info][gc,phases   ] GC(0)   Pre Evacuate Collection Set: 0.2ms
[0.506s][info][gc,phases   ] GC(0)   Merge Heap Roots: 0.1ms
[0.506s][info][gc,phases   ] GC(0)   Evacuate Collection Set: 3.4ms
[0.506s][info][gc,phases   ] GC(0)   Post Evacuate Collection Set: 0.5ms
[0.506s][info][gc,phases   ] GC(0)   Other: 1.2ms
[0.506s][info][gc,heap     ] GC(0) Eden regions: 51->0(44)
[0.506s][info][gc,heap     ] GC(0) Survivor regions: 0->7(7)
[0.506s][info][gc,heap     ] GC(0) Old regions: 0->4
[0.506s][info][gc,heap     ] GC(0) Humongous regions: 1->0
[0.506s][info][gc,metaspace] GC(0) Metaspace: 1315K(1472K)->1315K(1472K) NonClass: 1218K(1280K)->1218K(1280K) Class: 97K(192K)->97K(192K)
[0.506s][info][gc          ] GC(0) Pause Young (Normal) (G1 Evacuation Pause) 104M->21M(2048M) 5.761ms
[0.506s][info][gc,cpu      ] GC(0) User=0.00s Sys=0.00s Real=0.01s
[0.625s][info][gc,start    ] GC(1) Pause Young (Normal) (G1 Evacuation Pause)
[0.625s][info][gc,task     ] GC(1) Using 10 workers of 10 for evacuation
[0.630s][info][gc,phases   ] GC(1)   Pre Evacuate Collection Set: 0.3ms
[0.630s][info][gc,phases   ] GC(1)   Merge Heap Roots: 0.2ms
[0.630s][info][gc,phases   ] GC(1)   Evacuate Collection Set: 3.8ms
[0.630s][info][gc,phases   ] GC(1)   Post Evacuate Collection Set: 0.5ms
[0.630s][info][gc,phases   ] GC(1)   Other: 0.3ms
[0.630s][info][gc,heap     ] GC(1) Eden regions: 44->0(44)
[0.630s][info][gc,heap     ] GC(1) Survivor regions: 7->7(7)
[0.630s][info][gc,heap     ] GC(1) Old regions: 4->13
[0.630s][info][gc,heap     ] GC(1) Humongous regions: 0->0
[0.630s][info][gc,metaspace] GC(1) Metaspace: 1319K(1472K)->1319K(1472K) NonClass: 1221K(1280K)->1221K(1280K) Class: 97K(192K)->97K(192K)
[0.630s][info][gc          ] GC(1) Pause Young (Normal) (G1 Evacuation Pause) 109M->38M(2048M) 5.252ms
[0.630s][info][gc,cpu      ] GC(1) User=0.00s Sys=0.00s Real=0.01s
[0.694s][info][gc,start    ] GC(2) Pause Young (Normal) (G1 Evacuation Pause)
[0.694s][info][gc,task     ] GC(2) Using 10 workers of 10 for evacuation
[0.699s][info][gc,phases   ] GC(2)   Pre Evacuate Collection Set: 0.2ms
[0.699s][info][gc,phases   ] GC(2)   Merge Heap Roots: 0.1ms
[0.699s][info][gc,phases   ] GC(2)   Evacuate Collection Set: 4.4ms
[0.699s][info][gc,phases   ] GC(2)   Post Evacuate Collection Set: 0.4ms
[0.699s][info][gc,phases   ] GC(2)   Other: 0.1ms
[0.699s][info][gc,heap     ] GC(2) Eden regions: 44->0(44)
[0.699s][info][gc,heap     ] GC(2) Survivor regions: 7->7(7)
[0.699s][info][gc,heap     ] GC(2) Old regions: 13->21
[0.699s][info][gc,heap     ] GC(2) Humongous regions: 0->0
[0.699s][info][gc,metaspace] GC(2) Metaspace: 1320K(1472K)->1320K(1472K) NonClass: 1222K(1280K)->1222K(1280K) Class: 97K(192K)->97K(192K)
[0.699s][info][gc          ] GC(2) Pause Young (Normal) (G1 Evacuation Pause) 126M->55M(2048M) 5.433ms
[0.699s][info][gc,cpu      ] GC(2) User=0.06s Sys=0.09s Real=0.01s
[0.759s][info][gc,start    ] GC(3) Pause Young (Normal) (G1 Evacuation Pause)
[0.759s][info][gc,task     ] GC(3) Using 10 workers of 10 for evacuation
[0.764s][info][gc,phases   ] GC(3)   Pre Evacuate Collection Set: 0.3ms
[0.764s][info][gc,phases   ] GC(3)   Merge Heap Roots: 0.1ms
[0.764s][info][gc,phases   ] GC(3)   Evacuate Collection Set: 3.8ms
[0.764s][info][gc,phases   ] GC(3)   Post Evacuate Collection Set: 0.6ms
[0.764s][info][gc,phases   ] GC(3)   Other: 0.1ms
[0.764s][info][gc,heap     ] GC(3) Eden regions: 44->0(62)
[0.764s][info][gc,heap     ] GC(3) Survivor regions: 7->7(7)
[0.764s][info][gc,heap     ] GC(3) Old regions: 21->30
[0.764s][info][gc,heap     ] GC(3) Humongous regions: 0->0
[0.764s][info][gc,metaspace] GC(3) Metaspace: 1320K(1472K)->1320K(1472K) NonClass: 1222K(1280K)->1222K(1280K) Class: 97K(192K)->97K(192K)
[0.764s][info][gc          ] GC(3) Pause Young (Normal) (G1 Evacuation Pause) 143M->72M(2048M) 5.041ms
[0.764s][info][gc,cpu      ] GC(3) User=0.00s Sys=0.00s Real=0.00s
[0.852s][info][gc,start    ] GC(4) Pause Young (Normal) (G1 Evacuation Pause)
[0.852s][info][gc,task     ] GC(4) Using 10 workers of 10 for evacuation
[0.858s][info][gc,phases   ] GC(4)   Pre Evacuate Collection Set: 0.2ms
[0.858s][info][gc,phases   ] GC(4)   Merge Heap Roots: 0.1ms
[0.858s][info][gc,phases   ] GC(4)   Evacuate Collection Set: 5.6ms
[0.858s][info][gc,phases   ] GC(4)   Post Evacuate Collection Set: 0.4ms
[0.858s][info][gc,phases   ] GC(4)   Other: 0.1ms
[0.858s][info][gc,heap     ] GC(4) Eden regions: 62->0(76)
[0.858s][info][gc,heap     ] GC(4) Survivor regions: 7->9(9)
[0.858s][info][gc,heap     ] GC(4) Old regions: 30->40
[0.858s][info][gc,heap     ] GC(4) Humongous regions: 0->0
[0.858s][info][gc,metaspace] GC(4) Metaspace: 1320K(1472K)->1320K(1472K) NonClass: 1222K(1280K)->1222K(1280K) Class: 97K(192K)->97K(192K)
[0.858s][info][gc          ] GC(4) Pause Young (Normal) (G1 Evacuation Pause) 196M->97M(2048M) 6.580ms
[0.858s][info][gc,cpu      ] GC(4) User=0.00s Sys=0.00s Real=0.01s
[0.960s][info][gc,start    ] GC(5) Pause Young (Normal) (G1 Evacuation Pause)
[0.960s][info][gc,task     ] GC(5) Using 10 workers of 10 for evacuation
[0.968s][info][gc,phases   ] GC(5)   Pre Evacuate Collection Set: 0.2ms
[0.968s][info][gc,phases   ] GC(5)   Merge Heap Roots: 0.1ms
[0.968s][info][gc,phases   ] GC(5)   Evacuate Collection Set: 6.7ms
[0.968s][info][gc,phases   ] GC(5)   Post Evacuate Collection Set: 0.5ms
[0.968s][info][gc,phases   ] GC(5)   Other: 0.1ms
[0.968s][info][gc,heap     ] GC(5) Eden regions: 76->0(354)
[0.968s][info][gc,heap     ] GC(5) Survivor regions: 9->11(11)
[0.968s][info][gc,heap     ] GC(5) Old regions: 40->53
[0.968s][info][gc,heap     ] GC(5) Humongous regions: 0->0
[0.968s][info][gc,metaspace] GC(5) Metaspace: 1320K(1472K)->1320K(1472K) NonClass: 1222K(1280K)->1222K(1280K) Class: 97K(192K)->97K(192K)
[0.968s][info][gc          ] GC(5) Pause Young (Normal) (G1 Evacuation Pause) 249M->126M(2048M) 7.907ms
[0.968s][info][gc,cpu      ] GC(5) User=0.00s Sys=0.00s Real=0.01s
[1.552s][info][gc,start    ] GC(6) Pause Young (Normal) (G1 Evacuation Pause)
[1.552s][info][gc,task     ] GC(6) Using 10 workers of 10 for evacuation
[1.579s][info][gc,phases   ] GC(6)   Pre Evacuate Collection Set: 0.3ms
[1.579s][info][gc,phases   ] GC(6)   Merge Heap Roots: 0.2ms
[1.579s][info][gc,phases   ] GC(6)   Evacuate Collection Set: 25.4ms
[1.579s][info][gc,phases   ] GC(6)   Post Evacuate Collection Set: 0.7ms
[1.579s][info][gc,phases   ] GC(6)   Other: 0.1ms
[1.579s][info][gc,heap     ] GC(6) Eden regions: 354->0(115)
[1.579s][info][gc,heap     ] GC(6) Survivor regions: 11->46(46)
[1.579s][info][gc,heap     ] GC(6) Old regions: 53->88
[1.579s][info][gc,heap     ] GC(6) Humongous regions: 2->0
[1.579s][info][gc,metaspace] GC(6) Metaspace: 1320K(1472K)->1320K(1472K) NonClass: 1222K(1280K)->1222K(1280K) Class: 97K(192K)->97K(192K)
[1.579s][info][gc          ] GC(6) Pause Young (Normal) (G1 Evacuation Pause) 838M->266M(2048M) 26.945ms
[1.579s][info][gc,cpu      ] GC(6) User=0.11s Sys=0.20s Real=0.03s
[1.724s][info][gc,start    ] GC(7) Pause Young (Normal) (G1 Evacuation Pause)
[1.724s][info][gc,task     ] GC(7) Using 10 workers of 10 for evacuation
[1.744s][info][gc,phases   ] GC(7)   Pre Evacuate Collection Set: 0.3ms
[1.744s][info][gc,phases   ] GC(7)   Merge Heap Roots: 0.1ms
[1.744s][info][gc,phases   ] GC(7)   Evacuate Collection Set: 18.7ms
[1.744s][info][gc,phases   ] GC(7)   Post Evacuate Collection Set: 0.6ms
[1.744s][info][gc,phases   ] GC(7)   Other: 0.1ms
[1.744s][info][gc,heap     ] GC(7) Eden regions: 115->0(129)
[1.744s][info][gc,heap     ] GC(7) Survivor regions: 46->21(21)
[1.744s][info][gc,heap     ] GC(7) Old regions: 88->136
[1.744s][info][gc,heap     ] GC(7) Humongous regions: 0->0
[1.744s][info][gc,metaspace] GC(7) Metaspace: 1320K(1472K)->1320K(1472K) NonClass: 1222K(1280K)->1222K(1280K) Class: 97K(192K)->97K(192K)
[1.744s][info][gc          ] GC(7) Pause Young (Normal) (G1 Evacuation Pause) 496M->313M(2048M) 20.062ms
[1.744s][info][gc,cpu      ] GC(7) User=0.02s Sys=0.30s Real=0.02s
[1.906s][info][gc,start    ] GC(8) Pause Young (Normal) (G1 Evacuation Pause)
[1.906s][info][gc,task     ] GC(8) Using 10 workers of 10 for evacuation
[1.919s][info][gc,phases   ] GC(8)   Pre Evacuate Collection Set: 0.3ms
[1.919s][info][gc,phases   ] GC(8)   Merge Heap Roots: 0.1ms
[1.919s][info][gc,phases   ] GC(8)   Evacuate Collection Set: 11.6ms
[1.919s][info][gc,phases   ] GC(8)   Post Evacuate Collection Set: 0.5ms
[1.919s][info][gc,phases   ] GC(8)   Other: 0.1ms
[1.919s][info][gc,heap     ] GC(8) Eden regions: 129->0(198)
[1.919s][info][gc,heap     ] GC(8) Survivor regions: 21->19(19)
[1.919s][info][gc,heap     ] GC(8) Old regions: 136->163
[1.919s][info][gc,heap     ] GC(8) Humongous regions: 0->0
[1.919s][info][gc,metaspace] GC(8) Metaspace: 1320K(1472K)->1320K(1472K) NonClass: 1222K(1280K)->1222K(1280K) Class: 97K(192K)->97K(192K)
[1.919s][info][gc          ] GC(8) Pause Young (Normal) (G1 Evacuation Pause) 571M->363M(2048M) 12.862ms
[1.919s][info][gc,cpu      ] GC(8) User=0.02s Sys=0.14s Real=0.01s
[2.165s][info][gc,start    ] GC(9) Pause Young (Normal) (G1 Evacuation Pause)
[2.165s][info][gc,task     ] GC(9) Using 10 workers of 10 for evacuation
[2.180s][info][gc,phases   ] GC(9)   Pre Evacuate Collection Set: 0.3ms
[2.181s][info][gc,phases   ] GC(9)   Merge Heap Roots: 0.1ms
[2.181s][info][gc,phases   ] GC(9)   Evacuate Collection Set: 14.7ms
[2.181s][info][gc,phases   ] GC(9)   Post Evacuate Collection Set: 0.7ms
[2.181s][info][gc,phases   ] GC(9)   Other: 0.1ms
[2.181s][info][gc,heap     ] GC(9) Eden regions: 198->0(246)
[2.181s][info][gc,heap     ] GC(9) Survivor regions: 19->28(28)
[2.181s][info][gc,heap     ] GC(9) Old regions: 163->192
[2.181s][info][gc,heap     ] GC(9) Humongous regions: 0->0
[2.181s][info][gc,metaspace] GC(9) Metaspace: 1320K(1472K)->1320K(1472K) NonClass: 1222K(1280K)->1222K(1280K) Class: 97K(192K)->97K(192K)
[2.181s][info][gc          ] GC(9) Pause Young (Normal) (G1 Evacuation Pause) 759M->439M(2048M) 16.056ms
[2.181s][info][gc,cpu      ] GC(9) User=0.06s Sys=0.09s Real=0.02s
[2.472s][info][gc,start    ] GC(10) Pause Young (Normal) (G1 Evacuation Pause)
[2.472s][info][gc,task     ] GC(10) Using 10 workers of 10 for evacuation
[2.492s][info][gc,phases   ] GC(10)   Pre Evacuate Collection Set: 0.3ms
[2.492s][info][gc,phases   ] GC(10)   Merge Heap Roots: 0.2ms
[2.492s][info][gc,phases   ] GC(10)   Evacuate Collection Set: 18.5ms
[2.492s][info][gc,phases   ] GC(10)   Post Evacuate Collection Set: 0.7ms
[2.492s][info][gc,phases   ] GC(10)   Other: 0.1ms
[2.492s][info][gc,heap     ] GC(10) Eden regions: 246->0(312)
[2.492s][info][gc,heap     ] GC(10) Survivor regions: 28->35(35)
[2.492s][info][gc,heap     ] GC(10) Old regions: 192->234
[2.492s][info][gc,heap     ] GC(10) Humongous regions: 1->0
[2.492s][info][gc,metaspace] GC(10) Metaspace: 1320K(1472K)->1320K(1472K) NonClass: 1222K(1280K)->1222K(1280K) Class: 97K(192K)->97K(192K)
[2.492s][info][gc          ] GC(10) Pause Young (Normal) (G1 Evacuation Pause) 933M->537M(2048M) 20.029ms
[2.492s][info][gc,cpu      ] GC(10) User=0.05s Sys=0.11s Real=0.02s
[2.881s][info][gc,start    ] GC(11) Pause Young (Normal) (G1 Evacuation Pause)
[2.881s][info][gc,task     ] GC(11) Using 10 workers of 10 for evacuation
[2.909s][info][gc,phases   ] GC(11)   Pre Evacuate Collection Set: 0.3ms
[2.909s][info][gc,phases   ] GC(11)   Merge Heap Roots: 0.1ms
[2.909s][info][gc,phases   ] GC(11)   Evacuate Collection Set: 26.5ms
[2.909s][info][gc,phases   ] GC(11)   Post Evacuate Collection Set: 0.7ms
[2.909s][info][gc,phases   ] GC(11)   Other: 0.1ms
[2.909s][info][gc,heap     ] GC(11) Eden regions: 312->0(370)
[2.909s][info][gc,heap     ] GC(11) Survivor regions: 35->44(44)
[2.909s][info][gc,heap     ] GC(11) Old regions: 234->287
[2.909s][info][gc,heap     ] GC(11) Humongous regions: 2->0
[2.909s][info][gc,metaspace] GC(11) Metaspace: 1320K(1472K)->1320K(1472K) NonClass: 1222K(1280K)->1222K(1280K) Class: 97K(192K)->97K(192K)
[2.909s][info][gc          ] GC(11) Pause Young (Normal) (G1 Evacuation Pause) 1165M->660M(2048M) 27.947ms
[2.909s][info][gc,cpu      ] GC(11) User=0.06s Sys=0.11s Real=0.03s
[3.959s][info][gc,start    ] GC(12) Pause Young (Normal) (G1 Evacuation Pause)
[3.959s][info][gc,task     ] GC(12) Using 10 workers of 10 for evacuation
[3.996s][info][gc,phases   ] GC(12)   Pre Evacuate Collection Set: 0.2ms
[3.996s][info][gc,phases   ] GC(12)   Merge Heap Roots: 0.1ms
[3.996s][info][gc,phases   ] GC(12)   Evacuate Collection Set: 35.7ms
[3.996s][info][gc,phases   ] GC(12)   Post Evacuate Collection Set: 0.5ms
[3.996s][info][gc,phases   ] GC(12)   Other: 0.1ms
[3.996s][info][gc,heap     ] GC(12) Eden regions: 370->0(392)
[3.996s][info][gc,heap     ] GC(12) Survivor regions: 44->52(52)
[3.996s][info][gc,heap     ] GC(12) Old regions: 287->334
[3.996s][info][gc,heap     ] GC(12) Humongous regions: 5->1
[3.996s][info][gc,metaspace] GC(12) Metaspace: 1644K(1792K)->1644K(1792K) NonClass: 1490K(1536K)->1490K(1536K) Class: 154K(256K)->154K(256K)
[3.996s][info][gc          ] GC(12) Pause Young (Normal) (G1 Evacuation Pause) 1410M->773M(2048M) 36.949ms
[3.996s][info][gc,cpu      ] GC(12) User=0.16s Sys=0.22s Real=0.04s
[4.529s][info][gc,start    ] GC(13) Pause Young (Normal) (G1 Evacuation Pause)
[4.529s][info][gc,task     ] GC(13) Using 10 workers of 10 for evacuation
[4.564s][info][gc,phases   ] GC(13)   Pre Evacuate Collection Set: 0.3ms
[4.564s][info][gc,phases   ] GC(13)   Merge Heap Roots: 0.2ms
[4.564s][info][gc,phases   ] GC(13)   Evacuate Collection Set: 34.2ms
[4.564s][info][gc,phases   ] GC(13)   Post Evacuate Collection Set: 0.6ms
[4.564s][info][gc,phases   ] GC(13)   Other: 0.1ms
[4.564s][info][gc,heap     ] GC(13) Eden regions: 392->0(455)
[4.564s][info][gc,heap     ] GC(13) Survivor regions: 52->17(56)
[4.564s][info][gc,heap     ] GC(13) Old regions: 334->385
[4.564s][info][gc,heap     ] GC(13) Humongous regions: 6->6
[4.564s][info][gc,metaspace] GC(13) Metaspace: 1644K(1792K)->1644K(1792K) NonClass: 1490K(1536K)->1490K(1536K) Class: 154K(256K)->154K(256K)
[4.565s][info][gc          ] GC(13) Pause Young (Normal) (G1 Evacuation Pause) 1567M->814M(2048M) 35.581ms
[4.565s][info][gc,cpu      ] GC(13) User=0.03s Sys=0.28s Real=0.04s
[4.608s][info][gc,start    ] GC(14) Pause Young (Normal) (G1 Evacuation Pause)
[4.608s][info][gc,task     ] GC(14) Using 10 workers of 10 for evacuation
[4.626s][info][gc,phases   ] GC(14)   Pre Evacuate Collection Set: 0.2ms
[4.626s][info][gc,phases   ] GC(14)   Merge Heap Roots: 0.3ms
[4.626s][info][gc,phases   ] GC(14)   Evacuate Collection Set: 17.6ms
[4.626s][info][gc,phases   ] GC(14)   Post Evacuate Collection Set: 0.3ms
[4.626s][info][gc,phases   ] GC(14)   Other: 0.1ms
[4.626s][info][gc,heap     ] GC(14) Eden regions: 34->0(473)
[4.626s][info][gc,heap     ] GC(14) Survivor regions: 17->3(7)
[4.626s][info][gc,heap     ] GC(14) Old regions: 385->402
[4.626s][info][gc,heap     ] GC(14) Humongous regions: 6->6
[4.626s][info][gc,metaspace] GC(14) Metaspace: 1644K(1792K)->1644K(1792K) NonClass: 1490K(1536K)->1490K(1536K) Class: 154K(256K)->154K(256K)
[4.626s][info][gc          ] GC(14) Pause Young (Normal) (G1 Evacuation Pause) 882M->819M(2048M) 18.825ms
[4.626s][info][gc,cpu      ] GC(14) User=0.11s Sys=0.05s Real=0.02s
[4.977s][info][gc,start    ] GC(15) Pause Young (Normal) (G1 Evacuation Pause)
[4.977s][info][gc,task     ] GC(15) Using 10 workers of 10 for evacuation
[4.989s][info][gc,phases   ] GC(15)   Pre Evacuate Collection Set: 0.2ms
[4.989s][info][gc,phases   ] GC(15)   Merge Heap Roots: 0.3ms
[4.989s][info][gc,phases   ] GC(15)   Evacuate Collection Set: 11.6ms
[4.989s][info][gc,phases   ] GC(15)   Post Evacuate Collection Set: 0.5ms
[4.990s][info][gc,phases   ] GC(15)   Other: 0.1ms
[4.990s][info][gc,heap     ] GC(15) Eden regions: 249->0(487)
[4.990s][info][gc,heap     ] GC(15) Survivor regions: 3->10(32)
[4.990s][info][gc,heap     ] GC(15) Old regions: 402->402
[4.990s][info][gc,heap     ] GC(15) Humongous regions: 6->6
[4.990s][info][gc,metaspace] GC(15) Metaspace: 1645K(1792K)->1645K(1792K) NonClass: 1490K(1536K)->1490K(1536K) Class: 154K(256K)->154K(256K)
[4.990s][info][gc          ] GC(15) Pause Young (Normal) (G1 Evacuation Pause) 1317M->833M(2048M) 12.968ms
[4.990s][info][gc,cpu      ] GC(15) User=0.00s Sys=0.00s Real=0.01s
[5.286s][info][gc,start    ] GC(16) Pause Young (Normal) (G1 Evacuation Pause)
[5.286s][info][gc,task     ] GC(16) Using 10 workers of 10 for evacuation
[5.303s][info][gc,phases   ] GC(16)   Pre Evacuate Collection Set: 0.2ms
[5.303s][info][gc,phases   ] GC(16)   Merge Heap Roots: 0.3ms
[5.303s][info][gc,phases   ] GC(16)   Evacuate Collection Set: 15.9ms
[5.303s][info][gc,phases   ] GC(16)   Post Evacuate Collection Set: 0.4ms
[5.303s][info][gc,phases   ] GC(16)   Other: 0.1ms
[5.303s][info][gc,heap     ] GC(16) Eden regions: 214->0(501)
[5.303s][info][gc,heap     ] GC(16) Survivor regions: 10->17(28)
[5.303s][info][gc,heap     ] GC(16) Old regions: 402->402
[5.303s][info][gc,heap     ] GC(16) Humongous regions: 6->6
[5.303s][info][gc,metaspace] GC(16) Metaspace: 1645K(1792K)->1645K(1792K) NonClass: 1490K(1536K)->1490K(1536K) Class: 154K(256K)->154K(256K)
[5.303s][info][gc          ] GC(16) Pause Young (Normal) (G1 Evacuation Pause) 1261M->848M(2048M) 17.156ms
[5.303s][info][gc,cpu      ] GC(16) User=0.16s Sys=0.00s Real=0.02s
[5.496s][info][gc,start    ] GC(17) Pause Young (Normal) (G1 Evacuation Pause)
[5.496s][info][gc,task     ] GC(17) Using 10 workers of 10 for evacuation
[5.521s][info][gc,phases   ] GC(17)   Pre Evacuate Collection Set: 0.2ms
[5.521s][info][gc,phases   ] GC(17)   Merge Heap Roots: 0.3ms
[5.521s][info][gc,phases   ] GC(17)   Evacuate Collection Set: 24.1ms
[5.521s][info][gc,phases   ] GC(17)   Post Evacuate Collection Set: 0.4ms
[5.521s][info][gc,phases   ] GC(17)   Other: 0.1ms
[5.521s][info][gc,heap     ] GC(17) Eden regions: 137->0(504)
[5.521s][info][gc,heap     ] GC(17) Survivor regions: 17->14(20)
[5.521s][info][gc,heap     ] GC(17) Old regions: 402->411
[5.521s][info][gc,heap     ] GC(17) Humongous regions: 11->11
[5.521s][info][gc,metaspace] GC(17) Metaspace: 1645K(1792K)->1645K(1792K) NonClass: 1490K(1536K)->1490K(1536K) Class: 154K(256K)->154K(256K)
[5.521s][info][gc          ] GC(17) Pause Young (Normal) (G1 Evacuation Pause) 1132M->870M(2048M) 25.359ms
[5.521s][info][gc,cpu      ] GC(17) User=0.16s Sys=0.00s Real=0.02s
[5.952s][info][gc,start    ] GC(18) Pause Young (Normal) (G1 Evacuation Pause)
[5.952s][info][gc,task     ] GC(18) Using 10 workers of 10 for evacuation
[5.978s][info][gc,phases   ] GC(18)   Pre Evacuate Collection Set: 0.2ms
[5.978s][info][gc,phases   ] GC(18)   Merge Heap Roots: 0.4ms
[5.978s][info][gc,phases   ] GC(18)   Evacuate Collection Set: 24.4ms
[5.978s][info][gc,phases   ] GC(18)   Post Evacuate Collection Set: 0.5ms
[5.978s][info][gc,phases   ] GC(18)   Other: 0.1ms
[5.978s][info][gc,heap     ] GC(18) Eden regions: 307->0(506)
[5.978s][info][gc,heap     ] GC(18) Survivor regions: 14->22(41)
[5.978s][info][gc,heap     ] GC(18) Old regions: 411->411
[5.978s][info][gc,heap     ] GC(18) Humongous regions: 11->11
[5.978s][info][gc,metaspace] GC(18) Metaspace: 1645K(1792K)->1645K(1792K) NonClass: 1491K(1536K)->1491K(1536K) Class: 154K(256K)->154K(256K)
[5.978s][info][gc          ] GC(18) Pause Young (Normal) (G1 Evacuation Pause) 1484M->887M(2048M) 25.949ms
[5.978s][info][gc,cpu      ] GC(18) User=0.31s Sys=0.00s Real=0.03s
[6.669s][info][gc,start    ] GC(19) Pause Young (Normal) (G1 Evacuation Pause)
[6.669s][info][gc,task     ] GC(19) Using 10 workers of 10 for evacuation
[6.709s][info][gc,phases   ] GC(19)   Pre Evacuate Collection Set: 0.2ms
[6.709s][info][gc,phases   ] GC(19)   Merge Heap Roots: 0.4ms
[6.709s][info][gc,phases   ] GC(19)   Evacuate Collection Set: 38.7ms
[6.709s][info][gc,phases   ] GC(19)   Post Evacuate Collection Set: 0.6ms
[6.709s][info][gc,phases   ] GC(19)   Other: 0.1ms
[6.709s][info][gc,heap     ] GC(19) Eden regions: 506->0(476)
[6.709s][info][gc,heap     ] GC(19) Survivor regions: 22->37(66)
[6.709s][info][gc,heap     ] GC(19) Old regions: 411->411
[6.709s][info][gc,heap     ] GC(19) Humongous regions: 11->11
[6.709s][info][gc,metaspace] GC(19) Metaspace: 1645K(1792K)->1645K(1792K) NonClass: 1491K(1536K)->1491K(1536K) Class: 154K(256K)->154K(256K)
[6.709s][info][gc          ] GC(19) Pause Young (Normal) (G1 Evacuation Pause) 1899M->916M(2048M) 40.276ms
[6.709s][info][gc,cpu      ] GC(19) User=0.30s Sys=0.00s Real=0.04s
[7.386s][info][gc,start    ] GC(20) Pause Young (Normal) (G1 Evacuation Pause)
[7.386s][info][gc,task     ] GC(20) Using 10 workers of 10 for evacuation
[7.430s][info][gc,phases   ] GC(20)   Pre Evacuate Collection Set: 0.2ms
[7.430s][info][gc,phases   ] GC(20)   Merge Heap Roots: 0.5ms
[7.430s][info][gc,phases   ] GC(20)   Evacuate Collection Set: 42.5ms
[7.430s][info][gc,phases   ] GC(20)   Post Evacuate Collection Set: 0.7ms
[7.430s][info][gc,phases   ] GC(20)   Other: 0.1ms
[7.430s][info][gc,heap     ] GC(20) Eden regions: 476->0(461)
[7.430s][info][gc,heap     ] GC(20) Survivor regions: 37->41(65)
[7.430s][info][gc,heap     ] GC(20) Old regions: 411->418
[7.430s][info][gc,heap     ] GC(20) Humongous regions: 11->11
[7.430s][info][gc,metaspace] GC(20) Metaspace: 1653K(1792K)->1653K(1792K) NonClass: 1499K(1536K)->1499K(1536K) Class: 154K(256K)->154K(256K)
[7.430s][info][gc          ] GC(20) Pause Young (Normal) (G1 Evacuation Pause) 1868M->938M(2048M) 44.204ms
[7.430s][info][gc,cpu      ] GC(20) User=0.45s Sys=0.02s Real=0.05s
[7.738s][info][gc,start    ] GC(21) Pause Young (Normal) (G1 Evacuation Pause)
[7.738s][info][gc,task     ] GC(21) Using 10 workers of 10 for evacuation
[7.791s][info][gc,phases   ] GC(21)   Pre Evacuate Collection Set: 0.2ms
[7.791s][info][gc,phases   ] GC(21)   Merge Heap Roots: 0.8ms
[7.791s][info][gc,phases   ] GC(21)   Evacuate Collection Set: 51.4ms
[7.791s][info][gc,phases   ] GC(21)   Post Evacuate Collection Set: 0.6ms
[7.791s][info][gc,phases   ] GC(21)   Other: 0.1ms
[7.791s][info][gc,heap     ] GC(21) Eden regions: 189->0(461)
[7.791s][info][gc,heap     ] GC(21) Survivor regions: 41->23(29)
[7.791s][info][gc,heap     ] GC(21) Old regions: 418->445
[7.791s][info][gc,heap     ] GC(21) Humongous regions: 20->20
[7.791s][info][gc,metaspace] GC(21) Metaspace: 1653K(1792K)->1653K(1792K) NonClass: 1499K(1536K)->1499K(1536K) Class: 154K(256K)->154K(256K)
[7.791s][info][gc          ] GC(21) Pause Young (Normal) (G1 Evacuation Pause) 1334M->974M(2048M) 53.324ms
[7.791s][info][gc,cpu      ] GC(21) User=0.62s Sys=0.00s Real=0.05s
[8.443s][info][gc,start    ] GC(22) Pause Young (Concurrent Start) (G1 Evacuation Pause)
[8.443s][info][gc,task     ] GC(22) Using 10 workers of 10 for evacuation
[8.485s][info][gc,phases   ] GC(22)   Pre Evacuate Collection Set: 0.3ms
[8.485s][info][gc,phases   ] GC(22)   Merge Heap Roots: 0.7ms
[8.485s][info][gc,phases   ] GC(22)   Evacuate Collection Set: 40.3ms
[8.485s][info][gc,phases   ] GC(22)   Post Evacuate Collection Set: 0.7ms
[8.485s][info][gc,phases   ] GC(22)   Other: 0.1ms
[8.485s][info][gc,heap     ] GC(22) Eden regions: 461->0(441)
[8.485s][info][gc,heap     ] GC(22) Survivor regions: 23->33(61)
[8.485s][info][gc,heap     ] GC(22) Old regions: 445->445
[8.485s][info][gc,heap     ] GC(22) Humongous regions: 20->20
[8.485s][info][gc,metaspace] GC(22) Metaspace: 1653K(1792K)->1653K(1792K) NonClass: 1499K(1536K)->1499K(1536K) Class: 154K(256K)->154K(256K)
[8.485s][info][gc          ] GC(22) Pause Young (Concurrent Start) (G1 Evacuation Pause) 1896M->995M(2048M) 42.395ms
[8.486s][info][gc,cpu      ] GC(22) User=0.47s Sys=0.00s Real=0.04s
[8.486s][info][gc          ] GC(23) Concurrent Mark Cycle
[8.486s][info][gc,marking  ] GC(23) Concurrent Scan Root Regions
[8.510s][info][gc,marking  ] GC(23) Concurrent Scan Root Regions 24.195ms
[8.510s][info][gc,marking  ] GC(23) Concurrent Mark
[8.510s][info][gc,marking  ] GC(23) Concurrent Mark From Roots
[8.510s][info][gc,task     ] GC(23) Using 3 workers of 3 for marking
[8.626s][info][gc,marking  ] GC(23) Concurrent Mark From Roots 115.894ms
[8.626s][info][gc,marking  ] GC(23) Concurrent Preclean
[8.626s][info][gc,marking  ] GC(23) Concurrent Preclean 0.038ms
[8.626s][info][gc,start    ] GC(23) Pause Remark
[8.627s][info][gc          ] GC(23) Pause Remark 1125M->1103M(2048M) 0.961ms
[8.627s][info][gc,cpu      ] GC(23) User=0.00s Sys=0.00s Real=0.00s
[8.627s][info][gc,marking  ] GC(23) Concurrent Mark 117.165ms
[8.627s][info][gc,marking  ] GC(23) Concurrent Rebuild Remembered Sets and Scrub Regions
[8.702s][info][gc,marking  ] GC(23) Concurrent Rebuild Remembered Sets and Scrub Regions 74.570ms
[8.702s][info][gc,start    ] GC(23) Pause Cleanup
[8.702s][info][gc          ] GC(23) Pause Cleanup 1172M->1172M(2048M) 0.253ms
[8.702s][info][gc,cpu      ] GC(23) User=0.00s Sys=0.00s Real=0.00s
[8.702s][info][gc,marking  ] GC(23) Concurrent Clear Claimed Marks
[8.702s][info][gc,marking  ] GC(23) Concurrent Clear Claimed Marks 0.029ms
[8.702s][info][gc,marking  ] GC(23) Concurrent Cleanup for Next Mark
[8.706s][info][gc,marking  ] GC(23) Concurrent Cleanup for Next Mark 3.509ms
[8.706s][info][gc          ] GC(23) Concurrent Mark Cycle 220.114ms
[9.398s][info][gc,heap,exit] Heap
[9.398s][info][gc,heap,exit]  garbage-first heap   total 2097152K, used 1479855K [0x0000000700000000, 0x0000000800000000)
[9.398s][info][gc,heap,exit]   region size 2048K, 248 young (507904K), 33 survivors (67584K)
[9.398s][info][gc,heap,exit]  Metaspace       used 1822K, committed 1984K, reserved 1114112K
[9.398s][info][gc,heap,exit]   class space    used 173K, committed 256K, reserved 1048576K
