[0.011s][info][gc,init] CardTable entry size: 512
[0.011s][info][gc     ] Using G1
[0.022s][info][gc,init] Version: 21.0.5+9-LTS-239 (release)
[0.022s][info][gc,init] CPUs: 12 total, 12 available
[0.022s][info][gc,init] Memory: 16190M
[0.022s][info][gc,init] Large Page Support: Disabled
[0.022s][info][gc,init] NUMA Support: Disabled
[0.022s][info][gc,init] Compressed Oops: Enabled (Zero based)
[0.022s][info][gc,init] Heap Region Size: 2M
[0.022s][info][gc,init] Heap Min Capacity: 2G
[0.022s][info][gc,init] Heap Initial Capacity: 2G
[0.022s][info][gc,init] Heap Max Capacity: 4G
[0.022s][info][gc,init] Pre-touch: Disabled
[0.022s][info][gc,init] Parallel Workers: 10
[0.022s][info][gc,init] Concurrent Workers: 3
[0.023s][info][gc,init] Concurrent Refinement Workers: 10
[0.023s][info][gc,init] Periodic GC: Disabled
[0.032s][info][gc,metaspace] CDS archive(s) mapped at: [0x0000017900000000-0x0000017900c90000-0x0000017900c90000), size 13172736, SharedBaseAddress: 0x0000017900000000, ArchiveRelocationMode: 1.
[0.032s][info][gc,metaspace] Compressed class space mapped at: 0x0000017901000000-0x0000017941000000, reserved size: 1073741824
[0.032s][info][gc,metaspace] Narrow klass base: 0x0000017900000000, Narrow klass shift: 0, Narrow klass range: 0x100000000
[0.495s][info][gc,start    ] GC(0) Pause Young (Normal) (G1 Evacuation Pause)
[0.497s][info][gc,task     ] GC(0) Using 10 workers of 10 for evacuation
[0.503s][info][gc,phases   ] GC(0)   Pre Evacuate Collection Set: 0.2ms
[0.503s][info][gc,phases   ] GC(0)   Merge Heap Roots: 0.1ms
[0.503s][info][gc,phases   ] GC(0)   Evacuate Collection Set: 5.5ms
[0.503s][info][gc,phases   ] GC(0)   Post Evacuate Collection Set: 0.5ms
[0.503s][info][gc,phases   ] GC(0)   Other: 1.8ms
[0.503s][info][gc,heap     ] GC(0) Eden regions: 51->0(44)
[0.503s][info][gc,heap     ] GC(0) Survivor regions: 0->7(7)
[0.503s][info][gc,heap     ] GC(0) Old regions: 0->4
[0.503s][info][gc,heap     ] GC(0) Humongous regions: 1->0
[0.503s][info][gc,metaspace] GC(0) Metaspace: 1316K(1472K)->1316K(1472K) NonClass: 1218K(1280K)->1218K(1280K) Class: 97K(192K)->97K(192K)
[0.503s][info][gc          ] GC(0) Pause Young (Normal) (G1 Evacuation Pause) 104M->21M(2048M) 8.570ms
[0.503s][info][gc,cpu      ] GC(0) User=0.11s Sys=0.02s Real=0.01s
[0.623s][info][gc,start    ] GC(1) Pause Young (Normal) (G1 Evacuation Pause)
[0.623s][info][gc,task     ] GC(1) Using 10 workers of 10 for evacuation
[0.628s][info][gc,phases   ] GC(1)   Pre Evacuate Collection Set: 0.3ms
[0.629s][info][gc,phases   ] GC(1)   Merge Heap Roots: 0.1ms
[0.629s][info][gc,phases   ] GC(1)   Evacuate Collection Set: 4.1ms
[0.629s][info][gc,phases   ] GC(1)   Post Evacuate Collection Set: 0.5ms
[0.629s][info][gc,phases   ] GC(1)   Other: 0.1ms
[0.629s][info][gc,heap     ] GC(1) Eden regions: 44->0(44)
[0.629s][info][gc,heap     ] GC(1) Survivor regions: 7->7(7)
[0.629s][info][gc,heap     ] GC(1) Old regions: 4->12
[0.629s][info][gc,heap     ] GC(1) Humongous regions: 0->0
[0.629s][info][gc,metaspace] GC(1) Metaspace: 1319K(1472K)->1319K(1472K) NonClass: 1221K(1280K)->1221K(1280K) Class: 97K(192K)->97K(192K)
[0.629s][info][gc          ] GC(1) Pause Young (Normal) (G1 Evacuation Pause) 109M->37M(2048M) 5.351ms
[0.629s][info][gc,cpu      ] GC(1) User=0.14s Sys=0.03s Real=0.00s
[0.960s][info][gc,start    ] GC(2) Pause Young (Normal) (G1 Evacuation Pause)
[0.960s][info][gc,task     ] GC(2) Using 10 workers of 10 for evacuation
[0.967s][info][gc,phases   ] GC(2)   Pre Evacuate Collection Set: 0.2ms
[0.968s][info][gc,phases   ] GC(2)   Merge Heap Roots: 0.1ms
[0.968s][info][gc,phases   ] GC(2)   Evacuate Collection Set: 6.7ms
[0.968s][info][gc,phases   ] GC(2)   Post Evacuate Collection Set: 0.4ms
[0.968s][info][gc,phases   ] GC(2)   Other: 0.1ms
[0.968s][info][gc,heap     ] GC(2) Eden regions: 44->0(44)
[0.968s][info][gc,heap     ] GC(2) Survivor regions: 7->7(7)
[0.968s][info][gc,heap     ] GC(2) Old regions: 12->19
[0.968s][info][gc,heap     ] GC(2) Humongous regions: 0->0
[0.968s][info][gc,metaspace] GC(2) Metaspace: 1694K(1792K)->1694K(1792K) NonClass: 1522K(1536K)->1522K(1536K) Class: 171K(256K)->171K(256K)
[0.968s][info][gc          ] GC(2) Pause Young (Normal) (G1 Evacuation Pause) 125M->49M(2048M) 7.963ms
[0.968s][info][gc,cpu      ] GC(2) User=0.00s Sys=0.00s Real=0.01s
[1.075s][info][gc,start    ] GC(3) Pause Young (Normal) (G1 Evacuation Pause)
[1.075s][info][gc,task     ] GC(3) Using 10 workers of 10 for evacuation
[1.082s][info][gc,phases   ] GC(3)   Pre Evacuate Collection Set: 0.2ms
[1.082s][info][gc,phases   ] GC(3)   Merge Heap Roots: 0.1ms
[1.083s][info][gc,phases   ] GC(3)   Evacuate Collection Set: 7.1ms
[1.083s][info][gc,phases   ] GC(3)   Post Evacuate Collection Set: 0.3ms
[1.083s][info][gc,phases   ] GC(3)   Other: 0.1ms
[1.083s][info][gc,heap     ] GC(3) Eden regions: 44->0(83)
[1.083s][info][gc,heap     ] GC(3) Survivor regions: 7->3(7)
[1.083s][info][gc,heap     ] GC(3) Old regions: 19->25
[1.083s][info][gc,heap     ] GC(3) Humongous regions: 1->1
[1.083s][info][gc,metaspace] GC(3) Metaspace: 1696K(1792K)->1696K(1792K) NonClass: 1524K(1536K)->1524K(1536K) Class: 171K(256K)->171K(256K)
[1.083s][info][gc          ] GC(3) Pause Young (Normal) (G1 Evacuation Pause) 139M->57M(2048M) 8.046ms
[1.083s][info][gc,cpu      ] GC(3) User=0.08s Sys=0.08s Real=0.01s
[1.228s][info][gc,start    ] GC(4) Pause Young (Normal) (G1 Evacuation Pause)
[1.229s][info][gc,task     ] GC(4) Using 10 workers of 10 for evacuation
[1.239s][info][gc,phases   ] GC(4)   Pre Evacuate Collection Set: 0.2ms
[1.239s][info][gc,phases   ] GC(4)   Merge Heap Roots: 0.2ms
[1.239s][info][gc,phases   ] GC(4)   Evacuate Collection Set: 9.6ms
[1.239s][info][gc,phases   ] GC(4)   Post Evacuate Collection Set: 0.3ms
[1.239s][info][gc,phases   ] GC(4)   Other: 0.2ms
[1.239s][info][gc,heap     ] GC(4) Eden regions: 83->0(116)
[1.239s][info][gc,heap     ] GC(4) Survivor regions: 3->8(11)
[1.239s][info][gc,heap     ] GC(4) Old regions: 25->25
[1.239s][info][gc,heap     ] GC(4) Humongous regions: 1->1
[1.239s][info][gc,metaspace] GC(4) Metaspace: 1703K(1856K)->1703K(1856K) NonClass: 1532K(1600K)->1532K(1600K) Class: 171K(256K)->171K(256K)
[1.239s][info][gc          ] GC(4) Pause Young (Normal) (G1 Evacuation Pause) 223M->65M(2048M) 10.978ms
[1.239s][info][gc,cpu      ] GC(4) User=0.09s Sys=0.06s Real=0.01s
[1.421s][info][gc,heap,exit] Heap
[1.421s][info][gc,heap,exit]  garbage-first heap   total 2097152K, used 153232K [0x0000000700000000, 0x0000000800000000)
[1.421s][info][gc,heap,exit]   region size 2048K, 49 young (100352K), 8 survivors (16384K)
[1.421s][info][gc,heap,exit]  Metaspace       used 1868K, committed 1984K, reserved 1114112K
[1.421s][info][gc,heap,exit]   class space    used 190K, committed 256K, reserved 1048576K
