[0.022s][info][gc,init] CardTable entry size: 512
[0.022s][info][gc     ] Using G1
[0.040s][info][gc,init] Version: 21.0.5+9-LTS-239 (release)
[0.040s][info][gc,init] CPUs: 12 total, 12 available
[0.040s][info][gc,init] Memory: 16190M
[0.040s][info][gc,init] Large Page Support: Disabled
[0.040s][info][gc,init] NUMA Support: Disabled
[0.041s][info][gc,init] Compressed Oops: Enabled (Zero based)
[0.041s][info][gc,init] Heap Region Size: 2M
[0.041s][info][gc,init] Heap Min Capacity: 2G
[0.041s][info][gc,init] Heap Initial Capacity: 2G
[0.041s][info][gc,init] Heap Max Capacity: 4G
[0.041s][info][gc,init] Pre-touch: Disabled
[0.041s][info][gc,init] Parallel Workers: 10
[0.041s][info][gc,init] Concurrent Workers: 3
[0.041s][info][gc,init] Concurrent Refinement Workers: 10
[0.041s][info][gc,init] Periodic GC: Disabled
[0.058s][info][gc,metaspace] CDS archive(s) mapped at: [0x0000021c88000000-0x0000021c88c90000-0x0000021c88c90000), size 13172736, SharedBaseAddress: 0x0000021c88000000, ArchiveRelocationMode: 1.
[0.058s][info][gc,metaspace] Compressed class space mapped at: 0x0000021c89000000-0x0000021cc9000000, reserved size: 1073741824
[0.058s][info][gc,metaspace] Narrow klass base: 0x0000021c88000000, Narrow klass shift: 0, Narrow klass range: 0x100000000
[0.736s][info][gc,start    ] GC(0) Pause Young (Normal) (G1 Evacuation Pause)
[0.737s][info][gc,task     ] GC(0) Using 10 workers of 10 for evacuation
[0.743s][info][gc,phases   ] GC(0)   Pre Evacuate Collection Set: 0.3ms
[0.743s][info][gc,phases   ] GC(0)   Merge Heap Roots: 0.1ms
[0.743s][info][gc,phases   ] GC(0)   Evacuate Collection Set: 4.9ms
[0.743s][info][gc,phases   ] GC(0)   Post Evacuate Collection Set: 0.8ms
[0.743s][info][gc,phases   ] GC(0)   Other: 1.0ms
[0.743s][info][gc,heap     ] GC(0) Eden regions: 51->0(44)
[0.743s][info][gc,heap     ] GC(0) Survivor regions: 0->7(7)
[0.743s][info][gc,heap     ] GC(0) Old regions: 0->5
[0.743s][info][gc,heap     ] GC(0) Humongous regions: 1->0
[0.744s][info][gc,metaspace] GC(0) Metaspace: 1321K(1472K)->1321K(1472K) NonClass: 1223K(1280K)->1223K(1280K) Class: 97K(192K)->97K(192K)
[0.744s][info][gc          ] GC(0) Pause Young (Normal) (G1 Evacuation Pause) 104M->22M(2048M) 7.768ms
[0.744s][info][gc,cpu      ] GC(0) User=0.00s Sys=0.00s Real=0.01s
[0.935s][info][gc,start    ] GC(1) Pause Young (Normal) (G1 Evacuation Pause)
[0.935s][info][gc,task     ] GC(1) Using 10 workers of 10 for evacuation
[0.940s][info][gc,phases   ] GC(1)   Pre Evacuate Collection Set: 0.3ms
[0.940s][info][gc,phases   ] GC(1)   Merge Heap Roots: 0.1ms
[0.940s][info][gc,phases   ] GC(1)   Evacuate Collection Set: 4.2ms
[0.940s][info][gc,phases   ] GC(1)   Post Evacuate Collection Set: 0.5ms
[0.940s][info][gc,phases   ] GC(1)   Other: 0.1ms
[0.940s][info][gc,heap     ] GC(1) Eden regions: 44->0(44)
[0.940s][info][gc,heap     ] GC(1) Survivor regions: 7->7(7)
[0.940s][info][gc,heap     ] GC(1) Old regions: 5->13
[0.940s][info][gc,heap     ] GC(1) Humongous regions: 0->0
[0.940s][info][gc,metaspace] GC(1) Metaspace: 1323K(1472K)->1323K(1472K) NonClass: 1226K(1280K)->1226K(1280K) Class: 97K(192K)->97K(192K)
[0.940s][info][gc          ] GC(1) Pause Young (Normal) (G1 Evacuation Pause) 110M->39M(2048M) 5.636ms
[0.940s][info][gc,cpu      ] GC(1) User=0.00s Sys=0.00s Real=0.01s
[1.032s][info][gc,start    ] GC(2) Pause Young (Normal) (G1 Evacuation Pause)
[1.032s][info][gc,task     ] GC(2) Using 10 workers of 10 for evacuation
[1.038s][info][gc,phases   ] GC(2)   Pre Evacuate Collection Set: 0.2ms
[1.038s][info][gc,phases   ] GC(2)   Merge Heap Roots: 0.1ms
[1.038s][info][gc,phases   ] GC(2)   Evacuate Collection Set: 5.2ms
[1.038s][info][gc,phases   ] GC(2)   Post Evacuate Collection Set: 0.3ms
[1.038s][info][gc,phases   ] GC(2)   Other: 0.1ms
[1.039s][info][gc,heap     ] GC(2) Eden regions: 44->0(44)
[1.039s][info][gc,heap     ] GC(2) Survivor regions: 7->7(7)
[1.039s][info][gc,heap     ] GC(2) Old regions: 13->22
[1.039s][info][gc,heap     ] GC(2) Humongous regions: 0->0
[1.039s][info][gc,metaspace] GC(2) Metaspace: 1325K(1472K)->1325K(1472K) NonClass: 1227K(1280K)->1227K(1280K) Class: 97K(192K)->97K(192K)
[1.039s][info][gc          ] GC(2) Pause Young (Normal) (G1 Evacuation Pause) 127M->56M(2048M) 6.438ms
[1.039s][info][gc,cpu      ] GC(2) User=0.00s Sys=0.00s Real=0.01s
[1.130s][info][gc,start    ] GC(3) Pause Young (Normal) (G1 Evacuation Pause)
[1.130s][info][gc,task     ] GC(3) Using 10 workers of 10 for evacuation
[1.136s][info][gc,phases   ] GC(3)   Pre Evacuate Collection Set: 0.2ms
[1.136s][info][gc,phases   ] GC(3)   Merge Heap Roots: 0.1ms
[1.136s][info][gc,phases   ] GC(3)   Evacuate Collection Set: 4.5ms
[1.136s][info][gc,phases   ] GC(3)   Post Evacuate Collection Set: 0.3ms
[1.136s][info][gc,phases   ] GC(3)   Other: 0.1ms
[1.136s][info][gc,heap     ] GC(3) Eden regions: 44->0(60)
[1.136s][info][gc,heap     ] GC(3) Survivor regions: 7->7(7)
[1.136s][info][gc,heap     ] GC(3) Old regions: 22->30
[1.136s][info][gc,heap     ] GC(3) Humongous regions: 0->0
[1.136s][info][gc,metaspace] GC(3) Metaspace: 1325K(1472K)->1325K(1472K) NonClass: 1227K(1280K)->1227K(1280K) Class: 97K(192K)->97K(192K)
[1.136s][info][gc          ] GC(3) Pause Young (Normal) (G1 Evacuation Pause) 144M->73M(2048M) 5.643ms
[1.136s][info][gc,cpu      ] GC(3) User=0.00s Sys=0.00s Real=0.01s
[1.243s][info][gc,start    ] GC(4) Pause Young (Normal) (G1 Evacuation Pause)
[1.243s][info][gc,task     ] GC(4) Using 10 workers of 10 for evacuation
[1.251s][info][gc,phases   ] GC(4)   Pre Evacuate Collection Set: 0.2ms
[1.251s][info][gc,phases   ] GC(4)   Merge Heap Roots: 0.1ms
[1.251s][info][gc,phases   ] GC(4)   Evacuate Collection Set: 6.4ms
[1.251s][info][gc,phases   ] GC(4)   Post Evacuate Collection Set: 0.5ms
[1.251s][info][gc,phases   ] GC(4)   Other: 0.1ms
[1.251s][info][gc,heap     ] GC(4) Eden regions: 60->0(89)
[1.251s][info][gc,heap     ] GC(4) Survivor regions: 7->9(9)
[1.251s][info][gc,heap     ] GC(4) Old regions: 30->41
[1.251s][info][gc,heap     ] GC(4) Humongous regions: 0->0
[1.251s][info][gc,metaspace] GC(4) Metaspace: 1325K(1472K)->1325K(1472K) NonClass: 1227K(1280K)->1227K(1280K) Class: 97K(192K)->97K(192K)
[1.251s][info][gc          ] GC(4) Pause Young (Normal) (G1 Evacuation Pause) 193M->98M(2048M) 7.654ms
[1.251s][info][gc,cpu      ] GC(4) User=0.03s Sys=0.12s Real=0.01s
[1.389s][info][gc,start    ] GC(5) Pause Young (Normal) (G1 Evacuation Pause)
[1.389s][info][gc,task     ] GC(5) Using 10 workers of 10 for evacuation
[1.398s][info][gc,phases   ] GC(5)   Pre Evacuate Collection Set: 0.2ms
[1.398s][info][gc,phases   ] GC(5)   Merge Heap Roots: 0.1ms
[1.398s][info][gc,phases   ] GC(5)   Evacuate Collection Set: 7.6ms
[1.398s][info][gc,phases   ] GC(5)   Post Evacuate Collection Set: 0.5ms
[1.398s][info][gc,phases   ] GC(5)   Other: 0.1ms
[1.398s][info][gc,heap     ] GC(5) Eden regions: 89->0(92)
[1.398s][info][gc,heap     ] GC(5) Survivor regions: 9->13(13)
[1.398s][info][gc,heap     ] GC(5) Old regions: 41->54
[1.398s][info][gc,heap     ] GC(5) Humongous regions: 0->0
[1.398s][info][gc,metaspace] GC(5) Metaspace: 1325K(1472K)->1325K(1472K) NonClass: 1227K(1280K)->1227K(1280K) Class: 97K(192K)->97K(192K)
[1.398s][info][gc          ] GC(5) Pause Young (Normal) (G1 Evacuation Pause) 276M->132M(2048M) 8.805ms
[1.398s][info][gc,cpu      ] GC(5) User=0.00s Sys=0.00s Real=0.01s
[1.521s][info][gc,start    ] GC(6) Pause Young (Normal) (G1 Evacuation Pause)
[1.521s][info][gc,task     ] GC(6) Using 10 workers of 10 for evacuation
[1.531s][info][gc,phases   ] GC(6)   Pre Evacuate Collection Set: 0.2ms
[1.531s][info][gc,phases   ] GC(6)   Merge Heap Roots: 0.1ms
[1.531s][info][gc,phases   ] GC(6)   Evacuate Collection Set: 9.1ms
[1.531s][info][gc,phases   ] GC(6)   Post Evacuate Collection Set: 0.5ms
[1.531s][info][gc,phases   ] GC(6)   Other: 0.1ms
[1.531s][info][gc,heap     ] GC(6) Eden regions: 92->0(111)
[1.531s][info][gc,heap     ] GC(6) Survivor regions: 13->14(14)
[1.531s][info][gc,heap     ] GC(6) Old regions: 54->71
[1.531s][info][gc,heap     ] GC(6) Humongous regions: 1->0
[1.531s][info][gc,metaspace] GC(6) Metaspace: 1325K(1472K)->1325K(1472K) NonClass: 1227K(1280K)->1227K(1280K) Class: 97K(192K)->97K(192K)
[1.531s][info][gc          ] GC(6) Pause Young (Normal) (G1 Evacuation Pause) 318M->168M(2048M) 10.338ms
[1.531s][info][gc,cpu      ] GC(6) User=0.06s Sys=0.11s Real=0.01s
[1.678s][info][gc,start    ] GC(7) Pause Young (Normal) (G1 Evacuation Pause)
[1.678s][info][gc,task     ] GC(7) Using 10 workers of 10 for evacuation
[1.690s][info][gc,phases   ] GC(7)   Pre Evacuate Collection Set: 0.2ms
[1.690s][info][gc,phases   ] GC(7)   Merge Heap Roots: 0.1ms
[1.690s][info][gc,phases   ] GC(7)   Evacuate Collection Set: 11.2ms
[1.690s][info][gc,phases   ] GC(7)   Post Evacuate Collection Set: 0.5ms
[1.690s][info][gc,phases   ] GC(7)   Other: 0.1ms
[1.690s][info][gc,heap     ] GC(7) Eden regions: 111->0(145)
[1.690s][info][gc,heap     ] GC(7) Survivor regions: 14->16(16)
[1.690s][info][gc,heap     ] GC(7) Old regions: 71->91
[1.690s][info][gc,heap     ] GC(7) Humongous regions: 0->0
[1.690s][info][gc,metaspace] GC(7) Metaspace: 1325K(1472K)->1325K(1472K) NonClass: 1227K(1280K)->1227K(1280K) Class: 97K(192K)->97K(192K)
[1.690s][info][gc          ] GC(7) Pause Young (Normal) (G1 Evacuation Pause) 390M->213M(2048M) 12.446ms
[1.690s][info][gc,cpu      ] GC(7) User=0.03s Sys=0.12s Real=0.01s
[1.877s][info][gc,start    ] GC(8) Pause Young (Normal) (G1 Evacuation Pause)
[1.877s][info][gc,task     ] GC(8) Using 10 workers of 10 for evacuation
[1.892s][info][gc,phases   ] GC(8)   Pre Evacuate Collection Set: 0.3ms
[1.892s][info][gc,phases   ] GC(8)   Merge Heap Roots: 0.1ms
[1.892s][info][gc,phases   ] GC(8)   Evacuate Collection Set: 14.4ms
[1.892s][info][gc,phases   ] GC(8)   Post Evacuate Collection Set: 0.5ms
[1.892s][info][gc,phases   ] GC(8)   Other: 0.1ms
[1.892s][info][gc,heap     ] GC(8) Eden regions: 145->0(174)
[1.892s][info][gc,heap     ] GC(8) Survivor regions: 16->21(21)
[1.892s][info][gc,heap     ] GC(8) Old regions: 91->115
[1.892s][info][gc,heap     ] GC(8) Humongous regions: 1->0
[1.892s][info][gc,metaspace] GC(8) Metaspace: 1325K(1472K)->1325K(1472K) NonClass: 1227K(1280K)->1227K(1280K) Class: 97K(192K)->97K(192K)
[1.892s][info][gc          ] GC(8) Pause Young (Normal) (G1 Evacuation Pause) 505M->270M(2048M) 15.666ms
[1.892s][info][gc,cpu      ] GC(8) User=0.05s Sys=0.11s Real=0.01s
[2.121s][info][gc,start    ] GC(9) Pause Young (Normal) (G1 Evacuation Pause)
[2.121s][info][gc,task     ] GC(9) Using 10 workers of 10 for evacuation
[2.140s][info][gc,phases   ] GC(9)   Pre Evacuate Collection Set: 0.3ms
[2.140s][info][gc,phases   ] GC(9)   Merge Heap Roots: 0.1ms
[2.140s][info][gc,phases   ] GC(9)   Evacuate Collection Set: 18.5ms
[2.140s][info][gc,phases   ] GC(9)   Post Evacuate Collection Set: 0.5ms
[2.140s][info][gc,phases   ] GC(9)   Other: 0.1ms
[2.140s][info][gc,heap     ] GC(9) Eden regions: 174->0(204)
[2.140s][info][gc,heap     ] GC(9) Survivor regions: 21->25(25)
[2.140s][info][gc,heap     ] GC(9) Old regions: 115->145
[2.140s][info][gc,heap     ] GC(9) Humongous regions: 0->0
[2.140s][info][gc,metaspace] GC(9) Metaspace: 1325K(1472K)->1325K(1472K) NonClass: 1227K(1280K)->1227K(1280K) Class: 97K(192K)->97K(192K)
[2.140s][info][gc          ] GC(9) Pause Young (Normal) (G1 Evacuation Pause) 618M->339M(2048M) 19.734ms
[2.141s][info][gc,cpu      ] GC(9) User=0.08s Sys=0.23s Real=0.02s
[2.609s][info][gc,start    ] GC(10) Pause Young (Normal) (G1 Evacuation Pause)
[2.609s][info][gc,task     ] GC(10) Using 10 workers of 10 for evacuation
[2.635s][info][gc,phases   ] GC(10)   Pre Evacuate Collection Set: 0.3ms
[2.635s][info][gc,phases   ] GC(10)   Merge Heap Roots: 0.1ms
[2.635s][info][gc,phases   ] GC(10)   Evacuate Collection Set: 24.5ms
[2.635s][info][gc,phases   ] GC(10)   Post Evacuate Collection Set: 0.7ms
[2.635s][info][gc,phases   ] GC(10)   Other: 0.2ms
[2.635s][info][gc,heap     ] GC(10) Eden regions: 204->0(247)
[2.635s][info][gc,heap     ] GC(10) Survivor regions: 25->27(29)
[2.635s][info][gc,heap     ] GC(10) Old regions: 145->170
[2.635s][info][gc,heap     ] GC(10) Humongous regions: 1->1
[2.635s][info][gc,metaspace] GC(10) Metaspace: 1727K(1920K)->1727K(1920K) NonClass: 1543K(1664K)->1543K(1664K) Class: 183K(256K)->183K(256K)
[2.635s][info][gc          ] GC(10) Pause Young (Normal) (G1 Evacuation Pause) 749M->393M(2048M) 26.116ms
[2.635s][info][gc,cpu      ] GC(10) User=0.05s Sys=0.11s Real=0.03s
[3.032s][info][gc,start    ] GC(11) Pause Young (Normal) (G1 Evacuation Pause)
[3.032s][info][gc,task     ] GC(11) Using 10 workers of 10 for evacuation
[3.060s][info][gc,phases   ] GC(11)   Pre Evacuate Collection Set: 0.2ms
[3.060s][info][gc,phases   ] GC(11)   Merge Heap Roots: 0.1ms
[3.060s][info][gc,phases   ] GC(11)   Evacuate Collection Set: 26.0ms
[3.060s][info][gc,phases   ] GC(11)   Post Evacuate Collection Set: 0.6ms
[3.060s][info][gc,phases   ] GC(11)   Other: 0.2ms
[3.060s][info][gc,heap     ] GC(11) Eden regions: 247->0(602)
[3.060s][info][gc,heap     ] GC(11) Survivor regions: 27->12(35)
[3.060s][info][gc,heap     ] GC(11) Old regions: 170->196
[3.060s][info][gc,heap     ] GC(11) Humongous regions: 3->3
[3.060s][info][gc,metaspace] GC(11) Metaspace: 1752K(1920K)->1752K(1920K) NonClass: 1567K(1664K)->1567K(1664K) Class: 184K(256K)->184K(256K)
[3.060s][info][gc          ] GC(11) Pause Young (Normal) (G1 Evacuation Pause) 891M->419M(2048M) 27.531ms
[3.060s][info][gc,cpu      ] GC(11) User=0.05s Sys=0.11s Real=0.03s
[3.117s][info][gc,start    ] GC(12) Pause Young (Normal) (G1 Evacuation Pause)
[3.117s][info][gc,task     ] GC(12) Using 10 workers of 10 for evacuation
[3.133s][info][gc,phases   ] GC(12)   Pre Evacuate Collection Set: 0.2ms
[3.133s][info][gc,phases   ] GC(12)   Merge Heap Roots: 0.4ms
[3.133s][info][gc,phases   ] GC(12)   Evacuate Collection Set: 14.3ms
[3.133s][info][gc,phases   ] GC(12)   Post Evacuate Collection Set: 0.3ms
[3.133s][info][gc,phases   ] GC(12)   Other: 0.1ms
[3.133s][info][gc,heap     ] GC(12) Eden regions: 39->0(552)
[3.133s][info][gc,heap     ] GC(12) Survivor regions: 12->2(7)
[3.133s][info][gc,heap     ] GC(12) Old regions: 196->207
[3.133s][info][gc,heap     ] GC(12) Humongous regions: 3->3
[3.133s][info][gc,metaspace] GC(12) Metaspace: 1752K(1920K)->1752K(1920K) NonClass: 1567K(1664K)->1567K(1664K) Class: 184K(256K)->184K(256K)
[3.133s][info][gc          ] GC(12) Pause Young (Normal) (G1 Evacuation Pause) 497M->422M(2048M) 15.831ms
[3.133s][info][gc,cpu      ] GC(12) User=0.12s Sys=0.03s Real=0.02s
[3.483s][info][gc,start    ] GC(13) Pause Young (Normal) (G1 Evacuation Pause)
[3.483s][info][gc,task     ] GC(13) Using 10 workers of 10 for evacuation
[3.502s][info][gc,phases   ] GC(13)   Pre Evacuate Collection Set: 0.3ms
[3.502s][info][gc,phases   ] GC(13)   Merge Heap Roots: 0.4ms
[3.502s][info][gc,phases   ] GC(13)   Evacuate Collection Set: 17.5ms
[3.502s][info][gc,phases   ] GC(13)   Post Evacuate Collection Set: 0.6ms
[3.502s][info][gc,phases   ] GC(13)   Other: 0.2ms
[3.502s][info][gc,heap     ] GC(13) Eden regions: 208->0(557)
[3.502s][info][gc,heap     ] GC(13) Survivor regions: 2->11(27)
[3.502s][info][gc,heap     ] GC(13) Old regions: 207->207
[3.502s][info][gc,heap     ] GC(13) Humongous regions: 6->6
[3.502s][info][gc,metaspace] GC(13) Metaspace: 1753K(1920K)->1753K(1920K) NonClass: 1568K(1664K)->1568K(1664K) Class: 184K(256K)->184K(256K)
[3.502s][info][gc          ] GC(13) Pause Young (Normal) (G1 Evacuation Pause) 844M->445M(2048M) 19.454ms
[3.502s][info][gc,cpu      ] GC(13) User=0.14s Sys=0.02s Real=0.02s
[3.885s][info][gc,start    ] GC(14) Pause Young (Normal) (G1 Evacuation Pause)
[3.885s][info][gc,task     ] GC(14) Using 10 workers of 10 for evacuation
[3.911s][info][gc,phases   ] GC(14)   Pre Evacuate Collection Set: 0.2ms
[3.911s][info][gc,phases   ] GC(14)   Merge Heap Roots: 0.3ms
[3.911s][info][gc,phases   ] GC(14)   Evacuate Collection Set: 24.6ms
[3.911s][info][gc,phases   ] GC(14)   Post Evacuate Collection Set: 0.5ms
[3.911s][info][gc,phases   ] GC(14)   Other: 0.2ms
[3.911s][info][gc,heap     ] GC(14) Eden regions: 239->0(595)
[3.911s][info][gc,heap     ] GC(14) Survivor regions: 11->19(32)
[3.911s][info][gc,heap     ] GC(14) Old regions: 207->207
[3.911s][info][gc,heap     ] GC(14) Humongous regions: 6->6
[3.911s][info][gc,metaspace] GC(14) Metaspace: 1753K(1920K)->1753K(1920K) NonClass: 1568K(1664K)->1568K(1664K) Class: 184K(256K)->184K(256K)
[3.911s][info][gc          ] GC(14) Pause Young (Normal) (G1 Evacuation Pause) 923M->462M(2048M) 26.354ms
[3.911s][info][gc,cpu      ] GC(14) User=0.30s Sys=0.02s Real=0.03s
[4.279s][info][gc,start    ] GC(15) Pause Young (Normal) (G1 Evacuation Pause)
[4.279s][info][gc,task     ] GC(15) Using 10 workers of 10 for evacuation
[4.318s][info][gc,phases   ] GC(15)   Pre Evacuate Collection Set: 0.3ms
[4.318s][info][gc,phases   ] GC(15)   Merge Heap Roots: 0.4ms
[4.318s][info][gc,phases   ] GC(15)   Evacuate Collection Set: 37.2ms
[4.318s][info][gc,phases   ] GC(15)   Post Evacuate Collection Set: 0.6ms
[4.318s][info][gc,phases   ] GC(15)   Other: 0.1ms
[4.318s][info][gc,heap     ] GC(15) Eden regions: 241->0(588)
[4.318s][info][gc,heap     ] GC(15) Survivor regions: 19->26(33)
[4.318s][info][gc,heap     ] GC(15) Old regions: 207->208
[4.318s][info][gc,heap     ] GC(15) Humongous regions: 11->11
[4.318s][info][gc,metaspace] GC(15) Metaspace: 1753K(1920K)->1753K(1920K) NonClass: 1568K(1664K)->1568K(1664K) Class: 184K(256K)->184K(256K)
[4.318s][info][gc          ] GC(15) Pause Young (Normal) (G1 Evacuation Pause) 954M->489M(2048M) 38.969ms
[4.318s][info][gc,cpu      ] GC(15) User=0.30s Sys=0.00s Real=0.04s
[4.624s][info][gc,start    ] GC(16) Pause Young (Normal) (G1 Evacuation Pause)
[4.624s][info][gc,task     ] GC(16) Using 10 workers of 10 for evacuation
[4.665s][info][gc,phases   ] GC(16)   Pre Evacuate Collection Set: 0.2ms
[4.665s][info][gc,phases   ] GC(16)   Merge Heap Roots: 0.4ms
[4.665s][info][gc,phases   ] GC(16)   Evacuate Collection Set: 39.8ms
[4.665s][info][gc,phases   ] GC(16)   Post Evacuate Collection Set: 0.5ms
[4.665s][info][gc,phases   ] GC(16)   Other: 0.1ms
[4.665s][info][gc,heap     ] GC(16) Eden regions: 193->0(598)
[4.665s][info][gc,heap     ] GC(16) Survivor regions: 26->16(28)
[4.665s][info][gc,heap     ] GC(16) Old regions: 208->224
[4.665s][info][gc,heap     ] GC(16) Humongous regions: 11->11
[4.665s][info][gc,metaspace] GC(16) Metaspace: 1753K(1920K)->1753K(1920K) NonClass: 1568K(1664K)->1568K(1664K) Class: 184K(256K)->184K(256K)
[4.665s][info][gc          ] GC(16) Pause Young (Normal) (G1 Evacuation Pause) 875M->501M(2048M) 41.328ms
[4.665s][info][gc,cpu      ] GC(16) User=0.31s Sys=0.00s Real=0.04s
[5.266s][info][gc,start    ] GC(17) Pause Young (Normal) (G1 Evacuation Pause)
[5.266s][info][gc,task     ] GC(17) Using 10 workers of 10 for evacuation
[5.305s][info][gc,phases   ] GC(17)   Pre Evacuate Collection Set: 0.2ms
[5.305s][info][gc,phases   ] GC(17)   Merge Heap Roots: 0.6ms
[5.305s][info][gc,phases   ] GC(17)   Evacuate Collection Set: 35.7ms
[5.305s][info][gc,phases   ] GC(17)   Post Evacuate Collection Set: 2.0ms
[5.305s][info][gc,phases   ] GC(17)   Other: 0.1ms
[5.305s][info][gc,heap     ] GC(17) Eden regions: 364->0(665)
[5.305s][info][gc,heap     ] GC(17) Survivor regions: 16->26(48)
[5.305s][info][gc,heap     ] GC(17) Old regions: 224->224
[5.305s][info][gc,heap     ] GC(17) Humongous regions: 11->11
[5.305s][info][gc,metaspace] GC(17) Metaspace: 1753K(1920K)->1753K(1920K) NonClass: 1569K(1664K)->1569K(1664K) Class: 184K(256K)->184K(256K)
[5.305s][info][gc          ] GC(17) Pause Young (Normal) (G1 Evacuation Pause) 1229M->521M(2306M) 39.021ms
[5.305s][info][gc,cpu      ] GC(17) User=0.30s Sys=0.02s Real=0.04s
[5.632s][info][gc,heap,exit] Heap
[5.632s][info][gc,heap,exit]  garbage-first heap   total 2361344K, used 617885K [0x0000000700000000, 0x0000000800000000)
[5.632s][info][gc,heap,exit]   region size 2048K, 58 young (118784K), 26 survivors (53248K)
[5.632s][info][gc,heap,exit]  Metaspace       used 1924K, committed 2048K, reserved 1114112K
[5.632s][info][gc,heap,exit]   class space    used 204K, committed 256K, reserved 1048576K
