[0.017s][info][gc,init] CardTable entry size: 512
[0.017s][info][gc     ] Using Parallel
[0.026s][info][gc,init] Version: 21.0.5+9-LTS-239 (release)
[0.026s][info][gc,init] CPUs: 12 total, 12 available
[0.026s][info][gc,init] Memory: 16190M
[0.026s][info][gc,init] Large Page Support: Disabled
[0.026s][info][gc,init] NUMA Support: Disabled
[0.026s][info][gc,init] Compressed Oops: Enabled (Zero based)
[0.026s][info][gc,init] Alignments: Space 512K, Generation 512K, Heap 2M
[0.026s][info][gc,init] Heap Min Capacity: 2G
[0.026s][info][gc,init] Heap Initial Capacity: 2G
[0.026s][info][gc,init] Heap Max Capacity: 4G
[0.026s][info][gc,init] Pre-touch: Disabled
[0.026s][info][gc,init] Parallel Workers: 10
[0.046s][info][gc,metaspace] CDS archive(s) mapped at: [0x000001e300000000-0x000001e300c90000-0x000001e300c90000), size 13172736, SharedBaseAddress: 0x000001e300000000, ArchiveRelocationMode: 1.
[0.046s][info][gc,metaspace] Compressed class space mapped at: 0x000001e301000000-0x000001e341000000, reserved size: 1073741824
[0.046s][info][gc,metaspace] Narrow klass base: 0x000001e300000000, Narrow klass shift: 0, Narrow klass range: 0x100000000
[0.788s][info][gc,start    ] GC(0) Pause Young (Allocation Failure)
[0.802s][info][gc,heap     ] GC(0) PSYoungGen: 524800K(611840K)->40637K(611840K) Eden: 524800K(524800K)->0K(524800K) From: 0K(87040K)->40637K(87040K)
[0.802s][info][gc,heap     ] GC(0) ParOldGen: 0K(1398272K)->72K(1398272K)
[0.802s][info][gc,metaspace] GC(0) Metaspace: 1662K(1792K)->1662K(1792K) NonClass: 1527K(1600K)->1527K(1600K) Class: 134K(192K)->134K(192K)
[0.802s][info][gc          ] GC(0) Pause Young (Allocation Failure) 512M->39M(1963M) 14.855ms
[0.802s][info][gc,cpu      ] GC(0) User=0.08s Sys=0.08s Real=0.02s
[1.067s][info][gc,start    ] GC(1) Pause Young (Allocation Failure)
[1.094s][info][gc,heap     ] GC(1) PSYoungGen: 565437K(611840K)->87031K(1136640K) Eden: 524800K(524800K)->0K(1049600K) From: 40637K(87040K)->87031K(87040K)
[1.094s][info][gc,heap     ] GC(1) ParOldGen: 72K(1398272K)->16326K(1398272K)
[1.094s][info][gc,metaspace] GC(1) Metaspace: 1682K(1792K)->1682K(1792K) NonClass: 1547K(1600K)->1547K(1600K) Class: 134K(192K)->134K(192K)
[1.094s][info][gc          ] GC(1) Pause Young (Allocation Failure) 552M->100M(2475M) 26.659ms
[1.094s][info][gc,cpu      ] GC(1) User=0.02s Sys=0.14s Real=0.03s
[1.657s][info][gc,start    ] GC(2) Pause Young (Allocation Failure)
[1.699s][info][gc,heap     ] GC(2) PSYoungGen: 1136631K(1136640K)->87017K(1136640K) Eden: 1049600K(1049600K)->0K(1049600K) From: 87031K(87040K)->87017K(87040K)
[1.699s][info][gc,heap     ] GC(2) ParOldGen: 16326K(1398272K)->134179K(1398272K)
[1.699s][info][gc,metaspace] GC(2) Metaspace: 1689K(1792K)->1689K(1792K) NonClass: 1554K(1600K)->1554K(1600K) Class: 134K(192K)->134K(192K)
[1.699s][info][gc          ] GC(2) Pause Young (Allocation Failure) 1125M->216M(2475M) 41.901ms
[1.699s][info][gc,cpu      ] GC(2) User=0.17s Sys=0.30s Real=0.04s
[2.183s][info][gc,start    ] GC(3) Pause Young (Allocation Failure)
[2.229s][info][gc,heap     ] GC(3) PSYoungGen: 1136617K(1136640K)->87034K(1310720K) Eden: 1049600K(1049600K)->0K(1223680K) From: 87017K(87040K)->87034K(87040K)
[2.229s][info][gc,heap     ] GC(3) ParOldGen: 134179K(1398272K)->263265K(1398272K)
[2.229s][info][gc,metaspace] GC(3) Metaspace: 1689K(1792K)->1689K(1792K) NonClass: 1554K(1600K)->1554K(1600K) Class: 134K(192K)->134K(192K)
[2.229s][info][gc          ] GC(3) Pause Young (Allocation Failure) 1241M->342M(2645M) 45.526ms
[2.229s][info][gc,cpu      ] GC(3) User=0.08s Sys=0.39s Real=0.05s
[2.796s][info][gc,start    ] GC(4) Pause Young (Allocation Failure)
[2.846s][info][gc,heap     ] GC(4) PSYoungGen: 1310714K(1310720K)->87023K(1310720K) Eden: 1223680K(1223680K)->0K(1223680K) From: 87034K(87040K)->87023K(87040K)
[2.846s][info][gc,heap     ] GC(4) ParOldGen: 263265K(1398272K)->412524K(1398272K)
[2.846s][info][gc,metaspace] GC(4) Metaspace: 1689K(1792K)->1689K(1792K) NonClass: 1554K(1600K)->1554K(1600K) Class: 134K(192K)->134K(192K)
[2.846s][info][gc          ] GC(4) Pause Young (Allocation Failure) 1537M->487M(2645M) 50.278ms
[2.846s][info][gc,cpu      ] GC(4) User=0.17s Sys=0.45s Real=0.05s
[3.411s][info][gc,start    ] GC(5) Pause Young (Allocation Failure)
[3.461s][info][gc,heap     ] GC(5) PSYoungGen: 1310703K(1310720K)->87035K(766976K) Eden: 1223680K(1223680K)->0K(679936K) From: 87023K(87040K)->87035K(87040K)
[3.461s][info][gc,heap     ] GC(5) ParOldGen: 412524K(1398272K)->595927K(1398272K)
[3.461s][info][gc,metaspace] GC(5) Metaspace: 1689K(1792K)->1689K(1792K) NonClass: 1554K(1600K)->1554K(1600K) Class: 134K(192K)->134K(192K)
[3.461s][info][gc          ] GC(5) Pause Young (Allocation Failure) 1682M->666M(2114M) 49.581ms
[3.461s][info][gc,cpu      ] GC(5) User=0.14s Sys=0.33s Real=0.05s
[3.781s][info][gc,start    ] GC(6) Pause Young (Allocation Failure)
[3.810s][info][gc,heap     ] GC(6) PSYoungGen: 766971K(766976K)->185647K(1038848K) Eden: 679936K(679936K)->0K(679936K) From: 87035K(87040K)->185647K(358912K)
[3.810s][info][gc,heap     ] GC(6) ParOldGen: 595927K(1398272K)->597963K(1398272K)
[3.810s][info][gc,metaspace] GC(6) Metaspace: 1689K(1792K)->1689K(1792K) NonClass: 1554K(1600K)->1554K(1600K) Class: 134K(192K)->134K(192K)
[3.810s][info][gc          ] GC(6) Pause Young (Allocation Failure) 1330M->765M(2380M) 28.803ms
[3.810s][info][gc,cpu      ] GC(6) User=0.27s Sys=0.05s Real=0.03s
[4.123s][info][gc,start    ] GC(7) Pause Young (Allocation Failure)
[4.163s][info][gc,heap     ] GC(7) PSYoungGen: 865583K(1038848K)->240296K(1033216K) Eden: 679936K(679936K)->0K(700928K) From: 185647K(358912K)->240296K(332288K)
[4.163s][info][gc,heap     ] GC(7) ParOldGen: 597963K(1398272K)->645642K(1398272K)
[4.163s][info][gc,metaspace] GC(7) Metaspace: 1689K(1792K)->1689K(1792K) NonClass: 1554K(1600K)->1554K(1600K) Class: 134K(192K)->134K(192K)
[4.163s][info][gc          ] GC(7) Pause Young (Allocation Failure) 1429M->865M(2374M) 39.996ms
[4.163s][info][gc,cpu      ] GC(7) User=0.36s Sys=0.11s Real=0.04s
[4.496s][info][gc,start    ] GC(8) Pause Young (Allocation Failure)
[4.548s][info][gc,heap     ] GC(8) PSYoungGen: 941224K(1033216K)->320134K(1021440K) Eden: 700928K(700928K)->0K(700928K) From: 240296K(332288K)->320134K(320512K)
[4.548s][info][gc,heap     ] GC(8) ParOldGen: 645642K(1398272K)->682906K(1398272K)
[4.548s][info][gc,metaspace] GC(8) Metaspace: 1690K(1792K)->1690K(1792K) NonClass: 1555K(1600K)->1555K(1600K) Class: 134K(192K)->134K(192K)
[4.548s][info][gc          ] GC(8) Pause Young (Allocation Failure) 1549M->979M(2363M) 52.065ms
[4.548s][info][gc,cpu      ] GC(8) User=0.44s Sys=0.00s Real=0.05s
[4.877s][info][gc,start    ] GC(9) Pause Young (Allocation Failure)
[4.943s][info][gc,heap     ] GC(9) PSYoungGen: 1021062K(1021440K)->223746K(1025024K) Eden: 700928K(700928K)->0K(648704K) From: 320134K(320512K)->223746K(376320K)
[4.943s][info][gc,heap     ] GC(9) ParOldGen: 682906K(1398272K)->884823K(1398272K)
[4.943s][info][gc,metaspace] GC(9) Metaspace: 1690K(1792K)->1690K(1792K) NonClass: 1555K(1600K)->1555K(1600K) Class: 134K(192K)->134K(192K)
[4.943s][info][gc          ] GC(9) Pause Young (Allocation Failure) 1664M->1082M(2366M) 66.899ms
[4.943s][info][gc,cpu      ] GC(9) User=0.50s Sys=0.14s Real=0.07s
[5.255s][info][gc,start    ] GC(10) Pause Young (Allocation Failure)
[5.313s][info][gc,heap     ] GC(10) PSYoungGen: 872450K(1025024K)->98844K(1021440K) Eden: 648704K(648704K)->0K(648704K) From: 223746K(376320K)->98844K(372736K)
[5.313s][info][gc,heap     ] GC(10) ParOldGen: 884823K(1398272K)->1124336K(1398272K)
[5.313s][info][gc,metaspace] GC(10) Metaspace: 1693K(1792K)->1693K(1792K) NonClass: 1558K(1600K)->1558K(1600K) Class: 135K(192K)->135K(192K)
[5.313s][info][gc          ] GC(10) Pause Young (Allocation Failure) 1716M->1194M(2363M) 57.779ms
[5.313s][info][gc,cpu      ] GC(10) User=0.28s Sys=0.19s Real=0.06s
[5.313s][info][gc,start    ] GC(11) Pause Full (Ergonomics)
[5.313s][info][gc,phases,start] GC(11) Marking Phase
[5.354s][info][gc,phases      ] GC(11) Marking Phase 41.716ms
[5.354s][info][gc,phases,start] GC(11) Summary Phase
[5.355s][info][gc,phases      ] GC(11) Summary Phase 0.077ms
[5.355s][info][gc,phases,start] GC(11) Adjust Roots
[5.356s][info][gc,phases      ] GC(11) Adjust Roots 1.189ms
[5.356s][info][gc,phases,start] GC(11) Compaction Phase
[5.554s][info][gc,phases      ] GC(11) Compaction Phase 197.757ms
[5.554s][info][gc,phases,start] GC(11) Post Compact
[5.556s][info][gc,phases      ] GC(11) Post Compact 2.870ms
[5.558s][info][gc,heap        ] GC(11) PSYoungGen: 98844K(1021440K)->0K(1021952K) Eden: 0K(648704K)->0K(648704K) From: 98844K(372736K)->0K(373248K)
[5.558s][info][gc,heap        ] GC(11) ParOldGen: 1124336K(1398272K)->1055209K(2013696K)
[5.558s][info][gc,metaspace   ] GC(11) Metaspace: 1693K(1792K)->1693K(1792K) NonClass: 1558K(1600K)->1558K(1600K) Class: 135K(192K)->135K(192K)
[5.558s][info][gc             ] GC(11) Pause Full (Ergonomics) 1194M->1030M(2964M) 245.711ms
[5.558s][info][gc,cpu         ] GC(11) User=1.48s Sys=0.17s Real=0.24s
[5.859s][info][gc,start       ] GC(12) Pause Young (Allocation Failure)
[5.873s][info][gc,heap        ] GC(12) PSYoungGen: 648704K(1021952K)->98919K(1021952K) Eden: 648704K(648704K)->0K(648704K) From: 0K(373248K)->98919K(373248K)
[5.873s][info][gc,heap        ] GC(12) ParOldGen: 1055209K(2013696K)->1055209K(2013696K)
[5.873s][info][gc,metaspace   ] GC(12) Metaspace: 1707K(1792K)->1707K(1792K) NonClass: 1572K(1600K)->1572K(1600K) Class: 135K(192K)->135K(192K)
[5.873s][info][gc             ] GC(12) Pause Young (Allocation Failure) 1663M->1127M(2964M) 14.392ms
[5.873s][info][gc,cpu         ] GC(12) User=0.16s Sys=0.00s Real=0.01s
[6.176s][info][gc,start       ] GC(13) Pause Young (Allocation Failure)
[6.204s][info][gc,heap        ] GC(13) PSYoungGen: 747623K(1021952K)->97727K(1018368K) Eden: 648704K(648704K)->0K(653312K) From: 98919K(373248K)->97727K(365056K)
[6.204s][info][gc,heap        ] GC(13) ParOldGen: 1055209K(2013696K)->1153308K(2013696K)
[6.204s][info][gc,metaspace   ] GC(13) Metaspace: 1707K(1792K)->1707K(1792K) NonClass: 1572K(1600K)->1572K(1600K) Class: 135K(192K)->135K(192K)
[6.204s][info][gc             ] GC(13) Pause Young (Allocation Failure) 1760M->1221M(2961M) 28.390ms
[6.204s][info][gc,cpu         ] GC(13) User=0.14s Sys=0.00s Real=0.03s
[6.517s][info][gc,start       ] GC(14) Pause Young (Allocation Failure)
[6.551s][info][gc,heap        ] GC(14) PSYoungGen: 751039K(1018368K)->99140K(1020416K) Eden: 653312K(653312K)->0K(653312K) From: 97727K(365056K)->99140K(367104K)
[6.551s][info][gc,heap        ] GC(14) ParOldGen: 1153308K(2013696K)->1250589K(2013696K)
[6.551s][info][gc,metaspace   ] GC(14) Metaspace: 1707K(1792K)->1707K(1792K) NonClass: 1572K(1600K)->1572K(1600K) Class: 135K(192K)->135K(192K)
[6.551s][info][gc             ] GC(14) Pause Young (Allocation Failure) 1859M->1318M(2963M) 34.605ms
[6.551s][info][gc,cpu         ] GC(14) User=0.39s Sys=0.05s Real=0.03s
[6.852s][info][gc,start       ] GC(15) Pause Young (Allocation Failure)
[6.885s][info][gc,heap        ] GC(15) PSYoungGen: 752452K(1020416K)->98568K(1019392K) Eden: 653312K(653312K)->0K(669696K) From: 99140K(367104K)->98568K(349696K)
[6.885s][info][gc,heap        ] GC(15) ParOldGen: 1250589K(2013696K)->1348813K(2013696K)
[6.885s][info][gc,metaspace   ] GC(15) Metaspace: 1708K(1792K)->1708K(1792K) NonClass: 1572K(1600K)->1572K(1600K) Class: 135K(192K)->135K(192K)
[6.885s][info][gc             ] GC(15) Pause Young (Allocation Failure) 1956M->1413M(2962M) 33.788ms
[6.885s][info][gc,cpu         ] GC(15) User=0.23s Sys=0.08s Real=0.03s
[7.199s][info][gc,start       ] GC(16) Pause Young (Allocation Failure)
[7.234s][info][gc,heap        ] GC(16) PSYoungGen: 768264K(1019392K)->99671K(1022976K) Eden: 669696K(669696K)->0K(669696K) From: 98568K(349696K)->99671K(353280K)
[7.234s][info][gc,heap        ] GC(16) ParOldGen: 1348813K(2013696K)->1446612K(2013696K)
[7.234s][info][gc,metaspace   ] GC(16) Metaspace: 1708K(1792K)->1708K(1792K) NonClass: 1572K(1600K)->1572K(1600K) Class: 135K(192K)->135K(192K)
[7.234s][info][gc             ] GC(16) Pause Young (Allocation Failure) 2067M->1510M(2965M) 34.172ms
[7.234s][info][gc,cpu         ] GC(16) User=0.20s Sys=0.11s Real=0.03s
[7.541s][info][gc,start       ] GC(17) Pause Young (Allocation Failure)
[7.574s][info][gc,heap        ] GC(17) PSYoungGen: 769367K(1022976K)->102617K(1029632K) Eden: 669696K(669696K)->0K(700416K) From: 99671K(353280K)->102617K(329216K)
[7.574s][info][gc,heap        ] GC(17) ParOldGen: 1446612K(2013696K)->1546050K(2013696K)
[7.574s][info][gc,metaspace   ] GC(17) Metaspace: 1708K(1792K)->1708K(1792K) NonClass: 1572K(1600K)->1572K(1600K) Class: 135K(192K)->135K(192K)
[7.574s][info][gc             ] GC(17) Pause Young (Allocation Failure) 2164M->1610M(2972M) 33.643ms
[7.574s][info][gc,cpu         ] GC(17) User=0.28s Sys=0.02s Real=0.03s
[8.091s][info][gc,start       ] GC(18) Pause Young (Allocation Failure)
[8.124s][info][gc,heap        ] GC(18) PSYoungGen: 803033K(1029632K)->83539K(1034240K) Eden: 700416K(700416K)->0K(700416K) From: 102617K(329216K)->83539K(333824K)
[8.124s][info][gc,heap        ] GC(18) ParOldGen: 1546050K(2013696K)->1648298K(2013696K)
[8.124s][info][gc,metaspace   ] GC(18) Metaspace: 1709K(1792K)->1709K(1792K) NonClass: 1574K(1600K)->1574K(1600K) Class: 135K(192K)->135K(192K)
[8.124s][info][gc             ] GC(18) Pause Young (Allocation Failure) 2294M->1691M(2976M) 32.800ms
[8.124s][info][gc,cpu         ] GC(18) User=0.16s Sys=0.16s Real=0.03s
[9.262s][info][gc,start       ] GC(19) Pause Young (Allocation Failure)
[9.292s][info][gc,heap        ] GC(19) PSYoungGen: 783955K(1034240K)->16704K(1058304K) Eden: 700416K(700416K)->0K(731648K) From: 83539K(333824K)->16704K(326656K)
[9.292s][info][gc,heap        ] GC(19) ParOldGen: 1648298K(2013696K)->1731545K(2013696K)
[9.292s][info][gc,metaspace   ] GC(19) Metaspace: 1710K(1792K)->1710K(1792K) NonClass: 1575K(1600K)->1575K(1600K) Class: 135K(192K)->135K(192K)
[9.292s][info][gc             ] GC(19) Pause Young (Allocation Failure) 2375M->1707M(3000M) 30.059ms
[9.292s][info][gc,cpu         ] GC(19) User=0.19s Sys=0.12s Real=0.03s
[10.517s][info][gc,start       ] GC(20) Pause Young (Allocation Failure)
[10.564s][info][gc,heap        ] GC(20) PSYoungGen: 748352K(1058304K)->40960K(1061376K) Eden: 731648K(731648K)->0K(731648K) From: 16704K(326656K)->40960K(329728K)
[10.564s][info][gc,heap        ] GC(20) ParOldGen: 1731545K(2013696K)->1748017K(2013696K)
[10.564s][info][gc,metaspace   ] GC(20) Metaspace: 1719K(1792K)->1719K(1792K) NonClass: 1584K(1600K)->1584K(1600K) Class: 135K(192K)->135K(192K)
[10.564s][info][gc             ] GC(20) Pause Young (Allocation Failure) 2421M->1747M(3003M) 47.018ms
[10.564s][info][gc,cpu         ] GC(20) User=0.25s Sys=0.19s Real=0.05s
[11.771s][info][gc,start       ] GC(21) Pause Young (Allocation Failure)
[11.820s][info][gc,heap        ] GC(21) PSYoungGen: 772608K(1061376K)->17280K(1064960K) Eden: 731648K(731648K)->0K(743424K) From: 40960K(329728K)->17280K(321536K)
[11.820s][info][gc,heap        ] GC(21) ParOldGen: 1748017K(2013696K)->1821681K(2013696K)
[11.820s][info][gc,metaspace   ] GC(21) Metaspace: 1719K(1792K)->1719K(1792K) NonClass: 1584K(1600K)->1584K(1600K) Class: 135K(192K)->135K(192K)
[11.820s][info][gc             ] GC(21) Pause Young (Allocation Failure) 2461M->1795M(3006M) 48.835ms
[11.820s][info][gc,cpu         ] GC(21) User=0.45s Sys=0.02s Real=0.05s
[13.042s][info][gc,start       ] GC(22) Pause Young (Allocation Failure)
[13.063s][info][gc,heap        ] GC(22) PSYoungGen: 760704K(1064960K)->16000K(1065472K) Eden: 743424K(743424K)->0K(743424K) From: 17280K(321536K)->16000K(322048K)
[13.063s][info][gc,heap        ] GC(22) ParOldGen: 1821681K(2013696K)->1838865K(2013696K)
[13.063s][info][gc,metaspace   ] GC(22) Metaspace: 1719K(1792K)->1719K(1792K) NonClass: 1584K(1600K)->1584K(1600K) Class: 135K(192K)->135K(192K)
[13.063s][info][gc             ] GC(22) Pause Young (Allocation Failure) 2521M->1811M(3007M) 21.042ms
[13.063s][info][gc,cpu         ] GC(22) User=0.16s Sys=0.00s Real=0.02s
[13.063s][info][gc,start       ] GC(23) Pause Full (Ergonomics)
[13.063s][info][gc,phases,start] GC(23) Marking Phase
[13.145s][info][gc,phases      ] GC(23) Marking Phase 82.005ms
[13.145s][info][gc,phases,start] GC(23) Summary Phase
[13.145s][info][gc,phases      ] GC(23) Summary Phase 0.047ms
[13.145s][info][gc,phases,start] GC(23) Adjust Roots
[13.146s][info][gc,phases      ] GC(23) Adjust Roots 0.807ms
[13.146s][info][gc,phases,start] GC(23) Compaction Phase
[13.462s][info][gc,phases      ] GC(23) Compaction Phase 316.292ms
[13.462s][info][gc,phases,start] GC(23) Post Compact
[13.466s][info][gc,phases      ] GC(23) Post Compact 3.263ms
[13.467s][info][gc,heap        ] GC(23) PSYoungGen: 16000K(1065472K)->0K(1071104K) Eden: 0K(743424K)->0K(754176K) From: 16000K(322048K)->0K(316928K)
[13.467s][info][gc,heap        ] GC(23) ParOldGen: 1838865K(2013696K)->1337436K(2523648K)
[13.467s][info][gc,metaspace   ] GC(23) Metaspace: 1719K(1792K)->1719K(1792K) NonClass: 1584K(1600K)->1584K(1600K) Class: 135K(192K)->135K(192K)
[13.467s][info][gc             ] GC(23) Pause Full (Ergonomics) 1811M->1306M(3510M) 404.124ms
[13.467s][info][gc,cpu         ] GC(23) User=2.47s Sys=0.05s Real=0.40s
[14.713s][info][gc,start       ] GC(24) Pause Young (Allocation Failure)
[14.726s][info][gc,heap        ] GC(24) PSYoungGen: 754176K(1071104K)->17632K(1071104K) Eden: 754176K(754176K)->0K(754176K) From: 0K(316928K)->17632K(316928K)
[14.726s][info][gc,heap        ] GC(24) ParOldGen: 1337436K(2523648K)->1337436K(2523648K)
[14.726s][info][gc,metaspace   ] GC(24) Metaspace: 1719K(1792K)->1719K(1792K) NonClass: 1584K(1600K)->1584K(1600K) Class: 135K(192K)->135K(192K)
[14.726s][info][gc             ] GC(24) Pause Young (Allocation Failure) 2042M->1323M(3510M) 13.769ms
[14.726s][info][gc,cpu         ] GC(24) User=0.16s Sys=0.00s Real=0.01s
[15.968s][info][gc,start       ] GC(25) Pause Young (Allocation Failure)
[15.987s][info][gc,heap        ] GC(25) PSYoungGen: 771808K(1071104K)->33504K(1064448K) Eden: 754176K(754176K)->0K(771072K) From: 17632K(316928K)->33504K(293376K)
[15.987s][info][gc,heap        ] GC(25) ParOldGen: 1337436K(2523648K)->1337436K(2523648K)
[15.987s][info][gc,metaspace   ] GC(25) Metaspace: 1719K(1792K)->1719K(1792K) NonClass: 1584K(1600K)->1584K(1600K) Class: 135K(192K)->135K(192K)
[15.987s][info][gc             ] GC(25) Pause Young (Allocation Failure) 2059M->1338M(3504M) 19.603ms
[15.987s][info][gc,cpu         ] GC(25) User=0.31s Sys=0.00s Real=0.02s
[17.262s][info][gc,start       ] GC(26) Pause Young (Allocation Failure)
[17.288s][info][gc,heap        ] GC(26) PSYoungGen: 804576K(1064448K)->50784K(1069056K) Eden: 771072K(771072K)->0K(771072K) From: 33504K(293376K)->50784K(297984K)
[17.288s][info][gc,heap        ] GC(26) ParOldGen: 1337436K(2523648K)->1337436K(2523648K)
[17.288s][info][gc,metaspace   ] GC(26) Metaspace: 1719K(1792K)->1719K(1792K) NonClass: 1584K(1600K)->1584K(1600K) Class: 135K(192K)->135K(192K)
[17.288s][info][gc             ] GC(26) Pause Young (Allocation Failure) 2091M->1355M(3508M) 26.029ms
[17.288s][info][gc,cpu         ] GC(26) User=0.30s Sys=0.02s Real=0.03s
[18.562s][info][gc,start       ] GC(27) Pause Young (Allocation Failure)
[18.594s][info][gc,heap        ] GC(27) PSYoungGen: 821856K(1069056K)->67392K(1076224K) Eden: 771072K(771072K)->0K(816640K) From: 50784K(297984K)->67392K(259584K)
[18.594s][info][gc,heap        ] GC(27) ParOldGen: 1337436K(2523648K)->1337436K(2523648K)
[18.594s][info][gc,metaspace   ] GC(27) Metaspace: 1719K(1792K)->1719K(1792K) NonClass: 1584K(1600K)->1584K(1600K) Class: 135K(192K)->135K(192K)
[18.594s][info][gc             ] GC(27) Pause Young (Allocation Failure) 2108M->1371M(3515M) 32.231ms
[18.594s][info][gc,cpu         ] GC(27) User=0.30s Sys=0.00s Real=0.03s
[19.949s][info][gc,start       ] GC(28) Pause Young (Allocation Failure)
[19.985s][info][gc,heap        ] GC(28) PSYoungGen: 884032K(1076224K)->84864K(1082880K) Eden: 816640K(816640K)->0K(816640K) From: 67392K(259584K)->84864K(266240K)
[19.985s][info][gc,heap        ] GC(28) ParOldGen: 1337436K(2523648K)->1337436K(2523648K)
[19.985s][info][gc,metaspace   ] GC(28) Metaspace: 1719K(1792K)->1719K(1792K) NonClass: 1584K(1600K)->1584K(1600K) Class: 135K(192K)->135K(192K)
[19.985s][info][gc             ] GC(28) Pause Young (Allocation Failure) 2169M->1388M(3522M) 35.949ms
[19.985s][info][gc,cpu         ] GC(28) User=0.31s Sys=0.00s Real=0.04s
[21.351s][info][gc,start       ] GC(29) Pause Young (Allocation Failure)
[21.391s][info][gc,heap        ] GC(29) PSYoungGen: 901504K(1082880K)->101664K(1122304K) Eden: 816640K(816640K)->0K(881152K) From: 84864K(266240K)->101664K(241152K)
[21.391s][info][gc,heap        ] GC(29) ParOldGen: 1337436K(2523648K)->1337436K(2523648K)
[21.391s][info][gc,metaspace   ] GC(29) Metaspace: 1719K(1792K)->1719K(1792K) NonClass: 1584K(1600K)->1584K(1600K) Class: 135K(192K)->135K(192K)
[21.391s][info][gc             ] GC(29) Pause Young (Allocation Failure) 2186M->1405M(3560M) 40.252ms
[21.391s][info][gc,cpu         ] GC(29) User=0.30s Sys=0.00s Real=0.04s
[22.830s][info][gc,start       ] GC(30) Pause Young (Allocation Failure)
[22.876s][info][gc,heap        ] GC(30) PSYoungGen: 982816K(1122304K)->118720K(1120768K) Eden: 881152K(881152K)->0K(881152K) From: 101664K(241152K)->118720K(239616K)
[22.876s][info][gc,heap        ] GC(30) ParOldGen: 1337436K(2523648K)->1337436K(2523648K)
[22.876s][info][gc,metaspace   ] GC(30) Metaspace: 1720K(1792K)->1720K(1792K) NonClass: 1584K(1600K)->1584K(1600K) Class: 135K(192K)->135K(192K)
[22.876s][info][gc             ] GC(30) Pause Young (Allocation Failure) 2265M->1422M(3559M) 45.576ms
[22.876s][info][gc,cpu         ] GC(30) User=0.31s Sys=0.00s Real=0.05s
[24.354s][info][gc,start       ] GC(31) Pause Young (Allocation Failure)
[24.465s][info][gc,heap        ] GC(31) PSYoungGen: 999872K(1120768K)->181952K(1121280K) Eden: 881152K(881152K)->0K(884736K) From: 118720K(239616K)->181952K(236544K)
[24.465s][info][gc,heap        ] GC(31) ParOldGen: 1337436K(2523648K)->1337436K(2523648K)
[24.465s][info][gc,metaspace   ] GC(31) Metaspace: 1720K(1792K)->1720K(1792K) NonClass: 1584K(1600K)->1584K(1600K) Class: 135K(192K)->135K(192K)
[24.465s][info][gc             ] GC(31) Pause Young (Allocation Failure) 2282M->1483M(3559M) 110.795ms
[24.465s][info][gc,cpu         ] GC(31) User=1.02s Sys=0.00s Real=0.11s
[26.043s][info][gc,start       ] GC(32) Pause Young (Allocation Failure)
[26.168s][info][gc,heap        ] GC(32) PSYoungGen: 1066688K(1121280K)->199712K(1084928K) Eden: 884736K(884736K)->0K(884736K) From: 181952K(236544K)->199712K(200192K)
[26.168s][info][gc,heap        ] GC(32) ParOldGen: 1337436K(2523648K)->1337436K(2523648K)
[26.168s][info][gc,metaspace   ] GC(32) Metaspace: 1720K(1792K)->1720K(1792K) NonClass: 1584K(1600K)->1584K(1600K) Class: 135K(192K)->135K(192K)
[26.168s][info][gc             ] GC(32) Pause Young (Allocation Failure) 2347M->1501M(3524M) 124.395ms
[26.168s][info][gc,cpu         ] GC(32) User=1.12s Sys=0.00s Real=0.12s
[27.718s][info][gc,start       ] GC(33) Pause Young (Allocation Failure)
[27.839s][info][gc,heap        ] GC(33) PSYoungGen: 1084448K(1084928K)->199456K(1084928K) Eden: 884736K(884736K)->0K(805888K) From: 199712K(200192K)->199456K(279040K)
[27.839s][info][gc,heap        ] GC(33) ParOldGen: 1337436K(2523648K)->1354516K(2523648K)
[27.839s][info][gc,metaspace   ] GC(33) Metaspace: 1720K(1792K)->1720K(1792K) NonClass: 1584K(1600K)->1584K(1600K) Class: 135K(192K)->135K(192K)
[27.839s][info][gc             ] GC(33) Pause Young (Allocation Failure) 2365M->1517M(3524M) 120.836ms
[27.839s][info][gc,cpu         ] GC(33) User=1.25s Sys=0.00s Real=0.12s
[29.210s][info][gc,start       ] GC(34) Pause Young (Allocation Failure)
[29.331s][info][gc,heap        ] GC(34) PSYoungGen: 1005344K(1084928K)->181344K(987648K) Eden: 805888K(805888K)->0K(805888K) From: 199456K(279040K)->181344K(181760K)
[29.331s][info][gc,heap        ] GC(34) ParOldGen: 1354516K(2523648K)->1387188K(2523648K)
[29.331s][info][gc,metaspace   ] GC(34) Metaspace: 1720K(1792K)->1720K(1792K) NonClass: 1584K(1600K)->1584K(1600K) Class: 135K(192K)->135K(192K)
[29.331s][info][gc             ] GC(34) Pause Young (Allocation Failure) 2304M->1531M(3429M) 120.968ms
[29.331s][info][gc,cpu         ] GC(34) User=1.25s Sys=0.00s Real=0.12s
[30.687s][info][gc,start       ] GC(35) Pause Young (Allocation Failure)
[30.804s][info][gc,heap        ] GC(35) PSYoungGen: 987232K(987648K)->162784K(1098752K) Eden: 805888K(805888K)->0K(796672K) From: 181344K(181760K)->162784K(302080K)
[30.804s][info][gc,heap        ] GC(35) ParOldGen: 1387188K(2523648K)->1420988K(2523648K)
[30.804s][info][gc,metaspace   ] GC(35) Metaspace: 1720K(1792K)->1720K(1792K) NonClass: 1584K(1600K)->1584K(1600K) Class: 135K(192K)->135K(192K)
[30.804s][info][gc             ] GC(35) Pause Young (Allocation Failure) 2318M->1546M(3537M) 117.219ms
[30.804s][info][gc,cpu         ] GC(35) User=1.25s Sys=0.00s Real=0.12s
[32.146s][info][gc,heap,exit   ] Heap
[32.146s][info][gc,heap,exit   ]  PSYoungGen      total 1098752K, used 684893K [0x00000007aab00000, 0x0000000800000000, 0x0000000800000000)
[32.146s][info][gc,heap,exit   ]   eden space 796672K, 65% used [0x00000007aab00000,0x00000007ca8df620,0x00000007db500000)
[32.146s][info][gc,heap,exit   ]   from space 302080K, 53% used [0x00000007ed900000,0x00000007f77f8010,0x0000000800000000)
[32.146s][info][gc,heap,exit   ]   to   space 299008K, 0% used [0x00000007db500000,0x00000007db500000,0x00000007ed900000)
[32.146s][info][gc,heap,exit   ]  ParOldGen       total 2523648K, used 1420988K [0x0000000700000000, 0x000000079a080000, 0x00000007aab00000)
[32.146s][info][gc,heap,exit   ]   object space 2523648K, 56% used [0x0000000700000000,0x0000000756baf228,0x000000079a080000)
[32.146s][info][gc,heap,exit   ]  Metaspace       used 1937K, committed 2112K, reserved 1114112K
[32.146s][info][gc,heap,exit   ]   class space    used 164K, committed 256K, reserved 1048576K
