[0.011s][info][gc,init] CardTable entry size: 512
[0.011s][info][gc     ] Using Parallel
[0.019s][info][gc,init] Version: 21.0.5+9-LTS-239 (release)
[0.019s][info][gc,init] CPUs: 12 total, 12 available
[0.019s][info][gc,init] Memory: 16190M
[0.019s][info][gc,init] Large Page Support: Disabled
[0.019s][info][gc,init] NUMA Support: Disabled
[0.019s][info][gc,init] Compressed Oops: Enabled (Zero based)
[0.019s][info][gc,init] Alignments: Space 512K, Generation 512K, Heap 2M
[0.019s][info][gc,init] Heap Min Capacity: 2G
[0.019s][info][gc,init] Heap Initial Capacity: 2G
[0.019s][info][gc,init] Heap Max Capacity: 4G
[0.019s][info][gc,init] Pre-touch: Disabled
[0.019s][info][gc,init] Parallel Workers: 10
[0.039s][info][gc,metaspace] CDS archive(s) mapped at: [0x0000022ec7000000-0x0000022ec7c90000-0x0000022ec7c90000), size 13172736, SharedBaseAddress: 0x0000022ec7000000, ArchiveRelocationMode: 1.
[0.039s][info][gc,metaspace] Compressed class space mapped at: 0x0000022ec8000000-0x0000022f08000000, reserved size: 1073741824
[0.039s][info][gc,metaspace] Narrow klass base: 0x0000022ec7000000, Narrow klass shift: 0, Narrow klass range: 0x100000000
[0.763s][info][gc,start    ] GC(0) Pause Young (Allocation Failure)
[0.775s][info][gc,heap     ] GC(0) PSYoungGen: 524800K(611840K)->18943K(611840K) Eden: 524800K(524800K)->0K(524800K) From: 0K(87040K)->18943K(87040K)
[0.775s][info][gc,heap     ] GC(0) ParOldGen: 0K(1398272K)->72K(1398272K)
[0.775s][info][gc,metaspace] GC(0) Metaspace: 1707K(1856K)->1707K(1856K) NonClass: 1563K(1664K)->1563K(1664K) Class: 143K(192K)->143K(192K)
[0.775s][info][gc          ] GC(0) Pause Young (Allocation Failure) 512M->18M(1963M) 12.368ms
[0.775s][info][gc,cpu      ] GC(0) User=0.09s Sys=0.06s Real=0.01s
[1.014s][info][gc,start    ] GC(1) Pause Young (Allocation Failure)
[1.030s][info][gc,heap     ] GC(1) PSYoungGen: 543743K(611840K)->33251K(1136640K) Eden: 524800K(524800K)->0K(1049600K) From: 18943K(87040K)->33251K(87040K)
[1.030s][info][gc,heap     ] GC(1) ParOldGen: 72K(1398272K)->80K(1398272K)
[1.030s][info][gc,metaspace] GC(1) Metaspace: 1744K(1920K)->1744K(1920K) NonClass: 1600K(1728K)->1600K(1728K) Class: 143K(192K)->143K(192K)
[1.030s][info][gc          ] GC(1) Pause Young (Allocation Failure) 531M->32M(2475M) 16.450ms
[1.030s][info][gc,cpu      ] GC(1) User=0.05s Sys=0.11s Real=0.02s
[1.629s][info][gc,start    ] GC(2) Pause Young (Allocation Failure)
[1.664s][info][gc,heap     ] GC(2) PSYoungGen: 1082851K(1136640K)->58319K(1136640K) Eden: 1049600K(1049600K)->0K(1049600K) From: 33251K(87040K)->58319K(87040K)
[1.664s][info][gc,heap     ] GC(2) ParOldGen: 80K(1398272K)->88K(1398272K)
[1.664s][info][gc,metaspace] GC(2) Metaspace: 1744K(1920K)->1744K(1920K) NonClass: 1600K(1728K)->1600K(1728K) Class: 143K(192K)->143K(192K)
[1.664s][info][gc          ] GC(2) Pause Young (Allocation Failure) 1057M->57M(2475M) 35.309ms
[1.664s][info][gc,cpu      ] GC(2) User=0.25s Sys=0.05s Real=0.04s
[2.743s][info][gc,start    ] GC(3) Pause Young (Allocation Failure)
[2.788s][info][gc,heap     ] GC(3) PSYoungGen: 1107919K(1136640K)->84369K(1310720K) Eden: 1049600K(1049600K)->0K(1223680K) From: 58319K(87040K)->84369K(87040K)
[2.788s][info][gc,heap     ] GC(3) ParOldGen: 88K(1398272K)->96K(1398272K)
[2.788s][info][gc,metaspace] GC(3) Metaspace: 1744K(1920K)->1744K(1920K) NonClass: 1600K(1728K)->1600K(1728K) Class: 143K(192K)->143K(192K)
[2.788s][info][gc          ] GC(3) Pause Young (Allocation Failure) 1082M->82M(2645M) 45.690ms
[2.788s][info][gc,cpu      ] GC(3) User=0.28s Sys=0.11s Real=0.05s
[3.531s][info][gc,start    ] GC(4) Pause Young (Allocation Failure)
[3.598s][info][gc,heap     ] GC(4) PSYoungGen: 1308049K(1310720K)->87039K(1310720K) Eden: 1223680K(1223680K)->0K(1223680K) From: 84369K(87040K)->87039K(87040K)
[3.598s][info][gc,heap     ] GC(4) ParOldGen: 96K(1398272K)->43288K(1398272K)
[3.598s][info][gc,metaspace] GC(4) Metaspace: 1763K(1920K)->1763K(1920K) NonClass: 1619K(1728K)->1619K(1728K) Class: 144K(192K)->144K(192K)
[3.598s][info][gc          ] GC(4) Pause Young (Allocation Failure) 1277M->127M(2645M) 66.948ms
[3.598s][info][gc,cpu      ] GC(4) User=0.56s Sys=0.16s Real=0.07s
[4.213s][info][gc,start    ] GC(5) Pause Young (Allocation Failure)
[4.251s][info][gc,heap     ] GC(5) PSYoungGen: 1310719K(1310720K)->84157K(1202176K) Eden: 1223680K(1223680K)->0K(1115136K) From: 87039K(87040K)->84157K(87040K)
[4.251s][info][gc,heap     ] GC(5) ParOldGen: 43288K(1398272K)->43296K(1398272K)
[4.251s][info][gc,metaspace] GC(5) Metaspace: 1763K(1920K)->1763K(1920K) NonClass: 1619K(1728K)->1619K(1728K) Class: 144K(192K)->144K(192K)
[4.251s][info][gc          ] GC(5) Pause Young (Allocation Failure) 1322M->124M(2539M) 38.608ms
[4.251s][info][gc,cpu      ] GC(5) User=0.45s Sys=0.02s Real=0.04s
[4.798s][info][gc,start    ] GC(6) Pause Young (Allocation Failure)
[4.847s][info][gc,heap     ] GC(6) PSYoungGen: 1199293K(1202176K)->85221K(1256448K) Eden: 1115136K(1115136K)->0K(1115136K) From: 84157K(87040K)->85221K(141312K)
[4.847s][info][gc,heap     ] GC(6) ParOldGen: 43296K(1398272K)->57588K(1398272K)
[4.847s][info][gc,metaspace] GC(6) Metaspace: 1764K(1920K)->1764K(1920K) NonClass: 1619K(1728K)->1619K(1728K) Class: 144K(192K)->144K(192K)
[4.847s][info][gc          ] GC(6) Pause Young (Allocation Failure) 1213M->139M(2592M) 48.795ms
[4.847s][info][gc,cpu      ] GC(6) User=0.45s Sys=0.02s Real=0.05s
[5.376s][info][gc,start    ] GC(7) Pause Young (Allocation Failure)
[5.427s][info][gc,heap     ] GC(7) PSYoungGen: 1200357K(1256448K)->78976K(1245696K) Eden: 1115136K(1115136K)->0K(1116672K) From: 85221K(141312K)->78976K(129024K)
[5.427s][info][gc,heap     ] GC(7) ParOldGen: 57588K(1398272K)->80336K(1398272K)
[5.427s][info][gc,metaspace] GC(7) Metaspace: 1764K(1920K)->1764K(1920K) NonClass: 1619K(1728K)->1619K(1728K) Class: 144K(192K)->144K(192K)
[5.427s][info][gc          ] GC(7) Pause Young (Allocation Failure) 1228M->155M(2582M) 51.541ms
[5.427s][info][gc,cpu      ] GC(7) User=0.45s Sys=0.02s Real=0.05s
[5.933s][info][gc,start    ] GC(8) Pause Young (Allocation Failure)
[6.002s][info][gc,heap     ] GC(8) PSYoungGen: 1195648K(1245696K)->78050K(1251840K) Eden: 1116672K(1116672K)->0K(1116672K) From: 78976K(129024K)->78050K(135168K)
[6.002s][info][gc,heap     ] GC(8) ParOldGen: 80336K(1398272K)->112936K(1398272K)
[6.002s][info][gc,metaspace] GC(8) Metaspace: 1773K(1920K)->1773K(1920K) NonClass: 1628K(1728K)->1628K(1728K) Class: 144K(192K)->144K(192K)
[6.002s][info][gc          ] GC(8) Pause Young (Allocation Failure) 1246M->186M(2588M) 69.084ms
[6.002s][info][gc,cpu      ] GC(8) User=0.75s Sys=0.00s Real=0.07s
[6.695s][info][gc,start    ] GC(9) Pause Young (Allocation Failure)
[6.791s][info][gc,heap     ] GC(9) PSYoungGen: 1194722K(1251840K)->58955K(1253376K) Eden: 1116672K(1116672K)->0K(1131520K) From: 78050K(135168K)->58955K(121856K)
[6.791s][info][gc,heap     ] GC(9) ParOldGen: 112936K(1398272K)->146400K(1398272K)
[6.791s][info][gc,metaspace] GC(9) Metaspace: 1774K(1920K)->1774K(1920K) NonClass: 1629K(1728K)->1629K(1728K) Class: 144K(192K)->144K(192K)
[6.791s][info][gc          ] GC(9) Pause Young (Allocation Failure) 1277M->200M(2589M) 96.156ms
[6.791s][info][gc,cpu      ] GC(9) User=0.52s Sys=0.02s Real=0.10s
[7.543s][info][gc,start    ] GC(10) Pause Young (Allocation Failure)
[7.599s][info][gc,heap     ] GC(10) PSYoungGen: 1190475K(1253376K)->17792K(1259008K) Eden: 1131520K(1131520K)->0K(1131520K) From: 58955K(121856K)->17792K(127488K)
[7.599s][info][gc,heap     ] GC(10) ParOldGen: 146400K(1398272K)->203600K(1398272K)
[7.599s][info][gc,metaspace] GC(10) Metaspace: 1774K(1920K)->1774K(1920K) NonClass: 1629K(1728K)->1629K(1728K) Class: 144K(192K)->144K(192K)
[7.599s][info][gc          ] GC(10) Pause Young (Allocation Failure) 1305M->216M(2595M) 56.045ms
[7.599s][info][gc,cpu      ] GC(10) User=0.58s Sys=0.05s Real=0.06s
[8.228s][info][gc,start    ] GC(11) Pause Young (Allocation Failure)
[8.251s][info][gc,heap     ] GC(11) PSYoungGen: 1149312K(1259008K)->18325K(1264128K) Eden: 1131520K(1131520K)->0K(1133568K) From: 17792K(127488K)->18325K(130560K)
[8.251s][info][gc,heap     ] GC(11) ParOldGen: 203600K(1398272K)->218936K(1398272K)
[8.252s][info][gc,metaspace] GC(11) Metaspace: 1774K(1920K)->1774K(1920K) NonClass: 1629K(1728K)->1629K(1728K) Class: 144K(192K)->144K(192K)
[8.252s][info][gc          ] GC(11) Pause Young (Allocation Failure) 1321M->231M(2600M) 23.972ms
[8.252s][info][gc,cpu      ] GC(11) User=0.28s Sys=0.03s Real=0.02s
[9.325s][info][gc,start    ] GC(12) Pause Young (Allocation Failure)
[9.373s][info][gc,heap     ] GC(12) PSYoungGen: 1151893K(1264128K)->20390K(1265664K) Eden: 1133568K(1133568K)->0K(1133568K) From: 18325K(130560K)->20390K(132096K)
[9.373s][info][gc,heap     ] GC(12) ParOldGen: 218936K(1398272K)->235568K(1398272K)
[9.373s][info][gc,metaspace] GC(12) Metaspace: 1774K(1920K)->1774K(1920K) NonClass: 1629K(1728K)->1629K(1728K) Class: 144K(192K)->144K(192K)
[9.373s][info][gc          ] GC(12) Pause Young (Allocation Failure) 1338M->249M(2601M) 48.647ms
[9.373s][info][gc,cpu      ] GC(12) User=0.20s Sys=0.03s Real=0.05s
[10.202s][info][gc,start    ] GC(13) Pause Young (Allocation Failure)
[10.226s][info][gc,heap     ] GC(13) PSYoungGen: 1153958K(1265664K)->18332K(1263616K) Eden: 1133568K(1133568K)->0K(1133568K) From: 20390K(132096K)->18332K(130048K)
[10.227s][info][gc,heap     ] GC(13) ParOldGen: 235568K(1398272K)->250704K(1398272K)
[10.227s][info][gc,metaspace] GC(13) Metaspace: 1775K(1920K)->1775K(1920K) NonClass: 1630K(1728K)->1630K(1728K) Class: 144K(192K)->144K(192K)
[10.227s][info][gc          ] GC(13) Pause Young (Allocation Failure) 1356M->262M(2599M) 24.821ms
[10.227s][info][gc,cpu      ] GC(13) User=0.28s Sys=0.02s Real=0.03s
[10.820s][info][gc,start    ] GC(14) Pause Young (Allocation Failure)
[10.844s][info][gc,heap     ] GC(14) PSYoungGen: 1151900K(1263616K)->18289K(1264640K) Eden: 1133568K(1133568K)->0K(1133568K) From: 18332K(130048K)->18289K(131072K)
[10.844s][info][gc,heap     ] GC(14) ParOldGen: 250704K(1398272K)->267040K(1398272K)
[10.844s][info][gc,metaspace] GC(14) Metaspace: 1775K(1920K)->1775K(1920K) NonClass: 1630K(1728K)->1630K(1728K) Class: 144K(192K)->144K(192K)
[10.844s][info][gc          ] GC(14) Pause Young (Allocation Failure) 1369M->278M(2600M) 23.974ms
[10.844s][info][gc,cpu      ] GC(14) User=0.16s Sys=0.00s Real=0.02s
[11.393s][info][gc,start    ] GC(15) Pause Young (Allocation Failure)
[11.416s][info][gc,heap     ] GC(15) PSYoungGen: 1151857K(1264640K)->18539K(1262592K) Eden: 1133568K(1133568K)->0K(1137664K) From: 18289K(131072K)->18539K(124928K)
[11.417s][info][gc,heap     ] GC(15) ParOldGen: 267040K(1398272K)->282776K(1398272K)
[11.417s][info][gc,metaspace] GC(15) Metaspace: 1775K(1920K)->1775K(1920K) NonClass: 1630K(1728K)->1630K(1728K) Class: 144K(192K)->144K(192K)
[11.417s][info][gc          ] GC(15) Pause Young (Allocation Failure) 1385M->294M(2598M) 23.188ms
[11.417s][info][gc,cpu      ] GC(15) User=0.14s Sys=0.02s Real=0.02s
[11.965s][info][gc,start    ] GC(16) Pause Young (Allocation Failure)
[11.988s][info][gc,heap     ] GC(16) PSYoungGen: 1156203K(1262592K)->18396K(1264128K) Eden: 1137664K(1137664K)->0K(1137664K) From: 18539K(124928K)->18396K(126464K)
[11.988s][info][gc,heap     ] GC(16) ParOldGen: 282776K(1398272K)->298232K(1398272K)
[11.988s][info][gc,metaspace] GC(16) Metaspace: 1775K(1920K)->1775K(1920K) NonClass: 1630K(1728K)->1630K(1728K) Class: 144K(192K)->144K(192K)
[11.988s][info][gc          ] GC(16) Pause Young (Allocation Failure) 1405M->309M(2600M) 23.019ms
[11.988s][info][gc,cpu      ] GC(16) User=0.28s Sys=0.02s Real=0.02s
[12.516s][info][gc,start    ] GC(17) Pause Young (Allocation Failure)
[12.539s][info][gc,heap     ] GC(17) PSYoungGen: 1156060K(1264128K)->17320K(1265664K) Eden: 1137664K(1137664K)->0K(1147904K) From: 18396K(126464K)->17320K(117760K)
[12.539s][info][gc,heap     ] GC(17) ParOldGen: 298232K(1398272K)->312968K(1398272K)
[12.539s][info][gc,metaspace] GC(17) Metaspace: 1775K(1920K)->1775K(1920K) NonClass: 1630K(1728K)->1630K(1728K) Class: 144K(192K)->144K(192K)
[12.539s][info][gc          ] GC(17) Pause Young (Allocation Failure) 1420M->322M(2601M) 22.729ms
[12.539s][info][gc,cpu      ] GC(17) User=0.16s Sys=0.00s Real=0.02s
[13.057s][info][gc,start    ] GC(18) Pause Young (Allocation Failure)
[13.079s][info][gc,heap     ] GC(18) PSYoungGen: 1165224K(1265664K)->16808K(1267712K) Eden: 1147904K(1147904K)->0K(1147904K) From: 17320K(117760K)->16808K(119808K)
[13.079s][info][gc,heap     ] GC(18) ParOldGen: 312968K(1398272K)->327816K(1398272K)
[13.079s][info][gc,metaspace] GC(18) Metaspace: 1775K(1920K)->1775K(1920K) NonClass: 1630K(1728K)->1630K(1728K) Class: 144K(192K)->144K(192K)
[13.079s][info][gc          ] GC(18) Pause Young (Allocation Failure) 1443M->336M(2603M) 22.638ms
[13.079s][info][gc,cpu      ] GC(18) User=0.30s Sys=0.02s Real=0.02s
[13.629s][info][gc,start    ] GC(19) Pause Young (Allocation Failure)
[13.726s][info][gc,heap     ] GC(19) PSYoungGen: 1164712K(1267712K)->116217K(1048064K) Eden: 1147904K(1147904K)->0K(931840K) From: 16808K(119808K)->116217K(116224K)
[13.726s][info][gc,heap     ] GC(19) ParOldGen: 327816K(1398272K)->586552K(1398272K)
[13.726s][info][gc,metaspace] GC(19) Metaspace: 1775K(1920K)->1775K(1920K) NonClass: 1630K(1728K)->1630K(1728K) Class: 144K(192K)->144K(192K)
[13.726s][info][gc          ] GC(19) Pause Young (Allocation Failure) 1457M->686M(2389M) 96.953ms
[13.726s][info][gc,cpu      ] GC(19) User=0.83s Sys=0.09s Real=0.10s
[14.176s][info][gc,start    ] GC(20) Pause Young (Allocation Failure)
[14.266s][info][gc,heap     ] GC(20) PSYoungGen: 1048057K(1048064K)->14173K(1164800K) Eden: 931840K(931840K)->0K(931840K) From: 116217K(116224K)->14173K(232960K)
[14.266s][info][gc,heap     ] GC(20) ParOldGen: 586552K(1398272K)->929024K(1398272K)
[14.266s][info][gc,metaspace] GC(20) Metaspace: 1775K(1920K)->1775K(1920K) NonClass: 1630K(1728K)->1630K(1728K) Class: 144K(192K)->144K(192K)
[14.266s][info][gc          ] GC(20) Pause Young (Allocation Failure) 1596M->921M(2503M) 89.806ms
[14.266s][info][gc,cpu      ] GC(20) User=0.72s Sys=0.06s Real=0.09s
[14.828s][info][gc,start    ] GC(21) Pause Young (Allocation Failure)
[14.853s][info][gc,heap     ] GC(21) PSYoungGen: 946013K(1164800K)->16113K(1143296K) Eden: 931840K(931840K)->0K(937984K) From: 14173K(232960K)->16113K(205312K)
[14.853s][info][gc,heap     ] GC(21) ParOldGen: 929024K(1398272K)->940872K(1398272K)
[14.853s][info][gc,metaspace] GC(21) Metaspace: 1775K(1920K)->1775K(1920K) NonClass: 1630K(1728K)->1630K(1728K) Class: 144K(192K)->144K(192K)
[14.853s][info][gc          ] GC(21) Pause Young (Allocation Failure) 1831M->934M(2482M) 25.490ms
[14.853s][info][gc,cpu      ] GC(21) User=0.25s Sys=0.02s Real=0.03s
[15.595s][info][gc,start    ] GC(22) Pause Young (Allocation Failure)
[15.614s][info][gc,heap     ] GC(22) PSYoungGen: 954097K(1143296K)->14296K(1157120K) Eden: 937984K(937984K)->0K(937984K) From: 16113K(205312K)->14296K(219136K)
[15.614s][info][gc,heap     ] GC(22) ParOldGen: 940872K(1398272K)->951600K(1398272K)
[15.615s][info][gc,metaspace] GC(22) Metaspace: 1775K(1920K)->1775K(1920K) NonClass: 1630K(1728K)->1630K(1728K) Class: 144K(192K)->144K(192K)
[15.615s][info][gc          ] GC(22) Pause Young (Allocation Failure) 1850M->943M(2495M) 19.178ms
[15.615s][info][gc,cpu      ] GC(22) User=0.16s Sys=0.00s Real=0.02s
[16.121s][info][gc,start    ] GC(23) Pause Young (Allocation Failure)
[16.143s][info][gc,heap     ] GC(23) PSYoungGen: 952280K(1157120K)->15918K(1155072K) Eden: 937984K(937984K)->0K(967168K) From: 14296K(219136K)->15918K(187904K)
[16.143s][info][gc,heap     ] GC(23) ParOldGen: 951600K(1398272K)->962992K(1398272K)
[16.143s][info][gc,metaspace] GC(23) Metaspace: 1775K(1920K)->1775K(1920K) NonClass: 1630K(1728K)->1630K(1728K) Class: 144K(192K)->144K(192K)
[16.143s][info][gc          ] GC(23) Pause Young (Allocation Failure) 1859M->955M(2493M) 22.427ms
[16.143s][info][gc,cpu      ] GC(23) User=0.25s Sys=0.00s Real=0.02s
[17.018s][info][gc,start    ] GC(24) Pause Young (Allocation Failure)
[17.039s][info][gc,heap     ] GC(24) PSYoungGen: 983086K(1155072K)->15132K(1169920K) Eden: 967168K(967168K)->0K(967168K) From: 15918K(187904K)->15132K(202752K)
[17.039s][info][gc,heap     ] GC(24) ParOldGen: 962992K(1398272K)->973752K(1398272K)
[17.039s][info][gc,metaspace] GC(24) Metaspace: 1775K(1920K)->1775K(1920K) NonClass: 1630K(1728K)->1630K(1728K) Class: 144K(192K)->144K(192K)
[17.039s][info][gc          ] GC(24) Pause Young (Allocation Failure) 1900M->965M(2508M) 21.250ms
[17.039s][info][gc,cpu      ] GC(24) User=0.16s Sys=0.00s Real=0.02s
[17.601s][info][gc,start    ] GC(25) Pause Young (Allocation Failure)
[17.633s][info][gc,heap     ] GC(25) PSYoungGen: 982300K(1169920K)->32541K(1165312K) Eden: 967168K(967168K)->0K(1000960K) From: 15132K(202752K)->32541K(164352K)
[17.633s][info][gc,heap     ] GC(25) ParOldGen: 973752K(1398272K)->985816K(1398272K)
[17.633s][info][gc,metaspace] GC(25) Metaspace: 1920K(2112K)->1920K(2112K) NonClass: 1753K(1856K)->1753K(1856K) Class: 166K(256K)->166K(256K)
[17.633s][info][gc          ] GC(25) Pause Young (Allocation Failure) 1910M->994M(2503M) 31.862ms
[17.633s][info][gc,cpu      ] GC(25) User=0.30s Sys=0.02s Real=0.03s
[18.397s][info][gc,heap,exit] Heap
[18.397s][info][gc,heap,exit]  PSYoungGen      total 1165312K, used 168622K [0x00000007aab00000, 0x00000007fe080000, 0x0000000800000000)
[18.397s][info][gc,heap,exit]   eden space 1000960K, 13% used [0x00000007aab00000,0x00000007b2fe4420,0x00000007e7c80000)
[18.397s][info][gc,heap,exit]   from space 164352K, 19% used [0x00000007f4000000,0x00000007f5fc7568,0x00000007fe080000)
[18.397s][info][gc,heap,exit]   to   space 182272K, 0% used [0x00000007e7c80000,0x00000007e7c80000,0x00000007f2e80000)
[18.397s][info][gc,heap,exit]  ParOldGen       total 1398272K, used 985816K [0x0000000700000000, 0x0000000755580000, 0x00000007aab00000)
[18.397s][info][gc,heap,exit]   object space 1398272K, 70% used [0x0000000700000000,0x000000073c2b6228,0x0000000755580000)
[18.397s][info][gc,heap,exit]  Metaspace       used 1999K, committed 2240K, reserved 1114112K
[18.397s][info][gc,heap,exit]   class space    used 174K, committed 320K, reserved 1048576K
