[0.010s][info][gc,init] CardTable entry size: 512
[0.011s][info][gc     ] Using Parallel
[0.017s][info][gc,init] Version: 21.0.5+9-LTS-239 (release)
[0.018s][info][gc,init] CPUs: 12 total, 12 available
[0.018s][info][gc,init] Memory: 16190M
[0.018s][info][gc,init] Large Page Support: Disabled
[0.018s][info][gc,init] NUMA Support: Disabled
[0.018s][info][gc,init] Compressed Oops: Enabled (Zero based)
[0.018s][info][gc,init] Alignments: Space 512K, Generation 512K, Heap 2M
[0.018s][info][gc,init] Heap Min Capacity: 2G
[0.018s][info][gc,init] Heap Initial Capacity: 2G
[0.018s][info][gc,init] Heap Max Capacity: 4G
[0.018s][info][gc,init] Pre-touch: Disabled
[0.018s][info][gc,init] Parallel Workers: 10
[0.029s][info][gc,metaspace] CDS archive(s) mapped at: [0x000002bb26000000-0x000002bb26c90000-0x000002bb26c90000), size 13172736, SharedBaseAddress: 0x000002bb26000000, ArchiveRelocationMode: 1.
[0.029s][info][gc,metaspace] Compressed class space mapped at: 0x000002bb27000000-0x000002bb67000000, reserved size: 1073741824
[0.029s][info][gc,metaspace] Narrow klass base: 0x000002bb26000000, Narrow klass shift: 0, Narrow klass range: 0x100000000
[0.782s][info][gc,start    ] GC(0) Pause Young (Allocation Failure)
[0.796s][info][gc,heap     ] GC(0) PSYoungGen: 524800K(611840K)->20675K(611840K) Eden: 524800K(524800K)->0K(524800K) From: 0K(87040K)->20675K(87040K)
[0.796s][info][gc,heap     ] GC(0) ParOldGen: 0K(1398272K)->72K(1398272K)
[0.796s][info][gc,metaspace] GC(0) Metaspace: 1705K(1792K)->1705K(1792K) NonClass: 1562K(1600K)->1562K(1600K) Class: 143K(192K)->143K(192K)
[0.796s][info][gc          ] GC(0) Pause Young (Allocation Failure) 512M->20M(1963M) 13.851ms
[0.796s][info][gc,cpu      ] GC(0) User=0.00s Sys=0.00s Real=0.01s
[1.036s][info][gc,start    ] GC(1) Pause Young (Allocation Failure)
[1.055s][info][gc,heap     ] GC(1) PSYoungGen: 545475K(611840K)->39788K(1136640K) Eden: 524800K(524800K)->0K(1049600K) From: 20675K(87040K)->39788K(87040K)
[1.055s][info][gc,heap     ] GC(1) ParOldGen: 72K(1398272K)->80K(1398272K)
[1.055s][info][gc,metaspace] GC(1) Metaspace: 1728K(1792K)->1728K(1792K) NonClass: 1584K(1600K)->1584K(1600K) Class: 143K(192K)->143K(192K)
[1.055s][info][gc          ] GC(1) Pause Young (Allocation Failure) 532M->38M(2475M) 18.978ms
[1.055s][info][gc,cpu      ] GC(1) User=0.14s Sys=0.02s Real=0.02s
[1.586s][info][gc,start    ] GC(2) Pause Young (Allocation Failure)
[1.619s][info][gc,heap     ] GC(2) PSYoungGen: 1089388K(1136640K)->66274K(1136640K) Eden: 1049600K(1049600K)->0K(1049600K) From: 39788K(87040K)->66274K(87040K)
[1.619s][info][gc,heap     ] GC(2) ParOldGen: 80K(1398272K)->88K(1398272K)
[1.619s][info][gc,metaspace] GC(2) Metaspace: 1728K(1792K)->1728K(1792K) NonClass: 1584K(1600K)->1584K(1600K) Class: 143K(192K)->143K(192K)
[1.619s][info][gc          ] GC(2) Pause Young (Allocation Failure) 1063M->64M(2475M) 33.755ms
[1.620s][info][gc,cpu      ] GC(2) User=0.17s Sys=0.14s Real=0.03s
[2.099s][info][gc,start    ] GC(3) Pause Young (Allocation Failure)
[2.146s][info][gc,heap     ] GC(3) PSYoungGen: 1115874K(1136640K)->87010K(1310720K) Eden: 1049600K(1049600K)->0K(1223680K) From: 66274K(87040K)->87010K(87040K)
[2.146s][info][gc,heap     ] GC(3) ParOldGen: 88K(1398272K)->24728K(1398272K)
[2.146s][info][gc,metaspace] GC(3) Metaspace: 1728K(1792K)->1728K(1792K) NonClass: 1584K(1600K)->1584K(1600K) Class: 143K(192K)->143K(192K)
[2.146s][info][gc          ] GC(3) Pause Young (Allocation Failure) 1089M->109M(2645M) 46.698ms
[2.146s][info][gc,cpu      ] GC(3) User=0.23s Sys=0.23s Real=0.05s
[2.691s][info][gc,start    ] GC(4) Pause Young (Allocation Failure)
[2.743s][info][gc,heap     ] GC(4) PSYoungGen: 1310690K(1310720K)->87031K(1310720K) Eden: 1223680K(1223680K)->0K(1223680K) From: 87010K(87040K)->87031K(87040K)
[2.743s][info][gc,heap     ] GC(4) ParOldGen: 24728K(1398272K)->54280K(1398272K)
[2.743s][info][gc,metaspace] GC(4) Metaspace: 1728K(1792K)->1728K(1792K) NonClass: 1584K(1600K)->1584K(1600K) Class: 143K(192K)->143K(192K)
[2.743s][info][gc          ] GC(4) Pause Young (Allocation Failure) 1304M->137M(2645M) 51.988ms
[2.744s][info][gc,cpu      ] GC(4) User=0.30s Sys=0.17s Real=0.05s
[3.557s][info][gc,heap,exit] Heap
[3.557s][info][gc,heap,exit]  PSYoungGen      total 1310720K, used 1188459K [0x00000007aab00000, 0x0000000800000000, 0x0000000800000000)
[3.557s][info][gc,heap,exit]   eden space 1223680K, 90% used [0x00000007aab00000,0x00000007ede9d0a0,0x00000007f5600000)
[3.557s][info][gc,heap,exit]   from space 87040K, 99% used [0x00000007f5600000,0x00000007faafdc30,0x00000007fab00000)
[3.557s][info][gc,heap,exit]   to   space 87040K, 0% used [0x00000007fab00000,0x00000007fab00000,0x0000000800000000)
[3.557s][info][gc,heap,exit]  ParOldGen       total 1398272K, used 54280K [0x0000000700000000, 0x0000000755580000, 0x00000007aab00000)
[3.557s][info][gc,heap,exit]   object space 1398272K, 3% used [0x0000000700000000,0x0000000703502010,0x0000000755580000)
[3.557s][info][gc,heap,exit]  Metaspace       used 1963K, committed 2112K, reserved 1114112K
[3.557s][info][gc,heap,exit]   class space    used 173K, committed 256K, reserved 1048576K
