[0.009s][info][gc,init] CardTable entry size: 512
[0.009s][info][gc     ] Using Parallel
[0.015s][info][gc,init] Version: 21.0.5+9-LTS-239 (release)
[0.015s][info][gc,init] CPUs: 12 total, 12 available
[0.015s][info][gc,init] Memory: 16190M
[0.015s][info][gc,init] Large Page Support: Disabled
[0.015s][info][gc,init] NUMA Support: Disabled
[0.015s][info][gc,init] Compressed Oops: Enabled (Zero based)
[0.015s][info][gc,init] Alignments: Space 512K, Generation 512K, Heap 2M
[0.015s][info][gc,init] Heap Min Capacity: 2G
[0.015s][info][gc,init] Heap Initial Capacity: 2G
[0.015s][info][gc,init] Heap Max Capacity: 4G
[0.015s][info][gc,init] Pre-touch: Disabled
[0.015s][info][gc,init] Parallel Workers: 10
[0.023s][info][gc,metaspace] CDS archive(s) mapped at: [0x0000020800000000-0x0000020800c90000-0x0000020800c90000), size 13172736, SharedBaseAddress: 0x0000020800000000, ArchiveRelocationMode: 1.
[0.023s][info][gc,metaspace] Compressed class space mapped at: 0x0000020801000000-0x0000020841000000, reserved size: 1073741824
[0.023s][info][gc,metaspace] Narrow klass base: 0x0000020800000000, Narrow klass shift: 0, Narrow klass range: 0x100000000
[0.713s][info][gc,start    ] GC(0) Pause Young (Allocation Failure)
[0.726s][info][gc,heap     ] GC(0) PSYoungGen: 524800K(611840K)->18934K(611840K) Eden: 524800K(524800K)->0K(524800K) From: 0K(87040K)->18934K(87040K)
[0.726s][info][gc,heap     ] GC(0) ParOldGen: 0K(1398272K)->72K(1398272K)
[0.726s][info][gc,metaspace] GC(0) Metaspace: 1704K(1856K)->1704K(1856K) NonClass: 1561K(1664K)->1561K(1664K) Class: 143K(192K)->143K(192K)
[0.726s][info][gc          ] GC(0) Pause Young (Allocation Failure) 512M->18M(1963M) 13.297ms
[0.726s][info][gc,cpu      ] GC(0) User=0.00s Sys=0.00s Real=0.01s
[0.964s][info][gc,start    ] GC(1) Pause Young (Allocation Failure)
[0.981s][info][gc,heap     ] GC(1) PSYoungGen: 543734K(611840K)->35772K(1136640K) Eden: 524800K(524800K)->0K(1049600K) From: 18934K(87040K)->35772K(87040K)
[0.981s][info][gc,heap     ] GC(1) ParOldGen: 72K(1398272K)->80K(1398272K)
[0.981s][info][gc,metaspace] GC(1) Metaspace: 1742K(1920K)->1742K(1920K) NonClass: 1599K(1728K)->1599K(1728K) Class: 143K(192K)->143K(192K)
[0.981s][info][gc          ] GC(1) Pause Young (Allocation Failure) 531M->35M(2475M) 17.411ms
[0.981s][info][gc,cpu      ] GC(1) User=0.16s Sys=0.00s Real=0.02s
[1.494s][info][gc,start    ] GC(2) Pause Young (Allocation Failure)
[1.526s][info][gc,heap     ] GC(2) PSYoungGen: 1085372K(1136640K)->57533K(1136640K) Eden: 1049600K(1049600K)->0K(1049600K) From: 35772K(87040K)->57533K(87040K)
[1.526s][info][gc,heap     ] GC(2) ParOldGen: 80K(1398272K)->88K(1398272K)
[1.526s][info][gc,metaspace] GC(2) Metaspace: 1742K(1920K)->1742K(1920K) NonClass: 1599K(1728K)->1599K(1728K) Class: 143K(192K)->143K(192K)
[1.526s][info][gc          ] GC(2) Pause Young (Allocation Failure) 1060M->56M(2475M) 31.571ms
[1.526s][info][gc,cpu      ] GC(2) User=0.20s Sys=0.11s Real=0.03s
[1.984s][info][gc,start    ] GC(3) Pause Young (Allocation Failure)
[2.023s][info][gc,heap     ] GC(3) PSYoungGen: 1107133K(1136640K)->78832K(1310720K) Eden: 1049600K(1049600K)->0K(1223680K) From: 57533K(87040K)->78832K(87040K)
[2.023s][info][gc,heap     ] GC(3) ParOldGen: 88K(1398272K)->96K(1398272K)
[2.023s][info][gc,metaspace] GC(3) Metaspace: 1742K(1920K)->1742K(1920K) NonClass: 1599K(1728K)->1599K(1728K) Class: 143K(192K)->143K(192K)
[2.023s][info][gc          ] GC(3) Pause Young (Allocation Failure) 1081M->77M(2645M) 38.528ms
[2.023s][info][gc,cpu      ] GC(3) User=0.33s Sys=0.14s Real=0.04s
[2.554s][info][gc,start    ] GC(4) Pause Young (Allocation Failure)
[2.611s][info][gc,heap     ] GC(4) PSYoungGen: 1302512K(1310720K)->87009K(1310720K) Eden: 1223680K(1223680K)->0K(1223680K) From: 78832K(87040K)->87009K(87040K)
[2.611s][info][gc,heap     ] GC(4) ParOldGen: 96K(1398272K)->18136K(1398272K)
[2.611s][info][gc,metaspace] GC(4) Metaspace: 1762K(1920K)->1762K(1920K) NonClass: 1617K(1728K)->1617K(1728K) Class: 144K(192K)->144K(192K)
[2.611s][info][gc          ] GC(4) Pause Young (Allocation Failure) 1272M->102M(2645M) 57.106ms
[2.611s][info][gc,cpu      ] GC(4) User=0.44s Sys=0.02s Real=0.06s
[3.356s][info][gc,heap,exit] Heap
[3.356s][info][gc,heap,exit]  PSYoungGen      total 1310720K, used 1269879K [0x00000007aab00000, 0x0000000800000000, 0x0000000800000000)
[3.356s][info][gc,heap,exit]   eden space 1223680K, 96% used [0x00000007aab00000,0x00000007f2e25738,0x00000007f5600000)
[3.356s][info][gc,heap,exit]   from space 87040K, 99% used [0x00000007f5600000,0x00000007faaf8598,0x00000007fab00000)
[3.356s][info][gc,heap,exit]   to   space 87040K, 0% used [0x00000007fab00000,0x00000007fab00000,0x0000000800000000)
[3.356s][info][gc,heap,exit]  ParOldGen       total 1398272K, used 18136K [0x0000000700000000, 0x0000000755580000, 0x00000007aab00000)
[3.356s][info][gc,heap,exit]   object space 1398272K, 1% used [0x0000000700000000,0x00000007011b6010,0x0000000755580000)
[3.356s][info][gc,heap,exit]  Metaspace       used 1991K, committed 2176K, reserved 1114112K
[3.356s][info][gc,heap,exit]   class space    used 174K, committed 320K, reserved 1048576K
