[0.008s][info][gc,init] CardTable entry size: 512
[0.009s][info][gc     ] Using Parallel
[0.014s][info][gc,init] Version: 21.0.5+9-LTS-239 (release)
[0.014s][info][gc,init] CPUs: 12 total, 12 available
[0.015s][info][gc,init] Memory: 16190M
[0.015s][info][gc,init] Large Page Support: Disabled
[0.015s][info][gc,init] NUMA Support: Disabled
[0.015s][info][gc,init] Compressed Oops: Enabled (Zero based)
[0.015s][info][gc,init] Alignments: Space 512K, Generation 512K, Heap 2M
[0.015s][info][gc,init] Heap Min Capacity: 2G
[0.015s][info][gc,init] Heap Initial Capacity: 2G
[0.015s][info][gc,init] Heap Max Capacity: 4G
[0.015s][info][gc,init] Pre-touch: Disabled
[0.015s][info][gc,init] Parallel Workers: 10
[0.023s][info][gc,metaspace] CDS archive(s) mapped at: [0x0000025100000000-0x0000025100c90000-0x0000025100c90000), size 13172736, SharedBaseAddress: 0x0000025100000000, ArchiveRelocationMode: 1.
[0.023s][info][gc,metaspace] Compressed class space mapped at: 0x0000025101000000-0x0000025141000000, reserved size: 1073741824
[0.023s][info][gc,metaspace] Narrow klass base: 0x0000025100000000, Narrow klass shift: 0, Narrow klass range: 0x100000000
[0.762s][info][gc,start    ] GC(0) Pause Young (Allocation Failure)
[0.776s][info][gc,heap     ] GC(0) PSYoungGen: 524800K(611840K)->39323K(611840K) Eden: 524800K(524800K)->0K(524800K) From: 0K(87040K)->39323K(87040K)
[0.777s][info][gc,heap     ] GC(0) ParOldGen: 0K(1398272K)->72K(1398272K)
[0.777s][info][gc,metaspace] GC(0) Metaspace: 1660K(1792K)->1660K(1792K) NonClass: 1525K(1600K)->1525K(1600K) Class: 134K(192K)->134K(192K)
[0.777s][info][gc          ] GC(0) Pause Young (Allocation Failure) 512M->38M(1963M) 15.000ms
[0.777s][info][gc,cpu      ] GC(0) User=0.00s Sys=0.00s Real=0.02s
[1.067s][info][gc,start    ] GC(1) Pause Young (Allocation Failure)
[1.093s][info][gc,heap     ] GC(1) PSYoungGen: 564123K(611840K)->87038K(1136640K) Eden: 524800K(524800K)->0K(1049600K) From: 39323K(87040K)->87038K(87040K)
[1.093s][info][gc,heap     ] GC(1) ParOldGen: 72K(1398272K)->11960K(1398272K)
[1.093s][info][gc,metaspace] GC(1) Metaspace: 1673K(1792K)->1673K(1792K) NonClass: 1538K(1600K)->1538K(1600K) Class: 134K(192K)->134K(192K)
[1.093s][info][gc          ] GC(1) Pause Young (Allocation Failure) 550M->96M(2475M) 25.979ms
[1.093s][info][gc,cpu      ] GC(1) User=0.16s Sys=0.16s Real=0.03s
[1.667s][info][gc,start    ] GC(2) Pause Young (Allocation Failure)
[1.711s][info][gc,heap     ] GC(2) PSYoungGen: 1136638K(1136640K)->87032K(1136640K) Eden: 1049600K(1049600K)->0K(1049600K) From: 87038K(87040K)->87032K(87040K)
[1.711s][info][gc,heap     ] GC(2) ParOldGen: 11960K(1398272K)->129854K(1398272K)
[1.711s][info][gc,metaspace] GC(2) Metaspace: 1689K(1792K)->1689K(1792K) NonClass: 1554K(1600K)->1554K(1600K) Class: 134K(192K)->134K(192K)
[1.711s][info][gc          ] GC(2) Pause Young (Allocation Failure) 1121M->211M(2475M) 43.477ms
[1.711s][info][gc,cpu      ] GC(2) User=0.30s Sys=0.17s Real=0.04s
[2.532s][info][gc,start    ] GC(3) Pause Young (Allocation Failure)
[2.574s][info][gc,heap     ] GC(3) PSYoungGen: 1136632K(1136640K)->87031K(1310720K) Eden: 1049600K(1049600K)->0K(1223680K) From: 87032K(87040K)->87031K(87040K)
[2.574s][info][gc,heap     ] GC(3) ParOldGen: 129854K(1398272K)->206716K(1398272K)
[2.574s][info][gc,metaspace] GC(3) Metaspace: 1690K(1792K)->1690K(1792K) NonClass: 1555K(1600K)->1555K(1600K) Class: 134K(192K)->134K(192K)
[2.574s][info][gc          ] GC(3) Pause Young (Allocation Failure) 1236M->286M(2645M) 42.151ms
[2.574s][info][gc,cpu      ] GC(3) User=0.19s Sys=0.14s Real=0.04s
[4.581s][info][gc,start    ] GC(4) Pause Young (Allocation Failure)
[4.626s][info][gc,heap     ] GC(4) PSYoungGen: 1310711K(1310720K)->87008K(1310720K) Eden: 1223680K(1223680K)->0K(1223680K) From: 87031K(87040K)->87008K(87040K)
[4.626s][info][gc,heap     ] GC(4) ParOldGen: 206716K(1398272K)->223828K(1398272K)
[4.626s][info][gc,metaspace] GC(4) Metaspace: 1690K(1792K)->1690K(1792K) NonClass: 1555K(1600K)->1555K(1600K) Class: 134K(192K)->134K(192K)
[4.626s][info][gc          ] GC(4) Pause Young (Allocation Failure) 1481M->303M(2645M) 45.000ms
[4.626s][info][gc,cpu      ] GC(4) User=0.19s Sys=0.28s Real=0.05s
[6.434s][info][gc,heap,exit] Heap
[6.434s][info][gc,heap,exit]  PSYoungGen      total 1310720K, used 1099886K [0x00000007aab00000, 0x0000000800000000, 0x0000000800000000)
[6.434s][info][gc,heap,exit]   eden space 1223680K, 82% used [0x00000007aab00000,0x00000007e8823630,0x00000007f5600000)
[6.434s][info][gc,heap,exit]   from space 87040K, 99% used [0x00000007f5600000,0x00000007faaf8388,0x00000007fab00000)
[6.434s][info][gc,heap,exit]   to   space 87040K, 0% used [0x00000007fab00000,0x00000007fab00000,0x0000000800000000)
[6.434s][info][gc,heap,exit]  ParOldGen       total 1398272K, used 223828K [0x0000000700000000, 0x0000000755580000, 0x00000007aab00000)
[6.434s][info][gc,heap,exit]   object space 1398272K, 16% used [0x0000000700000000,0x000000070da95010,0x0000000755580000)
[6.434s][info][gc,heap,exit]  Metaspace       used 1933K, committed 2112K, reserved 1114112K
[6.434s][info][gc,heap,exit]   class space    used 165K, committed 256K, reserved 1048576K
