[0.009s][info][gc,init] CardTable entry size: 512
[0.009s][info][gc     ] Using Parallel
[0.016s][info][gc,init] Version: 21.0.5+9-LTS-239 (release)
[0.016s][info][gc,init] CPUs: 12 total, 12 available
[0.016s][info][gc,init] Memory: 16190M
[0.016s][info][gc,init] Large Page Support: Disabled
[0.016s][info][gc,init] NUMA Support: Disabled
[0.016s][info][gc,init] Compressed Oops: Enabled (Zero based)
[0.016s][info][gc,init] Alignments: Space 512K, Generation 512K, Heap 2M
[0.016s][info][gc,init] Heap Min Capacity: 2G
[0.016s][info][gc,init] Heap Initial Capacity: 2G
[0.016s][info][gc,init] Heap Max Capacity: 4G
[0.016s][info][gc,init] Pre-touch: Disabled
[0.016s][info][gc,init] Parallel Workers: 10
[0.025s][info][gc,metaspace] CDS archive(s) mapped at: [0x0000013f42000000-0x0000013f42c90000-0x0000013f42c90000), size 13172736, SharedBaseAddress: 0x0000013f42000000, ArchiveRelocationMode: 1.
[0.025s][info][gc,metaspace] Compressed class space mapped at: 0x0000013f43000000-0x0000013f83000000, reserved size: 1073741824
[0.025s][info][gc,metaspace] Narrow klass base: 0x0000013f42000000, Narrow klass shift: 0, Narrow klass range: 0x100000000
[0.737s][info][gc,start    ] GC(0) Pause Young (Allocation Failure)
[0.751s][info][gc,heap     ] GC(0) PSYoungGen: 524800K(611840K)->25990K(611840K) Eden: 524800K(524800K)->0K(524800K) From: 0K(87040K)->25990K(87040K)
[0.751s][info][gc,heap     ] GC(0) ParOldGen: 0K(1398272K)->72K(1398272K)
[0.751s][info][gc,metaspace] GC(0) Metaspace: 1687K(1792K)->1687K(1792K) NonClass: 1548K(1600K)->1548K(1600K) Class: 138K(192K)->138K(192K)
[0.751s][info][gc          ] GC(0) Pause Young (Allocation Failure) 512M->25M(1963M) 14.057ms
[0.751s][info][gc,cpu      ] GC(0) User=0.11s Sys=0.05s Real=0.01s
[0.976s][info][gc,start    ] GC(1) Pause Young (Allocation Failure)
[0.997s][info][gc,heap     ] GC(1) PSYoungGen: 550790K(611840K)->65707K(1136640K) Eden: 524800K(524800K)->0K(1049600K) From: 25990K(87040K)->65707K(87040K)
[0.997s][info][gc,heap     ] GC(1) ParOldGen: 72K(1398272K)->80K(1398272K)
[0.997s][info][gc,metaspace] GC(1) Metaspace: 1712K(1792K)->1712K(1792K) NonClass: 1573K(1600K)->1573K(1600K) Class: 138K(192K)->138K(192K)
[0.997s][info][gc          ] GC(1) Pause Young (Allocation Failure) 537M->64M(2475M) 20.910ms
[0.997s][info][gc,cpu      ] GC(1) User=0.02s Sys=0.14s Real=0.02s
[1.494s][info][gc,start    ] GC(2) Pause Young (Allocation Failure)
[1.539s][info][gc,heap     ] GC(2) PSYoungGen: 1115307K(1136640K)->87023K(1136640K) Eden: 1049600K(1049600K)->0K(1049600K) From: 65707K(87040K)->87023K(87040K)
[1.539s][info][gc,heap     ] GC(2) ParOldGen: 80K(1398272K)->52869K(1398272K)
[1.539s][info][gc,metaspace] GC(2) Metaspace: 1712K(1792K)->1712K(1792K) NonClass: 1573K(1600K)->1573K(1600K) Class: 138K(192K)->138K(192K)
[1.539s][info][gc          ] GC(2) Pause Young (Allocation Failure) 1089M->136M(2475M) 44.425ms
[1.539s][info][gc,cpu      ] GC(2) User=0.30s Sys=0.17s Real=0.04s
[1.978s][info][gc,start    ] GC(3) Pause Young (Allocation Failure)
[2.017s][info][gc,heap     ] GC(3) PSYoungGen: 1136623K(1136640K)->87037K(1310720K) Eden: 1049600K(1049600K)->0K(1223680K) From: 87023K(87040K)->87037K(87040K)
[2.017s][info][gc,heap     ] GC(3) ParOldGen: 52869K(1398272K)->131385K(1398272K)
[2.017s][info][gc,metaspace] GC(3) Metaspace: 1712K(1792K)->1712K(1792K) NonClass: 1573K(1600K)->1573K(1600K) Class: 138K(192K)->138K(192K)
[2.017s][info][gc          ] GC(3) Pause Young (Allocation Failure) 1161M->213M(2645M) 39.370ms
[2.017s][info][gc,cpu      ] GC(3) User=0.17s Sys=0.14s Real=0.04s
[2.870s][info][gc,start    ] GC(4) Pause Young (Allocation Failure)
[2.913s][info][gc,heap     ] GC(4) PSYoungGen: 1310717K(1310720K)->87038K(1310720K) Eden: 1223680K(1223680K)->0K(1223680K) From: 87037K(87040K)->87038K(87040K)
[2.913s][info][gc,heap     ] GC(4) ParOldGen: 131385K(1398272K)->147857K(1398272K)
[2.913s][info][gc,metaspace] GC(4) Metaspace: 1712K(1792K)->1712K(1792K) NonClass: 1574K(1600K)->1574K(1600K) Class: 138K(192K)->138K(192K)
[2.913s][info][gc          ] GC(4) Pause Young (Allocation Failure) 1408M->229M(2645M) 43.714ms
[2.913s][info][gc,cpu      ] GC(4) User=0.27s Sys=0.09s Real=0.04s
[4.164s][info][gc,heap,exit] Heap
[4.164s][info][gc,heap,exit]  PSYoungGen      total 1310720K, used 1113948K [0x00000007aab00000, 0x0000000800000000, 0x0000000800000000)
[4.164s][info][gc,heap,exit]   eden space 1223680K, 83% used [0x00000007aab00000,0x00000007e95d76b8,0x00000007f5600000)
[4.164s][info][gc,heap,exit]   from space 87040K, 99% used [0x00000007f5600000,0x00000007faaffa18,0x00000007fab00000)
[4.164s][info][gc,heap,exit]   to   space 87040K, 0% used [0x00000007fab00000,0x00000007fab00000,0x0000000800000000)
[4.164s][info][gc,heap,exit]  ParOldGen       total 1398272K, used 147857K [0x0000000700000000, 0x0000000755580000, 0x00000007aab00000)
[4.164s][info][gc,heap,exit]   object space 1398272K, 10% used [0x0000000700000000,0x0000000709064640,0x0000000755580000)
[4.164s][info][gc,heap,exit]  Metaspace       used 1949K, committed 2112K, reserved 1114112K
[4.164s][info][gc,heap,exit]   class space    used 169K, committed 256K, reserved 1048576K
