[0.014s][info][gc,init] CardTable entry size: 512
[0.014s][info][gc     ] Using Parallel
[0.021s][info][gc,init] Version: 21.0.5+9-LTS-239 (release)
[0.021s][info][gc,init] CPUs: 12 total, 12 available
[0.021s][info][gc,init] Memory: 16190M
[0.021s][info][gc,init] Large Page Support: Disabled
[0.021s][info][gc,init] NUMA Support: Disabled
[0.021s][info][gc,init] Compressed Oops: Enabled (Zero based)
[0.021s][info][gc,init] Alignments: Space 512K, Generation 512K, Heap 2M
[0.021s][info][gc,init] Heap Min Capacity: 2G
[0.021s][info][gc,init] Heap Initial Capacity: 2G
[0.021s][info][gc,init] Heap Max Capacity: 4G
[0.021s][info][gc,init] Pre-touch: Disabled
[0.021s][info][gc,init] Parallel Workers: 10
[0.030s][info][gc,metaspace] CDS archive(s) mapped at: [0x000002684b000000-0x000002684bc90000-0x000002684bc90000), size 13172736, SharedBaseAddress: 0x000002684b000000, ArchiveRelocationMode: 1.
[0.030s][info][gc,metaspace] Compressed class space mapped at: 0x000002684c000000-0x000002688c000000, reserved size: 1073741824
[0.030s][info][gc,metaspace] Narrow klass base: 0x000002684b000000, Narrow klass shift: 0, Narrow klass range: 0x100000000
[0.705s][info][gc,start    ] GC(0) Pause Young (Allocation Failure)
[0.718s][info][gc,heap     ] GC(0) PSYoungGen: 524800K(611840K)->18195K(611840K) Eden: 524800K(524800K)->0K(524800K) From: 0K(87040K)->18195K(87040K)
[0.718s][info][gc,heap     ] GC(0) ParOldGen: 0K(1398272K)->72K(1398272K)
[0.718s][info][gc,metaspace] GC(0) Metaspace: 1697K(1792K)->1697K(1792K) NonClass: 1556K(1600K)->1556K(1600K) Class: 141K(192K)->141K(192K)
[0.718s][info][gc          ] GC(0) Pause Young (Allocation Failure) 512M->17M(1963M) 13.255ms
[0.718s][info][gc,cpu      ] GC(0) User=0.00s Sys=0.00s Real=0.01s
[0.966s][info][gc,start    ] GC(1) Pause Young (Allocation Failure)
[0.983s][info][gc,heap     ] GC(1) PSYoungGen: 542995K(611840K)->34368K(1136640K) Eden: 524800K(524800K)->0K(1049600K) From: 18195K(87040K)->34368K(87040K)
[0.983s][info][gc,heap     ] GC(1) ParOldGen: 72K(1398272K)->80K(1398272K)
[0.983s][info][gc,metaspace] GC(1) Metaspace: 1741K(1920K)->1741K(1920K) NonClass: 1599K(1728K)->1599K(1728K) Class: 141K(192K)->141K(192K)
[0.983s][info][gc          ] GC(1) Pause Young (Allocation Failure) 530M->33M(2475M) 16.704ms
[0.983s][info][gc,cpu      ] GC(1) User=0.11s Sys=0.20s Real=0.02s
[1.481s][info][gc,start    ] GC(2) Pause Young (Allocation Failure)
[1.512s][info][gc,heap     ] GC(2) PSYoungGen: 1083968K(1136640K)->57220K(1136640K) Eden: 1049600K(1049600K)->0K(1049600K) From: 34368K(87040K)->57220K(87040K)
[1.512s][info][gc,heap     ] GC(2) ParOldGen: 80K(1398272K)->88K(1398272K)
[1.512s][info][gc,metaspace] GC(2) Metaspace: 1741K(1920K)->1741K(1920K) NonClass: 1599K(1728K)->1599K(1728K) Class: 141K(192K)->141K(192K)
[1.512s][info][gc          ] GC(2) Pause Young (Allocation Failure) 1058M->55M(2475M) 30.492ms
[1.512s][info][gc,cpu      ] GC(2) User=0.14s Sys=0.05s Real=0.03s
[1.969s][info][gc,start    ] GC(3) Pause Young (Allocation Failure)
[2.012s][info][gc,heap     ] GC(3) PSYoungGen: 1106820K(1136640K)->81965K(1310720K) Eden: 1049600K(1049600K)->0K(1223680K) From: 57220K(87040K)->81965K(87040K)
[2.012s][info][gc,heap     ] GC(3) ParOldGen: 88K(1398272K)->96K(1398272K)
[2.012s][info][gc,metaspace] GC(3) Metaspace: 1741K(1920K)->1741K(1920K) NonClass: 1599K(1728K)->1599K(1728K) Class: 141K(192K)->141K(192K)
[2.012s][info][gc          ] GC(3) Pause Young (Allocation Failure) 1080M->80M(2645M) 42.935ms
[2.012s][info][gc,cpu      ] GC(3) User=0.16s Sys=0.05s Real=0.04s
[2.551s][info][gc,start    ] GC(4) Pause Young (Allocation Failure)
[2.607s][info][gc,heap     ] GC(4) PSYoungGen: 1305645K(1310720K)->87020K(1310720K) Eden: 1223680K(1223680K)->0K(1223680K) From: 81965K(87040K)->87020K(87040K)
[2.607s][info][gc,heap     ] GC(4) ParOldGen: 96K(1398272K)->25856K(1398272K)
[2.607s][info][gc,metaspace] GC(4) Metaspace: 1760K(1920K)->1760K(1920K) NonClass: 1617K(1728K)->1617K(1728K) Class: 142K(192K)->142K(192K)
[2.607s][info][gc          ] GC(4) Pause Young (Allocation Failure) 1275M->110M(2645M) 56.819ms
[2.607s][info][gc,cpu      ] GC(4) User=0.41s Sys=0.06s Real=0.06s
[3.147s][info][gc,start    ] GC(5) Pause Young (Allocation Failure)
[3.191s][info][gc,heap     ] GC(5) PSYoungGen: 1310700K(1310720K)->87028K(1205248K) Eden: 1223680K(1223680K)->0K(1118208K) From: 87020K(87040K)->87028K(87040K)
[3.191s][info][gc,heap     ] GC(5) ParOldGen: 25856K(1398272K)->36880K(1398272K)
[3.191s][info][gc,metaspace] GC(5) Metaspace: 1760K(1920K)->1760K(1920K) NonClass: 1617K(1728K)->1617K(1728K) Class: 142K(192K)->142K(192K)
[3.191s][info][gc          ] GC(5) Pause Young (Allocation Failure) 1305M->121M(2542M) 44.092ms
[3.191s][info][gc,cpu      ] GC(5) User=0.44s Sys=0.03s Real=0.04s
[3.675s][info][gc,start    ] GC(6) Pause Young (Allocation Failure)
[3.721s][info][gc,heap     ] GC(6) PSYoungGen: 1205236K(1205248K)->87853K(1206272K) Eden: 1118208K(1118208K)->0K(1118208K) From: 87028K(87040K)->87853K(88064K)
[3.722s][info][gc,heap     ] GC(6) ParOldGen: 36880K(1398272K)->53903K(1398272K)
[3.722s][info][gc,metaspace] GC(6) Metaspace: 1760K(1920K)->1760K(1920K) NonClass: 1618K(1728K)->1618K(1728K) Class: 142K(192K)->142K(192K)
[3.722s][info][gc          ] GC(6) Pause Young (Allocation Failure) 1213M->138M(2543M) 46.876ms
[3.722s][info][gc,cpu      ] GC(6) User=0.45s Sys=0.02s Real=0.05s
[4.202s][info][gc,start    ] GC(7) Pause Young (Allocation Failure)
[4.250s][info][gc,heap     ] GC(7) PSYoungGen: 1206061K(1206272K)->77121K(1262592K) Eden: 1118208K(1118208K)->0K(1122304K) From: 87853K(88064K)->77121K(140288K)
[4.251s][info][gc,heap     ] GC(7) ParOldGen: 53903K(1398272K)->82059K(1398272K)
[4.251s][info][gc,metaspace] GC(7) Metaspace: 1761K(1920K)->1761K(1920K) NonClass: 1618K(1728K)->1618K(1728K) Class: 142K(192K)->142K(192K)
[4.251s][info][gc          ] GC(7) Pause Young (Allocation Failure) 1230M->155M(2598M) 48.587ms
[4.251s][info][gc,cpu      ] GC(7) User=0.47s Sys=0.00s Real=0.05s
[4.759s][info][gc,start    ] GC(8) Pause Young (Allocation Failure)
[4.823s][info][gc,heap     ] GC(8) PSYoungGen: 1199425K(1262592K)->75893K(1198592K) Eden: 1122304K(1122304K)->0K(1122304K) From: 77121K(140288K)->75893K(76288K)
[4.823s][info][gc,heap     ] GC(8) ParOldGen: 82059K(1398272K)->112867K(1398272K)
[4.823s][info][gc,metaspace] GC(8) Metaspace: 1768K(1920K)->1768K(1920K) NonClass: 1625K(1728K)->1625K(1728K) Class: 142K(192K)->142K(192K)
[4.823s][info][gc          ] GC(8) Pause Young (Allocation Failure) 1251M->184M(2536M) 63.720ms
[4.823s][info][gc,cpu      ] GC(8) User=0.59s Sys=0.02s Real=0.06s
[5.310s][info][gc,start    ] GC(9) Pause Young (Allocation Failure)
[5.368s][info][gc,heap     ] GC(9) PSYoungGen: 1198197K(1198592K)->59144K(1255936K) Eden: 1122304K(1122304K)->0K(1125888K) From: 75893K(76288K)->59144K(130048K)
[5.368s][info][gc,heap     ] GC(9) ParOldGen: 112867K(1398272K)->146147K(1398272K)
[5.368s][info][gc,metaspace] GC(9) Metaspace: 1768K(1920K)->1768K(1920K) NonClass: 1625K(1728K)->1625K(1728K) Class: 142K(192K)->142K(192K)
[5.368s][info][gc          ] GC(9) Pause Young (Allocation Failure) 1280M->200M(2592M) 58.334ms
[5.368s][info][gc,cpu      ] GC(9) User=0.53s Sys=0.03s Real=0.06s
[6.070s][info][gc,heap,exit] Heap
[6.070s][info][gc,heap,exit]  PSYoungGen      total 1255936K, used 875027K [0x00000007aab00000, 0x0000000800000000, 0x0000000800000000)
[6.070s][info][gc,heap,exit]   eden space 1125888K, 72% used [0x00000007aab00000,0x00000007dc7c2ba0,0x00000007ef680000)
[6.070s][info][gc,heap,exit]   from space 130048K, 45% used [0x00000007f7200000,0x00000007fabc22c0,0x00000007ff100000)
[6.070s][info][gc,heap,exit]   to   space 126464K, 0% used [0x00000007ef680000,0x00000007ef680000,0x00000007f7200000)
[6.070s][info][gc,heap,exit]  ParOldGen       total 1398272K, used 146147K [0x0000000700000000, 0x0000000755580000, 0x00000007aab00000)
[6.070s][info][gc,heap,exit]   object space 1398272K, 10% used [0x0000000700000000,0x0000000708eb8e00,0x0000000755580000)
[6.070s][info][gc,heap,exit]  Metaspace       used 1992K, committed 2176K, reserved 1114112K
[6.070s][info][gc,heap,exit]   class space    used 172K, committed 320K, reserved 1048576K
