[0.009s][info][gc,init] CardTable entry size: 512
[0.009s][info][gc     ] Using Parallel
[0.015s][info][gc,init] Version: 21.0.5+9-LTS-239 (release)
[0.015s][info][gc,init] CPUs: 12 total, 12 available
[0.015s][info][gc,init] Memory: 16190M
[0.015s][info][gc,init] Large Page Support: Disabled
[0.015s][info][gc,init] NUMA Support: Disabled
[0.015s][info][gc,init] Compressed Oops: Enabled (Zero based)
[0.015s][info][gc,init] Alignments: Space 512K, Generation 512K, Heap 2M
[0.015s][info][gc,init] Heap Min Capacity: 2G
[0.015s][info][gc,init] Heap Initial Capacity: 2G
[0.015s][info][gc,init] Heap Max Capacity: 4G
[0.015s][info][gc,init] Pre-touch: Disabled
[0.015s][info][gc,init] Parallel Workers: 10
[0.024s][info][gc,metaspace] CDS archive(s) mapped at: [0x000001ed38000000-0x000001ed38c90000-0x000001ed38c90000), size 13172736, SharedBaseAddress: 0x000001ed38000000, ArchiveRelocationMode: 1.
[0.024s][info][gc,metaspace] Compressed class space mapped at: 0x000001ed39000000-0x000001ed79000000, reserved size: 1073741824
[0.024s][info][gc,metaspace] Narrow klass base: 0x000001ed38000000, Narrow klass shift: 0, Narrow klass range: 0x100000000
[0.696s][info][gc,start    ] GC(0) Pause Young (Allocation Failure)
[0.709s][info][gc,heap     ] GC(0) PSYoungGen: 524800K(611840K)->18583K(611840K) Eden: 524800K(524800K)->0K(524800K) From: 0K(87040K)->18583K(87040K)
[0.709s][info][gc,heap     ] GC(0) ParOldGen: 0K(1398272K)->72K(1398272K)
[0.709s][info][gc,metaspace] GC(0) Metaspace: 1689K(1792K)->1689K(1792K) NonClass: 1549K(1600K)->1549K(1600K) Class: 139K(192K)->139K(192K)
[0.709s][info][gc          ] GC(0) Pause Young (Allocation Failure) 512M->18M(1963M) 13.130ms
[0.709s][info][gc,cpu      ] GC(0) User=0.11s Sys=0.05s Real=0.01s
[0.963s][info][gc,start    ] GC(1) Pause Young (Allocation Failure)
[0.979s][info][gc,heap     ] GC(1) PSYoungGen: 543383K(611840K)->34300K(1136640K) Eden: 524800K(524800K)->0K(1049600K) From: 18583K(87040K)->34300K(87040K)
[0.979s][info][gc,heap     ] GC(1) ParOldGen: 72K(1398272K)->80K(1398272K)
[0.979s][info][gc,metaspace] GC(1) Metaspace: 1736K(1856K)->1736K(1856K) NonClass: 1597K(1664K)->1597K(1664K) Class: 139K(192K)->139K(192K)
[0.980s][info][gc          ] GC(1) Pause Young (Allocation Failure) 530M->33M(2475M) 16.423ms
[0.980s][info][gc,cpu      ] GC(1) User=0.03s Sys=0.12s Real=0.02s
[1.485s][info][gc,start    ] GC(2) Pause Young (Allocation Failure)
[1.516s][info][gc,heap     ] GC(2) PSYoungGen: 1083900K(1136640K)->56944K(1136640K) Eden: 1049600K(1049600K)->0K(1049600K) From: 34300K(87040K)->56944K(87040K)
[1.516s][info][gc,heap     ] GC(2) ParOldGen: 80K(1398272K)->88K(1398272K)
[1.516s][info][gc,metaspace] GC(2) Metaspace: 1736K(1856K)->1736K(1856K) NonClass: 1597K(1664K)->1597K(1664K) Class: 139K(192K)->139K(192K)
[1.516s][info][gc          ] GC(2) Pause Young (Allocation Failure) 1058M->55M(2475M) 30.661ms
[1.516s][info][gc,cpu      ] GC(2) User=0.22s Sys=0.09s Real=0.03s
[1.971s][info][gc,start    ] GC(3) Pause Young (Allocation Failure)
[2.012s][info][gc,heap     ] GC(3) PSYoungGen: 1106544K(1136640K)->77952K(1310720K) Eden: 1049600K(1049600K)->0K(1223680K) From: 56944K(87040K)->77952K(87040K)
[2.012s][info][gc,heap     ] GC(3) ParOldGen: 88K(1398272K)->96K(1398272K)
[2.012s][info][gc,metaspace] GC(3) Metaspace: 1736K(1856K)->1736K(1856K) NonClass: 1597K(1664K)->1597K(1664K) Class: 139K(192K)->139K(192K)
[2.012s][info][gc          ] GC(3) Pause Young (Allocation Failure) 1080M->76M(2645M) 40.338ms
[2.012s][info][gc,cpu      ] GC(3) User=0.27s Sys=0.05s Real=0.04s
[2.550s][info][gc,start    ] GC(4) Pause Young (Allocation Failure)
[2.606s][info][gc,heap     ] GC(4) PSYoungGen: 1301632K(1310720K)->87033K(1310720K) Eden: 1223680K(1223680K)->0K(1223680K) From: 77952K(87040K)->87033K(87040K)
[2.606s][info][gc,heap     ] GC(4) ParOldGen: 96K(1398272K)->15784K(1398272K)
[2.606s][info][gc,metaspace] GC(4) Metaspace: 1736K(1856K)->1736K(1856K) NonClass: 1597K(1664K)->1597K(1664K) Class: 139K(192K)->139K(192K)
[2.606s][info][gc          ] GC(4) Pause Young (Allocation Failure) 1271M->100M(2645M) 56.303ms
[2.606s][info][gc,cpu      ] GC(4) User=0.53s Sys=0.09s Real=0.06s
[3.200s][info][gc,start    ] GC(5) Pause Young (Allocation Failure)
[3.277s][info][gc,heap     ] GC(5) PSYoungGen: 1310713K(1310720K)->87020K(1171456K) Eden: 1223680K(1223680K)->0K(1084416K) From: 87033K(87040K)->87020K(87040K)
[3.277s][info][gc,heap     ] GC(5) ParOldGen: 15784K(1398272K)->68512K(1398272K)
[3.278s][info][gc,metaspace] GC(5) Metaspace: 1889K(2048K)->1889K(2048K) NonClass: 1727K(1792K)->1727K(1792K) Class: 162K(256K)->162K(256K)
[3.278s][info][gc          ] GC(5) Pause Young (Allocation Failure) 1295M->151M(2509M) 77.128ms
[3.278s][info][gc,cpu      ] GC(5) User=0.41s Sys=0.12s Real=0.08s
[3.451s][info][gc,heap,exit] Heap
[3.451s][info][gc,heap,exit]  PSYoungGen      total 1171456K, used 111382K [0x00000007aab00000, 0x0000000800000000, 0x0000000800000000)
[3.451s][info][gc,heap,exit]   eden space 1084416K, 2% used [0x00000007aab00000,0x00000007ac2cab58,0x00000007ece00000)
[3.451s][info][gc,heap,exit]   from space 87040K, 99% used [0x00000007fab00000,0x00000007ffffb050,0x0000000800000000)
[3.451s][info][gc,heap,exit]   to   space 156672K, 0% used [0x00000007ece00000,0x00000007ece00000,0x00000007f6700000)
[3.451s][info][gc,heap,exit]  ParOldGen       total 1398272K, used 68512K [0x0000000700000000, 0x0000000755580000, 0x00000007aab00000)
[3.451s][info][gc,heap,exit]   object space 1398272K, 4% used [0x0000000700000000,0x00000007042e8010,0x0000000755580000)
[3.451s][info][gc,heap,exit]  Metaspace       used 1973K, committed 2112K, reserved 1114112K
[3.451s][info][gc,heap,exit]   class space    used 170K, committed 256K, reserved 1048576K
