[0.013s][info][gc,init] CardTable entry size: 512
[0.014s][info][gc     ] Using Parallel
[0.021s][info][gc,init] Version: 21.0.5+9-LTS-239 (release)
[0.022s][info][gc,init] CPUs: 12 total, 12 available
[0.022s][info][gc,init] Memory: 16190M
[0.022s][info][gc,init] Large Page Support: Disabled
[0.022s][info][gc,init] NUMA Support: Disabled
[0.022s][info][gc,init] Compressed Oops: Enabled (Zero based)
[0.022s][info][gc,init] Alignments: Space 512K, Generation 512K, Heap 2M
[0.022s][info][gc,init] Heap Min Capacity: 2G
[0.022s][info][gc,init] Heap Initial Capacity: 2G
[0.022s][info][gc,init] Heap Max Capacity: 4G
[0.022s][info][gc,init] Pre-touch: Disabled
[0.022s][info][gc,init] Parallel Workers: 10
[0.042s][info][gc,metaspace] CDS archive(s) mapped at: [0x000002395c000000-0x000002395cc90000-0x000002395cc90000), size 13172736, SharedBaseAddress: 0x000002395c000000, ArchiveRelocationMode: 1.
[0.042s][info][gc,metaspace] Compressed class space mapped at: 0x000002395d000000-0x000002399d000000, reserved size: 1073741824
[0.042s][info][gc,metaspace] Narrow klass base: 0x000002395c000000, Narrow klass shift: 0, Narrow klass range: 0x100000000
[0.953s][info][gc,start    ] GC(0) Pause Young (Allocation Failure)
[0.966s][info][gc,heap     ] GC(0) PSYoungGen: 524800K(611840K)->17713K(611840K) Eden: 524800K(524800K)->0K(524800K) From: 0K(87040K)->17713K(87040K)
[0.966s][info][gc,heap     ] GC(0) ParOldGen: 0K(1398272K)->72K(1398272K)
[0.966s][info][gc,metaspace] GC(0) Metaspace: 1690K(1792K)->1690K(1792K) NonClass: 1549K(1600K)->1549K(1600K) Class: 141K(192K)->141K(192K)
[0.966s][info][gc          ] GC(0) Pause Young (Allocation Failure) 512M->17M(1963M) 13.260ms
[0.966s][info][gc,cpu      ] GC(0) User=0.11s Sys=0.06s Real=0.01s
[1.241s][info][gc,start    ] GC(1) Pause Young (Allocation Failure)
[1.258s][info][gc,heap     ] GC(1) PSYoungGen: 542513K(611840K)->34436K(1136640K) Eden: 524800K(524800K)->0K(1049600K) From: 17713K(87040K)->34436K(87040K)
[1.258s][info][gc,heap     ] GC(1) ParOldGen: 72K(1398272K)->80K(1398272K)
[1.258s][info][gc,metaspace] GC(1) Metaspace: 1736K(1920K)->1736K(1920K) NonClass: 1595K(1728K)->1595K(1728K) Class: 141K(192K)->141K(192K)
[1.258s][info][gc          ] GC(1) Pause Young (Allocation Failure) 529M->33M(2475M) 17.906ms
[1.258s][info][gc,cpu      ] GC(1) User=0.11s Sys=0.05s Real=0.02s
[1.809s][info][gc,start    ] GC(2) Pause Young (Allocation Failure)
[1.842s][info][gc,heap     ] GC(2) PSYoungGen: 1084036K(1136640K)->56944K(1136640K) Eden: 1049600K(1049600K)->0K(1049600K) From: 34436K(87040K)->56944K(87040K)
[1.842s][info][gc,heap     ] GC(2) ParOldGen: 80K(1398272K)->88K(1398272K)
[1.842s][info][gc,metaspace] GC(2) Metaspace: 1736K(1920K)->1736K(1920K) NonClass: 1595K(1728K)->1595K(1728K) Class: 141K(192K)->141K(192K)
[1.842s][info][gc          ] GC(2) Pause Young (Allocation Failure) 1058M->55M(2475M) 33.474ms
[1.842s][info][gc,cpu      ] GC(2) User=0.22s Sys=0.09s Real=0.03s
[2.362s][info][gc,start    ] GC(3) Pause Young (Allocation Failure)
[2.405s][info][gc,heap     ] GC(3) PSYoungGen: 1106544K(1136640K)->78106K(1310720K) Eden: 1049600K(1049600K)->0K(1223680K) From: 56944K(87040K)->78106K(87040K)
[2.405s][info][gc,heap     ] GC(3) ParOldGen: 88K(1398272K)->96K(1398272K)
[2.405s][info][gc,metaspace] GC(3) Metaspace: 1736K(1920K)->1736K(1920K) NonClass: 1595K(1728K)->1595K(1728K) Class: 141K(192K)->141K(192K)
[2.405s][info][gc          ] GC(3) Pause Young (Allocation Failure) 1080M->76M(2645M) 42.723ms
[2.405s][info][gc,cpu      ] GC(3) User=0.31s Sys=0.16s Real=0.04s
[3.016s][info][gc,start    ] GC(4) Pause Young (Allocation Failure)
[3.084s][info][gc,heap     ] GC(4) PSYoungGen: 1301786K(1310720K)->87032K(1310720K) Eden: 1223680K(1223680K)->0K(1223680K) From: 78106K(87040K)->87032K(87040K)
[3.084s][info][gc,heap     ] GC(4) ParOldGen: 96K(1398272K)->41088K(1398272K)
[3.084s][info][gc,metaspace] GC(4) Metaspace: 1755K(1920K)->1755K(1920K) NonClass: 1613K(1728K)->1613K(1728K) Class: 142K(192K)->142K(192K)
[3.084s][info][gc          ] GC(4) Pause Young (Allocation Failure) 1271M->125M(2645M) 68.200ms
[3.084s][info][gc,cpu      ] GC(4) User=0.48s Sys=0.12s Real=0.07s
[3.689s][info][gc,start    ] GC(5) Pause Young (Allocation Failure)
[3.730s][info][gc,heap     ] GC(5) PSYoungGen: 1310712K(1310720K)->81661K(1211392K) Eden: 1223680K(1223680K)->0K(1124352K) From: 87032K(87040K)->81661K(87040K)
[3.730s][info][gc,heap     ] GC(5) ParOldGen: 41088K(1398272K)->41088K(1398272K)
[3.730s][info][gc,metaspace] GC(5) Metaspace: 1755K(1920K)->1755K(1920K) NonClass: 1613K(1728K)->1613K(1728K) Class: 142K(192K)->142K(192K)
[3.731s][info][gc          ] GC(5) Pause Young (Allocation Failure) 1320M->119M(2548M) 41.220ms
[3.731s][info][gc,cpu      ] GC(5) User=0.38s Sys=0.09s Real=0.04s
[4.354s][info][gc,start    ] GC(6) Pause Young (Allocation Failure)
[4.405s][info][gc,heap     ] GC(6) PSYoungGen: 1206013K(1211392K)->85365K(1261056K) Eden: 1124352K(1124352K)->0K(1124352K) From: 81661K(87040K)->85365K(136704K)
[4.405s][info][gc,heap     ] GC(6) ParOldGen: 41088K(1398272K)->55456K(1398272K)
[4.405s][info][gc,metaspace] GC(6) Metaspace: 1755K(1920K)->1755K(1920K) NonClass: 1613K(1728K)->1613K(1728K) Class: 142K(192K)->142K(192K)
[4.405s][info][gc          ] GC(6) Pause Young (Allocation Failure) 1217M->137M(2597M) 51.509ms
[4.405s][info][gc,cpu      ] GC(6) User=0.39s Sys=0.02s Real=0.05s
[4.987s][info][gc,start    ] GC(7) Pause Young (Allocation Failure)
[5.045s][info][gc,heap     ] GC(7) PSYoungGen: 1209717K(1261056K)->78157K(1252864K) Eden: 1124352K(1124352K)->0K(1124352K) From: 85365K(136704K)->78157K(128512K)
[5.045s][info][gc,heap     ] GC(7) ParOldGen: 55456K(1398272K)->79428K(1398272K)
[5.045s][info][gc,metaspace] GC(7) Metaspace: 1756K(1920K)->1756K(1920K) NonClass: 1613K(1728K)->1613K(1728K) Class: 142K(192K)->142K(192K)
[5.046s][info][gc          ] GC(7) Pause Young (Allocation Failure) 1235M->153M(2589M) 58.566ms
[5.046s][info][gc,cpu      ] GC(7) User=0.62s Sys=0.00s Real=0.06s
[5.619s][info][gc,start    ] GC(8) Pause Young (Allocation Failure)
[5.692s][info][gc,heap     ] GC(8) PSYoungGen: 1202509K(1252864K)->75761K(1256960K) Eden: 1124352K(1124352K)->0K(1124352K) From: 78157K(128512K)->75761K(132608K)
[5.692s][info][gc,heap     ] GC(8) ParOldGen: 79428K(1398272K)->112292K(1398272K)
[5.692s][info][gc,metaspace] GC(8) Metaspace: 1764K(1920K)->1764K(1920K) NonClass: 1622K(1728K)->1622K(1728K) Class: 142K(192K)->142K(192K)
[5.692s][info][gc          ] GC(8) Pause Young (Allocation Failure) 1251M->183M(2593M) 72.952ms
[5.692s][info][gc,cpu      ] GC(8) User=0.61s Sys=0.02s Real=0.07s
[6.248s][info][gc,start    ] GC(9) Pause Young (Allocation Failure)
[6.320s][info][gc,heap     ] GC(9) PSYoungGen: 1200113K(1256960K)->75766K(1258496K) Eden: 1124352K(1124352K)->0K(1137152K) From: 75761K(132608K)->75766K(121344K)
[6.320s][info][gc,heap     ] GC(9) ParOldGen: 112292K(1398272K)->145796K(1398272K)
[6.320s][info][gc,metaspace] GC(9) Metaspace: 1764K(1920K)->1764K(1920K) NonClass: 1622K(1728K)->1622K(1728K) Class: 142K(192K)->142K(192K)
[6.320s][info][gc          ] GC(9) Pause Young (Allocation Failure) 1281M->216M(2594M) 72.253ms
[6.320s][info][gc,cpu      ] GC(9) User=0.62s Sys=0.00s Real=0.07s
[6.883s][info][gc,start    ] GC(10) Pause Young (Allocation Failure)
[6.948s][info][gc,heap     ] GC(10) PSYoungGen: 1212918K(1258496K)->17119K(1261568K) Eden: 1137152K(1137152K)->0K(1137152K) From: 75766K(121344K)->17119K(124416K)
[6.949s][info][gc,heap     ] GC(10) ParOldGen: 145796K(1398272K)->203044K(1398272K)
[6.949s][info][gc,metaspace] GC(10) Metaspace: 1765K(1920K)->1765K(1920K) NonClass: 1623K(1728K)->1623K(1728K) Class: 142K(192K)->142K(192K)
[6.949s][info][gc          ] GC(10) Pause Young (Allocation Failure) 1326M->215M(2597M) 66.040ms
[6.949s][info][gc,cpu      ] GC(10) User=0.61s Sys=0.05s Real=0.07s
[7.468s][info][gc,start    ] GC(11) Pause Young (Allocation Failure)
[7.490s][info][gc,heap     ] GC(11) PSYoungGen: 1154271K(1261568K)->18703K(1266176K) Eden: 1137152K(1137152K)->0K(1137664K) From: 17119K(124416K)->18703K(128512K)
[7.490s][info][gc,heap     ] GC(11) ParOldGen: 203044K(1398272K)->218412K(1398272K)
[7.490s][info][gc,metaspace] GC(11) Metaspace: 1765K(1920K)->1765K(1920K) NonClass: 1623K(1728K)->1623K(1728K) Class: 142K(192K)->142K(192K)
[7.490s][info][gc          ] GC(11) Pause Young (Allocation Failure) 1325M->231M(2602M) 22.033ms
[7.490s][info][gc,cpu      ] GC(11) User=0.16s Sys=0.00s Real=0.02s
[8.003s][info][gc,start    ] GC(12) Pause Young (Allocation Failure)
[8.025s][info][gc,heap     ] GC(12) PSYoungGen: 1156367K(1266176K)->17544K(1155584K) Eden: 1137664K(1137664K)->0K(1137664K) From: 18703K(128512K)->17544K(17920K)
[8.025s][info][gc,heap     ] GC(12) ParOldGen: 218412K(1398272K)->235028K(1398272K)
[8.025s][info][gc,metaspace] GC(12) Metaspace: 1765K(1920K)->1765K(1920K) NonClass: 1623K(1728K)->1623K(1728K) Class: 142K(192K)->142K(192K)
[8.025s][info][gc          ] GC(12) Pause Young (Allocation Failure) 1342M->246M(2494M) 21.820ms
[8.025s][info][gc,cpu      ] GC(12) User=0.19s Sys=0.09s Real=0.02s
[8.533s][info][gc,start    ] GC(13) Pause Young (Allocation Failure)
[8.555s][info][gc,heap     ] GC(13) PSYoungGen: 1155208K(1155584K)->18231K(1268224K) Eden: 1137664K(1137664K)->0K(1137664K) From: 17544K(17920K)->18231K(130560K)
[8.555s][info][gc,heap     ] GC(13) ParOldGen: 235028K(1398272K)->250364K(1398272K)
[8.555s][info][gc,metaspace] GC(13) Metaspace: 1766K(1920K)->1766K(1920K) NonClass: 1624K(1728K)->1624K(1728K) Class: 142K(192K)->142K(192K)
[8.555s][info][gc          ] GC(13) Pause Young (Allocation Failure) 1357M->262M(2604M) 21.558ms
[8.555s][info][gc,cpu      ] GC(13) User=0.16s Sys=0.00s Real=0.02s
[9.070s][info][gc,start    ] GC(14) Pause Young (Allocation Failure)
[9.093s][info][gc,heap     ] GC(14) PSYoungGen: 1155895K(1268224K)->17551K(1155584K) Eden: 1137664K(1137664K)->0K(1137664K) From: 18231K(130560K)->17551K(17920K)
[9.093s][info][gc,heap     ] GC(14) ParOldGen: 250364K(1398272K)->266612K(1398272K)
[9.093s][info][gc,metaspace] GC(14) Metaspace: 1766K(1920K)->1766K(1920K) NonClass: 1624K(1728K)->1624K(1728K) Class: 142K(192K)->142K(192K)
[9.093s][info][gc          ] GC(14) Pause Young (Allocation Failure) 1373M->277M(2494M) 23.032ms
[9.093s][info][gc,cpu      ] GC(14) User=0.31s Sys=0.00s Real=0.02s
[9.598s][info][gc,start    ] GC(15) Pause Young (Allocation Failure)
[9.621s][info][gc,heap     ] GC(15) PSYoungGen: 1155215K(1155584K)->18383K(1268224K) Eden: 1137664K(1137664K)->0K(1140224K) From: 17551K(17920K)->18383K(128000K)
[9.621s][info][gc,heap     ] GC(15) ParOldGen: 266612K(1398272K)->282372K(1398272K)
[9.621s][info][gc,metaspace] GC(15) Metaspace: 1766K(1920K)->1766K(1920K) NonClass: 1624K(1728K)->1624K(1728K) Class: 142K(192K)->142K(192K)
[9.621s][info][gc          ] GC(15) Pause Young (Allocation Failure) 1388M->293M(2604M) 22.922ms
[9.621s][info][gc,cpu      ] GC(15) User=0.31s Sys=0.00s Real=0.02s
[10.138s][info][gc,start    ] GC(16) Pause Young (Allocation Failure)
[10.160s][info][gc,heap     ] GC(16) PSYoungGen: 1158607K(1268224K)->18020K(1265664K) Eden: 1140224K(1140224K)->0K(1140224K) From: 18383K(128000K)->18020K(125440K)
[10.160s][info][gc,heap     ] GC(16) ParOldGen: 282372K(1398272K)->297892K(1398272K)
[10.161s][info][gc,metaspace] GC(16) Metaspace: 1766K(1920K)->1766K(1920K) NonClass: 1624K(1728K)->1624K(1728K) Class: 142K(192K)->142K(192K)
[10.161s][info][gc          ] GC(16) Pause Young (Allocation Failure) 1407M->308M(2601M) 22.440ms
[10.161s][info][gc,cpu      ] GC(16) User=0.16s Sys=0.00s Real=0.02s
[10.819s][info][gc,start    ] GC(17) Pause Young (Allocation Failure)
[10.860s][info][gc,heap     ] GC(17) PSYoungGen: 1158244K(1265664K)->17287K(1268736K) Eden: 1140224K(1140224K)->0K(1147904K) From: 18020K(125440K)->17287K(120832K)
[10.860s][info][gc,heap     ] GC(17) ParOldGen: 297892K(1398272K)->312732K(1398272K)
[10.860s][info][gc,metaspace] GC(17) Metaspace: 1766K(1920K)->1766K(1920K) NonClass: 1624K(1728K)->1624K(1728K) Class: 142K(192K)->142K(192K)
[10.860s][info][gc          ] GC(17) Pause Young (Allocation Failure) 1422M->322M(2604M) 41.145ms
[10.860s][info][gc,cpu      ] GC(17) User=0.23s Sys=0.03s Real=0.04s
[11.821s][info][gc,start    ] GC(18) Pause Young (Allocation Failure)
[11.851s][info][gc,heap     ] GC(18) PSYoungGen: 1165191K(1268736K)->16526K(1266688K) Eden: 1147904K(1147904K)->0K(1147904K) From: 17287K(120832K)->16526K(118784K)
[11.851s][info][gc,heap     ] GC(18) ParOldGen: 312732K(1398272K)->327524K(1398272K)
[11.851s][info][gc,metaspace] GC(18) Metaspace: 1766K(1920K)->1766K(1920K) NonClass: 1624K(1728K)->1624K(1728K) Class: 142K(192K)->142K(192K)
[11.851s][info][gc          ] GC(18) Pause Young (Allocation Failure) 1443M->335M(2602M) 30.326ms
[11.851s][info][gc,cpu      ] GC(18) User=0.20s Sys=0.08s Real=0.03s
[12.483s][info][gc,start    ] GC(19) Pause Young (Allocation Failure)
[12.586s][info][gc,heap     ] GC(19) PSYoungGen: 1164430K(1266688K)->115186K(1050112K) Eden: 1147904K(1147904K)->0K(934912K) From: 16526K(118784K)->115186K(115200K)
[12.586s][info][gc,heap     ] GC(19) ParOldGen: 327524K(1398272K)->586004K(1398272K)
[12.586s][info][gc,metaspace] GC(19) Metaspace: 1766K(1920K)->1766K(1920K) NonClass: 1624K(1728K)->1624K(1728K) Class: 142K(192K)->142K(192K)
[12.586s][info][gc          ] GC(19) Pause Young (Allocation Failure) 1456M->684M(2391M) 102.685ms
[12.586s][info][gc,cpu      ] GC(19) User=0.77s Sys=0.08s Real=0.10s
[13.016s][info][gc,start    ] GC(20) Pause Young (Allocation Failure)
[13.096s][info][gc,heap     ] GC(20) PSYoungGen: 1050098K(1050112K)->13835K(1166336K) Eden: 934912K(934912K)->0K(934912K) From: 115186K(115200K)->13835K(231424K)
[13.096s][info][gc,heap     ] GC(20) ParOldGen: 586004K(1398272K)->928612K(1398272K)
[13.096s][info][gc,metaspace] GC(20) Metaspace: 1766K(1920K)->1766K(1920K) NonClass: 1624K(1728K)->1624K(1728K) Class: 142K(192K)->142K(192K)
[13.096s][info][gc          ] GC(20) Pause Young (Allocation Failure) 1597M->920M(2504M) 79.449ms
[13.096s][info][gc,cpu      ] GC(20) User=0.77s Sys=0.00s Real=0.08s
[13.512s][info][gc,start    ] GC(21) Pause Young (Allocation Failure)
[13.530s][info][gc,heap     ] GC(21) PSYoungGen: 948747K(1166336K)->13674K(1146880K) Eden: 934912K(934912K)->0K(941056K) From: 13835K(231424K)->13674K(205824K)
[13.530s][info][gc,heap     ] GC(21) ParOldGen: 928612K(1398272K)->940636K(1398272K)
[13.530s][info][gc,metaspace] GC(21) Metaspace: 1766K(1920K)->1766K(1920K) NonClass: 1624K(1728K)->1624K(1728K) Class: 142K(192K)->142K(192K)
[13.530s][info][gc          ] GC(21) Pause Young (Allocation Failure) 1833M->931M(2485M) 18.677ms
[13.530s][info][gc,cpu      ] GC(21) User=0.16s Sys=0.00s Real=0.02s
[13.953s][info][gc,start    ] GC(22) Pause Young (Allocation Failure)
[13.970s][info][gc,heap     ] GC(22) PSYoungGen: 954730K(1146880K)->13278K(1159680K) Eden: 941056K(941056K)->0K(941056K) From: 13674K(205824K)->13278K(218624K)
[13.970s][info][gc,heap     ] GC(22) ParOldGen: 940636K(1398272K)->951500K(1398272K)
[13.970s][info][gc,metaspace] GC(22) Metaspace: 1766K(1920K)->1766K(1920K) NonClass: 1624K(1728K)->1624K(1728K) Class: 142K(192K)->142K(192K)
[13.970s][info][gc          ] GC(22) Pause Young (Allocation Failure) 1850M->942M(2498M) 16.658ms
[13.970s][info][gc,cpu      ] GC(22) User=0.16s Sys=0.00s Real=0.02s
[14.386s][info][gc,start    ] GC(23) Pause Young (Allocation Failure)
[14.404s][info][gc,heap     ] GC(23) PSYoungGen: 954334K(1159680K)->15520K(1156608K) Eden: 941056K(941056K)->0K(968192K) From: 13278K(218624K)->15520K(188416K)
[14.404s][info][gc,heap     ] GC(23) ParOldGen: 951500K(1398272K)->962812K(1398272K)
[14.404s][info][gc,metaspace] GC(23) Metaspace: 1766K(1920K)->1766K(1920K) NonClass: 1624K(1728K)->1624K(1728K) Class: 142K(192K)->142K(192K)
[14.404s][info][gc          ] GC(23) Pause Young (Allocation Failure) 1861M->955M(2495M) 17.817ms
[14.404s][info][gc,cpu      ] GC(23) User=0.16s Sys=0.00s Real=0.02s
[14.832s][info][gc,start    ] GC(24) Pause Young (Allocation Failure)
[14.850s][info][gc,heap     ] GC(24) PSYoungGen: 983712K(1156608K)->14853K(1170432K) Eden: 968192K(968192K)->0K(968192K) From: 15520K(188416K)->14853K(202240K)
[14.851s][info][gc,heap     ] GC(24) ParOldGen: 962812K(1398272K)->973564K(1398272K)
[14.851s][info][gc,metaspace] GC(24) Metaspace: 1766K(1920K)->1766K(1920K) NonClass: 1624K(1728K)->1624K(1728K) Class: 142K(192K)->142K(192K)
[14.851s][info][gc          ] GC(24) Pause Young (Allocation Failure) 1900M->965M(2508M) 18.554ms
[14.851s][info][gc,cpu      ] GC(24) User=0.16s Sys=0.00s Real=0.02s
[15.319s][info][gc,start    ] GC(25) Pause Young (Allocation Failure)
[15.340s][info][gc,heap     ] GC(25) PSYoungGen: 983045K(1170432K)->20446K(1170944K) Eden: 968192K(968192K)->0K(1001984K) From: 14853K(202240K)->20446K(168960K)
[15.340s][info][gc,heap     ] GC(25) ParOldGen: 973564K(1398272K)->985604K(1398272K)
[15.340s][info][gc,metaspace] GC(25) Metaspace: 1911K(2112K)->1911K(2112K) NonClass: 1747K(1856K)->1747K(1856K) Class: 163K(256K)->163K(256K)
[15.340s][info][gc          ] GC(25) Pause Young (Allocation Failure) 1910M->982M(2509M) 21.437ms
[15.340s][info][gc,cpu      ] GC(25) User=0.31s Sys=0.00s Real=0.02s
[16.042s][info][gc,heap,exit] Heap
[16.042s][info][gc,heap,exit]  PSYoungGen      total 1170944K, used 174180K [0x00000007aab00000, 0x00000007fe480000, 0x0000000800000000)
[16.042s][info][gc,heap,exit]   eden space 1001984K, 15% used [0x00000007aab00000,0x00000007b41216b8,0x00000007e7d80000)
[16.042s][info][gc,heap,exit]   from space 168960K, 12% used [0x00000007f3f80000,0x00000007f5377b58,0x00000007fe480000)
[16.042s][info][gc,heap,exit]   to   space 183808K, 0% used [0x00000007e7d80000,0x00000007e7d80000,0x00000007f3100000)
[16.042s][info][gc,heap,exit]  ParOldGen       total 1398272K, used 985604K [0x0000000700000000, 0x0000000755580000, 0x00000007aab00000)
[16.042s][info][gc,heap,exit]   object space 1398272K, 70% used [0x0000000700000000,0x000000073c281218,0x0000000755580000)
[16.042s][info][gc,heap,exit]  Metaspace       used 1981K, committed 2176K, reserved 1114112K
[16.042s][info][gc,heap,exit]   class space    used 172K, committed 320K, reserved 1048576K
