[0.009s][info][gc,init] CardTable entry size: 512
[0.009s][info][gc     ] Using Parallel
[0.016s][info][gc,init] Version: 21.0.5+9-LTS-239 (release)
[0.017s][info][gc,init] CPUs: 12 total, 12 available
[0.017s][info][gc,init] Memory: 16190M
[0.017s][info][gc,init] Large Page Support: Disabled
[0.017s][info][gc,init] NUMA Support: Disabled
[0.017s][info][gc,init] Compressed Oops: Enabled (Zero based)
[0.017s][info][gc,init] Alignments: Space 512K, Generation 512K, Heap 2M
[0.017s][info][gc,init] Heap Min Capacity: 2G
[0.017s][info][gc,init] Heap Initial Capacity: 2G
[0.017s][info][gc,init] Heap Max Capacity: 4G
[0.017s][info][gc,init] Pre-touch: Disabled
[0.017s][info][gc,init] Parallel Workers: 10
[0.025s][info][gc,metaspace] CDS archive(s) mapped at: [0x00000294b3000000-0x00000294b3c90000-0x00000294b3c90000), size 13172736, SharedBaseAddress: 0x00000294b3000000, ArchiveRelocationMode: 1.
[0.025s][info][gc,metaspace] Compressed class space mapped at: 0x00000294b4000000-0x00000294f4000000, reserved size: 1073741824
[0.025s][info][gc,metaspace] Narrow klass base: 0x00000294b3000000, Narrow klass shift: 0, Narrow klass range: 0x100000000
[1.281s][info][gc,start    ] GC(0) Pause Young (Allocation Failure)
[1.292s][info][gc,heap     ] GC(0) PSYoungGen: 524800K(611840K)->17024K(611840K) Eden: 524800K(524800K)->0K(524800K) From: 0K(87040K)->17024K(87040K)
[1.292s][info][gc,heap     ] GC(0) ParOldGen: 0K(1398272K)->72K(1398272K)
[1.292s][info][gc,metaspace] GC(0) Metaspace: 1502K(1600K)->1502K(1600K) NonClass: 1383K(1408K)->1383K(1408K) Class: 118K(192K)->118K(192K)
[1.292s][info][gc          ] GC(0) Pause Young (Allocation Failure) 512M->16M(1963M) 10.496ms
[1.292s][info][gc,cpu      ] GC(0) User=0.05s Sys=0.11s Real=0.01s
[1.602s][info][gc,heap,exit] Heap
[1.602s][info][gc,heap,exit]  PSYoungGen      total 611840K, used 171759K [0x00000007aab00000, 0x00000007d5580000, 0x0000000800000000)
[1.602s][info][gc,heap,exit]   eden space 524800K, 29% used [0x00000007aab00000,0x00000007b421beb8,0x00000007cab80000)
[1.602s][info][gc,heap,exit]   from space 87040K, 19% used [0x00000007cab80000,0x00000007cbc20030,0x00000007d0080000)
[1.602s][info][gc,heap,exit]   to   space 87040K, 0% used [0x00000007d0080000,0x00000007d0080000,0x00000007d5580000)
[1.602s][info][gc,heap,exit]  ParOldGen       total 1398272K, used 72K [0x0000000700000000, 0x0000000755580000, 0x00000007aab00000)
[1.602s][info][gc,heap,exit]   object space 1398272K, 0% used [0x0000000700000000,0x0000000700012010,0x0000000755580000)
[1.602s][info][gc,heap,exit]  Metaspace       used 1691K, committed 1792K, reserved 1114112K
[1.602s][info][gc,heap,exit]   class space    used 144K, committed 192K, reserved 1048576K
