[0.009s][info][gc,init] CardTable entry size: 512
[0.009s][info][gc     ] Using Parallel
[0.015s][info][gc,init] Version: 21.0.5+9-LTS-239 (release)
[0.015s][info][gc,init] CPUs: 12 total, 12 available
[0.015s][info][gc,init] Memory: 16190M
[0.015s][info][gc,init] Large Page Support: Disabled
[0.015s][info][gc,init] NUMA Support: Disabled
[0.015s][info][gc,init] Compressed Oops: Enabled (Zero based)
[0.015s][info][gc,init] Alignments: Space 512K, Generation 512K, Heap 2M
[0.015s][info][gc,init] Heap Min Capacity: 2G
[0.015s][info][gc,init] Heap Initial Capacity: 2G
[0.015s][info][gc,init] Heap Max Capacity: 4G
[0.015s][info][gc,init] Pre-touch: Disabled
[0.015s][info][gc,init] Parallel Workers: 10
[0.024s][info][gc,metaspace] CDS archive(s) mapped at: [0x0000021720000000-0x0000021720c90000-0x0000021720c90000), size 13172736, SharedBaseAddress: 0x0000021720000000, ArchiveRelocationMode: 1.
[0.024s][info][gc,metaspace] Compressed class space mapped at: 0x0000021721000000-0x0000021761000000, reserved size: 1073741824
[0.024s][info][gc,metaspace] Narrow klass base: 0x0000021720000000, Narrow klass shift: 0, Narrow klass range: 0x100000000
[1.222s][info][gc,start    ] GC(0) Pause Young (Allocation Failure)
[1.232s][info][gc,heap     ] GC(0) PSYoungGen: 524800K(611840K)->16944K(611840K) Eden: 524800K(524800K)->0K(524800K) From: 0K(87040K)->16944K(87040K)
[1.232s][info][gc,heap     ] GC(0) ParOldGen: 0K(1398272K)->72K(1398272K)
[1.232s][info][gc,metaspace] GC(0) Metaspace: 1502K(1600K)->1502K(1600K) NonClass: 1383K(1408K)->1383K(1408K) Class: 118K(192K)->118K(192K)
[1.232s][info][gc          ] GC(0) Pause Young (Allocation Failure) 512M->16M(1963M) 10.098ms
[1.232s][info][gc,cpu      ] GC(0) User=0.08s Sys=0.08s Real=0.01s
[2.034s][info][gc,start    ] GC(1) Pause Young (Allocation Failure)
[2.050s][info][gc,heap     ] GC(1) PSYoungGen: 541744K(611840K)->28935K(611840K) Eden: 524800K(524800K)->0K(524800K) From: 16944K(87040K)->28935K(87040K)
[2.050s][info][gc,heap     ] GC(1) ParOldGen: 72K(1398272K)->80K(1398272K)
[2.050s][info][gc,metaspace] GC(1) Metaspace: 1504K(1600K)->1504K(1600K) NonClass: 1386K(1408K)->1386K(1408K) Class: 118K(192K)->118K(192K)
[2.050s][info][gc          ] GC(1) Pause Young (Allocation Failure) 529M->28M(1963M) 15.561ms
[2.050s][info][gc,cpu      ] GC(1) User=0.12s Sys=0.03s Real=0.01s
[2.888s][info][gc,start    ] GC(2) Pause Young (Allocation Failure)
[2.908s][info][gc,heap     ] GC(2) PSYoungGen: 553735K(611840K)->40217K(611840K) Eden: 524800K(524800K)->0K(524800K) From: 28935K(87040K)->40217K(87040K)
[2.908s][info][gc,heap     ] GC(2) ParOldGen: 80K(1398272K)->88K(1398272K)
[2.908s][info][gc,metaspace] GC(2) Metaspace: 1504K(1600K)->1504K(1600K) NonClass: 1386K(1408K)->1386K(1408K) Class: 118K(192K)->118K(192K)
[2.908s][info][gc          ] GC(2) Pause Young (Allocation Failure) 540M->39M(1963M) 19.559ms
[2.908s][info][gc,cpu      ] GC(2) User=0.08s Sys=0.08s Real=0.02s
[3.865s][info][gc,start    ] GC(3) Pause Young (Allocation Failure)
[3.891s][info][gc,heap     ] GC(3) PSYoungGen: 565017K(611840K)->49656K(1136640K) Eden: 524800K(524800K)->0K(1049600K) From: 40217K(87040K)->49656K(87040K)
[3.891s][info][gc,heap     ] GC(3) ParOldGen: 88K(1398272K)->96K(1398272K)
[3.891s][info][gc,metaspace] GC(3) Metaspace: 1504K(1600K)->1504K(1600K) NonClass: 1386K(1408K)->1386K(1408K) Class: 118K(192K)->118K(192K)
[3.891s][info][gc          ] GC(3) Pause Young (Allocation Failure) 551M->48M(2475M) 26.392ms
[3.891s][info][gc,cpu      ] GC(3) User=0.28s Sys=0.03s Real=0.03s
[5.600s][info][gc,start    ] GC(4) Pause Young (Allocation Failure)
[5.631s][info][gc,heap     ] GC(4) PSYoungGen: 1099256K(1136640K)->66895K(1136640K) Eden: 1049600K(1049600K)->0K(1049600K) From: 49656K(87040K)->66895K(87040K)
[5.631s][info][gc,heap     ] GC(4) ParOldGen: 96K(1398272K)->104K(1398272K)
[5.631s][info][gc,metaspace] GC(4) Metaspace: 1504K(1600K)->1504K(1600K) NonClass: 1386K(1408K)->1386K(1408K) Class: 118K(192K)->118K(192K)
[5.632s][info][gc          ] GC(4) Pause Young (Allocation Failure) 1073M->65M(2475M) 31.794ms
[5.632s][info][gc,cpu      ] GC(4) User=0.25s Sys=0.06s Real=0.03s
[7.241s][info][gc,start    ] GC(5) Pause Young (Allocation Failure)
[7.289s][info][gc,heap     ] GC(5) PSYoungGen: 1116495K(1136640K)->76275K(1280000K) Eden: 1049600K(1049600K)->0K(1203712K) From: 66895K(87040K)->76275K(76288K)
[7.289s][info][gc,heap     ] GC(5) ParOldGen: 104K(1398272K)->9504K(1398272K)
[7.289s][info][gc,metaspace] GC(5) Metaspace: 1504K(1600K)->1504K(1600K) NonClass: 1386K(1408K)->1386K(1408K) Class: 118K(192K)->118K(192K)
[7.289s][info][gc          ] GC(5) Pause Young (Allocation Failure) 1090M->83M(2615M) 48.413ms
[7.289s][info][gc,cpu      ] GC(5) User=0.34s Sys=0.06s Real=0.05s
[9.682s][info][gc,start    ] GC(6) Pause Young (Allocation Failure)
[9.726s][info][gc,heap     ] GC(6) PSYoungGen: 1279987K(1280000K)->69905K(1273856K) Eden: 1203712K(1203712K)->0K(1203712K) From: 76275K(76288K)->69905K(70144K)
[9.726s][info][gc,heap     ] GC(6) ParOldGen: 9504K(1398272K)->32712K(1398272K)
[9.726s][info][gc,metaspace] GC(6) Metaspace: 1504K(1600K)->1504K(1600K) NonClass: 1386K(1408K)->1386K(1408K) Class: 118K(192K)->118K(192K)
[9.726s][info][gc          ] GC(6) Pause Young (Allocation Failure) 1259M->100M(2609M) 44.369ms
[9.726s][info][gc,cpu      ] GC(6) User=0.23s Sys=0.08s Real=0.04s
[11.589s][info][gc,start    ] GC(7) Pause Young (Allocation Failure)
[11.625s][info][gc,heap     ] GC(7) PSYoungGen: 1273617K(1273856K)->68279K(1293824K) Eden: 1203712K(1203712K)->0K(1192960K) From: 69905K(70144K)->68279K(100864K)
[11.625s][info][gc,heap     ] GC(7) ParOldGen: 32712K(1398272K)->49224K(1398272K)
[11.625s][info][gc,metaspace] GC(7) Metaspace: 1504K(1600K)->1504K(1600K) NonClass: 1386K(1408K)->1386K(1408K) Class: 118K(192K)->118K(192K)
[11.625s][info][gc          ] GC(7) Pause Young (Allocation Failure) 1275M->114M(2629M) 36.146ms
[11.625s][info][gc,cpu      ] GC(7) User=0.31s Sys=0.00s Real=0.04s
[13.613s][info][gc,start    ] GC(8) Pause Young (Allocation Failure)
[13.657s][info][gc,heap     ] GC(8) PSYoungGen: 1261239K(1293824K)->46997K(1240064K) Eden: 1192960K(1192960K)->0K(1192960K) From: 68279K(100864K)->46997K(47104K)
[13.657s][info][gc,heap     ] GC(8) ParOldGen: 49224K(1398272K)->85868K(1398272K)
[13.657s][info][gc,metaspace] GC(8) Metaspace: 1506K(1600K)->1506K(1600K) NonClass: 1388K(1408K)->1388K(1408K) Class: 118K(192K)->118K(192K)
[13.657s][info][gc          ] GC(8) Pause Young (Allocation Failure) 1279M->129M(2576M) 43.860ms
[13.657s][info][gc,cpu      ] GC(8) User=0.33s Sys=0.02s Real=0.04s
[15.581s][info][gc,start    ] GC(9) Pause Young (Allocation Failure)
[15.628s][info][gc,heap     ] GC(9) PSYoungGen: 1239957K(1240064K)->45083K(1295360K) Eden: 1192960K(1192960K)->0K(1197568K) From: 46997K(47104K)->45083K(97792K)
[15.628s][info][gc,heap     ] GC(9) ParOldGen: 85868K(1398272K)->117284K(1398272K)
[15.628s][info][gc,metaspace] GC(9) Metaspace: 1510K(1664K)->1510K(1664K) NonClass: 1391K(1472K)->1391K(1472K) Class: 118K(192K)->118K(192K)
[15.628s][info][gc          ] GC(9) Pause Young (Allocation Failure) 1294M->158M(2630M) 46.615ms
[15.628s][info][gc,cpu      ] GC(9) User=0.38s Sys=0.09s Real=0.05s
[17.452s][info][gc,start    ] GC(10) Pause Young (Allocation Failure)
[17.497s][info][gc,heap     ] GC(10) PSYoungGen: 1242651K(1295360K)->15199K(1292288K) Eden: 1197568K(1197568K)->0K(1197568K) From: 45083K(97792K)->15199K(94720K)
[17.497s][info][gc,heap     ] GC(10) ParOldGen: 117284K(1398272K)->161956K(1398272K)
[17.497s][info][gc,metaspace] GC(10) Metaspace: 1510K(1664K)->1510K(1664K) NonClass: 1392K(1472K)->1392K(1472K) Class: 118K(192K)->118K(192K)
[17.497s][info][gc          ] GC(10) Pause Young (Allocation Failure) 1328M->173M(2627M) 44.495ms
[17.497s][info][gc,cpu      ] GC(10) User=0.45s Sys=0.02s Real=0.04s
[19.324s][info][gc,start    ] GC(11) Pause Young (Allocation Failure)
[19.341s][info][gc,heap     ] GC(11) PSYoungGen: 1212767K(1292288K)->13880K(1299968K) Eden: 1197568K(1197568K)->0K(1203200K) From: 15199K(94720K)->13880K(96768K)
[19.341s][info][gc,heap     ] GC(11) ParOldGen: 161956K(1398272K)->176356K(1398272K)
[19.341s][info][gc,metaspace] GC(11) Metaspace: 1513K(1664K)->1513K(1664K) NonClass: 1394K(1472K)->1394K(1472K) Class: 118K(192K)->118K(192K)
[19.341s][info][gc          ] GC(11) Pause Young (Allocation Failure) 1342M->185M(2635M) 17.287ms
[19.342s][info][gc,cpu      ] GC(11) User=0.16s Sys=0.00s Real=0.02s
[21.181s][info][gc,start    ] GC(12) Pause Young (Allocation Failure)
[21.198s][info][gc,heap     ] GC(12) PSYoungGen: 1217080K(1299968K)->14844K(1300480K) Eden: 1203200K(1203200K)->0K(1203200K) From: 13880K(96768K)->14844K(97280K)
[21.198s][info][gc,heap     ] GC(12) ParOldGen: 176356K(1398272K)->189452K(1398272K)
[21.198s][info][gc,metaspace] GC(12) Metaspace: 1513K(1664K)->1513K(1664K) NonClass: 1394K(1472K)->1394K(1472K) Class: 118K(192K)->118K(192K)
[21.198s][info][gc          ] GC(12) Pause Young (Allocation Failure) 1360M->199M(2635M) 17.402ms
[21.199s][info][gc,cpu      ] GC(12) User=0.16s Sys=0.00s Real=0.02s
[23.058s][info][gc,start    ] GC(13) Pause Young (Allocation Failure)
[23.075s][info][gc,heap     ] GC(13) PSYoungGen: 1218044K(1300480K)->13444K(1298432K) Eden: 1203200K(1203200K)->0K(1203200K) From: 14844K(97280K)->13444K(95232K)
[23.075s][info][gc,heap     ] GC(13) ParOldGen: 189452K(1398272K)->203708K(1398272K)
[23.075s][info][gc,metaspace] GC(13) Metaspace: 1513K(1664K)->1513K(1664K) NonClass: 1394K(1472K)->1394K(1472K) Class: 118K(192K)->118K(192K)
[23.075s][info][gc          ] GC(13) Pause Young (Allocation Failure) 1374M->212M(2633M) 17.100ms
[23.075s][info][gc,cpu      ] GC(13) User=0.16s Sys=0.00s Real=0.02s
[24.940s][info][gc,start    ] GC(14) Pause Young (Allocation Failure)
[24.958s][info][gc,heap     ] GC(14) PSYoungGen: 1216644K(1298432K)->14631K(1299456K) Eden: 1203200K(1203200K)->0K(1203200K) From: 13444K(95232K)->14631K(96256K)
[24.958s][info][gc,heap     ] GC(14) ParOldGen: 203708K(1398272K)->216468K(1398272K)
[24.958s][info][gc,metaspace] GC(14) Metaspace: 1514K(1664K)->1514K(1664K) NonClass: 1395K(1472K)->1395K(1472K) Class: 118K(192K)->118K(192K)
[24.958s][info][gc          ] GC(14) Pause Young (Allocation Failure) 1387M->225M(2634M) 17.400ms
[24.958s][info][gc,cpu      ] GC(14) User=0.16s Sys=0.00s Real=0.02s
[26.829s][info][gc,start    ] GC(15) Pause Young (Allocation Failure)
[26.847s][info][gc,heap     ] GC(15) PSYoungGen: 1217831K(1299456K)->14642K(1297920K) Eden: 1203200K(1203200K)->0K(1206784K) From: 14631K(96256K)->14642K(91136K)
[26.847s][info][gc,heap     ] GC(15) ParOldGen: 216468K(1398272K)->230452K(1398272K)
[26.847s][info][gc,metaspace] GC(15) Metaspace: 1514K(1664K)->1514K(1664K) NonClass: 1395K(1472K)->1395K(1472K) Class: 118K(192K)->118K(192K)
[26.847s][info][gc          ] GC(15) Pause Young (Allocation Failure) 1400M->239M(2633M) 18.122ms
[26.847s][info][gc,cpu      ] GC(15) User=0.16s Sys=0.00s Real=0.02s
[28.883s][info][gc,start    ] GC(16) Pause Young (Allocation Failure)
[28.902s][info][gc,heap     ] GC(16) PSYoungGen: 1221426K(1297920K)->14174K(1299456K) Eden: 1206784K(1206784K)->0K(1206784K) From: 14642K(91136K)->14174K(92672K)
[28.902s][info][gc,heap     ] GC(16) ParOldGen: 230452K(1398272K)->243996K(1398272K)
[28.902s][info][gc,metaspace] GC(16) Metaspace: 1514K(1664K)->1514K(1664K) NonClass: 1395K(1472K)->1395K(1472K) Class: 118K(192K)->118K(192K)
[28.902s][info][gc          ] GC(16) Pause Young (Allocation Failure) 1417M->252M(2634M) 18.839ms
[28.902s][info][gc,cpu      ] GC(16) User=0.16s Sys=0.00s Real=0.02s
[30.792s][info][gc,start    ] GC(17) Pause Young (Allocation Failure)
[30.811s][info][gc,heap     ] GC(17) PSYoungGen: 1220958K(1299456K)->13658K(1300992K) Eden: 1206784K(1206784K)->0K(1214976K) From: 14174K(92672K)->13658K(86016K)
[30.811s][info][gc,heap     ] GC(17) ParOldGen: 243996K(1398272K)->257220K(1398272K)
[30.811s][info][gc,metaspace] GC(17) Metaspace: 1514K(1664K)->1514K(1664K) NonClass: 1395K(1472K)->1395K(1472K) Class: 118K(192K)->118K(192K)
[30.811s][info][gc          ] GC(17) Pause Young (Allocation Failure) 1430M->264M(2636M) 18.116ms
[30.811s][info][gc,cpu      ] GC(17) User=0.14s Sys=0.02s Real=0.02s
[32.733s][info][gc,start    ] GC(18) Pause Young (Allocation Failure)
[32.751s][info][gc,heap     ] GC(18) PSYoungGen: 1228634K(1300992K)->13596K(1302528K) Eden: 1214976K(1214976K)->0K(1214976K) From: 13658K(86016K)->13596K(87552K)
[32.751s][info][gc,heap     ] GC(18) ParOldGen: 257220K(1398272K)->269844K(1398272K)
[32.751s][info][gc,metaspace] GC(18) Metaspace: 1514K(1664K)->1514K(1664K) NonClass: 1395K(1472K)->1395K(1472K) Class: 118K(192K)->118K(192K)
[32.751s][info][gc          ] GC(18) Pause Young (Allocation Failure) 1451M->276M(2637M) 17.957ms
[32.751s][info][gc,cpu      ] GC(18) User=0.16s Sys=0.00s Real=0.02s
[34.831s][info][gc,start    ] GC(19) Pause Young (Allocation Failure)
[34.849s][info][gc,heap     ] GC(19) PSYoungGen: 1228572K(1302528K)->12728K(1305088K) Eden: 1214976K(1214976K)->0K(1225216K) From: 13596K(87552K)->12728K(79872K)
[34.849s][info][gc,heap     ] GC(19) ParOldGen: 269844K(1398272K)->282604K(1398272K)
[34.849s][info][gc,metaspace] GC(19) Metaspace: 1514K(1664K)->1514K(1664K) NonClass: 1396K(1472K)->1396K(1472K) Class: 118K(192K)->118K(192K)
[34.849s][info][gc          ] GC(19) Pause Young (Allocation Failure) 1463M->288M(2640M) 18.163ms
[34.849s][info][gc,cpu      ] GC(19) User=0.16s Sys=0.00s Real=0.02s
[36.785s][info][gc,start    ] GC(20) Pause Young (Allocation Failure)
[36.845s][info][gc,heap     ] GC(20) PSYoungGen: 1237944K(1305088K)->45655K(1307136K) Eden: 1225216K(1225216K)->0K(1225216K) From: 12728K(79872K)->45655K(81920K)
[36.845s][info][gc,heap     ] GC(20) ParOldGen: 282604K(1398272K)->294652K(1398272K)
[36.845s][info][gc,metaspace] GC(20) Metaspace: 1516K(1664K)->1516K(1664K) NonClass: 1398K(1472K)->1398K(1472K) Class: 118K(192K)->118K(192K)
[36.845s][info][gc          ] GC(20) Pause Young (Allocation Failure) 1484M->332M(2642M) 60.221ms
[36.845s][info][gc,cpu      ] GC(20) User=0.55s Sys=0.08s Real=0.06s
[38.742s][info][gc,start    ] GC(21) Pause Young (Allocation Failure)
[38.800s][info][gc,heap     ] GC(21) PSYoungGen: 1270871K(1307136K)->13357K(1311232K) Eden: 1225216K(1225216K)->0K(1232384K) From: 45655K(81920K)->13357K(78848K)
[38.800s][info][gc,heap     ] GC(21) ParOldGen: 294652K(1398272K)->339324K(1398272K)
[38.800s][info][gc,metaspace] GC(21) Metaspace: 1516K(1664K)->1516K(1664K) NonClass: 1398K(1472K)->1398K(1472K) Class: 118K(192K)->118K(192K)
[38.800s][info][gc          ] GC(21) Pause Young (Allocation Failure) 1528M->344M(2646M) 58.240ms
[38.800s][info][gc,cpu      ] GC(21) User=0.30s Sys=0.02s Real=0.06s
[40.692s][info][gc,start    ] GC(22) Pause Young (Allocation Failure)
[40.710s][info][gc,heap     ] GC(22) PSYoungGen: 1245741K(1311232K)->12605K(1312768K) Eden: 1232384K(1232384K)->0K(1232384K) From: 13357K(78848K)->12605K(80384K)
[40.710s][info][gc,heap     ] GC(22) ParOldGen: 339324K(1398272K)->351852K(1398272K)
[40.710s][info][gc,metaspace] GC(22) Metaspace: 1516K(1664K)->1516K(1664K) NonClass: 1398K(1472K)->1398K(1472K) Class: 118K(192K)->118K(192K)
[40.710s][info][gc          ] GC(22) Pause Young (Allocation Failure) 1547M->355M(2647M) 18.255ms
[40.710s][info][gc,cpu      ] GC(22) User=0.12s Sys=0.03s Real=0.02s
[42.620s][info][gc,start    ] GC(23) Pause Young (Allocation Failure)
[42.638s][info][gc,heap     ] GC(23) PSYoungGen: 1244989K(1312768K)->12482K(1312256K) Eden: 1232384K(1232384K)->0K(1239552K) From: 12605K(80384K)->12482K(72704K)
[42.638s][info][gc,heap     ] GC(23) ParOldGen: 351852K(1398272K)->363516K(1398272K)
[42.638s][info][gc,metaspace] GC(23) Metaspace: 1517K(1664K)->1517K(1664K) NonClass: 1399K(1472K)->1399K(1472K) Class: 118K(192K)->118K(192K)
[42.638s][info][gc          ] GC(23) Pause Young (Allocation Failure) 1559M->367M(2647M) 17.685ms
[42.638s][info][gc,cpu      ] GC(23) User=0.16s Sys=0.00s Real=0.02s
[44.552s][info][gc,start    ] GC(24) Pause Young (Allocation Failure)
[44.571s][info][gc,heap     ] GC(24) PSYoungGen: 1252034K(1312256K)->12928K(1314304K) Eden: 1239552K(1239552K)->0K(1239552K) From: 12482K(72704K)->12928K(74752K)
[44.572s][info][gc,heap     ] GC(24) ParOldGen: 363516K(1398272K)->375060K(1398272K)
[44.572s][info][gc,metaspace] GC(24) Metaspace: 1517K(1664K)->1517K(1664K) NonClass: 1399K(1472K)->1399K(1472K) Class: 118K(192K)->118K(192K)
[44.572s][info][gc          ] GC(24) Pause Young (Allocation Failure) 1577M->378M(2649M) 19.258ms
[44.572s][info][gc,cpu      ] GC(24) User=0.30s Sys=0.02s Real=0.02s
[46.825s][info][gc,heap,exit] Heap
[46.825s][info][gc,heap,exit]  PSYoungGen      total 1314304K, used 1160793K [0x00000007aab00000, 0x00000007ffc00000, 0x0000000800000000)
[46.825s][info][gc,heap,exit]   eden space 1239552K, 92% used [0x00000007aab00000,0x00000007f0bf6650,0x00000007f6580000)
[46.825s][info][gc,heap,exit]   from space 74752K, 17% used [0x00000007f6580000,0x00000007f7220000,0x00000007fae80000)
[46.825s][info][gc,heap,exit]   to   space 71680K, 0% used [0x00000007fb600000,0x00000007fb600000,0x00000007ffc00000)
[46.825s][info][gc,heap,exit]  ParOldGen       total 1398272K, used 375060K [0x0000000700000000, 0x0000000755580000, 0x00000007aab00000)
[46.825s][info][gc,heap,exit]   object space 1398272K, 26% used [0x0000000700000000,0x0000000716e45128,0x0000000755580000)
[46.826s][info][gc,heap,exit]  Metaspace       used 1709K, committed 1856K, reserved 1114112K
[46.826s][info][gc,heap,exit]   class space    used 144K, committed 192K, reserved 1048576K
