[0.011s][info][gc,init] CardTable entry size: 512
[0.011s][info][gc     ] Using Parallel
[0.017s][info][gc,init] Version: 21.0.5+9-LTS-239 (release)
[0.017s][info][gc,init] CPUs: 12 total, 12 available
[0.017s][info][gc,init] Memory: 16190M
[0.017s][info][gc,init] Large Page Support: Disabled
[0.017s][info][gc,init] NUMA Support: Disabled
[0.017s][info][gc,init] Compressed Oops: Enabled (Zero based)
[0.017s][info][gc,init] Alignments: Space 512K, Generation 512K, Heap 2M
[0.017s][info][gc,init] Heap Min Capacity: 2G
[0.017s][info][gc,init] Heap Initial Capacity: 2G
[0.017s][info][gc,init] Heap Max Capacity: 4G
[0.017s][info][gc,init] Pre-touch: Disabled
[0.017s][info][gc,init] Parallel Workers: 10
[0.026s][info][gc,metaspace] CDS archive(s) mapped at: [0x000001bf80000000-0x000001bf80c90000-0x000001bf80c90000), size 13172736, SharedBaseAddress: 0x000001bf80000000, ArchiveRelocationMode: 1.
[0.026s][info][gc,metaspace] Compressed class space mapped at: 0x000001bf81000000-0x000001bfc1000000, reserved size: 1073741824
[0.026s][info][gc,metaspace] Narrow klass base: 0x000001bf80000000, Narrow klass shift: 0, Narrow klass range: 0x100000000
[0.734s][info][gc,start    ] GC(0) Pause Young (Allocation Failure)
[0.749s][info][gc,heap     ] GC(0) PSYoungGen: 524800K(611840K)->34630K(611840K) Eden: 524800K(524800K)->0K(524800K) From: 0K(87040K)->34630K(87040K)
[0.750s][info][gc,heap     ] GC(0) ParOldGen: 0K(1398272K)->72K(1398272K)
[0.750s][info][gc,metaspace] GC(0) Metaspace: 1733K(1856K)->1733K(1856K) NonClass: 1592K(1664K)->1592K(1664K) Class: 140K(192K)->140K(192K)
[0.750s][info][gc          ] GC(0) Pause Young (Allocation Failure) 512M->33M(1963M) 15.091ms
[0.750s][info][gc,cpu      ] GC(0) User=0.05s Sys=0.02s Real=0.01s
[0.993s][info][gc,start    ] GC(1) Pause Young (Allocation Failure)
[1.015s][info][gc,heap     ] GC(1) PSYoungGen: 559430K(611840K)->73731K(1136640K) Eden: 524800K(524800K)->0K(1049600K) From: 34630K(87040K)->73731K(87040K)
[1.015s][info][gc,heap     ] GC(1) ParOldGen: 72K(1398272K)->144K(1398272K)
[1.015s][info][gc,metaspace] GC(1) Metaspace: 1760K(1856K)->1760K(1856K) NonClass: 1619K(1664K)->1619K(1664K) Class: 140K(192K)->140K(192K)
[1.015s][info][gc          ] GC(1) Pause Young (Allocation Failure) 546M->72M(2475M) 21.756ms
[1.015s][info][gc,cpu      ] GC(1) User=0.09s Sys=0.06s Real=0.02s
[1.498s][info][gc,start    ] GC(2) Pause Young (Allocation Failure)
[1.544s][info][gc,heap     ] GC(2) PSYoungGen: 1123331K(1136640K)->87018K(1136640K) Eden: 1049600K(1049600K)->0K(1049600K) From: 73731K(87040K)->87018K(87040K)
[1.544s][info][gc,heap     ] GC(2) ParOldGen: 144K(1398272K)->58051K(1398272K)
[1.544s][info][gc,metaspace] GC(2) Metaspace: 1760K(1856K)->1760K(1856K) NonClass: 1619K(1664K)->1619K(1664K) Class: 140K(192K)->140K(192K)
[1.544s][info][gc          ] GC(2) Pause Young (Allocation Failure) 1097M->141M(2475M) 46.123ms
[1.544s][info][gc,cpu      ] GC(2) User=0.30s Sys=0.17s Real=0.05s
[1.979s][info][gc,start    ] GC(3) Pause Young (Allocation Failure)
[2.019s][info][gc,heap     ] GC(3) PSYoungGen: 1136618K(1136640K)->87039K(1310720K) Eden: 1049600K(1049600K)->0K(1223680K) From: 87018K(87040K)->87039K(87040K)
[2.019s][info][gc,heap     ] GC(3) ParOldGen: 58051K(1398272K)->135317K(1398272K)
[2.019s][info][gc,metaspace] GC(3) Metaspace: 1760K(1856K)->1760K(1856K) NonClass: 1619K(1664K)->1619K(1664K) Class: 140K(192K)->140K(192K)
[2.019s][info][gc          ] GC(3) Pause Young (Allocation Failure) 1166M->217M(2645M) 40.505ms
[2.019s][info][gc,cpu      ] GC(3) User=0.36s Sys=0.11s Real=0.04s
[2.520s][info][gc,start    ] GC(4) Pause Young (Allocation Failure)
[2.572s][info][gc,heap     ] GC(4) PSYoungGen: 1310719K(1310720K)->87036K(1310720K) Eden: 1223680K(1223680K)->0K(1223680K) From: 87039K(87040K)->87036K(87040K)
[2.572s][info][gc,heap     ] GC(4) ParOldGen: 135317K(1398272K)->252070K(1398272K)
[2.572s][info][gc,metaspace] GC(4) Metaspace: 1760K(1856K)->1760K(1856K) NonClass: 1619K(1664K)->1619K(1664K) Class: 140K(192K)->140K(192K)
[2.572s][info][gc          ] GC(4) Pause Young (Allocation Failure) 1412M->331M(2645M) 51.402ms
[2.572s][info][gc,cpu      ] GC(4) User=0.22s Sys=0.25s Real=0.05s
[3.075s][info][gc,start    ] GC(5) Pause Young (Allocation Failure)
[3.132s][info][gc,heap     ] GC(5) PSYoungGen: 1310716K(1310720K)->87038K(916480K) Eden: 1223680K(1223680K)->0K(829440K) From: 87036K(87040K)->87038K(87040K)
[3.132s][info][gc,heap     ] GC(5) ParOldGen: 252070K(1398272K)->376185K(1398272K)
[3.132s][info][gc,metaspace] GC(5) Metaspace: 1760K(1856K)->1760K(1856K) NonClass: 1619K(1664K)->1619K(1664K) Class: 140K(192K)->140K(192K)
[3.132s][info][gc          ] GC(5) Pause Young (Allocation Failure) 1526M->452M(2260M) 56.485ms
[3.132s][info][gc,cpu      ] GC(5) User=0.20s Sys=0.30s Real=0.06s
[3.490s][info][gc,start    ] GC(6) Pause Young (Allocation Failure)
[3.526s][info][gc,heap     ] GC(6) PSYoungGen: 916478K(916480K)->187335K(1016832K) Eden: 829440K(829440K)->0K(829440K) From: 87038K(87040K)->187335K(187392K)
[3.526s][info][gc,heap     ] GC(6) ParOldGen: 376185K(1398272K)->377657K(1398272K)
[3.526s][info][gc,metaspace] GC(6) Metaspace: 1779K(1920K)->1779K(1920K) NonClass: 1638K(1664K)->1638K(1664K) Class: 141K(256K)->141K(256K)
[3.526s][info][gc          ] GC(6) Pause Young (Allocation Failure) 1262M->551M(2358M) 36.478ms
[3.526s][info][gc,cpu      ] GC(6) User=0.19s Sys=0.12s Real=0.04s
[3.996s][info][gc,start    ] GC(7) Pause Young (Allocation Failure)
[4.041s][info][gc,heap     ] GC(7) PSYoungGen: 1016775K(1016832K)->221773K(1076736K) Eden: 829440K(829440K)->0K(788480K) From: 187335K(187392K)->221773K(288256K)
[4.041s][info][gc,heap     ] GC(7) ParOldGen: 377657K(1398272K)->383397K(1398272K)
[4.041s][info][gc,metaspace] GC(7) Metaspace: 1807K(1984K)->1807K(1984K) NonClass: 1661K(1728K)->1661K(1728K) Class: 146K(256K)->146K(256K)
[4.041s][info][gc          ] GC(7) Pause Young (Allocation Failure) 1361M->590M(2417M) 45.168ms
[4.041s][info][gc,cpu      ] GC(7) User=0.47s Sys=0.00s Real=0.05s
[4.743s][info][gc,start    ] GC(8) Pause Young (Allocation Failure)
[4.796s][info][gc,heap     ] GC(8) PSYoungGen: 1010253K(1076736K)->194257K(1093120K) Eden: 788480K(788480K)->0K(788480K) From: 221773K(288256K)->194257K(304640K)
[4.796s][info][gc,heap     ] GC(8) ParOldGen: 383397K(1398272K)->425990K(1398272K)
[4.796s][info][gc,metaspace] GC(8) Metaspace: 1807K(1984K)->1807K(1984K) NonClass: 1661K(1728K)->1661K(1728K) Class: 146K(256K)->146K(256K)
[4.796s][info][gc          ] GC(8) Pause Young (Allocation Failure) 1360M->605M(2433M) 52.805ms
[4.796s][info][gc,cpu      ] GC(8) User=0.44s Sys=0.03s Real=0.05s
[5.500s][info][gc,start    ] GC(9) Pause Young (Allocation Failure)
[5.554s][info][gc,heap     ] GC(9) PSYoungGen: 982737K(1093120K)->37408K(1081856K) Eden: 788480K(788480K)->0K(777216K) From: 194257K(304640K)->37408K(304640K)
[5.554s][info][gc,heap     ] GC(9) ParOldGen: 425990K(1398272K)->600484K(1398272K)
[5.554s][info][gc,metaspace] GC(9) Metaspace: 1808K(1984K)->1808K(1984K) NonClass: 1661K(1728K)->1661K(1728K) Class: 146K(256K)->146K(256K)
[5.554s][info][gc          ] GC(9) Pause Young (Allocation Failure) 1375M->622M(2422M) 53.320ms
[5.554s][info][gc,cpu      ] GC(9) User=0.48s Sys=0.14s Real=0.05s
[6.271s][info][gc,start    ] GC(10) Pause Young (Allocation Failure)
[6.332s][info][gc,heap     ] GC(10) PSYoungGen: 814624K(1081856K)->42208K(819712K) Eden: 777216K(777216K)->0K(777216K) From: 37408K(304640K)->42208K(42496K)
[6.332s][info][gc,heap     ] GC(10) ParOldGen: 600484K(1398272K)->637452K(1398272K)
[6.332s][info][gc,metaspace] GC(10) Metaspace: 1814K(1984K)->1814K(1984K) NonClass: 1668K(1728K)->1668K(1728K) Class: 146K(256K)->146K(256K)
[6.332s][info][gc          ] GC(10) Pause Young (Allocation Failure) 1381M->663M(2166M) 60.949ms
[6.332s][info][gc,cpu      ] GC(10) User=0.53s Sys=0.09s Real=0.06s
[7.052s][info][gc,start    ] GC(11) Pause Young (Allocation Failure)
[7.109s][info][gc,heap     ] GC(11) PSYoungGen: 819424K(819712K)->17760K(1080832K) Eden: 777216K(777216K)->0K(769024K) From: 42208K(42496K)->17760K(311808K)
[7.109s][info][gc,heap     ] GC(11) ParOldGen: 637452K(1398272K)->745116K(1398272K)
[7.109s][info][gc,metaspace] GC(11) Metaspace: 1814K(1984K)->1814K(1984K) NonClass: 1668K(1728K)->1668K(1728K) Class: 146K(256K)->146K(256K)
[7.109s][info][gc          ] GC(11) Pause Young (Allocation Failure) 1422M->744M(2421M) 56.666ms
[7.109s][info][gc,cpu      ] GC(11) User=0.45s Sys=0.02s Real=0.06s
[7.865s][info][gc,heap,exit] Heap
[7.865s][info][gc,heap,exit]  PSYoungGen      total 1080832K, used 361191K [0x00000007aab00000, 0x0000000800000000, 0x0000000800000000)
[7.865s][info][gc,heap,exit]   eden space 769024K, 44% used [0x00000007aab00000,0x00000007bfa61c60,0x00000007d9a00000)
[7.865s][info][gc,heap,exit]   from space 311808K, 5% used [0x00000007ecf80000,0x00000007ee0d8000,0x0000000800000000)
[7.865s][info][gc,heap,exit]   to   space 314368K, 0% used [0x00000007d9a00000,0x00000007d9a00000,0x00000007ecd00000)
[7.865s][info][gc,heap,exit]  ParOldGen       total 1398272K, used 745116K [0x0000000700000000, 0x0000000755580000, 0x00000007aab00000)
[7.865s][info][gc,heap,exit]   object space 1398272K, 53% used [0x0000000700000000,0x000000072d7a7378,0x0000000755580000)
[7.865s][info][gc,heap,exit]  Metaspace       used 2044K, committed 2176K, reserved 1114112K
[7.865s][info][gc,heap,exit]   class space    used 175K, committed 256K, reserved 1048576K
