[0.009s][info][gc,init] CardTable entry size: 512
[0.009s][info][gc     ] Using Parallel
[0.016s][info][gc,init] Version: 21.0.5+9-LTS-239 (release)
[0.016s][info][gc,init] CPUs: 12 total, 12 available
[0.016s][info][gc,init] Memory: 16190M
[0.016s][info][gc,init] Large Page Support: Disabled
[0.016s][info][gc,init] NUMA Support: Disabled
[0.016s][info][gc,init] Compressed Oops: Enabled (Zero based)
[0.016s][info][gc,init] Alignments: Space 512K, Generation 512K, Heap 2M
[0.016s][info][gc,init] Heap Min Capacity: 2G
[0.016s][info][gc,init] Heap Initial Capacity: 2G
[0.016s][info][gc,init] Heap Max Capacity: 4G
[0.016s][info][gc,init] Pre-touch: Disabled
[0.016s][info][gc,init] Parallel Workers: 10
[0.025s][info][gc,metaspace] CDS archive(s) mapped at: [0x000002d480000000-0x000002d480c90000-0x000002d480c90000), size 13172736, SharedBaseAddress: 0x000002d480000000, ArchiveRelocationMode: 1.
[0.025s][info][gc,metaspace] Compressed class space mapped at: 0x000002d481000000-0x000002d4c1000000, reserved size: 1073741824
[0.025s][info][gc,metaspace] Narrow klass base: 0x000002d480000000, Narrow klass shift: 0, Narrow klass range: 0x100000000
[0.741s][info][gc,start    ] GC(0) Pause Young (Allocation Failure)
[0.755s][info][gc,heap     ] GC(0) PSYoungGen: 524800K(611840K)->19803K(611840K) Eden: 524800K(524800K)->0K(524800K) From: 0K(87040K)->19803K(87040K)
[0.755s][info][gc,heap     ] GC(0) ParOldGen: 0K(1398272K)->72K(1398272K)
[0.755s][info][gc,metaspace] GC(0) Metaspace: 1754K(1856K)->1754K(1856K) NonClass: 1610K(1664K)->1610K(1664K) Class: 143K(192K)->143K(192K)
[0.755s][info][gc          ] GC(0) Pause Young (Allocation Failure) 512M->19M(1963M) 13.620ms
[0.755s][info][gc,cpu      ] GC(0) User=0.11s Sys=0.05s Real=0.01s
[0.993s][info][gc,start    ] GC(1) Pause Young (Allocation Failure)
[1.011s][info][gc,heap     ] GC(1) PSYoungGen: 544603K(611840K)->40784K(1136640K) Eden: 524800K(524800K)->0K(1049600K) From: 19803K(87040K)->40784K(87040K)
[1.011s][info][gc,heap     ] GC(1) ParOldGen: 72K(1398272K)->144K(1398272K)
[1.011s][info][gc,metaspace] GC(1) Metaspace: 1782K(1920K)->1782K(1920K) NonClass: 1638K(1728K)->1638K(1728K) Class: 143K(192K)->143K(192K)
[1.011s][info][gc          ] GC(1) Pause Young (Allocation Failure) 531M->39M(2475M) 17.944ms
[1.011s][info][gc,cpu      ] GC(1) User=0.12s Sys=0.03s Real=0.02s
[1.504s][info][gc,start    ] GC(2) Pause Young (Allocation Failure)
[1.536s][info][gc,heap     ] GC(2) PSYoungGen: 1090384K(1136640K)->63313K(1136640K) Eden: 1049600K(1049600K)->0K(1049600K) From: 40784K(87040K)->63313K(87040K)
[1.536s][info][gc,heap     ] GC(2) ParOldGen: 144K(1398272K)->152K(1398272K)
[1.536s][info][gc,metaspace] GC(2) Metaspace: 1802K(2048K)->1802K(2048K) NonClass: 1657K(1792K)->1657K(1792K) Class: 145K(256K)->145K(256K)
[1.536s][info][gc          ] GC(2) Pause Young (Allocation Failure) 1064M->61M(2475M) 31.624ms
[1.536s][info][gc,cpu      ] GC(2) User=0.19s Sys=0.12s Real=0.03s
[1.969s][info][gc,start    ] GC(3) Pause Young (Allocation Failure)
[2.012s][info][gc,heap     ] GC(3) PSYoungGen: 1112913K(1136640K)->87033K(1310720K) Eden: 1049600K(1049600K)->0K(1223680K) From: 63313K(87040K)->87033K(87040K)
[2.012s][info][gc,heap     ] GC(3) ParOldGen: 152K(1398272K)->19320K(1398272K)
[2.012s][info][gc,metaspace] GC(3) Metaspace: 1802K(2048K)->1802K(2048K) NonClass: 1657K(1792K)->1657K(1792K) Class: 145K(256K)->145K(256K)
[2.012s][info][gc          ] GC(3) Pause Young (Allocation Failure) 1086M->103M(2645M) 42.961ms
[2.012s][info][gc,cpu      ] GC(3) User=0.41s Sys=0.06s Real=0.04s
[2.528s][info][gc,start    ] GC(4) Pause Young (Allocation Failure)
[2.584s][info][gc,heap     ] GC(4) PSYoungGen: 1310713K(1310720K)->87027K(1310720K) Eden: 1223680K(1223680K)->0K(1223680K) From: 87033K(87040K)->87027K(87040K)
[2.584s][info][gc,heap     ] GC(4) ParOldGen: 19320K(1398272K)->70168K(1398272K)
[2.584s][info][gc,metaspace] GC(4) Metaspace: 1802K(2048K)->1802K(2048K) NonClass: 1657K(1792K)->1657K(1792K) Class: 145K(256K)->145K(256K)
[2.584s][info][gc          ] GC(4) Pause Young (Allocation Failure) 1298M->153M(2645M) 56.269ms
[2.584s][info][gc,cpu      ] GC(4) User=0.36s Sys=0.25s Real=0.06s
[3.424s][info][gc,heap,exit] Heap
[3.424s][info][gc,heap,exit]  PSYoungGen      total 1310720K, used 1198634K [0x00000007aab00000, 0x0000000800000000, 0x0000000800000000)
[3.424s][info][gc,heap,exit]   eden space 1223680K, 90% used [0x00000007aab00000,0x00000007ee88dc98,0x00000007f5600000)
[3.424s][info][gc,heap,exit]   from space 87040K, 99% used [0x00000007f5600000,0x00000007faafcdb0,0x00000007fab00000)
[3.424s][info][gc,heap,exit]   to   space 87040K, 0% used [0x00000007fab00000,0x00000007fab00000,0x0000000800000000)
[3.424s][info][gc,heap,exit]  ParOldGen       total 1398272K, used 70168K [0x0000000700000000, 0x0000000755580000, 0x00000007aab00000)
[3.425s][info][gc,heap,exit]   object space 1398272K, 5% used [0x0000000700000000,0x0000000704486020,0x0000000755580000)
[3.425s][info][gc,heap,exit]  Metaspace       used 2051K, committed 2176K, reserved 1114112K
[3.425s][info][gc,heap,exit]   class space    used 179K, committed 256K, reserved 1048576K
