[0.010s][info][gc,init] CardTable entry size: 512
[0.010s][info][gc     ] Using Parallel
[0.016s][info][gc,init] Version: 21.0.5+9-LTS-239 (release)
[0.016s][info][gc,init] CPUs: 12 total, 12 available
[0.016s][info][gc,init] Memory: 16190M
[0.016s][info][gc,init] Large Page Support: Disabled
[0.016s][info][gc,init] NUMA Support: Disabled
[0.016s][info][gc,init] Compressed Oops: Enabled (Zero based)
[0.016s][info][gc,init] Alignments: Space 512K, Generation 512K, Heap 2M
[0.016s][info][gc,init] Heap Min Capacity: 2G
[0.016s][info][gc,init] Heap Initial Capacity: 2G
[0.016s][info][gc,init] Heap Max Capacity: 4G
[0.016s][info][gc,init] Pre-touch: Disabled
[0.016s][info][gc,init] Parallel Workers: 10
[0.025s][info][gc,metaspace] CDS archive(s) mapped at: [0x000001e4ad000000-0x000001e4adc90000-0x000001e4adc90000), size 13172736, SharedBaseAddress: 0x000001e4ad000000, ArchiveRelocationMode: 1.
[0.025s][info][gc,metaspace] Compressed class space mapped at: 0x000001e4ae000000-0x000001e4ee000000, reserved size: 1073741824
[0.025s][info][gc,metaspace] Narrow klass base: 0x000001e4ad000000, Narrow klass shift: 0, Narrow klass range: 0x100000000
[0.713s][info][gc,start    ] GC(0) Pause Young (Allocation Failure)
[0.726s][info][gc,heap     ] GC(0) PSYoungGen: 524800K(611840K)->18763K(611840K) Eden: 524800K(524800K)->0K(524800K) From: 0K(87040K)->18763K(87040K)
[0.726s][info][gc,heap     ] GC(0) ParOldGen: 0K(1398272K)->72K(1398272K)
[0.726s][info][gc,metaspace] GC(0) Metaspace: 1738K(1856K)->1738K(1856K) NonClass: 1598K(1664K)->1598K(1664K) Class: 140K(192K)->140K(192K)
[0.726s][info][gc          ] GC(0) Pause Young (Allocation Failure) 512M->18M(1963M) 13.294ms
[0.726s][info][gc,cpu      ] GC(0) User=0.02s Sys=0.06s Real=0.01s
[0.967s][info][gc,start    ] GC(1) Pause Young (Allocation Failure)
[0.983s][info][gc,heap     ] GC(1) PSYoungGen: 543563K(611840K)->34467K(1136640K) Eden: 524800K(524800K)->0K(1049600K) From: 18763K(87040K)->34467K(87040K)
[0.984s][info][gc,heap     ] GC(1) ParOldGen: 72K(1398272K)->80K(1398272K)
[0.984s][info][gc,metaspace] GC(1) Metaspace: 1776K(1856K)->1776K(1856K) NonClass: 1636K(1664K)->1636K(1664K) Class: 140K(192K)->140K(192K)
[0.984s][info][gc          ] GC(1) Pause Young (Allocation Failure) 530M->33M(2475M) 16.897ms
[0.984s][info][gc,cpu      ] GC(1) User=0.16s Sys=0.00s Real=0.02s
[1.482s][info][gc,start    ] GC(2) Pause Young (Allocation Failure)
[1.513s][info][gc,heap     ] GC(2) PSYoungGen: 1084067K(1136640K)->57296K(1136640K) Eden: 1049600K(1049600K)->0K(1049600K) From: 34467K(87040K)->57296K(87040K)
[1.513s][info][gc,heap     ] GC(2) ParOldGen: 80K(1398272K)->88K(1398272K)
[1.513s][info][gc,metaspace] GC(2) Metaspace: 1776K(1856K)->1776K(1856K) NonClass: 1636K(1664K)->1636K(1664K) Class: 140K(192K)->140K(192K)
[1.513s][info][gc          ] GC(2) Pause Young (Allocation Failure) 1058M->56M(2475M) 30.748ms
[1.513s][info][gc,cpu      ] GC(2) User=0.27s Sys=0.05s Real=0.03s
[1.970s][info][gc,start    ] GC(3) Pause Young (Allocation Failure)
[2.007s][info][gc,heap     ] GC(3) PSYoungGen: 1106896K(1136640K)->77957K(1310720K) Eden: 1049600K(1049600K)->0K(1223680K) From: 57296K(87040K)->77957K(87040K)
[2.007s][info][gc,heap     ] GC(3) ParOldGen: 88K(1398272K)->96K(1398272K)
[2.007s][info][gc,metaspace] GC(3) Metaspace: 1776K(1856K)->1776K(1856K) NonClass: 1636K(1664K)->1636K(1664K) Class: 140K(192K)->140K(192K)
[2.007s][info][gc          ] GC(3) Pause Young (Allocation Failure) 1081M->76M(2645M) 37.429ms
[2.007s][info][gc,cpu      ] GC(3) User=0.20s Sys=0.08s Real=0.04s
[2.556s][info][gc,start    ] GC(4) Pause Young (Allocation Failure)
[2.613s][info][gc,heap     ] GC(4) PSYoungGen: 1301637K(1310720K)->87036K(1310720K) Eden: 1223680K(1223680K)->0K(1223680K) From: 77957K(87040K)->87036K(87040K)
[2.613s][info][gc,heap     ] GC(4) ParOldGen: 96K(1398272K)->33272K(1398272K)
[2.613s][info][gc,metaspace] GC(4) Metaspace: 1796K(1920K)->1796K(1920K) NonClass: 1654K(1728K)->1654K(1728K) Class: 141K(192K)->141K(192K)
[2.613s][info][gc          ] GC(4) Pause Young (Allocation Failure) 1271M->117M(2645M) 57.456ms
[2.613s][info][gc,cpu      ] GC(4) User=0.42s Sys=0.11s Real=0.06s
[3.406s][info][gc,heap,exit] Heap
[3.406s][info][gc,heap,exit]  PSYoungGen      total 1310720K, used 1299344K [0x00000007aab00000, 0x0000000800000000, 0x0000000800000000)
[3.406s][info][gc,heap,exit]   eden space 1223680K, 99% used [0x00000007aab00000,0x00000007f4ae5250,0x00000007f5600000)
[3.406s][info][gc,heap,exit]   from space 87040K, 99% used [0x00000007f5600000,0x00000007faaff028,0x00000007fab00000)
[3.406s][info][gc,heap,exit]   to   space 87040K, 0% used [0x00000007fab00000,0x00000007fab00000,0x0000000800000000)
[3.406s][info][gc,heap,exit]  ParOldGen       total 1398272K, used 33272K [0x0000000700000000, 0x0000000755580000, 0x00000007aab00000)
[3.406s][info][gc,heap,exit]   object space 1398272K, 2% used [0x0000000700000000,0x000000070207e010,0x0000000755580000)
[3.406s][info][gc,heap,exit]  Metaspace       used 2037K, committed 2176K, reserved 1114112K
[3.406s][info][gc,heap,exit]   class space    used 175K, committed 256K, reserved 1048576K
