[0.011s][info][gc,init] CardTable entry size: 512
[0.011s][info][gc     ] Using Parallel
[0.018s][info][gc,init] Version: 21.0.5+9-LTS-239 (release)
[0.018s][info][gc,init] CPUs: 12 total, 12 available
[0.018s][info][gc,init] Memory: 16190M
[0.018s][info][gc,init] Large Page Support: Disabled
[0.018s][info][gc,init] NUMA Support: Disabled
[0.018s][info][gc,init] Compressed Oops: Enabled (Zero based)
[0.018s][info][gc,init] Alignments: Space 512K, Generation 512K, Heap 2M
[0.018s][info][gc,init] Heap Min Capacity: 2G
[0.018s][info][gc,init] Heap Initial Capacity: 2G
[0.018s][info][gc,init] Heap Max Capacity: 4G
[0.018s][info][gc,init] Pre-touch: Disabled
[0.018s][info][gc,init] Parallel Workers: 10
[0.028s][info][gc,metaspace] CDS archive(s) mapped at: [0x000001c55e000000-0x000001c55ec90000-0x000001c55ec90000), size 13172736, SharedBaseAddress: 0x000001c55e000000, ArchiveRelocationMode: 1.
[0.028s][info][gc,metaspace] Compressed class space mapped at: 0x000001c55f000000-0x000001c59f000000, reserved size: 1073741824
[0.028s][info][gc,metaspace] Narrow klass base: 0x000001c55e000000, Narrow klass shift: 0, Narrow klass range: 0x100000000
[0.813s][info][gc,start    ] GC(0) Pause Young (Allocation Failure)
[0.826s][info][gc,heap     ] GC(0) PSYoungGen: 524800K(611840K)->20125K(611840K) Eden: 524800K(524800K)->0K(524800K) From: 0K(87040K)->20125K(87040K)
[0.826s][info][gc,heap     ] GC(0) ParOldGen: 0K(1398272K)->72K(1398272K)
[0.826s][info][gc,metaspace] GC(0) Metaspace: 1743K(1856K)->1743K(1856K) NonClass: 1601K(1664K)->1601K(1664K) Class: 141K(192K)->141K(192K)
[0.826s][info][gc          ] GC(0) Pause Young (Allocation Failure) 512M->19M(1963M) 13.849ms
[0.826s][info][gc,cpu      ] GC(0) User=0.06s Sys=0.09s Real=0.01s
[1.097s][info][gc,start    ] GC(1) Pause Young (Allocation Failure)
[1.116s][info][gc,heap     ] GC(1) PSYoungGen: 544925K(611840K)->32689K(1136640K) Eden: 524800K(524800K)->0K(1049600K) From: 20125K(87040K)->32689K(87040K)
[1.116s][info][gc,heap     ] GC(1) ParOldGen: 72K(1398272K)->80K(1398272K)
[1.116s][info][gc,metaspace] GC(1) Metaspace: 1780K(1856K)->1780K(1856K) NonClass: 1638K(1664K)->1638K(1664K) Class: 141K(192K)->141K(192K)
[1.116s][info][gc          ] GC(1) Pause Young (Allocation Failure) 532M->32M(2475M) 18.328ms
[1.116s][info][gc,cpu      ] GC(1) User=0.12s Sys=0.05s Real=0.02s
[1.672s][info][gc,start    ] GC(2) Pause Young (Allocation Failure)
[1.707s][info][gc,heap     ] GC(2) PSYoungGen: 1082289K(1136640K)->66256K(1136640K) Eden: 1049600K(1049600K)->0K(1049600K) From: 32689K(87040K)->66256K(87040K)
[1.707s][info][gc,heap     ] GC(2) ParOldGen: 80K(1398272K)->88K(1398272K)
[1.707s][info][gc,metaspace] GC(2) Metaspace: 1780K(1856K)->1780K(1856K) NonClass: 1638K(1664K)->1638K(1664K) Class: 141K(192K)->141K(192K)
[1.707s][info][gc          ] GC(2) Pause Young (Allocation Failure) 1057M->64M(2475M) 34.684ms
[1.707s][info][gc,cpu      ] GC(2) User=0.19s Sys=0.12s Real=0.03s
[2.209s][info][gc,start    ] GC(3) Pause Young (Allocation Failure)
[2.251s][info][gc,heap     ] GC(3) PSYoungGen: 1115856K(1136640K)->81341K(1310720K) Eden: 1049600K(1049600K)->0K(1223680K) From: 66256K(87040K)->81341K(87040K)
[2.251s][info][gc,heap     ] GC(3) ParOldGen: 88K(1398272K)->96K(1398272K)
[2.251s][info][gc,metaspace] GC(3) Metaspace: 1780K(1856K)->1780K(1856K) NonClass: 1638K(1664K)->1638K(1664K) Class: 141K(192K)->141K(192K)
[2.251s][info][gc          ] GC(3) Pause Young (Allocation Failure) 1089M->79M(2645M) 42.529ms
[2.251s][info][gc,cpu      ] GC(3) User=0.39s Sys=0.06s Real=0.04s
[2.830s][info][gc,start    ] GC(4) Pause Young (Allocation Failure)
[2.895s][info][gc,heap     ] GC(4) PSYoungGen: 1305021K(1310720K)->87036K(1310720K) Eden: 1223680K(1223680K)->0K(1223680K) From: 81341K(87040K)->87036K(87040K)
[2.895s][info][gc,heap     ] GC(4) ParOldGen: 96K(1398272K)->36288K(1398272K)
[2.895s][info][gc,metaspace] GC(4) Metaspace: 1799K(1920K)->1799K(1920K) NonClass: 1656K(1728K)->1656K(1728K) Class: 142K(192K)->142K(192K)
[2.895s][info][gc          ] GC(4) Pause Young (Allocation Failure) 1274M->120M(2645M) 64.918ms
[2.895s][info][gc,cpu      ] GC(4) User=0.47s Sys=0.08s Real=0.07s
[3.505s][info][gc,start    ] GC(5) Pause Young (Allocation Failure)
[3.553s][info][gc,heap     ] GC(5) PSYoungGen: 1310716K(1310720K)->87028K(1204224K) Eden: 1223680K(1223680K)->0K(1117184K) From: 87036K(87040K)->87028K(87040K)
[3.553s][info][gc,heap     ] GC(5) ParOldGen: 36288K(1398272K)->37896K(1398272K)
[3.553s][info][gc,metaspace] GC(5) Metaspace: 1799K(1920K)->1799K(1920K) NonClass: 1657K(1728K)->1657K(1728K) Class: 142K(192K)->142K(192K)
[3.553s][info][gc          ] GC(5) Pause Young (Allocation Failure) 1315M->121M(2541M) 47.487ms
[3.553s][info][gc,cpu      ] GC(5) User=0.33s Sys=0.14s Real=0.05s
[4.093s][info][gc,start    ] GC(6) Pause Young (Allocation Failure)
[4.142s][info][gc,heap     ] GC(6) PSYoungGen: 1204212K(1204224K)->89309K(1206784K) Eden: 1117184K(1117184K)->0K(1117184K) From: 87028K(87040K)->89309K(89600K)
[4.142s][info][gc,heap     ] GC(6) ParOldGen: 37896K(1398272K)->53995K(1398272K)
[4.142s][info][gc,metaspace] GC(6) Metaspace: 1799K(1920K)->1799K(1920K) NonClass: 1657K(1728K)->1657K(1728K) Class: 142K(192K)->142K(192K)
[4.142s][info][gc          ] GC(6) Pause Young (Allocation Failure) 1212M->139M(2544M) 48.483ms
[4.142s][info][gc,cpu      ] GC(6) User=0.45s Sys=0.02s Real=0.05s
[4.683s][info][gc,start    ] GC(7) Pause Young (Allocation Failure)
[4.735s][info][gc,heap     ] GC(7) PSYoungGen: 1206493K(1206784K)->79255K(1262080K) Eden: 1117184K(1117184K)->0K(1121280K) From: 89309K(89600K)->79255K(140800K)
[4.735s][info][gc,heap     ] GC(7) ParOldGen: 53995K(1398272K)->80319K(1398272K)
[4.735s][info][gc,metaspace] GC(7) Metaspace: 1800K(1920K)->1800K(1920K) NonClass: 1657K(1728K)->1657K(1728K) Class: 142K(192K)->142K(192K)
[4.735s][info][gc          ] GC(7) Pause Young (Allocation Failure) 1230M->155M(2598M) 51.903ms
[4.735s][info][gc,cpu      ] GC(7) User=0.44s Sys=0.03s Real=0.05s
[5.259s][info][gc,start    ] GC(8) Pause Young (Allocation Failure)
[5.326s][info][gc,heap     ] GC(8) PSYoungGen: 1200535K(1262080K)->78108K(1199616K) Eden: 1121280K(1121280K)->0K(1121280K) From: 79255K(140800K)->78108K(78336K)
[5.326s][info][gc,heap     ] GC(8) ParOldGen: 80319K(1398272K)->113191K(1398272K)
[5.327s][info][gc,metaspace] GC(8) Metaspace: 1809K(1920K)->1809K(1920K) NonClass: 1666K(1728K)->1666K(1728K) Class: 142K(192K)->142K(192K)
[5.327s][info][gc          ] GC(8) Pause Young (Allocation Failure) 1250M->186M(2537M) 67.110ms
[5.327s][info][gc,cpu      ] GC(8) User=0.59s Sys=0.03s Real=0.07s
[5.838s][info][gc,start    ] GC(9) Pause Young (Allocation Failure)
[5.899s][info][gc,heap     ] GC(9) PSYoungGen: 1199388K(1199616K)->59501K(1255936K) Eden: 1121280K(1121280K)->0K(1124864K) From: 78108K(78336K)->59501K(131072K)
[5.899s][info][gc,heap     ] GC(9) ParOldGen: 113191K(1398272K)->146655K(1398272K)
[5.899s][info][gc,metaspace] GC(9) Metaspace: 1809K(1920K)->1809K(1920K) NonClass: 1666K(1728K)->1666K(1728K) Class: 142K(192K)->142K(192K)
[5.899s][info][gc          ] GC(9) Pause Young (Allocation Failure) 1281M->201M(2592M) 60.735ms
[5.899s][info][gc,cpu      ] GC(9) User=0.61s Sys=0.02s Real=0.06s
[6.637s][info][gc,heap,exit] Heap
[6.637s][info][gc,heap,exit]  PSYoungGen      total 1255936K, used 865306K [0x00000007aab00000, 0x0000000800000000, 0x0000000800000000)
[6.637s][info][gc,heap,exit]   eden space 1124864K, 71% used [0x00000007aab00000,0x00000007dbdeb398,0x00000007ef580000)
[6.637s][info][gc,heap,exit]   from space 131072K, 45% used [0x00000007f7200000,0x00000007fac1b5b0,0x00000007ff200000)
[6.637s][info][gc,heap,exit]   to   space 127488K, 0% used [0x00000007ef580000,0x00000007ef580000,0x00000007f7200000)
[6.637s][info][gc,heap,exit]  ParOldGen       total 1398272K, used 146655K [0x0000000700000000, 0x0000000755580000, 0x00000007aab00000)
[6.637s][info][gc,heap,exit]   object space 1398272K, 10% used [0x0000000700000000,0x0000000708f37e10,0x0000000755580000)
[6.637s][info][gc,heap,exit]  Metaspace       used 2046K, committed 2176K, reserved 1114112K
[6.637s][info][gc,heap,exit]   class space    used 176K, committed 256K, reserved 1048576K
