[0.010s][info][gc,init] CardTable entry size: 512
[0.010s][info][gc     ] Using Parallel
[0.016s][info][gc,init] Version: 21.0.5+9-LTS-239 (release)
[0.016s][info][gc,init] CPUs: 12 total, 12 available
[0.016s][info][gc,init] Memory: 16190M
[0.016s][info][gc,init] Large Page Support: Disabled
[0.016s][info][gc,init] NUMA Support: Disabled
[0.016s][info][gc,init] Compressed Oops: Enabled (Zero based)
[0.016s][info][gc,init] Alignments: Space 512K, Generation 512K, Heap 2M
[0.016s][info][gc,init] Heap Min Capacity: 2G
[0.016s][info][gc,init] Heap Initial Capacity: 2G
[0.016s][info][gc,init] Heap Max Capacity: 4G
[0.016s][info][gc,init] Pre-touch: Disabled
[0.016s][info][gc,init] Parallel Workers: 10
[0.034s][info][gc,metaspace] CDS archive(s) mapped at: [0x0000025b51000000-0x0000025b51c90000-0x0000025b51c90000), size 13172736, SharedBaseAddress: 0x0000025b51000000, ArchiveRelocationMode: 1.
[0.034s][info][gc,metaspace] Compressed class space mapped at: 0x0000025b52000000-0x0000025b92000000, reserved size: 1073741824
[0.034s][info][gc,metaspace] Narrow klass base: 0x0000025b51000000, Narrow klass shift: 0, Narrow klass range: 0x100000000
[0.781s][info][gc,start    ] GC(0) Pause Young (Allocation Failure)
[0.796s][info][gc,heap     ] GC(0) PSYoungGen: 524800K(611840K)->36930K(611840K) Eden: 524800K(524800K)->0K(524800K) From: 0K(87040K)->36930K(87040K)
[0.796s][info][gc,heap     ] GC(0) ParOldGen: 0K(1398272K)->72K(1398272K)
[0.796s][info][gc,metaspace] GC(0) Metaspace: 1709K(1792K)->1709K(1792K) NonClass: 1573K(1600K)->1573K(1600K) Class: 136K(192K)->136K(192K)
[0.796s][info][gc          ] GC(0) Pause Young (Allocation Failure) 512M->36M(1963M) 14.882ms
[0.796s][info][gc,cpu      ] GC(0) User=0.03s Sys=0.03s Real=0.02s
[1.066s][info][gc,start    ] GC(1) Pause Young (Allocation Failure)
[1.092s][info][gc,heap     ] GC(1) PSYoungGen: 561730K(611840K)->87033K(1136640K) Eden: 524800K(524800K)->0K(1049600K) From: 36930K(87040K)->87033K(87040K)
[1.092s][info][gc,heap     ] GC(1) ParOldGen: 72K(1398272K)->13368K(1398272K)
[1.092s][info][gc,metaspace] GC(1) Metaspace: 1726K(1856K)->1726K(1856K) NonClass: 1590K(1664K)->1590K(1664K) Class: 136K(192K)->136K(192K)
[1.092s][info][gc          ] GC(1) Pause Young (Allocation Failure) 548M->98M(2475M) 26.252ms
[1.092s][info][gc,cpu      ] GC(1) User=0.11s Sys=0.05s Real=0.03s
[1.669s][info][gc,start    ] GC(2) Pause Young (Allocation Failure)
[1.712s][info][gc,heap     ] GC(2) PSYoungGen: 1136633K(1136640K)->87039K(1136640K) Eden: 1049600K(1049600K)->0K(1049600K) From: 87033K(87040K)->87039K(87040K)
[1.712s][info][gc,heap     ] GC(2) ParOldGen: 13368K(1398272K)->130865K(1398272K)
[1.712s][info][gc,metaspace] GC(2) Metaspace: 1734K(1856K)->1734K(1856K) NonClass: 1598K(1664K)->1598K(1664K) Class: 136K(192K)->136K(192K)
[1.712s][info][gc          ] GC(2) Pause Young (Allocation Failure) 1123M->212M(2475M) 43.275ms
[1.712s][info][gc,cpu      ] GC(2) User=0.23s Sys=0.23s Real=0.04s
[2.527s][info][gc,start    ] GC(3) Pause Young (Allocation Failure)
[2.570s][info][gc,heap     ] GC(3) PSYoungGen: 1136639K(1136640K)->87039K(1310720K) Eden: 1049600K(1049600K)->0K(1223680K) From: 87039K(87040K)->87039K(87040K)
[2.570s][info][gc,heap     ] GC(3) ParOldGen: 130865K(1398272K)->206901K(1398272K)
[2.570s][info][gc,metaspace] GC(3) Metaspace: 1763K(1920K)->1763K(1920K) NonClass: 1622K(1664K)->1622K(1664K) Class: 141K(256K)->141K(256K)
[2.570s][info][gc          ] GC(3) Pause Young (Allocation Failure) 1237M->287M(2645M) 42.707ms
[2.570s][info][gc,cpu      ] GC(3) User=0.25s Sys=0.22s Real=0.04s
[4.570s][info][gc,start    ] GC(4) Pause Young (Allocation Failure)
[4.615s][info][gc,heap     ] GC(4) PSYoungGen: 1310719K(1310720K)->87014K(1310720K) Eden: 1223680K(1223680K)->0K(1223680K) From: 87039K(87040K)->87014K(87040K)
[4.615s][info][gc,heap     ] GC(4) ParOldGen: 206901K(1398272K)->226109K(1398272K)
[4.615s][info][gc,metaspace] GC(4) Metaspace: 1763K(1920K)->1763K(1920K) NonClass: 1622K(1664K)->1622K(1664K) Class: 141K(256K)->141K(256K)
[4.615s][info][gc          ] GC(4) Pause Young (Allocation Failure) 1482M->305M(2645M) 45.401ms
[4.615s][info][gc,cpu      ] GC(4) User=0.28s Sys=0.19s Real=0.05s
[6.468s][info][gc,heap,exit] Heap
[6.468s][info][gc,heap,exit]  PSYoungGen      total 1310720K, used 1114084K [0x00000007aab00000, 0x0000000800000000, 0x0000000800000000)
[6.468s][info][gc,heap,exit]   eden space 1223680K, 83% used [0x00000007aab00000,0x00000007e95ff848,0x00000007f5600000)
[6.468s][info][gc,heap,exit]   from space 87040K, 99% used [0x00000007f5600000,0x00000007faaf9a88,0x00000007fab00000)
[6.468s][info][gc,heap,exit]   to   space 87040K, 0% used [0x00000007fab00000,0x00000007fab00000,0x0000000800000000)
[6.468s][info][gc,heap,exit]  ParOldGen       total 1398272K, used 226109K [0x0000000700000000, 0x0000000755580000, 0x00000007aab00000)
[6.468s][info][gc,heap,exit]   object space 1398272K, 16% used [0x0000000700000000,0x000000070dccf578,0x0000000755580000)
[6.468s][info][gc,heap,exit]  Metaspace       used 1998K, committed 2176K, reserved 1114112K
[6.468s][info][gc,heap,exit]   class space    used 171K, committed 256K, reserved 1048576K
