[0.013s][info][gc,init] CardTable entry size: 512
[0.013s][info][gc     ] Using Parallel
[0.019s][info][gc,init] Version: 21.0.5+9-LTS-239 (release)
[0.019s][info][gc,init] CPUs: 12 total, 12 available
[0.019s][info][gc,init] Memory: 16190M
[0.019s][info][gc,init] Large Page Support: Disabled
[0.019s][info][gc,init] NUMA Support: Disabled
[0.019s][info][gc,init] Compressed Oops: Enabled (Zero based)
[0.019s][info][gc,init] Alignments: Space 512K, Generation 512K, Heap 2M
[0.019s][info][gc,init] Heap Min Capacity: 2G
[0.019s][info][gc,init] Heap Initial Capacity: 2G
[0.019s][info][gc,init] Heap Max Capacity: 4G
[0.019s][info][gc,init] Pre-touch: Disabled
[0.019s][info][gc,init] Parallel Workers: 10
[0.028s][info][gc,metaspace] CDS archive(s) mapped at: [0x0000022c47000000-0x0000022c47c90000-0x0000022c47c90000), size 13172736, SharedBaseAddress: 0x0000022c47000000, ArchiveRelocationMode: 1.
[0.028s][info][gc,metaspace] Compressed class space mapped at: 0x0000022c48000000-0x0000022c88000000, reserved size: 1073741824
[0.028s][info][gc,metaspace] Narrow klass base: 0x0000022c47000000, Narrow klass shift: 0, Narrow klass range: 0x100000000
[0.713s][info][gc,start    ] GC(0) Pause Young (Allocation Failure)
[0.726s][info][gc,heap     ] GC(0) PSYoungGen: 524800K(611840K)->19217K(611840K) Eden: 524800K(524800K)->0K(524800K) From: 0K(87040K)->19217K(87040K)
[0.726s][info][gc,heap     ] GC(0) ParOldGen: 0K(1398272K)->72K(1398272K)
[0.726s][info][gc,metaspace] GC(0) Metaspace: 1752K(1920K)->1752K(1920K) NonClass: 1608K(1728K)->1608K(1728K) Class: 144K(192K)->144K(192K)
[0.726s][info][gc          ] GC(0) Pause Young (Allocation Failure) 512M->18M(1963M) 13.129ms
[0.726s][info][gc,cpu      ] GC(0) User=0.06s Sys=0.00s Real=0.01s
[0.960s][info][gc,start    ] GC(1) Pause Young (Allocation Failure)
[0.977s][info][gc,heap     ] GC(1) PSYoungGen: 544017K(611840K)->33518K(1136640K) Eden: 524800K(524800K)->0K(1049600K) From: 19217K(87040K)->33518K(87040K)
[0.977s][info][gc,heap     ] GC(1) ParOldGen: 72K(1398272K)->80K(1398272K)
[0.977s][info][gc,metaspace] GC(1) Metaspace: 1787K(1920K)->1787K(1920K) NonClass: 1643K(1728K)->1643K(1728K) Class: 144K(192K)->144K(192K)
[0.977s][info][gc          ] GC(1) Pause Young (Allocation Failure) 531M->32M(2475M) 16.981ms
[0.977s][info][gc,cpu      ] GC(1) User=0.16s Sys=0.00s Real=0.02s
[1.469s][info][gc,start    ] GC(2) Pause Young (Allocation Failure)
[1.508s][info][gc,heap     ] GC(2) PSYoungGen: 1083118K(1136640K)->57456K(1136640K) Eden: 1049600K(1049600K)->0K(1049600K) From: 33518K(87040K)->57456K(87040K)
[1.509s][info][gc,heap     ] GC(2) ParOldGen: 80K(1398272K)->88K(1398272K)
[1.509s][info][gc,metaspace] GC(2) Metaspace: 1787K(1920K)->1787K(1920K) NonClass: 1643K(1728K)->1643K(1728K) Class: 144K(192K)->144K(192K)
[1.509s][info][gc          ] GC(2) Pause Young (Allocation Failure) 1057M->56M(2475M) 39.985ms
[1.509s][info][gc,cpu      ] GC(2) User=0.16s Sys=0.19s Real=0.04s
[1.969s][info][gc,start    ] GC(3) Pause Young (Allocation Failure)
[2.006s][info][gc,heap     ] GC(3) PSYoungGen: 1107056K(1136640K)->79009K(1310720K) Eden: 1049600K(1049600K)->0K(1223680K) From: 57456K(87040K)->79009K(87040K)
[2.006s][info][gc,heap     ] GC(3) ParOldGen: 88K(1398272K)->96K(1398272K)
[2.006s][info][gc,metaspace] GC(3) Metaspace: 1787K(1920K)->1787K(1920K) NonClass: 1643K(1728K)->1643K(1728K) Class: 144K(192K)->144K(192K)
[2.006s][info][gc          ] GC(3) Pause Young (Allocation Failure) 1081M->77M(2645M) 37.551ms
[2.006s][info][gc,cpu      ] GC(3) User=0.36s Sys=0.11s Real=0.04s
[2.553s][info][gc,start    ] GC(4) Pause Young (Allocation Failure)
[2.612s][info][gc,heap     ] GC(4) PSYoungGen: 1302689K(1310720K)->87035K(1310720K) Eden: 1223680K(1223680K)->0K(1223680K) From: 79009K(87040K)->87035K(87040K)
[2.613s][info][gc,heap     ] GC(4) ParOldGen: 96K(1398272K)->18456K(1398272K)
[2.613s][info][gc,metaspace] GC(4) Metaspace: 1807K(2048K)->1807K(2048K) NonClass: 1661K(1792K)->1661K(1792K) Class: 145K(256K)->145K(256K)
[2.613s][info][gc          ] GC(4) Pause Young (Allocation Failure) 1272M->103M(2645M) 59.284ms
[2.613s][info][gc,cpu      ] GC(4) User=0.33s Sys=0.09s Real=0.06s
[3.354s][info][gc,heap,exit] Heap
[3.354s][info][gc,heap,exit]  PSYoungGen      total 1310720K, used 1259662K [0x00000007aab00000, 0x0000000800000000, 0x0000000800000000)
[3.354s][info][gc,heap,exit]   eden space 1223680K, 95% used [0x00000007aab00000,0x00000007f2424d20,0x00000007f5600000)
[3.354s][info][gc,heap,exit]   from space 87040K, 99% used [0x00000007f5600000,0x00000007faafedc0,0x00000007fab00000)
[3.354s][info][gc,heap,exit]   to   space 87040K, 0% used [0x00000007fab00000,0x00000007fab00000,0x0000000800000000)
[3.354s][info][gc,heap,exit]  ParOldGen       total 1398272K, used 18456K [0x0000000700000000, 0x0000000755580000, 0x00000007aab00000)
[3.354s][info][gc,heap,exit]   object space 1398272K, 1% used [0x0000000700000000,0x0000000701206010,0x0000000755580000)
[3.354s][info][gc,heap,exit]  Metaspace       used 2044K, committed 2240K, reserved 1114112K
[3.354s][info][gc,heap,exit]   class space    used 180K, committed 320K, reserved 1048576K
