[0.009s][info][gc,init] CardTable entry size: 512
[0.009s][info][gc     ] Using Serial
[0.014s][info][gc,init] Version: 21.0.5+9-LTS-239 (release)
[0.014s][info][gc,init] CPUs: 12 total, 12 available
[0.014s][info][gc,init] Memory: 16190M
[0.014s][info][gc,init] Large Page Support: Disabled
[0.014s][info][gc,init] NUMA Support: Disabled
[0.014s][info][gc,init] Compressed Oops: Enabled (Zero based)
[0.014s][info][gc,init] Heap Min Capacity: 2G
[0.014s][info][gc,init] Heap Initial Capacity: 2G
[0.014s][info][gc,init] Heap Max Capacity: 4G
[0.014s][info][gc,init] Pre-touch: Disabled
[0.023s][info][gc,metaspace] CDS archive(s) mapped at: [0x00000185d2000000-0x00000185d2c90000-0x00000185d2c90000), size 13172736, SharedBaseAddress: 0x00000185d2000000, ArchiveRelocationMode: 1.
[0.024s][info][gc,metaspace] Compressed class space mapped at: 0x00000185d3000000-0x0000018613000000, reserved size: 1073741824
[0.024s][info][gc,metaspace] Narrow klass base: 0x00000185d2000000, Narrow klass shift: 0, Narrow klass range: 0x100000000
[0.826s][info][gc,start    ] GC(0) Pause Young (Allocation Failure)
[0.908s][info][gc,heap     ] GC(0) DefNew: 559232K(629120K)->31066K(629120K) Eden: 559232K(559232K)->0K(559232K) From: 0K(69888K)->31066K(69888K)
[0.908s][info][gc,heap     ] GC(0) Tenured: 0K(1398144K)->0K(1398144K)
[0.908s][info][gc,metaspace] GC(0) Metaspace: 1686K(1792K)->1686K(1792K) NonClass: 1547K(1600K)->1547K(1600K) Class: 138K(192K)->138K(192K)
[0.909s][info][gc          ] GC(0) Pause Young (Allocation Failure) 546M->30M(1979M) 82.467ms
[0.909s][info][gc,cpu      ] GC(0) User=0.08s Sys=0.00s Real=0.08s
[1.176s][info][gc,start    ] GC(1) Pause Young (Allocation Failure)
[1.253s][info][gc,heap     ] GC(1) DefNew: 590298K(629120K)->69888K(629120K) Eden: 559232K(559232K)->0K(559232K) From: 31066K(69888K)->69888K(69888K)
[1.253s][info][gc,heap     ] GC(1) Tenured: 0K(1398144K)->6586K(1398144K)
[1.253s][info][gc,metaspace] GC(1) Metaspace: 1717K(1792K)->1717K(1792K) NonClass: 1578K(1600K)->1578K(1600K) Class: 138K(192K)->138K(192K)
[1.253s][info][gc          ] GC(1) Pause Young (Allocation Failure) 576M->74M(1979M) 76.644ms
[1.253s][info][gc,cpu      ] GC(1) User=0.09s Sys=0.00s Real=0.08s
[1.487s][info][gc,start    ] GC(2) Pause Young (Allocation Failure)
[1.573s][info][gc,heap     ] GC(2) DefNew: 629120K(629120K)->69887K(629120K) Eden: 559232K(559232K)->0K(559232K) From: 69888K(69888K)->69887K(69888K)
[1.573s][info][gc,heap     ] GC(2) Tenured: 6586K(1398144K)->53163K(1398144K)
[1.573s][info][gc,metaspace] GC(2) Metaspace: 1717K(1792K)->1717K(1792K) NonClass: 1578K(1600K)->1578K(1600K) Class: 138K(192K)->138K(192K)
[1.573s][info][gc          ] GC(2) Pause Young (Allocation Failure) 620M->120M(1979M) 86.152ms
[1.573s][info][gc,cpu      ] GC(2) User=0.08s Sys=0.02s Real=0.09s
[1.805s][info][gc,start    ] GC(3) Pause Young (Allocation Failure)
[1.884s][info][gc,heap     ] GC(3) DefNew: 629119K(629120K)->69888K(629120K) Eden: 559232K(559232K)->0K(559232K) From: 69887K(69888K)->69888K(69888K)
[1.884s][info][gc,heap     ] GC(3) Tenured: 53163K(1398144K)->126892K(1398144K)
[1.884s][info][gc,metaspace] GC(3) Metaspace: 1717K(1792K)->1717K(1792K) NonClass: 1578K(1600K)->1578K(1600K) Class: 138K(192K)->138K(192K)
[1.884s][info][gc          ] GC(3) Pause Young (Allocation Failure) 666M->192M(1979M) 79.336ms
[1.884s][info][gc,cpu      ] GC(3) User=0.09s Sys=0.00s Real=0.08s
[2.128s][info][gc,start    ] GC(4) Pause Young (Allocation Failure)
[2.212s][info][gc,heap     ] GC(4) DefNew: 629120K(629120K)->69888K(629120K) Eden: 559232K(559232K)->0K(559232K) From: 69888K(69888K)->69888K(69888K)
[2.212s][info][gc,heap     ] GC(4) Tenured: 126892K(1398144K)->200337K(1398144K)
[2.212s][info][gc,metaspace] GC(4) Metaspace: 1717K(1792K)->1717K(1792K) NonClass: 1578K(1600K)->1578K(1600K) Class: 138K(192K)->138K(192K)
[2.212s][info][gc          ] GC(4) Pause Young (Allocation Failure) 738M->263M(1979M) 83.974ms
[2.212s][info][gc,cpu      ] GC(4) User=0.08s Sys=0.02s Real=0.08s
[2.457s][info][gc,start    ] GC(5) Pause Young (Allocation Failure)
[2.535s][info][gc,heap     ] GC(5) DefNew: 629120K(629120K)->69888K(629120K) Eden: 559232K(559232K)->0K(559232K) From: 69888K(69888K)->69888K(69888K)
[2.535s][info][gc,heap     ] GC(5) Tenured: 200337K(1398144K)->274431K(1398144K)
[2.535s][info][gc,metaspace] GC(5) Metaspace: 1717K(1792K)->1717K(1792K) NonClass: 1578K(1600K)->1578K(1600K) Class: 138K(192K)->138K(192K)
[2.535s][info][gc          ] GC(5) Pause Young (Allocation Failure) 810M->336M(1979M) 77.787ms
[2.535s][info][gc,cpu      ] GC(5) User=0.08s Sys=0.00s Real=0.08s
[3.032s][info][gc,start    ] GC(6) Pause Young (Allocation Failure)
[3.132s][info][gc,heap     ] GC(6) DefNew: 629120K(629120K)->20928K(629120K) Eden: 559232K(559232K)->0K(559232K) From: 69888K(69888K)->20928K(69888K)
[3.132s][info][gc,heap     ] GC(6) Tenured: 274431K(1398144K)->344255K(1398144K)
[3.132s][info][gc,metaspace] GC(6) Metaspace: 1718K(1792K)->1718K(1792K) NonClass: 1579K(1600K)->1579K(1600K) Class: 138K(192K)->138K(192K)
[3.132s][info][gc          ] GC(6) Pause Young (Allocation Failure) 882M->356M(1979M) 100.044ms
[3.132s][info][gc,cpu      ] GC(6) User=0.09s Sys=0.00s Real=0.10s
[3.649s][info][gc,start    ] GC(7) Pause Young (Allocation Failure)
[3.753s][info][gc,heap     ] GC(7) DefNew: 580160K(629120K)->48052K(629120K) Eden: 559232K(559232K)->0K(559232K) From: 20928K(69888K)->48052K(69888K)
[3.754s][info][gc,heap     ] GC(7) Tenured: 344255K(1398144K)->344255K(1398144K)
[3.754s][info][gc,metaspace] GC(7) Metaspace: 1718K(1792K)->1718K(1792K) NonClass: 1579K(1600K)->1579K(1600K) Class: 138K(192K)->138K(192K)
[3.754s][info][gc          ] GC(7) Pause Young (Allocation Failure) 902M->383M(1979M) 104.806ms
[3.754s][info][gc,cpu      ] GC(7) User=0.09s Sys=0.00s Real=0.10s
[4.292s][info][gc,start    ] GC(8) Pause Young (Allocation Failure)
[4.420s][info][gc,heap     ] GC(8) DefNew: 607284K(629120K)->42365K(629120K) Eden: 559232K(559232K)->0K(559232K) From: 48052K(69888K)->42365K(69888K)
[4.420s][info][gc,heap     ] GC(8) Tenured: 344255K(1398144K)->365016K(1398144K)
[4.420s][info][gc,metaspace] GC(8) Metaspace: 1737K(1856K)->1737K(1856K) NonClass: 1597K(1664K)->1597K(1664K) Class: 139K(192K)->139K(192K)
[4.420s][info][gc          ] GC(8) Pause Young (Allocation Failure) 929M->397M(1979M) 127.826ms
[4.420s][info][gc,cpu      ] GC(8) User=0.12s Sys=0.00s Real=0.13s
[4.945s][info][gc,heap,exit] Heap
[4.945s][info][gc,heap,exit]  def new generation   total 629120K, used 400070K [0x0000000700000000, 0x000000072aaa0000, 0x0000000755550000)
[4.945s][info][gc,heap,exit]   eden space 559232K,  63% used [0x0000000700000000, 0x0000000715d52138, 0x0000000722220000)
[4.945s][info][gc,heap,exit]   from space 69888K,  60% used [0x0000000726660000, 0x0000000728fbf740, 0x000000072aaa0000)
[4.945s][info][gc,heap,exit]   to   space 69888K,   0% used [0x0000000722220000, 0x0000000722220000, 0x0000000726660000)
[4.945s][info][gc,heap,exit]  tenured generation   total 1398144K, used 365016K [0x0000000755550000, 0x00000007aaab0000, 0x0000000800000000)
[4.945s][info][gc,heap,exit]    the space 1398144K,  26% used [0x0000000755550000, 0x000000076b9c60f0, 0x000000076b9c6200, 0x00000007aaab0000)
[4.945s][info][gc,heap,exit]  Metaspace       used 1948K, committed 2112K, reserved 1114112K
[4.945s][info][gc,heap,exit]   class space    used 169K, committed 256K, reserved 1048576K
