[0.009s][info][gc,init] CardTable entry size: 512
[0.009s][info][gc     ] Using Serial
[0.015s][info][gc,init] Version: 21.0.5+9-LTS-239 (release)
[0.015s][info][gc,init] CPUs: 12 total, 12 available
[0.015s][info][gc,init] Memory: 16190M
[0.015s][info][gc,init] Large Page Support: Disabled
[0.015s][info][gc,init] NUMA Support: Disabled
[0.015s][info][gc,init] Compressed Oops: Enabled (Zero based)
[0.015s][info][gc,init] Heap Min Capacity: 2G
[0.015s][info][gc,init] Heap Initial Capacity: 2G
[0.015s][info][gc,init] Heap Max Capacity: 4G
[0.015s][info][gc,init] Pre-touch: Disabled
[0.023s][info][gc,metaspace] CDS archive(s) mapped at: [0x0000014fd4000000-0x0000014fd4c90000-0x0000014fd4c90000), size 13172736, SharedBaseAddress: 0x0000014fd4000000, ArchiveRelocationMode: 1.
[0.023s][info][gc,metaspace] Compressed class space mapped at: 0x0000014fd5000000-0x0000015015000000, reserved size: 1073741824
[0.023s][info][gc,metaspace] Narrow klass base: 0x0000014fd4000000, Narrow klass shift: 0, Narrow klass range: 0x100000000
[0.788s][info][gc,start    ] GC(0) Pause Young (Allocation Failure)
[0.850s][info][gc,heap     ] GC(0) DefNew: 559232K(629120K)->19194K(629120K) Eden: 559232K(559232K)->0K(559232K) From: 0K(69888K)->19194K(69888K)
[0.850s][info][gc,heap     ] GC(0) Tenured: 0K(1398144K)->0K(1398144K)
[0.850s][info][gc,metaspace] GC(0) Metaspace: 1696K(1792K)->1696K(1792K) NonClass: 1554K(1600K)->1554K(1600K) Class: 142K(192K)->142K(192K)
[0.850s][info][gc          ] GC(0) Pause Young (Allocation Failure) 546M->18M(1979M) 62.137ms
[0.850s][info][gc,cpu      ] GC(0) User=0.05s Sys=0.02s Real=0.06s
[1.090s][info][gc,start    ] GC(1) Pause Young (Allocation Failure)
[1.166s][info][gc,heap     ] GC(1) DefNew: 578426K(629120K)->33103K(629120K) Eden: 559232K(559232K)->0K(559232K) From: 19194K(69888K)->33103K(69888K)
[1.166s][info][gc,heap     ] GC(1) Tenured: 0K(1398144K)->0K(1398144K)
[1.166s][info][gc,metaspace] GC(1) Metaspace: 1742K(1920K)->1742K(1920K) NonClass: 1600K(1728K)->1600K(1728K) Class: 142K(192K)->142K(192K)
[1.166s][info][gc          ] GC(1) Pause Young (Allocation Failure) 564M->32M(1979M) 75.280ms
[1.166s][info][gc,cpu      ] GC(1) User=0.08s Sys=0.00s Real=0.08s
[1.412s][info][gc,start    ] GC(2) Pause Young (Allocation Failure)
[1.501s][info][gc,heap     ] GC(2) DefNew: 592335K(629120K)->47529K(629120K) Eden: 559232K(559232K)->0K(559232K) From: 33103K(69888K)->47529K(69888K)
[1.501s][info][gc,heap     ] GC(2) Tenured: 0K(1398144K)->0K(1398144K)
[1.501s][info][gc,metaspace] GC(2) Metaspace: 1742K(1920K)->1742K(1920K) NonClass: 1600K(1728K)->1600K(1728K) Class: 142K(192K)->142K(192K)
[1.501s][info][gc          ] GC(2) Pause Young (Allocation Failure) 578M->46M(1979M) 88.797ms
[1.501s][info][gc,cpu      ] GC(2) User=0.09s Sys=0.00s Real=0.09s
[1.765s][info][gc,start    ] GC(3) Pause Young (Allocation Failure)
[1.869s][info][gc,heap     ] GC(3) DefNew: 606761K(629120K)->43824K(629120K) Eden: 559232K(559232K)->0K(559232K) From: 47529K(69888K)->43824K(69888K)
[1.869s][info][gc,heap     ] GC(3) Tenured: 0K(1398144K)->15065K(1398144K)
[1.869s][info][gc,metaspace] GC(3) Metaspace: 1742K(1920K)->1742K(1920K) NonClass: 1600K(1728K)->1600K(1728K) Class: 142K(192K)->142K(192K)
[1.869s][info][gc          ] GC(3) Pause Young (Allocation Failure) 592M->57M(1979M) 103.922ms
[1.869s][info][gc,cpu      ] GC(3) User=0.11s Sys=0.00s Real=0.10s
[2.118s][info][gc,start    ] GC(4) Pause Young (Allocation Failure)
[2.218s][info][gc,heap     ] GC(4) DefNew: 603056K(629120K)->42994K(629120K) Eden: 559232K(559232K)->0K(559232K) From: 43824K(69888K)->42994K(69888K)
[2.218s][info][gc,heap     ] GC(4) Tenured: 15065K(1398144K)->27805K(1398144K)
[2.218s][info][gc,metaspace] GC(4) Metaspace: 1742K(1920K)->1742K(1920K) NonClass: 1600K(1728K)->1600K(1728K) Class: 142K(192K)->142K(192K)
[2.218s][info][gc          ] GC(4) Pause Young (Allocation Failure) 603M->69M(1979M) 100.724ms
[2.219s][info][gc,cpu      ] GC(4) User=0.09s Sys=0.00s Real=0.10s
[2.463s][info][gc,start    ] GC(5) Pause Young (Allocation Failure)
[2.565s][info][gc,heap     ] GC(5) DefNew: 602226K(629120K)->35679K(629120K) Eden: 559232K(559232K)->0K(559232K) From: 42994K(69888K)->35679K(69888K)
[2.565s][info][gc,heap     ] GC(5) Tenured: 27805K(1398144K)->45448K(1398144K)
[2.565s][info][gc,metaspace] GC(5) Metaspace: 1742K(1920K)->1742K(1920K) NonClass: 1600K(1728K)->1600K(1728K) Class: 142K(192K)->142K(192K)
[2.565s][info][gc          ] GC(5) Pause Young (Allocation Failure) 615M->79M(1979M) 101.368ms
[2.565s][info][gc,cpu      ] GC(5) User=0.11s Sys=0.00s Real=0.10s
[2.806s][info][gc,start    ] GC(6) Pause Young (Allocation Failure)
[2.922s][info][gc,heap     ] GC(6) DefNew: 594911K(629120K)->45720K(629120K) Eden: 559232K(559232K)->0K(559232K) From: 35679K(69888K)->45720K(69888K)
[2.923s][info][gc,heap     ] GC(6) Tenured: 45448K(1398144K)->57298K(1398144K)
[2.923s][info][gc,metaspace] GC(6) Metaspace: 1742K(1920K)->1742K(1920K) NonClass: 1600K(1728K)->1600K(1728K) Class: 142K(192K)->142K(192K)
[2.923s][info][gc          ] GC(6) Pause Young (Allocation Failure) 625M->100M(1979M) 116.140ms
[2.923s][info][gc,cpu      ] GC(6) User=0.11s Sys=0.00s Real=0.12s
[3.188s][info][gc,start    ] GC(7) Pause Young (Allocation Failure)
[3.297s][info][gc,heap     ] GC(7) DefNew: 604952K(629120K)->43971K(629120K) Eden: 559232K(559232K)->0K(559232K) From: 45720K(69888K)->43971K(69888K)
[3.297s][info][gc,heap     ] GC(7) Tenured: 57298K(1398144K)->68755K(1398144K)
[3.297s][info][gc,metaspace] GC(7) Metaspace: 1761K(1920K)->1761K(1920K) NonClass: 1618K(1728K)->1618K(1728K) Class: 143K(192K)->143K(192K)
[3.297s][info][gc          ] GC(7) Pause Young (Allocation Failure) 646M->110M(1979M) 109.061ms
[3.297s][info][gc,cpu      ] GC(7) User=0.09s Sys=0.00s Real=0.11s
[3.541s][info][gc,start    ] GC(8) Pause Young (Allocation Failure)
[3.647s][info][gc,heap     ] GC(8) DefNew: 603203K(629120K)->43367K(629120K) Eden: 559232K(559232K)->0K(559232K) From: 43971K(69888K)->43367K(69888K)
[3.647s][info][gc,heap     ] GC(8) Tenured: 68755K(1398144K)->78598K(1398144K)
[3.647s][info][gc,metaspace] GC(8) Metaspace: 1761K(1920K)->1761K(1920K) NonClass: 1618K(1728K)->1618K(1728K) Class: 143K(192K)->143K(192K)
[3.647s][info][gc          ] GC(8) Pause Young (Allocation Failure) 656M->119M(1979M) 105.933ms
[3.647s][info][gc,cpu      ] GC(8) User=0.11s Sys=0.00s Real=0.11s
[3.897s][info][gc,start    ] GC(9) Pause Young (Allocation Failure)
[4.004s][info][gc,heap     ] GC(9) DefNew: 602599K(629120K)->29665K(629120K) Eden: 559232K(559232K)->0K(559232K) From: 43367K(69888K)->29665K(69888K)
[4.004s][info][gc,heap     ] GC(9) Tenured: 78598K(1398144K)->100424K(1398144K)
[4.004s][info][gc,metaspace] GC(9) Metaspace: 1761K(1920K)->1761K(1920K) NonClass: 1618K(1728K)->1618K(1728K) Class: 143K(192K)->143K(192K)
[4.004s][info][gc          ] GC(9) Pause Young (Allocation Failure) 665M->127M(1979M) 106.553ms
[4.004s][info][gc,cpu      ] GC(9) User=0.11s Sys=0.00s Real=0.11s
[4.260s][info][gc,start    ] GC(10) Pause Young (Allocation Failure)
[4.353s][info][gc,heap     ] GC(10) DefNew: 588897K(629120K)->38656K(629120K) Eden: 559232K(559232K)->0K(559232K) From: 29665K(69888K)->38656K(69888K)
[4.353s][info][gc,heap     ] GC(10) Tenured: 100424K(1398144K)->100424K(1398144K)
[4.353s][info][gc,metaspace] GC(10) Metaspace: 1762K(1920K)->1762K(1920K) NonClass: 1618K(1728K)->1618K(1728K) Class: 143K(192K)->143K(192K)
[4.353s][info][gc          ] GC(10) Pause Young (Allocation Failure) 673M->135M(1979M) 93.922ms
[4.353s][info][gc,cpu      ] GC(10) User=0.09s Sys=0.00s Real=0.09s
[4.605s][info][gc,start    ] GC(11) Pause Young (Allocation Failure)
[4.716s][info][gc,heap     ] GC(11) DefNew: 597888K(629120K)->38821K(629120K) Eden: 559232K(559232K)->0K(559232K) From: 38656K(69888K)->38821K(69888K)
[4.716s][info][gc,heap     ] GC(11) Tenured: 100424K(1398144K)->110291K(1398144K)
[4.716s][info][gc,metaspace] GC(11) Metaspace: 1762K(1920K)->1762K(1920K) NonClass: 1618K(1728K)->1618K(1728K) Class: 143K(192K)->143K(192K)
[4.716s][info][gc          ] GC(11) Pause Young (Allocation Failure) 681M->145M(1979M) 111.652ms
[4.716s][info][gc,cpu      ] GC(11) User=0.11s Sys=0.00s Real=0.11s
[4.973s][info][gc,start    ] GC(12) Pause Young (Allocation Failure)
[5.083s][info][gc,heap     ] GC(12) DefNew: 598053K(629120K)->37158K(629120K) Eden: 559232K(559232K)->0K(559232K) From: 38821K(69888K)->37158K(69888K)
[5.083s][info][gc,heap     ] GC(12) Tenured: 110291K(1398144K)->119621K(1398144K)
[5.083s][info][gc,metaspace] GC(12) Metaspace: 1762K(1920K)->1762K(1920K) NonClass: 1619K(1728K)->1619K(1728K) Class: 143K(192K)->143K(192K)
[5.083s][info][gc          ] GC(12) Pause Young (Allocation Failure) 691M->153M(1979M) 110.358ms
[5.083s][info][gc,cpu      ] GC(12) User=0.11s Sys=0.00s Real=0.11s
[5.374s][info][gc,start    ] GC(13) Pause Young (Allocation Failure)
[5.482s][info][gc,heap     ] GC(13) DefNew: 596390K(629120K)->36574K(629120K) Eden: 559232K(559232K)->0K(559232K) From: 37158K(69888K)->36574K(69888K)
[5.482s][info][gc,heap     ] GC(13) Tenured: 119621K(1398144K)->128826K(1398144K)
[5.482s][info][gc,metaspace] GC(13) Metaspace: 1762K(1920K)->1762K(1920K) NonClass: 1619K(1728K)->1619K(1728K) Class: 143K(192K)->143K(192K)
[5.482s][info][gc          ] GC(13) Pause Young (Allocation Failure) 699M->161M(1979M) 108.561ms
[5.482s][info][gc,cpu      ] GC(13) User=0.11s Sys=0.00s Real=0.11s
[5.744s][info][gc,start    ] GC(14) Pause Young (Allocation Failure)
[5.858s][info][gc,heap     ] GC(14) DefNew: 595806K(629120K)->35195K(629120K) Eden: 559232K(559232K)->0K(559232K) From: 36574K(69888K)->35195K(69888K)
[5.858s][info][gc,heap     ] GC(14) Tenured: 128826K(1398144K)->137291K(1398144K)
[5.858s][info][gc,metaspace] GC(14) Metaspace: 1769K(1920K)->1769K(1920K) NonClass: 1626K(1728K)->1626K(1728K) Class: 143K(192K)->143K(192K)
[5.858s][info][gc          ] GC(14) Pause Young (Allocation Failure) 707M->168M(1979M) 113.805ms
[5.858s][info][gc,cpu      ] GC(14) User=0.11s Sys=0.00s Real=0.11s
[6.129s][info][gc,start    ] GC(15) Pause Young (Allocation Failure)
[6.271s][info][gc,heap     ] GC(15) DefNew: 594427K(629120K)->58498K(629120K) Eden: 559232K(559232K)->0K(559232K) From: 35195K(69888K)->58498K(69888K)
[6.271s][info][gc,heap     ] GC(15) Tenured: 137291K(1398144K)->146025K(1398144K)
[6.271s][info][gc,metaspace] GC(15) Metaspace: 1771K(1920K)->1771K(1920K) NonClass: 1628K(1728K)->1628K(1728K) Class: 143K(192K)->143K(192K)
[6.271s][info][gc          ] GC(15) Pause Young (Allocation Failure) 714M->199M(1979M) 142.054ms
[6.271s][info][gc,cpu      ] GC(15) User=0.12s Sys=0.02s Real=0.14s
[6.539s][info][gc,start    ] GC(16) Pause Young (Allocation Failure)
[6.682s][info][gc,heap     ] GC(16) DefNew: 617730K(629120K)->43454K(629120K) Eden: 559232K(559232K)->0K(559232K) From: 58498K(69888K)->43454K(69888K)
[6.682s][info][gc,heap     ] GC(16) Tenured: 146025K(1398144K)->170454K(1398144K)
[6.682s][info][gc,metaspace] GC(16) Metaspace: 1771K(1920K)->1771K(1920K) NonClass: 1628K(1728K)->1628K(1728K) Class: 143K(192K)->143K(192K)
[6.682s][info][gc          ] GC(16) Pause Young (Allocation Failure) 745M->208M(1979M) 143.424ms
[6.682s][info][gc,cpu      ] GC(16) User=0.14s Sys=0.00s Real=0.14s
[6.927s][info][gc,start    ] GC(17) Pause Young (Allocation Failure)
[7.043s][info][gc,heap     ] GC(17) DefNew: 602686K(629120K)->18118K(629120K) Eden: 559232K(559232K)->0K(559232K) From: 43454K(69888K)->18118K(69888K)
[7.043s][info][gc,heap     ] GC(17) Tenured: 170454K(1398144K)->202746K(1398144K)
[7.043s][info][gc,metaspace] GC(17) Metaspace: 1771K(1920K)->1771K(1920K) NonClass: 1628K(1728K)->1628K(1728K) Class: 143K(192K)->143K(192K)
[7.043s][info][gc          ] GC(17) Pause Young (Allocation Failure) 755M->215M(1979M) 116.587ms
[7.043s][info][gc,cpu      ] GC(17) User=0.09s Sys=0.00s Real=0.12s
[7.287s][info][gc,start    ] GC(18) Pause Young (Allocation Failure)
[7.379s][info][gc,heap     ] GC(18) DefNew: 577350K(629120K)->26010K(629120K) Eden: 559232K(559232K)->0K(559232K) From: 18118K(69888K)->26010K(69888K)
[7.379s][info][gc,heap     ] GC(18) Tenured: 202746K(1398144K)->202746K(1398144K)
[7.379s][info][gc,metaspace] GC(18) Metaspace: 1772K(1920K)->1772K(1920K) NonClass: 1628K(1728K)->1628K(1728K) Class: 143K(192K)->143K(192K)
[7.379s][info][gc          ] GC(18) Pause Young (Allocation Failure) 761M->223M(1979M) 92.192ms
[7.379s][info][gc,cpu      ] GC(18) User=0.09s Sys=0.00s Real=0.09s
[7.629s][info][gc,start    ] GC(19) Pause Young (Allocation Failure)
[7.735s][info][gc,heap     ] GC(19) DefNew: 585242K(629120K)->33052K(629120K) Eden: 559232K(559232K)->0K(559232K) From: 26010K(69888K)->33052K(69888K)
[7.735s][info][gc,heap     ] GC(19) Tenured: 202746K(1398144K)->202746K(1398144K)
[7.735s][info][gc,metaspace] GC(19) Metaspace: 1772K(1920K)->1772K(1920K) NonClass: 1628K(1728K)->1628K(1728K) Class: 143K(192K)->143K(192K)
[7.735s][info][gc          ] GC(19) Pause Young (Allocation Failure) 769M->230M(1979M) 105.780ms
[7.735s][info][gc,cpu      ] GC(19) User=0.11s Sys=0.00s Real=0.11s
[8.021s][info][gc,start    ] GC(20) Pause Young (Allocation Failure)
[8.217s][info][gc,heap     ] GC(20) DefNew: 592284K(629120K)->43878K(629120K) Eden: 559232K(559232K)->0K(559232K) From: 33052K(69888K)->43878K(69888K)
[8.217s][info][gc,heap     ] GC(20) Tenured: 202746K(1398144K)->202746K(1398144K)
[8.217s][info][gc,metaspace] GC(20) Metaspace: 1772K(1920K)->1772K(1920K) NonClass: 1628K(1728K)->1628K(1728K) Class: 143K(192K)->143K(192K)
[8.217s][info][gc          ] GC(20) Pause Young (Allocation Failure) 776M->240M(1979M) 196.054ms
[8.217s][info][gc,cpu      ] GC(20) User=0.17s Sys=0.00s Real=0.20s
[8.814s][info][gc,start    ] GC(21) Pause Young (Allocation Failure)
[9.018s][info][gc,heap     ] GC(21) DefNew: 603110K(629120K)->39928K(629120K) Eden: 559232K(559232K)->0K(559232K) From: 43878K(69888K)->39928K(69888K)
[9.018s][info][gc,heap     ] GC(21) Tenured: 202746K(1398144K)->219435K(1398144K)
[9.018s][info][gc,metaspace] GC(21) Metaspace: 1772K(1920K)->1772K(1920K) NonClass: 1628K(1728K)->1628K(1728K) Class: 143K(192K)->143K(192K)
[9.018s][info][gc          ] GC(21) Pause Young (Allocation Failure) 786M->253M(1979M) 204.246ms
[9.018s][info][gc,cpu      ] GC(21) User=0.20s Sys=0.00s Real=0.20s
[9.340s][info][gc,start    ] GC(22) Pause Young (Allocation Failure)
[9.467s][info][gc,heap     ] GC(22) DefNew: 599160K(629120K)->32693K(629120K) Eden: 559232K(559232K)->0K(559232K) From: 39928K(69888K)->32693K(69888K)
[9.467s][info][gc,heap     ] GC(22) Tenured: 219435K(1398144K)->226953K(1398144K)
[9.467s][info][gc,metaspace] GC(22) Metaspace: 1772K(1920K)->1772K(1920K) NonClass: 1628K(1728K)->1628K(1728K) Class: 143K(192K)->143K(192K)
[9.467s][info][gc          ] GC(22) Pause Young (Allocation Failure) 799M->253M(1979M) 126.776ms
[9.467s][info][gc,cpu      ] GC(22) User=0.12s Sys=0.00s Real=0.13s
[9.722s][info][gc,start    ] GC(23) Pause Young (Allocation Failure)
[9.842s][info][gc,heap     ] GC(23) DefNew: 591925K(629120K)->42072K(629120K) Eden: 559232K(559232K)->0K(559232K) From: 32693K(69888K)->42072K(69888K)
[9.842s][info][gc,heap     ] GC(23) Tenured: 226953K(1398144K)->226953K(1398144K)
[9.842s][info][gc,metaspace] GC(23) Metaspace: 1772K(1920K)->1772K(1920K) NonClass: 1628K(1728K)->1628K(1728K) Class: 143K(192K)->143K(192K)
[9.842s][info][gc          ] GC(23) Pause Young (Allocation Failure) 799M->262M(1979M) 120.522ms
[9.842s][info][gc,cpu      ] GC(23) User=0.11s Sys=0.00s Real=0.12s
[10.105s][info][gc,start    ] GC(24) Pause Young (Allocation Failure)
[10.252s][info][gc,heap     ] GC(24) DefNew: 601304K(629120K)->41509K(629120K) Eden: 559232K(559232K)->0K(559232K) From: 42072K(69888K)->41509K(69888K)
[10.252s][info][gc,heap     ] GC(24) Tenured: 226953K(1398144K)->234442K(1398144K)
[10.252s][info][gc,metaspace] GC(24) Metaspace: 1772K(1920K)->1772K(1920K) NonClass: 1628K(1728K)->1628K(1728K) Class: 143K(192K)->143K(192K)
[10.252s][info][gc          ] GC(24) Pause Young (Allocation Failure) 808M->269M(1979M) 146.836ms
[10.252s][info][gc,cpu      ] GC(24) User=0.16s Sys=0.00s Real=0.15s
[10.573s][info][gc,start    ] GC(25) Pause Young (Allocation Failure)
[10.754s][info][gc,heap     ] GC(25) DefNew: 600741K(629120K)->41964K(629120K) Eden: 559232K(559232K)->0K(559232K) From: 41509K(69888K)->41964K(69888K)
[10.754s][info][gc,heap     ] GC(25) Tenured: 234442K(1398144K)->243030K(1398144K)
[10.754s][info][gc,metaspace] GC(25) Metaspace: 1773K(1920K)->1773K(1920K) NonClass: 1629K(1728K)->1629K(1728K) Class: 143K(192K)->143K(192K)
[10.754s][info][gc          ] GC(25) Pause Young (Allocation Failure) 815M->278M(1979M) 181.015ms
[10.754s][info][gc,cpu      ] GC(25) User=0.19s Sys=0.00s Real=0.18s
[11.026s][info][gc,start    ] GC(26) Pause Young (Allocation Failure)
[11.180s][info][gc,heap     ] GC(26) DefNew: 601196K(629120K)->41244K(629120K) Eden: 559232K(559232K)->0K(559232K) From: 41964K(69888K)->41244K(69888K)
[11.180s][info][gc,heap     ] GC(26) Tenured: 243030K(1398144K)->250306K(1398144K)
[11.180s][info][gc,metaspace] GC(26) Metaspace: 1773K(1920K)->1773K(1920K) NonClass: 1629K(1728K)->1629K(1728K) Class: 143K(192K)->143K(192K)
[11.180s][info][gc          ] GC(26) Pause Young (Allocation Failure) 824M->284M(1979M) 154.088ms
[11.180s][info][gc,cpu      ] GC(26) User=0.16s Sys=0.00s Real=0.15s
[11.479s][info][gc,start    ] GC(27) Pause Young (Allocation Failure)
[11.646s][info][gc,heap     ] GC(27) DefNew: 600476K(629120K)->41026K(629120K) Eden: 559232K(559232K)->0K(559232K) From: 41244K(69888K)->41026K(69888K)
[11.646s][info][gc,heap     ] GC(27) Tenured: 250306K(1398144K)->257881K(1398144K)
[11.646s][info][gc,metaspace] GC(27) Metaspace: 1773K(1920K)->1773K(1920K) NonClass: 1629K(1728K)->1629K(1728K) Class: 143K(192K)->143K(192K)
[11.646s][info][gc          ] GC(27) Pause Young (Allocation Failure) 830M->291M(1979M) 167.720ms
[11.646s][info][gc,cpu      ] GC(27) User=0.17s Sys=0.00s Real=0.17s
[11.981s][info][gc,start    ] GC(28) Pause Young (Allocation Failure)
[12.151s][info][gc,heap     ] GC(28) DefNew: 600258K(629120K)->41537K(629120K) Eden: 559232K(559232K)->0K(559232K) From: 41026K(69888K)->41537K(69888K)
[12.151s][info][gc,heap     ] GC(28) Tenured: 257881K(1398144K)->265332K(1398144K)
[12.152s][info][gc,metaspace] GC(28) Metaspace: 1773K(1920K)->1773K(1920K) NonClass: 1629K(1728K)->1629K(1728K) Class: 143K(192K)->143K(192K)
[12.152s][info][gc          ] GC(28) Pause Young (Allocation Failure) 838M->299M(1979M) 170.386ms
[12.152s][info][gc,cpu      ] GC(28) User=0.17s Sys=0.00s Real=0.17s
[12.439s][info][gc,start    ] GC(29) Pause Young (Allocation Failure)
[12.599s][info][gc,heap     ] GC(29) DefNew: 600655K(629120K)->40678K(629120K) Eden: 559118K(559232K)->0K(559232K) From: 41537K(69888K)->40678K(69888K)
[12.599s][info][gc,heap     ] GC(29) Tenured: 265332K(1398144K)->273853K(1398144K)
[12.599s][info][gc,metaspace] GC(29) Metaspace: 1773K(1920K)->1773K(1920K) NonClass: 1629K(1728K)->1629K(1728K) Class: 143K(192K)->143K(192K)
[12.599s][info][gc          ] GC(29) Pause Young (Allocation Failure) 845M->307M(1979M) 159.768ms
[12.599s][info][gc,cpu      ] GC(29) User=0.16s Sys=0.00s Real=0.16s
[12.884s][info][gc,start    ] GC(30) Pause Young (Allocation Failure)
[13.042s][info][gc,heap     ] GC(30) DefNew: 599910K(629120K)->41436K(629120K) Eden: 559232K(559232K)->0K(559232K) From: 40678K(69888K)->41436K(69888K)
[13.042s][info][gc,heap     ] GC(30) Tenured: 273853K(1398144K)->281403K(1398144K)
[13.042s][info][gc,metaspace] GC(30) Metaspace: 1773K(1920K)->1773K(1920K) NonClass: 1629K(1728K)->1629K(1728K) Class: 143K(192K)->143K(192K)
[13.042s][info][gc          ] GC(30) Pause Young (Allocation Failure) 853M->315M(1979M) 158.901ms
[13.042s][info][gc,cpu      ] GC(30) User=0.16s Sys=0.00s Real=0.16s
[13.354s][info][gc,start    ] GC(31) Pause Young (Allocation Failure)
[13.504s][info][gc,heap     ] GC(31) DefNew: 600668K(629120K)->38990K(629120K) Eden: 559232K(559232K)->0K(559232K) From: 41436K(69888K)->38990K(69888K)
[13.504s][info][gc,heap     ] GC(31) Tenured: 281403K(1398144K)->289361K(1398144K)
[13.504s][info][gc,metaspace] GC(31) Metaspace: 1773K(1920K)->1773K(1920K) NonClass: 1629K(1728K)->1629K(1728K) Class: 143K(192K)->143K(192K)
[13.504s][info][gc          ] GC(31) Pause Young (Allocation Failure) 861M->320M(1979M) 149.843ms
[13.504s][info][gc,cpu      ] GC(31) User=0.12s Sys=0.03s Real=0.15s
[13.786s][info][gc,start    ] GC(32) Pause Young (Allocation Failure)
[13.932s][info][gc,heap     ] GC(32) DefNew: 598222K(629120K)->40183K(629120K) Eden: 559232K(559232K)->0K(559232K) From: 38990K(69888K)->40183K(69888K)
[13.932s][info][gc,heap     ] GC(32) Tenured: 289361K(1398144K)->297084K(1398144K)
[13.932s][info][gc,metaspace] GC(32) Metaspace: 1773K(1920K)->1773K(1920K) NonClass: 1629K(1728K)->1629K(1728K) Class: 143K(192K)->143K(192K)
[13.932s][info][gc          ] GC(32) Pause Young (Allocation Failure) 866M->329M(1979M) 145.839ms
[13.932s][info][gc,cpu      ] GC(32) User=0.14s Sys=0.00s Real=0.14s
[14.205s][info][gc,start    ] GC(33) Pause Young (Allocation Failure)
[14.342s][info][gc,heap     ] GC(33) DefNew: 599415K(629120K)->39419K(629120K) Eden: 559232K(559232K)->0K(559232K) From: 40183K(69888K)->39419K(69888K)
[14.342s][info][gc,heap     ] GC(33) Tenured: 297084K(1398144K)->304459K(1398144K)
[14.342s][info][gc,metaspace] GC(33) Metaspace: 1773K(1920K)->1773K(1920K) NonClass: 1630K(1728K)->1630K(1728K) Class: 143K(192K)->143K(192K)
[14.342s][info][gc          ] GC(33) Pause Young (Allocation Failure) 875M->335M(1979M) 137.214ms
[14.342s][info][gc,cpu      ] GC(33) User=0.12s Sys=0.00s Real=0.14s
[14.589s][info][gc,start    ] GC(34) Pause Young (Allocation Failure)
[14.724s][info][gc,heap     ] GC(34) DefNew: 598651K(629120K)->37977K(629120K) Eden: 559232K(559232K)->0K(559232K) From: 39419K(69888K)->37977K(69888K)
[14.724s][info][gc,heap     ] GC(34) Tenured: 304459K(1398144K)->311988K(1398144K)
[14.724s][info][gc,metaspace] GC(34) Metaspace: 1773K(1920K)->1773K(1920K) NonClass: 1630K(1728K)->1630K(1728K) Class: 143K(192K)->143K(192K)
[14.724s][info][gc          ] GC(34) Pause Young (Allocation Failure) 881M->341M(1979M) 135.212ms
[14.724s][info][gc,cpu      ] GC(34) User=0.14s Sys=0.00s Real=0.14s
[14.971s][info][gc,start    ] GC(35) Pause Young (Allocation Failure)
[15.108s][info][gc,heap     ] GC(35) DefNew: 597209K(629120K)->38876K(629120K) Eden: 559232K(559232K)->0K(559232K) From: 37977K(69888K)->38876K(69888K)
[15.108s][info][gc,heap     ] GC(35) Tenured: 311988K(1398144K)->319438K(1398144K)
[15.108s][info][gc,metaspace] GC(35) Metaspace: 1773K(1920K)->1773K(1920K) NonClass: 1630K(1728K)->1630K(1728K) Class: 143K(192K)->143K(192K)
[15.108s][info][gc          ] GC(35) Pause Young (Allocation Failure) 887M->349M(1979M) 136.835ms
[15.108s][info][gc,cpu      ] GC(35) User=0.12s Sys=0.00s Real=0.14s
[15.374s][info][gc,start    ] GC(36) Pause Young (Allocation Failure)
[15.574s][info][gc,heap     ] GC(36) DefNew: 598108K(629120K)->69888K(629120K) Eden: 559232K(559232K)->0K(559232K) From: 38876K(69888K)->69888K(69888K)
[15.574s][info][gc,heap     ] GC(36) Tenured: 319438K(1398144K)->343238K(1398144K)
[15.574s][info][gc,metaspace] GC(36) Metaspace: 1773K(1920K)->1773K(1920K) NonClass: 1630K(1728K)->1630K(1728K) Class: 143K(192K)->143K(192K)
[15.574s][info][gc          ] GC(36) Pause Young (Allocation Failure) 896M->403M(1979M) 200.234ms
[15.574s][info][gc,cpu      ] GC(36) User=0.20s Sys=0.00s Real=0.20s
[15.826s][info][gc,start    ] GC(37) Pause Young (Allocation Failure)
[16.002s][info][gc,heap     ] GC(37) DefNew: 629120K(629120K)->9862K(629120K) Eden: 559232K(559232K)->0K(559232K) From: 69888K(69888K)->9862K(69888K)
[16.002s][info][gc,heap     ] GC(37) Tenured: 343238K(1398144K)->411644K(1398144K)
[16.002s][info][gc,metaspace] GC(37) Metaspace: 1773K(1920K)->1773K(1920K) NonClass: 1630K(1728K)->1630K(1728K) Class: 143K(192K)->143K(192K)
[16.002s][info][gc          ] GC(37) Pause Young (Allocation Failure) 949M->411M(1979M) 176.607ms
[16.002s][info][gc,cpu      ] GC(37) User=0.19s Sys=0.00s Real=0.18s
[16.250s][info][gc,start    ] GC(38) Pause Young (Allocation Failure)
[16.344s][info][gc,heap     ] GC(38) DefNew: 569094K(629120K)->16337K(629120K) Eden: 559232K(559232K)->0K(559232K) From: 9862K(69888K)->16337K(69888K)
[16.345s][info][gc,heap     ] GC(38) Tenured: 411644K(1398144K)->411644K(1398144K)
[16.345s][info][gc,metaspace] GC(38) Metaspace: 1773K(1920K)->1773K(1920K) NonClass: 1630K(1728K)->1630K(1728K) Class: 143K(192K)->143K(192K)
[16.345s][info][gc          ] GC(38) Pause Young (Allocation Failure) 957M->417M(1979M) 94.146ms
[16.345s][info][gc,cpu      ] GC(38) User=0.08s Sys=0.00s Real=0.09s
[16.600s][info][gc,start    ] GC(39) Pause Young (Allocation Failure)
[16.710s][info][gc,heap     ] GC(39) DefNew: 575569K(629120K)->23418K(629120K) Eden: 559232K(559232K)->0K(559232K) From: 16337K(69888K)->23418K(69888K)
[16.710s][info][gc,heap     ] GC(39) Tenured: 411644K(1398144K)->411644K(1398144K)
[16.710s][info][gc,metaspace] GC(39) Metaspace: 1773K(1920K)->1773K(1920K) NonClass: 1630K(1728K)->1630K(1728K) Class: 143K(192K)->143K(192K)
[16.710s][info][gc          ] GC(39) Pause Young (Allocation Failure) 964M->424M(1979M) 109.617ms
[16.710s][info][gc,cpu      ] GC(39) User=0.11s Sys=0.00s Real=0.11s
[16.978s][info][gc,start    ] GC(40) Pause Young (Allocation Failure)
[17.118s][info][gc,heap     ] GC(40) DefNew: 582650K(629120K)->30167K(629120K) Eden: 559232K(559232K)->0K(559232K) From: 23418K(69888K)->30167K(69888K)
[17.118s][info][gc,heap     ] GC(40) Tenured: 411644K(1398144K)->411644K(1398144K)
[17.118s][info][gc,metaspace] GC(40) Metaspace: 1773K(1920K)->1773K(1920K) NonClass: 1630K(1728K)->1630K(1728K) Class: 143K(192K)->143K(192K)
[17.118s][info][gc          ] GC(40) Pause Young (Allocation Failure) 970M->431M(1979M) 140.907ms
[17.118s][info][gc,cpu      ] GC(40) User=0.14s Sys=0.00s Real=0.14s
[17.419s][info][gc,start    ] GC(41) Pause Young (Allocation Failure)
[17.559s][info][gc,heap     ] GC(41) DefNew: 589399K(629120K)->35971K(629120K) Eden: 559232K(559232K)->0K(559232K) From: 30167K(69888K)->35971K(69888K)
[17.559s][info][gc,heap     ] GC(41) Tenured: 411644K(1398144K)->411644K(1398144K)
[17.559s][info][gc,metaspace] GC(41) Metaspace: 1773K(1920K)->1773K(1920K) NonClass: 1630K(1728K)->1630K(1728K) Class: 143K(192K)->143K(192K)
[17.559s][info][gc          ] GC(41) Pause Young (Allocation Failure) 977M->437M(1979M) 139.678ms
[17.559s][info][gc,cpu      ] GC(41) User=0.14s Sys=0.00s Real=0.14s
[17.810s][info][gc,start    ] GC(42) Pause Young (Allocation Failure)
[17.960s][info][gc,heap     ] GC(42) DefNew: 595203K(629120K)->37066K(629120K) Eden: 559232K(559232K)->0K(559232K) From: 35971K(69888K)->37066K(69888K)
[17.960s][info][gc,heap     ] GC(42) Tenured: 411644K(1398144K)->418114K(1398144K)
[17.960s][info][gc,metaspace] GC(42) Metaspace: 1773K(1920K)->1773K(1920K) NonClass: 1630K(1728K)->1630K(1728K) Class: 143K(192K)->143K(192K)
[17.960s][info][gc          ] GC(42) Pause Young (Allocation Failure) 983M->444M(1979M) 150.786ms
[17.960s][info][gc,cpu      ] GC(42) User=0.16s Sys=0.00s Real=0.15s
[18.222s][info][gc,start    ] GC(43) Pause Young (Allocation Failure)
[18.381s][info][gc,heap     ] GC(43) DefNew: 596298K(629120K)->34937K(629120K) Eden: 559232K(559232K)->0K(559232K) From: 37066K(69888K)->34937K(69888K)
[18.381s][info][gc,heap     ] GC(43) Tenured: 418114K(1398144K)->425685K(1398144K)
[18.381s][info][gc,metaspace] GC(43) Metaspace: 1773K(1920K)->1773K(1920K) NonClass: 1630K(1728K)->1630K(1728K) Class: 143K(192K)->143K(192K)
[18.381s][info][gc          ] GC(43) Pause Young (Allocation Failure) 990M->449M(1979M) 158.179ms
[18.381s][info][gc,cpu      ] GC(43) User=0.16s Sys=0.00s Real=0.16s
[18.645s][info][gc,start    ] GC(44) Pause Young (Allocation Failure)
[18.794s][info][gc,heap     ] GC(44) DefNew: 594169K(629120K)->43539K(629120K) Eden: 559232K(559232K)->0K(559232K) From: 34937K(69888K)->43539K(69888K)
[18.794s][info][gc,heap     ] GC(44) Tenured: 425685K(1398144K)->425685K(1398144K)
[18.794s][info][gc,metaspace] GC(44) Metaspace: 1773K(1920K)->1773K(1920K) NonClass: 1630K(1728K)->1630K(1728K) Class: 143K(192K)->143K(192K)
[18.794s][info][gc          ] GC(44) Pause Young (Allocation Failure) 995M->458M(1979M) 149.502ms
[18.794s][info][gc,cpu      ] GC(44) User=0.14s Sys=0.00s Real=0.15s
[19.060s][info][gc,start    ] GC(45) Pause Young (Allocation Failure)
[19.227s][info][gc,heap     ] GC(45) DefNew: 602771K(629120K)->33421K(629120K) Eden: 559232K(559232K)->0K(559232K) From: 43539K(69888K)->33421K(69888K)
[19.227s][info][gc,heap     ] GC(45) Tenured: 425685K(1398144K)->439682K(1398144K)
[19.227s][info][gc,metaspace] GC(45) Metaspace: 1773K(1920K)->1773K(1920K) NonClass: 1630K(1728K)->1630K(1728K) Class: 143K(192K)->143K(192K)
[19.227s][info][gc          ] GC(45) Pause Young (Allocation Failure) 1004M->462M(1979M) 166.790ms
[19.227s][info][gc,cpu      ] GC(45) User=0.16s Sys=0.02s Real=0.17s
[19.482s][info][gc,start    ] GC(46) Pause Young (Allocation Failure)
[19.637s][info][gc,heap     ] GC(46) DefNew: 592653K(629120K)->42978K(629120K) Eden: 559232K(559232K)->0K(559232K) From: 33421K(69888K)->42978K(69888K)
[19.637s][info][gc,heap     ] GC(46) Tenured: 439682K(1398144K)->439682K(1398144K)
[19.637s][info][gc,metaspace] GC(46) Metaspace: 1773K(1920K)->1773K(1920K) NonClass: 1630K(1728K)->1630K(1728K) Class: 143K(192K)->143K(192K)
[19.637s][info][gc          ] GC(46) Pause Young (Allocation Failure) 1008M->471M(1979M) 154.571ms
[19.637s][info][gc,cpu      ] GC(46) User=0.16s Sys=0.00s Real=0.15s
[19.883s][info][gc,start    ] GC(47) Pause Young (Allocation Failure)
[20.049s][info][gc,heap     ] GC(47) DefNew: 602210K(629120K)->34063K(629120K) Eden: 559232K(559232K)->0K(559232K) From: 42978K(69888K)->34063K(69888K)
[20.049s][info][gc,heap     ] GC(47) Tenured: 439682K(1398144K)->452731K(1398144K)
[20.050s][info][gc,metaspace] GC(47) Metaspace: 1773K(1920K)->1773K(1920K) NonClass: 1630K(1728K)->1630K(1728K) Class: 143K(192K)->143K(192K)
[20.050s][info][gc          ] GC(47) Pause Young (Allocation Failure) 1017M->475M(1979M) 166.811ms
[20.050s][info][gc,cpu      ] GC(47) User=0.17s Sys=0.00s Real=0.17s
[20.867s][info][gc,heap,exit] Heap
[20.867s][info][gc,heap,exit]  def new generation   total 629120K, used 510878K [0x0000000700000000, 0x000000072aaa0000, 0x0000000755550000)
[20.867s][info][gc,heap,exit]   eden space 559232K,  85% used [0x0000000700000000, 0x000000071d1a3a40, 0x0000000722220000)
[20.867s][info][gc,heap,exit]   from space 69888K,  48% used [0x0000000722220000, 0x0000000724363f10, 0x0000000726660000)
[20.867s][info][gc,heap,exit]   to   space 69888K,   0% used [0x0000000726660000, 0x0000000726660000, 0x000000072aaa0000)
[20.867s][info][gc,heap,exit]  tenured generation   total 1398144K, used 452731K [0x0000000755550000, 0x00000007aaab0000, 0x0000000800000000)
[20.867s][info][gc,heap,exit]    the space 1398144K,  32% used [0x0000000755550000, 0x0000000770f6ed68, 0x0000000770f6ee00, 0x00000007aaab0000)
[20.867s][info][gc,heap,exit]  Metaspace       used 1985K, committed 2176K, reserved 1114112K
[20.867s][info][gc,heap,exit]   class space    used 173K, committed 320K, reserved 1048576K
