[0.009s][info][gc,init] CardTable entry size: 512
[0.009s][info][gc     ] Using Serial
[0.014s][info][gc,init] Version: 21.0.5+9-LTS-239 (release)
[0.014s][info][gc,init] CPUs: 12 total, 12 available
[0.014s][info][gc,init] Memory: 16190M
[0.014s][info][gc,init] Large Page Support: Disabled
[0.014s][info][gc,init] NUMA Support: Disabled
[0.014s][info][gc,init] Compressed Oops: Enabled (Zero based)
[0.014s][info][gc,init] Heap Min Capacity: 2G
[0.014s][info][gc,init] Heap Initial Capacity: 2G
[0.014s][info][gc,init] Heap Max Capacity: 4G
[0.014s][info][gc,init] Pre-touch: Disabled
[0.021s][info][gc,metaspace] CDS archive(s) mapped at: [0x0000023db9000000-0x0000023db9c90000-0x0000023db9c90000), size 13172736, SharedBaseAddress: 0x0000023db9000000, ArchiveRelocationMode: 1.
[0.022s][info][gc,metaspace] Compressed class space mapped at: 0x0000023dba000000-0x0000023dfa000000, reserved size: 1073741824
[0.022s][info][gc,metaspace] Narrow klass base: 0x0000023db9000000, Narrow klass shift: 0, Narrow klass range: 0x100000000
[0.751s][info][gc,start    ] GC(0) Pause Young (Allocation Failure)
[0.814s][info][gc,heap     ] GC(0) DefNew: 559232K(629120K)->41312K(629120K) Eden: 559232K(559232K)->0K(559232K) From: 0K(69888K)->41312K(69888K)
[0.814s][info][gc,heap     ] GC(0) Tenured: 0K(1398144K)->0K(1398144K)
[0.814s][info][gc,metaspace] GC(0) Metaspace: 1670K(1792K)->1670K(1792K) NonClass: 1535K(1600K)->1535K(1600K) Class: 134K(192K)->134K(192K)
[0.814s][info][gc          ] GC(0) Pause Young (Allocation Failure) 546M->40M(1979M) 62.809ms
[0.814s][info][gc,cpu      ] GC(0) User=0.06s Sys=0.00s Real=0.06s
[1.091s][info][gc,start    ] GC(1) Pause Young (Allocation Failure)
[1.160s][info][gc,heap     ] GC(1) DefNew: 600544K(629120K)->69888K(629120K) Eden: 559232K(559232K)->0K(559232K) From: 41312K(69888K)->69888K(69888K)
[1.160s][info][gc,heap     ] GC(1) Tenured: 0K(1398144K)->38775K(1398144K)
[1.160s][info][gc,metaspace] GC(1) Metaspace: 1690K(1792K)->1690K(1792K) NonClass: 1555K(1600K)->1555K(1600K) Class: 134K(192K)->134K(192K)
[1.160s][info][gc          ] GC(1) Pause Young (Allocation Failure) 586M->106M(1979M) 69.328ms
[1.160s][info][gc,cpu      ] GC(1) User=0.06s Sys=0.00s Real=0.07s
[1.420s][info][gc,start    ] GC(2) Pause Young (Allocation Failure)
[1.479s][info][gc,heap     ] GC(2) DefNew: 629120K(629120K)->69887K(629120K) Eden: 559232K(559232K)->0K(559232K) From: 69888K(69888K)->69887K(69888K)
[1.479s][info][gc,heap     ] GC(2) Tenured: 38775K(1398144K)->113687K(1398144K)
[1.479s][info][gc,metaspace] GC(2) Metaspace: 1690K(1792K)->1690K(1792K) NonClass: 1555K(1600K)->1555K(1600K) Class: 134K(192K)->134K(192K)
[1.479s][info][gc          ] GC(2) Pause Young (Allocation Failure) 652M->179M(1979M) 59.900ms
[1.479s][info][gc,cpu      ] GC(2) User=0.02s Sys=0.03s Real=0.06s
[1.731s][info][gc,start    ] GC(3) Pause Young (Allocation Failure)
[1.795s][info][gc,heap     ] GC(3) DefNew: 629119K(629120K)->69888K(629120K) Eden: 559232K(559232K)->0K(559232K) From: 69887K(69888K)->69888K(69888K)
[1.795s][info][gc,heap     ] GC(3) Tenured: 113687K(1398144K)->199197K(1398144K)
[1.795s][info][gc,metaspace] GC(3) Metaspace: 1690K(1792K)->1690K(1792K) NonClass: 1555K(1600K)->1555K(1600K) Class: 134K(192K)->134K(192K)
[1.795s][info][gc          ] GC(3) Pause Young (Allocation Failure) 725M->262M(1979M) 64.186ms
[1.795s][info][gc,cpu      ] GC(3) User=0.06s Sys=0.00s Real=0.06s
[2.051s][info][gc,start    ] GC(4) Pause Young (Allocation Failure)
[2.109s][info][gc,heap     ] GC(4) DefNew: 629120K(629120K)->69888K(629120K) Eden: 559232K(559232K)->0K(559232K) From: 69888K(69888K)->69888K(69888K)
[2.109s][info][gc,heap     ] GC(4) Tenured: 199197K(1398144K)->284007K(1398144K)
[2.109s][info][gc,metaspace] GC(4) Metaspace: 1690K(1792K)->1690K(1792K) NonClass: 1555K(1600K)->1555K(1600K) Class: 134K(192K)->134K(192K)
[2.109s][info][gc          ] GC(4) Pause Young (Allocation Failure) 808M->345M(1979M) 58.196ms
[2.109s][info][gc,cpu      ] GC(4) User=0.05s Sys=0.02s Real=0.06s
[2.363s][info][gc,start    ] GC(5) Pause Young (Allocation Failure)
[2.431s][info][gc,heap     ] GC(5) DefNew: 629120K(629120K)->69888K(629120K) Eden: 559232K(559232K)->0K(559232K) From: 69888K(69888K)->69888K(69888K)
[2.431s][info][gc,heap     ] GC(5) Tenured: 284007K(1398144K)->375928K(1398144K)
[2.431s][info][gc,metaspace] GC(5) Metaspace: 1690K(1792K)->1690K(1792K) NonClass: 1555K(1600K)->1555K(1600K) Class: 134K(192K)->134K(192K)
[2.431s][info][gc          ] GC(5) Pause Young (Allocation Failure) 891M->435M(1979M) 67.108ms
[2.431s][info][gc,cpu      ] GC(5) User=0.06s Sys=0.00s Real=0.07s
[2.685s][info][gc,start    ] GC(6) Pause Young (Allocation Failure)
[2.752s][info][gc,heap     ] GC(6) DefNew: 629120K(629120K)->69888K(629120K) Eden: 559232K(559232K)->0K(559232K) From: 69888K(69888K)->69888K(69888K)
[2.752s][info][gc,heap     ] GC(6) Tenured: 375928K(1398144K)->462282K(1398144K)
[2.752s][info][gc,metaspace] GC(6) Metaspace: 1690K(1792K)->1690K(1792K) NonClass: 1555K(1600K)->1555K(1600K) Class: 134K(192K)->134K(192K)
[2.752s][info][gc          ] GC(6) Pause Young (Allocation Failure) 981M->519M(1979M) 67.195ms
[2.752s][info][gc,cpu      ] GC(6) User=0.06s Sys=0.00s Real=0.07s
[3.014s][info][gc,start    ] GC(7) Pause Young (Allocation Failure)
[3.077s][info][gc,heap     ] GC(7) DefNew: 629120K(629120K)->69887K(629120K) Eden: 559232K(559232K)->0K(559232K) From: 69888K(69888K)->69887K(69888K)
[3.077s][info][gc,heap     ] GC(7) Tenured: 462282K(1398144K)->547214K(1398144K)
[3.077s][info][gc,metaspace] GC(7) Metaspace: 1690K(1792K)->1690K(1792K) NonClass: 1555K(1600K)->1555K(1600K) Class: 134K(192K)->134K(192K)
[3.077s][info][gc          ] GC(7) Pause Young (Allocation Failure) 1065M->602M(1979M) 63.214ms
[3.077s][info][gc,cpu      ] GC(7) User=0.06s Sys=0.00s Real=0.06s
[3.330s][info][gc,start    ] GC(8) Pause Young (Allocation Failure)
[3.394s][info][gc,heap     ] GC(8) DefNew: 629119K(629120K)->69888K(629120K) Eden: 559232K(559232K)->0K(559232K) From: 69887K(69888K)->69888K(69888K)
[3.394s][info][gc,heap     ] GC(8) Tenured: 547214K(1398144K)->632414K(1398144K)
[3.394s][info][gc,metaspace] GC(8) Metaspace: 1690K(1792K)->1690K(1792K) NonClass: 1555K(1600K)->1555K(1600K) Class: 134K(192K)->134K(192K)
[3.394s][info][gc          ] GC(8) Pause Young (Allocation Failure) 1148M->685M(1979M) 63.752ms
[3.394s][info][gc,cpu      ] GC(8) User=0.06s Sys=0.00s Real=0.06s
[3.932s][info][gc,start    ] GC(9) Pause Young (Allocation Failure)
[4.010s][info][gc,heap     ] GC(9) DefNew: 629120K(629120K)->55861K(629120K) Eden: 559232K(559232K)->0K(559232K) From: 69888K(69888K)->55861K(69888K)
[4.010s][info][gc,heap     ] GC(9) Tenured: 632414K(1398144K)->702294K(1398144K)
[4.010s][info][gc,metaspace] GC(9) Metaspace: 1691K(1792K)->1691K(1792K) NonClass: 1556K(1600K)->1556K(1600K) Class: 134K(192K)->134K(192K)
[4.010s][info][gc          ] GC(9) Pause Young (Allocation Failure) 1231M->740M(1979M) 77.233ms
[4.010s][info][gc,cpu      ] GC(9) User=0.08s Sys=0.00s Real=0.08s
[4.947s][info][gc,start    ] GC(10) Pause Young (Allocation Failure)
[5.056s][info][gc,heap     ] GC(10) DefNew: 615093K(629120K)->27525K(629120K) Eden: 559232K(559232K)->0K(559232K) From: 55861K(69888K)->27525K(69888K)
[5.056s][info][gc,heap     ] GC(10) Tenured: 702294K(1398144K)->758034K(1398144K)
[5.056s][info][gc,metaspace] GC(10) Metaspace: 1691K(1792K)->1691K(1792K) NonClass: 1556K(1600K)->1556K(1600K) Class: 134K(192K)->134K(192K)
[5.056s][info][gc          ] GC(10) Pause Young (Allocation Failure) 1286M->767M(1979M) 109.124ms
[5.056s][info][gc,cpu      ] GC(10) User=0.11s Sys=0.00s Real=0.11s
[6.009s][info][gc,start    ] GC(11) Pause Young (Allocation Failure)
[6.107s][info][gc,heap     ] GC(11) DefNew: 586757K(629120K)->42718K(629120K) Eden: 559232K(559232K)->0K(559232K) From: 27525K(69888K)->42718K(69888K)
[6.107s][info][gc,heap     ] GC(11) Tenured: 758034K(1398144K)->758034K(1398144K)
[6.107s][info][gc,metaspace] GC(11) Metaspace: 1710K(1792K)->1710K(1792K) NonClass: 1574K(1600K)->1574K(1600K) Class: 136K(192K)->136K(192K)
[6.107s][info][gc          ] GC(11) Pause Young (Allocation Failure) 1313M->781M(1979M) 98.304ms
[6.107s][info][gc,cpu      ] GC(11) User=0.11s Sys=0.00s Real=0.10s
[7.048s][info][gc,start    ] GC(12) Pause Young (Allocation Failure)
[7.168s][info][gc,heap     ] GC(12) DefNew: 601950K(629120K)->29703K(629120K) Eden: 559232K(559232K)->0K(559232K) From: 42718K(69888K)->29703K(69888K)
[7.168s][info][gc,heap     ] GC(12) Tenured: 758034K(1398144K)->785559K(1398144K)
[7.168s][info][gc,metaspace] GC(12) Metaspace: 1710K(1792K)->1710K(1792K) NonClass: 1574K(1600K)->1574K(1600K) Class: 136K(192K)->136K(192K)
[7.168s][info][gc          ] GC(12) Pause Young (Allocation Failure) 1328M->796M(1979M) 119.617ms
[7.168s][info][gc,cpu      ] GC(12) User=0.11s Sys=0.00s Real=0.12s
[8.097s][info][gc,start    ] GC(13) Pause Young (Allocation Failure)
[8.201s][info][gc,heap     ] GC(13) DefNew: 588935K(629120K)->43278K(629120K) Eden: 559232K(559232K)->0K(559232K) From: 29703K(69888K)->43278K(69888K)
[8.201s][info][gc,heap     ] GC(13) Tenured: 785559K(1398144K)->785559K(1398144K)
[8.201s][info][gc,metaspace] GC(13) Metaspace: 1710K(1792K)->1710K(1792K) NonClass: 1574K(1600K)->1574K(1600K) Class: 136K(192K)->136K(192K)
[8.201s][info][gc          ] GC(13) Pause Young (Allocation Failure) 1342M->809M(1979M) 103.984ms
[8.201s][info][gc,cpu      ] GC(13) User=0.11s Sys=0.00s Real=0.10s
[9.144s][info][gc,start    ] GC(14) Pause Young (Allocation Failure)
[9.267s][info][gc,heap     ] GC(14) DefNew: 602510K(629120K)->41568K(629120K) Eden: 559232K(559232K)->0K(559232K) From: 43278K(69888K)->41568K(69888K)
[9.267s][info][gc,heap     ] GC(14) Tenured: 785559K(1398144K)->800752K(1398144K)
[9.267s][info][gc,metaspace] GC(14) Metaspace: 1711K(1792K)->1711K(1792K) NonClass: 1575K(1600K)->1575K(1600K) Class: 136K(192K)->136K(192K)
[9.267s][info][gc          ] GC(14) Pause Young (Allocation Failure) 1355M->822M(1979M) 123.200ms
[9.267s][info][gc,cpu      ] GC(14) User=0.12s Sys=0.00s Real=0.12s
[10.201s][info][gc,start    ] GC(15) Pause Young (Allocation Failure)
[10.322s][info][gc,heap     ] GC(15) DefNew: 600800K(629120K)->39673K(629120K) Eden: 559232K(559232K)->0K(559232K) From: 41568K(69888K)->39673K(69888K)
[10.322s][info][gc,heap     ] GC(15) Tenured: 800752K(1398144K)->815262K(1398144K)
[10.322s][info][gc,metaspace] GC(15) Metaspace: 1716K(1792K)->1716K(1792K) NonClass: 1580K(1600K)->1580K(1600K) Class: 136K(192K)->136K(192K)
[10.322s][info][gc          ] GC(15) Pause Young (Allocation Failure) 1368M->834M(1979M) 121.247ms
[10.322s][info][gc,cpu      ] GC(15) User=0.11s Sys=0.00s Real=0.12s
[11.277s][info][gc,start    ] GC(16) Pause Young (Allocation Failure)
[11.430s][info][gc,heap     ] GC(16) DefNew: 598905K(629120K)->62957K(629120K) Eden: 559232K(559232K)->0K(559232K) From: 39673K(69888K)->62957K(69888K)
[11.430s][info][gc,heap     ] GC(16) Tenured: 815262K(1398144K)->828625K(1398144K)
[11.430s][info][gc,metaspace] GC(16) Metaspace: 1718K(1792K)->1718K(1792K) NonClass: 1582K(1600K)->1582K(1600K) Class: 136K(192K)->136K(192K)
[11.430s][info][gc          ] GC(16) Pause Young (Allocation Failure) 1381M->870M(1979M) 152.401ms
[11.430s][info][gc,cpu      ] GC(16) User=0.14s Sys=0.00s Real=0.15s
[12.385s][info][gc,start    ] GC(17) Pause Young (Allocation Failure)
[12.540s][info][gc,heap     ] GC(17) DefNew: 622189K(629120K)->12919K(629120K) Eden: 559232K(559232K)->0K(559232K) From: 62957K(69888K)->12919K(69888K)
[12.540s][info][gc,heap     ] GC(17) Tenured: 828625K(1398144K)->891582K(1398144K)
[12.540s][info][gc,metaspace] GC(17) Metaspace: 1718K(1792K)->1718K(1792K) NonClass: 1582K(1600K)->1582K(1600K) Class: 136K(192K)->136K(192K)
[12.540s][info][gc          ] GC(17) Pause Young (Allocation Failure) 1416M->883M(1979M) 154.422ms
[12.540s][info][gc,cpu      ] GC(17) User=0.16s Sys=0.00s Real=0.15s
[13.458s][info][gc,start    ] GC(18) Pause Young (Allocation Failure)
[13.583s][info][gc,heap     ] GC(18) DefNew: 565679K(629120K)->56604K(629120K) Eden: 552760K(559232K)->0K(559232K) From: 12919K(69888K)->56604K(69888K)
[13.583s][info][gc,heap     ] GC(18) Tenured: 891582K(1398144K)->891582K(1398144K)
[13.583s][info][gc,metaspace] GC(18) Metaspace: 1859K(2048K)->1859K(2048K) NonClass: 1702K(1792K)->1702K(1792K) Class: 157K(256K)->157K(256K)
[13.583s][info][gc          ] GC(18) Pause Young (Allocation Failure) 1423M->925M(1979M) 125.173ms
[13.583s][info][gc,cpu      ] GC(18) User=0.12s Sys=0.00s Real=0.12s
[13.835s][info][gc,heap,exit] Heap
[13.835s][info][gc,heap,exit]  def new generation   total 629120K, used 108485K [0x0000000700000000, 0x000000072aaa0000, 0x0000000755550000)
[13.835s][info][gc,heap,exit]   eden space 559232K,   9% used [0x0000000700000000, 0x00000007032aa4c0, 0x0000000722220000)
[13.835s][info][gc,heap,exit]   from space 69888K,  80% used [0x0000000726660000, 0x0000000729da7048, 0x000000072aaa0000)
[13.835s][info][gc,heap,exit]   to   space 69888K,   0% used [0x0000000722220000, 0x0000000722220000, 0x0000000726660000)
[13.835s][info][gc,heap,exit]  tenured generation   total 1398144K, used 891582K [0x0000000755550000, 0x00000007aaab0000, 0x0000000800000000)
[13.835s][info][gc,heap,exit]    the space 1398144K,  63% used [0x0000000755550000, 0x000000078bbff938, 0x000000078bbffa00, 0x00000007aaab0000)
[13.835s][info][gc,heap,exit]  Metaspace       used 1927K, committed 2112K, reserved 1114112K
[13.835s][info][gc,heap,exit]   class space    used 165K, committed 256K, reserved 1048576K
