[0.012s][info][gc,init] CardTable entry size: 512
[0.012s][info][gc     ] Using Serial
[0.019s][info][gc,init] Version: 21.0.5+9-LTS-239 (release)
[0.019s][info][gc,init] CPUs: 12 total, 12 available
[0.019s][info][gc,init] Memory: 16190M
[0.019s][info][gc,init] Large Page Support: Disabled
[0.019s][info][gc,init] NUMA Support: Disabled
[0.019s][info][gc,init] Compressed Oops: Enabled (Zero based)
[0.019s][info][gc,init] Heap Min Capacity: 2G
[0.019s][info][gc,init] Heap Initial Capacity: 2G
[0.019s][info][gc,init] Heap Max Capacity: 4G
[0.019s][info][gc,init] Pre-touch: Disabled
[0.034s][info][gc,metaspace] CDS archive(s) mapped at: [0x0000021a1c000000-0x0000021a1cc90000-0x0000021a1cc90000), size 13172736, SharedBaseAddress: 0x0000021a1c000000, ArchiveRelocationMode: 1.
[0.035s][info][gc,metaspace] Compressed class space mapped at: 0x0000021a1d000000-0x0000021a5d000000, reserved size: 1073741824
[0.035s][info][gc,metaspace] Narrow klass base: 0x0000021a1c000000, Narrow klass shift: 0, Narrow klass range: 0x100000000
[0.975s][info][gc,start    ] GC(0) Pause Young (Allocation Failure)
[1.060s][info][gc,heap     ] GC(0) DefNew: 559232K(629120K)->20524K(629120K) Eden: 559232K(559232K)->0K(559232K) From: 0K(69888K)->20524K(69888K)
[1.060s][info][gc,heap     ] GC(0) Tenured: 0K(1398144K)->0K(1398144K)
[1.060s][info][gc,metaspace] GC(0) Metaspace: 1700K(1792K)->1700K(1792K) NonClass: 1567K(1600K)->1567K(1600K) Class: 133K(192K)->133K(192K)
[1.060s][info][gc          ] GC(0) Pause Young (Allocation Failure) 546M->20M(1979M) 85.390ms
[1.060s][info][gc,cpu      ] GC(0) User=0.06s Sys=0.03s Real=0.09s
[1.340s][info][gc,start    ] GC(1) Pause Young (Allocation Failure)
[1.444s][info][gc,heap     ] GC(1) DefNew: 579756K(629120K)->44263K(629120K) Eden: 559232K(559232K)->0K(559232K) From: 20524K(69888K)->44263K(69888K)
[1.444s][info][gc,heap     ] GC(1) Tenured: 0K(1398144K)->0K(1398144K)
[1.444s][info][gc,metaspace] GC(1) Metaspace: 1711K(1792K)->1711K(1792K) NonClass: 1577K(1600K)->1577K(1600K) Class: 133K(192K)->133K(192K)
[1.444s][info][gc          ] GC(1) Pause Young (Allocation Failure) 566M->43M(1979M) 104.389ms
[1.444s][info][gc,cpu      ] GC(1) User=0.09s Sys=0.00s Real=0.10s
[1.726s][info][gc,start    ] GC(2) Pause Young (Allocation Failure)
[1.848s][info][gc,heap     ] GC(2) DefNew: 603495K(629120K)->51631K(629120K) Eden: 559232K(559232K)->0K(559232K) From: 44263K(69888K)->51631K(69888K)
[1.848s][info][gc,heap     ] GC(2) Tenured: 0K(1398144K)->16429K(1398144K)
[1.848s][info][gc,metaspace] GC(2) Metaspace: 1711K(1792K)->1711K(1792K) NonClass: 1577K(1600K)->1577K(1600K) Class: 133K(192K)->133K(192K)
[1.848s][info][gc          ] GC(2) Pause Young (Allocation Failure) 589M->66M(1979M) 121.836ms
[1.848s][info][gc,cpu      ] GC(2) User=0.11s Sys=0.02s Real=0.12s
[2.147s][info][gc,start    ] GC(3) Pause Young (Allocation Failure)
[2.258s][info][gc,heap     ] GC(3) DefNew: 610863K(629120K)->42157K(629120K) Eden: 559232K(559232K)->0K(559232K) From: 51631K(69888K)->42157K(69888K)
[2.258s][info][gc,heap     ] GC(3) Tenured: 16429K(1398144K)->45525K(1398144K)
[2.258s][info][gc,metaspace] GC(3) Metaspace: 1711K(1792K)->1711K(1792K) NonClass: 1577K(1600K)->1577K(1600K) Class: 133K(192K)->133K(192K)
[2.258s][info][gc          ] GC(3) Pause Young (Allocation Failure) 612M->85M(1979M) 110.157ms
[2.258s][info][gc,cpu      ] GC(3) User=0.11s Sys=0.00s Real=0.11s
[2.540s][info][gc,start    ] GC(4) Pause Young (Allocation Failure)
[2.630s][info][gc,heap     ] GC(4) DefNew: 601389K(629120K)->51831K(629120K) Eden: 559232K(559232K)->0K(559232K) From: 42157K(69888K)->51831K(69888K)
[2.630s][info][gc,heap     ] GC(4) Tenured: 45525K(1398144K)->56713K(1398144K)
[2.630s][info][gc,metaspace] GC(4) Metaspace: 1711K(1792K)->1711K(1792K) NonClass: 1577K(1600K)->1577K(1600K) Class: 133K(192K)->133K(192K)
[2.630s][info][gc          ] GC(4) Pause Young (Allocation Failure) 631M->106M(1979M) 89.836ms
[2.630s][info][gc,cpu      ] GC(4) User=0.09s Sys=0.00s Real=0.09s
[2.891s][info][gc,start    ] GC(5) Pause Young (Allocation Failure)
[2.973s][info][gc,heap     ] GC(5) DefNew: 611063K(629120K)->53991K(629120K) Eden: 559232K(559232K)->0K(559232K) From: 51831K(69888K)->53991K(69888K)
[2.973s][info][gc,heap     ] GC(5) Tenured: 56713K(1398144K)->73875K(1398144K)
[2.973s][info][gc,metaspace] GC(5) Metaspace: 1711K(1792K)->1711K(1792K) NonClass: 1577K(1600K)->1577K(1600K) Class: 133K(192K)->133K(192K)
[2.973s][info][gc          ] GC(5) Pause Young (Allocation Failure) 652M->124M(1979M) 82.251ms
[2.973s][info][gc,cpu      ] GC(5) User=0.09s Sys=0.00s Real=0.08s
[3.228s][info][gc,start    ] GC(6) Pause Young (Allocation Failure)
[3.324s][info][gc,heap     ] GC(6) DefNew: 613223K(629120K)->66663K(629120K) Eden: 559232K(559232K)->0K(559232K) From: 53991K(69888K)->66663K(69888K)
[3.324s][info][gc,heap     ] GC(6) Tenured: 73875K(1398144K)->99636K(1398144K)
[3.324s][info][gc,metaspace] GC(6) Metaspace: 1711K(1792K)->1711K(1792K) NonClass: 1577K(1600K)->1577K(1600K) Class: 133K(192K)->133K(192K)
[3.324s][info][gc          ] GC(6) Pause Young (Allocation Failure) 670M->162M(1979M) 95.840ms
[3.324s][info][gc,cpu      ] GC(6) User=0.09s Sys=0.00s Real=0.10s
[3.581s][info][gc,start    ] GC(7) Pause Young (Allocation Failure)
[3.683s][info][gc,heap     ] GC(7) DefNew: 625895K(629120K)->55850K(629120K) Eden: 559232K(559232K)->0K(559232K) From: 66663K(69888K)->55850K(69888K)
[3.683s][info][gc,heap     ] GC(7) Tenured: 99636K(1398144K)->148746K(1398144K)
[3.683s][info][gc,metaspace] GC(7) Metaspace: 1711K(1792K)->1711K(1792K) NonClass: 1577K(1600K)->1577K(1600K) Class: 133K(192K)->133K(192K)
[3.683s][info][gc          ] GC(7) Pause Young (Allocation Failure) 708M->199M(1979M) 102.683ms
[3.683s][info][gc,cpu      ] GC(7) User=0.08s Sys=0.02s Real=0.10s
[3.988s][info][gc,start    ] GC(8) Pause Young (Allocation Failure)
[4.105s][info][gc,heap     ] GC(8) DefNew: 615082K(629120K)->57074K(629120K) Eden: 559232K(559232K)->0K(559232K) From: 55850K(69888K)->57074K(69888K)
[4.105s][info][gc,heap     ] GC(8) Tenured: 148746K(1398144K)->198370K(1398144K)
[4.105s][info][gc,metaspace] GC(8) Metaspace: 1730K(1856K)->1730K(1856K) NonClass: 1595K(1664K)->1595K(1664K) Class: 134K(192K)->134K(192K)
[4.105s][info][gc          ] GC(8) Pause Young (Allocation Failure) 745M->249M(1979M) 117.532ms
[4.105s][info][gc,cpu      ] GC(8) User=0.11s Sys=0.00s Real=0.12s
[4.456s][info][gc,start    ] GC(9) Pause Young (Allocation Failure)
[4.573s][info][gc,heap     ] GC(9) DefNew: 616306K(629120K)->55393K(629120K) Eden: 559232K(559232K)->0K(559232K) From: 57074K(69888K)->55393K(69888K)
[4.573s][info][gc,heap     ] GC(9) Tenured: 198370K(1398144K)->255365K(1398144K)
[4.573s][info][gc,metaspace] GC(9) Metaspace: 1730K(1856K)->1730K(1856K) NonClass: 1595K(1664K)->1595K(1664K) Class: 134K(192K)->134K(192K)
[4.573s][info][gc          ] GC(9) Pause Young (Allocation Failure) 795M->303M(1979M) 116.768ms
[4.573s][info][gc,cpu      ] GC(9) User=0.09s Sys=0.02s Real=0.12s
[4.966s][info][gc,start    ] GC(10) Pause Young (Allocation Failure)
[5.100s][info][gc,heap     ] GC(10) DefNew: 614625K(629120K)->56691K(629120K) Eden: 559232K(559232K)->0K(559232K) From: 55393K(69888K)->56691K(69888K)
[5.100s][info][gc,heap     ] GC(10) Tenured: 255365K(1398144K)->310545K(1398144K)
[5.100s][info][gc,metaspace] GC(10) Metaspace: 1730K(1856K)->1730K(1856K) NonClass: 1595K(1664K)->1595K(1664K) Class: 134K(192K)->134K(192K)
[5.100s][info][gc          ] GC(10) Pause Young (Allocation Failure) 849M->358M(1979M) 133.997ms
[5.100s][info][gc,cpu      ] GC(10) User=0.12s Sys=0.00s Real=0.13s
[5.480s][info][gc,start    ] GC(11) Pause Young (Allocation Failure)
[5.594s][info][gc,heap     ] GC(11) DefNew: 615923K(629120K)->52521K(629120K) Eden: 559232K(559232K)->0K(559232K) From: 56691K(69888K)->52521K(69888K)
[5.594s][info][gc,heap     ] GC(11) Tenured: 310545K(1398144K)->366718K(1398144K)
[5.594s][info][gc,metaspace] GC(11) Metaspace: 1730K(1856K)->1730K(1856K) NonClass: 1596K(1664K)->1596K(1664K) Class: 134K(192K)->134K(192K)
[5.594s][info][gc          ] GC(11) Pause Young (Allocation Failure) 904M->409M(1979M) 114.303ms
[5.594s][info][gc,cpu      ] GC(11) User=0.12s Sys=0.00s Real=0.11s
[5.918s][info][gc,start    ] GC(12) Pause Young (Allocation Failure)
[6.028s][info][gc,heap     ] GC(12) DefNew: 611753K(629120K)->55760K(629120K) Eden: 559232K(559232K)->0K(559232K) From: 52521K(69888K)->55760K(69888K)
[6.028s][info][gc,heap     ] GC(12) Tenured: 366718K(1398144K)->419237K(1398144K)
[6.028s][info][gc,metaspace] GC(12) Metaspace: 1730K(1856K)->1730K(1856K) NonClass: 1596K(1664K)->1596K(1664K) Class: 134K(192K)->134K(192K)
[6.028s][info][gc          ] GC(12) Pause Young (Allocation Failure) 955M->463M(1979M) 109.880ms
[6.028s][info][gc,cpu      ] GC(12) User=0.11s Sys=0.00s Real=0.11s
[6.328s][info][gc,start    ] GC(13) Pause Young (Allocation Failure)
[6.434s][info][gc,heap     ] GC(13) DefNew: 614992K(629120K)->53604K(629120K) Eden: 559232K(559232K)->0K(559232K) From: 55760K(69888K)->53604K(69888K)
[6.434s][info][gc,heap     ] GC(13) Tenured: 419237K(1398144K)->474940K(1398144K)
[6.434s][info][gc,metaspace] GC(13) Metaspace: 1731K(1856K)->1731K(1856K) NonClass: 1596K(1664K)->1596K(1664K) Class: 134K(192K)->134K(192K)
[6.434s][info][gc          ] GC(13) Pause Young (Allocation Failure) 1009M->516M(1979M) 105.752ms
[6.434s][info][gc,cpu      ] GC(13) User=0.09s Sys=0.02s Real=0.11s
[6.732s][info][gc,start    ] GC(14) Pause Young (Allocation Failure)
[6.824s][info][gc,heap     ] GC(14) DefNew: 612836K(629120K)->54036K(629120K) Eden: 559232K(559232K)->0K(559232K) From: 53604K(69888K)->54036K(69888K)
[6.824s][info][gc,heap     ] GC(14) Tenured: 474940K(1398144K)->528543K(1398144K)
[6.824s][info][gc,metaspace] GC(14) Metaspace: 1731K(1856K)->1731K(1856K) NonClass: 1596K(1664K)->1596K(1664K) Class: 134K(192K)->134K(192K)
[6.824s][info][gc          ] GC(14) Pause Young (Allocation Failure) 1062M->568M(1979M) 92.150ms
[6.824s][info][gc,cpu      ] GC(14) User=0.08s Sys=0.02s Real=0.09s
[7.086s][info][gc,start    ] GC(15) Pause Young (Allocation Failure)
[7.182s][info][gc,heap     ] GC(15) DefNew: 613268K(629120K)->54346K(629120K) Eden: 559232K(559232K)->0K(559232K) From: 54036K(69888K)->54346K(69888K)
[7.183s][info][gc,heap     ] GC(15) Tenured: 528543K(1398144K)->582518K(1398144K)
[7.183s][info][gc,metaspace] GC(15) Metaspace: 1731K(1856K)->1731K(1856K) NonClass: 1596K(1664K)->1596K(1664K) Class: 134K(192K)->134K(192K)
[7.183s][info][gc          ] GC(15) Pause Young (Allocation Failure) 1115M->621M(1979M) 96.478ms
[7.183s][info][gc,cpu      ] GC(15) User=0.06s Sys=0.02s Real=0.10s
[7.556s][info][gc,start    ] GC(16) Pause Young (Allocation Failure)
[7.740s][info][gc,heap     ] GC(16) DefNew: 613578K(629120K)->69888K(629120K) Eden: 559232K(559232K)->0K(559232K) From: 54346K(69888K)->69888K(69888K)
[7.740s][info][gc,heap     ] GC(16) Tenured: 582518K(1398144K)->641729K(1398144K)
[7.740s][info][gc,metaspace] GC(16) Metaspace: 1740K(1856K)->1740K(1856K) NonClass: 1605K(1664K)->1605K(1664K) Class: 134K(192K)->134K(192K)
[7.740s][info][gc          ] GC(16) Pause Young (Allocation Failure) 1168M->694M(1979M) 183.609ms
[7.740s][info][gc,cpu      ] GC(16) User=0.17s Sys=0.00s Real=0.18s
[8.447s][info][gc,start    ] GC(17) Pause Young (Allocation Failure)
[8.636s][info][gc,heap     ] GC(17) DefNew: 629120K(629120K)->57007K(629120K) Eden: 559232K(559232K)->0K(559232K) From: 69888K(69888K)->57007K(69888K)
[8.636s][info][gc,heap     ] GC(17) Tenured: 641729K(1398144K)->711541K(1398144K)
[8.636s][info][gc,metaspace] GC(17) Metaspace: 1740K(1856K)->1740K(1856K) NonClass: 1605K(1664K)->1605K(1664K) Class: 134K(192K)->134K(192K)
[8.636s][info][gc          ] GC(17) Pause Young (Allocation Failure) 1241M->750M(1979M) 189.066ms
[8.636s][info][gc,cpu      ] GC(17) User=0.17s Sys=0.02s Real=0.19s
[9.055s][info][gc,start    ] GC(18) Pause Young (Allocation Failure)
[9.192s][info][gc,heap     ] GC(18) DefNew: 616239K(629120K)->59968K(629120K) Eden: 559232K(559232K)->0K(559232K) From: 57007K(69888K)->59968K(69888K)
[9.192s][info][gc,heap     ] GC(18) Tenured: 711541K(1398144K)->768537K(1398144K)
[9.192s][info][gc,metaspace] GC(18) Metaspace: 1740K(1856K)->1740K(1856K) NonClass: 1605K(1664K)->1605K(1664K) Class: 134K(192K)->134K(192K)
[9.192s][info][gc          ] GC(18) Pause Young (Allocation Failure) 1296M->809M(1979M) 137.008ms
[9.192s][info][gc,cpu      ] GC(18) User=0.14s Sys=0.00s Real=0.14s
[9.469s][info][gc,start    ] GC(19) Pause Young (Allocation Failure)
[9.567s][info][gc,heap     ] GC(19) DefNew: 619200K(629120K)->55311K(629120K) Eden: 559232K(559232K)->0K(559232K) From: 59968K(69888K)->55311K(69888K)
[9.567s][info][gc,heap     ] GC(19) Tenured: 768537K(1398144K)->828349K(1398144K)
[9.567s][info][gc,metaspace] GC(19) Metaspace: 1740K(1856K)->1740K(1856K) NonClass: 1605K(1664K)->1605K(1664K) Class: 134K(192K)->134K(192K)
[9.568s][info][gc          ] GC(19) Pause Young (Allocation Failure) 1355M->862M(1979M) 98.356ms
[9.568s][info][gc,cpu      ] GC(19) User=0.08s Sys=0.02s Real=0.10s
[9.827s][info][gc,start    ] GC(20) Pause Young (Allocation Failure)
[9.928s][info][gc,heap     ] GC(20) DefNew: 614543K(629120K)->53063K(629120K) Eden: 559232K(559232K)->0K(559232K) From: 55311K(69888K)->53063K(69888K)
[9.929s][info][gc,heap     ] GC(20) Tenured: 828349K(1398144K)->883621K(1398144K)
[9.929s][info][gc,metaspace] GC(20) Metaspace: 1740K(1856K)->1740K(1856K) NonClass: 1606K(1664K)->1606K(1664K) Class: 134K(192K)->134K(192K)
[9.929s][info][gc          ] GC(20) Pause Young (Allocation Failure) 1409M->914M(1979M) 101.240ms
[9.929s][info][gc,cpu      ] GC(20) User=0.09s Sys=0.00s Real=0.10s
[10.187s][info][gc,start    ] GC(21) Pause Young (Allocation Failure)
[10.283s][info][gc,heap     ] GC(21) DefNew: 612295K(629120K)->54549K(629120K) Eden: 559232K(559232K)->0K(559232K) From: 53063K(69888K)->54549K(69888K)
[10.283s][info][gc,heap     ] GC(21) Tenured: 883621K(1398144K)->936628K(1398144K)
[10.283s][info][gc,metaspace] GC(21) Metaspace: 1741K(1856K)->1741K(1856K) NonClass: 1606K(1664K)->1606K(1664K) Class: 134K(192K)->134K(192K)
[10.283s][info][gc          ] GC(21) Pause Young (Allocation Failure) 1460M->967M(1979M) 96.624ms
[10.283s][info][gc,cpu      ] GC(21) User=0.08s Sys=0.02s Real=0.10s
[10.549s][info][gc,start    ] GC(22) Pause Young (Allocation Failure)
[10.653s][info][gc,heap     ] GC(22) DefNew: 613781K(629120K)->58222K(629120K) Eden: 559232K(559232K)->0K(559232K) From: 54549K(69888K)->58222K(69888K)
[10.653s][info][gc,heap     ] GC(22) Tenured: 936628K(1398144K)->990779K(1398144K)
[10.653s][info][gc,metaspace] GC(22) Metaspace: 1741K(1856K)->1741K(1856K) NonClass: 1606K(1664K)->1606K(1664K) Class: 134K(192K)->134K(192K)
[10.653s][info][gc          ] GC(22) Pause Young (Allocation Failure) 1514M->1024M(1979M) 103.322ms
[10.653s][info][gc,cpu      ] GC(22) User=0.09s Sys=0.02s Real=0.10s
[10.904s][info][gc,start    ] GC(23) Pause Young (Allocation Failure)
[11.009s][info][gc,heap     ] GC(23) DefNew: 617454K(629120K)->56537K(629120K) Eden: 559232K(559232K)->0K(559232K) From: 58222K(69888K)->56537K(69888K)
[11.009s][info][gc,heap     ] GC(23) Tenured: 990779K(1398144K)->1048963K(1398144K)
[11.009s][info][gc,metaspace] GC(23) Metaspace: 1741K(1856K)->1741K(1856K) NonClass: 1606K(1664K)->1606K(1664K) Class: 134K(192K)->134K(192K)
[11.009s][info][gc          ] GC(23) Pause Young (Allocation Failure) 1570M->1079M(1979M) 105.062ms
[11.009s][info][gc,cpu      ] GC(23) User=0.09s Sys=0.00s Real=0.11s
[11.264s][info][gc,start    ] GC(24) Pause Young (Allocation Failure)
[11.361s][info][gc,heap     ] GC(24) DefNew: 615769K(629120K)->56332K(629120K) Eden: 559232K(559232K)->0K(559232K) From: 56537K(69888K)->56332K(69888K)
[11.361s][info][gc,heap     ] GC(24) Tenured: 1048963K(1398144K)->1104883K(1398144K)
[11.361s][info][gc,metaspace] GC(24) Metaspace: 1741K(1856K)->1741K(1856K) NonClass: 1606K(1664K)->1606K(1664K) Class: 134K(192K)->134K(192K)
[11.361s][info][gc          ] GC(24) Pause Young (Allocation Failure) 1625M->1133M(1979M) 97.278ms
[11.361s][info][gc,cpu      ] GC(24) User=0.09s Sys=0.00s Real=0.10s
[11.631s][info][gc,start    ] GC(25) Pause Young (Allocation Failure)
[11.728s][info][gc,heap     ] GC(25) DefNew: 615564K(629120K)->52611K(629120K) Eden: 559232K(559232K)->0K(559232K) From: 56332K(69888K)->52611K(69888K)
[11.728s][info][gc,heap     ] GC(25) Tenured: 1104883K(1398144K)->1161049K(1398144K)
[11.728s][info][gc,metaspace] GC(25) Metaspace: 1741K(1856K)->1741K(1856K) NonClass: 1606K(1664K)->1606K(1664K) Class: 134K(192K)->134K(192K)
[11.728s][info][gc          ] GC(25) Pause Young (Allocation Failure) 1680M->1185M(1979M) 96.648ms
[11.728s][info][gc,cpu      ] GC(25) User=0.05s Sys=0.05s Real=0.10s
[12.061s][info][gc,start    ] GC(26) Pause Young (Allocation Failure)
[12.184s][info][gc,heap     ] GC(26) DefNew: 611843K(629120K)->54868K(629120K) Eden: 559232K(559232K)->0K(559232K) From: 52611K(69888K)->54868K(69888K)
[12.184s][info][gc,heap     ] GC(26) Tenured: 1161049K(1398144K)->1213474K(1398144K)
[12.184s][info][gc,metaspace] GC(26) Metaspace: 1741K(1856K)->1741K(1856K) NonClass: 1606K(1664K)->1606K(1664K) Class: 134K(192K)->134K(192K)
[12.184s][info][gc          ] GC(26) Pause Young (Allocation Failure) 1731M->1238M(1979M) 123.441ms
[12.184s][info][gc,cpu      ] GC(26) User=0.12s Sys=0.00s Real=0.12s
[12.486s][info][gc,start    ] GC(27) Pause Young (Allocation Failure)
[12.611s][info][gc,heap     ] GC(27) DefNew: 614100K(629120K)->54521K(629120K) Eden: 559232K(559232K)->0K(559232K) From: 54868K(69888K)->54521K(69888K)
[12.611s][info][gc,heap     ] GC(27) Tenured: 1213474K(1398144K)->1268290K(1398144K)
[12.611s][info][gc,metaspace] GC(27) Metaspace: 1741K(1856K)->1741K(1856K) NonClass: 1606K(1664K)->1606K(1664K) Class: 134K(192K)->134K(192K)
[12.611s][info][gc          ] GC(27) Pause Young (Allocation Failure) 1784M->1291M(1979M) 125.168ms
[12.611s][info][gc,cpu      ] GC(27) User=0.12s Sys=0.00s Real=0.12s
[12.963s][info][gc,start    ] GC(28) Pause Young (Allocation Failure)
[13.094s][info][gc,heap     ] GC(28) DefNew: 613753K(629120K)->55350K(629120K) Eden: 559232K(559232K)->0K(559232K) From: 54521K(69888K)->55350K(69888K)
[13.094s][info][gc,heap     ] GC(28) Tenured: 1268290K(1398144K)->1322723K(1398144K)
[13.094s][info][gc,metaspace] GC(28) Metaspace: 1741K(1856K)->1741K(1856K) NonClass: 1606K(1664K)->1606K(1664K) Class: 134K(192K)->134K(192K)
[13.094s][info][gc          ] GC(28) Pause Young (Allocation Failure) 1837M->1345M(1979M) 130.812ms
[13.094s][info][gc,cpu      ] GC(28) User=0.14s Sys=0.00s Real=0.13s
[13.386s][info][gc,start    ] GC(29) Pause Young (Allocation Failure)
[13.495s][info][gc,heap     ] GC(29) DefNew: 614582K(629120K)->54158K(629120K) Eden: 559232K(559232K)->0K(559232K) From: 55350K(69888K)->54158K(69888K)
[13.495s][info][gc,heap     ] GC(29) Tenured: 1322723K(1398144K)->1378042K(1398144K)
[13.495s][info][gc,metaspace] GC(29) Metaspace: 1741K(1856K)->1741K(1856K) NonClass: 1606K(1664K)->1606K(1664K) Class: 134K(192K)->134K(192K)
[13.495s][info][gc          ] GC(29) Pause Young (Allocation Failure) 1891M->1398M(1979M) 108.872ms
[13.495s][info][gc,cpu      ] GC(29) User=0.09s Sys=0.00s Real=0.11s
[13.759s][info][gc,start    ] GC(30) Pause Young (Allocation Failure)
[13.871s][info][gc          ] GC(30) Pause Young (Allocation Failure) 1944M->1450M(2012M) 112.213ms
[13.871s][info][gc,cpu      ] GC(30) User=0.12s Sys=0.00s Real=0.11s
[13.871s][info][gc,start    ] GC(31) Pause Full (Allocation Failure)
[13.871s][info][gc,phases,start] GC(31) Phase 1: Mark live objects
[14.254s][info][gc,phases      ] GC(31) Phase 1: Mark live objects 383.162ms
[14.255s][info][gc,phases,start] GC(31) Phase 2: Compute new object addresses
[14.356s][info][gc,phases      ] GC(31) Phase 2: Compute new object addresses 101.799ms
[14.356s][info][gc,phases,start] GC(31) Phase 3: Adjust pointers
[14.506s][info][gc,phases      ] GC(31) Phase 3: Adjust pointers 149.181ms
[14.506s][info][gc,phases,start] GC(31) Phase 4: Move objects
[14.626s][info][gc,phases      ] GC(31) Phase 4: Move objects 120.063ms
[14.629s][info][gc,heap        ] GC(31) DefNew: 613390K(629120K)->0K(629248K) Eden: 559232K(559232K)->0K(559360K) From: 54158K(69888K)->0K(69888K)
[14.629s][info][gc,heap        ] GC(31) Tenured: 1378042K(1398144K)->701164K(1398144K)
[14.629s][info][gc,metaspace   ] GC(31) Metaspace: 1741K(1856K)->1741K(1856K) NonClass: 1606K(1664K)->1606K(1664K) Class: 134K(192K)->134K(192K)
[14.629s][info][gc             ] GC(31) Pause Full (Allocation Failure) 1450M->684M(1979M) 758.194ms
[14.629s][info][gc,cpu         ] GC(31) User=0.75s Sys=0.00s Real=0.76s
[14.894s][info][gc,start       ] GC(32) Pause Young (Allocation Failure)
[14.962s][info][gc,heap        ] GC(32) DefNew: 559360K(629248K)->53926K(629248K) Eden: 559360K(559360K)->0K(559360K) From: 0K(69888K)->53926K(69888K)
[14.962s][info][gc,heap        ] GC(32) Tenured: 701164K(1398144K)->701164K(1398144K)
[14.962s][info][gc,metaspace   ] GC(32) Metaspace: 1741K(1856K)->1741K(1856K) NonClass: 1606K(1664K)->1606K(1664K) Class: 134K(192K)->134K(192K)
[14.962s][info][gc             ] GC(32) Pause Young (Allocation Failure) 1230M->737M(1979M) 67.989ms
[14.962s][info][gc,cpu         ] GC(32) User=0.06s Sys=0.00s Real=0.07s
[15.249s][info][gc,start       ] GC(33) Pause Young (Allocation Failure)
[15.377s][info][gc,heap        ] GC(33) DefNew: 613286K(629248K)->52313K(629248K) Eden: 559360K(559360K)->0K(559360K) From: 53926K(69888K)->52313K(69888K)
[15.377s][info][gc,heap        ] GC(33) Tenured: 701164K(1398144K)->754885K(1398144K)
[15.377s][info][gc,metaspace   ] GC(33) Metaspace: 1741K(1856K)->1741K(1856K) NonClass: 1606K(1664K)->1606K(1664K) Class: 134K(192K)->134K(192K)
[15.377s][info][gc             ] GC(33) Pause Young (Allocation Failure) 1283M->788M(1979M) 128.744ms
[15.377s][info][gc,cpu         ] GC(33) User=0.12s Sys=0.00s Real=0.13s
[15.697s][info][gc,start       ] GC(34) Pause Young (Allocation Failure)
[15.796s][info][gc,heap        ] GC(34) DefNew: 611673K(629248K)->54692K(629248K) Eden: 559360K(559360K)->0K(559360K) From: 52313K(69888K)->54692K(69888K)
[15.796s][info][gc,heap        ] GC(34) Tenured: 754885K(1398144K)->806981K(1398144K)
[15.796s][info][gc,metaspace   ] GC(34) Metaspace: 1741K(1856K)->1741K(1856K) NonClass: 1607K(1664K)->1607K(1664K) Class: 134K(192K)->134K(192K)
[15.797s][info][gc             ] GC(34) Pause Young (Allocation Failure) 1334M->841M(1979M) 99.968ms
[15.797s][info][gc,cpu         ] GC(34) User=0.11s Sys=0.00s Real=0.10s
[16.069s][info][gc,start       ] GC(35) Pause Young (Allocation Failure)
[16.168s][info][gc,heap        ] GC(35) DefNew: 614052K(629248K)->53823K(629248K) Eden: 559360K(559360K)->0K(559360K) From: 54692K(69888K)->53823K(69888K)
[16.168s][info][gc,heap        ] GC(35) Tenured: 806981K(1398144K)->861658K(1398144K)
[16.168s][info][gc,metaspace   ] GC(35) Metaspace: 1741K(1856K)->1741K(1856K) NonClass: 1607K(1664K)->1607K(1664K) Class: 134K(192K)->134K(192K)
[16.168s][info][gc             ] GC(35) Pause Young (Allocation Failure) 1387M->894M(1979M) 98.995ms
[16.168s][info][gc,cpu         ] GC(35) User=0.09s Sys=0.00s Real=0.10s
[16.443s][info][gc,start       ] GC(36) Pause Young (Allocation Failure)
[16.543s][info][gc,heap        ] GC(36) DefNew: 613183K(629248K)->52399K(629248K) Eden: 559360K(559360K)->0K(559360K) From: 53823K(69888K)->52399K(69888K)
[16.543s][info][gc,heap        ] GC(36) Tenured: 861658K(1398144K)->915474K(1398144K)
[16.543s][info][gc,metaspace   ] GC(36) Metaspace: 1741K(1856K)->1741K(1856K) NonClass: 1607K(1664K)->1607K(1664K) Class: 134K(192K)->134K(192K)
[16.543s][info][gc             ] GC(36) Pause Young (Allocation Failure) 1440M->945M(1979M) 100.213ms
[16.543s][info][gc,cpu         ] GC(36) User=0.11s Sys=0.00s Real=0.10s
[16.860s][info][gc,start       ] GC(37) Pause Young (Allocation Failure)
[16.982s][info][gc,heap        ] GC(37) DefNew: 611759K(629248K)->54656K(629248K) Eden: 559360K(559360K)->0K(559360K) From: 52399K(69888K)->54656K(69888K)
[16.982s][info][gc,heap        ] GC(37) Tenured: 915474K(1398144K)->967823K(1398144K)
[16.982s][info][gc,metaspace   ] GC(37) Metaspace: 1741K(1856K)->1741K(1856K) NonClass: 1607K(1664K)->1607K(1664K) Class: 134K(192K)->134K(192K)
[16.982s][info][gc             ] GC(37) Pause Young (Allocation Failure) 1491M->998M(1979M) 121.901ms
[16.982s][info][gc,cpu         ] GC(37) User=0.14s Sys=0.00s Real=0.12s
[17.314s][info][gc,start       ] GC(38) Pause Young (Allocation Failure)
[17.414s][info][gc,heap        ] GC(38) DefNew: 614016K(629248K)->54766K(629248K) Eden: 559360K(559360K)->0K(559360K) From: 54656K(69888K)->54766K(69888K)
[17.414s][info][gc,heap        ] GC(38) Tenured: 967823K(1398144K)->1022330K(1398144K)
[17.414s][info][gc,metaspace   ] GC(38) Metaspace: 1741K(1856K)->1741K(1856K) NonClass: 1607K(1664K)->1607K(1664K) Class: 134K(192K)->134K(192K)
[17.414s][info][gc             ] GC(38) Pause Young (Allocation Failure) 1544M->1051M(1979M) 100.276ms
[17.414s][info][gc,cpu         ] GC(38) User=0.09s Sys=0.00s Real=0.10s
[17.676s][info][gc,start       ] GC(39) Pause Young (Allocation Failure)
[17.771s][info][gc,heap        ] GC(39) DefNew: 614126K(629248K)->53388K(629248K) Eden: 559360K(559360K)->0K(559360K) From: 54766K(69888K)->53388K(69888K)
[17.771s][info][gc,heap        ] GC(39) Tenured: 1022330K(1398144K)->1076942K(1398144K)
[17.771s][info][gc,metaspace   ] GC(39) Metaspace: 1741K(1856K)->1741K(1856K) NonClass: 1607K(1664K)->1607K(1664K) Class: 134K(192K)->134K(192K)
[17.771s][info][gc             ] GC(39) Pause Young (Allocation Failure) 1598M->1103M(1979M) 95.584ms
[17.772s][info][gc,cpu         ] GC(39) User=0.09s Sys=0.00s Real=0.10s
[18.060s][info][gc,start       ] GC(40) Pause Young (Allocation Failure)
[18.187s][info][gc,heap        ] GC(40) DefNew: 612748K(629248K)->53896K(629248K) Eden: 559360K(559360K)->0K(559360K) From: 53388K(69888K)->53896K(69888K)
[18.188s][info][gc,heap        ] GC(40) Tenured: 1076942K(1398144K)->1130304K(1398144K)
[18.188s][info][gc,metaspace   ] GC(40) Metaspace: 1741K(1856K)->1741K(1856K) NonClass: 1607K(1664K)->1607K(1664K) Class: 134K(192K)->134K(192K)
[18.188s][info][gc             ] GC(40) Pause Young (Allocation Failure) 1650M->1156M(1979M) 128.017ms
[18.188s][info][gc,cpu         ] GC(40) User=0.12s Sys=0.00s Real=0.13s
[18.671s][info][gc,start       ] GC(41) Pause Young (Allocation Failure)
[18.829s][info][gc,heap        ] GC(41) DefNew: 613256K(629248K)->67839K(629248K) Eden: 559360K(559360K)->0K(559360K) From: 53896K(69888K)->67839K(69888K)
[18.829s][info][gc,heap        ] GC(41) Tenured: 1130304K(1398144K)->1183467K(1398144K)
[18.829s][info][gc,metaspace   ] GC(41) Metaspace: 1742K(1856K)->1742K(1856K) NonClass: 1607K(1664K)->1607K(1664K) Class: 134K(192K)->134K(192K)
[18.829s][info][gc             ] GC(41) Pause Young (Allocation Failure) 1702M->1221M(1979M) 157.877ms
[18.829s][info][gc,cpu         ] GC(41) User=0.16s Sys=0.00s Real=0.16s
[19.220s][info][gc,start       ] GC(42) Pause Young (Allocation Failure)
[19.366s][info][gc,heap        ] GC(42) DefNew: 627199K(629248K)->11034K(629248K) Eden: 559360K(559360K)->0K(559360K) From: 67839K(69888K)->11034K(69888K)
[19.366s][info][gc,heap        ] GC(42) Tenured: 1183467K(1398144K)->1251305K(1398144K)
[19.366s][info][gc,metaspace   ] GC(42) Metaspace: 1742K(1856K)->1742K(1856K) NonClass: 1607K(1664K)->1607K(1664K) Class: 134K(192K)->134K(192K)
[19.366s][info][gc             ] GC(42) Pause Young (Allocation Failure) 1768M->1232M(1979M) 146.571ms
[19.366s][info][gc,cpu         ] GC(42) User=0.14s Sys=0.00s Real=0.15s
[19.742s][info][gc,start       ] GC(43) Pause Young (Allocation Failure)
[19.865s][info][gc,heap        ] GC(43) DefNew: 570394K(629248K)->22017K(629248K) Eden: 559360K(559360K)->0K(559360K) From: 11034K(69888K)->22017K(69888K)
[19.865s][info][gc,heap        ] GC(43) Tenured: 1251305K(1398144K)->1251305K(1398144K)
[19.865s][info][gc,metaspace   ] GC(43) Metaspace: 1742K(1856K)->1742K(1856K) NonClass: 1607K(1664K)->1607K(1664K) Class: 134K(192K)->134K(192K)
[19.865s][info][gc             ] GC(43) Pause Young (Allocation Failure) 1779M->1243M(1979M) 123.202ms
[19.865s][info][gc,cpu         ] GC(43) User=0.12s Sys=0.00s Real=0.12s
[20.256s][info][gc,start       ] GC(44) Pause Young (Allocation Failure)
[20.400s][info][gc,heap        ] GC(44) DefNew: 581377K(629248K)->32007K(629248K) Eden: 559360K(559360K)->0K(559360K) From: 22017K(69888K)->32007K(69888K)
[20.400s][info][gc,heap        ] GC(44) Tenured: 1251305K(1398144K)->1251305K(1398144K)
[20.400s][info][gc,metaspace   ] GC(44) Metaspace: 1742K(1856K)->1742K(1856K) NonClass: 1607K(1664K)->1607K(1664K) Class: 134K(192K)->134K(192K)
[20.400s][info][gc             ] GC(44) Pause Young (Allocation Failure) 1789M->1253M(1979M) 144.291ms
[20.400s][info][gc,cpu         ] GC(44) User=0.14s Sys=0.00s Real=0.14s
[20.797s][info][gc,start       ] GC(45) Pause Young (Allocation Failure)
[20.962s][info][gc,heap        ] GC(45) DefNew: 591367K(629248K)->42489K(629248K) Eden: 559360K(559360K)->0K(559360K) From: 32007K(69888K)->42489K(69888K)
[20.962s][info][gc,heap        ] GC(45) Tenured: 1251305K(1398144K)->1251305K(1398144K)
[20.962s][info][gc,metaspace   ] GC(45) Metaspace: 1742K(1856K)->1742K(1856K) NonClass: 1607K(1664K)->1607K(1664K) Class: 134K(192K)->134K(192K)
[20.962s][info][gc             ] GC(45) Pause Young (Allocation Failure) 1799M->1263M(1979M) 165.717ms
[20.962s][info][gc,cpu         ] GC(45) User=0.16s Sys=0.00s Real=0.17s
[21.355s][info][gc,start       ] GC(46) Pause Young (Allocation Failure)
[21.540s][info][gc,heap        ] GC(46) DefNew: 601849K(629248K)->41510K(629248K) Eden: 559360K(559360K)->0K(559360K) From: 42489K(69888K)->41510K(69888K)
[21.540s][info][gc,heap        ] GC(46) Tenured: 1251305K(1398144K)->1262339K(1398144K)
[21.540s][info][gc,metaspace   ] GC(46) Metaspace: 1742K(1856K)->1742K(1856K) NonClass: 1607K(1664K)->1607K(1664K) Class: 134K(192K)->134K(192K)
[21.540s][info][gc             ] GC(46) Pause Young (Allocation Failure) 1809M->1273M(1979M) 184.365ms
[21.540s][info][gc,cpu         ] GC(46) User=0.17s Sys=0.00s Real=0.18s
[21.953s][info][gc,start       ] GC(47) Pause Young (Allocation Failure)
[22.138s][info][gc,heap        ] GC(47) DefNew: 600870K(629248K)->41274K(629248K) Eden: 559360K(559360K)->0K(559360K) From: 41510K(69888K)->41274K(69888K)
[22.138s][info][gc,heap        ] GC(47) Tenured: 1262339K(1398144K)->1273322K(1398144K)
[22.138s][info][gc,metaspace   ] GC(47) Metaspace: 1742K(1856K)->1742K(1856K) NonClass: 1607K(1664K)->1607K(1664K) Class: 134K(192K)->134K(192K)
[22.138s][info][gc             ] GC(47) Pause Young (Allocation Failure) 1819M->1283M(1979M) 184.628ms
[22.138s][info][gc,cpu         ] GC(47) User=0.19s Sys=0.00s Real=0.19s
[22.599s][info][gc,start       ] GC(48) Pause Young (Allocation Failure)
[22.834s][info][gc,heap        ] GC(48) DefNew: 600634K(629248K)->41295K(629248K) Eden: 559360K(559360K)->0K(559360K) From: 41274K(69888K)->41295K(69888K)
[22.834s][info][gc,heap        ] GC(48) Tenured: 1273322K(1398144K)->1283312K(1398144K)
[22.834s][info][gc,metaspace   ] GC(48) Metaspace: 1742K(1856K)->1742K(1856K) NonClass: 1607K(1664K)->1607K(1664K) Class: 134K(192K)->134K(192K)
[22.834s][info][gc             ] GC(48) Pause Young (Allocation Failure) 1830M->1293M(1979M) 235.099ms
[22.834s][info][gc,cpu         ] GC(48) User=0.23s Sys=0.00s Real=0.24s
[23.659s][info][gc,heap,exit   ] Heap
[23.659s][info][gc,heap,exit   ]  def new generation   total 629248K, used 349129K [0x0000000700000000, 0x000000072aac0000, 0x0000000755550000)
[23.659s][info][gc,heap,exit   ]   eden space 559360K,  55% used [0x0000000700000000, 0x0000000712c9e980, 0x0000000722240000)
[23.659s][info][gc,heap,exit   ]   from space 69888K,  59% used [0x0000000726680000, 0x0000000728ed3d80, 0x000000072aac0000)
[23.659s][info][gc,heap,exit   ]   to   space 69888K,   0% used [0x0000000722240000, 0x0000000722240000, 0x0000000726680000)
[23.659s][info][gc,heap,exit   ]  tenured generation   total 1398144K, used 1283312K [0x0000000755550000, 0x00000007aaab0000, 0x0000000800000000)
[23.659s][info][gc,heap,exit   ]    the space 1398144K,  91% used [0x0000000755550000, 0x00000007a3a8c2a0, 0x00000007a3a8c400, 0x00000007aaab0000)
[23.659s][info][gc,heap,exit   ]  Metaspace       used 1963K, committed 2112K, reserved 1114112K
[23.659s][info][gc,heap,exit   ]   class space    used 163K, committed 256K, reserved 1048576K
