[0.009s][info][gc,init] CardTable entry size: 512
[0.009s][info][gc     ] Using Serial
[0.014s][info][gc,init] Version: 21.0.5+9-LTS-239 (release)
[0.014s][info][gc,init] CPUs: 12 total, 12 available
[0.014s][info][gc,init] Memory: 16190M
[0.014s][info][gc,init] Large Page Support: Disabled
[0.014s][info][gc,init] NUMA Support: Disabled
[0.014s][info][gc,init] Compressed Oops: Enabled (Zero based)
[0.014s][info][gc,init] Heap Min Capacity: 2G
[0.014s][info][gc,init] Heap Initial Capacity: 2G
[0.014s][info][gc,init] Heap Max Capacity: 4G
[0.014s][info][gc,init] Pre-touch: Disabled
[0.022s][info][gc,metaspace] CDS archive(s) mapped at: [0x0000012e98000000-0x0000012e98c90000-0x0000012e98c90000), size 13172736, SharedBaseAddress: 0x0000012e98000000, ArchiveRelocationMode: 1.
[0.022s][info][gc,metaspace] Compressed class space mapped at: 0x0000012e99000000-0x0000012ed9000000, reserved size: 1073741824
[0.022s][info][gc,metaspace] Narrow klass base: 0x0000012e98000000, Narrow klass shift: 0, Narrow klass range: 0x100000000
[0.770s][info][gc,start    ] GC(0) Pause Young (Allocation Failure)
[0.838s][info][gc,heap     ] GC(0) DefNew: 559232K(629120K)->20330K(629120K) Eden: 559232K(559232K)->0K(559232K) From: 0K(69888K)->20330K(69888K)
[0.838s][info][gc,heap     ] GC(0) Tenured: 0K(1398144K)->0K(1398144K)
[0.838s][info][gc,metaspace] GC(0) Metaspace: 1718K(1792K)->1718K(1792K) NonClass: 1575K(1600K)->1575K(1600K) Class: 142K(192K)->142K(192K)
[0.838s][info][gc          ] GC(0) Pause Young (Allocation Failure) 546M->19M(1979M) 68.857ms
[0.838s][info][gc,cpu      ] GC(0) User=0.03s Sys=0.03s Real=0.07s
[1.098s][info][gc,start    ] GC(1) Pause Young (Allocation Failure)
[1.178s][info][gc,heap     ] GC(1) DefNew: 579562K(629120K)->34234K(629120K) Eden: 559232K(559232K)->0K(559232K) From: 20330K(69888K)->34234K(69888K)
[1.178s][info][gc,heap     ] GC(1) Tenured: 0K(1398144K)->0K(1398144K)
[1.178s][info][gc,metaspace] GC(1) Metaspace: 1742K(1920K)->1742K(1920K) NonClass: 1600K(1728K)->1600K(1728K) Class: 142K(192K)->142K(192K)
[1.179s][info][gc          ] GC(1) Pause Young (Allocation Failure) 565M->33M(1979M) 80.649ms
[1.179s][info][gc,cpu      ] GC(1) User=0.08s Sys=0.00s Real=0.08s
[1.437s][info][gc,start    ] GC(2) Pause Young (Allocation Failure)
[1.526s][info][gc,heap     ] GC(2) DefNew: 593466K(629120K)->49310K(629120K) Eden: 559232K(559232K)->0K(559232K) From: 34234K(69888K)->49310K(69888K)
[1.526s][info][gc,heap     ] GC(2) Tenured: 0K(1398144K)->0K(1398144K)
[1.526s][info][gc,metaspace] GC(2) Metaspace: 1742K(1920K)->1742K(1920K) NonClass: 1600K(1728K)->1600K(1728K) Class: 142K(192K)->142K(192K)
[1.526s][info][gc          ] GC(2) Pause Young (Allocation Failure) 579M->48M(1979M) 89.151ms
[1.526s][info][gc,cpu      ] GC(2) User=0.08s Sys=0.00s Real=0.09s
[1.768s][info][gc,start    ] GC(3) Pause Young (Allocation Failure)
[1.878s][info][gc,heap     ] GC(3) DefNew: 608542K(629120K)->44403K(629120K) Eden: 559232K(559232K)->0K(559232K) From: 49310K(69888K)->44403K(69888K)
[1.878s][info][gc,heap     ] GC(3) Tenured: 0K(1398144K)->16081K(1398144K)
[1.878s][info][gc,metaspace] GC(3) Metaspace: 1742K(1920K)->1742K(1920K) NonClass: 1600K(1728K)->1600K(1728K) Class: 142K(192K)->142K(192K)
[1.878s][info][gc          ] GC(3) Pause Young (Allocation Failure) 594M->59M(1979M) 109.252ms
[1.878s][info][gc,cpu      ] GC(3) User=0.11s Sys=0.00s Real=0.11s
[2.121s][info][gc,start    ] GC(4) Pause Young (Allocation Failure)
[2.219s][info][gc,heap     ] GC(4) DefNew: 603635K(629120K)->43066K(629120K) Eden: 559232K(559232K)->0K(559232K) From: 44403K(69888K)->43066K(69888K)
[2.219s][info][gc,heap     ] GC(4) Tenured: 16081K(1398144K)->29085K(1398144K)
[2.219s][info][gc,metaspace] GC(4) Metaspace: 1742K(1920K)->1742K(1920K) NonClass: 1600K(1728K)->1600K(1728K) Class: 142K(192K)->142K(192K)
[2.219s][info][gc          ] GC(4) Pause Young (Allocation Failure) 605M->70M(1979M) 97.847ms
[2.219s][info][gc,cpu      ] GC(4) User=0.12s Sys=0.00s Real=0.10s
[2.459s][info][gc,start    ] GC(5) Pause Young (Allocation Failure)
[2.556s][info][gc,heap     ] GC(5) DefNew: 602298K(629120K)->35456K(629120K) Eden: 559232K(559232K)->0K(559232K) From: 43066K(69888K)->35456K(69888K)
[2.556s][info][gc,heap     ] GC(5) Tenured: 29085K(1398144K)->46765K(1398144K)
[2.556s][info][gc,metaspace] GC(5) Metaspace: 1742K(1920K)->1742K(1920K) NonClass: 1600K(1728K)->1600K(1728K) Class: 142K(192K)->142K(192K)
[2.556s][info][gc          ] GC(5) Pause Young (Allocation Failure) 616M->80M(1979M) 97.474ms
[2.556s][info][gc,cpu      ] GC(5) User=0.09s Sys=0.00s Real=0.10s
[2.801s][info][gc,start    ] GC(6) Pause Young (Allocation Failure)
[2.911s][info][gc,heap     ] GC(6) DefNew: 594688K(629120K)->45329K(629120K) Eden: 559232K(559232K)->0K(559232K) From: 35456K(69888K)->45329K(69888K)
[2.911s][info][gc,heap     ] GC(6) Tenured: 46765K(1398144K)->58318K(1398144K)
[2.911s][info][gc,metaspace] GC(6) Metaspace: 1742K(1920K)->1742K(1920K) NonClass: 1600K(1728K)->1600K(1728K) Class: 142K(192K)->142K(192K)
[2.911s][info][gc          ] GC(6) Pause Young (Allocation Failure) 626M->101M(1979M) 110.189ms
[2.911s][info][gc,cpu      ] GC(6) User=0.11s Sys=0.00s Real=0.11s
[3.162s][info][gc,start    ] GC(7) Pause Young (Allocation Failure)
[3.270s][info][gc,heap     ] GC(7) DefNew: 604561K(629120K)->44703K(629120K) Eden: 559232K(559232K)->0K(559232K) From: 45329K(69888K)->44703K(69888K)
[3.270s][info][gc,heap     ] GC(7) Tenured: 58318K(1398144K)->69541K(1398144K)
[3.270s][info][gc,metaspace] GC(7) Metaspace: 1761K(1920K)->1761K(1920K) NonClass: 1618K(1728K)->1618K(1728K) Class: 143K(192K)->143K(192K)
[3.270s][info][gc          ] GC(7) Pause Young (Allocation Failure) 647M->111M(1979M) 108.106ms
[3.270s][info][gc,cpu      ] GC(7) User=0.11s Sys=0.00s Real=0.11s
[3.512s][info][gc,start    ] GC(8) Pause Young (Allocation Failure)
[3.614s][info][gc,heap     ] GC(8) DefNew: 603935K(629120K)->42845K(629120K) Eden: 559232K(559232K)->0K(559232K) From: 44703K(69888K)->42845K(69888K)
[3.614s][info][gc,heap     ] GC(8) Tenured: 69541K(1398144K)->79566K(1398144K)
[3.614s][info][gc,metaspace] GC(8) Metaspace: 1761K(1920K)->1761K(1920K) NonClass: 1618K(1728K)->1618K(1728K) Class: 143K(192K)->143K(192K)
[3.614s][info][gc          ] GC(8) Pause Young (Allocation Failure) 657M->119M(1979M) 101.924ms
[3.614s][info][gc,cpu      ] GC(8) User=0.11s Sys=0.00s Real=0.10s
[4.048s][info][gc,heap,exit] Heap
[4.048s][info][gc,heap,exit]  def new generation   total 629120K, used 555169K [0x0000000700000000, 0x000000072aaa0000, 0x0000000755550000)
[4.048s][info][gc,heap,exit]   eden space 559232K,  91% used [0x0000000700000000, 0x000000071f450ff8, 0x0000000722220000)
[4.048s][info][gc,heap,exit]   from space 69888K,  61% used [0x0000000726660000, 0x00000007290374c0, 0x000000072aaa0000)
[4.048s][info][gc,heap,exit]   to   space 69888K,   0% used [0x0000000722220000, 0x0000000722220000, 0x0000000726660000)
[4.048s][info][gc,heap,exit]  tenured generation   total 1398144K, used 79566K [0x0000000755550000, 0x00000007aaab0000, 0x0000000800000000)
[4.048s][info][gc,heap,exit]    the space 1398144K,   5% used [0x0000000755550000, 0x000000075a303b60, 0x000000075a303c00, 0x00000007aaab0000)
[4.049s][info][gc,heap,exit]  Metaspace       used 1978K, committed 2176K, reserved 1114112K
[4.049s][info][gc,heap,exit]   class space    used 173K, committed 320K, reserved 1048576K
