[0.009s][info][gc,init] CardTable entry size: 512
[0.009s][info][gc     ] Using Serial
[0.014s][info][gc,init] Version: 21.0.5+9-LTS-239 (release)
[0.014s][info][gc,init] CPUs: 12 total, 12 available
[0.014s][info][gc,init] Memory: 16190M
[0.014s][info][gc,init] Large Page Support: Disabled
[0.014s][info][gc,init] NUMA Support: Disabled
[0.014s][info][gc,init] Compressed Oops: Enabled (Zero based)
[0.014s][info][gc,init] Heap Min Capacity: 2G
[0.014s][info][gc,init] Heap Initial Capacity: 2G
[0.014s][info][gc,init] Heap Max Capacity: 4G
[0.014s][info][gc,init] Pre-touch: Disabled
[0.022s][info][gc,metaspace] CDS archive(s) mapped at: [0x0000028b00000000-0x0000028b00c90000-0x0000028b00c90000), size 13172736, SharedBaseAddress: 0x0000028b00000000, ArchiveRelocationMode: 1.
[0.022s][info][gc,metaspace] Compressed class space mapped at: 0x0000028b01000000-0x0000028b41000000, reserved size: 1073741824
[0.022s][info][gc,metaspace] Narrow klass base: 0x0000028b00000000, Narrow klass shift: 0, Narrow klass range: 0x100000000
[0.725s][info][gc,start    ] GC(0) Pause Young (Allocation Failure)
[0.792s][info][gc,heap     ] GC(0) DefNew: 559232K(629120K)->21158K(629120K) Eden: 559232K(559232K)->0K(559232K) From: 0K(69888K)->21158K(69888K)
[0.792s][info][gc,heap     ] GC(0) Tenured: 0K(1398144K)->0K(1398144K)
[0.792s][info][gc,metaspace] GC(0) Metaspace: 1693K(1792K)->1693K(1792K) NonClass: 1556K(1600K)->1556K(1600K) Class: 137K(192K)->137K(192K)
[0.792s][info][gc          ] GC(0) Pause Young (Allocation Failure) 546M->20M(1979M) 67.003ms
[0.792s][info][gc,cpu      ] GC(0) User=0.08s Sys=0.00s Real=0.07s
[1.033s][info][gc,start    ] GC(1) Pause Young (Allocation Failure)
[1.111s][info][gc,heap     ] GC(1) DefNew: 580390K(629120K)->42315K(629120K) Eden: 559232K(559232K)->0K(559232K) From: 21158K(69888K)->42315K(69888K)
[1.111s][info][gc,heap     ] GC(1) Tenured: 0K(1398144K)->0K(1398144K)
[1.111s][info][gc,metaspace] GC(1) Metaspace: 1712K(1792K)->1712K(1792K) NonClass: 1575K(1600K)->1575K(1600K) Class: 137K(192K)->137K(192K)
[1.111s][info][gc          ] GC(1) Pause Young (Allocation Failure) 566M->41M(1979M) 78.334ms
[1.111s][info][gc,cpu      ] GC(1) User=0.09s Sys=0.00s Real=0.08s
[1.347s][info][gc,start    ] GC(2) Pause Young (Allocation Failure)
[1.446s][info][gc,heap     ] GC(2) DefNew: 601547K(629120K)->50694K(629120K) Eden: 559232K(559232K)->0K(559232K) From: 42315K(69888K)->50694K(69888K)
[1.446s][info][gc,heap     ] GC(2) Tenured: 0K(1398144K)->16545K(1398144K)
[1.446s][info][gc,metaspace] GC(2) Metaspace: 1712K(1792K)->1712K(1792K) NonClass: 1575K(1600K)->1575K(1600K) Class: 137K(192K)->137K(192K)
[1.446s][info][gc          ] GC(2) Pause Young (Allocation Failure) 587M->65M(1979M) 98.710ms
[1.446s][info][gc,cpu      ] GC(2) User=0.09s Sys=0.02s Real=0.10s
[1.681s][info][gc,start    ] GC(3) Pause Young (Allocation Failure)
[1.768s][info][gc,heap     ] GC(3) DefNew: 609926K(629120K)->37601K(629120K) Eden: 559232K(559232K)->0K(559232K) From: 50694K(69888K)->37601K(69888K)
[1.768s][info][gc,heap     ] GC(3) Tenured: 16545K(1398144K)->45771K(1398144K)
[1.768s][info][gc,metaspace] GC(3) Metaspace: 1712K(1792K)->1712K(1792K) NonClass: 1575K(1600K)->1575K(1600K) Class: 137K(192K)->137K(192K)
[1.768s][info][gc          ] GC(3) Pause Young (Allocation Failure) 611M->81M(1979M) 86.316ms
[1.768s][info][gc,cpu      ] GC(3) User=0.08s Sys=0.00s Real=0.09s
[2.007s][info][gc,start    ] GC(4) Pause Young (Allocation Failure)
[2.081s][info][gc,heap     ] GC(4) DefNew: 596833K(629120K)->42808K(629120K) Eden: 559232K(559232K)->0K(559232K) From: 37601K(69888K)->42808K(69888K)
[2.081s][info][gc,heap     ] GC(4) Tenured: 45771K(1398144K)->57341K(1398144K)
[2.081s][info][gc,metaspace] GC(4) Metaspace: 1712K(1792K)->1712K(1792K) NonClass: 1575K(1600K)->1575K(1600K) Class: 137K(192K)->137K(192K)
[2.081s][info][gc          ] GC(4) Pause Young (Allocation Failure) 627M->97M(1979M) 74.098ms
[2.081s][info][gc,cpu      ] GC(4) User=0.06s Sys=0.00s Real=0.07s
[2.313s][info][gc,start    ] GC(5) Pause Young (Allocation Failure)
[2.383s][info][gc,heap     ] GC(5) DefNew: 601661K(629120K)->52961K(629120K) Eden: 558852K(559232K)->0K(559232K) From: 42808K(69888K)->52961K(69888K)
[2.383s][info][gc,heap     ] GC(5) Tenured: 57341K(1398144K)->68856K(1398144K)
[2.383s][info][gc,metaspace] GC(5) Metaspace: 1712K(1792K)->1712K(1792K) NonClass: 1575K(1600K)->1575K(1600K) Class: 137K(192K)->137K(192K)
[2.383s][info][gc          ] GC(5) Pause Young (Allocation Failure) 643M->118M(1979M) 70.059ms
[2.383s][info][gc,cpu      ] GC(5) User=0.08s Sys=0.00s Real=0.07s
[2.623s][info][gc,start    ] GC(6) Pause Young (Allocation Failure)
[2.708s][info][gc,heap     ] GC(6) DefNew: 612193K(629120K)->62961K(629120K) Eden: 559232K(559232K)->0K(559232K) From: 52961K(69888K)->62961K(69888K)
[2.708s][info][gc,heap     ] GC(6) Tenured: 68856K(1398144K)->85664K(1398144K)
[2.708s][info][gc,metaspace] GC(6) Metaspace: 1712K(1792K)->1712K(1792K) NonClass: 1575K(1600K)->1575K(1600K) Class: 137K(192K)->137K(192K)
[2.708s][info][gc          ] GC(6) Pause Young (Allocation Failure) 665M->145M(1979M) 84.778ms
[2.708s][info][gc,cpu      ] GC(6) User=0.08s Sys=0.00s Real=0.08s
[2.946s][info][gc,start    ] GC(7) Pause Young (Allocation Failure)
[3.035s][info][gc,heap     ] GC(7) DefNew: 622193K(629120K)->54143K(629120K) Eden: 559232K(559232K)->0K(559232K) From: 62961K(69888K)->54143K(69888K)
[3.035s][info][gc,heap     ] GC(7) Tenured: 85664K(1398144K)->120675K(1398144K)
[3.035s][info][gc,metaspace] GC(7) Metaspace: 1712K(1792K)->1712K(1792K) NonClass: 1575K(1600K)->1575K(1600K) Class: 137K(192K)->137K(192K)
[3.035s][info][gc          ] GC(7) Pause Young (Allocation Failure) 691M->170M(1979M) 89.236ms
[3.035s][info][gc,cpu      ] GC(7) User=0.06s Sys=0.02s Real=0.09s
[3.326s][info][gc,start    ] GC(8) Pause Young (Allocation Failure)
[3.409s][info][gc,heap     ] GC(8) DefNew: 613375K(629120K)->39367K(629120K) Eden: 559232K(559232K)->0K(559232K) From: 54143K(69888K)->39367K(69888K)
[3.409s][info][gc,heap     ] GC(8) Tenured: 120675K(1398144K)->143451K(1398144K)
[3.409s][info][gc,metaspace] GC(8) Metaspace: 1733K(1856K)->1733K(1856K) NonClass: 1594K(1664K)->1594K(1664K) Class: 138K(192K)->138K(192K)
[3.409s][info][gc          ] GC(8) Pause Young (Allocation Failure) 716M->178M(1979M) 83.240ms
[3.409s][info][gc,cpu      ] GC(8) User=0.08s Sys=0.00s Real=0.08s
[3.911s][info][gc,heap,exit] Heap
[3.911s][info][gc,heap,exit]  def new generation   total 629120K, used 467033K [0x0000000700000000, 0x000000072aaa0000, 0x0000000755550000)
[3.911s][info][gc,heap,exit]   eden space 559232K,  76% used [0x0000000700000000, 0x000000071a1a48c0, 0x0000000722220000)
[3.911s][info][gc,heap,exit]   from space 69888K,  56% used [0x0000000726660000, 0x0000000728cd1e90, 0x000000072aaa0000)
[3.911s][info][gc,heap,exit]   to   space 69888K,   0% used [0x0000000722220000, 0x0000000722220000, 0x0000000726660000)
[3.911s][info][gc,heap,exit]  tenured generation   total 1398144K, used 143451K [0x0000000755550000, 0x00000007aaab0000, 0x0000000800000000)
[3.911s][info][gc,heap,exit]    the space 1398144K,  10% used [0x0000000755550000, 0x000000075e166d60, 0x000000075e166e00, 0x00000007aaab0000)
[3.911s][info][gc,heap,exit]  Metaspace       used 1950K, committed 2112K, reserved 1114112K
[3.911s][info][gc,heap,exit]   class space    used 167K, committed 256K, reserved 1048576K
