[0.009s][info][gc,init] CardTable entry size: 512
[0.009s][info][gc     ] Using Serial
[0.014s][info][gc,init] Version: 21.0.5+9-LTS-239 (release)
[0.014s][info][gc,init] CPUs: 12 total, 12 available
[0.014s][info][gc,init] Memory: 16190M
[0.014s][info][gc,init] Large Page Support: Disabled
[0.014s][info][gc,init] NUMA Support: Disabled
[0.014s][info][gc,init] Compressed Oops: Enabled (Zero based)
[0.014s][info][gc,init] Heap Min Capacity: 2G
[0.014s][info][gc,init] Heap Initial Capacity: 2G
[0.014s][info][gc,init] Heap Max Capacity: 4G
[0.014s][info][gc,init] Pre-touch: Disabled
[0.021s][info][gc,metaspace] CDS archive(s) mapped at: [0x0000016818000000-0x0000016818c90000-0x0000016818c90000), size 13172736, SharedBaseAddress: 0x0000016818000000, ArchiveRelocationMode: 1.
[0.022s][info][gc,metaspace] Compressed class space mapped at: 0x0000016819000000-0x0000016859000000, reserved size: 1073741824
[0.022s][info][gc,metaspace] Narrow klass base: 0x0000016818000000, Narrow klass shift: 0, Narrow klass range: 0x100000000
[0.788s][info][gc,start    ] GC(0) Pause Young (Allocation Failure)
[0.847s][info][gc,heap     ] GC(0) DefNew: 559232K(629120K)->39454K(629120K) Eden: 559232K(559232K)->0K(559232K) From: 0K(69888K)->39454K(69888K)
[0.847s][info][gc,heap     ] GC(0) Tenured: 0K(1398144K)->0K(1398144K)
[0.847s][info][gc,metaspace] GC(0) Metaspace: 1669K(1792K)->1669K(1792K) NonClass: 1533K(1600K)->1533K(1600K) Class: 135K(192K)->135K(192K)
[0.847s][info][gc          ] GC(0) Pause Young (Allocation Failure) 546M->38M(1979M) 59.755ms
[0.847s][info][gc,cpu      ] GC(0) User=0.06s Sys=0.00s Real=0.06s
[1.124s][info][gc,start    ] GC(1) Pause Young (Allocation Failure)
[1.195s][info][gc,heap     ] GC(1) DefNew: 598686K(629120K)->69887K(629120K) Eden: 559232K(559232K)->0K(559232K) From: 39454K(69888K)->69887K(69888K)
[1.195s][info][gc,heap     ] GC(1) Tenured: 0K(1398144K)->37998K(1398144K)
[1.195s][info][gc,metaspace] GC(1) Metaspace: 1695K(1792K)->1695K(1792K) NonClass: 1560K(1600K)->1560K(1600K) Class: 135K(192K)->135K(192K)
[1.195s][info][gc          ] GC(1) Pause Young (Allocation Failure) 584M->105M(1979M) 70.803ms
[1.195s][info][gc,cpu      ] GC(1) User=0.03s Sys=0.03s Real=0.07s
[1.471s][info][gc,start    ] GC(2) Pause Young (Allocation Failure)
[1.533s][info][gc,heap     ] GC(2) DefNew: 629119K(629120K)->69888K(629120K) Eden: 559232K(559232K)->0K(559232K) From: 69887K(69888K)->69888K(69888K)
[1.533s][info][gc,heap     ] GC(2) Tenured: 37998K(1398144K)->113615K(1398144K)
[1.533s][info][gc,metaspace] GC(2) Metaspace: 1695K(1792K)->1695K(1792K) NonClass: 1560K(1600K)->1560K(1600K) Class: 135K(192K)->135K(192K)
[1.533s][info][gc          ] GC(2) Pause Young (Allocation Failure) 651M->179M(1979M) 62.236ms
[1.533s][info][gc,cpu      ] GC(2) User=0.05s Sys=0.02s Real=0.06s
[1.799s][info][gc,start    ] GC(3) Pause Young (Allocation Failure)
[1.859s][info][gc,heap     ] GC(3) DefNew: 629120K(629120K)->69888K(629120K) Eden: 559232K(559232K)->0K(559232K) From: 69888K(69888K)->69888K(69888K)
[1.859s][info][gc,heap     ] GC(3) Tenured: 113615K(1398144K)->199049K(1398144K)
[1.859s][info][gc,metaspace] GC(3) Metaspace: 1695K(1792K)->1695K(1792K) NonClass: 1560K(1600K)->1560K(1600K) Class: 135K(192K)->135K(192K)
[1.859s][info][gc          ] GC(3) Pause Young (Allocation Failure) 725M->262M(1979M) 60.172ms
[1.859s][info][gc,cpu      ] GC(3) User=0.06s Sys=0.00s Real=0.06s
[2.126s][info][gc,start    ] GC(4) Pause Young (Allocation Failure)
[2.183s][info][gc,heap     ] GC(4) DefNew: 629120K(629120K)->69887K(629120K) Eden: 559232K(559232K)->0K(559232K) From: 69888K(69888K)->69887K(69888K)
[2.183s][info][gc,heap     ] GC(4) Tenured: 199049K(1398144K)->283318K(1398144K)
[2.183s][info][gc,metaspace] GC(4) Metaspace: 1696K(1792K)->1696K(1792K) NonClass: 1561K(1600K)->1561K(1600K) Class: 135K(192K)->135K(192K)
[2.183s][info][gc          ] GC(4) Pause Young (Allocation Failure) 808M->344M(1979M) 57.380ms
[2.183s][info][gc,cpu      ] GC(4) User=0.05s Sys=0.00s Real=0.06s
[3.154s][info][gc,start    ] GC(5) Pause Young (Allocation Failure)
[3.261s][info][gc,heap     ] GC(5) DefNew: 629119K(629120K)->25585K(629120K) Eden: 559232K(559232K)->0K(559232K) From: 69887K(69888K)->25585K(69888K)
[3.261s][info][gc,heap     ] GC(5) Tenured: 283318K(1398144K)->353181K(1398144K)
[3.261s][info][gc,metaspace] GC(5) Metaspace: 1696K(1792K)->1696K(1792K) NonClass: 1561K(1600K)->1561K(1600K) Class: 135K(192K)->135K(192K)
[3.261s][info][gc          ] GC(5) Pause Young (Allocation Failure) 891M->369M(1979M) 107.039ms
[3.261s][info][gc,cpu      ] GC(5) User=0.09s Sys=0.00s Real=0.11s
[4.230s][info][gc,start    ] GC(6) Pause Young (Allocation Failure)
[4.330s][info][gc,heap     ] GC(6) DefNew: 584817K(629120K)->42453K(629120K) Eden: 559232K(559232K)->0K(559232K) From: 25585K(69888K)->42453K(69888K)
[4.330s][info][gc,heap     ] GC(6) Tenured: 353181K(1398144K)->353181K(1398144K)
[4.330s][info][gc,metaspace] GC(6) Metaspace: 1696K(1792K)->1696K(1792K) NonClass: 1561K(1600K)->1561K(1600K) Class: 135K(192K)->135K(192K)
[4.330s][info][gc          ] GC(6) Pause Young (Allocation Failure) 916M->386M(1979M) 99.996ms
[4.330s][info][gc,cpu      ] GC(6) User=0.09s Sys=0.02s Real=0.10s
[5.329s][info][gc,start    ] GC(7) Pause Young (Allocation Failure)
[5.503s][info][gc,heap     ] GC(7) DefNew: 601685K(629120K)->44123K(629120K) Eden: 559232K(559232K)->0K(559232K) From: 42453K(69888K)->44123K(69888K)
[5.503s][info][gc,heap     ] GC(7) Tenured: 353181K(1398144K)->377637K(1398144K)
[5.503s][info][gc,metaspace] GC(7) Metaspace: 1696K(1792K)->1696K(1792K) NonClass: 1561K(1600K)->1561K(1600K) Class: 135K(192K)->135K(192K)
[5.503s][info][gc          ] GC(7) Pause Young (Allocation Failure) 932M->411M(1979M) 174.869ms
[5.503s][info][gc,cpu      ] GC(7) User=0.17s Sys=0.00s Real=0.18s
[6.547s][info][gc,start    ] GC(8) Pause Young (Allocation Failure)
[6.673s][info][gc,heap     ] GC(8) DefNew: 603355K(629120K)->42409K(629120K) Eden: 559232K(559232K)->0K(559232K) From: 44123K(69888K)->42409K(69888K)
[6.673s][info][gc,heap     ] GC(8) Tenured: 377637K(1398144K)->394280K(1398144K)
[6.673s][info][gc,metaspace] GC(8) Metaspace: 1716K(1792K)->1716K(1792K) NonClass: 1579K(1600K)->1579K(1600K) Class: 136K(192K)->136K(192K)
[6.673s][info][gc          ] GC(8) Pause Young (Allocation Failure) 958M->426M(1979M) 126.434ms
[6.673s][info][gc,cpu      ] GC(8) User=0.12s Sys=0.00s Real=0.13s
[7.400s][info][gc,heap,exit] Heap
[7.400s][info][gc,heap,exit]  def new generation   total 629120K, used 379445K [0x0000000700000000, 0x000000072aaa0000, 0x0000000755550000)
[7.400s][info][gc,heap,exit]   eden space 559232K,  60% used [0x0000000700000000, 0x00000007149230d0, 0x0000000722220000)
[7.400s][info][gc,heap,exit]   from space 69888K,  60% used [0x0000000726660000, 0x0000000728fca6d8, 0x000000072aaa0000)
[7.400s][info][gc,heap,exit]   to   space 69888K,   0% used [0x0000000722220000, 0x0000000722220000, 0x0000000726660000)
[7.400s][info][gc,heap,exit]  tenured generation   total 1398144K, used 394280K [0x0000000755550000, 0x00000007aaab0000, 0x0000000800000000)
[7.400s][info][gc,heap,exit]    the space 1398144K,  28% used [0x0000000755550000, 0x000000076d65a2e0, 0x000000076d65a400, 0x00000007aaab0000)
[7.400s][info][gc,heap,exit]  Metaspace       used 1937K, committed 2112K, reserved 1114112K
[7.400s][info][gc,heap,exit]   class space    used 165K, committed 256K, reserved 1048576K
