[0.010s][info][gc,init] CardTable entry size: 512
[0.010s][info][gc     ] Using G1
[0.020s][info][gc,init] Version: 21.0.5+9-LTS-239 (release)
[0.020s][info][gc,init] CPUs: 12 total, 12 available
[0.020s][info][gc,init] Memory: 16190M
[0.020s][info][gc,init] Large Page Support: Disabled
[0.020s][info][gc,init] NUMA Support: Disabled
[0.020s][info][gc,init] Compressed Oops: Enabled (Zero based)
[0.020s][info][gc,init] Heap Region Size: 2M
[0.020s][info][gc,init] Heap Min Capacity: 2G
[0.020s][info][gc,init] Heap Initial Capacity: 2G
[0.020s][info][gc,init] Heap Max Capacity: 4G
[0.020s][info][gc,init] Pre-touch: Disabled
[0.020s][info][gc,init] Parallel Workers: 10
[0.020s][info][gc,init] Concurrent Workers: 3
[0.021s][info][gc,init] Concurrent Refinement Workers: 10
[0.021s][info][gc,init] Periodic GC: Disabled
[0.030s][info][gc,metaspace] CDS archive(s) mapped at: [0x0000023780000000-0x0000023780c90000-0x0000023780c90000), size 13172736, SharedBaseAddress: 0x0000023780000000, ArchiveRelocationMode: 1.
[0.030s][info][gc,metaspace] Compressed class space mapped at: 0x0000023781000000-0x00000237c1000000, reserved size: 1073741824
[0.031s][info][gc,metaspace] Narrow klass base: 0x0000023780000000, Narrow klass shift: 0, Narrow klass range: 0x100000000
[0.941s][info][gc,start    ] GC(0) Pause Young (Normal) (G1 Evacuation Pause)
[0.941s][info][gc,task     ] GC(0) Using 10 workers of 10 for evacuation
[0.952s][info][gc,phases   ] GC(0)   Pre Evacuate Collection Set: 0.4ms
[0.952s][info][gc,phases   ] GC(0)   Merge Heap Roots: 0.2ms
[0.952s][info][gc,phases   ] GC(0)   Evacuate Collection Set: 9.3ms
[0.952s][info][gc,phases   ] GC(0)   Post Evacuate Collection Set: 0.5ms
[0.952s][info][gc,phases   ] GC(0)   Other: 0.7ms
[0.952s][info][gc,heap     ] GC(0) Eden regions: 51->0(46)
[0.952s][info][gc,heap     ] GC(0) Survivor regions: 0->5(7)
[0.952s][info][gc,heap     ] GC(0) Old regions: 0->0
[0.952s][info][gc,heap     ] GC(0) Humongous regions: 0->0
[0.952s][info][gc,metaspace] GC(0) Metaspace: 1671K(1792K)->1671K(1792K) NonClass: 1536K(1600K)->1536K(1600K) Class: 135K(192K)->135K(192K)
[0.952s][info][gc          ] GC(0) Pause Young (Normal) (G1 Evacuation Pause) 102M->9M(2048M) 11.723ms
[0.952s][info][gc,cpu      ] GC(0) User=0.00s Sys=0.00s Real=0.01s
[1.089s][info][gc,start    ] GC(1) Pause Young (Normal) (G1 Evacuation Pause)
[1.089s][info][gc,task     ] GC(1) Using 10 workers of 10 for evacuation
[1.096s][info][gc,phases   ] GC(1)   Pre Evacuate Collection Set: 0.2ms
[1.096s][info][gc,phases   ] GC(1)   Merge Heap Roots: 0.1ms
[1.096s][info][gc,phases   ] GC(1)   Evacuate Collection Set: 6.2ms
[1.096s][info][gc,phases   ] GC(1)   Post Evacuate Collection Set: 0.4ms
[1.096s][info][gc,phases   ] GC(1)   Other: 0.1ms
[1.096s][info][gc,heap     ] GC(1) Eden regions: 46->0(54)
[1.096s][info][gc,heap     ] GC(1) Survivor regions: 5->4(7)
[1.096s][info][gc,heap     ] GC(1) Old regions: 0->3
[1.096s][info][gc,heap     ] GC(1) Humongous regions: 0->0
[1.096s][info][gc,metaspace] GC(1) Metaspace: 1681K(1792K)->1681K(1792K) NonClass: 1545K(1600K)->1545K(1600K) Class: 135K(192K)->135K(192K)
[1.097s][info][gc          ] GC(1) Pause Young (Normal) (G1 Evacuation Pause) 101M->12M(2048M) 7.448ms
[1.097s][info][gc,cpu      ] GC(1) User=0.06s Sys=0.08s Real=0.01s
[1.239s][info][gc,start    ] GC(2) Pause Young (Normal) (G1 Evacuation Pause)
[1.239s][info][gc,task     ] GC(2) Using 10 workers of 10 for evacuation
[1.246s][info][gc,phases   ] GC(2)   Pre Evacuate Collection Set: 0.2ms
[1.246s][info][gc,phases   ] GC(2)   Merge Heap Roots: 0.1ms
[1.246s][info][gc,phases   ] GC(2)   Evacuate Collection Set: 6.1ms
[1.246s][info][gc,phases   ] GC(2)   Post Evacuate Collection Set: 0.3ms
[1.246s][info][gc,phases   ] GC(2)   Other: 0.1ms
[1.246s][info][gc,heap     ] GC(2) Eden regions: 54->0(90)
[1.246s][info][gc,heap     ] GC(2) Survivor regions: 4->8(8)
[1.246s][info][gc,heap     ] GC(2) Old regions: 3->3
[1.246s][info][gc,heap     ] GC(2) Humongous regions: 2->1
[1.246s][info][gc,metaspace] GC(2) Metaspace: 1688K(1792K)->1688K(1792K) NonClass: 1553K(1600K)->1553K(1600K) Class: 135K(192K)->135K(192K)
[1.246s][info][gc          ] GC(2) Pause Young (Normal) (G1 Evacuation Pause) 124M->21M(2048M) 7.423ms
[1.246s][info][gc,cpu      ] GC(2) User=0.00s Sys=0.00s Real=0.01s
[1.410s][info][gc,start    ] GC(3) Pause Young (Normal) (G1 Evacuation Pause)
[1.410s][info][gc,task     ] GC(3) Using 10 workers of 10 for evacuation
[1.419s][info][gc,phases   ] GC(3)   Pre Evacuate Collection Set: 0.2ms
[1.419s][info][gc,phases   ] GC(3)   Merge Heap Roots: 0.1ms
[1.419s][info][gc,phases   ] GC(3)   Evacuate Collection Set: 8.2ms
[1.419s][info][gc,phases   ] GC(3)   Post Evacuate Collection Set: 0.3ms
[1.419s][info][gc,phases   ] GC(3)   Other: 0.1ms
[1.419s][info][gc,heap     ] GC(3) Eden regions: 68->0(163)
[1.419s][info][gc,heap     ] GC(3) Survivor regions: 8->7(10)
[1.419s][info][gc,heap     ] GC(3) Old regions: 3->5
[1.419s][info][gc,heap     ] GC(3) Humongous regions: 1->1
[1.419s][info][gc,metaspace] GC(3) Metaspace: 1718K(1792K)->1718K(1792K) NonClass: 1583K(1600K)->1583K(1600K) Class: 135K(192K)->135K(192K)
[1.419s][info][gc          ] GC(3) Pause Young (Normal) (G1 Evacuation Pause) 157M->24M(2048M) 9.326ms
[1.419s][info][gc,cpu      ] GC(3) User=0.00s Sys=0.00s Real=0.01s
[1.536s][info][gc,start    ] GC(4) Pause Young (Normal) (G1 Evacuation Pause)
[1.536s][info][gc,task     ] GC(4) Using 10 workers of 10 for evacuation
[1.546s][info][gc,phases   ] GC(4)   Pre Evacuate Collection Set: 0.2ms
[1.546s][info][gc,phases   ] GC(4)   Merge Heap Roots: 0.2ms
[1.546s][info][gc,phases   ] GC(4)   Evacuate Collection Set: 8.8ms
[1.546s][info][gc,phases   ] GC(4)   Post Evacuate Collection Set: 0.4ms
[1.546s][info][gc,phases   ] GC(4)   Other: 0.1ms
[1.546s][info][gc,heap     ] GC(4) Eden regions: 68->0(200)
[1.546s][info][gc,heap     ] GC(4) Survivor regions: 7->7(10)
[1.546s][info][gc,heap     ] GC(4) Old regions: 5->7
[1.546s][info][gc,heap     ] GC(4) Humongous regions: 3->3
[1.546s][info][gc,metaspace] GC(4) Metaspace: 1748K(1856K)->1748K(1856K) NonClass: 1608K(1664K)->1608K(1664K) Class: 140K(192K)->140K(192K)
[1.546s][info][gc          ] GC(4) Pause Young (Normal) (G1 Evacuation Pause) 164M->32M(2048M) 10.119ms
[1.546s][info][gc,cpu      ] GC(4) User=0.00s Sys=0.00s Real=0.01s
[1.738s][info][gc,heap,exit] Heap
[1.738s][info][gc,heap,exit]  garbage-first heap   total 2097152K, used 64318K [0x0000000700000000, 0x0000000800000000)
[1.738s][info][gc,heap,exit]   region size 2048K, 22 young (45056K), 7 survivors (14336K)
[1.738s][info][gc,heap,exit]  Metaspace       used 1977K, committed 2112K, reserved 1114112K
[1.738s][info][gc,heap,exit]   class space    used 169K, committed 256K, reserved 1048576K
