[0.009s][info][gc,init] CardTable entry size: 512
[0.009s][info][gc     ] Using G1
[0.017s][info][gc,init] Version: 21.0.5+9-LTS-239 (release)
[0.017s][info][gc,init] CPUs: 12 total, 12 available
[0.017s][info][gc,init] Memory: 16190M
[0.017s][info][gc,init] Large Page Support: Disabled
[0.017s][info][gc,init] NUMA Support: Disabled
[0.017s][info][gc,init] Compressed Oops: Enabled (Zero based)
[0.017s][info][gc,init] Heap Region Size: 2M
[0.017s][info][gc,init] Heap Min Capacity: 2G
[0.017s][info][gc,init] Heap Initial Capacity: 2G
[0.017s][info][gc,init] Heap Max Capacity: 4G
[0.017s][info][gc,init] Pre-touch: Disabled
[0.017s][info][gc,init] Parallel Workers: 10
[0.017s][info][gc,init] Concurrent Workers: 3
[0.018s][info][gc,init] Concurrent Refinement Workers: 10
[0.018s][info][gc,init] Periodic GC: Disabled
[0.026s][info][gc,metaspace] CDS archive(s) mapped at: [0x0000027880000000-0x0000027880c90000-0x0000027880c90000), size 13172736, SharedBaseAddress: 0x0000027880000000, ArchiveRelocationMode: 1.
[0.026s][info][gc,metaspace] Compressed class space mapped at: 0x0000027881000000-0x00000278c1000000, reserved size: 1073741824
[0.026s][info][gc,metaspace] Narrow klass base: 0x0000027880000000, Narrow klass shift: 0, Narrow klass range: 0x100000000
[0.421s][info][gc,start    ] GC(0) Pause Young (Normal) (G1 Evacuation Pause)
[0.422s][info][gc,task     ] GC(0) Using 10 workers of 10 for evacuation
[0.427s][info][gc,phases   ] GC(0)   Pre Evacuate Collection Set: 0.2ms
[0.427s][info][gc,phases   ] GC(0)   Merge Heap Roots: 0.1ms
[0.427s][info][gc,phases   ] GC(0)   Evacuate Collection Set: 4.4ms
[0.427s][info][gc,phases   ] GC(0)   Post Evacuate Collection Set: 0.4ms
[0.427s][info][gc,phases   ] GC(0)   Other: 0.6ms
[0.427s][info][gc,heap     ] GC(0) Eden regions: 51->0(45)
[0.427s][info][gc,heap     ] GC(0) Survivor regions: 0->6(7)
[0.427s][info][gc,heap     ] GC(0) Old regions: 0->0
[0.427s][info][gc,heap     ] GC(0) Humongous regions: 0->0
[0.427s][info][gc,metaspace] GC(0) Metaspace: 1702K(1856K)->1702K(1856K) NonClass: 1558K(1600K)->1558K(1600K) Class: 144K(256K)->144K(256K)
[0.427s][info][gc          ] GC(0) Pause Young (Normal) (G1 Evacuation Pause) 102M->10M(2048M) 6.156ms
[0.427s][info][gc,cpu      ] GC(0) User=0.03s Sys=0.03s Real=0.01s
[0.540s][info][gc,start    ] GC(1) Pause Young (Normal) (G1 Evacuation Pause)
[0.540s][info][gc,task     ] GC(1) Using 10 workers of 10 for evacuation
[0.546s][info][gc,phases   ] GC(1)   Pre Evacuate Collection Set: 0.2ms
[0.546s][info][gc,phases   ] GC(1)   Merge Heap Roots: 0.1ms
[0.546s][info][gc,phases   ] GC(1)   Evacuate Collection Set: 5.2ms
[0.546s][info][gc,phases   ] GC(1)   Post Evacuate Collection Set: 0.3ms
[0.546s][info][gc,phases   ] GC(1)   Other: 0.1ms
[0.546s][info][gc,heap     ] GC(1) Eden regions: 45->0(56)
[0.546s][info][gc,heap     ] GC(1) Survivor regions: 6->4(7)
[0.546s][info][gc,heap     ] GC(1) Old regions: 0->3
[0.546s][info][gc,heap     ] GC(1) Humongous regions: 0->0
[0.546s][info][gc,metaspace] GC(1) Metaspace: 1717K(1856K)->1717K(1856K) NonClass: 1573K(1600K)->1573K(1600K) Class: 144K(256K)->144K(256K)
[0.546s][info][gc          ] GC(1) Pause Young (Normal) (G1 Evacuation Pause) 100M->11M(2048M) 6.167ms
[0.546s][info][gc,cpu      ] GC(1) User=0.00s Sys=0.00s Real=0.01s
[0.677s][info][gc,start    ] GC(2) Pause Young (Normal) (G1 Evacuation Pause)
[0.677s][info][gc,task     ] GC(2) Using 10 workers of 10 for evacuation
[0.684s][info][gc,phases   ] GC(2)   Pre Evacuate Collection Set: 0.2ms
[0.684s][info][gc,phases   ] GC(2)   Merge Heap Roots: 0.1ms
[0.684s][info][gc,phases   ] GC(2)   Evacuate Collection Set: 6.0ms
[0.684s][info][gc,phases   ] GC(2)   Post Evacuate Collection Set: 0.3ms
[0.684s][info][gc,phases   ] GC(2)   Other: 0.1ms
[0.684s][info][gc,heap     ] GC(2) Eden regions: 56->0(92)
[0.684s][info][gc,heap     ] GC(2) Survivor regions: 4->8(8)
[0.684s][info][gc,heap     ] GC(2) Old regions: 3->4
[0.684s][info][gc,heap     ] GC(2) Humongous regions: 2->1
[0.684s][info][gc,metaspace] GC(2) Metaspace: 1726K(1856K)->1726K(1856K) NonClass: 1582K(1600K)->1582K(1600K) Class: 144K(256K)->144K(256K)
[0.684s][info][gc          ] GC(2) Pause Young (Normal) (G1 Evacuation Pause) 127M->24M(2048M) 6.987ms
[0.684s][info][gc,cpu      ] GC(2) User=0.00s Sys=0.00s Real=0.01s
[0.760s][info][gc,start    ] GC(3) Pause Young (Normal) (G1 Evacuation Pause)
[0.760s][info][gc,task     ] GC(3) Using 10 workers of 10 for evacuation
[0.768s][info][gc,phases   ] GC(3)   Pre Evacuate Collection Set: 0.2ms
[0.768s][info][gc,phases   ] GC(3)   Merge Heap Roots: 0.1ms
[0.769s][info][gc,phases   ] GC(3)   Evacuate Collection Set: 7.5ms
[0.769s][info][gc,phases   ] GC(3)   Post Evacuate Collection Set: 0.4ms
[0.769s][info][gc,phases   ] GC(3)   Other: 0.1ms
[0.769s][info][gc,heap     ] GC(3) Eden regions: 58->0(129)
[0.769s][info][gc,heap     ] GC(3) Survivor regions: 8->6(9)
[0.769s][info][gc,heap     ] GC(3) Old regions: 4->7
[0.769s][info][gc,heap     ] GC(3) Humongous regions: 1->1
[0.769s][info][gc,metaspace] GC(3) Metaspace: 1745K(1920K)->1745K(1920K) NonClass: 1601K(1664K)->1601K(1664K) Class: 144K(256K)->144K(256K)
[0.769s][info][gc          ] GC(3) Pause Young (Normal) (G1 Evacuation Pause) 140M->26M(2048M) 8.464ms
[0.769s][info][gc,cpu      ] GC(3) User=0.08s Sys=0.11s Real=0.01s
[0.844s][info][gc,start    ] GC(4) Pause Young (Normal) (G1 Evacuation Pause)
[0.844s][info][gc,task     ] GC(4) Using 10 workers of 10 for evacuation
[0.851s][info][gc,phases   ] GC(4)   Pre Evacuate Collection Set: 0.2ms
[0.851s][info][gc,phases   ] GC(4)   Merge Heap Roots: 0.2ms
[0.852s][info][gc,phases   ] GC(4)   Evacuate Collection Set: 6.6ms
[0.852s][info][gc,phases   ] GC(4)   Post Evacuate Collection Set: 0.3ms
[0.852s][info][gc,phases   ] GC(4)   Other: 0.1ms
[0.852s][info][gc,heap     ] GC(4) Eden regions: 70->0(144)
[0.852s][info][gc,heap     ] GC(4) Survivor regions: 6->8(10)
[0.852s][info][gc,heap     ] GC(4) Old regions: 7->7
[0.852s][info][gc,heap     ] GC(4) Humongous regions: 1->1
[0.852s][info][gc,metaspace] GC(4) Metaspace: 1769K(1984K)->1769K(1984K) NonClass: 1625K(1728K)->1625K(1728K) Class: 144K(256K)->144K(256K)
[0.852s][info][gc          ] GC(4) Pause Young (Normal) (G1 Evacuation Pause) 166M->31M(2048M) 7.618ms
[0.852s][info][gc,cpu      ] GC(4) User=0.00s Sys=0.00s Real=0.01s
[0.974s][info][gc,start    ] GC(5) Pause Young (Normal) (G1 Evacuation Pause)
[0.974s][info][gc,task     ] GC(5) Using 10 workers of 10 for evacuation
[0.985s][info][gc,phases   ] GC(5)   Pre Evacuate Collection Set: 0.2ms
[0.985s][info][gc,phases   ] GC(5)   Merge Heap Roots: 0.1ms
[0.985s][info][gc,phases   ] GC(5)   Evacuate Collection Set: 10.6ms
[0.985s][info][gc,phases   ] GC(5)   Post Evacuate Collection Set: 0.3ms
[0.985s][info][gc,phases   ] GC(5)   Other: 0.1ms
[0.985s][info][gc,heap     ] GC(5) Eden regions: 118->0(167)
[0.985s][info][gc,heap     ] GC(5) Survivor regions: 8->12(16)
[0.985s][info][gc,heap     ] GC(5) Old regions: 7->7
[0.985s][info][gc,heap     ] GC(5) Humongous regions: 3->3
[0.985s][info][gc,metaspace] GC(5) Metaspace: 1772K(1984K)->1772K(1984K) NonClass: 1627K(1728K)->1627K(1728K) Class: 144K(256K)->144K(256K)
[0.985s][info][gc          ] GC(5) Pause Young (Normal) (G1 Evacuation Pause) 271M->43M(2048M) 11.578ms
[0.985s][info][gc,cpu      ] GC(5) User=0.03s Sys=0.12s Real=0.01s
[1.129s][info][gc,start    ] GC(6) Pause Young (Normal) (G1 Evacuation Pause)
[1.129s][info][gc,task     ] GC(6) Using 10 workers of 10 for evacuation
[1.143s][info][gc,phases   ] GC(6)   Pre Evacuate Collection Set: 0.2ms
[1.143s][info][gc,phases   ] GC(6)   Merge Heap Roots: 0.1ms
[1.143s][info][gc,phases   ] GC(6)   Evacuate Collection Set: 13.5ms
[1.143s][info][gc,phases   ] GC(6)   Post Evacuate Collection Set: 0.3ms
[1.143s][info][gc,phases   ] GC(6)   Other: 0.1ms
[1.143s][info][gc,heap     ] GC(6) Eden regions: 156->0(293)
[1.143s][info][gc,heap     ] GC(6) Survivor regions: 12->18(21)
[1.143s][info][gc,heap     ] GC(6) Old regions: 7->9
[1.143s][info][gc,heap     ] GC(6) Humongous regions: 3->3
[1.143s][info][gc,metaspace] GC(6) Metaspace: 1772K(1984K)->1772K(1984K) NonClass: 1627K(1728K)->1627K(1728K) Class: 144K(256K)->144K(256K)
[1.143s][info][gc          ] GC(6) Pause Young (Normal) (G1 Evacuation Pause) 355M->58M(2048M) 14.570ms
[1.143s][info][gc,cpu      ] GC(6) User=0.11s Sys=0.05s Real=0.01s
[1.338s][info][gc,start    ] GC(7) Pause Young (Normal) (G1 Evacuation Pause)
[1.338s][info][gc,task     ] GC(7) Using 10 workers of 10 for evacuation
[1.358s][info][gc,phases   ] GC(7)   Pre Evacuate Collection Set: 0.2ms
[1.358s][info][gc,phases   ] GC(7)   Merge Heap Roots: 0.3ms
[1.358s][info][gc,phases   ] GC(7)   Evacuate Collection Set: 18.7ms
[1.358s][info][gc,phases   ] GC(7)   Post Evacuate Collection Set: 0.8ms
[1.358s][info][gc,phases   ] GC(7)   Other: 0.1ms
[1.358s][info][gc,heap     ] GC(7) Eden regions: 203->0(312)
[1.358s][info][gc,heap     ] GC(7) Survivor regions: 18->18(28)
[1.358s][info][gc,heap     ] GC(7) Old regions: 9->15
[1.358s][info][gc,heap     ] GC(7) Humongous regions: 6->6
[1.358s][info][gc,metaspace] GC(7) Metaspace: 1772K(1984K)->1772K(1984K) NonClass: 1627K(1728K)->1627K(1728K) Class: 144K(256K)->144K(256K)
[1.358s][info][gc          ] GC(7) Pause Young (Normal) (G1 Evacuation Pause) 470M->74M(2130M) 20.262ms
[1.358s][info][gc,cpu      ] GC(7) User=0.14s Sys=0.02s Real=0.02s
[1.526s][info][gc,start    ] GC(8) Pause Young (Normal) (G1 Evacuation Pause)
[1.526s][info][gc,task     ] GC(8) Using 10 workers of 10 for evacuation
[1.544s][info][gc,phases   ] GC(8)   Pre Evacuate Collection Set: 0.2ms
[1.544s][info][gc,phases   ] GC(8)   Merge Heap Roots: 0.3ms
[1.544s][info][gc,phases   ] GC(8)   Evacuate Collection Set: 16.9ms
[1.544s][info][gc,phases   ] GC(8)   Post Evacuate Collection Set: 0.4ms
[1.544s][info][gc,phases   ] GC(8)   Other: 0.1ms
[1.544s][info][gc,heap     ] GC(8) Eden regions: 181->0(503)
[1.544s][info][gc,heap     ] GC(8) Survivor regions: 18->15(25)
[1.544s][info][gc,heap     ] GC(8) Old regions: 15->24
[1.544s][info][gc,heap     ] GC(8) Humongous regions: 6->6
[1.544s][info][gc,metaspace] GC(8) Metaspace: 1772K(1984K)->1772K(1984K) NonClass: 1627K(1728K)->1627K(1728K) Class: 144K(256K)->144K(256K)
[1.545s][info][gc          ] GC(8) Pause Young (Normal) (G1 Evacuation Pause) 436M->87M(2130M) 18.194ms
[1.545s][info][gc,cpu      ] GC(8) User=0.14s Sys=0.02s Real=0.02s
[1.933s][info][gc,start    ] GC(9) Pause Young (Normal) (G1 Evacuation Pause)
[1.934s][info][gc,task     ] GC(9) Using 10 workers of 10 for evacuation
[1.952s][info][gc,phases   ] GC(9)   Pre Evacuate Collection Set: 0.2ms
[1.952s][info][gc,phases   ] GC(9)   Merge Heap Roots: 0.4ms
[1.952s][info][gc,phases   ] GC(9)   Evacuate Collection Set: 17.2ms
[1.952s][info][gc,phases   ] GC(9)   Post Evacuate Collection Set: 0.5ms
[1.952s][info][gc,phases   ] GC(9)   Other: 0.1ms
[1.952s][info][gc,heap     ] GC(9) Eden regions: 398->0(618)
[1.952s][info][gc,heap     ] GC(9) Survivor regions: 15->21(52)
[1.952s][info][gc,heap     ] GC(9) Old regions: 24->24
[1.952s][info][gc,heap     ] GC(9) Humongous regions: 7->6
[1.952s][info][gc,metaspace] GC(9) Metaspace: 1772K(1984K)->1772K(1984K) NonClass: 1627K(1728K)->1627K(1728K) Class: 144K(256K)->144K(256K)
[1.952s][info][gc          ] GC(9) Pause Young (Normal) (G1 Evacuation Pause) 885M->101M(2130M) 18.739ms
[1.952s][info][gc,cpu      ] GC(9) User=0.16s Sys=0.00s Real=0.02s
[2.385s][info][gc,start    ] GC(10) Pause Young (Normal) (G1 Evacuation Pause)
[2.385s][info][gc,task     ] GC(10) Using 10 workers of 10 for evacuation
[2.417s][info][gc,phases   ] GC(10)   Pre Evacuate Collection Set: 0.2ms
[2.417s][info][gc,phases   ] GC(10)   Merge Heap Roots: 0.4ms
[2.417s][info][gc,phases   ] GC(10)   Evacuate Collection Set: 30.2ms
[2.417s][info][gc,phases   ] GC(10)   Post Evacuate Collection Set: 0.6ms
[2.417s][info][gc,phases   ] GC(10)   Other: 0.1ms
[2.417s][info][gc,heap     ] GC(10) Eden regions: 480->0(597)
[2.417s][info][gc,heap     ] GC(10) Survivor regions: 21->42(63)
[2.417s][info][gc,heap     ] GC(10) Old regions: 24->24
[2.417s][info][gc,heap     ] GC(10) Humongous regions: 12->11
[2.417s][info][gc,metaspace] GC(10) Metaspace: 1772K(1984K)->1772K(1984K) NonClass: 1627K(1728K)->1627K(1728K) Class: 144K(256K)->144K(256K)
[2.417s][info][gc          ] GC(10) Pause Young (Normal) (G1 Evacuation Pause) 1073M->151M(2130M) 31.825ms
[2.417s][info][gc,cpu      ] GC(10) User=0.19s Sys=0.12s Real=0.03s
[2.964s][info][gc,start    ] GC(11) Pause Young (Normal) (G1 Evacuation Pause)
[2.964s][info][gc,task     ] GC(11) Using 10 workers of 10 for evacuation
[3.004s][info][gc,phases   ] GC(11)   Pre Evacuate Collection Set: 0.2ms
[3.004s][info][gc,phases   ] GC(11)   Merge Heap Roots: 0.4ms
[3.004s][info][gc,phases   ] GC(11)   Evacuate Collection Set: 38.1ms
[3.004s][info][gc,phases   ] GC(11)   Post Evacuate Collection Set: 0.6ms
[3.004s][info][gc,phases   ] GC(11)   Other: 0.1ms
[3.004s][info][gc,heap     ] GC(11) Eden regions: 597->0(578)
[3.004s][info][gc,heap     ] GC(11) Survivor regions: 42->61(80)
[3.004s][info][gc,heap     ] GC(11) Old regions: 24->24
[3.004s][info][gc,heap     ] GC(11) Humongous regions: 11->11
[3.004s][info][gc,metaspace] GC(11) Metaspace: 1791K(1984K)->1791K(1984K) NonClass: 1646K(1728K)->1646K(1728K) Class: 145K(256K)->145K(256K)
[3.004s][info][gc          ] GC(11) Pause Young (Normal) (G1 Evacuation Pause) 1345M->189M(2130M) 39.726ms
[3.004s][info][gc,cpu      ] GC(11) User=0.45s Sys=0.02s Real=0.04s
[3.461s][info][gc,start    ] GC(12) Pause Young (Normal) (G1 Evacuation Pause)
[3.461s][info][gc,task     ] GC(12) Using 10 workers of 10 for evacuation
[3.506s][info][gc,phases   ] GC(12)   Pre Evacuate Collection Set: 0.2ms
[3.506s][info][gc,phases   ] GC(12)   Merge Heap Roots: 0.4ms
[3.506s][info][gc,phases   ] GC(12)   Evacuate Collection Set: 43.5ms
[3.506s][info][gc,phases   ] GC(12)   Post Evacuate Collection Set: 0.6ms
[3.506s][info][gc,phases   ] GC(12)   Other: 0.1ms
[3.506s][info][gc,heap     ] GC(12) Eden regions: 516->0(593)
[3.506s][info][gc,heap     ] GC(12) Survivor regions: 61->46(73)
[3.506s][info][gc,heap     ] GC(12) Old regions: 24->56
[3.506s][info][gc,heap     ] GC(12) Humongous regions: 11->11
[3.506s][info][gc,metaspace] GC(12) Metaspace: 1791K(1984K)->1791K(1984K) NonClass: 1646K(1728K)->1646K(1728K) Class: 145K(256K)->145K(256K)
[3.506s][info][gc          ] GC(12) Pause Young (Normal) (G1 Evacuation Pause) 1221M->224M(2130M) 45.127ms
[3.506s][info][gc,cpu      ] GC(12) User=0.42s Sys=0.05s Real=0.05s
[4.025s][info][gc,start    ] GC(13) Pause Young (Normal) (G1 Evacuation Pause)
[4.025s][info][gc,task     ] GC(13) Using 10 workers of 10 for evacuation
[4.056s][info][gc,phases   ] GC(13)   Pre Evacuate Collection Set: 0.2ms
[4.056s][info][gc,phases   ] GC(13)   Merge Heap Roots: 0.6ms
[4.056s][info][gc,phases   ] GC(13)   Evacuate Collection Set: 29.1ms
[4.056s][info][gc,phases   ] GC(13)   Post Evacuate Collection Set: 0.7ms
[4.056s][info][gc,phases   ] GC(13)   Other: 0.1ms
[4.056s][info][gc,heap     ] GC(13) Eden regions: 569->0(582)
[4.056s][info][gc,heap     ] GC(13) Survivor regions: 46->57(77)
[4.056s][info][gc,heap     ] GC(13) Old regions: 56->66
[4.056s][info][gc,heap     ] GC(13) Humongous regions: 13->11
[4.056s][info][gc,metaspace] GC(13) Metaspace: 1791K(1984K)->1791K(1984K) NonClass: 1646K(1728K)->1646K(1728K) Class: 145K(256K)->145K(256K)
[4.056s][info][gc          ] GC(13) Pause Young (Normal) (G1 Evacuation Pause) 1366M->266M(2130M) 30.910ms
[4.056s][info][gc,cpu      ] GC(13) User=0.28s Sys=0.03s Real=0.03s
[4.591s][info][gc,start    ] GC(14) Pause Young (Normal) (G1 Evacuation Pause)
[4.591s][info][gc,task     ] GC(14) Using 10 workers of 10 for evacuation
[4.621s][info][gc,phases   ] GC(14)   Pre Evacuate Collection Set: 0.2ms
[4.621s][info][gc,phases   ] GC(14)   Merge Heap Roots: 0.5ms
[4.621s][info][gc,phases   ] GC(14)   Evacuate Collection Set: 28.6ms
[4.621s][info][gc,phases   ] GC(14)   Post Evacuate Collection Set: 0.6ms
[4.621s][info][gc,phases   ] GC(14)   Other: 0.1ms
[4.622s][info][gc,heap     ] GC(14) Eden regions: 582->0(585)
[4.622s][info][gc,heap     ] GC(14) Survivor regions: 57->54(80)
[4.622s][info][gc,heap     ] GC(14) Old regions: 66->81
[4.622s][info][gc,heap     ] GC(14) Humongous regions: 12->11
[4.622s][info][gc,metaspace] GC(14) Metaspace: 1792K(1984K)->1792K(1984K) NonClass: 1647K(1728K)->1647K(1728K) Class: 145K(256K)->145K(256K)
[4.622s][info][gc          ] GC(14) Pause Young (Normal) (G1 Evacuation Pause) 1432M->289M(2130M) 30.289ms
[4.622s][info][gc,cpu      ] GC(14) User=0.31s Sys=0.00s Real=0.03s
[5.191s][info][gc,start    ] GC(15) Pause Young (Normal) (G1 Evacuation Pause)
[5.191s][info][gc,task     ] GC(15) Using 10 workers of 10 for evacuation
[5.232s][info][gc,phases   ] GC(15)   Pre Evacuate Collection Set: 0.2ms
[5.232s][info][gc,phases   ] GC(15)   Merge Heap Roots: 0.7ms
[5.232s][info][gc,phases   ] GC(15)   Evacuate Collection Set: 38.9ms
[5.232s][info][gc,phases   ] GC(15)   Post Evacuate Collection Set: 0.6ms
[5.232s][info][gc,phases   ] GC(15)   Other: 0.1ms
[5.232s][info][gc,heap     ] GC(15) Eden regions: 585->0(580)
[5.232s][info][gc,heap     ] GC(15) Survivor regions: 54->59(80)
[5.232s][info][gc,heap     ] GC(15) Old regions: 81->99
[5.232s][info][gc,heap     ] GC(15) Humongous regions: 24->20
[5.232s][info][gc,metaspace] GC(15) Metaspace: 1801K(2048K)->1801K(2048K) NonClass: 1656K(1792K)->1656K(1792K) Class: 145K(256K)->145K(256K)
[5.232s][info][gc          ] GC(15) Pause Young (Normal) (G1 Evacuation Pause) 1485M->353M(2130M) 40.754ms
[5.232s][info][gc,cpu      ] GC(15) User=0.31s Sys=0.00s Real=0.04s
[5.763s][info][gc,start    ] GC(16) Pause Young (Normal) (G1 Evacuation Pause)
[5.763s][info][gc,task     ] GC(16) Using 10 workers of 10 for evacuation
[5.808s][info][gc,phases   ] GC(16)   Pre Evacuate Collection Set: 0.2ms
[5.808s][info][gc,phases   ] GC(16)   Merge Heap Roots: 0.5ms
[5.808s][info][gc,phases   ] GC(16)   Evacuate Collection Set: 44.1ms
[5.808s][info][gc,phases   ] GC(16)   Post Evacuate Collection Set: 0.6ms
[5.808s][info][gc,phases   ] GC(16)   Other: 0.1ms
[5.808s][info][gc,heap     ] GC(16) Eden regions: 580->0(582)
[5.808s][info][gc,heap     ] GC(16) Survivor regions: 59->57(80)
[5.808s][info][gc,heap     ] GC(16) Old regions: 99->126
[5.808s][info][gc,heap     ] GC(16) Humongous regions: 28->20
[5.808s][info][gc,metaspace] GC(16) Metaspace: 1801K(2048K)->1801K(2048K) NonClass: 1656K(1792K)->1656K(1792K) Class: 145K(256K)->145K(256K)
[5.808s][info][gc          ] GC(16) Pause Young (Normal) (G1 Evacuation Pause) 1529M->404M(2130M) 45.700ms
[5.808s][info][gc,cpu      ] GC(16) User=0.45s Sys=0.02s Real=0.05s
[6.326s][info][gc,start    ] GC(17) Pause Young (Normal) (G1 Evacuation Pause)
[6.326s][info][gc,task     ] GC(17) Using 10 workers of 10 for evacuation
[6.361s][info][gc,phases   ] GC(17)   Pre Evacuate Collection Set: 0.2ms
[6.361s][info][gc,phases   ] GC(17)   Merge Heap Roots: 0.4ms
[6.361s][info][gc,phases   ] GC(17)   Evacuate Collection Set: 33.4ms
[6.361s][info][gc,phases   ] GC(17)   Post Evacuate Collection Set: 0.9ms
[6.361s][info][gc,phases   ] GC(17)   Other: 0.1ms
[6.361s][info][gc,heap     ] GC(17) Eden regions: 582->0(606)
[6.361s][info][gc,heap     ] GC(17) Survivor regions: 57->57(80)
[6.361s][info][gc,heap     ] GC(17) Old regions: 126->158
[6.361s][info][gc,heap     ] GC(17) Humongous regions: 20->20
[6.361s][info][gc,metaspace] GC(17) Metaspace: 1801K(2048K)->1801K(2048K) NonClass: 1656K(1792K)->1656K(1792K) Class: 145K(256K)->145K(256K)
[6.362s][info][gc          ] GC(17) Pause Young (Normal) (G1 Evacuation Pause) 1568M->466M(2210M) 35.288ms
[6.362s][info][gc,cpu      ] GC(17) User=0.41s Sys=0.06s Real=0.04s
[6.925s][info][gc,start    ] GC(18) Pause Young (Normal) (G1 Evacuation Pause)
[6.925s][info][gc,task     ] GC(18) Using 10 workers of 10 for evacuation
[6.959s][info][gc,phases   ] GC(18)   Pre Evacuate Collection Set: 0.2ms
[6.959s][info][gc,phases   ] GC(18)   Merge Heap Roots: 0.4ms
[6.959s][info][gc,phases   ] GC(18)   Evacuate Collection Set: 32.7ms
[6.959s][info][gc,phases   ] GC(18)   Post Evacuate Collection Set: 0.6ms
[6.959s][info][gc,phases   ] GC(18)   Other: 0.1ms
[6.959s][info][gc,heap     ] GC(18) Eden regions: 606->0(607)
[6.959s][info][gc,heap     ] GC(18) Survivor regions: 57->56(83)
[6.959s][info][gc,heap     ] GC(18) Old regions: 158->193
[6.959s][info][gc,heap     ] GC(18) Humongous regions: 23->20
[6.959s][info][gc,metaspace] GC(18) Metaspace: 1802K(2048K)->1802K(2048K) NonClass: 1657K(1792K)->1657K(1792K) Class: 145K(256K)->145K(256K)
[6.959s][info][gc          ] GC(18) Pause Young (Normal) (G1 Evacuation Pause) 1684M->536M(2210M) 34.416ms
[6.959s][info][gc,cpu      ] GC(18) User=0.31s Sys=0.00s Real=0.03s
[7.488s][info][gc,start    ] GC(19) Pause Young (Normal) (G1 Evacuation Pause)
[7.488s][info][gc,task     ] GC(19) Using 10 workers of 10 for evacuation
[7.531s][info][gc,phases   ] GC(19)   Pre Evacuate Collection Set: 0.2ms
[7.531s][info][gc,phases   ] GC(19)   Merge Heap Roots: 0.4ms
[7.531s][info][gc,phases   ] GC(19)   Evacuate Collection Set: 41.7ms
[7.531s][info][gc,phases   ] GC(19)   Post Evacuate Collection Set: 0.7ms
[7.531s][info][gc,phases   ] GC(19)   Other: 0.1ms
[7.531s][info][gc,heap     ] GC(19) Eden regions: 607->0(602)
[7.531s][info][gc,heap     ] GC(19) Survivor regions: 56->61(83)
[7.531s][info][gc,heap     ] GC(19) Old regions: 193->236
[7.531s][info][gc,heap     ] GC(19) Humongous regions: 22->20
[7.531s][info][gc,metaspace] GC(19) Metaspace: 1802K(2048K)->1802K(2048K) NonClass: 1657K(1792K)->1657K(1792K) Class: 145K(256K)->145K(256K)
[7.531s][info][gc          ] GC(19) Pause Young (Normal) (G1 Evacuation Pause) 1754M->632M(2210M) 43.490ms
[7.531s][info][gc,cpu      ] GC(19) User=0.47s Sys=0.00s Real=0.04s
[8.085s][info][gc,start    ] GC(20) Pause Young (Normal) (G1 Evacuation Pause)
[8.085s][info][gc,task     ] GC(20) Using 10 workers of 10 for evacuation
[8.125s][info][gc,phases   ] GC(20)   Pre Evacuate Collection Set: 0.2ms
[8.125s][info][gc,phases   ] GC(20)   Merge Heap Roots: 0.4ms
[8.125s][info][gc,phases   ] GC(20)   Evacuate Collection Set: 38.6ms
[8.125s][info][gc,phases   ] GC(20)   Post Evacuate Collection Set: 0.7ms
[8.125s][info][gc,phases   ] GC(20)   Other: 0.1ms
[8.125s][info][gc,heap     ] GC(20) Eden regions: 602->0(583)
[8.125s][info][gc,heap     ] GC(20) Survivor regions: 61->56(83)
[8.125s][info][gc,heap     ] GC(20) Old regions: 236->289
[8.125s][info][gc,heap     ] GC(20) Humongous regions: 20->20
[8.125s][info][gc,metaspace] GC(20) Metaspace: 1802K(2048K)->1802K(2048K) NonClass: 1657K(1792K)->1657K(1792K) Class: 145K(256K)->145K(256K)
[8.125s][info][gc          ] GC(20) Pause Young (Normal) (G1 Evacuation Pause) 1836M->728M(2210M) 40.360ms
[8.125s][info][gc,cpu      ] GC(20) User=0.31s Sys=0.03s Real=0.04s
[8.647s][info][gc,start    ] GC(21) Pause Young (Normal) (G1 Evacuation Pause)
[8.647s][info][gc,task     ] GC(21) Using 10 workers of 10 for evacuation
[8.689s][info][gc,phases   ] GC(21)   Pre Evacuate Collection Set: 0.2ms
[8.689s][info][gc,phases   ] GC(21)   Merge Heap Roots: 0.5ms
[8.689s][info][gc,phases   ] GC(21)   Evacuate Collection Set: 40.8ms
[8.689s][info][gc,phases   ] GC(21)   Post Evacuate Collection Set: 0.6ms
[8.689s][info][gc,phases   ] GC(21)   Other: 0.1ms
[8.689s][info][gc,heap     ] GC(21) Eden regions: 583->0(538)
[8.689s][info][gc,heap     ] GC(21) Survivor regions: 56->56(80)
[8.689s][info][gc,heap     ] GC(21) Old regions: 289->345
[8.689s][info][gc,heap     ] GC(21) Humongous regions: 22->20
[8.689s][info][gc,metaspace] GC(21) Metaspace: 1802K(2048K)->1802K(2048K) NonClass: 1657K(1792K)->1657K(1792K) Class: 145K(256K)->145K(256K)
[8.689s][info][gc          ] GC(21) Pause Young (Normal) (G1 Evacuation Pause) 1898M->840M(2210M) 42.407ms
[8.689s][info][gc,cpu      ] GC(21) User=0.42s Sys=0.05s Real=0.04s
[9.172s][info][gc,start    ] GC(22) Pause Young (Normal) (G1 Evacuation Pause)
[9.172s][info][gc,task     ] GC(22) Using 10 workers of 10 for evacuation
[9.212s][info][gc,phases   ] GC(22)   Pre Evacuate Collection Set: 0.2ms
[9.212s][info][gc,phases   ] GC(22)   Merge Heap Roots: 0.5ms
[9.212s][info][gc,phases   ] GC(22)   Evacuate Collection Set: 39.1ms
[9.212s][info][gc,phases   ] GC(22)   Post Evacuate Collection Set: 0.6ms
[9.212s][info][gc,phases   ] GC(22)   Other: 0.1ms
[9.212s][info][gc,heap     ] GC(22) Eden regions: 538->0(498)
[9.212s][info][gc,heap     ] GC(22) Survivor regions: 56->52(75)
[9.212s][info][gc,heap     ] GC(22) Old regions: 345->400
[9.212s][info][gc,heap     ] GC(22) Humongous regions: 22->20
[9.213s][info][gc,metaspace] GC(22) Metaspace: 1802K(2048K)->1802K(2048K) NonClass: 1657K(1792K)->1657K(1792K) Class: 145K(256K)->145K(256K)
[9.213s][info][gc          ] GC(22) Pause Young (Normal) (G1 Evacuation Pause) 1920M->941M(2210M) 40.734ms
[9.213s][info][gc,cpu      ] GC(22) User=0.31s Sys=0.00s Real=0.04s
[9.665s][info][gc,start    ] GC(23) Pause Young (Normal) (G1 Evacuation Pause)
[9.665s][info][gc,task     ] GC(23) Using 10 workers of 10 for evacuation
[9.699s][info][gc,phases   ] GC(23)   Pre Evacuate Collection Set: 0.2ms
[9.699s][info][gc,phases   ] GC(23)   Merge Heap Roots: 0.4ms
[9.699s][info][gc,phases   ] GC(23)   Evacuate Collection Set: 32.5ms
[9.699s][info][gc,phases   ] GC(23)   Post Evacuate Collection Set: 0.6ms
[9.699s][info][gc,phases   ] GC(23)   Other: 0.1ms
[9.699s][info][gc,heap     ] GC(23) Eden regions: 498->0(460)
[9.699s][info][gc,heap     ] GC(23) Survivor regions: 52->48(69)
[9.699s][info][gc,heap     ] GC(23) Old regions: 400->452
[9.699s][info][gc,heap     ] GC(23) Humongous regions: 22->20
[9.699s][info][gc,metaspace] GC(23) Metaspace: 1802K(2048K)->1802K(2048K) NonClass: 1657K(1792K)->1657K(1792K) Class: 145K(256K)->145K(256K)
[9.699s][info][gc          ] GC(23) Pause Young (Normal) (G1 Evacuation Pause) 1941M->1038M(2210M) 34.117ms
[9.699s][info][gc,cpu      ] GC(23) User=0.31s Sys=0.00s Real=0.03s
[10.110s][info][gc,start    ] GC(24) Pause Young (Normal) (G1 Evacuation Pause)
[10.110s][info][gc,task     ] GC(24) Using 10 workers of 10 for evacuation
[10.139s][info][gc,phases   ] GC(24)   Pre Evacuate Collection Set: 0.2ms
[10.139s][info][gc,phases   ] GC(24)   Merge Heap Roots: 0.4ms
[10.139s][info][gc,phases   ] GC(24)   Evacuate Collection Set: 27.7ms
[10.139s][info][gc,phases   ] GC(24)   Post Evacuate Collection Set: 0.6ms
[10.139s][info][gc,phases   ] GC(24)   Other: 0.1ms
[10.139s][info][gc,heap     ] GC(24) Eden regions: 460->0(422)
[10.139s][info][gc,heap     ] GC(24) Survivor regions: 48->46(64)
[10.139s][info][gc,heap     ] GC(24) Old regions: 452->501
[10.139s][info][gc,heap     ] GC(24) Humongous regions: 21->20
[10.139s][info][gc,metaspace] GC(24) Metaspace: 1802K(2048K)->1802K(2048K) NonClass: 1657K(1792K)->1657K(1792K) Class: 145K(256K)->145K(256K)
[10.139s][info][gc          ] GC(24) Pause Young (Normal) (G1 Evacuation Pause) 1960M->1132M(2210M) 29.245ms
[10.139s][info][gc,cpu      ] GC(24) User=0.16s Sys=0.00s Real=0.03s
[10.419s][info][gc,start    ] GC(25) Pause Young (Concurrent Start) (G1 Humongous Allocation)
[10.419s][info][gc,task     ] GC(25) Using 10 workers of 10 for evacuation
[10.451s][info][gc,phases   ] GC(25)   Pre Evacuate Collection Set: 0.3ms
[10.451s][info][gc,phases   ] GC(25)   Merge Heap Roots: 0.4ms
[10.451s][info][gc,phases   ] GC(25)   Evacuate Collection Set: 29.8ms
[10.451s][info][gc,phases   ] GC(25)   Post Evacuate Collection Set: 1.0ms
[10.451s][info][gc,phases   ] GC(25)   Other: 0.1ms
[10.451s][info][gc,heap     ] GC(25) Eden regions: 314->0(400)
[10.451s][info][gc,heap     ] GC(25) Survivor regions: 46->33(59)
[10.451s][info][gc,heap     ] GC(25) Old regions: 501->546
[10.451s][info][gc,heap     ] GC(25) Humongous regions: 20->20
[10.451s][info][gc,metaspace] GC(25) Metaspace: 1802K(2048K)->1802K(2048K) NonClass: 1657K(1792K)->1657K(1792K) Class: 145K(256K)->145K(256K)
[10.451s][info][gc          ] GC(25) Pause Young (Concurrent Start) (G1 Humongous Allocation) 1759M->1196M(2210M) 31.903ms
[10.451s][info][gc,cpu      ] GC(25) User=0.30s Sys=0.00s Real=0.03s
[10.451s][info][gc          ] GC(26) Concurrent Mark Cycle
[10.451s][info][gc,marking  ] GC(26) Concurrent Scan Root Regions
[10.466s][info][gc,marking  ] GC(26) Concurrent Scan Root Regions 14.902ms
[10.466s][info][gc,marking  ] GC(26) Concurrent Mark
[10.466s][info][gc,marking  ] GC(26) Concurrent Mark From Roots
[10.466s][info][gc,task     ] GC(26) Using 3 workers of 3 for marking
[10.833s][info][gc,marking  ] GC(26) Concurrent Mark From Roots 366.482ms
[10.833s][info][gc,marking  ] GC(26) Concurrent Preclean
[10.833s][info][gc,marking  ] GC(26) Concurrent Preclean 0.049ms
[10.833s][info][gc,start    ] GC(26) Pause Remark
[10.834s][info][gc          ] GC(26) Pause Remark 1749M->1321M(2210M) 1.258ms
[10.834s][info][gc,cpu      ] GC(26) User=0.00s Sys=0.00s Real=0.00s
[10.837s][info][gc,marking  ] GC(26) Concurrent Mark 370.214ms
[10.837s][info][gc,marking  ] GC(26) Concurrent Rebuild Remembered Sets and Scrub Regions
[11.179s][info][gc,marking  ] GC(26) Concurrent Rebuild Remembered Sets and Scrub Regions 342.022ms
[11.179s][info][gc,start    ] GC(26) Pause Cleanup
[11.180s][info][gc          ] GC(26) Pause Cleanup 1495M->1495M(2210M) 0.679ms
[11.180s][info][gc,cpu      ] GC(26) User=0.00s Sys=0.00s Real=0.00s
[11.183s][info][gc,marking  ] GC(26) Concurrent Clear Claimed Marks
[11.183s][info][gc,marking  ] GC(26) Concurrent Clear Claimed Marks 0.055ms
[11.183s][info][gc,marking  ] GC(26) Concurrent Cleanup for Next Mark
[11.187s][info][gc,marking  ] GC(26) Concurrent Cleanup for Next Mark 4.664ms
[11.187s][info][gc          ] GC(26) Concurrent Mark Cycle 736.082ms
[11.304s][info][gc,start    ] GC(27) Pause Young (Prepare Mixed) (G1 Evacuation Pause)
[11.304s][info][gc,task     ] GC(27) Using 10 workers of 10 for evacuation
[11.344s][info][gc,phases   ] GC(27)   Pre Evacuate Collection Set: 0.2ms
[11.344s][info][gc,phases   ] GC(27)   Merge Heap Roots: 0.7ms
[11.344s][info][gc,phases   ] GC(27)   Evacuate Collection Set: 38.3ms
[11.344s][info][gc,phases   ] GC(27)   Post Evacuate Collection Set: 0.7ms
[11.344s][info][gc,phases   ] GC(27)   Other: 0.1ms
[11.344s][info][gc,heap     ] GC(27) Eden regions: 400->0(557)
[11.344s][info][gc,heap     ] GC(27) Survivor regions: 33->37(55)
[11.344s][info][gc,heap     ] GC(27) Old regions: 343->374
[11.344s][info][gc,heap     ] GC(27) Humongous regions: 11->9
[11.344s][info][gc,metaspace] GC(27) Metaspace: 1802K(2048K)->1802K(2048K) NonClass: 1657K(1792K)->1657K(1792K) Class: 145K(256K)->145K(256K)
[11.345s][info][gc          ] GC(27) Pause Young (Prepare Mixed) (G1 Evacuation Pause) 1572M->837M(2210M) 40.309ms
[11.345s][info][gc,cpu      ] GC(27) User=0.19s Sys=0.00s Real=0.04s
[12.199s][info][gc,start    ] GC(28) Pause Young (Mixed) (G1 Evacuation Pause)
[12.200s][info][gc,task     ] GC(28) Using 10 workers of 10 for evacuation
[12.265s][info][gc,phases   ] GC(28)   Pre Evacuate Collection Set: 0.2ms
[12.265s][info][gc,phases   ] GC(28)   Merge Heap Roots: 0.8ms
[12.265s][info][gc,phases   ] GC(28)   Evacuate Collection Set: 63.3ms
[12.265s][info][gc,phases   ] GC(28)   Post Evacuate Collection Set: 0.8ms
[12.265s][info][gc,phases   ] GC(28)   Other: 0.1ms
[12.265s][info][gc,heap     ] GC(28) Eden regions: 557->0(505)
[12.265s][info][gc,heap     ] GC(28) Survivor regions: 37->75(75)
[12.265s][info][gc,heap     ] GC(28) Old regions: 374->359
[12.265s][info][gc,heap     ] GC(28) Humongous regions: 28->26
[12.265s][info][gc,metaspace] GC(28) Metaspace: 1802K(2048K)->1802K(2048K) NonClass: 1657K(1792K)->1657K(1792K) Class: 145K(256K)->145K(256K)
[12.265s][info][gc          ] GC(28) Pause Young (Mixed) (G1 Evacuation Pause) 1989M->919M(2210M) 65.622ms
[12.265s][info][gc,cpu      ] GC(28) User=0.61s Sys=0.02s Real=0.07s
[12.712s][info][gc,start    ] GC(29) Pause Young (Normal) (G1 Evacuation Pause)
[12.712s][info][gc,task     ] GC(29) Using 10 workers of 10 for evacuation
[12.776s][info][gc,phases   ] GC(29)   Pre Evacuate Collection Set: 0.2ms
[12.776s][info][gc,phases   ] GC(29)   Merge Heap Roots: 0.6ms
[12.776s][info][gc,phases   ] GC(29)   Evacuate Collection Set: 62.2ms
[12.776s][info][gc,phases   ] GC(29)   Post Evacuate Collection Set: 0.7ms
[12.776s][info][gc,phases   ] GC(29)   Other: 0.1ms
[12.776s][info][gc,heap     ] GC(29) Eden regions: 505->0(456)
[12.776s][info][gc,heap     ] GC(29) Survivor regions: 75->56(73)
[12.776s][info][gc,heap     ] GC(29) Old regions: 359->435
[12.776s][info][gc,heap     ] GC(29) Humongous regions: 29->26
[12.776s][info][gc,metaspace] GC(29) Metaspace: 1802K(2048K)->1802K(2048K) NonClass: 1657K(1792K)->1657K(1792K) Class: 145K(256K)->145K(256K)
[12.776s][info][gc          ] GC(29) Pause Young (Normal) (G1 Evacuation Pause) 1935M->1033M(2210M) 64.096ms
[12.776s][info][gc,cpu      ] GC(29) User=0.61s Sys=0.02s Real=0.07s
[13.257s][info][gc,start    ] GC(30) Pause Young (Normal) (G1 Evacuation Pause)
[13.257s][info][gc,task     ] GC(30) Using 10 workers of 10 for evacuation
[13.287s][info][gc,phases   ] GC(30)   Pre Evacuate Collection Set: 0.2ms
[13.287s][info][gc,phases   ] GC(30)   Merge Heap Roots: 0.4ms
[13.287s][info][gc,phases   ] GC(30)   Evacuate Collection Set: 28.1ms
[13.287s][info][gc,phases   ] GC(30)   Post Evacuate Collection Set: 0.7ms
[13.287s][info][gc,phases   ] GC(30)   Other: 0.1ms
[13.287s][info][gc,heap     ] GC(30) Eden regions: 456->0(435)
[13.287s][info][gc,heap     ] GC(30) Survivor regions: 56->35(64)
[13.287s][info][gc,heap     ] GC(30) Old regions: 435->491
[13.287s][info][gc,heap     ] GC(30) Humongous regions: 27->26
[13.287s][info][gc,metaspace] GC(30) Metaspace: 1830K(2048K)->1830K(2048K) NonClass: 1679K(1792K)->1679K(1792K) Class: 150K(256K)->150K(256K)
[13.287s][info][gc          ] GC(30) Pause Young (Normal) (G1 Evacuation Pause) 1947M->1101M(2210M) 29.830ms
[13.287s][info][gc,cpu      ] GC(30) User=0.31s Sys=0.00s Real=0.03s
[13.890s][info][gc,start    ] GC(31) Pause Young (Concurrent Start) (G1 Evacuation Pause)
[13.890s][info][gc,task     ] GC(31) Using 10 workers of 10 for evacuation
[13.918s][info][gc,phases   ] GC(31)   Pre Evacuate Collection Set: 0.2ms
[13.918s][info][gc,phases   ] GC(31)   Merge Heap Roots: 0.4ms
[13.918s][info][gc,phases   ] GC(31)   Evacuate Collection Set: 26.3ms
[13.918s][info][gc,phases   ] GC(31)   Post Evacuate Collection Set: 0.5ms
[13.918s][info][gc,phases   ] GC(31)   Other: 0.1ms
[13.918s][info][gc,heap     ] GC(31) Eden regions: 435->0(443)
[13.918s][info][gc,heap     ] GC(31) Survivor regions: 35->11(59)
[13.918s][info][gc,heap     ] GC(31) Old regions: 491->526
[13.918s][info][gc,heap     ] GC(31) Humongous regions: 26->26
[13.918s][info][gc,metaspace] GC(31) Metaspace: 1830K(2048K)->1830K(2048K) NonClass: 1679K(1792K)->1679K(1792K) Class: 150K(256K)->150K(256K)
[13.918s][info][gc          ] GC(31) Pause Young (Concurrent Start) (G1 Evacuation Pause) 1971M->1124M(2210M) 27.917ms
[13.918s][info][gc,cpu      ] GC(31) User=0.16s Sys=0.00s Real=0.03s
[13.918s][info][gc          ] GC(32) Concurrent Mark Cycle
[13.918s][info][gc,marking  ] GC(32) Concurrent Scan Root Regions
[13.925s][info][gc,marking  ] GC(32) Concurrent Scan Root Regions 7.032ms
[13.925s][info][gc,marking  ] GC(32) Concurrent Mark
[13.925s][info][gc,marking  ] GC(32) Concurrent Mark From Roots
[13.925s][info][gc,task     ] GC(32) Using 3 workers of 3 for marking
[14.312s][info][gc,marking  ] GC(32) Concurrent Mark From Roots 386.392ms
[14.312s][info][gc,marking  ] GC(32) Concurrent Preclean
[14.312s][info][gc,marking  ] GC(32) Concurrent Preclean 0.046ms
[14.312s][info][gc,start    ] GC(32) Pause Remark
[14.314s][info][gc          ] GC(32) Pause Remark 1560M->1228M(2210M) 1.405ms
[14.314s][info][gc,cpu      ] GC(32) User=0.00s Sys=0.00s Real=0.00s
[14.314s][info][gc,marking  ] GC(32) Concurrent Mark 388.280ms
[14.314s][info][gc,marking  ] GC(32) Concurrent Rebuild Remembered Sets and Scrub Regions
[14.618s][info][gc,marking  ] GC(32) Concurrent Rebuild Remembered Sets and Scrub Regions 304.335ms
[14.618s][info][gc,start    ] GC(32) Pause Cleanup
[14.619s][info][gc          ] GC(32) Pause Cleanup 1565M->1565M(2210M) 0.333ms
[14.619s][info][gc,cpu      ] GC(32) User=0.00s Sys=0.00s Real=0.00s
[14.619s][info][gc,marking  ] GC(32) Concurrent Clear Claimed Marks
[14.619s][info][gc,marking  ] GC(32) Concurrent Clear Claimed Marks 0.042ms
[14.619s][info][gc,marking  ] GC(32) Concurrent Cleanup for Next Mark
[14.622s][info][gc,marking  ] GC(32) Concurrent Cleanup for Next Mark 2.762ms
[14.622s][info][gc          ] GC(32) Concurrent Mark Cycle 703.252ms
[14.696s][info][gc,start    ] GC(33) Pause Young (Prepare Mixed) (G1 Evacuation Pause)
[14.696s][info][gc,task     ] GC(33) Using 10 workers of 10 for evacuation
[14.725s][info][gc,phases   ] GC(33)   Pre Evacuate Collection Set: 0.2ms
[14.725s][info][gc,phases   ] GC(33)   Merge Heap Roots: 0.8ms
[14.725s][info][gc,phases   ] GC(33)   Evacuate Collection Set: 27.0ms
[14.725s][info][gc,phases   ] GC(33)   Post Evacuate Collection Set: 0.7ms
[14.725s][info][gc,phases   ] GC(33)   Other: 0.1ms
[14.725s][info][gc,heap     ] GC(33) Eden regions: 443->0(603)
[14.725s][info][gc,heap     ] GC(33) Survivor regions: 11->18(57)
[14.725s][info][gc,heap     ] GC(33) Old regions: 369->369
[14.725s][info][gc,heap     ] GC(33) Humongous regions: 17->17
[14.725s][info][gc,metaspace] GC(33) Metaspace: 1830K(2048K)->1830K(2048K) NonClass: 1679K(1792K)->1679K(1792K) Class: 150K(256K)->150K(256K)
[14.725s][info][gc          ] GC(33) Pause Young (Prepare Mixed) (G1 Evacuation Pause) 1678M->806M(2210M) 29.064ms
[14.725s][info][gc,cpu      ] GC(33) User=0.30s Sys=0.02s Real=0.03s
[16.230s][info][gc,heap,exit] Heap
[16.230s][info][gc,heap,exit]  garbage-first heap   total 2263040K, used 1819613K [0x0000000700000000, 0x0000000800000000)
[16.230s][info][gc,heap,exit]   region size 2048K, 471 young (964608K), 18 survivors (36864K)
[16.230s][info][gc,heap,exit]  Metaspace       used 2052K, committed 2176K, reserved 1114112K
[16.230s][info][gc,heap,exit]   class space    used 179K, committed 256K, reserved 1048576K
