[0.012s][info][gc,init] CardTable entry size: 512
[0.012s][info][gc     ] Using G1
[0.021s][info][gc,init] Version: 21.0.5+9-LTS-239 (release)
[0.022s][info][gc,init] CPUs: 12 total, 12 available
[0.022s][info][gc,init] Memory: 16190M
[0.022s][info][gc,init] Large Page Support: Disabled
[0.022s][info][gc,init] NUMA Support: Disabled
[0.022s][info][gc,init] Compressed Oops: Enabled (Zero based)
[0.022s][info][gc,init] Heap Region Size: 2M
[0.022s][info][gc,init] Heap Min Capacity: 2G
[0.022s][info][gc,init] Heap Initial Capacity: 2G
[0.022s][info][gc,init] Heap Max Capacity: 4G
[0.022s][info][gc,init] Pre-touch: Disabled
[0.022s][info][gc,init] Parallel Workers: 10
[0.022s][info][gc,init] Concurrent Workers: 3
[0.022s][info][gc,init] Concurrent Refinement Workers: 10
[0.022s][info][gc,init] Periodic GC: Disabled
[0.031s][info][gc,metaspace] CDS archive(s) mapped at: [0x0000011ad7000000-0x0000011ad7c90000-0x0000011ad7c90000), size 13172736, SharedBaseAddress: 0x0000011ad7000000, ArchiveRelocationMode: 1.
[0.031s][info][gc,metaspace] Compressed class space mapped at: 0x0000011ad8000000-0x0000011b18000000, reserved size: 1073741824
[0.031s][info][gc,metaspace] Narrow klass base: 0x0000011ad7000000, Narrow klass shift: 0, Narrow klass range: 0x100000000
[0.431s][info][gc,start    ] GC(0) Pause Young (Normal) (G1 Evacuation Pause)
[0.432s][info][gc,task     ] GC(0) Using 10 workers of 10 for evacuation
[0.437s][info][gc,phases   ] GC(0)   Pre Evacuate Collection Set: 0.2ms
[0.437s][info][gc,phases   ] GC(0)   Merge Heap Roots: 0.1ms
[0.437s][info][gc,phases   ] GC(0)   Evacuate Collection Set: 4.6ms
[0.437s][info][gc,phases   ] GC(0)   Post Evacuate Collection Set: 0.4ms
[0.437s][info][gc,phases   ] GC(0)   Other: 0.8ms
[0.437s][info][gc,heap     ] GC(0) Eden regions: 51->0(51)
[0.437s][info][gc,heap     ] GC(0) Survivor regions: 0->4(7)
[0.437s][info][gc,heap     ] GC(0) Old regions: 0->0
[0.437s][info][gc,heap     ] GC(0) Humongous regions: 0->0
[0.437s][info][gc,metaspace] GC(0) Metaspace: 1701K(1856K)->1701K(1856K) NonClass: 1556K(1600K)->1556K(1600K) Class: 145K(256K)->145K(256K)
[0.437s][info][gc          ] GC(0) Pause Young (Normal) (G1 Evacuation Pause) 102M->6M(2048M) 6.561ms
[0.437s][info][gc,cpu      ] GC(0) User=0.00s Sys=0.00s Real=0.01s
[0.583s][info][gc,start    ] GC(1) Pause Young (Normal) (G1 Evacuation Pause)
[0.583s][info][gc,task     ] GC(1) Using 10 workers of 10 for evacuation
[0.589s][info][gc,phases   ] GC(1)   Pre Evacuate Collection Set: 0.2ms
[0.589s][info][gc,phases   ] GC(1)   Merge Heap Roots: 0.1ms
[0.589s][info][gc,phases   ] GC(1)   Evacuate Collection Set: 5.5ms
[0.589s][info][gc,phases   ] GC(1)   Post Evacuate Collection Set: 0.4ms
[0.589s][info][gc,phases   ] GC(1)   Other: 0.1ms
[0.589s][info][gc,heap     ] GC(1) Eden regions: 51->0(57)
[0.589s][info][gc,heap     ] GC(1) Survivor regions: 4->7(7)
[0.589s][info][gc,heap     ] GC(1) Old regions: 0->0
[0.589s][info][gc,heap     ] GC(1) Humongous regions: 0->0
[0.589s][info][gc,metaspace] GC(1) Metaspace: 1720K(1856K)->1720K(1856K) NonClass: 1574K(1600K)->1574K(1600K) Class: 145K(256K)->145K(256K)
[0.589s][info][gc          ] GC(1) Pause Young (Normal) (G1 Evacuation Pause) 108M->12M(2048M) 6.495ms
[0.589s][info][gc,cpu      ] GC(1) User=0.11s Sys=0.00s Real=0.01s
[0.722s][info][gc,start    ] GC(2) Pause Young (Normal) (G1 Evacuation Pause)
[0.722s][info][gc,task     ] GC(2) Using 10 workers of 10 for evacuation
[0.731s][info][gc,phases   ] GC(2)   Pre Evacuate Collection Set: 0.2ms
[0.731s][info][gc,phases   ] GC(2)   Merge Heap Roots: 0.1ms
[0.731s][info][gc,phases   ] GC(2)   Evacuate Collection Set: 7.6ms
[0.731s][info][gc,phases   ] GC(2)   Post Evacuate Collection Set: 0.5ms
[0.731s][info][gc,phases   ] GC(2)   Other: 0.1ms
[0.731s][info][gc,heap     ] GC(2) Eden regions: 57->0(132)
[0.731s][info][gc,heap     ] GC(2) Survivor regions: 7->6(8)
[0.731s][info][gc,heap     ] GC(2) Old regions: 0->3
[0.731s][info][gc,heap     ] GC(2) Humongous regions: 2->1
[0.731s][info][gc,metaspace] GC(2) Metaspace: 1728K(1920K)->1728K(1920K) NonClass: 1582K(1664K)->1582K(1664K) Class: 145K(256K)->145K(256K)
[0.731s][info][gc          ] GC(2) Pause Young (Normal) (G1 Evacuation Pause) 130M->18M(2048M) 8.763ms
[0.731s][info][gc,cpu      ] GC(2) User=0.11s Sys=0.06s Real=0.01s
[0.941s][info][gc,start    ] GC(3) Pause Young (Normal) (G1 Evacuation Pause)
[0.941s][info][gc,task     ] GC(3) Using 10 workers of 10 for evacuation
[0.953s][info][gc,phases   ] GC(3)   Pre Evacuate Collection Set: 0.2ms
[0.953s][info][gc,phases   ] GC(3)   Merge Heap Roots: 0.2ms
[0.953s][info][gc,phases   ] GC(3)   Evacuate Collection Set: 10.6ms
[0.953s][info][gc,phases   ] GC(3)   Post Evacuate Collection Set: 0.4ms
[0.953s][info][gc,phases   ] GC(3)   Other: 0.1ms
[0.953s][info][gc,heap     ] GC(3) Eden regions: 132->0(147)
[0.953s][info][gc,heap     ] GC(3) Survivor regions: 6->10(18)
[0.953s][info][gc,heap     ] GC(3) Old regions: 3->3
[0.953s][info][gc,heap     ] GC(3) Humongous regions: 3->3
[0.953s][info][gc,metaspace] GC(3) Metaspace: 1781K(1984K)->1781K(1984K) NonClass: 1635K(1728K)->1635K(1728K) Class: 145K(256K)->145K(256K)
[0.953s][info][gc          ] GC(3) Pause Young (Normal) (G1 Evacuation Pause) 286M->30M(2048M) 11.765ms
[0.953s][info][gc,cpu      ] GC(3) User=0.17s Sys=0.00s Real=0.01s
[1.062s][info][gc,heap,exit] Heap
[1.062s][info][gc,heap,exit]  garbage-first heap   total 2097152K, used 73938K [0x0000000700000000, 0x0000000800000000)
[1.062s][info][gc,heap,exit]   region size 2048K, 32 young (65536K), 10 survivors (20480K)
[1.062s][info][gc,heap,exit]  Metaspace       used 2013K, committed 2240K, reserved 1114112K
[1.062s][info][gc,heap,exit]   class space    used 180K, committed 320K, reserved 1048576K
