[0.011s][info][gc,init] CardTable entry size: 512
[0.011s][info][gc     ] Using G1
[0.019s][info][gc,init] Version: 21.0.5+9-LTS-239 (release)
[0.020s][info][gc,init] CPUs: 12 total, 12 available
[0.020s][info][gc,init] Memory: 16190M
[0.020s][info][gc,init] Large Page Support: Disabled
[0.020s][info][gc,init] NUMA Support: Disabled
[0.020s][info][gc,init] Compressed Oops: Enabled (Zero based)
[0.020s][info][gc,init] Heap Region Size: 2M
[0.020s][info][gc,init] Heap Min Capacity: 2G
[0.020s][info][gc,init] Heap Initial Capacity: 2G
[0.020s][info][gc,init] Heap Max Capacity: 4G
[0.020s][info][gc,init] Pre-touch: Disabled
[0.020s][info][gc,init] Parallel Workers: 10
[0.020s][info][gc,init] Concurrent Workers: 3
[0.020s][info][gc,init] Concurrent Refinement Workers: 10
[0.020s][info][gc,init] Periodic GC: Disabled
[0.027s][info][gc,metaspace] CDS archive(s) mapped at: [0x0000027e80000000-0x0000027e80c90000-0x0000027e80c90000), size 13172736, SharedBaseAddress: 0x0000027e80000000, ArchiveRelocationMode: 1.
[0.027s][info][gc,metaspace] Compressed class space mapped at: 0x0000027e81000000-0x0000027ec1000000, reserved size: 1073741824
[0.027s][info][gc,metaspace] Narrow klass base: 0x0000027e80000000, Narrow klass shift: 0, Narrow klass range: 0x100000000
[0.369s][info][gc,start    ] GC(0) Pause Young (Normal) (G1 Evacuation Pause)
[0.370s][info][gc,task     ] GC(0) Using 10 workers of 10 for evacuation
[0.375s][info][gc,phases   ] GC(0)   Pre Evacuate Collection Set: 0.2ms
[0.375s][info][gc,phases   ] GC(0)   Merge Heap Roots: 0.1ms
[0.375s][info][gc,phases   ] GC(0)   Evacuate Collection Set: 3.8ms
[0.375s][info][gc,phases   ] GC(0)   Post Evacuate Collection Set: 0.4ms
[0.375s][info][gc,phases   ] GC(0)   Other: 1.9ms
[0.375s][info][gc,heap     ] GC(0) Eden regions: 51->0(49)
[0.375s][info][gc,heap     ] GC(0) Survivor regions: 0->5(7)
[0.375s][info][gc,heap     ] GC(0) Old regions: 0->0
[0.375s][info][gc,heap     ] GC(0) Humongous regions: 0->0
[0.375s][info][gc,metaspace] GC(0) Metaspace: 1684K(1792K)->1684K(1792K) NonClass: 1545K(1600K)->1545K(1600K) Class: 138K(192K)->138K(192K)
[0.375s][info][gc          ] GC(0) Pause Young (Normal) (G1 Evacuation Pause) 102M->8M(2048M) 6.734ms
[0.375s][info][gc,cpu      ] GC(0) User=0.05s Sys=0.12s Real=0.01s
[0.510s][info][gc,start    ] GC(1) Pause Young (Normal) (G1 Evacuation Pause)
[0.510s][info][gc,task     ] GC(1) Using 10 workers of 10 for evacuation
[0.516s][info][gc,phases   ] GC(1)   Pre Evacuate Collection Set: 0.2ms
[0.516s][info][gc,phases   ] GC(1)   Merge Heap Roots: 0.1ms
[0.516s][info][gc,phases   ] GC(1)   Evacuate Collection Set: 4.9ms
[0.516s][info][gc,phases   ] GC(1)   Post Evacuate Collection Set: 0.3ms
[0.516s][info][gc,phases   ] GC(1)   Other: 0.1ms
[0.516s][info][gc,heap     ] GC(1) Eden regions: 49->0(60)
[0.516s][info][gc,heap     ] GC(1) Survivor regions: 5->3(7)
[0.516s][info][gc,heap     ] GC(1) Old regions: 0->4
[0.516s][info][gc,heap     ] GC(1) Humongous regions: 0->0
[0.516s][info][gc,metaspace] GC(1) Metaspace: 1700K(1792K)->1700K(1792K) NonClass: 1561K(1600K)->1561K(1600K) Class: 138K(192K)->138K(192K)
[0.516s][info][gc          ] GC(1) Pause Young (Normal) (G1 Evacuation Pause) 106M->11M(2048M) 5.783ms
[0.516s][info][gc,cpu      ] GC(1) User=0.03s Sys=0.16s Real=0.01s
[0.646s][info][gc,start    ] GC(2) Pause Young (Normal) (G1 Evacuation Pause)
[0.646s][info][gc,task     ] GC(2) Using 10 workers of 10 for evacuation
[0.653s][info][gc,phases   ] GC(2)   Pre Evacuate Collection Set: 0.2ms
[0.653s][info][gc,phases   ] GC(2)   Merge Heap Roots: 0.2ms
[0.653s][info][gc,phases   ] GC(2)   Evacuate Collection Set: 6.5ms
[0.653s][info][gc,phases   ] GC(2)   Post Evacuate Collection Set: 0.3ms
[0.653s][info][gc,phases   ] GC(2)   Other: 0.1ms
[0.653s][info][gc,heap     ] GC(2) Eden regions: 60->0(56)
[0.653s][info][gc,heap     ] GC(2) Survivor regions: 3->8(8)
[0.653s][info][gc,heap     ] GC(2) Old regions: 4->4
[0.653s][info][gc,heap     ] GC(2) Humongous regions: 2->1
[0.653s][info][gc,metaspace] GC(2) Metaspace: 1709K(1792K)->1709K(1792K) NonClass: 1570K(1600K)->1570K(1600K) Class: 138K(192K)->138K(192K)
[0.653s][info][gc          ] GC(2) Pause Young (Normal) (G1 Evacuation Pause) 135M->25M(2048M) 7.457ms
[0.653s][info][gc,cpu      ] GC(2) User=0.00s Sys=0.00s Real=0.01s
[0.739s][info][gc,start    ] GC(3) Pause Young (Normal) (G1 Evacuation Pause)
[0.739s][info][gc,task     ] GC(3) Using 10 workers of 10 for evacuation
[0.746s][info][gc,phases   ] GC(3)   Pre Evacuate Collection Set: 0.2ms
[0.746s][info][gc,phases   ] GC(3)   Merge Heap Roots: 0.1ms
[0.746s][info][gc,phases   ] GC(3)   Evacuate Collection Set: 6.3ms
[0.746s][info][gc,phases   ] GC(3)   Post Evacuate Collection Set: 0.3ms
[0.746s][info][gc,phases   ] GC(3)   Other: 0.1ms
[0.746s][info][gc,heap     ] GC(3) Eden regions: 50->0(89)
[0.746s][info][gc,heap     ] GC(3) Survivor regions: 8->6(8)
[0.746s][info][gc,heap     ] GC(3) Old regions: 4->8
[0.746s][info][gc,heap     ] GC(3) Humongous regions: 1->1
[0.746s][info][gc,metaspace] GC(3) Metaspace: 1734K(1856K)->1734K(1856K) NonClass: 1595K(1664K)->1595K(1664K) Class: 138K(192K)->138K(192K)
[0.746s][info][gc          ] GC(3) Pause Young (Normal) (G1 Evacuation Pause) 125M->27M(2048M) 7.226ms
[0.746s][info][gc,cpu      ] GC(3) User=0.00s Sys=0.00s Real=0.01s
[0.838s][info][gc,start    ] GC(4) Pause Young (Normal) (G1 Evacuation Pause)
[0.838s][info][gc,task     ] GC(4) Using 10 workers of 10 for evacuation
[0.845s][info][gc,phases   ] GC(4)   Pre Evacuate Collection Set: 0.2ms
[0.845s][info][gc,phases   ] GC(4)   Merge Heap Roots: 0.2ms
[0.845s][info][gc,phases   ] GC(4)   Evacuate Collection Set: 6.7ms
[0.845s][info][gc,phases   ] GC(4)   Post Evacuate Collection Set: 0.3ms
[0.845s][info][gc,phases   ] GC(4)   Other: 0.1ms
[0.845s][info][gc,heap     ] GC(4) Eden regions: 69->0(78)
[0.845s][info][gc,heap     ] GC(4) Survivor regions: 6->10(10)
[0.845s][info][gc,heap     ] GC(4) Old regions: 8->8
[0.845s][info][gc,heap     ] GC(4) Humongous regions: 1->1
[0.845s][info][gc,metaspace] GC(4) Metaspace: 1746K(1856K)->1746K(1856K) NonClass: 1607K(1664K)->1607K(1664K) Class: 138K(192K)->138K(192K)
[0.845s][info][gc          ] GC(4) Pause Young (Normal) (G1 Evacuation Pause) 165M->37M(2048M) 7.629ms
[0.845s][info][gc,cpu      ] GC(4) User=0.08s Sys=0.08s Real=0.01s
[0.934s][info][gc,start    ] GC(5) Pause Young (Normal) (G1 Evacuation Pause)
[0.934s][info][gc,task     ] GC(5) Using 10 workers of 10 for evacuation
[0.947s][info][gc,phases   ] GC(5)   Pre Evacuate Collection Set: 0.2ms
[0.947s][info][gc,phases   ] GC(5)   Merge Heap Roots: 0.1ms
[0.947s][info][gc,phases   ] GC(5)   Evacuate Collection Set: 11.9ms
[0.947s][info][gc,phases   ] GC(5)   Post Evacuate Collection Set: 0.3ms
[0.947s][info][gc,phases   ] GC(5)   Other: 0.1ms
[0.947s][info][gc,heap     ] GC(5) Eden regions: 74->0(111)
[0.947s][info][gc,heap     ] GC(5) Survivor regions: 10->11(11)
[0.947s][info][gc,heap     ] GC(5) Old regions: 8->15
[0.947s][info][gc,heap     ] GC(5) Humongous regions: 3->3
[0.947s][info][gc,metaspace] GC(5) Metaspace: 1746K(1856K)->1746K(1856K) NonClass: 1607K(1664K)->1607K(1664K) Class: 138K(192K)->138K(192K)
[0.947s][info][gc          ] GC(5) Pause Young (Normal) (G1 Evacuation Pause) 189M->54M(2048M) 12.802ms
[0.947s][info][gc,cpu      ] GC(5) User=0.16s Sys=0.00s Real=0.01s
[1.148s][info][gc,start    ] GC(6) Pause Young (Normal) (G1 Evacuation Pause)
[1.148s][info][gc,task     ] GC(6) Using 10 workers of 10 for evacuation
[1.164s][info][gc,phases   ] GC(6)   Pre Evacuate Collection Set: 0.2ms
[1.164s][info][gc,phases   ] GC(6)   Merge Heap Roots: 0.1ms
[1.164s][info][gc,phases   ] GC(6)   Evacuate Collection Set: 15.0ms
[1.164s][info][gc,phases   ] GC(6)   Post Evacuate Collection Set: 0.4ms
[1.164s][info][gc,phases   ] GC(6)   Other: 0.1ms
[1.164s][info][gc,heap     ] GC(6) Eden regions: 111->0(174)
[1.164s][info][gc,heap     ] GC(6) Survivor regions: 11->16(16)
[1.164s][info][gc,heap     ] GC(6) Old regions: 15->23
[1.164s][info][gc,heap     ] GC(6) Humongous regions: 3->3
[1.164s][info][gc,metaspace] GC(6) Metaspace: 1755K(1856K)->1755K(1856K) NonClass: 1616K(1664K)->1616K(1664K) Class: 138K(192K)->138K(192K)
[1.164s][info][gc          ] GC(6) Pause Young (Normal) (G1 Evacuation Pause) 276M->83M(2048M) 16.306ms
[1.164s][info][gc,cpu      ] GC(6) User=0.11s Sys=0.03s Real=0.02s
[1.523s][info][gc,start    ] GC(7) Pause Young (Normal) (G1 Evacuation Pause)
[1.523s][info][gc,task     ] GC(7) Using 10 workers of 10 for evacuation
[1.545s][info][gc,phases   ] GC(7)   Pre Evacuate Collection Set: 0.1ms
[1.545s][info][gc,phases   ] GC(7)   Merge Heap Roots: 0.2ms
[1.545s][info][gc,phases   ] GC(7)   Evacuate Collection Set: 21.0ms
[1.545s][info][gc,phases   ] GC(7)   Post Evacuate Collection Set: 0.4ms
[1.545s][info][gc,phases   ] GC(7)   Other: 0.1ms
[1.545s][info][gc,heap     ] GC(7) Eden regions: 167->0(137)
[1.545s][info][gc,heap     ] GC(7) Survivor regions: 16->23(23)
[1.545s][info][gc,heap     ] GC(7) Old regions: 23->40
[1.545s][info][gc,heap     ] GC(7) Humongous regions: 3->3
[1.545s][info][gc,metaspace] GC(7) Metaspace: 1755K(1856K)->1755K(1856K) NonClass: 1616K(1664K)->1616K(1664K) Class: 138K(192K)->138K(192K)
[1.545s][info][gc          ] GC(7) Pause Young (Normal) (G1 Evacuation Pause) 417M->131M(2048M) 22.273ms
[1.545s][info][gc,cpu      ] GC(7) User=0.06s Sys=0.08s Real=0.02s
[1.745s][info][gc,start    ] GC(8) Pause Young (Normal) (G1 Evacuation Pause)
[1.745s][info][gc,task     ] GC(8) Using 10 workers of 10 for evacuation
[1.763s][info][gc,phases   ] GC(8)   Pre Evacuate Collection Set: 0.2ms
[1.763s][info][gc,phases   ] GC(8)   Merge Heap Roots: 0.2ms
[1.763s][info][gc,phases   ] GC(8)   Evacuate Collection Set: 16.3ms
[1.763s][info][gc,phases   ] GC(8)   Post Evacuate Collection Set: 0.4ms
[1.763s][info][gc,phases   ] GC(8)   Other: 0.1ms
[1.763s][info][gc,heap     ] GC(8) Eden regions: 134->0(288)
[1.763s][info][gc,heap     ] GC(8) Survivor regions: 23->18(20)
[1.763s][info][gc,heap     ] GC(8) Old regions: 40->63
[1.763s][info][gc,heap     ] GC(8) Humongous regions: 4->3
[1.763s][info][gc,metaspace] GC(8) Metaspace: 1755K(1856K)->1755K(1856K) NonClass: 1616K(1664K)->1616K(1664K) Class: 138K(192K)->138K(192K)
[1.763s][info][gc          ] GC(8) Pause Young (Normal) (G1 Evacuation Pause) 401M->166M(2048M) 17.472ms
[1.763s][info][gc,cpu      ] GC(8) User=0.12s Sys=0.03s Real=0.02s
[2.065s][info][gc,start    ] GC(9) Pause Young (Normal) (G1 Evacuation Pause)
[2.065s][info][gc,task     ] GC(9) Using 10 workers of 10 for evacuation
[2.091s][info][gc,phases   ] GC(9)   Pre Evacuate Collection Set: 0.2ms
[2.091s][info][gc,phases   ] GC(9)   Merge Heap Roots: 0.2ms
[2.091s][info][gc,phases   ] GC(9)   Evacuate Collection Set: 25.6ms
[2.091s][info][gc,phases   ] GC(9)   Post Evacuate Collection Set: 0.4ms
[2.091s][info][gc,phases   ] GC(9)   Other: 0.1ms
[2.091s][info][gc,heap     ] GC(9) Eden regions: 234->0(227)
[2.091s][info][gc,heap     ] GC(9) Survivor regions: 18->32(32)
[2.091s][info][gc,heap     ] GC(9) Old regions: 63->81
[2.091s][info][gc,heap     ] GC(9) Humongous regions: 6->6
[2.091s][info][gc,metaspace] GC(9) Metaspace: 1755K(1856K)->1755K(1856K) NonClass: 1616K(1664K)->1616K(1664K) Class: 138K(192K)->138K(192K)
[2.091s][info][gc          ] GC(9) Pause Young (Normal) (G1 Evacuation Pause) 640M->235M(2048M) 26.764ms
[2.092s][info][gc,cpu      ] GC(9) User=0.02s Sys=0.14s Real=0.03s
[2.272s][info][gc,start    ] GC(10) Pause Young (Normal) (G1 Evacuation Pause)
[2.272s][info][gc,task     ] GC(10) Using 10 workers of 10 for evacuation
[2.295s][info][gc,phases   ] GC(10)   Pre Evacuate Collection Set: 0.2ms
[2.295s][info][gc,phases   ] GC(10)   Merge Heap Roots: 0.2ms
[2.295s][info][gc,phases   ] GC(10)   Evacuate Collection Set: 22.2ms
[2.296s][info][gc,phases   ] GC(10)   Post Evacuate Collection Set: 0.4ms
[2.296s][info][gc,phases   ] GC(10)   Other: 0.1ms
[2.296s][info][gc,heap     ] GC(10) Eden regions: 212->0(365)
[2.296s][info][gc,heap     ] GC(10) Survivor regions: 32->28(31)
[2.296s][info][gc,heap     ] GC(10) Old regions: 81->112
[2.296s][info][gc,heap     ] GC(10) Humongous regions: 7->6
[2.296s][info][gc,metaspace] GC(10) Metaspace: 1755K(1856K)->1755K(1856K) NonClass: 1616K(1664K)->1616K(1664K) Class: 138K(192K)->138K(192K)
[2.296s][info][gc          ] GC(10) Pause Young (Normal) (G1 Evacuation Pause) 661M->289M(2048M) 23.332ms
[2.296s][info][gc,cpu      ] GC(10) User=0.16s Sys=0.00s Real=0.02s
[2.593s][info][gc,start    ] GC(11) Pause Young (Normal) (G1 Evacuation Pause)
[2.593s][info][gc,task     ] GC(11) Using 10 workers of 10 for evacuation
[2.621s][info][gc,phases   ] GC(11)   Pre Evacuate Collection Set: 0.2ms
[2.621s][info][gc,phases   ] GC(11)   Merge Heap Roots: 0.2ms
[2.621s][info][gc,phases   ] GC(11)   Evacuate Collection Set: 26.0ms
[2.621s][info][gc,phases   ] GC(11)   Post Evacuate Collection Set: 1.1ms
[2.621s][info][gc,phases   ] GC(11)   Other: 0.1ms
[2.621s][info][gc,heap     ] GC(11) Eden regions: 332->0(403)
[2.621s][info][gc,heap     ] GC(11) Survivor regions: 28->42(45)
[2.621s][info][gc,heap     ] GC(11) Old regions: 112->140
[2.621s][info][gc,heap     ] GC(11) Humongous regions: 6->6
[2.621s][info][gc,metaspace] GC(11) Metaspace: 1755K(1856K)->1755K(1856K) NonClass: 1616K(1664K)->1616K(1664K) Class: 138K(192K)->138K(192K)
[2.621s][info][gc          ] GC(11) Pause Young (Normal) (G1 Evacuation Pause) 953M->373M(2166M) 27.981ms
[2.621s][info][gc,cpu      ] GC(11) User=0.03s Sys=0.11s Real=0.03s
[2.907s][info][gc,start    ] GC(12) Pause Young (Normal) (G1 Evacuation Pause)
[2.907s][info][gc,task     ] GC(12) Using 10 workers of 10 for evacuation
[2.935s][info][gc,phases   ] GC(12)   Pre Evacuate Collection Set: 0.2ms
[2.935s][info][gc,phases   ] GC(12)   Merge Heap Roots: 0.2ms
[2.935s][info][gc,phases   ] GC(12)   Evacuate Collection Set: 26.5ms
[2.935s][info][gc,phases   ] GC(12)   Post Evacuate Collection Set: 0.5ms
[2.935s][info][gc,phases   ] GC(12)   Other: 0.1ms
[2.935s][info][gc,heap     ] GC(12) Eden regions: 336->0(555)
[2.935s][info][gc,heap     ] GC(12) Survivor regions: 42->43(48)
[2.935s][info][gc,heap     ] GC(12) Old regions: 140->181
[2.935s][info][gc,heap     ] GC(12) Humongous regions: 6->6
[2.935s][info][gc,metaspace] GC(12) Metaspace: 1755K(1856K)->1755K(1856K) NonClass: 1616K(1664K)->1616K(1664K) Class: 138K(192K)->138K(192K)
[2.935s][info][gc          ] GC(12) Pause Young (Normal) (G1 Evacuation Pause) 1045M->458M(2166M) 27.803ms
[2.935s][info][gc,cpu      ] GC(12) User=0.08s Sys=0.08s Real=0.03s
[3.354s][info][gc,start    ] GC(13) Pause Young (Normal) (G1 Evacuation Pause)
[3.354s][info][gc,task     ] GC(13) Using 10 workers of 10 for evacuation
[3.388s][info][gc,phases   ] GC(13)   Pre Evacuate Collection Set: 0.4ms
[3.388s][info][gc,phases   ] GC(13)   Merge Heap Roots: 0.3ms
[3.388s][info][gc,phases   ] GC(13)   Evacuate Collection Set: 31.9ms
[3.388s][info][gc,phases   ] GC(13)   Post Evacuate Collection Set: 0.7ms
[3.388s][info][gc,phases   ] GC(13)   Other: 0.1ms
[3.388s][info][gc,heap     ] GC(13) Eden regions: 474->0(503)
[3.388s][info][gc,heap     ] GC(13) Survivor regions: 43->59(65)
[3.388s][info][gc,heap     ] GC(13) Old regions: 181->222
[3.388s][info][gc,heap     ] GC(13) Humongous regions: 11->11
[3.388s][info][gc,metaspace] GC(13) Metaspace: 1755K(1856K)->1755K(1856K) NonClass: 1616K(1664K)->1616K(1664K) Class: 138K(192K)->138K(192K)
[3.388s][info][gc          ] GC(13) Pause Young (Normal) (G1 Evacuation Pause) 1416M->583M(2166M) 33.693ms
[3.388s][info][gc,cpu      ] GC(13) User=0.14s Sys=0.12s Real=0.03s
[3.797s][info][gc,start    ] GC(14) Pause Young (Normal) (G1 Evacuation Pause)
[3.797s][info][gc,task     ] GC(14) Using 10 workers of 10 for evacuation
[3.835s][info][gc,phases   ] GC(14)   Pre Evacuate Collection Set: 0.2ms
[3.835s][info][gc,phases   ] GC(14)   Merge Heap Roots: 0.4ms
[3.835s][info][gc,phases   ] GC(14)   Evacuate Collection Set: 37.0ms
[3.835s][info][gc,phases   ] GC(14)   Post Evacuate Collection Set: 0.6ms
[3.835s][info][gc,phases   ] GC(14)   Other: 0.1ms
[3.835s][info][gc,heap     ] GC(14) Eden regions: 466->0(501)
[3.835s][info][gc,heap     ] GC(14) Survivor regions: 59->60(66)
[3.835s][info][gc,heap     ] GC(14) Old regions: 222->280
[3.835s][info][gc,heap     ] GC(14) Humongous regions: 13->11
[3.835s][info][gc,metaspace] GC(14) Metaspace: 1755K(1856K)->1755K(1856K) NonClass: 1616K(1664K)->1616K(1664K) Class: 138K(192K)->138K(192K)
[3.835s][info][gc          ] GC(14) Pause Young (Normal) (G1 Evacuation Pause) 1519M->701M(2166M) 38.629ms
[3.835s][info][gc,cpu      ] GC(14) User=0.20s Sys=0.11s Real=0.04s
[4.268s][info][gc,start    ] GC(15) Pause Young (Normal) (G1 Evacuation Pause)
[4.268s][info][gc,task     ] GC(15) Using 10 workers of 10 for evacuation
[4.306s][info][gc,phases   ] GC(15)   Pre Evacuate Collection Set: 0.2ms
[4.306s][info][gc,phases   ] GC(15)   Merge Heap Roots: 0.3ms
[4.306s][info][gc,phases   ] GC(15)   Evacuate Collection Set: 36.9ms
[4.306s][info][gc,phases   ] GC(15)   Post Evacuate Collection Set: 0.7ms
[4.306s][info][gc,phases   ] GC(15)   Other: 0.1ms
[4.306s][info][gc,heap     ] GC(15) Eden regions: 500->0(486)
[4.306s][info][gc,heap     ] GC(15) Survivor regions: 60->64(70)
[4.306s][info][gc,heap     ] GC(15) Old regions: 280->341
[4.306s][info][gc,heap     ] GC(15) Humongous regions: 16->11
[4.307s][info][gc,metaspace] GC(15) Metaspace: 1775K(1856K)->1775K(1856K) NonClass: 1634K(1664K)->1634K(1664K) Class: 140K(192K)->140K(192K)
[4.307s][info][gc          ] GC(15) Pause Young (Normal) (G1 Evacuation Pause) 1711M->829M(2166M) 38.464ms
[4.307s][info][gc,cpu      ] GC(15) User=0.31s Sys=0.00s Real=0.04s
[4.734s][info][gc,start    ] GC(16) Pause Young (Normal) (G1 Evacuation Pause)
[4.734s][info][gc,task     ] GC(16) Using 10 workers of 10 for evacuation
[4.771s][info][gc,phases   ] GC(16)   Pre Evacuate Collection Set: 0.3ms
[4.771s][info][gc,phases   ] GC(16)   Merge Heap Roots: 0.3ms
[4.771s][info][gc,phases   ] GC(16)   Evacuate Collection Set: 35.1ms
[4.771s][info][gc,phases   ] GC(16)   Post Evacuate Collection Set: 1.1ms
[4.771s][info][gc,phases   ] GC(16)   Other: 0.1ms
[4.771s][info][gc,heap     ] GC(16) Eden regions: 486->0(477)
[4.771s][info][gc,heap     ] GC(16) Survivor regions: 64->61(69)
[4.771s][info][gc,heap     ] GC(16) Old regions: 341->405
[4.771s][info][gc,heap     ] GC(16) Humongous regions: 19->11
[4.771s][info][gc,metaspace] GC(16) Metaspace: 1775K(1856K)->1775K(1856K) NonClass: 1634K(1664K)->1634K(1664K) Class: 140K(192K)->140K(192K)
[4.771s][info][gc          ] GC(16) Pause Young (Normal) (G1 Evacuation Pause) 1817M->953M(2244M) 37.175ms
[4.771s][info][gc,cpu      ] GC(16) User=0.22s Sys=0.09s Real=0.04s
[5.209s][info][gc,start    ] GC(17) Pause Young (Normal) (G1 Evacuation Pause)
[5.209s][info][gc,task     ] GC(17) Using 10 workers of 10 for evacuation
[5.242s][info][gc,phases   ] GC(17)   Pre Evacuate Collection Set: 0.2ms
[5.243s][info][gc,phases   ] GC(17)   Merge Heap Roots: 0.3ms
[5.243s][info][gc,phases   ] GC(17)   Evacuate Collection Set: 32.5ms
[5.243s][info][gc,phases   ] GC(17)   Post Evacuate Collection Set: 0.6ms
[5.243s][info][gc,phases   ] GC(17)   Other: 0.1ms
[5.243s][info][gc,heap     ] GC(17) Eden regions: 477->0(440)
[5.243s][info][gc,heap     ] GC(17) Survivor regions: 61->58(68)
[5.243s][info][gc,heap     ] GC(17) Old regions: 405->465
[5.243s][info][gc,heap     ] GC(17) Humongous regions: 11->11
[5.243s][info][gc,metaspace] GC(17) Metaspace: 1775K(1856K)->1775K(1856K) NonClass: 1634K(1664K)->1634K(1664K) Class: 140K(192K)->140K(192K)
[5.243s][info][gc          ] GC(17) Pause Young (Normal) (G1 Evacuation Pause) 1907M->1067M(2244M) 33.971ms
[5.243s][info][gc,cpu      ] GC(17) User=0.22s Sys=0.09s Real=0.03s
[5.626s][info][gc,start    ] GC(18) Pause Young (Normal) (G1 Evacuation Pause)
[5.626s][info][gc,task     ] GC(18) Using 10 workers of 10 for evacuation
[5.660s][info][gc,phases   ] GC(18)   Pre Evacuate Collection Set: 0.2ms
[5.660s][info][gc,phases   ] GC(18)   Merge Heap Roots: 0.3ms
[5.660s][info][gc,phases   ] GC(18)   Evacuate Collection Set: 32.7ms
[5.660s][info][gc,phases   ] GC(18)   Post Evacuate Collection Set: 0.6ms
[5.660s][info][gc,phases   ] GC(18)   Other: 0.1ms
[5.660s][info][gc,heap     ] GC(18) Eden regions: 440->0(399)
[5.660s][info][gc,heap     ] GC(18) Survivor regions: 58->55(63)
[5.660s][info][gc,heap     ] GC(18) Old regions: 465->522
[5.660s][info][gc,heap     ] GC(18) Humongous regions: 14->11
[5.660s][info][gc,metaspace] GC(18) Metaspace: 1776K(1856K)->1776K(1856K) NonClass: 1636K(1664K)->1636K(1664K) Class: 140K(192K)->140K(192K)
[5.660s][info][gc          ] GC(18) Pause Young (Normal) (G1 Evacuation Pause) 1953M->1174M(2244M) 34.208ms
[5.660s][info][gc,cpu      ] GC(18) User=0.31s Sys=0.00s Real=0.03s
[5.746s][info][gc,start    ] GC(19) Pause Young (Concurrent Start) (G1 Humongous Allocation)
[5.746s][info][gc,task     ] GC(19) Using 10 workers of 10 for evacuation
[5.765s][info][gc,phases   ] GC(19)   Pre Evacuate Collection Set: 0.3ms
[5.765s][info][gc,phases   ] GC(19)   Merge Heap Roots: 0.2ms
[5.765s][info][gc,phases   ] GC(19)   Evacuate Collection Set: 17.4ms
[5.765s][info][gc,phases   ] GC(19)   Post Evacuate Collection Set: 0.5ms
[5.765s][info][gc,phases   ] GC(19)   Other: 0.1ms
[5.765s][info][gc,heap     ] GC(19) Eden regions: 104->0(401)
[5.765s][info][gc,heap     ] GC(19) Survivor regions: 55->15(57)
[5.765s][info][gc,heap     ] GC(19) Old regions: 522->577
[5.765s][info][gc,heap     ] GC(19) Humongous regions: 11->11
[5.765s][info][gc,metaspace] GC(19) Metaspace: 1776K(1856K)->1776K(1856K) NonClass: 1636K(1664K)->1636K(1664K) Class: 140K(192K)->140K(192K)
[5.765s][info][gc          ] GC(19) Pause Young (Concurrent Start) (G1 Humongous Allocation) 1381M->1203M(2244M) 18.848ms
[5.765s][info][gc,cpu      ] GC(19) User=0.16s Sys=0.00s Real=0.02s
[5.765s][info][gc          ] GC(20) Concurrent Mark Cycle
[5.765s][info][gc,marking  ] GC(20) Concurrent Scan Root Regions
[5.768s][info][gc,marking  ] GC(20) Concurrent Scan Root Regions 3.080ms
[5.768s][info][gc,marking  ] GC(20) Concurrent Mark
[5.768s][info][gc,marking  ] GC(20) Concurrent Mark From Roots
[5.768s][info][gc,task     ] GC(20) Using 3 workers of 3 for marking
[5.899s][info][gc,marking  ] GC(20) Concurrent Mark From Roots 131.179ms
[5.899s][info][gc,marking  ] GC(20) Concurrent Preclean
[5.899s][info][gc,marking  ] GC(20) Concurrent Preclean 0.020ms
[5.899s][info][gc,start    ] GC(20) Pause Remark
[5.901s][info][gc          ] GC(20) Pause Remark 1432M->1110M(2244M) 1.476ms
[5.901s][info][gc,cpu      ] GC(20) User=0.00s Sys=0.00s Real=0.00s
[5.901s][info][gc,marking  ] GC(20) Concurrent Mark 132.951ms
[5.901s][info][gc,marking  ] GC(20) Concurrent Rebuild Remembered Sets and Scrub Regions
[5.987s][info][gc,marking  ] GC(20) Concurrent Rebuild Remembered Sets and Scrub Regions 86.145ms
[5.987s][info][gc,start    ] GC(20) Pause Cleanup
[5.988s][info][gc          ] GC(20) Pause Cleanup 1257M->1257M(2244M) 0.327ms
[5.988s][info][gc,cpu      ] GC(20) User=0.00s Sys=0.00s Real=0.00s
[5.988s][info][gc,marking  ] GC(20) Concurrent Clear Claimed Marks
[5.988s][info][gc,marking  ] GC(20) Concurrent Clear Claimed Marks 0.031ms
[5.988s][info][gc,marking  ] GC(20) Concurrent Cleanup for Next Mark
[5.992s][info][gc,marking  ] GC(20) Concurrent Cleanup for Next Mark 4.663ms
[5.993s][info][gc          ] GC(20) Concurrent Mark Cycle 227.598ms
[6.170s][info][gc,start    ] GC(21) Pause Young (Prepare Mixed) (G1 Evacuation Pause)
[6.170s][info][gc,task     ] GC(21) Using 10 workers of 10 for evacuation
[6.189s][info][gc,phases   ] GC(21)   Pre Evacuate Collection Set: 0.3ms
[6.189s][info][gc,phases   ] GC(21)   Merge Heap Roots: 0.3ms
[6.189s][info][gc,phases   ] GC(21)   Evacuate Collection Set: 17.4ms
[6.189s][info][gc,phases   ] GC(21)   Post Evacuate Collection Set: 0.7ms
[6.189s][info][gc,phases   ] GC(21)   Other: 0.1ms
[6.189s][info][gc,heap     ] GC(21) Eden regions: 401->0(487)
[6.189s][info][gc,heap     ] GC(21) Survivor regions: 15->52(52)
[6.189s][info][gc,heap     ] GC(21) Old regions: 422->433
[6.189s][info][gc,heap     ] GC(21) Humongous regions: 7->5
[6.189s][info][gc,metaspace] GC(21) Metaspace: 1777K(1856K)->1777K(1856K) NonClass: 1637K(1664K)->1637K(1664K) Class: 140K(192K)->140K(192K)
[6.189s][info][gc          ] GC(21) Pause Young (Prepare Mixed) (G1 Evacuation Pause) 1687M->980M(2244M) 19.069ms
[6.189s][info][gc,cpu      ] GC(21) User=0.27s Sys=0.05s Real=0.02s
[6.607s][info][gc,start    ] GC(22) Pause Young (Mixed) (G1 Evacuation Pause)
[6.608s][info][gc,task     ] GC(22) Using 10 workers of 10 for evacuation
[6.638s][info][gc,phases   ] GC(22)   Pre Evacuate Collection Set: 0.3ms
[6.638s][info][gc,phases   ] GC(22)   Merge Heap Roots: 0.3ms
[6.638s][info][gc,phases   ] GC(22)   Evacuate Collection Set: 28.9ms
[6.638s][info][gc,phases   ] GC(22)   Post Evacuate Collection Set: 0.6ms
[6.638s][info][gc,phases   ] GC(22)   Other: 0.1ms
[6.638s][info][gc,heap     ] GC(22) Eden regions: 487->0(453)
[6.638s][info][gc,heap     ] GC(22) Survivor regions: 52->61(68)
[6.638s][info][gc,heap     ] GC(22) Old regions: 433->461
[6.638s][info][gc,heap     ] GC(22) Humongous regions: 5->5
[6.638s][info][gc,metaspace] GC(22) Metaspace: 1783K(1856K)->1783K(1856K) NonClass: 1643K(1664K)->1643K(1664K) Class: 140K(192K)->140K(192K)
[6.638s][info][gc          ] GC(22) Pause Young (Mixed) (G1 Evacuation Pause) 1954M->1052M(2244M) 30.376ms
[6.638s][info][gc,cpu      ] GC(22) User=0.27s Sys=0.00s Real=0.03s
[7.041s][info][gc,start    ] GC(23) Pause Young (Normal) (G1 Evacuation Pause)
[7.041s][info][gc,task     ] GC(23) Using 10 workers of 10 for evacuation
[7.079s][info][gc,phases   ] GC(23)   Pre Evacuate Collection Set: 0.2ms
[7.079s][info][gc,phases   ] GC(23)   Merge Heap Roots: 0.4ms
[7.079s][info][gc,phases   ] GC(23)   Evacuate Collection Set: 36.7ms
[7.079s][info][gc,phases   ] GC(23)   Post Evacuate Collection Set: 0.9ms
[7.079s][info][gc,phases   ] GC(23)   Other: 0.1ms
[7.079s][info][gc,heap     ] GC(23) Eden regions: 453->0(391)
[7.079s][info][gc,heap     ] GC(23) Survivor regions: 61->62(65)
[7.079s][info][gc,heap     ] GC(23) Old regions: 461->523
[7.079s][info][gc,heap     ] GC(23) Humongous regions: 17->14
[7.079s][info][gc,metaspace] GC(23) Metaspace: 1785K(1856K)->1785K(1856K) NonClass: 1644K(1664K)->1644K(1664K) Class: 140K(192K)->140K(192K)
[7.079s][info][gc          ] GC(23) Pause Young (Normal) (G1 Evacuation Pause) 1982M->1197M(2244M) 38.580ms
[7.079s][info][gc,cpu      ] GC(23) User=0.38s Sys=0.00s Real=0.04s
[7.168s][info][gc,start    ] GC(24) Pause Young (Concurrent Start) (G1 Humongous Allocation)
[7.168s][info][gc,task     ] GC(24) Using 10 workers of 10 for evacuation
[7.191s][info][gc,phases   ] GC(24)   Pre Evacuate Collection Set: 0.3ms
[7.191s][info][gc,phases   ] GC(24)   Merge Heap Roots: 0.3ms
[7.191s][info][gc,phases   ] GC(24)   Evacuate Collection Set: 21.6ms
[7.191s][info][gc,phases   ] GC(24)   Post Evacuate Collection Set: 1.0ms
[7.191s][info][gc,phases   ] GC(24)   Other: 0.2ms
[7.191s][info][gc,heap     ] GC(24) Eden regions: 98->0(404)
[7.191s][info][gc,heap     ] GC(24) Survivor regions: 62->13(57)
[7.191s][info][gc,heap     ] GC(24) Old regions: 523->587
[7.191s][info][gc,heap     ] GC(24) Humongous regions: 14->14
[7.191s][info][gc,metaspace] GC(24) Metaspace: 1785K(1856K)->1785K(1856K) NonClass: 1644K(1664K)->1644K(1664K) Class: 140K(192K)->140K(192K)
[7.191s][info][gc          ] GC(24) Pause Young (Concurrent Start) (G1 Humongous Allocation) 1392M->1226M(2320M) 23.585ms
[7.191s][info][gc,cpu      ] GC(24) User=0.31s Sys=0.00s Real=0.02s
[7.191s][info][gc          ] GC(25) Concurrent Mark Cycle
[7.191s][info][gc,marking  ] GC(25) Concurrent Scan Root Regions
[7.207s][info][gc,marking  ] GC(25) Concurrent Scan Root Regions 15.438ms
[7.207s][info][gc,marking  ] GC(25) Concurrent Mark
[7.207s][info][gc,marking  ] GC(25) Concurrent Mark From Roots
[7.207s][info][gc,task     ] GC(25) Using 3 workers of 3 for marking
[7.347s][info][gc,marking  ] GC(25) Concurrent Mark From Roots 140.649ms
[7.348s][info][gc,marking  ] GC(25) Concurrent Preclean
[7.348s][info][gc,marking  ] GC(25) Concurrent Preclean 0.023ms
[7.348s][info][gc,start    ] GC(25) Pause Remark
[7.349s][info][gc          ] GC(25) Pause Remark 1464M->1336M(2320M) 1.174ms
[7.349s][info][gc,cpu      ] GC(25) User=0.00s Sys=0.00s Real=0.00s
[7.349s][info][gc,marking  ] GC(25) Concurrent Mark 142.184ms
[7.349s][info][gc,marking  ] GC(25) Concurrent Rebuild Remembered Sets and Scrub Regions
[7.475s][info][gc,marking  ] GC(25) Concurrent Rebuild Remembered Sets and Scrub Regions 125.834ms
[7.475s][info][gc,start    ] GC(25) Pause Cleanup
[7.475s][info][gc          ] GC(25) Pause Cleanup 1564M->1564M(2320M) 0.374ms
[7.475s][info][gc,cpu      ] GC(25) User=0.00s Sys=0.00s Real=0.00s
[7.475s][info][gc,marking  ] GC(25) Concurrent Clear Claimed Marks
[7.476s][info][gc,marking  ] GC(25) Concurrent Clear Claimed Marks 0.030ms
[7.476s][info][gc,marking  ] GC(25) Concurrent Cleanup for Next Mark
[7.479s][info][gc,marking  ] GC(25) Concurrent Cleanup for Next Mark 3.125ms
[7.479s][info][gc          ] GC(25) Concurrent Mark Cycle 287.402ms
[7.624s][info][gc,start    ] GC(26) Pause Young (Prepare Mixed) (G1 Evacuation Pause)
[7.624s][info][gc,task     ] GC(26) Using 10 workers of 10 for evacuation
[7.645s][info][gc,phases   ] GC(26)   Pre Evacuate Collection Set: 0.2ms
[7.645s][info][gc,phases   ] GC(26)   Merge Heap Roots: 0.4ms
[7.645s][info][gc,phases   ] GC(26)   Evacuate Collection Set: 19.9ms
[7.645s][info][gc,phases   ] GC(26)   Post Evacuate Collection Set: 0.6ms
[7.645s][info][gc,phases   ] GC(26)   Other: 0.1ms
[7.645s][info][gc,heap     ] GC(26) Eden regions: 404->0(415)
[7.645s][info][gc,heap     ] GC(26) Survivor regions: 13->53(53)
[7.645s][info][gc,heap     ] GC(26) Old regions: 528->539
[7.645s][info][gc,heap     ] GC(26) Humongous regions: 12->9
[7.645s][info][gc,metaspace] GC(26) Metaspace: 1785K(1856K)->1785K(1856K) NonClass: 1644K(1664K)->1644K(1664K) Class: 140K(192K)->140K(192K)
[7.645s][info][gc          ] GC(26) Pause Young (Prepare Mixed) (G1 Evacuation Pause) 1912M->1201M(2320M) 21.402ms
[7.645s][info][gc,cpu      ] GC(26) User=0.16s Sys=0.00s Real=0.02s
[8.000s][info][gc,start    ] GC(27) Pause Young (Mixed) (G1 Evacuation Pause)
[8.000s][info][gc,task     ] GC(27) Using 10 workers of 10 for evacuation
[8.029s][info][gc,phases   ] GC(27)   Pre Evacuate Collection Set: 0.3ms
[8.029s][info][gc,phases   ] GC(27)   Merge Heap Roots: 0.4ms
[8.029s][info][gc,phases   ] GC(27)   Evacuate Collection Set: 27.2ms
[8.029s][info][gc,phases   ] GC(27)   Post Evacuate Collection Set: 0.8ms
[8.029s][info][gc,phases   ] GC(27)   Other: 0.1ms
[8.029s][info][gc,heap     ] GC(27) Eden regions: 415->0(388)
[8.029s][info][gc,heap     ] GC(27) Survivor regions: 53->52(59)
[8.029s][info][gc,heap     ] GC(27) Old regions: 539->576
[8.029s][info][gc,heap     ] GC(27) Humongous regions: 10->9
[8.029s][info][gc,metaspace] GC(27) Metaspace: 1785K(1856K)->1785K(1856K) NonClass: 1644K(1664K)->1644K(1664K) Class: 140K(192K)->140K(192K)
[8.029s][info][gc          ] GC(27) Pause Young (Mixed) (G1 Evacuation Pause) 2033M->1273M(2320M) 29.016ms
[8.029s][info][gc,cpu      ] GC(27) User=0.16s Sys=0.00s Real=0.03s
[8.180s][info][gc,start    ] GC(28) Pause Young (Concurrent Start) (G1 Humongous Allocation)
[8.180s][info][gc,task     ] GC(28) Using 10 workers of 10 for evacuation
[8.200s][info][gc,phases   ] GC(28)   Pre Evacuate Collection Set: 0.3ms
[8.200s][info][gc,phases   ] GC(28)   Merge Heap Roots: 0.3ms
[8.200s][info][gc,phases   ] GC(28)   Evacuate Collection Set: 18.3ms
[8.200s][info][gc,phases   ] GC(28)   Post Evacuate Collection Set: 0.6ms
[8.200s][info][gc,phases   ] GC(28)   Other: 0.1ms
[8.200s][info][gc,heap     ] GC(28) Eden regions: 174->0(381)
[8.200s][info][gc,heap     ] GC(28) Survivor regions: 52->23(55)
[8.200s][info][gc,heap     ] GC(28) Old regions: 576->628
[8.200s][info][gc,heap     ] GC(28) Humongous regions: 9->9
[8.200s][info][gc,metaspace] GC(28) Metaspace: 1785K(1856K)->1785K(1856K) NonClass: 1644K(1664K)->1644K(1664K) Class: 140K(192K)->140K(192K)
[8.200s][info][gc          ] GC(28) Pause Young (Concurrent Start) (G1 Humongous Allocation) 1620M->1318M(2320M) 19.833ms
[8.200s][info][gc,cpu      ] GC(28) User=0.16s Sys=0.00s Real=0.02s
[8.200s][info][gc          ] GC(29) Concurrent Mark Cycle
[8.200s][info][gc,marking  ] GC(29) Concurrent Scan Root Regions
[8.202s][info][gc,marking  ] GC(29) Concurrent Scan Root Regions 1.886ms
[8.202s][info][gc,marking  ] GC(29) Concurrent Mark
[8.202s][info][gc,marking  ] GC(29) Concurrent Mark From Roots
[8.202s][info][gc,task     ] GC(29) Using 3 workers of 3 for marking
[8.385s][info][gc,marking  ] GC(29) Concurrent Mark From Roots 183.573ms
[8.386s][info][gc,marking  ] GC(29) Concurrent Preclean
[8.386s][info][gc,marking  ] GC(29) Concurrent Preclean 0.022ms
[8.386s][info][gc,start    ] GC(29) Pause Remark
[8.388s][info][gc          ] GC(29) Pause Remark 1645M->1567M(2618M) 2.063ms
[8.388s][info][gc,cpu      ] GC(29) User=0.00s Sys=0.00s Real=0.00s
[8.388s][info][gc,marking  ] GC(29) Concurrent Mark 186.004ms
[8.388s][info][gc,marking  ] GC(29) Concurrent Rebuild Remembered Sets and Scrub Regions
[8.532s][info][gc,marking  ] GC(29) Concurrent Rebuild Remembered Sets and Scrub Regions 144.161ms
[8.532s][info][gc,start    ] GC(29) Pause Cleanup
[8.533s][info][gc          ] GC(29) Pause Cleanup 1772M->1772M(2618M) 0.360ms
[8.533s][info][gc,cpu      ] GC(29) User=0.00s Sys=0.00s Real=0.00s
[8.533s][info][gc,marking  ] GC(29) Concurrent Clear Claimed Marks
[8.533s][info][gc,marking  ] GC(29) Concurrent Clear Claimed Marks 0.042ms
[8.533s][info][gc,marking  ] GC(29) Concurrent Cleanup for Next Mark
[8.537s][info][gc,marking  ] GC(29) Concurrent Cleanup for Next Mark 4.156ms
[8.537s][info][gc          ] GC(29) Concurrent Mark Cycle 336.969ms
[8.643s][info][gc,start    ] GC(30) Pause Young (Prepare Mixed) (G1 Evacuation Pause)
[8.643s][info][gc,task     ] GC(30) Using 10 workers of 10 for evacuation
[8.663s][info][gc,phases   ] GC(30)   Pre Evacuate Collection Set: 0.2ms
[8.663s][info][gc,phases   ] GC(30)   Merge Heap Roots: 0.4ms
[8.663s][info][gc,phases   ] GC(30)   Evacuate Collection Set: 18.1ms
[8.663s][info][gc,phases   ] GC(30)   Post Evacuate Collection Set: 0.6ms
[8.663s][info][gc,phases   ] GC(30)   Other: 0.1ms
[8.663s][info][gc,heap     ] GC(30) Eden regions: 381->0(505)
[8.663s][info][gc,heap     ] GC(30) Survivor regions: 23->51(51)
[8.663s][info][gc,heap     ] GC(30) Old regions: 589->603
[8.663s][info][gc,heap     ] GC(30) Humongous regions: 12->9
[8.663s][info][gc,metaspace] GC(30) Metaspace: 1785K(1856K)->1785K(1856K) NonClass: 1644K(1664K)->1644K(1664K) Class: 140K(192K)->140K(192K)
[8.663s][info][gc          ] GC(30) Pause Young (Prepare Mixed) (G1 Evacuation Pause) 2008M->1325M(2618M) 19.614ms
[8.663s][info][gc,cpu      ] GC(30) User=0.14s Sys=0.02s Real=0.02s
[9.088s][info][gc,start    ] GC(31) Pause Young (Mixed) (G1 Evacuation Pause)
[9.088s][info][gc,task     ] GC(31) Using 10 workers of 10 for evacuation
[9.121s][info][gc,phases   ] GC(31)   Pre Evacuate Collection Set: 0.3ms
[9.121s][info][gc,phases   ] GC(31)   Merge Heap Roots: 0.4ms
[9.121s][info][gc,phases   ] GC(31)   Evacuate Collection Set: 31.3ms
[9.121s][info][gc,phases   ] GC(31)   Post Evacuate Collection Set: 0.8ms
[9.121s][info][gc,phases   ] GC(31)   Other: 0.1ms
[9.121s][info][gc,heap     ] GC(31) Eden regions: 505->0(459)
[9.121s][info][gc,heap     ] GC(31) Survivor regions: 51->70(70)
[9.121s][info][gc,heap     ] GC(31) Old regions: 603->630
[9.121s][info][gc,heap     ] GC(31) Humongous regions: 11->9
[9.121s][info][gc,metaspace] GC(31) Metaspace: 1785K(1856K)->1785K(1856K) NonClass: 1644K(1664K)->1644K(1664K) Class: 140K(192K)->140K(192K)
[9.121s][info][gc          ] GC(31) Pause Young (Mixed) (G1 Evacuation Pause) 2339M->1416M(2618M) 33.223ms
[9.121s][info][gc,cpu      ] GC(31) User=0.28s Sys=0.03s Real=0.03s
[9.125s][info][gc,start    ] GC(32) Pause Young (Concurrent Start) (G1 Humongous Allocation)
[9.125s][info][gc,task     ] GC(32) Using 10 workers of 10 for evacuation
[9.146s][info][gc,phases   ] GC(32)   Pre Evacuate Collection Set: 0.3ms
[9.146s][info][gc,phases   ] GC(32)   Merge Heap Roots: 0.2ms
[9.146s][info][gc,phases   ] GC(32)   Evacuate Collection Set: 19.3ms
[9.146s][info][gc,phases   ] GC(32)   Post Evacuate Collection Set: 0.5ms
[9.146s][info][gc,phases   ] GC(32)   Other: 0.1ms
[9.146s][info][gc,heap     ] GC(32) Eden regions: 6->0(474)
[9.146s][info][gc,heap     ] GC(32) Survivor regions: 70->5(67)
[9.146s][info][gc,heap     ] GC(32) Old regions: 630->701
[9.146s][info][gc,heap     ] GC(32) Humongous regions: 9->9
[9.146s][info][gc,metaspace] GC(32) Metaspace: 1785K(1856K)->1785K(1856K) NonClass: 1644K(1664K)->1644K(1664K) Class: 140K(192K)->140K(192K)
[9.146s][info][gc          ] GC(32) Pause Young (Concurrent Start) (G1 Humongous Allocation) 1428M->1428M(2618M) 20.799ms
[9.146s][info][gc,cpu      ] GC(32) User=0.16s Sys=0.00s Real=0.02s
[9.146s][info][gc          ] GC(33) Concurrent Mark Cycle
[9.146s][info][gc,marking  ] GC(33) Concurrent Scan Root Regions
[9.150s][info][gc,marking  ] GC(33) Concurrent Scan Root Regions 3.782ms
[9.150s][info][gc,marking  ] GC(33) Concurrent Mark
[9.150s][info][gc,marking  ] GC(33) Concurrent Mark From Roots
[9.150s][info][gc,task     ] GC(33) Using 3 workers of 3 for marking
[9.322s][info][gc,marking  ] GC(33) Concurrent Mark From Roots 172.308ms
[9.322s][info][gc,marking  ] GC(33) Concurrent Preclean
[9.322s][info][gc,marking  ] GC(33) Concurrent Preclean 0.025ms
[9.322s][info][gc,start    ] GC(33) Pause Remark
[9.324s][info][gc          ] GC(33) Pause Remark 1703M->1641M(2740M) 1.364ms
[9.324s][info][gc,cpu      ] GC(33) User=0.00s Sys=0.00s Real=0.00s
[9.324s][info][gc,marking  ] GC(33) Concurrent Mark 174.033ms
[9.324s][info][gc,marking  ] GC(33) Concurrent Rebuild Remembered Sets and Scrub Regions
[9.455s][info][gc,marking  ] GC(33) Concurrent Rebuild Remembered Sets and Scrub Regions 131.394ms
[9.455s][info][gc,start    ] GC(33) Pause Cleanup
[9.456s][info][gc          ] GC(33) Pause Cleanup 1846M->1846M(2740M) 0.434ms
[9.456s][info][gc,cpu      ] GC(33) User=0.00s Sys=0.00s Real=0.00s
[9.456s][info][gc,marking  ] GC(33) Concurrent Clear Claimed Marks
[9.456s][info][gc,marking  ] GC(33) Concurrent Clear Claimed Marks 0.038ms
[9.456s][info][gc,marking  ] GC(33) Concurrent Cleanup for Next Mark
[9.460s][info][gc,marking  ] GC(33) Concurrent Cleanup for Next Mark 3.688ms
[9.460s][info][gc          ] GC(33) Concurrent Mark Cycle 313.827ms
[9.656s][info][gc,start    ] GC(34) Pause Young (Prepare Mixed) (G1 Evacuation Pause)
[9.656s][info][gc,task     ] GC(34) Using 10 workers of 10 for evacuation
[9.676s][info][gc,phases   ] GC(34)   Pre Evacuate Collection Set: 0.3ms
[9.676s][info][gc,phases   ] GC(34)   Merge Heap Roots: 0.4ms
[9.676s][info][gc,phases   ] GC(34)   Evacuate Collection Set: 18.1ms
[9.676s][info][gc,phases   ] GC(34)   Post Evacuate Collection Set: 0.8ms
[9.676s][info][gc,phases   ] GC(34)   Other: 0.1ms
[9.676s][info][gc,heap     ] GC(34) Eden regions: 474->0(497)
[9.676s][info][gc,heap     ] GC(34) Survivor regions: 5->59(60)
[9.676s][info][gc,heap     ] GC(34) Old regions: 670->670
[9.676s][info][gc,heap     ] GC(34) Humongous regions: 12->9
[9.676s][info][gc,metaspace] GC(34) Metaspace: 1785K(1856K)->1785K(1856K) NonClass: 1644K(1664K)->1644K(1664K) Class: 140K(192K)->140K(192K)
[9.676s][info][gc          ] GC(34) Pause Young (Prepare Mixed) (G1 Evacuation Pause) 2320M->1473M(2740M) 19.944ms
[9.676s][info][gc,cpu      ] GC(34) User=0.14s Sys=0.00s Real=0.02s
[10.571s][info][gc,start    ] GC(35) Pause Young (Mixed) (G1 Evacuation Pause)
[10.571s][info][gc,task     ] GC(35) Using 10 workers of 10 for evacuation
[10.603s][info][gc,phases   ] GC(35)   Pre Evacuate Collection Set: 0.3ms
[10.603s][info][gc,phases   ] GC(35)   Merge Heap Roots: 0.4ms
[10.603s][info][gc,phases   ] GC(35)   Evacuate Collection Set: 31.1ms
[10.603s][info][gc,phases   ] GC(35)   Post Evacuate Collection Set: 0.8ms
[10.603s][info][gc,phases   ] GC(35)   Other: 0.1ms
[10.603s][info][gc,heap     ] GC(35) Eden regions: 497->0(515)
[10.603s][info][gc,heap     ] GC(35) Survivor regions: 59->18(70)
[10.603s][info][gc,heap     ] GC(35) Old regions: 670->709
[10.603s][info][gc,heap     ] GC(35) Humongous regions: 9->9
[10.604s][info][gc,metaspace] GC(35) Metaspace: 1814K(1984K)->1814K(1984K) NonClass: 1668K(1728K)->1668K(1728K) Class: 145K(256K)->145K(256K)
[10.604s][info][gc          ] GC(35) Pause Young (Mixed) (G1 Evacuation Pause) 2467M->1470M(2740M) 32.983ms
[10.604s][info][gc,cpu      ] GC(35) User=0.31s Sys=0.00s Real=0.03s
[11.581s][info][gc,start    ] GC(36) Pause Young (Concurrent Start) (G1 Evacuation Pause)
[11.581s][info][gc,task     ] GC(36) Using 10 workers of 10 for evacuation
[11.613s][info][gc,phases   ] GC(36)   Pre Evacuate Collection Set: 0.3ms
[11.613s][info][gc,phases   ] GC(36)   Merge Heap Roots: 0.5ms
[11.613s][info][gc,phases   ] GC(36)   Evacuate Collection Set: 30.2ms
[11.613s][info][gc,phases   ] GC(36)   Post Evacuate Collection Set: 0.8ms
[11.613s][info][gc,phases   ] GC(36)   Other: 0.2ms
[11.613s][info][gc,heap     ] GC(36) Eden regions: 515->0(521)
[11.613s][info][gc,heap     ] GC(36) Survivor regions: 18->31(67)
[11.613s][info][gc,heap     ] GC(36) Old regions: 709->709
[11.613s][info][gc,heap     ] GC(36) Humongous regions: 9->9
[11.613s][info][gc,metaspace] GC(36) Metaspace: 1814K(1984K)->1814K(1984K) NonClass: 1668K(1728K)->1668K(1728K) Class: 145K(256K)->145K(256K)
[11.613s][info][gc          ] GC(36) Pause Young (Concurrent Start) (G1 Evacuation Pause) 2500M->1496M(2740M) 32.284ms
[11.613s][info][gc,cpu      ] GC(36) User=0.20s Sys=0.00s Real=0.03s
[11.613s][info][gc          ] GC(37) Concurrent Mark Cycle
[11.613s][info][gc,marking  ] GC(37) Concurrent Scan Root Regions
[11.623s][info][gc,marking  ] GC(37) Concurrent Scan Root Regions 9.780ms
[11.623s][info][gc,marking  ] GC(37) Concurrent Mark
[11.623s][info][gc,marking  ] GC(37) Concurrent Mark From Roots
[11.623s][info][gc,task     ] GC(37) Using 3 workers of 3 for marking
[11.792s][info][gc,marking  ] GC(37) Concurrent Mark From Roots 168.710ms
[11.792s][info][gc,marking  ] GC(37) Concurrent Preclean
[11.792s][info][gc,marking  ] GC(37) Concurrent Preclean 0.020ms
[11.792s][info][gc,start    ] GC(37) Pause Remark
[11.793s][info][gc          ] GC(37) Pause Remark 1634M->1396M(2740M) 0.953ms
[11.793s][info][gc,cpu      ] GC(37) User=0.00s Sys=0.00s Real=0.00s
[11.793s][info][gc,marking  ] GC(37) Concurrent Mark 169.957ms
[11.793s][info][gc,marking  ] GC(37) Concurrent Rebuild Remembered Sets and Scrub Regions
[11.935s][info][gc,marking  ] GC(37) Concurrent Rebuild Remembered Sets and Scrub Regions 141.595ms
[11.935s][info][gc,start    ] GC(37) Pause Cleanup
[11.935s][info][gc          ] GC(37) Pause Cleanup 1512M->1512M(2740M) 0.383ms
[11.935s][info][gc,cpu      ] GC(37) User=0.00s Sys=0.00s Real=0.00s
[11.935s][info][gc,marking  ] GC(37) Concurrent Clear Claimed Marks
[11.935s][info][gc,marking  ] GC(37) Concurrent Clear Claimed Marks 0.033ms
[11.935s][info][gc,marking  ] GC(37) Concurrent Cleanup for Next Mark
[11.939s][info][gc,marking  ] GC(37) Concurrent Cleanup for Next Mark 3.191ms
[11.939s][info][gc          ] GC(37) Concurrent Mark Cycle 325.375ms
[12.692s][info][gc,start    ] GC(38) Pause Young (Prepare Mixed) (G1 Evacuation Pause)
[12.692s][info][gc,task     ] GC(38) Using 10 workers of 10 for evacuation
[12.732s][info][gc,phases   ] GC(38)   Pre Evacuate Collection Set: 0.3ms
[12.732s][info][gc,phases   ] GC(38)   Merge Heap Roots: 0.7ms
[12.732s][info][gc,phases   ] GC(38)   Evacuate Collection Set: 38.2ms
[12.732s][info][gc,phases   ] GC(38)   Post Evacuate Collection Set: 0.9ms
[12.732s][info][gc,phases   ] GC(38)   Other: 0.1ms
[12.732s][info][gc,heap     ] GC(38) Eden regions: 521->0(620)
[12.732s][info][gc,heap     ] GC(38) Survivor regions: 31->41(69)
[12.732s][info][gc,heap     ] GC(38) Old regions: 590->590
[12.732s][info][gc,heap     ] GC(38) Humongous regions: 9->9
[12.732s][info][gc,metaspace] GC(38) Metaspace: 1814K(1984K)->1814K(1984K) NonClass: 1668K(1728K)->1668K(1728K) Class: 145K(256K)->145K(256K)
[12.732s][info][gc          ] GC(38) Pause Young (Prepare Mixed) (G1 Evacuation Pause) 2300M->1278M(2740M) 40.468ms
[12.732s][info][gc,cpu      ] GC(38) User=0.31s Sys=0.00s Real=0.04s
[13.916s][info][gc,start    ] GC(39) Pause Young (Mixed) (G1 Evacuation Pause)
[13.916s][info][gc,task     ] GC(39) Using 10 workers of 10 for evacuation
[13.968s][info][gc,phases   ] GC(39)   Pre Evacuate Collection Set: 0.2ms
[13.968s][info][gc,phases   ] GC(39)   Merge Heap Roots: 0.7ms
[13.968s][info][gc,phases   ] GC(39)   Evacuate Collection Set: 49.5ms
[13.968s][info][gc,phases   ] GC(39)   Post Evacuate Collection Set: 1.1ms
[13.968s][info][gc,phases   ] GC(39)   Other: 0.1ms
[13.968s][info][gc,heap     ] GC(39) Eden regions: 620->0(612)
[13.968s][info][gc,heap     ] GC(39) Survivor regions: 41->54(83)
[13.968s][info][gc,heap     ] GC(39) Old regions: 590->572
[13.968s][info][gc,heap     ] GC(39) Humongous regions: 9->9
[13.968s][info][gc,metaspace] GC(39) Metaspace: 1814K(1984K)->1814K(1984K) NonClass: 1669K(1728K)->1669K(1728K) Class: 145K(256K)->145K(256K)
[13.968s][info][gc          ] GC(39) Pause Young (Mixed) (G1 Evacuation Pause) 2518M->1267M(2740M) 51.898ms
[13.968s][info][gc,cpu      ] GC(39) User=0.47s Sys=0.00s Real=0.05s
[14.683s][info][gc,start    ] GC(40) Pause Young (Concurrent Start) (G1 Humongous Allocation)
[14.683s][info][gc,task     ] GC(40) Using 10 workers of 10 for evacuation
[14.737s][info][gc,phases   ] GC(40)   Pre Evacuate Collection Set: 0.3ms
[14.737s][info][gc,phases   ] GC(40)   Merge Heap Roots: 0.6ms
[14.737s][info][gc,phases   ] GC(40)   Evacuate Collection Set: 52.0ms
[14.737s][info][gc,phases   ] GC(40)   Post Evacuate Collection Set: 0.9ms
[14.737s][info][gc,phases   ] GC(40)   Other: 0.1ms
[14.737s][info][gc,heap     ] GC(40) Eden regions: 382->0(613)
[14.737s][info][gc,heap     ] GC(40) Survivor regions: 54->45(84)
[14.737s][info][gc,heap     ] GC(40) Old regions: 572->589
[14.737s][info][gc,heap     ] GC(40) Humongous regions: 9->9
[14.737s][info][gc,metaspace] GC(40) Metaspace: 1814K(1984K)->1814K(1984K) NonClass: 1669K(1728K)->1669K(1728K) Class: 145K(256K)->145K(256K)
[14.737s][info][gc          ] GC(40) Pause Young (Concurrent Start) (G1 Humongous Allocation) 2031M->1285M(2740M) 54.174ms
[14.737s][info][gc,cpu      ] GC(40) User=0.61s Sys=0.02s Real=0.05s
[14.737s][info][gc          ] GC(41) Concurrent Mark Cycle
[14.738s][info][gc,marking  ] GC(41) Concurrent Scan Root Regions
[14.756s][info][gc,marking  ] GC(41) Concurrent Scan Root Regions 18.689ms
[14.756s][info][gc,marking  ] GC(41) Concurrent Mark
[14.756s][info][gc,marking  ] GC(41) Concurrent Mark From Roots
[14.756s][info][gc,task     ] GC(41) Using 3 workers of 3 for marking
[14.968s][info][gc,marking  ] GC(41) Concurrent Mark From Roots 211.910ms
[14.968s][info][gc,marking  ] GC(41) Concurrent Preclean
[14.968s][info][gc,marking  ] GC(41) Concurrent Preclean 0.027ms
[14.968s][info][gc,start    ] GC(41) Pause Remark
[14.969s][info][gc          ] GC(41) Pause Remark 1444M->1206M(2740M) 0.998ms
[14.969s][info][gc,cpu      ] GC(41) User=0.00s Sys=0.00s Real=0.00s
[14.969s][info][gc,marking  ] GC(41) Concurrent Mark 213.230ms
[14.970s][info][gc,marking  ] GC(41) Concurrent Rebuild Remembered Sets and Scrub Regions
[15.167s][info][gc,marking  ] GC(41) Concurrent Rebuild Remembered Sets and Scrub Regions 197.120ms
[15.167s][info][gc,start    ] GC(41) Pause Cleanup
[15.167s][info][gc          ] GC(41) Pause Cleanup 1375M->1375M(2740M) 0.403ms
[15.167s][info][gc,cpu      ] GC(41) User=0.00s Sys=0.00s Real=0.00s
[15.167s][info][gc,marking  ] GC(41) Concurrent Clear Claimed Marks
[15.167s][info][gc,marking  ] GC(41) Concurrent Clear Claimed Marks 0.032ms
[15.167s][info][gc,marking  ] GC(41) Concurrent Cleanup for Next Mark
[15.170s][info][gc,marking  ] GC(41) Concurrent Cleanup for Next Mark 3.178ms
[15.171s][info][gc          ] GC(41) Concurrent Mark Cycle 433.055ms
[16.144s][info][gc,start    ] GC(42) Pause Young (Prepare Mixed) (G1 Evacuation Pause)
[16.144s][info][gc,task     ] GC(42) Using 10 workers of 10 for evacuation
[16.233s][info][gc,phases   ] GC(42)   Pre Evacuate Collection Set: 0.2ms
[16.233s][info][gc,phases   ] GC(42)   Merge Heap Roots: 1.5ms
[16.234s][info][gc,phases   ] GC(42)   Evacuate Collection Set: 86.3ms
[16.234s][info][gc,phases   ] GC(42)   Post Evacuate Collection Set: 0.9ms
[16.234s][info][gc,phases   ] GC(42)   Other: 0.1ms
[16.234s][info][gc,heap     ] GC(42) Eden regions: 613->0(681)
[16.234s][info][gc,heap     ] GC(42) Survivor regions: 45->54(83)
[16.234s][info][gc,heap     ] GC(42) Old regions: 470->482
[16.234s][info][gc,heap     ] GC(42) Humongous regions: 26->26
[16.234s][info][gc,metaspace] GC(42) Metaspace: 1814K(1984K)->1814K(1984K) NonClass: 1669K(1728K)->1669K(1728K) Class: 145K(256K)->145K(256K)
[16.234s][info][gc          ] GC(42) Pause Young (Prepare Mixed) (G1 Evacuation Pause) 2307M->1123M(2740M) 89.352ms
[16.234s][info][gc,cpu      ] GC(42) User=0.94s Sys=0.00s Real=0.09s
[17.598s][info][gc,start    ] GC(43) Pause Young (Mixed) (G1 Evacuation Pause)
[17.598s][info][gc,task     ] GC(43) Using 10 workers of 10 for evacuation
[17.683s][info][gc,phases   ] GC(43)   Pre Evacuate Collection Set: 0.3ms
[17.683s][info][gc,phases   ] GC(43)   Merge Heap Roots: 1.1ms
[17.683s][info][gc,phases   ] GC(43)   Evacuate Collection Set: 81.9ms
[17.683s][info][gc,phases   ] GC(43)   Post Evacuate Collection Set: 1.1ms
[17.683s][info][gc,phases   ] GC(43)   Other: 0.2ms
[17.683s][info][gc,heap     ] GC(43) Eden regions: 681->0(719)
[17.683s][info][gc,heap     ] GC(43) Survivor regions: 54->55(92)
[17.683s][info][gc,heap     ] GC(43) Old regions: 482->446
[17.683s][info][gc,heap     ] GC(43) Humongous regions: 26->26
[17.683s][info][gc,metaspace] GC(43) Metaspace: 1814K(1984K)->1814K(1984K) NonClass: 1669K(1728K)->1669K(1728K) Class: 145K(256K)->145K(256K)
[17.683s][info][gc          ] GC(43) Pause Young (Mixed) (G1 Evacuation Pause) 2485M->1051M(2740M) 84.765ms
[17.683s][info][gc,cpu      ] GC(43) User=0.78s Sys=0.00s Real=0.08s
[19.074s][info][gc,start    ] GC(44) Pause Young (Concurrent Start) (G1 Evacuation Pause)
[19.074s][info][gc,task     ] GC(44) Using 10 workers of 10 for evacuation
[19.158s][info][gc,phases   ] GC(44)   Pre Evacuate Collection Set: 0.3ms
[19.158s][info][gc,phases   ] GC(44)   Merge Heap Roots: 1.0ms
[19.158s][info][gc,phases   ] GC(44)   Evacuate Collection Set: 81.6ms
[19.158s][info][gc,phases   ] GC(44)   Post Evacuate Collection Set: 1.3ms
[19.158s][info][gc,phases   ] GC(44)   Other: 0.2ms
[19.158s][info][gc,heap     ] GC(44) Eden regions: 719->0(704)
[19.158s][info][gc,heap     ] GC(44) Survivor regions: 55->56(97)
[19.158s][info][gc,heap     ] GC(44) Old regions: 446->459
[19.158s][info][gc,heap     ] GC(44) Humongous regions: 26->26
[19.158s][info][gc,metaspace] GC(44) Metaspace: 1814K(1984K)->1814K(1984K) NonClass: 1669K(1728K)->1669K(1728K) Class: 145K(256K)->145K(256K)
[19.158s][info][gc          ] GC(44) Pause Young (Concurrent Start) (G1 Evacuation Pause) 2489M->1081M(2740M) 84.669ms
[19.159s][info][gc,cpu      ] GC(44) User=0.94s Sys=0.00s Real=0.09s
[19.159s][info][gc          ] GC(45) Concurrent Mark Cycle
[19.159s][info][gc,marking  ] GC(45) Concurrent Scan Root Regions
[19.210s][info][gc,marking  ] GC(45) Concurrent Scan Root Regions 51.891ms
[19.211s][info][gc,marking  ] GC(45) Concurrent Mark
[19.211s][info][gc,marking  ] GC(45) Concurrent Mark From Roots
[19.211s][info][gc,task     ] GC(45) Using 3 workers of 3 for marking
[19.428s][info][gc,marking  ] GC(45) Concurrent Mark From Roots 217.407ms
[19.428s][info][gc,marking  ] GC(45) Concurrent Preclean
[19.428s][info][gc,marking  ] GC(45) Concurrent Preclean 0.020ms
[19.428s][info][gc,start    ] GC(45) Pause Remark
[19.429s][info][gc          ] GC(45) Pause Remark 1244M->908M(2740M) 1.036ms
[19.429s][info][gc,cpu      ] GC(45) User=0.00s Sys=0.00s Real=0.00s
[19.429s][info][gc,marking  ] GC(45) Concurrent Mark 218.739ms
[19.429s][info][gc,marking  ] GC(45) Concurrent Rebuild Remembered Sets and Scrub Regions
[19.597s][info][gc,marking  ] GC(45) Concurrent Rebuild Remembered Sets and Scrub Regions 167.589ms
[19.597s][info][gc,start    ] GC(45) Pause Cleanup
[19.597s][info][gc          ] GC(45) Pause Cleanup 991M->991M(2740M) 0.341ms
[19.597s][info][gc,cpu      ] GC(45) User=0.00s Sys=0.00s Real=0.00s
[19.598s][info][gc,marking  ] GC(45) Concurrent Clear Claimed Marks
[19.598s][info][gc,marking  ] GC(45) Concurrent Clear Claimed Marks 0.031ms
[19.598s][info][gc,marking  ] GC(45) Concurrent Cleanup for Next Mark
[19.601s][info][gc,marking  ] GC(45) Concurrent Cleanup for Next Mark 3.216ms
[19.601s][info][gc          ] GC(45) Concurrent Mark Cycle 442.327ms
[20.213s][info][gc,heap,exit] Heap
[20.213s][info][gc,heap,exit]  garbage-first heap   total 2805760K, used 1029120K [0x0000000700000000, 0x0000000800000000)
[20.213s][info][gc,heap,exit]   region size 2048K, 154 young (315392K), 56 survivors (114688K)
[20.213s][info][gc,heap,exit]  Metaspace       used 2031K, committed 2176K, reserved 1114112K
[20.213s][info][gc,heap,exit]   class space    used 174K, committed 256K, reserved 1048576K
