[0.010s][info][gc,init] CardTable entry size: 512
[0.010s][info][gc     ] Using G1
[0.020s][info][gc,init] Version: 21.0.5+9-LTS-239 (release)
[0.020s][info][gc,init] CPUs: 12 total, 12 available
[0.020s][info][gc,init] Memory: 16190M
[0.020s][info][gc,init] Large Page Support: Disabled
[0.020s][info][gc,init] NUMA Support: Disabled
[0.020s][info][gc,init] Compressed Oops: Enabled (Zero based)
[0.020s][info][gc,init] Heap Region Size: 2M
[0.020s][info][gc,init] Heap Min Capacity: 2G
[0.020s][info][gc,init] Heap Initial Capacity: 2G
[0.020s][info][gc,init] Heap Max Capacity: 4G
[0.021s][info][gc,init] Pre-touch: Disabled
[0.021s][info][gc,init] Parallel Workers: 10
[0.021s][info][gc,init] Concurrent Workers: 3
[0.021s][info][gc,init] Concurrent Refinement Workers: 10
[0.021s][info][gc,init] Periodic GC: Disabled
[0.031s][info][gc,metaspace] CDS archive(s) mapped at: [0x000002121e000000-0x000002121ec90000-0x000002121ec90000), size 13172736, SharedBaseAddress: 0x000002121e000000, ArchiveRelocationMode: 1.
[0.031s][info][gc,metaspace] Compressed class space mapped at: 0x000002121f000000-0x000002125f000000, reserved size: 1073741824
[0.031s][info][gc,metaspace] Narrow klass base: 0x000002121e000000, Narrow klass shift: 0, Narrow klass range: 0x100000000
[0.466s][info][gc,start    ] GC(0) Pause Young (Normal) (G1 Evacuation Pause)
[0.468s][info][gc,task     ] GC(0) Using 10 workers of 10 for evacuation
[0.473s][info][gc,phases   ] GC(0)   Pre Evacuate Collection Set: 0.2ms
[0.473s][info][gc,phases   ] GC(0)   Merge Heap Roots: 0.1ms
[0.473s][info][gc,phases   ] GC(0)   Evacuate Collection Set: 4.1ms
[0.473s][info][gc,phases   ] GC(0)   Post Evacuate Collection Set: 0.4ms
[0.473s][info][gc,phases   ] GC(0)   Other: 1.4ms
[0.473s][info][gc,heap     ] GC(0) Eden regions: 51->0(45)
[0.473s][info][gc,heap     ] GC(0) Survivor regions: 0->6(7)
[0.473s][info][gc,heap     ] GC(0) Old regions: 0->0
[0.473s][info][gc,heap     ] GC(0) Humongous regions: 0->0
[0.473s][info][gc,metaspace] GC(0) Metaspace: 1695K(1792K)->1695K(1792K) NonClass: 1554K(1600K)->1554K(1600K) Class: 141K(192K)->141K(192K)
[0.473s][info][gc          ] GC(0) Pause Young (Normal) (G1 Evacuation Pause) 102M->11M(2048M) 6.507ms
[0.473s][info][gc,cpu      ] GC(0) User=0.00s Sys=0.00s Real=0.01s
[0.585s][info][gc,start    ] GC(1) Pause Young (Normal) (G1 Evacuation Pause)
[0.585s][info][gc,task     ] GC(1) Using 10 workers of 10 for evacuation
[0.591s][info][gc,phases   ] GC(1)   Pre Evacuate Collection Set: 0.2ms
[0.591s][info][gc,phases   ] GC(1)   Merge Heap Roots: 0.1ms
[0.591s][info][gc,phases   ] GC(1)   Evacuate Collection Set: 5.4ms
[0.591s][info][gc,phases   ] GC(1)   Post Evacuate Collection Set: 0.4ms
[0.591s][info][gc,phases   ] GC(1)   Other: 0.1ms
[0.591s][info][gc,heap     ] GC(1) Eden regions: 45->0(53)
[0.591s][info][gc,heap     ] GC(1) Survivor regions: 6->5(7)
[0.591s][info][gc,heap     ] GC(1) Old regions: 0->3
[0.591s][info][gc,heap     ] GC(1) Humongous regions: 0->0
[0.591s][info][gc,metaspace] GC(1) Metaspace: 1704K(1792K)->1704K(1792K) NonClass: 1563K(1600K)->1563K(1600K) Class: 141K(192K)->141K(192K)
[0.591s][info][gc          ] GC(1) Pause Young (Normal) (G1 Evacuation Pause) 101M->13M(2048M) 6.359ms
[0.591s][info][gc,cpu      ] GC(1) User=0.09s Sys=0.08s Real=0.01s
[0.719s][info][gc,start    ] GC(2) Pause Young (Normal) (G1 Evacuation Pause)
[0.719s][info][gc,task     ] GC(2) Using 10 workers of 10 for evacuation
[0.726s][info][gc,phases   ] GC(2)   Pre Evacuate Collection Set: 0.2ms
[0.726s][info][gc,phases   ] GC(2)   Merge Heap Roots: 0.1ms
[0.726s][info][gc,phases   ] GC(2)   Evacuate Collection Set: 6.4ms
[0.726s][info][gc,phases   ] GC(2)   Post Evacuate Collection Set: 0.3ms
[0.726s][info][gc,phases   ] GC(2)   Other: 0.1ms
[0.726s][info][gc,heap     ] GC(2) Eden regions: 53->0(74)
[0.726s][info][gc,heap     ] GC(2) Survivor regions: 5->8(8)
[0.726s][info][gc,heap     ] GC(2) Old regions: 3->4
[0.726s][info][gc,heap     ] GC(2) Humongous regions: 2->1
[0.726s][info][gc,metaspace] GC(2) Metaspace: 1713K(1792K)->1713K(1792K) NonClass: 1572K(1600K)->1572K(1600K) Class: 141K(192K)->141K(192K)
[0.726s][info][gc          ] GC(2) Pause Young (Normal) (G1 Evacuation Pause) 123M->25M(2048M) 7.421ms
[0.726s][info][gc,cpu      ] GC(2) User=0.00s Sys=0.00s Real=0.01s
[0.814s][info][gc,start    ] GC(3) Pause Young (Normal) (G1 Evacuation Pause)
[0.814s][info][gc,task     ] GC(3) Using 10 workers of 10 for evacuation
[0.822s][info][gc,phases   ] GC(3)   Pre Evacuate Collection Set: 0.1ms
[0.822s][info][gc,phases   ] GC(3)   Merge Heap Roots: 0.1ms
[0.822s][info][gc,phases   ] GC(3)   Evacuate Collection Set: 7.3ms
[0.822s][info][gc,phases   ] GC(3)   Post Evacuate Collection Set: 0.4ms
[0.822s][info][gc,phases   ] GC(3)   Other: 0.1ms
[0.822s][info][gc,heap     ] GC(3) Eden regions: 54->0(125)
[0.822s][info][gc,heap     ] GC(3) Survivor regions: 8->7(8)
[0.822s][info][gc,heap     ] GC(3) Old regions: 4->9
[0.822s][info][gc,heap     ] GC(3) Humongous regions: 1->1
[0.822s][info][gc,metaspace] GC(3) Metaspace: 1736K(1856K)->1736K(1856K) NonClass: 1595K(1664K)->1595K(1664K) Class: 141K(192K)->141K(192K)
[0.822s][info][gc          ] GC(3) Pause Young (Normal) (G1 Evacuation Pause) 133M->31M(2048M) 8.407ms
[0.822s][info][gc,cpu      ] GC(3) User=0.00s Sys=0.00s Real=0.01s
[0.950s][info][gc,start    ] GC(4) Pause Young (Normal) (G1 Evacuation Pause)
[0.950s][info][gc,task     ] GC(4) Using 10 workers of 10 for evacuation
[0.957s][info][gc,phases   ] GC(4)   Pre Evacuate Collection Set: 0.1ms
[0.957s][info][gc,phases   ] GC(4)   Merge Heap Roots: 0.2ms
[0.957s][info][gc,phases   ] GC(4)   Evacuate Collection Set: 6.0ms
[0.957s][info][gc,phases   ] GC(4)   Post Evacuate Collection Set: 0.3ms
[0.957s][info][gc,phases   ] GC(4)   Other: 0.1ms
[0.957s][info][gc,heap     ] GC(4) Eden regions: 65->0(206)
[0.957s][info][gc,heap     ] GC(4) Survivor regions: 7->6(9)
[0.957s][info][gc,heap     ] GC(4) Old regions: 9->11
[0.957s][info][gc,heap     ] GC(4) Humongous regions: 1->1
[0.957s][info][gc,metaspace] GC(4) Metaspace: 1771K(1920K)->1771K(1920K) NonClass: 1625K(1664K)->1625K(1664K) Class: 146K(256K)->146K(256K)
[0.957s][info][gc          ] GC(4) Pause Young (Normal) (G1 Evacuation Pause) 161M->34M(2048M) 7.003ms
[0.957s][info][gc,cpu      ] GC(4) User=0.00s Sys=0.00s Real=0.01s
[1.127s][info][gc,heap,exit] Heap
[1.127s][info][gc,heap,exit]  garbage-first heap   total 2097152K, used 110732K [0x0000000700000000, 0x0000000800000000)
[1.127s][info][gc,heap,exit]   region size 2048K, 41 young (83968K), 6 survivors (12288K)
[1.127s][info][gc,heap,exit]  Metaspace       used 1976K, committed 2112K, reserved 1114112K
[1.127s][info][gc,heap,exit]   class space    used 175K, committed 256K, reserved 1048576K
