[0.012s][info][gc,init] CardTable entry size: 512
[0.012s][info][gc     ] Using Parallel
[0.019s][info][gc,init] Version: 21.0.5+9-LTS-239 (release)
[0.019s][info][gc,init] CPUs: 12 total, 12 available
[0.019s][info][gc,init] Memory: 16190M
[0.019s][info][gc,init] Large Page Support: Disabled
[0.019s][info][gc,init] NUMA Support: Disabled
[0.019s][info][gc,init] Compressed Oops: Enabled (Zero based)
[0.019s][info][gc,init] Alignments: Space 512K, Generation 512K, Heap 2M
[0.019s][info][gc,init] Heap Min Capacity: 2G
[0.019s][info][gc,init] Heap Initial Capacity: 2G
[0.019s][info][gc,init] Heap Max Capacity: 4G
[0.019s][info][gc,init] Pre-touch: Disabled
[0.019s][info][gc,init] Parallel Workers: 10
[0.038s][info][gc,metaspace] CDS archive(s) mapped at: [0x00000180d3000000-0x00000180d3c90000-0x00000180d3c90000), size 13172736, SharedBaseAddress: 0x00000180d3000000, ArchiveRelocationMode: 1.
[0.038s][info][gc,metaspace] Compressed class space mapped at: 0x00000180d4000000-0x0000018114000000, reserved size: 1073741824
[0.038s][info][gc,metaspace] Narrow klass base: 0x00000180d3000000, Narrow klass shift: 0, Narrow klass range: 0x100000000
[0.895s][info][gc,start    ] GC(0) Pause Young (Allocation Failure)
[0.914s][info][gc,heap     ] GC(0) PSYoungGen: 524800K(611840K)->87032K(611840K) Eden: 524800K(524800K)->0K(524800K) From: 0K(87040K)->87032K(87040K)
[0.914s][info][gc,heap     ] GC(0) ParOldGen: 0K(1398272K)->8535K(1398272K)
[0.914s][info][gc,metaspace] GC(0) Metaspace: 1313K(1472K)->1313K(1472K) NonClass: 1216K(1280K)->1216K(1280K) Class: 97K(192K)->97K(192K)
[0.914s][info][gc          ] GC(0) Pause Young (Allocation Failure) 512M->93M(1963M) 18.818ms
[0.914s][info][gc,cpu      ] GC(0) User=0.03s Sys=0.12s Real=0.02s
[1.272s][info][gc,start    ] GC(1) Pause Young (Allocation Failure)
[1.304s][info][gc,heap     ] GC(1) PSYoungGen: 611832K(611840K)->87027K(1136640K) Eden: 524800K(524800K)->0K(1049600K) From: 87032K(87040K)->87027K(87040K)
[1.304s][info][gc,heap     ] GC(1) ParOldGen: 8535K(1398272K)->111249K(1398272K)
[1.304s][info][gc,metaspace] GC(1) Metaspace: 1314K(1472K)->1314K(1472K) NonClass: 1217K(1280K)->1217K(1280K) Class: 97K(192K)->97K(192K)
[1.304s][info][gc          ] GC(1) Pause Young (Allocation Failure) 605M->193M(2475M) 32.206ms
[1.304s][info][gc,cpu      ] GC(1) User=0.17s Sys=0.14s Real=0.03s
[2.145s][info][gc,start    ] GC(2) Pause Young (Allocation Failure)
[2.195s][info][gc,heap     ] GC(2) PSYoungGen: 1136627K(1136640K)->87033K(1136640K) Eden: 1049600K(1049600K)->0K(1049600K) From: 87027K(87040K)->87033K(87040K)
[2.195s][info][gc,heap     ] GC(2) ParOldGen: 111249K(1398272K)->288858K(1398272K)
[2.195s][info][gc,metaspace] GC(2) Metaspace: 1625K(1856K)->1625K(1856K) NonClass: 1471K(1600K)->1471K(1600K) Class: 154K(256K)->154K(256K)
[2.195s][info][gc          ] GC(2) Pause Young (Allocation Failure) 1218M->367M(2475M) 50.648ms
[2.195s][info][gc,cpu      ] GC(2) User=0.16s Sys=0.31s Real=0.05s
[2.906s][info][gc,start    ] GC(3) Pause Young (Allocation Failure)
[2.952s][info][gc,heap     ] GC(3) PSYoungGen: 1136633K(1136640K)->87028K(1310720K) Eden: 1049600K(1049600K)->0K(1223680K) From: 87033K(87040K)->87028K(87040K)
[2.952s][info][gc,heap     ] GC(3) ParOldGen: 288858K(1398272K)->337770K(1398272K)
[2.952s][info][gc,metaspace] GC(3) Metaspace: 1654K(1856K)->1654K(1856K) NonClass: 1499K(1600K)->1499K(1600K) Class: 155K(256K)->155K(256K)
[2.952s][info][gc          ] GC(3) Pause Young (Allocation Failure) 1392M->414M(2645M) 46.482ms
[2.952s][info][gc,cpu      ] GC(3) User=0.16s Sys=0.31s Real=0.05s
[3.771s][info][gc,start    ] GC(4) Pause Young (Allocation Failure)
[3.824s][info][gc,heap     ] GC(4) PSYoungGen: 1310708K(1310720K)->87030K(1310720K) Eden: 1223680K(1223680K)->0K(1223680K) From: 87028K(87040K)->87030K(87040K)
[3.824s][info][gc,heap     ] GC(4) ParOldGen: 337770K(1398272K)->386128K(1398272K)
[3.824s][info][gc,metaspace] GC(4) Metaspace: 1654K(1856K)->1654K(1856K) NonClass: 1499K(1600K)->1499K(1600K) Class: 155K(256K)->155K(256K)
[3.824s][info][gc          ] GC(4) Pause Young (Allocation Failure) 1609M->462M(2645M) 52.868ms
[3.824s][info][gc,cpu      ] GC(4) User=0.55s Sys=0.08s Real=0.05s
[4.918s][info][gc,heap,exit] Heap
[4.918s][info][gc,heap,exit]  PSYoungGen      total 1310720K, used 1161007K [0x00000007aab00000, 0x0000000800000000, 0x0000000800000000)
[4.918s][info][gc,heap,exit]   eden space 1223680K, 87% used [0x00000007aab00000,0x00000007ec3ce260,0x00000007f5600000)
[4.918s][info][gc,heap,exit]   from space 87040K, 99% used [0x00000007f5600000,0x00000007faafda10,0x00000007fab00000)
[4.918s][info][gc,heap,exit]   to   space 87040K, 0% used [0x00000007fab00000,0x00000007fab00000,0x0000000800000000)
[4.918s][info][gc,heap,exit]  ParOldGen       total 1398272K, used 386128K [0x0000000700000000, 0x0000000755580000, 0x00000007aab00000)
[4.918s][info][gc,heap,exit]   object space 1398272K, 27% used [0x0000000700000000,0x0000000717914000,0x0000000755580000)
[4.919s][info][gc,heap,exit]  Metaspace       used 1814K, committed 1984K, reserved 1114112K
[4.919s][info][gc,heap,exit]   class space    used 173K, committed 256K, reserved 1048576K
