[0.010s][info][gc,init] CardTable entry size: 512
[0.010s][info][gc     ] Using Parallel
[0.017s][info][gc,init] Version: 21.0.5+9-LTS-239 (release)
[0.017s][info][gc,init] CPUs: 12 total, 12 available
[0.017s][info][gc,init] Memory: 16190M
[0.017s][info][gc,init] Large Page Support: Disabled
[0.017s][info][gc,init] NUMA Support: Disabled
[0.017s][info][gc,init] Compressed Oops: Enabled (Zero based)
[0.017s][info][gc,init] Alignments: Space 512K, Generation 512K, Heap 2M
[0.017s][info][gc,init] Heap Min Capacity: 2G
[0.017s][info][gc,init] Heap Initial Capacity: 2G
[0.017s][info][gc,init] Heap Max Capacity: 4G
[0.017s][info][gc,init] Pre-touch: Disabled
[0.017s][info][gc,init] Parallel Workers: 10
[0.025s][info][gc,metaspace] CDS archive(s) mapped at: [0x0000020db8000000-0x0000020db8c90000-0x0000020db8c90000), size 13172736, SharedBaseAddress: 0x0000020db8000000, ArchiveRelocationMode: 1.
[0.025s][info][gc,metaspace] Compressed class space mapped at: 0x0000020db9000000-0x0000020df9000000, reserved size: 1073741824
[0.025s][info][gc,metaspace] Narrow klass base: 0x0000020db8000000, Narrow klass shift: 0, Narrow klass range: 0x100000000
[0.806s][info][gc,start    ] GC(0) Pause Young (Allocation Failure)
[0.825s][info][gc,heap     ] GC(0) PSYoungGen: 524800K(611840K)->87030K(611840K) Eden: 524800K(524800K)->0K(524800K) From: 0K(87040K)->87030K(87040K)
[0.825s][info][gc,heap     ] GC(0) ParOldGen: 0K(1398272K)->8424K(1398272K)
[0.825s][info][gc,metaspace] GC(0) Metaspace: 1319K(1472K)->1319K(1472K) NonClass: 1222K(1280K)->1222K(1280K) Class: 97K(192K)->97K(192K)
[0.825s][info][gc          ] GC(0) Pause Young (Allocation Failure) 512M->93M(1963M) 18.748ms
[0.825s][info][gc,cpu      ] GC(0) User=0.16s Sys=0.02s Real=0.02s
[1.170s][info][gc,start    ] GC(1) Pause Young (Allocation Failure)
[1.201s][info][gc,heap     ] GC(1) PSYoungGen: 611830K(611840K)->87029K(1136640K) Eden: 524800K(524800K)->0K(1049600K) From: 87030K(87040K)->87029K(87040K)
[1.201s][info][gc,heap     ] GC(1) ParOldGen: 8424K(1398272K)->110988K(1398272K)
[1.201s][info][gc,metaspace] GC(1) Metaspace: 1321K(1472K)->1321K(1472K) NonClass: 1223K(1280K)->1223K(1280K) Class: 97K(192K)->97K(192K)
[1.201s][info][gc          ] GC(1) Pause Young (Allocation Failure) 605M->193M(2475M) 31.827ms
[1.201s][info][gc,cpu      ] GC(1) User=0.05s Sys=0.27s Real=0.03s
[2.219s][info][gc,start    ] GC(2) Pause Young (Allocation Failure)
[2.269s][info][gc,heap     ] GC(2) PSYoungGen: 1136629K(1136640K)->87035K(1136640K) Eden: 1049600K(1049600K)->0K(1049600K) From: 87029K(87040K)->87035K(87040K)
[2.269s][info][gc,heap     ] GC(2) ParOldGen: 110988K(1398272K)->291063K(1398272K)
[2.269s][info][gc,metaspace] GC(2) Metaspace: 1567K(1664K)->1567K(1664K) NonClass: 1438K(1472K)->1438K(1472K) Class: 129K(192K)->129K(192K)
[2.269s][info][gc          ] GC(2) Pause Young (Allocation Failure) 1218M->369M(2475M) 49.742ms
[2.269s][info][gc,cpu      ] GC(2) User=0.05s Sys=0.42s Real=0.05s
[4.028s][info][gc,start    ] GC(3) Pause Young (Allocation Failure)
[4.074s][info][gc,heap     ] GC(3) PSYoungGen: 1136635K(1136640K)->87034K(1310720K) Eden: 1049600K(1049600K)->0K(1223680K) From: 87035K(87040K)->87034K(87040K)
[4.074s][info][gc,heap     ] GC(3) ParOldGen: 291063K(1398272K)->334665K(1398272K)
[4.074s][info][gc,metaspace] GC(3) Metaspace: 1577K(1664K)->1577K(1664K) NonClass: 1448K(1472K)->1448K(1472K) Class: 129K(192K)->129K(192K)
[4.074s][info][gc          ] GC(3) Pause Young (Allocation Failure) 1394M->411M(2645M) 45.556ms
[4.074s][info][gc,cpu      ] GC(3) User=0.12s Sys=0.19s Real=0.05s
[6.155s][info][gc,start    ] GC(4) Pause Young (Allocation Failure)
[6.208s][info][gc,heap     ] GC(4) PSYoungGen: 1310714K(1310720K)->87034K(1310720K) Eden: 1223680K(1223680K)->0K(1223680K) From: 87034K(87040K)->87034K(87040K)
[6.208s][info][gc,heap     ] GC(4) ParOldGen: 334665K(1398272K)->378853K(1398272K)
[6.208s][info][gc,metaspace] GC(4) Metaspace: 1577K(1664K)->1577K(1664K) NonClass: 1448K(1472K)->1448K(1472K) Class: 129K(192K)->129K(192K)
[6.208s][info][gc          ] GC(4) Pause Young (Allocation Failure) 1606M->454M(2645M) 52.580ms
[6.208s][info][gc,cpu      ] GC(4) User=0.33s Sys=0.14s Real=0.05s
[8.180s][info][gc,heap,exit] Heap
[8.180s][info][gc,heap,exit]  PSYoungGen      total 1310720K, used 1077310K [0x00000007aab00000, 0x0000000800000000, 0x0000000800000000)
[8.181s][info][gc,heap,exit]   eden space 1223680K, 80% used [0x00000007aab00000,0x00000007e72112b8,0x00000007f5600000)
[8.181s][info][gc,heap,exit]   from space 87040K, 99% used [0x00000007f5600000,0x00000007faafe890,0x00000007fab00000)
[8.181s][info][gc,heap,exit]   to   space 87040K, 0% used [0x00000007fab00000,0x00000007fab00000,0x0000000800000000)
[8.181s][info][gc,heap,exit]  ParOldGen       total 1398272K, used 378853K [0x0000000700000000, 0x0000000755580000, 0x00000007aab00000)
[8.181s][info][gc,heap,exit]   object space 1398272K, 27% used [0x0000000700000000,0x00000007171f95c8,0x0000000755580000)
[8.181s][info][gc,heap,exit]  Metaspace       used 1727K, committed 1856K, reserved 1114112K
[8.181s][info][gc,heap,exit]   class space    used 147K, committed 192K, reserved 1048576K
