[0.010s][info][gc,init] CardTable entry size: 512
[0.010s][info][gc     ] Using Parallel
[0.016s][info][gc,init] Version: 21.0.5+9-LTS-239 (release)
[0.016s][info][gc,init] CPUs: 12 total, 12 available
[0.016s][info][gc,init] Memory: 16190M
[0.016s][info][gc,init] Large Page Support: Disabled
[0.016s][info][gc,init] NUMA Support: Disabled
[0.016s][info][gc,init] Compressed Oops: Enabled (Zero based)
[0.016s][info][gc,init] Alignments: Space 512K, Generation 512K, Heap 2M
[0.016s][info][gc,init] Heap Min Capacity: 2G
[0.016s][info][gc,init] Heap Initial Capacity: 2G
[0.016s][info][gc,init] Heap Max Capacity: 4G
[0.016s][info][gc,init] Pre-touch: Disabled
[0.016s][info][gc,init] Parallel Workers: 10
[0.026s][info][gc,metaspace] CDS archive(s) mapped at: [0x000001bcc8000000-0x000001bcc8c90000-0x000001bcc8c90000), size 13172736, SharedBaseAddress: 0x000001bcc8000000, ArchiveRelocationMode: 1.
[0.026s][info][gc,metaspace] Compressed class space mapped at: 0x000001bcc9000000-0x000001bd09000000, reserved size: 1073741824
[0.026s][info][gc,metaspace] Narrow klass base: 0x000001bcc8000000, Narrow klass shift: 0, Narrow klass range: 0x100000000
[0.809s][info][gc,start    ] GC(0) Pause Young (Allocation Failure)
[0.827s][info][gc,heap     ] GC(0) PSYoungGen: 524800K(611840K)->87030K(611840K) Eden: 524800K(524800K)->0K(524800K) From: 0K(87040K)->87030K(87040K)
[0.827s][info][gc,heap     ] GC(0) ParOldGen: 0K(1398272K)->8572K(1398272K)
[0.827s][info][gc,metaspace] GC(0) Metaspace: 1314K(1472K)->1314K(1472K) NonClass: 1216K(1280K)->1216K(1280K) Class: 97K(192K)->97K(192K)
[0.827s][info][gc          ] GC(0) Pause Young (Allocation Failure) 512M->93M(1963M) 17.861ms
[0.827s][info][gc,cpu      ] GC(0) User=0.08s Sys=0.08s Real=0.02s
[1.172s][info][gc,start    ] GC(1) Pause Young (Allocation Failure)
[1.205s][info][gc,heap     ] GC(1) PSYoungGen: 611830K(611840K)->87027K(1136640K) Eden: 524800K(524800K)->0K(1049600K) From: 87030K(87040K)->87027K(87040K)
[1.205s][info][gc,heap     ] GC(1) ParOldGen: 8572K(1398272K)->111235K(1398272K)
[1.205s][info][gc,metaspace] GC(1) Metaspace: 1315K(1472K)->1315K(1472K) NonClass: 1218K(1280K)->1218K(1280K) Class: 97K(192K)->97K(192K)
[1.205s][info][gc          ] GC(1) Pause Young (Allocation Failure) 605M->193M(2475M) 32.814ms
[1.205s][info][gc,cpu      ] GC(1) User=0.20s Sys=0.11s Real=0.03s
[1.935s][info][gc,start    ] GC(2) Pause Young (Allocation Failure)
[1.987s][info][gc,heap     ] GC(2) PSYoungGen: 1136627K(1136640K)->87023K(1136640K) Eden: 1049600K(1049600K)->0K(1049600K) From: 87027K(87040K)->87023K(87040K)
[1.987s][info][gc,heap     ] GC(2) ParOldGen: 111235K(1398272K)->317211K(1398272K)
[1.987s][info][gc,metaspace] GC(2) Metaspace: 1315K(1472K)->1315K(1472K) NonClass: 1218K(1280K)->1218K(1280K) Class: 97K(192K)->97K(192K)
[1.987s][info][gc          ] GC(2) Pause Young (Allocation Failure) 1218M->394M(2475M) 51.971ms
[1.987s][info][gc,cpu      ] GC(2) User=0.09s Sys=0.38s Real=0.05s
[2.621s][info][gc,start    ] GC(3) Pause Young (Allocation Failure)
[2.672s][info][gc,heap     ] GC(3) PSYoungGen: 1136623K(1136640K)->87038K(1310720K) Eden: 1049600K(1049600K)->0K(1223680K) From: 87023K(87040K)->87038K(87040K)
[2.672s][info][gc,heap     ] GC(3) ParOldGen: 317211K(1398272K)->523288K(1398272K)
[2.672s][info][gc,metaspace] GC(3) Metaspace: 1315K(1472K)->1315K(1472K) NonClass: 1218K(1280K)->1218K(1280K) Class: 97K(192K)->97K(192K)
[2.672s][info][gc          ] GC(3) Pause Young (Allocation Failure) 1419M->596M(2645M) 51.060ms
[2.672s][info][gc,cpu      ] GC(3) User=0.06s Sys=0.41s Real=0.05s
[3.576s][info][gc,start    ] GC(4) Pause Young (Allocation Failure)
[3.630s][info][gc,heap     ] GC(4) PSYoungGen: 1310718K(1310720K)->87025K(1310720K) Eden: 1223680K(1223680K)->0K(1223680K) From: 87038K(87040K)->87025K(87040K)
[3.630s][info][gc,heap     ] GC(4) ParOldGen: 523288K(1398272K)->675157K(1398272K)
[3.630s][info][gc,metaspace] GC(4) Metaspace: 1635K(1856K)->1635K(1856K) NonClass: 1481K(1600K)->1481K(1600K) Class: 154K(256K)->154K(256K)
[3.630s][info][gc          ] GC(4) Pause Young (Allocation Failure) 1791M->744M(2645M) 54.240ms
[3.630s][info][gc,cpu      ] GC(4) User=0.31s Sys=0.31s Real=0.05s
[4.391s][info][gc,start    ] GC(5) Pause Young (Allocation Failure)
[4.431s][info][gc,heap     ] GC(5) PSYoungGen: 1310705K(1310720K)->87032K(754688K) Eden: 1223680K(1223680K)->0K(667648K) From: 87025K(87040K)->87032K(87040K)
[4.431s][info][gc,heap     ] GC(5) ParOldGen: 675157K(1398272K)->717982K(1398272K)
[4.431s][info][gc,metaspace] GC(5) Metaspace: 1635K(1856K)->1635K(1856K) NonClass: 1481K(1600K)->1481K(1600K) Class: 154K(256K)->154K(256K)
[4.431s][info][gc          ] GC(5) Pause Young (Allocation Failure) 1939M->786M(2102M) 40.157ms
[4.431s][info][gc,cpu      ] GC(5) User=0.34s Sys=0.12s Real=0.04s
[4.882s][info][gc,start    ] GC(6) Pause Young (Allocation Failure)
[4.916s][info][gc,heap     ] GC(6) PSYoungGen: 754680K(754688K)->112962K(1032704K) Eden: 667648K(667648K)->0K(667648K) From: 87032K(87040K)->112962K(365056K)
[4.916s][info][gc,heap     ] GC(6) ParOldGen: 717982K(1398272K)->718767K(1398272K)
[4.916s][info][gc,metaspace] GC(6) Metaspace: 1656K(1856K)->1656K(1856K) NonClass: 1501K(1600K)->1501K(1600K) Class: 155K(256K)->155K(256K)
[4.916s][info][gc          ] GC(6) Pause Young (Allocation Failure) 1438M->812M(2374M) 34.162ms
[4.916s][info][gc,cpu      ] GC(6) User=0.30s Sys=0.02s Real=0.03s
[5.360s][info][gc,start    ] GC(7) Pause Young (Allocation Failure)
[5.403s][info][gc,heap     ] GC(7) PSYoungGen: 780610K(1032704K)->139034K(1012224K) Eden: 667648K(667648K)->0K(668672K) From: 112962K(365056K)->139034K(343552K)
[5.403s][info][gc,heap     ] GC(7) ParOldGen: 718767K(1398272K)->718866K(1398272K)
[5.403s][info][gc,metaspace] GC(7) Metaspace: 1656K(1856K)->1656K(1856K) NonClass: 1501K(1600K)->1501K(1600K) Class: 155K(256K)->155K(256K)
[5.403s][info][gc          ] GC(7) Pause Young (Allocation Failure) 1464M->837M(2354M) 43.016ms
[5.403s][info][gc,cpu      ] GC(7) User=0.45s Sys=0.02s Real=0.04s
[5.838s][info][gc,start    ] GC(8) Pause Young (Allocation Failure)
[5.890s][info][gc,heap     ] GC(8) PSYoungGen: 807706K(1012224K)->65216K(1022976K) Eden: 668672K(668672K)->0K(668672K) From: 139034K(343552K)->65216K(354304K)
[5.890s][info][gc,heap     ] GC(8) ParOldGen: 718866K(1398272K)->800905K(1398272K)
[5.890s][info][gc,metaspace] GC(8) Metaspace: 1656K(1856K)->1656K(1856K) NonClass: 1501K(1600K)->1501K(1600K) Class: 155K(256K)->155K(256K)
[5.890s][info][gc          ] GC(8) Pause Young (Allocation Failure) 1490M->845M(2364M) 52.415ms
[5.890s][info][gc,cpu      ] GC(8) User=0.41s Sys=0.06s Real=0.05s
[6.334s][info][gc,start    ] GC(9) Pause Young (Allocation Failure)
[6.382s][info][gc,heap     ] GC(9) PSYoungGen: 733888K(1022976K)->32416K(1028096K) Eden: 668672K(668672K)->0K(669696K) From: 65216K(354304K)->32416K(358400K)
[6.382s][info][gc,heap     ] GC(9) ParOldGen: 800905K(1398272K)->849657K(1398272K)
[6.382s][info][gc,metaspace] GC(9) Metaspace: 1656K(1856K)->1656K(1856K) NonClass: 1501K(1600K)->1501K(1600K) Class: 155K(256K)->155K(256K)
[6.382s][info][gc          ] GC(9) Pause Young (Allocation Failure) 1498M->861M(2369M) 48.236ms
[6.382s][info][gc,cpu      ] GC(9) User=0.27s Sys=0.17s Real=0.05s
[6.824s][info][gc,start    ] GC(10) Pause Young (Allocation Failure)
[6.853s][info][gc,heap     ] GC(10) PSYoungGen: 702112K(1028096K)->16768K(686592K) Eden: 669696K(669696K)->0K(669696K) From: 32416K(358400K)->16768K(16896K)
[6.853s][info][gc,heap     ] GC(10) ParOldGen: 849657K(1398272K)->882033K(1398272K)
[6.853s][info][gc,metaspace] GC(10) Metaspace: 1656K(1856K)->1656K(1856K) NonClass: 1501K(1600K)->1501K(1600K) Class: 155K(256K)->155K(256K)
[6.853s][info][gc          ] GC(10) Pause Young (Allocation Failure) 1515M->877M(2036M) 29.601ms
[6.853s][info][gc,cpu      ] GC(10) User=0.31s Sys=0.00s Real=0.03s
[7.309s][info][gc,start    ] GC(11) Pause Young (Allocation Failure)
[7.362s][info][gc,heap     ] GC(11) PSYoungGen: 686464K(686592K)->154464K(1048576K) Eden: 669696K(669696K)->0K(680448K) From: 16768K(16896K)->154464K(368128K)
[7.363s][info][gc,heap     ] GC(11) ParOldGen: 882033K(1398272K)->898673K(1398272K)
[7.363s][info][gc,metaspace] GC(11) Metaspace: 1657K(1856K)->1657K(1856K) NonClass: 1501K(1600K)->1501K(1600K) Class: 155K(256K)->155K(256K)
[7.363s][info][gc          ] GC(11) Pause Young (Allocation Failure) 1531M->1028M(2389M) 53.496ms
[7.363s][info][gc,cpu      ] GC(11) User=0.38s Sys=0.09s Real=0.05s
[7.818s][info][gc,start    ] GC(12) Pause Young (Allocation Failure)
[7.869s][info][gc,heap     ] GC(12) PSYoungGen: 834912K(1048576K)->14848K(1029632K) Eden: 680448K(680448K)->0K(680448K) From: 154464K(368128K)->14848K(349184K)
[7.869s][info][gc,heap     ] GC(12) ParOldGen: 898673K(1398272K)->1053065K(1398272K)
[7.869s][info][gc,metaspace] GC(12) Metaspace: 1657K(1856K)->1657K(1856K) NonClass: 1502K(1600K)->1502K(1600K) Class: 155K(256K)->155K(256K)
[7.869s][info][gc          ] GC(12) Pause Young (Allocation Failure) 1692M->1042M(2371M) 51.431ms
[7.869s][info][gc,cpu      ] GC(12) User=0.47s Sys=0.00s Real=0.05s
[8.699s][info][gc,heap,exit] Heap
[8.699s][info][gc,heap,exit]  PSYoungGen      total 1029632K, used 477955K [0x00000007aab00000, 0x00000007ff180000, 0x0000000800000000)
[8.699s][info][gc,heap,exit]   eden space 680448K, 68% used [0x00000007aab00000,0x00000007c6f40cc8,0x00000007d4380000)
[8.699s][info][gc,heap,exit]   from space 349184K, 4% used [0x00000007d4380000,0x00000007d5200000,0x00000007e9880000)
[8.699s][info][gc,heap,exit]   to   space 351232K, 0% used [0x00000007e9a80000,0x00000007e9a80000,0x00000007ff180000)
[8.699s][info][gc,heap,exit]  ParOldGen       total 1398272K, used 1053065K [0x0000000700000000, 0x0000000755580000, 0x00000007aab00000)
[8.699s][info][gc,heap,exit]   object space 1398272K, 75% used [0x0000000700000000,0x00000007404626c8,0x0000000755580000)
[8.699s][info][gc,heap,exit]  Metaspace       used 1815K, committed 1984K, reserved 1114112K
[8.699s][info][gc,heap,exit]   class space    used 173K, committed 256K, reserved 1048576K
