[0.010s][info][gc,init] CardTable entry size: 512
[0.010s][info][gc     ] Using Parallel
[0.017s][info][gc,init] Version: 21.0.5+9-LTS-239 (release)
[0.017s][info][gc,init] CPUs: 12 total, 12 available
[0.017s][info][gc,init] Memory: 16190M
[0.017s][info][gc,init] Large Page Support: Disabled
[0.017s][info][gc,init] NUMA Support: Disabled
[0.017s][info][gc,init] Compressed Oops: Enabled (Zero based)
[0.017s][info][gc,init] Alignments: Space 512K, Generation 512K, Heap 2M
[0.017s][info][gc,init] Heap Min Capacity: 2G
[0.017s][info][gc,init] Heap Initial Capacity: 2G
[0.017s][info][gc,init] Heap Max Capacity: 4G
[0.017s][info][gc,init] Pre-touch: Disabled
[0.017s][info][gc,init] Parallel Workers: 10
[0.026s][info][gc,metaspace] CDS archive(s) mapped at: [0x0000014988000000-0x0000014988c90000-0x0000014988c90000), size 13172736, SharedBaseAddress: 0x0000014988000000, ArchiveRelocationMode: 1.
[0.026s][info][gc,metaspace] Compressed class space mapped at: 0x0000014989000000-0x00000149c9000000, reserved size: 1073741824
[0.026s][info][gc,metaspace] Narrow klass base: 0x0000014988000000, Narrow klass shift: 0, Narrow klass range: 0x100000000
[0.817s][info][gc,start    ] GC(0) Pause Young (Allocation Failure)
[0.835s][info][gc,heap     ] GC(0) PSYoungGen: 524800K(611840K)->87026K(611840K) Eden: 524800K(524800K)->0K(524800K) From: 0K(87040K)->87026K(87040K)
[0.835s][info][gc,heap     ] GC(0) ParOldGen: 0K(1398272K)->8592K(1398272K)
[0.835s][info][gc,metaspace] GC(0) Metaspace: 1312K(1472K)->1312K(1472K) NonClass: 1215K(1280K)->1215K(1280K) Class: 97K(192K)->97K(192K)
[0.835s][info][gc          ] GC(0) Pause Young (Allocation Failure) 512M->93M(1963M) 18.088ms
[0.835s][info][gc,cpu      ] GC(0) User=0.09s Sys=0.06s Real=0.02s
[1.175s][info][gc,start    ] GC(1) Pause Young (Allocation Failure)
[1.206s][info][gc,heap     ] GC(1) PSYoungGen: 611826K(611840K)->87029K(1136640K) Eden: 524800K(524800K)->0K(1049600K) From: 87026K(87040K)->87029K(87040K)
[1.206s][info][gc,heap     ] GC(1) ParOldGen: 8592K(1398272K)->109154K(1398272K)
[1.206s][info][gc,metaspace] GC(1) Metaspace: 1313K(1472K)->1313K(1472K) NonClass: 1216K(1280K)->1216K(1280K) Class: 97K(192K)->97K(192K)
[1.206s][info][gc          ] GC(1) Pause Young (Allocation Failure) 605M->191M(2475M) 30.846ms
[1.206s][info][gc,cpu      ] GC(1) User=0.14s Sys=0.17s Real=0.03s
[1.960s][info][gc,start    ] GC(2) Pause Young (Allocation Failure)
[2.011s][info][gc,heap     ] GC(2) PSYoungGen: 1136629K(1136640K)->87033K(1136640K) Eden: 1049600K(1049600K)->0K(1049600K) From: 87029K(87040K)->87033K(87040K)
[2.011s][info][gc,heap     ] GC(2) ParOldGen: 109154K(1398272K)->315121K(1398272K)
[2.011s][info][gc,metaspace] GC(2) Metaspace: 1313K(1472K)->1313K(1472K) NonClass: 1216K(1280K)->1216K(1280K) Class: 97K(192K)->97K(192K)
[2.011s][info][gc          ] GC(2) Pause Young (Allocation Failure) 1216M->392M(2475M) 51.119ms
[2.011s][info][gc,cpu      ] GC(2) User=0.17s Sys=0.45s Real=0.05s
[2.657s][info][gc,start    ] GC(3) Pause Young (Allocation Failure)
[2.707s][info][gc,heap     ] GC(3) PSYoungGen: 1136633K(1136640K)->87030K(1310720K) Eden: 1049600K(1049600K)->0K(1223680K) From: 87033K(87040K)->87030K(87040K)
[2.707s][info][gc,heap     ] GC(3) ParOldGen: 315121K(1398272K)->521510K(1398272K)
[2.707s][info][gc,metaspace] GC(3) Metaspace: 1313K(1472K)->1313K(1472K) NonClass: 1216K(1280K)->1216K(1280K) Class: 97K(192K)->97K(192K)
[2.707s][info][gc          ] GC(3) Pause Young (Allocation Failure) 1417M->594M(2645M) 50.208ms
[2.707s][info][gc,cpu      ] GC(3) User=0.17s Sys=0.30s Real=0.05s
[3.892s][info][gc,start    ] GC(4) Pause Young (Allocation Failure)
[3.945s][info][gc,heap     ] GC(4) PSYoungGen: 1310710K(1310720K)->87030K(1310720K) Eden: 1223680K(1223680K)->0K(1223680K) From: 87030K(87040K)->87030K(87040K)
[3.945s][info][gc,heap     ] GC(4) ParOldGen: 521510K(1398272K)->675517K(1398272K)
[3.945s][info][gc,metaspace] GC(4) Metaspace: 1540K(1664K)->1540K(1664K) NonClass: 1413K(1472K)->1413K(1472K) Class: 126K(192K)->126K(192K)
[3.945s][info][gc          ] GC(4) Pause Young (Allocation Failure) 1789M->744M(2645M) 53.269ms
[3.945s][info][gc,cpu      ] GC(4) User=0.17s Sys=0.39s Real=0.05s
[5.218s][info][gc,start    ] GC(5) Pause Young (Allocation Failure)
[5.261s][info][gc,heap     ] GC(5) PSYoungGen: 1310710K(1310720K)->87036K(753664K) Eden: 1223680K(1223680K)->0K(666624K) From: 87030K(87040K)->87036K(87040K)
[5.261s][info][gc,heap     ] GC(5) ParOldGen: 675517K(1398272K)->722841K(1398272K)
[5.261s][info][gc,metaspace] GC(5) Metaspace: 1540K(1664K)->1540K(1664K) NonClass: 1413K(1472K)->1413K(1472K) Class: 126K(192K)->126K(192K)
[5.261s][info][gc          ] GC(5) Pause Young (Allocation Failure) 1939M->790M(2101M) 43.079ms
[5.261s][info][gc,cpu      ] GC(5) User=0.42s Sys=0.05s Real=0.04s
[6.004s][info][gc,start    ] GC(6) Pause Young (Allocation Failure)
[6.038s][info][gc,heap     ] GC(6) PSYoungGen: 753660K(753664K)->109778K(1032192K) Eden: 666624K(666624K)->0K(666624K) From: 87036K(87040K)->109778K(365568K)
[6.038s][info][gc,heap     ] GC(6) ParOldGen: 722841K(1398272K)->723617K(1398272K)
[6.038s][info][gc,metaspace] GC(6) Metaspace: 1540K(1664K)->1540K(1664K) NonClass: 1413K(1472K)->1413K(1472K) Class: 126K(192K)->126K(192K)
[6.038s][info][gc          ] GC(6) Pause Young (Allocation Failure) 1441M->813M(2373M) 33.253ms
[6.038s][info][gc,cpu      ] GC(6) User=0.28s Sys=0.03s Real=0.03s
[6.739s][info][gc,start    ] GC(7) Pause Young (Allocation Failure)
[6.778s][info][gc,heap     ] GC(7) PSYoungGen: 776402K(1032192K)->128084K(1016320K) Eden: 666624K(666624K)->0K(667136K) From: 109778K(365568K)->128084K(349184K)
[6.778s][info][gc,heap     ] GC(7) ParOldGen: 723617K(1398272K)->723633K(1398272K)
[6.778s][info][gc,metaspace] GC(7) Metaspace: 1540K(1664K)->1540K(1664K) NonClass: 1413K(1472K)->1413K(1472K) Class: 126K(192K)->126K(192K)
[6.778s][info][gc          ] GC(7) Pause Young (Allocation Failure) 1464M->831M(2358M) 39.413ms
[6.778s][info][gc,cpu      ] GC(7) User=0.47s Sys=0.00s Real=0.04s
[7.494s][info][gc,start    ] GC(8) Pause Young (Allocation Failure)
[7.542s][info][gc,heap     ] GC(8) PSYoungGen: 795220K(1016320K)->66336K(1024512K) Eden: 667136K(667136K)->0K(667136K) From: 128084K(349184K)->66336K(357376K)
[7.542s][info][gc,heap     ] GC(8) ParOldGen: 723633K(1398272K)->801689K(1398272K)
[7.542s][info][gc,metaspace] GC(8) Metaspace: 1559K(1664K)->1559K(1664K) NonClass: 1431K(1472K)->1431K(1472K) Class: 128K(192K)->128K(192K)
[7.542s][info][gc          ] GC(8) Pause Young (Allocation Failure) 1483M->847M(2366M) 48.143ms
[7.542s][info][gc,cpu      ] GC(8) User=0.42s Sys=0.05s Real=0.05s
[8.247s][info][gc,start    ] GC(9) Pause Young (Allocation Failure)
[8.294s][info][gc,heap     ] GC(9) PSYoungGen: 733472K(1024512K)->32512K(1026560K) Eden: 667136K(667136K)->0K(665600K) From: 66336K(357376K)->32512K(360960K)
[8.294s][info][gc,heap     ] GC(9) ParOldGen: 801689K(1398272K)->859857K(1398272K)
[8.294s][info][gc,metaspace] GC(9) Metaspace: 1561K(1664K)->1561K(1664K) NonClass: 1433K(1472K)->1433K(1472K) Class: 128K(192K)->128K(192K)
[8.295s][info][gc          ] GC(9) Pause Young (Allocation Failure) 1499M->871M(2368M) 47.482ms
[8.295s][info][gc,cpu      ] GC(9) User=0.42s Sys=0.03s Real=0.05s
[9.004s][info][gc,start    ] GC(10) Pause Young (Allocation Failure)
[9.032s][info][gc,heap     ] GC(10) PSYoungGen: 698112K(1026560K)->16832K(682496K) Eden: 665600K(665600K)->0K(665600K) From: 32512K(360960K)->16832K(16896K)
[9.032s][info][gc,heap     ] GC(10) ParOldGen: 859857K(1398272K)->892313K(1398272K)
[9.032s][info][gc,metaspace] GC(10) Metaspace: 1561K(1664K)->1561K(1664K) NonClass: 1433K(1472K)->1433K(1472K) Class: 128K(192K)->128K(192K)
[9.032s][info][gc          ] GC(10) Pause Young (Allocation Failure) 1521M->887M(2032M) 27.805ms
[9.032s][info][gc,cpu      ] GC(10) User=0.28s Sys=0.03s Real=0.03s
[9.768s][info][gc,start    ] GC(11) Pause Young (Allocation Failure)
[9.813s][info][gc,heap     ] GC(11) PSYoungGen: 682432K(682496K)->55776K(1035776K) Eden: 665600K(665600K)->0K(666112K) From: 16832K(16896K)->55776K(369664K)
[9.814s][info][gc,heap     ] GC(11) ParOldGen: 892313K(1398272K)->908985K(1398272K)
[9.814s][info][gc,metaspace] GC(11) Metaspace: 1563K(1664K)->1563K(1664K) NonClass: 1435K(1472K)->1435K(1472K) Class: 128K(192K)->128K(192K)
[9.814s][info][gc          ] GC(11) Pause Young (Allocation Failure) 1537M->942M(2377M) 45.223ms
[9.814s][info][gc,cpu      ] GC(11) User=0.47s Sys=0.00s Real=0.05s
[10.541s][info][gc,start    ] GC(12) Pause Young (Allocation Failure)
[10.588s][info][gc,heap     ] GC(12) PSYoungGen: 721888K(1035776K)->15040K(681472K) Eden: 666112K(666112K)->0K(666112K) From: 55776K(369664K)->15040K(15360K)
[10.588s][info][gc,heap     ] GC(12) ParOldGen: 908985K(1398272K)->964713K(1398272K)
[10.589s][info][gc,metaspace] GC(12) Metaspace: 1563K(1664K)->1563K(1664K) NonClass: 1435K(1472K)->1435K(1472K) Class: 128K(192K)->128K(192K)
[10.589s][info][gc          ] GC(12) Pause Young (Allocation Failure) 1592M->956M(2031M) 47.138ms
[10.589s][info][gc,cpu      ] GC(12) User=0.45s Sys=0.02s Real=0.05s
[11.278s][info][gc,heap,exit] Heap
[11.278s][info][gc,heap,exit]  PSYoungGen      total 681472K, used 408448K [0x00000007aab00000, 0x00000007ff480000, 0x0000000800000000)
[11.278s][info][gc,heap,exit]   eden space 666112K, 59% used [0x00000007aab00000,0x00000007c2b30368,0x00000007d3580000)
[11.278s][info][gc,heap,exit]   from space 15360K, 97% used [0x00000007d3580000,0x00000007d4430000,0x00000007d4480000)
[11.278s][info][gc,heap,exit]   to   space 359936K, 0% used [0x00000007e9500000,0x00000007e9500000,0x00000007ff480000)
[11.278s][info][gc,heap,exit]  ParOldGen       total 1398272K, used 964713K [0x0000000700000000, 0x0000000755580000, 0x00000007aab00000)
[11.278s][info][gc,heap,exit]   object space 1398272K, 68% used [0x0000000700000000,0x000000073ae1a578,0x0000000755580000)
[11.278s][info][gc,heap,exit]  Metaspace       used 1720K, committed 1856K, reserved 1114112K
[11.278s][info][gc,heap,exit]   class space    used 146K, committed 192K, reserved 1048576K
