[0.010s][info][gc,init] CardTable entry size: 512
[0.010s][info][gc     ] Using Parallel
[0.016s][info][gc,init] Version: 21.0.5+9-LTS-239 (release)
[0.017s][info][gc,init] CPUs: 12 total, 12 available
[0.017s][info][gc,init] Memory: 16190M
[0.017s][info][gc,init] Large Page Support: Disabled
[0.017s][info][gc,init] NUMA Support: Disabled
[0.017s][info][gc,init] Compressed Oops: Enabled (Zero based)
[0.017s][info][gc,init] Alignments: Space 512K, Generation 512K, Heap 2M
[0.017s][info][gc,init] Heap Min Capacity: 2G
[0.017s][info][gc,init] Heap Initial Capacity: 2G
[0.017s][info][gc,init] Heap Max Capacity: 4G
[0.017s][info][gc,init] Pre-touch: Disabled
[0.017s][info][gc,init] Parallel Workers: 10
[0.027s][info][gc,metaspace] CDS archive(s) mapped at: [0x0000023bda000000-0x0000023bdac90000-0x0000023bdac90000), size 13172736, SharedBaseAddress: 0x0000023bda000000, ArchiveRelocationMode: 1.
[0.027s][info][gc,metaspace] Compressed class space mapped at: 0x0000023bdb000000-0x0000023c1b000000, reserved size: 1073741824
[0.027s][info][gc,metaspace] Narrow klass base: 0x0000023bda000000, Narrow klass shift: 0, Narrow klass range: 0x100000000
[0.882s][info][gc,start    ] GC(0) Pause Young (Allocation Failure)
[0.900s][info][gc,heap     ] GC(0) PSYoungGen: 524800K(611840K)->87039K(611840K) Eden: 524800K(524800K)->0K(524800K) From: 0K(87040K)->87039K(87040K)
[0.900s][info][gc,heap     ] GC(0) ParOldGen: 0K(1398272K)->8659K(1398272K)
[0.900s][info][gc,metaspace] GC(0) Metaspace: 1321K(1472K)->1321K(1472K) NonClass: 1224K(1280K)->1224K(1280K) Class: 97K(192K)->97K(192K)
[0.900s][info][gc          ] GC(0) Pause Young (Allocation Failure) 512M->93M(1963M) 18.050ms
[0.900s][info][gc,cpu      ] GC(0) User=0.03s Sys=0.12s Real=0.02s
[1.243s][info][gc,start    ] GC(1) Pause Young (Allocation Failure)
[1.275s][info][gc,heap     ] GC(1) PSYoungGen: 611839K(611840K)->87039K(1136640K) Eden: 524800K(524800K)->0K(1049600K) From: 87039K(87040K)->87039K(87040K)
[1.275s][info][gc,heap     ] GC(1) ParOldGen: 8659K(1398272K)->111237K(1398272K)
[1.275s][info][gc,metaspace] GC(1) Metaspace: 1322K(1472K)->1322K(1472K) NonClass: 1225K(1280K)->1225K(1280K) Class: 97K(192K)->97K(192K)
[1.275s][info][gc          ] GC(1) Pause Young (Allocation Failure) 605M->193M(2475M) 31.683ms
[1.275s][info][gc,cpu      ] GC(1) User=0.14s Sys=0.17s Real=0.03s
[2.023s][info][gc,start    ] GC(2) Pause Young (Allocation Failure)
[2.073s][info][gc,heap     ] GC(2) PSYoungGen: 1136639K(1136640K)->87028K(1136640K) Eden: 1049600K(1049600K)->0K(1049600K) From: 87039K(87040K)->87028K(87040K)
[2.073s][info][gc,heap     ] GC(2) ParOldGen: 111237K(1398272K)->317014K(1398272K)
[2.073s][info][gc,metaspace] GC(2) Metaspace: 1322K(1472K)->1322K(1472K) NonClass: 1225K(1280K)->1225K(1280K) Class: 97K(192K)->97K(192K)
[2.073s][info][gc          ] GC(2) Pause Young (Allocation Failure) 1218M->394M(2475M) 50.370ms
[2.073s][info][gc,cpu      ] GC(2) User=0.06s Sys=0.41s Real=0.05s
[2.705s][info][gc,start    ] GC(3) Pause Young (Allocation Failure)
[2.756s][info][gc,heap     ] GC(3) PSYoungGen: 1136628K(1136640K)->87021K(1310720K) Eden: 1049600K(1049600K)->0K(1223680K) From: 87028K(87040K)->87021K(87040K)
[2.756s][info][gc,heap     ] GC(3) ParOldGen: 317014K(1398272K)->523173K(1398272K)
[2.756s][info][gc,metaspace] GC(3) Metaspace: 1322K(1472K)->1322K(1472K) NonClass: 1225K(1280K)->1225K(1280K) Class: 97K(192K)->97K(192K)
[2.756s][info][gc          ] GC(3) Pause Young (Allocation Failure) 1419M->595M(2645M) 51.298ms
[2.756s][info][gc,cpu      ] GC(3) User=0.08s Sys=0.55s Real=0.05s
[3.497s][info][gc,start    ] GC(4) Pause Young (Allocation Failure)
[3.552s][info][gc,heap     ] GC(4) PSYoungGen: 1310701K(1310720K)->87027K(1310720K) Eden: 1223680K(1223680K)->0K(1223680K) From: 87021K(87040K)->87027K(87040K)
[3.552s][info][gc,heap     ] GC(4) ParOldGen: 523173K(1398272K)->761907K(1398272K)
[3.552s][info][gc,metaspace] GC(4) Metaspace: 1322K(1472K)->1322K(1472K) NonClass: 1225K(1280K)->1225K(1280K) Class: 97K(192K)->97K(192K)
[3.552s][info][gc          ] GC(4) Pause Young (Allocation Failure) 1790M->829M(2645M) 55.361ms
[3.552s][info][gc,cpu      ] GC(4) User=0.11s Sys=0.48s Real=0.06s
[4.286s][info][gc,start    ] GC(5) Pause Young (Allocation Failure)
[4.336s][info][gc,heap     ] GC(5) PSYoungGen: 1310707K(1310720K)->87029K(594944K) Eden: 1223680K(1223680K)->0K(507904K) From: 87027K(87040K)->87029K(87040K)
[4.336s][info][gc,heap     ] GC(5) ParOldGen: 761907K(1398272K)->1002717K(1398272K)
[4.336s][info][gc,metaspace] GC(5) Metaspace: 1323K(1472K)->1323K(1472K) NonClass: 1226K(1280K)->1226K(1280K) Class: 97K(192K)->97K(192K)
[4.336s][info][gc          ] GC(5) Pause Young (Allocation Failure) 2024M->1064M(1946M) 50.225ms
[4.336s][info][gc,cpu      ] GC(5) User=0.12s Sys=0.50s Real=0.05s
[4.644s][info][gc,start    ] GC(6) Pause Young (Allocation Failure)
[4.665s][info][gc,heap     ] GC(6) PSYoungGen: 594933K(594944K)->187264K(952832K) Eden: 507904K(507904K)->0K(507904K) From: 87029K(87040K)->187264K(444928K)
[4.665s][info][gc,heap     ] GC(6) ParOldGen: 1002717K(1398272K)->1003601K(1398272K)
[4.665s][info][gc,metaspace] GC(6) Metaspace: 1323K(1472K)->1323K(1472K) NonClass: 1226K(1280K)->1226K(1280K) Class: 97K(192K)->97K(192K)
[4.665s][info][gc          ] GC(6) Pause Young (Allocation Failure) 1560M->1162M(2296M) 20.534ms
[4.665s][info][gc,cpu      ] GC(6) User=0.12s Sys=0.17s Real=0.02s
[4.978s][info][gc,start    ] GC(7) Pause Young (Allocation Failure)
[5.010s][info][gc,heap     ] GC(7) PSYoungGen: 695168K(952832K)->287570K(933888K) Eden: 507904K(507904K)->0K(519680K) From: 187264K(444928K)->287570K(414208K)
[5.010s][info][gc,heap     ] GC(7) ParOldGen: 1003601K(1398272K)->1003617K(1398272K)
[5.010s][info][gc,metaspace] GC(7) Metaspace: 1323K(1472K)->1323K(1472K) NonClass: 1226K(1280K)->1226K(1280K) Class: 97K(192K)->97K(192K)
[5.010s][info][gc          ] GC(7) Pause Young (Allocation Failure) 1658M->1260M(2277M) 31.799ms
[5.010s][info][gc,cpu      ] GC(7) User=0.17s Sys=0.14s Real=0.03s
[5.326s][info][gc,start    ] GC(8) Pause Young (Allocation Failure)
[5.370s][info][gc,heap     ] GC(8) PSYoungGen: 807250K(933888K)->304993K(949248K) Eden: 519680K(519680K)->0K(519680K) From: 287570K(414208K)->304993K(429568K)
[5.370s][info][gc,heap     ] GC(8) ParOldGen: 1003617K(1398272K)->1088740K(1398272K)
[5.370s][info][gc,metaspace] GC(8) Metaspace: 1323K(1472K)->1323K(1472K) NonClass: 1226K(1280K)->1226K(1280K) Class: 97K(192K)->97K(192K)
[5.370s][info][gc          ] GC(8) Pause Young (Allocation Failure) 1768M->1361M(2292M) 43.956ms
[5.370s][info][gc,cpu      ] GC(8) User=0.42s Sys=0.05s Real=0.04s
[5.370s][info][gc,start    ] GC(9) Pause Full (Ergonomics)
[5.370s][info][gc,phases,start] GC(9) Marking Phase
[5.376s][info][gc,phases      ] GC(9) Marking Phase 5.703ms
[5.376s][info][gc,phases,start] GC(9) Summary Phase
[5.376s][info][gc,phases      ] GC(9) Summary Phase 0.043ms
[5.376s][info][gc,phases,start] GC(9) Adjust Roots
[5.377s][info][gc,phases      ] GC(9) Adjust Roots 0.676ms
[5.377s][info][gc,phases,start] GC(9) Compaction Phase
[5.556s][info][gc,phases      ] GC(9) Compaction Phase 179.670ms
[5.557s][info][gc,phases,start] GC(9) Post Compact
[5.563s][info][gc,phases      ] GC(9) Post Compact 6.449ms
[5.567s][info][gc,heap        ] GC(9) PSYoungGen: 304993K(949248K)->0K(965632K) Eden: 0K(519680K)->0K(533504K) From: 304993K(429568K)->0K(432128K)
[5.567s][info][gc,heap        ] GC(9) ParOldGen: 1088740K(1398272K)->1391902K(2423808K)
[5.567s][info][gc,metaspace   ] GC(9) Metaspace: 1323K(1472K)->1323K(1472K) NonClass: 1226K(1280K)->1226K(1280K) Class: 97K(192K)->97K(192K)
[5.567s][info][gc             ] GC(9) Pause Full (Ergonomics) 1361M->1359M(3310M) 196.436ms
[5.567s][info][gc,cpu         ] GC(9) User=1.58s Sys=0.22s Real=0.20s
[6.154s][info][gc,start       ] GC(10) Pause Young (Allocation Failure)
[6.166s][info][gc,heap        ] GC(10) PSYoungGen: 533504K(965632K)->106408K(640000K) Eden: 533504K(533504K)->0K(533504K) From: 0K(432128K)->106408K(106496K)
[6.167s][info][gc,heap        ] GC(10) ParOldGen: 1391902K(2423808K)->1391902K(2423808K)
[6.167s][info][gc,metaspace   ] GC(10) Metaspace: 1323K(1472K)->1323K(1472K) NonClass: 1226K(1280K)->1226K(1280K) Class: 97K(192K)->97K(192K)
[6.167s][info][gc             ] GC(10) Pause Young (Allocation Failure) 1880M->1463M(2992M) 13.017ms
[6.167s][info][gc,cpu         ] GC(10) User=0.16s Sys=0.00s Real=0.01s
[6.556s][info][gc,start       ] GC(11) Pause Young (Allocation Failure)
[6.582s][info][gc,heap        ] GC(11) PSYoungGen: 639912K(640000K)->106033K(951808K) Eden: 533504K(533504K)->0K(512000K) From: 106408K(106496K)->106033K(439808K)
[6.582s][info][gc,heap        ] GC(11) ParOldGen: 1391902K(2423808K)->1497415K(2423808K)
[6.582s][info][gc,metaspace   ] GC(11) Metaspace: 1323K(1472K)->1323K(1472K) NonClass: 1226K(1280K)->1226K(1280K) Class: 97K(192K)->97K(192K)
[6.582s][info][gc             ] GC(11) Pause Young (Allocation Failure) 1984M->1565M(3296M) 25.821ms
[6.582s][info][gc,cpu         ] GC(11) User=0.14s Sys=0.02s Real=0.02s
[6.894s][info][gc,start       ] GC(12) Pause Young (Allocation Failure)
[6.921s][info][gc,heap        ] GC(12) PSYoungGen: 618033K(951808K)->100070K(954880K) Eden: 512000K(512000K)->0K(512000K) From: 106033K(439808K)->100070K(442880K)
[6.921s][info][gc,heap        ] GC(12) ParOldGen: 1497415K(2423808K)->1603020K(2423808K)
[6.921s][info][gc,metaspace   ] GC(12) Metaspace: 1323K(1472K)->1323K(1472K) NonClass: 1226K(1280K)->1226K(1280K) Class: 97K(192K)->97K(192K)
[6.921s][info][gc             ] GC(12) Pause Young (Allocation Failure) 2065M->1663M(3299M) 26.201ms
[6.921s][info][gc,cpu         ] GC(12) User=0.06s Sys=0.25s Real=0.03s
[7.227s][info][gc,start       ] GC(13) Pause Young (Allocation Failure)
[7.252s][info][gc,heap        ] GC(13) PSYoungGen: 612070K(954880K)->102427K(946688K) Eden: 512000K(512000K)->0K(512000K) From: 100070K(442880K)->102427K(434688K)
[7.252s][info][gc,heap        ] GC(13) ParOldGen: 1603020K(2423808K)->1702796K(2423808K)
[7.252s][info][gc,metaspace   ] GC(13) Metaspace: 1323K(1472K)->1323K(1472K) NonClass: 1226K(1280K)->1226K(1280K) Class: 97K(192K)->97K(192K)
[7.252s][info][gc             ] GC(13) Pause Young (Allocation Failure) 2163M->1762M(3291M) 24.292ms
[7.252s][info][gc,cpu         ] GC(13) User=0.08s Sys=0.08s Real=0.02s
[7.832s][info][gc,start       ] GC(14) Pause Young (Allocation Failure)
[7.858s][info][gc,heap        ] GC(14) PSYoungGen: 614427K(946688K)->82696K(950784K) Eden: 512000K(512000K)->0K(512000K) From: 102427K(434688K)->82696K(438784K)
[7.858s][info][gc,heap        ] GC(14) ParOldGen: 1702796K(2423808K)->1804938K(2423808K)
[7.858s][info][gc,metaspace   ] GC(14) Metaspace: 1534K(1664K)->1534K(1664K) NonClass: 1407K(1472K)->1407K(1472K) Class: 126K(192K)->126K(192K)
[7.858s][info][gc             ] GC(14) Pause Young (Allocation Failure) 2262M->1843M(3295M) 25.624ms
[7.858s][info][gc,cpu         ] GC(14) User=0.16s Sys=0.16s Real=0.02s
[8.708s][info][gc,start       ] GC(15) Pause Young (Allocation Failure)
[8.736s][info][gc,heap        ] GC(15) PSYoungGen: 594696K(950784K)->25120K(953856K) Eden: 512000K(512000K)->0K(518144K) From: 82696K(438784K)->25120K(435712K)
[8.736s][info][gc,heap        ] GC(15) ParOldGen: 1804938K(2423808K)->1885692K(2423808K)
[8.736s][info][gc,metaspace   ] GC(15) Metaspace: 1542K(1664K)->1542K(1664K) NonClass: 1415K(1472K)->1415K(1472K) Class: 126K(192K)->126K(192K)
[8.736s][info][gc             ] GC(15) Pause Young (Allocation Failure) 2343M->1866M(3298M) 28.555ms
[8.736s][info][gc,cpu         ] GC(15) User=0.16s Sys=0.02s Real=0.03s
[9.597s][info][gc,start       ] GC(16) Pause Young (Allocation Failure)
[9.623s][info][gc,heap        ] GC(16) PSYoungGen: 543264K(953856K)->24288K(957952K) Eden: 518144K(518144K)->0K(518144K) From: 25120K(435712K)->24288K(439808K)
[9.623s][info][gc,heap        ] GC(16) ParOldGen: 1885692K(2423808K)->1907380K(2423808K)
[9.623s][info][gc,metaspace   ] GC(16) Metaspace: 1542K(1664K)->1542K(1664K) NonClass: 1415K(1472K)->1415K(1472K) Class: 126K(192K)->126K(192K)
[9.623s][info][gc             ] GC(16) Pause Young (Allocation Failure) 2372M->1886M(3302M) 26.431ms
[9.623s][info][gc,cpu         ] GC(16) User=0.28s Sys=0.03s Real=0.03s
[10.498s][info][gc,start       ] GC(17) Pause Young (Allocation Failure)
[10.524s][info][gc,heap        ] GC(17) PSYoungGen: 542432K(957952K)->16192K(949760K) Eden: 518144K(518144K)->0K(519168K) From: 24288K(439808K)->16192K(430592K)
[10.524s][info][gc,heap        ] GC(17) ParOldGen: 1907380K(2423808K)->1931588K(2423808K)
[10.524s][info][gc,metaspace   ] GC(17) Metaspace: 1542K(1664K)->1542K(1664K) NonClass: 1415K(1472K)->1415K(1472K) Class: 126K(192K)->126K(192K)
[10.524s][info][gc             ] GC(17) Pause Young (Allocation Failure) 2392M->1902M(3294M) 25.904ms
[10.524s][info][gc,cpu         ] GC(17) User=0.31s Sys=0.00s Real=0.03s
[11.418s][info][gc,start       ] GC(18) Pause Young (Allocation Failure)
[11.452s][info][gc,heap        ] GC(18) PSYoungGen: 535360K(949760K)->37120K(954368K) Eden: 519168K(519168K)->0K(519168K) From: 16192K(430592K)->37120K(435200K)
[11.452s][info][gc,heap        ] GC(18) ParOldGen: 1931588K(2423808K)->1947388K(2423808K)
[11.452s][info][gc,metaspace   ] GC(18) Metaspace: 1564K(1664K)->1564K(1664K) NonClass: 1436K(1472K)->1436K(1472K) Class: 128K(192K)->128K(192K)
[11.452s][info][gc             ] GC(18) Pause Young (Allocation Failure) 2409M->1937M(3299M) 34.654ms
[11.452s][info][gc,cpu         ] GC(18) User=0.31s Sys=0.00s Real=0.03s
[12.320s][info][gc,start       ] GC(19) Pause Young (Allocation Failure)
[12.355s][info][gc,heap        ] GC(19) PSYoungGen: 556288K(954368K)->14624K(951296K) Eden: 519168K(519168K)->0K(538112K) From: 37120K(435200K)->14624K(413184K)
[12.355s][info][gc,heap        ] GC(19) ParOldGen: 1947388K(2423808K)->1984420K(2423808K)
[12.355s][info][gc,metaspace   ] GC(19) Metaspace: 1564K(1664K)->1564K(1664K) NonClass: 1436K(1472K)->1436K(1472K) Class: 128K(192K)->128K(192K)
[12.355s][info][gc             ] GC(19) Pause Young (Allocation Failure) 2444M->1952M(3296M) 35.429ms
[12.356s][info][gc,cpu         ] GC(19) User=0.31s Sys=0.00s Real=0.04s
[13.261s][info][gc,start       ] GC(20) Pause Young (Allocation Failure)
[13.281s][info][gc,heap        ] GC(20) PSYoungGen: 552736K(951296K)->15040K(953856K) Eden: 538112K(538112K)->0K(538112K) From: 14624K(413184K)->15040K(415744K)
[13.281s][info][gc,heap        ] GC(20) ParOldGen: 1984420K(2423808K)->1998956K(2423808K)
[13.281s][info][gc,metaspace   ] GC(20) Metaspace: 1564K(1664K)->1564K(1664K) NonClass: 1436K(1472K)->1436K(1472K) Class: 128K(192K)->128K(192K)
[13.281s][info][gc             ] GC(20) Pause Young (Allocation Failure) 2477M->1966M(3298M) 19.552ms
[13.281s][info][gc,cpu         ] GC(20) User=0.16s Sys=0.00s Real=0.02s
[14.198s][info][gc,start       ] GC(21) Pause Young (Allocation Failure)
[14.218s][info][gc,heap        ] GC(21) PSYoungGen: 553152K(953856K)->14016K(964608K) Eden: 538112K(538112K)->0K(577024K) From: 15040K(415744K)->14016K(387584K)
[14.218s][info][gc,heap        ] GC(21) ParOldGen: 1998956K(2423808K)->2013932K(2423808K)
[14.218s][info][gc,metaspace   ] GC(21) Metaspace: 1564K(1664K)->1564K(1664K) NonClass: 1436K(1472K)->1436K(1472K) Class: 128K(192K)->128K(192K)
[14.218s][info][gc             ] GC(21) Pause Young (Allocation Failure) 2492M->1980M(3309M) 20.112ms
[14.218s][info][gc,cpu         ] GC(21) User=0.14s Sys=0.02s Real=0.02s
[15.204s][info][gc,start       ] GC(22) Pause Young (Allocation Failure)
[15.223s][info][gc,heap        ] GC(22) PSYoungGen: 591040K(964608K)->14528K(969216K) Eden: 577024K(577024K)->0K(577024K) From: 14016K(387584K)->14528K(392192K)
[15.223s][info][gc,heap        ] GC(22) ParOldGen: 2013932K(2423808K)->2027860K(2423808K)
[15.223s][info][gc,metaspace   ] GC(22) Metaspace: 1564K(1664K)->1564K(1664K) NonClass: 1436K(1472K)->1436K(1472K) Class: 128K(192K)->128K(192K)
[15.223s][info][gc             ] GC(22) Pause Young (Allocation Failure) 2543M->1994M(3313M) 19.178ms
[15.223s][info][gc,cpu         ] GC(22) User=0.16s Sys=0.00s Real=0.02s
[16.195s][info][gc,start       ] GC(23) Pause Young (Allocation Failure)
[16.214s][info][gc,heap        ] GC(23) PSYoungGen: 591552K(969216K)->28064K(980480K) Eden: 577024K(577024K)->0K(627712K) From: 14528K(392192K)->28064K(352768K)
[16.214s][info][gc,heap        ] GC(23) ParOldGen: 2027860K(2423808K)->2027860K(2423808K)
[16.214s][info][gc,metaspace   ] GC(23) Metaspace: 1564K(1664K)->1564K(1664K) NonClass: 1436K(1472K)->1436K(1472K) Class: 128K(192K)->128K(192K)
[16.214s][info][gc             ] GC(23) Pause Young (Allocation Failure) 2558M->2007M(3324M) 19.335ms
[16.214s][info][gc,cpu         ] GC(23) User=0.16s Sys=0.00s Real=0.02s
[17.285s][info][gc,start       ] GC(24) Pause Young (Allocation Failure)
[17.335s][info][gc,heap        ] GC(24) PSYoungGen: 655776K(980480K)->83424K(988160K) Eden: 627712K(627712K)->0K(627712K) From: 28064K(352768K)->83424K(360448K)
[17.335s][info][gc,heap        ] GC(24) ParOldGen: 2027860K(2423808K)->2027860K(2423808K)
[17.335s][info][gc,metaspace   ] GC(24) Metaspace: 1564K(1664K)->1564K(1664K) NonClass: 1436K(1472K)->1436K(1472K) Class: 128K(192K)->128K(192K)
[17.335s][info][gc             ] GC(24) Pause Young (Allocation Failure) 2620M->2061M(3332M) 50.555ms
[17.335s][info][gc,cpu         ] GC(24) User=0.59s Sys=0.00s Real=0.05s
[18.409s][info][gc,start       ] GC(25) Pause Young (Allocation Failure)
[18.466s][info][gc,heap        ] GC(25) PSYoungGen: 711136K(988160K)->98144K(1015296K) Eden: 627712K(627712K)->0K(703488K) From: 83424K(360448K)->98144K(311808K)
[18.467s][info][gc,heap        ] GC(25) ParOldGen: 2027860K(2423808K)->2027860K(2423808K)
[18.467s][info][gc,metaspace   ] GC(25) Metaspace: 1564K(1664K)->1564K(1664K) NonClass: 1436K(1472K)->1436K(1472K) Class: 128K(192K)->128K(192K)
[18.467s][info][gc             ] GC(25) Pause Young (Allocation Failure) 2674M->2076M(3358M) 57.202ms
[18.467s][info][gc,cpu         ] GC(25) User=0.62s Sys=0.00s Real=0.06s
[19.671s][info][gc,start       ] GC(26) Pause Young (Allocation Failure)
[19.735s][info][gc,heap        ] GC(26) PSYoungGen: 801632K(1015296K)->99360K(1016832K) Eden: 703488K(703488K)->0K(703488K) From: 98144K(311808K)->99360K(313344K)
[19.735s][info][gc,heap        ] GC(26) ParOldGen: 2027860K(2423808K)->2042188K(2423808K)
[19.735s][info][gc,metaspace   ] GC(26) Metaspace: 1564K(1664K)->1564K(1664K) NonClass: 1436K(1472K)->1436K(1472K) Class: 128K(192K)->128K(192K)
[19.735s][info][gc             ] GC(26) Pause Young (Allocation Failure) 2763M->2091M(3360M) 63.621ms
[19.735s][info][gc,cpu         ] GC(26) User=0.62s Sys=0.00s Real=0.06s
[21.002s][info][gc,start       ] GC(27) Pause Young (Allocation Failure)
[21.073s][info][gc,heap        ] GC(27) PSYoungGen: 802848K(1016832K)->45088K(1071104K) Eden: 703488K(703488K)->0K(785920K) From: 99360K(313344K)->45088K(285184K)
[21.073s][info][gc,heap        ] GC(27) ParOldGen: 2042188K(2423808K)->2111340K(2423808K)
[21.073s][info][gc,metaspace   ] GC(27) Metaspace: 1564K(1664K)->1564K(1664K) NonClass: 1436K(1472K)->1436K(1472K) Class: 128K(192K)->128K(192K)
[21.073s][info][gc             ] GC(27) Pause Young (Allocation Failure) 2778M->2105M(3413M) 71.178ms
[21.073s][info][gc,cpu         ] GC(27) User=0.77s Sys=0.02s Real=0.07s
[22.438s][info][gc,start       ] GC(28) Pause Young (Allocation Failure)
[22.473s][info][gc,heap        ] GC(28) PSYoungGen: 831008K(1071104K)->32160K(1068032K) Eden: 785920K(785920K)->0K(785920K) From: 45088K(285184K)->32160K(282112K)
[22.473s][info][gc,heap        ] GC(28) ParOldGen: 2111340K(2423808K)->2141636K(2423808K)
[22.473s][info][gc,metaspace   ] GC(28) Metaspace: 1564K(1664K)->1564K(1664K) NonClass: 1436K(1472K)->1436K(1472K) Class: 128K(192K)->128K(192K)
[22.473s][info][gc             ] GC(28) Pause Young (Allocation Failure) 2873M->2122M(3410M) 34.517ms
[22.473s][info][gc,cpu         ] GC(28) User=0.31s Sys=0.00s Real=0.03s
[23.835s][info][gc,start       ] GC(29) Pause Young (Allocation Failure)
[23.864s][info][gc,heap        ] GC(29) PSYoungGen: 818080K(1068032K)->33568K(1103872K) Eden: 785920K(785920K)->0K(842240K) From: 32160K(282112K)->33568K(261632K)
[23.864s][info][gc,heap        ] GC(29) ParOldGen: 2141636K(2423808K)->2156508K(2423808K)
[23.864s][info][gc,metaspace   ] GC(29) Metaspace: 1564K(1664K)->1564K(1664K) NonClass: 1436K(1472K)->1436K(1472K) Class: 128K(192K)->128K(192K)
[23.864s][info][gc             ] GC(29) Pause Young (Allocation Failure) 2890M->2138M(3445M) 28.558ms
[23.864s][info][gc,cpu         ] GC(29) User=0.16s Sys=0.00s Real=0.03s
[25.298s][info][gc,start       ] GC(30) Pause Young (Allocation Failure)
[25.328s][info][gc,heap        ] GC(30) PSYoungGen: 875808K(1103872K)->33152K(1101824K) Eden: 842240K(842240K)->0K(842240K) From: 33568K(261632K)->33152K(259584K)
[25.328s][info][gc,heap        ] GC(30) ParOldGen: 2156508K(2423808K)->2173740K(2423808K)
[25.328s][info][gc,metaspace   ] GC(30) Metaspace: 1564K(1664K)->1564K(1664K) NonClass: 1436K(1472K)->1436K(1472K) Class: 128K(192K)->128K(192K)
[25.328s][info][gc             ] GC(30) Pause Young (Allocation Failure) 2961M->2155M(3443M) 29.729ms
[25.328s][info][gc,cpu         ] GC(30) User=0.28s Sys=0.03s Real=0.03s
[26.759s][info][gc,start       ] GC(31) Pause Young (Allocation Failure)
[26.787s][info][gc,heap        ] GC(31) PSYoungGen: 875392K(1101824K)->50752K(1122816K) Eden: 842240K(842240K)->0K(889856K) From: 33152K(259584K)->50752K(232960K)
[26.787s][info][gc,heap        ] GC(31) ParOldGen: 2173740K(2423808K)->2173740K(2423808K)
[26.787s][info][gc,metaspace   ] GC(31) Metaspace: 1566K(1664K)->1566K(1664K) NonClass: 1438K(1472K)->1438K(1472K) Class: 128K(192K)->128K(192K)
[26.787s][info][gc             ] GC(31) Pause Young (Allocation Failure) 2977M->2172M(3463M) 28.069ms
[26.787s][info][gc,cpu         ] GC(31) User=0.30s Sys=0.02s Real=0.03s
[28.333s][info][gc,start       ] GC(32) Pause Young (Allocation Failure)
[28.367s][info][gc,heap        ] GC(32) PSYoungGen: 940608K(1122816K)->68864K(1123840K) Eden: 889856K(889856K)->0K(889856K) From: 50752K(232960K)->68864K(233984K)
[28.367s][info][gc,heap        ] GC(32) ParOldGen: 2173740K(2423808K)->2173740K(2423808K)
[28.367s][info][gc,metaspace   ] GC(32) Metaspace: 1571K(1664K)->1571K(1664K) NonClass: 1443K(1472K)->1443K(1472K) Class: 128K(192K)->128K(192K)
[28.367s][info][gc             ] GC(32) Pause Young (Allocation Failure) 3041M->2190M(3464M) 34.557ms
[28.367s][info][gc,cpu         ] GC(32) User=0.47s Sys=0.00s Real=0.03s
[29.880s][info][gc,start       ] GC(33) Pause Young (Allocation Failure)
[29.918s][info][gc,heap        ] GC(33) PSYoungGen: 958720K(1123840K)->85696K(1155072K) Eden: 889856K(889856K)->0K(939520K) From: 68864K(233984K)->85696K(215552K)
[29.919s][info][gc,heap        ] GC(33) ParOldGen: 2173740K(2423808K)->2173740K(2423808K)
[29.919s][info][gc,metaspace   ] GC(33) Metaspace: 1572K(1664K)->1572K(1664K) NonClass: 1444K(1472K)->1444K(1472K) Class: 128K(192K)->128K(192K)
[29.919s][info][gc             ] GC(33) Pause Young (Allocation Failure) 3059M->2206M(3495M) 38.307ms
[29.919s][info][gc,cpu         ] GC(33) User=0.31s Sys=0.00s Real=0.04s
[31.539s][info][gc,start       ] GC(34) Pause Young (Allocation Failure)
[31.641s][info][gc,heap        ] GC(34) PSYoungGen: 1025216K(1155072K)->183104K(1148416K) Eden: 939520K(939520K)->0K(939520K) From: 85696K(215552K)->183104K(208896K)
[31.641s][info][gc,heap        ] GC(34) ParOldGen: 2173740K(2423808K)->2173740K(2423808K)
[31.641s][info][gc,metaspace   ] GC(34) Metaspace: 1572K(1664K)->1572K(1664K) NonClass: 1444K(1472K)->1444K(1472K) Class: 128K(192K)->128K(192K)
[31.641s][info][gc             ] GC(34) Pause Young (Allocation Failure) 3123M->2301M(3488M) 101.855ms
[31.641s][info][gc,cpu         ] GC(34) User=0.94s Sys=0.00s Real=0.10s
[33.249s][info][gc,start       ] GC(35) Pause Young (Allocation Failure)
[33.361s][info][gc,heap        ] GC(35) PSYoungGen: 1122624K(1148416K)->185504K(1114624K) Eden: 939520K(939520K)->0K(877568K) From: 183104K(208896K)->185504K(237056K)
[33.361s][info][gc,heap        ] GC(35) ParOldGen: 2173740K(2423808K)->2189780K(2423808K)
[33.361s][info][gc,metaspace   ] GC(35) Metaspace: 1572K(1664K)->1572K(1664K) NonClass: 1444K(1472K)->1444K(1472K) Class: 128K(192K)->128K(192K)
[33.361s][info][gc             ] GC(35) Pause Young (Allocation Failure) 3219M->2319M(3455M) 111.409ms
[33.361s][info][gc,cpu         ] GC(35) User=1.08s Sys=0.02s Real=0.11s
[34.936s][info][gc,start       ] GC(36) Pause Young (Allocation Failure)
[35.045s][info][gc,heap        ] GC(36) PSYoungGen: 1063072K(1114624K)->168064K(1046016K) Eden: 877568K(877568K)->0K(877568K) From: 185504K(237056K)->168064K(168448K)
[35.045s][info][gc,heap        ] GC(36) ParOldGen: 2189780K(2423808K)->2223900K(2423808K)
[35.045s][info][gc,metaspace   ] GC(36) Metaspace: 1572K(1664K)->1572K(1664K) NonClass: 1444K(1472K)->1444K(1472K) Class: 128K(192K)->128K(192K)
[35.045s][info][gc             ] GC(36) Pause Young (Allocation Failure) 3176M->2335M(3388M) 108.868ms
[35.045s][info][gc,cpu         ] GC(36) User=1.05s Sys=0.05s Real=0.11s
[36.657s][info][gc,start       ] GC(37) Pause Young (Allocation Failure)
[36.760s][info][gc,heap        ] GC(37) PSYoungGen: 1045632K(1046016K)->148960K(1124352K) Eden: 877568K(877568K)->0K(852992K) From: 168064K(168448K)->148960K(271360K)
[36.760s][info][gc,heap        ] GC(37) ParOldGen: 2223900K(2423808K)->2258732K(2423808K)
[36.760s][info][gc,metaspace   ] GC(37) Metaspace: 1572K(1664K)->1572K(1664K) NonClass: 1444K(1472K)->1444K(1472K) Class: 128K(192K)->128K(192K)
[36.760s][info][gc             ] GC(37) Pause Young (Allocation Failure) 3192M->2351M(3465M) 103.152ms
[36.760s][info][gc,cpu         ] GC(37) User=1.08s Sys=0.00s Real=0.10s
[38.443s][info][gc,start       ] GC(38) Pause Young (Allocation Failure)
[38.542s][info][gc,heap        ] GC(38) PSYoungGen: 1001952K(1124352K)->59422K(912896K) Eden: 852992K(852992K)->0K(852992K) From: 148960K(271360K)->59422K(59904K)
[38.542s][info][gc,heap        ] GC(38) ParOldGen: 2258732K(2423808K)->2375532K(2423808K)
[38.542s][info][gc,metaspace   ] GC(38) Metaspace: 1654K(1792K)->1654K(1792K) NonClass: 1514K(1600K)->1514K(1600K) Class: 139K(192K)->139K(192K)
[38.542s][info][gc             ] GC(38) Pause Young (Allocation Failure) 3184M->2377M(3258M) 99.853ms
[38.542s][info][gc,cpu         ] GC(38) User=0.94s Sys=0.00s Real=0.10s
[38.542s][info][gc,start       ] GC(39) Pause Full (Ergonomics)
[38.542s][info][gc,phases,start] GC(39) Marking Phase
[38.731s][info][gc,phases      ] GC(39) Marking Phase 188.551ms
[38.731s][info][gc,phases,start] GC(39) Summary Phase
[38.731s][info][gc,phases      ] GC(39) Summary Phase 0.057ms
[38.731s][info][gc,phases,start] GC(39) Adjust Roots
[38.732s][info][gc,phases      ] GC(39) Adjust Roots 0.805ms
[38.732s][info][gc,phases,start] GC(39) Compaction Phase
[39.316s][info][gc,phases      ] GC(39) Compaction Phase 584.163ms
[39.316s][info][gc,phases,start] GC(39) Post Compact
[39.321s][info][gc,phases      ] GC(39) Post Compact 4.591ms
[39.322s][info][gc,heap        ] GC(39) PSYoungGen: 59422K(912896K)->0K(1117184K) Eden: 0K(852992K)->0K(854016K) From: 59422K(59904K)->0K(263168K)
[39.322s][info][gc,heap        ] GC(39) ParOldGen: 2375532K(2423808K)->2319287K(2796544K)
[39.322s][info][gc,metaspace   ] GC(39) Metaspace: 1654K(1792K)->1654K(1792K) NonClass: 1514K(1600K)->1514K(1600K) Class: 139K(192K)->139K(192K)
[39.322s][info][gc             ] GC(39) Pause Full (Ergonomics) 2377M->2264M(3822M) 779.638ms
[39.322s][info][gc,cpu         ] GC(39) User=4.28s Sys=0.03s Real=0.78s
[39.943s][info][gc,heap,exit   ] Heap
[39.943s][info][gc,heap,exit   ]  PSYoungGen      total 1117184K, used 150141K [0x00000007aab00000, 0x0000000800000000, 0x0000000800000000)
[39.943s][info][gc,heap,exit   ]   eden space 854016K, 17% used [0x00000007aab00000,0x00000007b3d9f448,0x00000007ded00000)
[39.943s][info][gc,heap,exit   ]   from space 263168K, 0% used [0x00000007eee00000,0x00000007eee00000,0x00000007fef00000)
[39.943s][info][gc,heap,exit   ]   to   space 263168K, 0% used [0x00000007ded00000,0x00000007ded00000,0x00000007eee00000)
[39.943s][info][gc,heap,exit   ]  ParOldGen       total 2796544K, used 2319287K [0x0000000700000000, 0x00000007aab00000, 0x00000007aab00000)
[39.943s][info][gc,heap,exit   ]   object space 2796544K, 82% used [0x0000000700000000,0x000000078d8edfe8,0x00000007aab00000)
[39.943s][info][gc,heap,exit   ]  Metaspace       used 1729K, committed 1856K, reserved 1114112K
[39.943s][info][gc,heap,exit   ]   class space    used 146K, committed 192K, reserved 1048576K
