[0.015s][info][gc,init] CardTable entry size: 512
[0.015s][info][gc     ] Using Parallel
[0.023s][info][gc,init] Version: 21.0.5+9-LTS-239 (release)
[0.023s][info][gc,init] CPUs: 12 total, 12 available
[0.023s][info][gc,init] Memory: 16190M
[0.023s][info][gc,init] Large Page Support: Disabled
[0.023s][info][gc,init] NUMA Support: Disabled
[0.023s][info][gc,init] Compressed Oops: Enabled (Zero based)
[0.024s][info][gc,init] Alignments: Space 512K, Generation 512K, Heap 2M
[0.024s][info][gc,init] Heap Min Capacity: 2G
[0.024s][info][gc,init] Heap Initial Capacity: 2G
[0.024s][info][gc,init] Heap Max Capacity: 4G
[0.024s][info][gc,init] Pre-touch: Disabled
[0.024s][info][gc,init] Parallel Workers: 10
[0.041s][info][gc,metaspace] CDS archive(s) mapped at: [0x000001954c000000-0x000001954cc90000-0x000001954cc90000), size 13172736, SharedBaseAddress: 0x000001954c000000, ArchiveRelocationMode: 1.
[0.041s][info][gc,metaspace] Compressed class space mapped at: 0x000001954d000000-0x000001958d000000, reserved size: 1073741824
[0.041s][info][gc,metaspace] Narrow klass base: 0x000001954c000000, Narrow klass shift: 0, Narrow klass range: 0x100000000
[0.825s][info][gc,start    ] GC(0) Pause Young (Allocation Failure)
[0.843s][info][gc,heap     ] GC(0) PSYoungGen: 524800K(611840K)->87037K(611840K) Eden: 524800K(524800K)->0K(524800K) From: 0K(87040K)->87037K(87040K)
[0.843s][info][gc,heap     ] GC(0) ParOldGen: 0K(1398272K)->8549K(1398272K)
[0.843s][info][gc,metaspace] GC(0) Metaspace: 1312K(1472K)->1312K(1472K) NonClass: 1215K(1280K)->1215K(1280K) Class: 97K(192K)->97K(192K)
[0.843s][info][gc          ] GC(0) Pause Young (Allocation Failure) 512M->93M(1963M) 18.815ms
[0.843s][info][gc,cpu      ] GC(0) User=0.02s Sys=0.14s Real=0.02s
[1.180s][info][gc,start    ] GC(1) Pause Young (Allocation Failure)
[1.211s][info][gc,heap     ] GC(1) PSYoungGen: 611837K(611840K)->87035K(1136640K) Eden: 524800K(524800K)->0K(1049600K) From: 87037K(87040K)->87035K(87040K)
[1.211s][info][gc,heap     ] GC(1) ParOldGen: 8549K(1398272K)->108942K(1398272K)
[1.211s][info][gc,metaspace] GC(1) Metaspace: 1313K(1472K)->1313K(1472K) NonClass: 1216K(1280K)->1216K(1280K) Class: 97K(192K)->97K(192K)
[1.211s][info][gc          ] GC(1) Pause Young (Allocation Failure) 605M->191M(2475M) 30.993ms
[1.211s][info][gc,cpu      ] GC(1) User=0.12s Sys=0.19s Real=0.03s
[2.048s][info][gc,start    ] GC(2) Pause Young (Allocation Failure)
[2.100s][info][gc,heap     ] GC(2) PSYoungGen: 1136635K(1136640K)->87024K(1136640K) Eden: 1049600K(1049600K)->0K(1049600K) From: 87035K(87040K)->87024K(87040K)
[2.100s][info][gc,heap     ] GC(2) ParOldGen: 108942K(1398272K)->289951K(1398272K)
[2.100s][info][gc,metaspace] GC(2) Metaspace: 1674K(1856K)->1674K(1856K) NonClass: 1504K(1600K)->1504K(1600K) Class: 169K(256K)->169K(256K)
[2.100s][info][gc          ] GC(2) Pause Young (Allocation Failure) 1216M->368M(2475M) 51.621ms
[2.100s][info][gc,cpu      ] GC(2) User=0.20s Sys=0.27s Real=0.05s
[2.718s][info][gc,start    ] GC(3) Pause Young (Allocation Failure)
[2.765s][info][gc,heap     ] GC(3) PSYoungGen: 1136624K(1136640K)->87037K(1310720K) Eden: 1049600K(1049600K)->0K(1223680K) From: 87024K(87040K)->87037K(87040K)
[2.765s][info][gc,heap     ] GC(3) ParOldGen: 289951K(1398272K)->333510K(1398272K)
[2.765s][info][gc,metaspace] GC(3) Metaspace: 1700K(1856K)->1700K(1856K) NonClass: 1529K(1600K)->1529K(1600K) Class: 170K(256K)->170K(256K)
[2.765s][info][gc          ] GC(3) Pause Young (Allocation Failure) 1393M->410M(2645M) 47.382ms
[2.765s][info][gc,cpu      ] GC(3) User=0.12s Sys=0.34s Real=0.05s
[3.502s][info][gc,start    ] GC(4) Pause Young (Allocation Failure)
[3.555s][info][gc,heap     ] GC(4) PSYoungGen: 1310717K(1310720K)->87021K(1310720K) Eden: 1223680K(1223680K)->0K(1223680K) From: 87037K(87040K)->87021K(87040K)
[3.555s][info][gc,heap     ] GC(4) ParOldGen: 333510K(1398272K)->377517K(1398272K)
[3.555s][info][gc,metaspace] GC(4) Metaspace: 1701K(1856K)->1701K(1856K) NonClass: 1530K(1600K)->1530K(1600K) Class: 170K(256K)->170K(256K)
[3.555s][info][gc          ] GC(4) Pause Young (Allocation Failure) 1605M->453M(2645M) 53.729ms
[3.555s][info][gc,cpu      ] GC(4) User=0.30s Sys=0.17s Real=0.05s
[4.497s][info][gc,heap,exit] Heap
[4.497s][info][gc,heap,exit]  PSYoungGen      total 1310720K, used 1156676K [0x00000007aab00000, 0x0000000800000000, 0x0000000800000000)
[4.497s][info][gc,heap,exit]   eden space 1223680K, 87% used [0x00000007aab00000,0x00000007ebf95d30,0x00000007f5600000)
[4.497s][info][gc,heap,exit]   from space 87040K, 99% used [0x00000007f5600000,0x00000007faafb608,0x00000007fab00000)
[4.497s][info][gc,heap,exit]   to   space 87040K, 0% used [0x00000007fab00000,0x00000007fab00000,0x0000000800000000)
[4.497s][info][gc,heap,exit]  ParOldGen       total 1398272K, used 377517K [0x0000000700000000, 0x0000000755580000, 0x00000007aab00000)
[4.497s][info][gc,heap,exit]   object space 1398272K, 26% used [0x0000000700000000,0x00000007170ab7c8,0x0000000755580000)
[4.497s][info][gc,heap,exit]  Metaspace       used 1863K, committed 1984K, reserved 1114112K
[4.497s][info][gc,heap,exit]   class space    used 189K, committed 256K, reserved 1048576K
