[0.010s][info][gc,init] CardTable entry size: 512
[0.010s][info][gc     ] Using Parallel
[0.017s][info][gc,init] Version: 21.0.5+9-LTS-239 (release)
[0.017s][info][gc,init] CPUs: 12 total, 12 available
[0.017s][info][gc,init] Memory: 16190M
[0.017s][info][gc,init] Large Page Support: Disabled
[0.017s][info][gc,init] NUMA Support: Disabled
[0.017s][info][gc,init] Compressed Oops: Enabled (Zero based)
[0.017s][info][gc,init] Alignments: Space 512K, Generation 512K, Heap 2M
[0.017s][info][gc,init] Heap Min Capacity: 2G
[0.017s][info][gc,init] Heap Initial Capacity: 2G
[0.017s][info][gc,init] Heap Max Capacity: 4G
[0.017s][info][gc,init] Pre-touch: Disabled
[0.017s][info][gc,init] Parallel Workers: 10
[0.030s][info][gc,metaspace] CDS archive(s) mapped at: [0x000001b442000000-0x000001b442c90000-0x000001b442c90000), size 13172736, SharedBaseAddress: 0x000001b442000000, ArchiveRelocationMode: 1.
[0.030s][info][gc,metaspace] Compressed class space mapped at: 0x000001b443000000-0x000001b483000000, reserved size: 1073741824
[0.030s][info][gc,metaspace] Narrow klass base: 0x000001b442000000, Narrow klass shift: 0, Narrow klass range: 0x100000000
[0.843s][info][gc,start    ] GC(0) Pause Young (Allocation Failure)
[0.861s][info][gc,heap     ] GC(0) PSYoungGen: 524800K(611840K)->87039K(611840K) Eden: 524800K(524800K)->0K(524800K) From: 0K(87040K)->87039K(87040K)
[0.861s][info][gc,heap     ] GC(0) ParOldGen: 0K(1398272K)->8873K(1398272K)
[0.861s][info][gc,metaspace] GC(0) Metaspace: 1313K(1472K)->1313K(1472K) NonClass: 1216K(1280K)->1216K(1280K) Class: 97K(192K)->97K(192K)
[0.861s][info][gc          ] GC(0) Pause Young (Allocation Failure) 512M->93M(1963M) 17.900ms
[0.861s][info][gc,cpu      ] GC(0) User=0.06s Sys=0.08s Real=0.02s
[1.204s][info][gc,start    ] GC(1) Pause Young (Allocation Failure)
[1.237s][info][gc,heap     ] GC(1) PSYoungGen: 611839K(611840K)->87028K(1136640K) Eden: 524800K(524800K)->0K(1049600K) From: 87039K(87040K)->87028K(87040K)
[1.237s][info][gc,heap     ] GC(1) ParOldGen: 8873K(1398272K)->111324K(1398272K)
[1.237s][info][gc,metaspace] GC(1) Metaspace: 1314K(1472K)->1314K(1472K) NonClass: 1217K(1280K)->1217K(1280K) Class: 97K(192K)->97K(192K)
[1.237s][info][gc          ] GC(1) Pause Young (Allocation Failure) 606M->193M(2475M) 32.830ms
[1.237s][info][gc,cpu      ] GC(1) User=0.06s Sys=0.25s Real=0.03s
[2.142s][info][gc,start    ] GC(2) Pause Young (Allocation Failure)
[2.194s][info][gc,heap     ] GC(2) PSYoungGen: 1136628K(1136640K)->87039K(1136640K) Eden: 1049600K(1049600K)->0K(1049600K) From: 87028K(87040K)->87039K(87040K)
[2.194s][info][gc,heap     ] GC(2) ParOldGen: 111324K(1398272K)->291290K(1398272K)
[2.194s][info][gc,metaspace] GC(2) Metaspace: 1573K(1664K)->1573K(1664K) NonClass: 1437K(1472K)->1437K(1472K) Class: 136K(192K)->136K(192K)
[2.194s][info][gc          ] GC(2) Pause Young (Allocation Failure) 1218M->369M(2475M) 51.826ms
[2.194s][info][gc,cpu      ] GC(2) User=0.11s Sys=0.36s Real=0.05s
[3.166s][info][gc,start    ] GC(3) Pause Young (Allocation Failure)
[3.212s][info][gc,heap     ] GC(3) PSYoungGen: 1136639K(1136640K)->87028K(1310720K) Eden: 1049600K(1049600K)->0K(1223680K) From: 87039K(87040K)->87028K(87040K)
[3.212s][info][gc,heap     ] GC(3) ParOldGen: 291290K(1398272K)->335830K(1398272K)
[3.212s][info][gc,metaspace] GC(3) Metaspace: 1581K(1664K)->1581K(1664K) NonClass: 1445K(1472K)->1445K(1472K) Class: 136K(192K)->136K(192K)
[3.212s][info][gc          ] GC(3) Pause Young (Allocation Failure) 1394M->412M(2645M) 46.465ms
[3.212s][info][gc,cpu      ] GC(3) User=0.11s Sys=0.36s Real=0.05s
[4.354s][info][gc,start    ] GC(4) Pause Young (Allocation Failure)
[4.408s][info][gc,heap     ] GC(4) PSYoungGen: 1310708K(1310720K)->87024K(1310720K) Eden: 1223680K(1223680K)->0K(1223680K) From: 87028K(87040K)->87024K(87040K)
[4.408s][info][gc,heap     ] GC(4) ParOldGen: 335830K(1398272K)->379809K(1398272K)
[4.408s][info][gc,metaspace] GC(4) Metaspace: 1602K(1728K)->1602K(1728K) NonClass: 1464K(1536K)->1464K(1536K) Class: 137K(192K)->137K(192K)
[4.408s][info][gc          ] GC(4) Pause Young (Allocation Failure) 1607M->455M(2645M) 53.552ms
[4.408s][info][gc,cpu      ] GC(4) User=0.31s Sys=0.16s Real=0.05s
[5.950s][info][gc,heap,exit] Heap
[5.950s][info][gc,heap,exit]  PSYoungGen      total 1310720K, used 1083027K [0x00000007aab00000, 0x0000000800000000, 0x0000000800000000)
[5.950s][info][gc,heap,exit]   eden space 1223680K, 81% used [0x00000007aab00000,0x00000007e77a8a20,0x00000007f5600000)
[5.950s][info][gc,heap,exit]   from space 87040K, 99% used [0x00000007f5600000,0x00000007faafc2e8,0x00000007fab00000)
[5.950s][info][gc,heap,exit]   to   space 87040K, 0% used [0x00000007fab00000,0x00000007fab00000,0x0000000800000000)
[5.950s][info][gc,heap,exit]  ParOldGen       total 1398272K, used 379809K [0x0000000700000000, 0x0000000755580000, 0x00000007aab00000)
[5.950s][info][gc,heap,exit]   object space 1398272K, 27% used [0x0000000700000000,0x00000007172e84d8,0x0000000755580000)
[5.950s][info][gc,heap,exit]  Metaspace       used 1763K, committed 1920K, reserved 1114112K
[5.950s][info][gc,heap,exit]   class space    used 156K, committed 256K, reserved 1048576K
