[0.009s][info][gc,init] CardTable entry size: 512
[0.009s][info][gc     ] Using Serial
[0.015s][info][gc,init] Version: 21.0.5+9-LTS-239 (release)
[0.015s][info][gc,init] CPUs: 12 total, 12 available
[0.015s][info][gc,init] Memory: 16190M
[0.015s][info][gc,init] Large Page Support: Disabled
[0.015s][info][gc,init] NUMA Support: Disabled
[0.015s][info][gc,init] Compressed Oops: Enabled (Zero based)
[0.015s][info][gc,init] Heap Min Capacity: 2G
[0.015s][info][gc,init] Heap Initial Capacity: 2G
[0.015s][info][gc,init] Heap Max Capacity: 4G
[0.015s][info][gc,init] Pre-touch: Disabled
[0.022s][info][gc,metaspace] CDS archive(s) mapped at: [0x0000028f01000000-0x0000028f01c90000-0x0000028f01c90000), size 13172736, SharedBaseAddress: 0x0000028f01000000, ArchiveRelocationMode: 1.
[0.023s][info][gc,metaspace] Compressed class space mapped at: 0x0000028f02000000-0x0000028f42000000, reserved size: 1073741824
[0.023s][info][gc,metaspace] Narrow klass base: 0x0000028f01000000, Narrow klass shift: 0, Narrow klass range: 0x100000000
[1.068s][info][gc,start    ] GC(0) Pause Young (Allocation Failure)
[1.137s][info][gc,heap     ] GC(0) DefNew: 559232K(629120K)->59438K(629120K) Eden: 559232K(559232K)->0K(559232K) From: 0K(69888K)->59438K(69888K)
[1.137s][info][gc,heap     ] GC(0) Tenured: 0K(1398144K)->0K(1398144K)
[1.137s][info][gc,metaspace] GC(0) Metaspace: 1578K(1664K)->1578K(1664K) NonClass: 1441K(1472K)->1441K(1472K) Class: 136K(192K)->136K(192K)
[1.137s][info][gc          ] GC(0) Pause Young (Allocation Failure) 546M->58M(1979M) 69.474ms
[1.137s][info][gc,cpu      ] GC(0) User=0.03s Sys=0.05s Real=0.07s
[1.391s][info][gc,heap,exit] Heap
[1.391s][info][gc,heap,exit]  def new generation   total 629120K, used 219719K [0x0000000700000000, 0x000000072aaa0000, 0x0000000755550000)
[1.391s][info][gc,heap,exit]   eden space 559232K,  28% used [0x0000000700000000, 0x0000000709c863f0, 0x0000000722220000)
[1.391s][info][gc,heap,exit]   from space 69888K,  85% used [0x0000000726660000, 0x000000072a06b980, 0x000000072aaa0000)
[1.391s][info][gc,heap,exit]   to   space 69888K,   0% used [0x0000000722220000, 0x0000000722220000, 0x0000000726660000)
[1.391s][info][gc,heap,exit]  tenured generation   total 1398144K, used 0K [0x0000000755550000, 0x00000007aaab0000, 0x0000000800000000)
[1.391s][info][gc,heap,exit]    the space 1398144K,   0% used [0x0000000755550000, 0x0000000755550000, 0x0000000755550200, 0x00000007aaab0000)
[1.391s][info][gc,heap,exit]  Metaspace       used 1734K, committed 1920K, reserved 1114112K
[1.391s][info][gc,heap,exit]   class space    used 155K, committed 256K, reserved 1048576K
