[0.009s][info][gc,init] CardTable entry size: 512
[0.009s][info][gc     ] Using Serial
[0.014s][info][gc,init] Version: 21.0.5+9-LTS-239 (release)
[0.014s][info][gc,init] CPUs: 12 total, 12 available
[0.014s][info][gc,init] Memory: 16190M
[0.014s][info][gc,init] Large Page Support: Disabled
[0.014s][info][gc,init] NUMA Support: Disabled
[0.014s][info][gc,init] Compressed Oops: Enabled (Zero based)
[0.014s][info][gc,init] Heap Min Capacity: 2G
[0.014s][info][gc,init] Heap Initial Capacity: 2G
[0.014s][info][gc,init] Heap Max Capacity: 4G
[0.014s][info][gc,init] Pre-touch: Disabled
[0.022s][info][gc,metaspace] CDS archive(s) mapped at: [0x000001aaa1000000-0x000001aaa1c90000-0x000001aaa1c90000), size 13172736, SharedBaseAddress: 0x000001aaa1000000, ArchiveRelocationMode: 1.
[0.022s][info][gc,metaspace] Compressed class space mapped at: 0x000001aaa2000000-0x000001aae2000000, reserved size: 1073741824
[0.022s][info][gc,metaspace] Narrow klass base: 0x000001aaa1000000, Narrow klass shift: 0, Narrow klass range: 0x100000000
[0.834s][info][gc,start    ] GC(0) Pause Young (Allocation Failure)
[0.860s][info][gc,heap     ] GC(0) DefNew: 559232K(629120K)->69887K(629120K) Eden: 559232K(559232K)->0K(559232K) From: 0K(69888K)->69887K(69888K)
[0.860s][info][gc,heap     ] GC(0) Tenured: 0K(1398144K)->31708K(1398144K)
[0.860s][info][gc,metaspace] GC(0) Metaspace: 1319K(1472K)->1319K(1472K) NonClass: 1222K(1280K)->1222K(1280K) Class: 97K(192K)->97K(192K)
[0.860s][info][gc          ] GC(0) Pause Young (Allocation Failure) 546M->99M(1979M) 25.913ms
[0.860s][info][gc,cpu      ] GC(0) User=0.03s Sys=0.00s Real=0.03s
[1.210s][info][gc,start    ] GC(1) Pause Young (Allocation Failure)
[1.255s][info][gc,heap     ] GC(1) DefNew: 629119K(629120K)->69888K(629120K) Eden: 559232K(559232K)->0K(559232K) From: 69887K(69888K)->69888K(69888K)
[1.255s][info][gc,heap     ] GC(1) Tenured: 31708K(1398144K)->138752K(1398144K)
[1.255s][info][gc,metaspace] GC(1) Metaspace: 1320K(1472K)->1320K(1472K) NonClass: 1223K(1280K)->1223K(1280K) Class: 97K(192K)->97K(192K)
[1.255s][info][gc          ] GC(1) Pause Young (Allocation Failure) 645M->203M(1979M) 45.119ms
[1.255s][info][gc,cpu      ] GC(1) User=0.02s Sys=0.03s Real=0.05s
[1.595s][info][gc,start    ] GC(2) Pause Young (Allocation Failure)
[1.630s][info][gc,heap     ] GC(2) DefNew: 629120K(629120K)->69888K(629120K) Eden: 559232K(559232K)->0K(559232K) From: 69888K(69888K)->69888K(69888K)
[1.630s][info][gc,heap     ] GC(2) Tenured: 138752K(1398144K)->248666K(1398144K)
[1.630s][info][gc,metaspace] GC(2) Metaspace: 1320K(1472K)->1320K(1472K) NonClass: 1223K(1280K)->1223K(1280K) Class: 97K(192K)->97K(192K)
[1.630s][info][gc          ] GC(2) Pause Young (Allocation Failure) 749M->311M(1979M) 35.765ms
[1.630s][info][gc,cpu      ] GC(2) User=0.02s Sys=0.02s Real=0.04s
[2.209s][info][gc,start    ] GC(3) Pause Young (Allocation Failure)
[2.290s][info][gc,heap     ] GC(3) DefNew: 629120K(629120K)->65991K(629120K) Eden: 559232K(559232K)->0K(559232K) From: 69888K(69888K)->65991K(69888K)
[2.290s][info][gc,heap     ] GC(3) Tenured: 248666K(1398144K)->318431K(1398144K)
[2.290s][info][gc,metaspace] GC(3) Metaspace: 1580K(1664K)->1580K(1664K) NonClass: 1443K(1472K)->1443K(1472K) Class: 136K(192K)->136K(192K)
[2.290s][info][gc          ] GC(3) Pause Young (Allocation Failure) 857M->375M(1979M) 81.704ms
[2.290s][info][gc,cpu      ] GC(3) User=0.08s Sys=0.00s Real=0.08s
[2.796s][info][gc,start    ] GC(4) Pause Young (Allocation Failure)
[2.919s][info][gc,heap     ] GC(4) DefNew: 625223K(629120K)->27974K(629120K) Eden: 559232K(559232K)->0K(559232K) From: 65991K(69888K)->27974K(69888K)
[2.919s][info][gc,heap     ] GC(4) Tenured: 318431K(1398144K)->381251K(1398144K)
[2.919s][info][gc,metaspace] GC(4) Metaspace: 1580K(1664K)->1580K(1664K) NonClass: 1443K(1472K)->1443K(1472K) Class: 136K(192K)->136K(192K)
[2.919s][info][gc          ] GC(4) Pause Young (Allocation Failure) 921M->399M(1979M) 122.564ms
[2.919s][info][gc,cpu      ] GC(4) User=0.12s Sys=0.00s Real=0.12s
[3.429s][info][gc,start    ] GC(5) Pause Young (Allocation Failure)
[3.521s][info][gc,heap     ] GC(5) DefNew: 587206K(629120K)->46127K(629120K) Eden: 559232K(559232K)->0K(559232K) From: 27974K(69888K)->46127K(69888K)
[3.521s][info][gc,heap     ] GC(5) Tenured: 381251K(1398144K)->381251K(1398144K)
[3.521s][info][gc,metaspace] GC(5) Metaspace: 1580K(1664K)->1580K(1664K) NonClass: 1443K(1472K)->1443K(1472K) Class: 136K(192K)->136K(192K)
[3.521s][info][gc          ] GC(5) Pause Young (Allocation Failure) 945M->417M(1979M) 92.664ms
[3.521s][info][gc,cpu      ] GC(5) User=0.09s Sys=0.00s Real=0.09s
[4.039s][info][gc,start    ] GC(6) Pause Young (Allocation Failure)
[4.154s][info][gc,heap     ] GC(6) DefNew: 605359K(629120K)->34556K(629120K) Eden: 559232K(559232K)->0K(559232K) From: 46127K(69888K)->34556K(69888K)
[4.154s][info][gc,heap     ] GC(6) Tenured: 381251K(1398144K)->409225K(1398144K)
[4.154s][info][gc,metaspace] GC(6) Metaspace: 1599K(1728K)->1599K(1728K) NonClass: 1461K(1536K)->1461K(1536K) Class: 137K(192K)->137K(192K)
[4.154s][info][gc          ] GC(6) Pause Young (Allocation Failure) 963M->433M(1979M) 115.257ms
[4.154s][info][gc,cpu      ] GC(6) User=0.12s Sys=0.00s Real=0.12s
[4.682s][info][gc,start    ] GC(7) Pause Young (Allocation Failure)
[4.807s][info][gc,heap     ] GC(7) DefNew: 593788K(629120K)->61852K(629120K) Eden: 559232K(559232K)->0K(559232K) From: 34556K(69888K)->61852K(69888K)
[4.807s][info][gc,heap     ] GC(7) Tenured: 409225K(1398144K)->409225K(1398144K)
[4.807s][info][gc,metaspace] GC(7) Metaspace: 1602K(1728K)->1602K(1728K) NonClass: 1464K(1536K)->1464K(1536K) Class: 137K(192K)->137K(192K)
[4.807s][info][gc          ] GC(7) Pause Young (Allocation Failure) 979M->460M(1979M) 124.556ms
[4.807s][info][gc,cpu      ] GC(7) User=0.12s Sys=0.00s Real=0.12s
[5.332s][info][gc,start    ] GC(8) Pause Young (Allocation Failure)
[5.476s][info][gc,heap     ] GC(8) DefNew: 621084K(629120K)->42538K(629120K) Eden: 559232K(559232K)->0K(559232K) From: 61852K(69888K)->42538K(69888K)
[5.476s][info][gc,heap     ] GC(8) Tenured: 409225K(1398144K)->443076K(1398144K)
[5.476s][info][gc,metaspace] GC(8) Metaspace: 1602K(1728K)->1602K(1728K) NonClass: 1464K(1536K)->1464K(1536K) Class: 137K(192K)->137K(192K)
[5.476s][info][gc          ] GC(8) Pause Young (Allocation Failure) 1006M->474M(1979M) 144.274ms
[5.476s][info][gc,cpu      ] GC(8) User=0.14s Sys=0.00s Real=0.14s
[6.188s][info][gc,heap,exit] Heap
[6.188s][info][gc,heap,exit]  def new generation   total 629120K, used 370564K [0x0000000700000000, 0x000000072aaa0000, 0x0000000755550000)
[6.188s][info][gc,heap,exit]   eden space 559232K,  58% used [0x0000000700000000, 0x0000000714056670, 0x0000000722220000)
[6.188s][info][gc,heap,exit]   from space 69888K,  60% used [0x0000000726660000, 0x0000000728feabe8, 0x000000072aaa0000)
[6.188s][info][gc,heap,exit]   to   space 69888K,   0% used [0x0000000722220000, 0x0000000722220000, 0x0000000726660000)
[6.188s][info][gc,heap,exit]  tenured generation   total 1398144K, used 443076K [0x0000000755550000, 0x00000007aaab0000, 0x0000000800000000)
[6.188s][info][gc,heap,exit]    the space 1398144K,  31% used [0x0000000755550000, 0x00000007706013b0, 0x0000000770601400, 0x00000007aaab0000)
[6.188s][info][gc,heap,exit]  Metaspace       used 1760K, committed 1920K, reserved 1114112K
[6.188s][info][gc,heap,exit]   class space    used 156K, committed 256K, reserved 1048576K
