[0.009s][info][gc,init] CardTable entry size: 512
[0.009s][info][gc     ] Using Serial
[0.014s][info][gc,init] Version: 21.0.5+9-LTS-239 (release)
[0.014s][info][gc,init] CPUs: 12 total, 12 available
[0.014s][info][gc,init] Memory: 16190M
[0.014s][info][gc,init] Large Page Support: Disabled
[0.014s][info][gc,init] NUMA Support: Disabled
[0.014s][info][gc,init] Compressed Oops: Enabled (Zero based)
[0.014s][info][gc,init] Heap Min Capacity: 2G
[0.014s][info][gc,init] Heap Initial Capacity: 2G
[0.014s][info][gc,init] Heap Max Capacity: 4G
[0.014s][info][gc,init] Pre-touch: Disabled
[0.022s][info][gc,metaspace] CDS archive(s) mapped at: [0x0000022fbd000000-0x0000022fbdc90000-0x0000022fbdc90000), size 13172736, SharedBaseAddress: 0x0000022fbd000000, ArchiveRelocationMode: 1.
[0.022s][info][gc,metaspace] Compressed class space mapped at: 0x0000022fbe000000-0x0000022ffe000000, reserved size: 1073741824
[0.022s][info][gc,metaspace] Narrow klass base: 0x0000022fbd000000, Narrow klass shift: 0, Narrow klass range: 0x100000000
[0.824s][info][gc,start    ] GC(0) Pause Young (Allocation Failure)
[0.850s][info][gc,heap     ] GC(0) DefNew: 559232K(629120K)->69888K(629120K) Eden: 559232K(559232K)->0K(559232K) From: 0K(69888K)->69888K(69888K)
[0.850s][info][gc,heap     ] GC(0) Tenured: 0K(1398144K)->31626K(1398144K)
[0.850s][info][gc,metaspace] GC(0) Metaspace: 1313K(1472K)->1313K(1472K) NonClass: 1216K(1280K)->1216K(1280K) Class: 97K(192K)->97K(192K)
[0.850s][info][gc          ] GC(0) Pause Young (Allocation Failure) 546M->99M(1979M) 26.297ms
[0.850s][info][gc,cpu      ] GC(0) User=0.03s Sys=0.02s Real=0.03s
[1.214s][info][gc,start    ] GC(1) Pause Young (Allocation Failure)
[1.258s][info][gc,heap     ] GC(1) DefNew: 629120K(629120K)->69887K(629120K) Eden: 559232K(559232K)->0K(559232K) From: 69888K(69888K)->69887K(69888K)
[1.258s][info][gc,heap     ] GC(1) Tenured: 31626K(1398144K)->141000K(1398144K)
[1.258s][info][gc,metaspace] GC(1) Metaspace: 1314K(1472K)->1314K(1472K) NonClass: 1217K(1280K)->1217K(1280K) Class: 97K(192K)->97K(192K)
[1.258s][info][gc          ] GC(1) Pause Young (Allocation Failure) 645M->205M(1979M) 43.987ms
[1.258s][info][gc,cpu      ] GC(1) User=0.03s Sys=0.02s Real=0.04s
[1.601s][info][gc,start    ] GC(2) Pause Young (Allocation Failure)
[1.636s][info][gc,heap     ] GC(2) DefNew: 629119K(629120K)->69888K(629120K) Eden: 559232K(559232K)->0K(559232K) From: 69887K(69888K)->69888K(69888K)
[1.636s][info][gc,heap     ] GC(2) Tenured: 141000K(1398144K)->250651K(1398144K)
[1.636s][info][gc,metaspace] GC(2) Metaspace: 1314K(1472K)->1314K(1472K) NonClass: 1217K(1280K)->1217K(1280K) Class: 97K(192K)->97K(192K)
[1.636s][info][gc          ] GC(2) Pause Young (Allocation Failure) 752M->313M(1979M) 35.291ms
[1.636s][info][gc,cpu      ] GC(2) User=0.02s Sys=0.02s Real=0.03s
[2.346s][info][gc,start    ] GC(3) Pause Young (Allocation Failure)
[2.431s][info][gc,heap     ] GC(3) DefNew: 629120K(629120K)->64636K(629120K) Eden: 559232K(559232K)->0K(559232K) From: 69888K(69888K)->64636K(69888K)
[2.431s][info][gc,heap     ] GC(3) Tenured: 250651K(1398144K)->320524K(1398144K)
[2.431s][info][gc,metaspace] GC(3) Metaspace: 1559K(1664K)->1559K(1664K) NonClass: 1431K(1472K)->1431K(1472K) Class: 128K(192K)->128K(192K)
[2.431s][info][gc          ] GC(3) Pause Young (Allocation Failure) 859M->376M(1979M) 84.569ms
[2.431s][info][gc,cpu      ] GC(3) User=0.05s Sys=0.03s Real=0.08s
[3.087s][info][gc,start    ] GC(4) Pause Young (Allocation Failure)
[3.198s][info][gc,heap     ] GC(4) DefNew: 623868K(629120K)->23431K(629120K) Eden: 559232K(559232K)->0K(559232K) From: 64636K(69888K)->23431K(69888K)
[3.198s][info][gc,heap     ] GC(4) Tenured: 320524K(1398144K)->383118K(1398144K)
[3.198s][info][gc,metaspace] GC(4) Metaspace: 1559K(1664K)->1559K(1664K) NonClass: 1431K(1472K)->1431K(1472K) Class: 128K(192K)->128K(192K)
[3.199s][info][gc          ] GC(4) Pause Young (Allocation Failure) 922M->397M(1979M) 111.681ms
[3.199s][info][gc,cpu      ] GC(4) User=0.11s Sys=0.00s Real=0.11s
[3.876s][info][gc,start    ] GC(5) Pause Young (Allocation Failure)
[3.977s][info][gc,heap     ] GC(5) DefNew: 582663K(629120K)->44755K(629120K) Eden: 559232K(559232K)->0K(559232K) From: 23431K(69888K)->44755K(69888K)
[3.977s][info][gc,heap     ] GC(5) Tenured: 383118K(1398144K)->383118K(1398144K)
[3.977s][info][gc,metaspace] GC(5) Metaspace: 1561K(1664K)->1561K(1664K) NonClass: 1433K(1472K)->1433K(1472K) Class: 128K(192K)->128K(192K)
[3.977s][info][gc          ] GC(5) Pause Young (Allocation Failure) 943M->417M(1979M) 100.724ms
[3.977s][info][gc,cpu      ] GC(5) User=0.09s Sys=0.00s Real=0.10s
[4.652s][info][gc,start    ] GC(6) Pause Young (Allocation Failure)
[4.770s][info][gc,heap     ] GC(6) DefNew: 603987K(629120K)->41377K(629120K) Eden: 559232K(559232K)->0K(559232K) From: 44755K(69888K)->41377K(69888K)
[4.770s][info][gc,heap     ] GC(6) Tenured: 383118K(1398144K)->403789K(1398144K)
[4.770s][info][gc,metaspace] GC(6) Metaspace: 1561K(1664K)->1561K(1664K) NonClass: 1433K(1472K)->1433K(1472K) Class: 128K(192K)->128K(192K)
[4.770s][info][gc          ] GC(6) Pause Young (Allocation Failure) 963M->434M(1979M) 117.528ms
[4.770s][info][gc,cpu      ] GC(6) User=0.12s Sys=0.00s Real=0.12s
[5.473s][info][gc,start    ] GC(7) Pause Young (Allocation Failure)
[5.601s][info][gc,heap     ] GC(7) DefNew: 600609K(629120K)->44467K(629120K) Eden: 559232K(559232K)->0K(559232K) From: 41377K(69888K)->44467K(69888K)
[5.601s][info][gc,heap     ] GC(7) Tenured: 403789K(1398144K)->422687K(1398144K)
[5.601s][info][gc,metaspace] GC(7) Metaspace: 1561K(1664K)->1561K(1664K) NonClass: 1433K(1472K)->1433K(1472K) Class: 128K(192K)->128K(192K)
[5.601s][info][gc          ] GC(7) Pause Young (Allocation Failure) 980M->456M(1979M) 127.849ms
[5.601s][info][gc,cpu      ] GC(7) User=0.12s Sys=0.00s Real=0.13s
[6.287s][info][gc,start    ] GC(8) Pause Young (Allocation Failure)
[6.408s][info][gc,heap     ] GC(8) DefNew: 603699K(629120K)->43590K(629120K) Eden: 559232K(559232K)->0K(559232K) From: 44467K(69888K)->43590K(69888K)
[6.409s][info][gc,heap     ] GC(8) Tenured: 422687K(1398144K)->439751K(1398144K)
[6.409s][info][gc,metaspace] GC(8) Metaspace: 1561K(1664K)->1561K(1664K) NonClass: 1433K(1472K)->1433K(1472K) Class: 128K(192K)->128K(192K)
[6.409s][info][gc          ] GC(8) Pause Young (Allocation Failure) 1002M->472M(1979M) 121.603ms
[6.409s][info][gc,cpu      ] GC(8) User=0.12s Sys=0.00s Real=0.12s
[7.046s][info][gc,heap,exit] Heap
[7.046s][info][gc,heap,exit]  def new generation   total 629120K, used 347653K [0x0000000700000000, 0x000000072aaa0000, 0x0000000755550000)
[7.046s][info][gc,heap,exit]   eden space 559232K,  54% used [0x0000000700000000, 0x00000007128efa30, 0x0000000722220000)
[7.046s][info][gc,heap,exit]   from space 69888K,  62% used [0x0000000726660000, 0x00000007290f19d0, 0x000000072aaa0000)
[7.046s][info][gc,heap,exit]   to   space 69888K,   0% used [0x0000000722220000, 0x0000000722220000, 0x0000000726660000)
[7.046s][info][gc,heap,exit]  tenured generation   total 1398144K, used 439751K [0x0000000755550000, 0x00000007aaab0000, 0x0000000800000000)
[7.046s][info][gc,heap,exit]    the space 1398144K,  31% used [0x0000000755550000, 0x00000007702c1d90, 0x00000007702c1e00, 0x00000007aaab0000)
[7.046s][info][gc,heap,exit]  Metaspace       used 1714K, committed 1856K, reserved 1114112K
[7.046s][info][gc,heap,exit]   class space    used 146K, committed 192K, reserved 1048576K
