[0.009s][info][gc,init] CardTable entry size: 512
[0.009s][info][gc     ] Using Serial
[0.014s][info][gc,init] Version: 21.0.5+9-LTS-239 (release)
[0.014s][info][gc,init] CPUs: 12 total, 12 available
[0.014s][info][gc,init] Memory: 16190M
[0.014s][info][gc,init] Large Page Support: Disabled
[0.014s][info][gc,init] NUMA Support: Disabled
[0.014s][info][gc,init] Compressed Oops: Enabled (Zero based)
[0.014s][info][gc,init] Heap Min Capacity: 2G
[0.014s][info][gc,init] Heap Initial Capacity: 2G
[0.014s][info][gc,init] Heap Max Capacity: 4G
[0.014s][info][gc,init] Pre-touch: Disabled
[0.021s][info][gc,metaspace] CDS archive(s) mapped at: [0x000001351f000000-0x000001351fc90000-0x000001351fc90000), size 13172736, SharedBaseAddress: 0x000001351f000000, ArchiveRelocationMode: 1.
[0.022s][info][gc,metaspace] Compressed class space mapped at: 0x0000013520000000-0x0000013560000000, reserved size: 1073741824
[0.022s][info][gc,metaspace] Narrow klass base: 0x000001351f000000, Narrow klass shift: 0, Narrow klass range: 0x100000000
[0.836s][info][gc,start    ] GC(0) Pause Young (Allocation Failure)
[0.862s][info][gc,heap     ] GC(0) DefNew: 559232K(629120K)->69888K(629120K) Eden: 559232K(559232K)->0K(559232K) From: 0K(69888K)->69888K(69888K)
[0.862s][info][gc,heap     ] GC(0) Tenured: 0K(1398144K)->31794K(1398144K)
[0.862s][info][gc,metaspace] GC(0) Metaspace: 1317K(1472K)->1317K(1472K) NonClass: 1220K(1280K)->1220K(1280K) Class: 97K(192K)->97K(192K)
[0.862s][info][gc          ] GC(0) Pause Young (Allocation Failure) 546M->99M(1979M) 26.315ms
[0.862s][info][gc,cpu      ] GC(0) User=0.02s Sys=0.02s Real=0.03s
[1.213s][info][gc,start    ] GC(1) Pause Young (Allocation Failure)
[1.257s][info][gc,heap     ] GC(1) DefNew: 629120K(629120K)->69887K(629120K) Eden: 559232K(559232K)->0K(559232K) From: 69888K(69888K)->69887K(69888K)
[1.257s][info][gc,heap     ] GC(1) Tenured: 31794K(1398144K)->141105K(1398144K)
[1.257s][info][gc,metaspace] GC(1) Metaspace: 1318K(1472K)->1318K(1472K) NonClass: 1221K(1280K)->1221K(1280K) Class: 97K(192K)->97K(192K)
[1.257s][info][gc          ] GC(1) Pause Young (Allocation Failure) 645M->206M(1979M) 43.369ms
[1.257s][info][gc,cpu      ] GC(1) User=0.03s Sys=0.02s Real=0.04s
[1.589s][info][gc,start    ] GC(2) Pause Young (Allocation Failure)
[1.625s][info][gc,heap     ] GC(2) DefNew: 629119K(629120K)->69887K(629120K) Eden: 559232K(559232K)->0K(559232K) From: 69887K(69888K)->69887K(69888K)
[1.626s][info][gc,heap     ] GC(2) Tenured: 141105K(1398144K)->250643K(1398144K)
[1.626s][info][gc,metaspace] GC(2) Metaspace: 1318K(1472K)->1318K(1472K) NonClass: 1221K(1280K)->1221K(1280K) Class: 97K(192K)->97K(192K)
[1.626s][info][gc          ] GC(2) Pause Young (Allocation Failure) 752M->313M(1979M) 36.699ms
[1.626s][info][gc,cpu      ] GC(2) User=0.00s Sys=0.03s Real=0.04s
[2.087s][info][gc,start    ] GC(3) Pause Young (Allocation Failure)
[2.171s][info][gc,heap     ] GC(3) DefNew: 629119K(629120K)->63523K(629120K) Eden: 559232K(559232K)->0K(559232K) From: 69887K(69888K)->63523K(69888K)
[2.171s][info][gc,heap     ] GC(3) Tenured: 250643K(1398144K)->320524K(1398144K)
[2.171s][info][gc,metaspace] GC(3) Metaspace: 1685K(1856K)->1685K(1856K) NonClass: 1514K(1600K)->1514K(1600K) Class: 171K(256K)->171K(256K)
[2.171s][info][gc          ] GC(3) Pause Young (Allocation Failure) 859M->375M(1979M) 83.886ms
[2.171s][info][gc,cpu      ] GC(3) User=0.06s Sys=0.02s Real=0.08s
[2.504s][info][gc,start    ] GC(4) Pause Young (Allocation Failure)
[2.619s][info][gc,heap     ] GC(4) DefNew: 622755K(629120K)->23712K(629120K) Eden: 559232K(559232K)->0K(559232K) From: 63523K(69888K)->23712K(69888K)
[2.619s][info][gc,heap     ] GC(4) Tenured: 320524K(1398144K)->382016K(1398144K)
[2.619s][info][gc,metaspace] GC(4) Metaspace: 1705K(1920K)->1705K(1920K) NonClass: 1532K(1664K)->1532K(1664K) Class: 172K(256K)->172K(256K)
[2.619s][info][gc          ] GC(4) Pause Young (Allocation Failure) 921M->396M(1979M) 115.330ms
[2.619s][info][gc,cpu      ] GC(4) User=0.11s Sys=0.00s Real=0.12s
[2.945s][info][gc,start    ] GC(5) Pause Young (Allocation Failure)
[3.047s][info][gc,heap     ] GC(5) DefNew: 582944K(629120K)->45088K(629120K) Eden: 559232K(559232K)->0K(559232K) From: 23712K(69888K)->45088K(69888K)
[3.048s][info][gc,heap     ] GC(5) Tenured: 382016K(1398144K)->382016K(1398144K)
[3.048s][info][gc,metaspace] GC(5) Metaspace: 1706K(1920K)->1706K(1920K) NonClass: 1534K(1664K)->1534K(1664K) Class: 172K(256K)->172K(256K)
[3.048s][info][gc          ] GC(5) Pause Young (Allocation Failure) 942M->417M(1979M) 102.900ms
[3.048s][info][gc,cpu      ] GC(5) User=0.09s Sys=0.00s Real=0.10s
[3.377s][info][gc,start    ] GC(6) Pause Young (Allocation Failure)
[3.500s][info][gc,heap     ] GC(6) DefNew: 604320K(629120K)->41549K(629120K) Eden: 559232K(559232K)->0K(559232K) From: 45088K(69888K)->41549K(69888K)
[3.500s][info][gc,heap     ] GC(6) Tenured: 382016K(1398144K)->402917K(1398144K)
[3.500s][info][gc,metaspace] GC(6) Metaspace: 1706K(1920K)->1706K(1920K) NonClass: 1534K(1664K)->1534K(1664K) Class: 172K(256K)->172K(256K)
[3.500s][info][gc          ] GC(6) Pause Young (Allocation Failure) 963M->434M(1979M) 122.736ms
[3.500s][info][gc,cpu      ] GC(6) User=0.11s Sys=0.00s Real=0.12s
[3.857s][info][gc,start    ] GC(7) Pause Young (Allocation Failure)
[3.991s][info][gc,heap     ] GC(7) DefNew: 600781K(629120K)->44610K(629120K) Eden: 559232K(559232K)->0K(559232K) From: 41549K(69888K)->44610K(69888K)
[3.991s][info][gc,heap     ] GC(7) Tenured: 402917K(1398144K)->421894K(1398144K)
[3.991s][info][gc,metaspace] GC(7) Metaspace: 1707K(1920K)->1707K(1920K) NonClass: 1534K(1664K)->1534K(1664K) Class: 172K(256K)->172K(256K)
[3.991s][info][gc          ] GC(7) Pause Young (Allocation Failure) 980M->455M(1979M) 134.196ms
[3.991s][info][gc,cpu      ] GC(7) User=0.14s Sys=0.00s Real=0.13s
[4.329s][info][gc,start    ] GC(8) Pause Young (Allocation Failure)
[4.449s][info][gc,heap     ] GC(8) DefNew: 603842K(629120K)->42092K(629120K) Eden: 559232K(559232K)->0K(559232K) From: 44610K(69888K)->42092K(69888K)
[4.449s][info][gc,heap     ] GC(8) Tenured: 421894K(1398144K)->439010K(1398144K)
[4.449s][info][gc,metaspace] GC(8) Metaspace: 1707K(1920K)->1707K(1920K) NonClass: 1534K(1664K)->1534K(1664K) Class: 172K(256K)->172K(256K)
[4.449s][info][gc          ] GC(8) Pause Young (Allocation Failure) 1001M->469M(1979M) 120.658ms
[4.449s][info][gc,cpu      ] GC(8) User=0.12s Sys=0.00s Real=0.12s
[4.967s][info][gc,heap,exit] Heap
[4.967s][info][gc,heap,exit]  def new generation   total 629120K, used 414372K [0x0000000700000000, 0x000000072aaa0000, 0x0000000755550000)
[4.967s][info][gc,heap,exit]   eden space 559232K,  66% used [0x0000000700000000, 0x0000000716b8dfa0, 0x0000000722220000)
[4.967s][info][gc,heap,exit]   from space 69888K,  60% used [0x0000000726660000, 0x0000000728f7b100, 0x000000072aaa0000)
[4.967s][info][gc,heap,exit]   to   space 69888K,   0% used [0x0000000722220000, 0x0000000722220000, 0x0000000726660000)
[4.967s][info][gc,heap,exit]  tenured generation   total 1398144K, used 439010K [0x0000000755550000, 0x00000007aaab0000, 0x0000000800000000)
[4.967s][info][gc,heap,exit]    the space 1398144K,  31% used [0x0000000755550000, 0x0000000770208bc8, 0x0000000770208c00, 0x00000007aaab0000)
[4.967s][info][gc,heap,exit]  Metaspace       used 1864K, committed 1984K, reserved 1114112K
[4.967s][info][gc,heap,exit]   class space    used 191K, committed 256K, reserved 1048576K
