[0.009s][info][gc,init] CardTable entry size: 512
[0.009s][info][gc     ] Using Serial
[0.014s][info][gc,init] Version: 21.0.5+9-LTS-239 (release)
[0.014s][info][gc,init] CPUs: 12 total, 12 available
[0.014s][info][gc,init] Memory: 16190M
[0.014s][info][gc,init] Large Page Support: Disabled
[0.014s][info][gc,init] NUMA Support: Disabled
[0.014s][info][gc,init] Compressed Oops: Enabled (Zero based)
[0.014s][info][gc,init] Heap Min Capacity: 2G
[0.014s][info][gc,init] Heap Initial Capacity: 2G
[0.014s][info][gc,init] Heap Max Capacity: 4G
[0.014s][info][gc,init] Pre-touch: Disabled
[0.021s][info][gc,metaspace] CDS archive(s) mapped at: [0x000002b080000000-0x000002b080c90000-0x000002b080c90000), size 13172736, SharedBaseAddress: 0x000002b080000000, ArchiveRelocationMode: 1.
[0.022s][info][gc,metaspace] Compressed class space mapped at: 0x000002b081000000-0x000002b0c1000000, reserved size: 1073741824
[0.022s][info][gc,metaspace] Narrow klass base: 0x000002b080000000, Narrow klass shift: 0, Narrow klass range: 0x100000000
[0.820s][info][gc,start    ] GC(0) Pause Young (Allocation Failure)
[0.846s][info][gc,heap     ] GC(0) DefNew: 559232K(629120K)->69887K(629120K) Eden: 559232K(559232K)->0K(559232K) From: 0K(69888K)->69887K(69888K)
[0.846s][info][gc,heap     ] GC(0) Tenured: 0K(1398144K)->31587K(1398144K)
[0.846s][info][gc,metaspace] GC(0) Metaspace: 1318K(1472K)->1318K(1472K) NonClass: 1221K(1280K)->1221K(1280K) Class: 97K(192K)->97K(192K)
[0.846s][info][gc          ] GC(0) Pause Young (Allocation Failure) 546M->99M(1979M) 26.207ms
[0.846s][info][gc,cpu      ] GC(0) User=0.02s Sys=0.00s Real=0.03s
[1.186s][info][gc,start    ] GC(1) Pause Young (Allocation Failure)
[1.231s][info][gc,heap     ] GC(1) DefNew: 629119K(629120K)->69887K(629120K) Eden: 559232K(559232K)->0K(559232K) From: 69887K(69888K)->69887K(69888K)
[1.231s][info][gc,heap     ] GC(1) Tenured: 31587K(1398144K)->138644K(1398144K)
[1.231s][info][gc,metaspace] GC(1) Metaspace: 1319K(1472K)->1319K(1472K) NonClass: 1222K(1280K)->1222K(1280K) Class: 97K(192K)->97K(192K)
[1.231s][info][gc          ] GC(1) Pause Young (Allocation Failure) 645M->203M(1979M) 44.829ms
[1.231s][info][gc,cpu      ] GC(1) User=0.05s Sys=0.00s Real=0.04s
[1.566s][info][gc,start    ] GC(2) Pause Young (Allocation Failure)
[1.601s][info][gc,heap     ] GC(2) DefNew: 629119K(629120K)->69887K(629120K) Eden: 559232K(559232K)->0K(559232K) From: 69887K(69888K)->69887K(69888K)
[1.601s][info][gc,heap     ] GC(2) Tenured: 138644K(1398144K)->248788K(1398144K)
[1.601s][info][gc,metaspace] GC(2) Metaspace: 1319K(1472K)->1319K(1472K) NonClass: 1222K(1280K)->1222K(1280K) Class: 97K(192K)->97K(192K)
[1.601s][info][gc          ] GC(2) Pause Young (Allocation Failure) 749M->311M(1979M) 35.408ms
[1.601s][info][gc,cpu      ] GC(2) User=0.00s Sys=0.03s Real=0.04s
[1.940s][info][gc,start    ] GC(3) Pause Young (Allocation Failure)
[1.974s][info][gc,heap     ] GC(3) DefNew: 629119K(629120K)->69888K(629120K) Eden: 559232K(559232K)->0K(559232K) From: 69887K(69888K)->69888K(69888K)
[1.974s][info][gc,heap     ] GC(3) Tenured: 248788K(1398144K)->357528K(1398144K)
[1.974s][info][gc,metaspace] GC(3) Metaspace: 1319K(1472K)->1319K(1472K) NonClass: 1222K(1280K)->1222K(1280K) Class: 97K(192K)->97K(192K)
[1.974s][info][gc          ] GC(3) Pause Young (Allocation Failure) 857M->417M(1979M) 34.464ms
[1.974s][info][gc,cpu      ] GC(3) User=0.03s Sys=0.00s Real=0.03s
[2.314s][info][gc,start    ] GC(4) Pause Young (Allocation Failure)
[2.349s][info][gc,heap     ] GC(4) DefNew: 629120K(629120K)->69888K(629120K) Eden: 559232K(559232K)->0K(559232K) From: 69888K(69888K)->69888K(69888K)
[2.349s][info][gc,heap     ] GC(4) Tenured: 357528K(1398144K)->467613K(1398144K)
[2.349s][info][gc,metaspace] GC(4) Metaspace: 1319K(1472K)->1319K(1472K) NonClass: 1222K(1280K)->1222K(1280K) Class: 97K(192K)->97K(192K)
[2.349s][info][gc          ] GC(4) Pause Young (Allocation Failure) 963M->524M(1979M) 35.235ms
[2.349s][info][gc,cpu      ] GC(4) User=0.03s Sys=0.02s Real=0.04s
[2.680s][info][gc,start    ] GC(5) Pause Young (Allocation Failure)
[2.715s][info][gc,heap     ] GC(5) DefNew: 629120K(629120K)->69888K(629120K) Eden: 559232K(559232K)->0K(559232K) From: 69888K(69888K)->69888K(69888K)
[2.715s][info][gc,heap     ] GC(5) Tenured: 467613K(1398144K)->576938K(1398144K)
[2.715s][info][gc,metaspace] GC(5) Metaspace: 1319K(1472K)->1319K(1472K) NonClass: 1222K(1280K)->1222K(1280K) Class: 97K(192K)->97K(192K)
[2.715s][info][gc          ] GC(5) Pause Young (Allocation Failure) 1071M->631M(1979M) 35.108ms
[2.715s][info][gc,cpu      ] GC(5) User=0.03s Sys=0.00s Real=0.03s
[3.283s][info][gc,start    ] GC(6) Pause Young (Allocation Failure)
[3.339s][info][gc,heap     ] GC(6) DefNew: 629120K(629120K)->69888K(629120K) Eden: 559232K(559232K)->0K(559232K) From: 69888K(69888K)->69888K(69888K)
[3.339s][info][gc,heap     ] GC(6) Tenured: 576938K(1398144K)->671339K(1398144K)
[3.339s][info][gc,metaspace] GC(6) Metaspace: 1543K(1664K)->1543K(1664K) NonClass: 1415K(1472K)->1415K(1472K) Class: 128K(192K)->128K(192K)
[3.339s][info][gc          ] GC(6) Pause Young (Allocation Failure) 1177M->723M(1979M) 56.368ms
[3.339s][info][gc,cpu      ] GC(6) User=0.06s Sys=0.00s Real=0.06s
[4.319s][info][gc,start    ] GC(7) Pause Young (Allocation Failure)
[4.429s][info][gc,heap     ] GC(7) DefNew: 629120K(629120K)->26210K(629120K) Eden: 559232K(559232K)->0K(559232K) From: 69888K(69888K)->26210K(69888K)
[4.429s][info][gc,heap     ] GC(7) Tenured: 671339K(1398144K)->739715K(1398144K)
[4.429s][info][gc,metaspace] GC(7) Metaspace: 1553K(1664K)->1553K(1664K) NonClass: 1425K(1472K)->1425K(1472K) Class: 128K(192K)->128K(192K)
[4.429s][info][gc          ] GC(7) Pause Young (Allocation Failure) 1269M->747M(1979M) 109.838ms
[4.429s][info][gc,cpu      ] GC(7) User=0.11s Sys=0.00s Real=0.11s
[5.437s][info][gc,start    ] GC(8) Pause Young (Allocation Failure)
[5.542s][info][gc,heap     ] GC(8) DefNew: 585442K(629120K)->47706K(629120K) Eden: 559232K(559232K)->0K(559232K) From: 26210K(69888K)->47706K(69888K)
[5.542s][info][gc,heap     ] GC(8) Tenured: 739715K(1398144K)->739715K(1398144K)
[5.542s][info][gc,metaspace] GC(8) Metaspace: 1553K(1664K)->1553K(1664K) NonClass: 1425K(1472K)->1425K(1472K) Class: 128K(192K)->128K(192K)
[5.542s][info][gc          ] GC(8) Pause Young (Allocation Failure) 1294M->768M(1979M) 104.260ms
[5.542s][info][gc,cpu      ] GC(8) User=0.11s Sys=0.00s Real=0.10s
[6.577s][info][gc,start    ] GC(9) Pause Young (Allocation Failure)
[6.697s][info][gc,heap     ] GC(9) DefNew: 606938K(629120K)->41864K(629120K) Eden: 559232K(559232K)->0K(559232K) From: 47706K(69888K)->41864K(69888K)
[6.697s][info][gc,heap     ] GC(9) Tenured: 739715K(1398144K)->762459K(1398144K)
[6.697s][info][gc,metaspace] GC(9) Metaspace: 1553K(1664K)->1553K(1664K) NonClass: 1425K(1472K)->1425K(1472K) Class: 128K(192K)->128K(192K)
[6.697s][info][gc          ] GC(9) Pause Young (Allocation Failure) 1315M->785M(1979M) 119.654ms
[6.697s][info][gc,cpu      ] GC(9) User=0.12s Sys=0.00s Real=0.12s
[7.708s][info][gc,start    ] GC(10) Pause Young (Allocation Failure)
[7.840s][info][gc,heap     ] GC(10) DefNew: 601096K(629120K)->44991K(629120K) Eden: 559232K(559232K)->0K(559232K) From: 41864K(69888K)->44991K(69888K)
[7.840s][info][gc,heap     ] GC(10) Tenured: 762459K(1398144K)->782059K(1398144K)
[7.840s][info][gc,metaspace] GC(10) Metaspace: 1553K(1664K)->1553K(1664K) NonClass: 1425K(1472K)->1425K(1472K) Class: 128K(192K)->128K(192K)
[7.840s][info][gc          ] GC(10) Pause Young (Allocation Failure) 1331M->807M(1979M) 132.071ms
[7.840s][info][gc,cpu      ] GC(10) User=0.12s Sys=0.00s Real=0.13s
[8.854s][info][gc,start    ] GC(11) Pause Young (Allocation Failure)
[8.972s][info][gc,heap     ] GC(11) DefNew: 604223K(629120K)->43928K(629120K) Eden: 559232K(559232K)->0K(559232K) From: 44991K(69888K)->43928K(69888K)
[8.972s][info][gc,heap     ] GC(11) Tenured: 782059K(1398144K)->798587K(1398144K)
[8.972s][info][gc,metaspace] GC(11) Metaspace: 1553K(1664K)->1553K(1664K) NonClass: 1425K(1472K)->1425K(1472K) Class: 128K(192K)->128K(192K)
[8.972s][info][gc          ] GC(11) Pause Young (Allocation Failure) 1353M->822M(1979M) 117.786ms
[8.972s][info][gc,cpu      ] GC(11) User=0.11s Sys=0.02s Real=0.12s
[10.051s][info][gc,start    ] GC(12) Pause Young (Allocation Failure)
[10.184s][info][gc,heap     ] GC(12) DefNew: 603160K(629120K)->29596K(629120K) Eden: 559232K(559232K)->0K(559232K) From: 43928K(69888K)->29596K(69888K)
[10.184s][info][gc,heap     ] GC(12) Tenured: 798587K(1398144K)->827051K(1398144K)
[10.184s][info][gc,metaspace] GC(12) Metaspace: 1553K(1664K)->1553K(1664K) NonClass: 1425K(1472K)->1425K(1472K) Class: 128K(192K)->128K(192K)
[10.184s][info][gc          ] GC(12) Pause Young (Allocation Failure) 1368M->836M(1979M) 133.228ms
[10.184s][info][gc,cpu      ] GC(12) User=0.11s Sys=0.02s Real=0.13s
[11.250s][info][gc,start    ] GC(13) Pause Young (Allocation Failure)
[11.357s][info][gc,heap     ] GC(13) DefNew: 588828K(629120K)->43335K(629120K) Eden: 559232K(559232K)->0K(559232K) From: 29596K(69888K)->43335K(69888K)
[11.357s][info][gc,heap     ] GC(13) Tenured: 827051K(1398144K)->827051K(1398144K)
[11.357s][info][gc,metaspace] GC(13) Metaspace: 1572K(1664K)->1572K(1664K) NonClass: 1443K(1472K)->1443K(1472K) Class: 129K(192K)->129K(192K)
[11.357s][info][gc          ] GC(13) Pause Young (Allocation Failure) 1382M->849M(1979M) 107.072ms
[11.357s][info][gc,cpu      ] GC(13) User=0.11s Sys=0.00s Real=0.11s
[12.378s][info][gc,start    ] GC(14) Pause Young (Allocation Failure)
[12.503s][info][gc,heap     ] GC(14) DefNew: 602567K(629120K)->41460K(629120K) Eden: 559232K(559232K)->0K(559232K) From: 43335K(69888K)->41460K(69888K)
[12.503s][info][gc,heap     ] GC(14) Tenured: 827051K(1398144K)->842514K(1398144K)
[12.503s][info][gc,metaspace] GC(14) Metaspace: 1574K(1664K)->1574K(1664K) NonClass: 1445K(1472K)->1445K(1472K) Class: 129K(192K)->129K(192K)
[12.504s][info][gc          ] GC(14) Pause Young (Allocation Failure) 1396M->863M(1979M) 125.701ms
[12.504s][info][gc,cpu      ] GC(14) User=0.12s Sys=0.00s Real=0.12s
[13.539s][info][gc,start    ] GC(15) Pause Young (Allocation Failure)
[13.665s][info][gc,heap     ] GC(15) DefNew: 600692K(629120K)->40989K(629120K) Eden: 559232K(559232K)->0K(559232K) From: 41460K(69888K)->40989K(69888K)
[13.665s][info][gc,heap     ] GC(15) Tenured: 842514K(1398144K)->856647K(1398144K)
[13.665s][info][gc,metaspace] GC(15) Metaspace: 1574K(1664K)->1574K(1664K) NonClass: 1445K(1472K)->1445K(1472K) Class: 129K(192K)->129K(192K)
[13.665s][info][gc          ] GC(15) Pause Young (Allocation Failure) 1409M->876M(1979M) 125.344ms
[13.665s][info][gc,cpu      ] GC(15) User=0.11s Sys=0.02s Real=0.12s
[14.686s][info][gc,start    ] GC(16) Pause Young (Allocation Failure)
[14.846s][info][gc,heap     ] GC(16) DefNew: 600221K(629120K)->63851K(629120K) Eden: 559232K(559232K)->0K(559232K) From: 40989K(69888K)->63851K(69888K)
[14.846s][info][gc,heap     ] GC(16) Tenured: 856647K(1398144K)->870171K(1398144K)
[14.846s][info][gc,metaspace] GC(16) Metaspace: 1576K(1664K)->1576K(1664K) NonClass: 1446K(1472K)->1446K(1472K) Class: 129K(192K)->129K(192K)
[14.846s][info][gc          ] GC(16) Pause Young (Allocation Failure) 1422M->912M(1979M) 160.230ms
[14.846s][info][gc,cpu      ] GC(16) User=0.17s Sys=0.00s Real=0.16s
[15.934s][info][gc,start    ] GC(17) Pause Young (Allocation Failure)
[16.114s][info][gc,heap     ] GC(17) DefNew: 623083K(629120K)->12521K(629120K) Eden: 559232K(559232K)->0K(559232K) From: 63851K(69888K)->12521K(69888K)
[16.114s][info][gc,heap     ] GC(17) Tenured: 870171K(1398144K)->934023K(1398144K)
[16.114s][info][gc,metaspace] GC(17) Metaspace: 1576K(1664K)->1576K(1664K) NonClass: 1446K(1472K)->1446K(1472K) Class: 129K(192K)->129K(192K)
[16.114s][info][gc          ] GC(17) Pause Young (Allocation Failure) 1458M->924M(1979M) 179.333ms
[16.114s][info][gc,cpu      ] GC(17) User=0.19s Sys=0.00s Real=0.18s
[17.149s][info][gc,start    ] GC(18) Pause Young (Allocation Failure)
[17.304s][info][gc,heap     ] GC(18) DefNew: 571753K(629120K)->69888K(629120K) Eden: 559232K(559232K)->0K(559232K) From: 12521K(69888K)->69888K(69888K)
[17.304s][info][gc,heap     ] GC(18) Tenured: 934023K(1398144K)->936799K(1398144K)
[17.304s][info][gc,metaspace] GC(18) Metaspace: 1651K(1792K)->1651K(1792K) NonClass: 1509K(1600K)->1509K(1600K) Class: 141K(192K)->141K(192K)
[17.304s][info][gc          ] GC(18) Pause Young (Allocation Failure) 1470M->983M(1979M) 155.201ms
[17.304s][info][gc,cpu      ] GC(18) User=0.16s Sys=0.00s Real=0.16s
[17.523s][info][gc,heap,exit] Heap
[17.523s][info][gc,heap,exit]  def new generation   total 629120K, used 97958K [0x0000000700000000, 0x000000072aaa0000, 0x0000000755550000)
[17.523s][info][gc,heap,exit]   eden space 559232K,   5% used [0x0000000700000000, 0x0000000701b69b30, 0x0000000722220000)
[17.523s][info][gc,heap,exit]   from space 69888K, 100% used [0x0000000726660000, 0x000000072aaa0000, 0x000000072aaa0000)
[17.523s][info][gc,heap,exit]   to   space 69888K,   0% used [0x0000000722220000, 0x0000000722220000, 0x0000000726660000)
[17.523s][info][gc,heap,exit]  tenured generation   total 1398144K, used 936799K [0x0000000755550000, 0x00000007aaab0000, 0x0000000800000000)
[17.523s][info][gc,heap,exit]    the space 1398144K,  67% used [0x0000000755550000, 0x000000078e827fe0, 0x000000078e828000, 0x00000007aaab0000)
[17.523s][info][gc,heap,exit]  Metaspace       used 1731K, committed 1856K, reserved 1114112K
[17.523s][info][gc,heap,exit]   class space    used 147K, committed 192K, reserved 1048576K
