[0.009s][info][gc,init] CardTable entry size: 512
[0.009s][info][gc     ] Using Serial
[0.014s][info][gc,init] Version: 21.0.5+9-LTS-239 (release)
[0.014s][info][gc,init] CPUs: 12 total, 12 available
[0.014s][info][gc,init] Memory: 16190M
[0.014s][info][gc,init] Large Page Support: Disabled
[0.014s][info][gc,init] NUMA Support: Disabled
[0.014s][info][gc,init] Compressed Oops: Enabled (Zero based)
[0.014s][info][gc,init] Heap Min Capacity: 2G
[0.014s][info][gc,init] Heap Initial Capacity: 2G
[0.014s][info][gc,init] Heap Max Capacity: 4G
[0.014s][info][gc,init] Pre-touch: Disabled
[0.022s][info][gc,metaspace] CDS archive(s) mapped at: [0x000001b91b000000-0x000001b91bc90000-0x000001b91bc90000), size 13172736, SharedBaseAddress: 0x000001b91b000000, ArchiveRelocationMode: 1.
[0.022s][info][gc,metaspace] Compressed class space mapped at: 0x000001b91c000000-0x000001b95c000000, reserved size: 1073741824
[0.022s][info][gc,metaspace] Narrow klass base: 0x000001b91b000000, Narrow klass shift: 0, Narrow klass range: 0x100000000
[0.876s][info][gc,start    ] GC(0) Pause Young (Allocation Failure)
[0.902s][info][gc,heap     ] GC(0) DefNew: 559232K(629120K)->69888K(629120K) Eden: 559232K(559232K)->0K(559232K) From: 0K(69888K)->69888K(69888K)
[0.902s][info][gc,heap     ] GC(0) Tenured: 0K(1398144K)->31665K(1398144K)
[0.902s][info][gc,metaspace] GC(0) Metaspace: 1319K(1472K)->1319K(1472K) NonClass: 1222K(1280K)->1222K(1280K) Class: 97K(192K)->97K(192K)
[0.902s][info][gc          ] GC(0) Pause Young (Allocation Failure) 546M->99M(1979M) 26.390ms
[0.902s][info][gc,cpu      ] GC(0) User=0.02s Sys=0.02s Real=0.03s
[1.252s][info][gc,start    ] GC(1) Pause Young (Allocation Failure)
[1.298s][info][gc,heap     ] GC(1) DefNew: 629120K(629120K)->69888K(629120K) Eden: 559232K(559232K)->0K(559232K) From: 69888K(69888K)->69888K(69888K)
[1.298s][info][gc,heap     ] GC(1) Tenured: 31665K(1398144K)->141102K(1398144K)
[1.298s][info][gc,metaspace] GC(1) Metaspace: 1320K(1472K)->1320K(1472K) NonClass: 1223K(1280K)->1223K(1280K) Class: 97K(192K)->97K(192K)
[1.298s][info][gc          ] GC(1) Pause Young (Allocation Failure) 645M->206M(1979M) 46.311ms
[1.298s][info][gc,cpu      ] GC(1) User=0.05s Sys=0.00s Real=0.05s
[1.635s][info][gc,start    ] GC(2) Pause Young (Allocation Failure)
[1.671s][info][gc,heap     ] GC(2) DefNew: 629120K(629120K)->69887K(629120K) Eden: 559232K(559232K)->0K(559232K) From: 69888K(69888K)->69887K(69888K)
[1.671s][info][gc,heap     ] GC(2) Tenured: 141102K(1398144K)->250734K(1398144K)
[1.671s][info][gc,metaspace] GC(2) Metaspace: 1320K(1472K)->1320K(1472K) NonClass: 1223K(1280K)->1223K(1280K) Class: 97K(192K)->97K(192K)
[1.671s][info][gc          ] GC(2) Pause Young (Allocation Failure) 752M->313M(1979M) 36.373ms
[1.671s][info][gc,cpu      ] GC(2) User=0.05s Sys=0.00s Real=0.04s
[2.001s][info][gc,start    ] GC(3) Pause Young (Allocation Failure)
[2.036s][info][gc,heap     ] GC(3) DefNew: 629119K(629120K)->69888K(629120K) Eden: 559232K(559232K)->0K(559232K) From: 69887K(69888K)->69888K(69888K)
[2.036s][info][gc,heap     ] GC(3) Tenured: 250734K(1398144K)->359840K(1398144K)
[2.036s][info][gc,metaspace] GC(3) Metaspace: 1320K(1472K)->1320K(1472K) NonClass: 1223K(1280K)->1223K(1280K) Class: 97K(192K)->97K(192K)
[2.036s][info][gc          ] GC(3) Pause Young (Allocation Failure) 859M->419M(1979M) 34.409ms
[2.036s][info][gc,cpu      ] GC(3) User=0.02s Sys=0.02s Real=0.03s
[2.363s][info][gc,start    ] GC(4) Pause Young (Allocation Failure)
[2.401s][info][gc,heap     ] GC(4) DefNew: 629120K(629120K)->69887K(629120K) Eden: 559232K(559232K)->0K(559232K) From: 69888K(69888K)->69887K(69888K)
[2.401s][info][gc,heap     ] GC(4) Tenured: 359840K(1398144K)->469696K(1398144K)
[2.401s][info][gc,metaspace] GC(4) Metaspace: 1320K(1472K)->1320K(1472K) NonClass: 1223K(1280K)->1223K(1280K) Class: 97K(192K)->97K(192K)
[2.401s][info][gc          ] GC(4) Pause Young (Allocation Failure) 965M->526M(1979M) 37.434ms
[2.401s][info][gc,cpu      ] GC(4) User=0.03s Sys=0.00s Real=0.04s
[2.738s][info][gc,start    ] GC(5) Pause Young (Allocation Failure)
[2.774s][info][gc,heap     ] GC(5) DefNew: 629119K(629120K)->69887K(629120K) Eden: 559232K(559232K)->0K(559232K) From: 69887K(69888K)->69887K(69888K)
[2.774s][info][gc,heap     ] GC(5) Tenured: 469696K(1398144K)->579182K(1398144K)
[2.774s][info][gc,metaspace] GC(5) Metaspace: 1320K(1472K)->1320K(1472K) NonClass: 1223K(1280K)->1223K(1280K) Class: 97K(192K)->97K(192K)
[2.774s][info][gc          ] GC(5) Pause Young (Allocation Failure) 1073M->633M(1979M) 35.734ms
[2.774s][info][gc,cpu      ] GC(5) User=0.02s Sys=0.02s Real=0.04s
[3.028s][info][gc,start    ] GC(6) Pause Young (Allocation Failure)
[3.057s][info][gc,heap     ] GC(6) DefNew: 629119K(629120K)->69888K(629120K) Eden: 559232K(559232K)->0K(559232K) From: 69887K(69888K)->69888K(69888K)
[3.057s][info][gc,heap     ] GC(6) Tenured: 579182K(1398144K)->662845K(1398144K)
[3.057s][info][gc,metaspace] GC(6) Metaspace: 1337K(1472K)->1337K(1472K) NonClass: 1236K(1280K)->1236K(1280K) Class: 100K(192K)->100K(192K)
[3.057s][info][gc          ] GC(6) Pause Young (Allocation Failure) 1179M->715M(1979M) 29.181ms
[3.057s][info][gc,cpu      ] GC(6) User=0.02s Sys=0.00s Real=0.03s
[3.520s][info][gc,start    ] GC(7) Pause Young (Allocation Failure)
[3.627s][info][gc,heap     ] GC(7) DefNew: 629120K(629120K)->28394K(629120K) Eden: 559232K(559232K)->0K(559232K) From: 69888K(69888K)->28394K(69888K)
[3.627s][info][gc,heap     ] GC(7) Tenured: 662845K(1398144K)->732731K(1398144K)
[3.627s][info][gc,metaspace] GC(7) Metaspace: 1684K(1856K)->1684K(1856K) NonClass: 1513K(1600K)->1513K(1600K) Class: 170K(256K)->170K(256K)
[3.627s][info][gc          ] GC(7) Pause Young (Allocation Failure) 1261M->743M(1979M) 107.485ms
[3.627s][info][gc,cpu      ] GC(7) User=0.09s Sys=0.02s Real=0.11s
[3.928s][info][gc,start    ] GC(8) Pause Young (Allocation Failure)
[4.031s][info][gc,heap     ] GC(8) DefNew: 587626K(629120K)->49331K(629120K) Eden: 559232K(559232K)->0K(559232K) From: 28394K(69888K)->49331K(69888K)
[4.031s][info][gc,heap     ] GC(8) Tenured: 732731K(1398144K)->732731K(1398144K)
[4.031s][info][gc,metaspace] GC(8) Metaspace: 1684K(1856K)->1684K(1856K) NonClass: 1513K(1600K)->1513K(1600K) Class: 170K(256K)->170K(256K)
[4.032s][info][gc          ] GC(8) Pause Young (Allocation Failure) 1289M->763M(1979M) 103.455ms
[4.032s][info][gc,cpu      ] GC(8) User=0.11s Sys=0.00s Real=0.10s
[4.355s][info][gc,start    ] GC(9) Pause Young (Allocation Failure)
[4.479s][info][gc,heap     ] GC(9) DefNew: 608563K(629120K)->41668K(629120K) Eden: 559232K(559232K)->0K(559232K) From: 49331K(69888K)->41668K(69888K)
[4.479s][info][gc,heap     ] GC(9) Tenured: 732731K(1398144K)->757268K(1398144K)
[4.479s][info][gc,metaspace] GC(9) Metaspace: 1684K(1856K)->1684K(1856K) NonClass: 1513K(1600K)->1513K(1600K) Class: 170K(256K)->170K(256K)
[4.479s][info][gc          ] GC(9) Pause Young (Allocation Failure) 1309M->780M(1979M) 124.563ms
[4.479s][info][gc,cpu      ] GC(9) User=0.11s Sys=0.00s Real=0.12s
[4.814s][info][gc,start    ] GC(10) Pause Young (Allocation Failure)
[4.926s][info][gc,heap     ] GC(10) DefNew: 600900K(629120K)->32459K(629120K) Eden: 559232K(559232K)->0K(559232K) From: 41668K(69888K)->32459K(69888K)
[4.926s][info][gc,heap     ] GC(10) Tenured: 757268K(1398144K)->782060K(1398144K)
[4.926s][info][gc,metaspace] GC(10) Metaspace: 1703K(1920K)->1703K(1920K) NonClass: 1531K(1664K)->1531K(1664K) Class: 171K(256K)->171K(256K)
[4.926s][info][gc          ] GC(10) Pause Young (Allocation Failure) 1326M->795M(1979M) 112.441ms
[4.926s][info][gc,cpu      ] GC(10) User=0.11s Sys=0.00s Real=0.11s
[5.243s][info][gc,start    ] GC(11) Pause Young (Allocation Failure)
[5.367s][info][gc,heap     ] GC(11) DefNew: 591691K(629120K)->59042K(629120K) Eden: 559232K(559232K)->0K(559232K) From: 32459K(69888K)->59042K(69888K)
[5.367s][info][gc,heap     ] GC(11) Tenured: 782060K(1398144K)->782060K(1398144K)
[5.367s][info][gc,metaspace] GC(11) Metaspace: 1704K(1920K)->1704K(1920K) NonClass: 1533K(1664K)->1533K(1664K) Class: 171K(256K)->171K(256K)
[5.367s][info][gc          ] GC(11) Pause Young (Allocation Failure) 1341M->821M(1979M) 124.760ms
[5.367s][info][gc,cpu      ] GC(11) User=0.11s Sys=0.02s Real=0.12s
[5.693s][info][gc,start    ] GC(12) Pause Young (Allocation Failure)
[5.839s][info][gc,heap     ] GC(12) DefNew: 618274K(629120K)->41819K(629120K) Eden: 559232K(559232K)->0K(559232K) From: 59042K(69888K)->41819K(69888K)
[5.839s][info][gc,heap     ] GC(12) Tenured: 782060K(1398144K)->814014K(1398144K)
[5.839s][info][gc,metaspace] GC(12) Metaspace: 1704K(1920K)->1704K(1920K) NonClass: 1533K(1664K)->1533K(1664K) Class: 171K(256K)->171K(256K)
[5.839s][info][gc          ] GC(12) Pause Young (Allocation Failure) 1367M->835M(1979M) 146.587ms
[5.839s][info][gc,cpu      ] GC(12) User=0.14s Sys=0.00s Real=0.15s
[6.168s][info][gc,start    ] GC(13) Pause Young (Allocation Failure)
[6.298s][info][gc,heap     ] GC(13) DefNew: 601051K(629120K)->29265K(629120K) Eden: 559232K(559232K)->0K(559232K) From: 41819K(69888K)->29265K(69888K)
[6.298s][info][gc,heap     ] GC(13) Tenured: 814014K(1398144K)->841101K(1398144K)
[6.298s][info][gc,metaspace] GC(13) Metaspace: 1704K(1920K)->1704K(1920K) NonClass: 1533K(1664K)->1533K(1664K) Class: 171K(256K)->171K(256K)
[6.298s][info][gc          ] GC(13) Pause Young (Allocation Failure) 1381M->849M(1979M) 130.484ms
[6.298s][info][gc,cpu      ] GC(13) User=0.12s Sys=0.02s Real=0.13s
[6.624s][info][gc,start    ] GC(14) Pause Young (Allocation Failure)
[6.737s][info][gc,heap     ] GC(14) DefNew: 588497K(629120K)->43299K(629120K) Eden: 559232K(559232K)->0K(559232K) From: 29265K(69888K)->43299K(69888K)
[6.737s][info][gc,heap     ] GC(14) Tenured: 841101K(1398144K)->841101K(1398144K)
[6.737s][info][gc,metaspace] GC(14) Metaspace: 1704K(1920K)->1704K(1920K) NonClass: 1533K(1664K)->1533K(1664K) Class: 171K(256K)->171K(256K)
[6.737s][info][gc          ] GC(14) Pause Young (Allocation Failure) 1396M->863M(1979M) 113.226ms
[6.737s][info][gc,cpu      ] GC(14) User=0.11s Sys=0.00s Real=0.11s
[7.060s][info][gc,start    ] GC(15) Pause Young (Allocation Failure)
[7.190s][info][gc,heap     ] GC(15) DefNew: 602531K(629120K)->42076K(629120K) Eden: 559232K(559232K)->0K(559232K) From: 43299K(69888K)->42076K(69888K)
[7.190s][info][gc,heap     ] GC(15) Tenured: 841101K(1398144K)->855831K(1398144K)
[7.190s][info][gc,metaspace] GC(15) Metaspace: 1705K(1920K)->1705K(1920K) NonClass: 1533K(1664K)->1533K(1664K) Class: 171K(256K)->171K(256K)
[7.190s][info][gc          ] GC(15) Pause Young (Allocation Failure) 1409M->876M(1979M) 130.804ms
[7.190s][info][gc,cpu      ] GC(15) User=0.12s Sys=0.00s Real=0.13s
[7.536s][info][gc,start    ] GC(16) Pause Young (Allocation Failure)
[7.695s][info][gc,heap     ] GC(16) DefNew: 601308K(629120K)->63745K(629120K) Eden: 559232K(559232K)->0K(559232K) From: 42076K(69888K)->63745K(69888K)
[7.695s][info][gc,heap     ] GC(16) Tenured: 855831K(1398144K)->870099K(1398144K)
[7.695s][info][gc,metaspace] GC(16) Metaspace: 1705K(1920K)->1705K(1920K) NonClass: 1533K(1664K)->1533K(1664K) Class: 171K(256K)->171K(256K)
[7.695s][info][gc          ] GC(16) Pause Young (Allocation Failure) 1422M->911M(1979M) 159.880ms
[7.695s][info][gc,cpu      ] GC(16) User=0.14s Sys=0.00s Real=0.16s
[8.017s][info][gc,start    ] GC(17) Pause Young (Allocation Failure)
[8.181s][info][gc,heap     ] GC(17) DefNew: 622977K(629120K)->12284K(629120K) Eden: 559232K(559232K)->0K(559232K) From: 63745K(69888K)->12284K(69888K)
[8.181s][info][gc,heap     ] GC(17) Tenured: 870099K(1398144K)->933842K(1398144K)
[8.181s][info][gc,metaspace] GC(17) Metaspace: 1705K(1920K)->1705K(1920K) NonClass: 1533K(1664K)->1533K(1664K) Class: 171K(256K)->171K(256K)
[8.181s][info][gc          ] GC(17) Pause Young (Allocation Failure) 1458M->923M(1979M) 164.202ms
[8.181s][info][gc,cpu      ] GC(17) User=0.14s Sys=0.02s Real=0.16s
[8.543s][info][gc,start    ] GC(18) Pause Young (Allocation Failure)
[8.643s][info][gc,heap     ] GC(18) DefNew: 571516K(629120K)->24307K(629120K) Eden: 559232K(559232K)->0K(559232K) From: 12284K(69888K)->24307K(69888K)
[8.643s][info][gc,heap     ] GC(18) Tenured: 933842K(1398144K)->933842K(1398144K)
[8.643s][info][gc,metaspace] GC(18) Metaspace: 1705K(1920K)->1705K(1920K) NonClass: 1533K(1664K)->1533K(1664K) Class: 171K(256K)->171K(256K)
[8.643s][info][gc          ] GC(18) Pause Young (Allocation Failure) 1470M->935M(1979M) 100.317ms
[8.643s][info][gc,cpu      ] GC(18) User=0.09s Sys=0.00s Real=0.10s
[9.071s][info][gc,heap,exit] Heap
[9.071s][info][gc,heap,exit]  def new generation   total 629120K, used 268163K [0x0000000700000000, 0x000000072aaa0000, 0x0000000755550000)
[9.071s][info][gc,heap,exit]   eden space 559232K,  43% used [0x0000000700000000, 0x000000070ee241b0, 0x0000000722220000)
[9.071s][info][gc,heap,exit]   from space 69888K,  34% used [0x0000000726660000, 0x0000000727e1cdf0, 0x000000072aaa0000)
[9.071s][info][gc,heap,exit]   to   space 69888K,   0% used [0x0000000722220000, 0x0000000722220000, 0x0000000726660000)
[9.071s][info][gc,heap,exit]  tenured generation   total 1398144K, used 933842K [0x0000000755550000, 0x00000007aaab0000, 0x0000000800000000)
[9.071s][info][gc,heap,exit]    the space 1398144K,  66% used [0x0000000755550000, 0x000000078e544840, 0x000000078e544a00, 0x00000007aaab0000)
[9.071s][info][gc,heap,exit]  Metaspace       used 1869K, committed 1984K, reserved 1114112K
[9.071s][info][gc,heap,exit]   class space    used 190K, committed 256K, reserved 1048576K
