[0.009s][info][gc,init] CardTable entry size: 512
[0.009s][info][gc     ] Using Serial
[0.014s][info][gc,init] Version: 21.0.5+9-LTS-239 (release)
[0.014s][info][gc,init] CPUs: 12 total, 12 available
[0.014s][info][gc,init] Memory: 16190M
[0.014s][info][gc,init] Large Page Support: Disabled
[0.014s][info][gc,init] NUMA Support: Disabled
[0.014s][info][gc,init] Compressed Oops: Enabled (Zero based)
[0.014s][info][gc,init] Heap Min Capacity: 2G
[0.014s][info][gc,init] Heap Initial Capacity: 2G
[0.014s][info][gc,init] Heap Max Capacity: 4G
[0.014s][info][gc,init] Pre-touch: Disabled
[0.022s][info][gc,metaspace] CDS archive(s) mapped at: [0x000001b6af000000-0x000001b6afc90000-0x000001b6afc90000), size 13172736, SharedBaseAddress: 0x000001b6af000000, ArchiveRelocationMode: 1.
[0.023s][info][gc,metaspace] Compressed class space mapped at: 0x000001b6b0000000-0x000001b6f0000000, reserved size: 1073741824
[0.023s][info][gc,metaspace] Narrow klass base: 0x000001b6af000000, Narrow klass shift: 0, Narrow klass range: 0x100000000
[1.126s][info][gc,start    ] GC(0) Pause Young (Allocation Failure)
[1.200s][info][gc,heap     ] GC(0) DefNew: 559232K(629120K)->60421K(629120K) Eden: 559232K(559232K)->0K(559232K) From: 0K(69888K)->60421K(69888K)
[1.200s][info][gc,heap     ] GC(0) Tenured: 0K(1398144K)->0K(1398144K)
[1.200s][info][gc,metaspace] GC(0) Metaspace: 1536K(1664K)->1536K(1664K) NonClass: 1409K(1472K)->1409K(1472K) Class: 126K(192K)->126K(192K)
[1.200s][info][gc          ] GC(0) Pause Young (Allocation Failure) 546M->59M(1979M) 74.364ms
[1.200s][info][gc,cpu      ] GC(0) User=0.06s Sys=0.02s Real=0.07s
[1.397s][info][gc,heap,exit] Heap
[1.397s][info][gc,heap,exit]  def new generation   total 629120K, used 188325K [0x0000000700000000, 0x000000072aaa0000, 0x0000000755550000)
[1.397s][info][gc,heap,exit]   eden space 559232K,  22% used [0x0000000700000000, 0x0000000707ce7d18, 0x0000000722220000)
[1.397s][info][gc,heap,exit]   from space 69888K,  86% used [0x0000000726660000, 0x000000072a1617a0, 0x000000072aaa0000)
[1.397s][info][gc,heap,exit]   to   space 69888K,   0% used [0x0000000722220000, 0x0000000722220000, 0x0000000726660000)
[1.397s][info][gc,heap,exit]  tenured generation   total 1398144K, used 0K [0x0000000755550000, 0x00000007aaab0000, 0x0000000800000000)
[1.397s][info][gc,heap,exit]    the space 1398144K,   0% used [0x0000000755550000, 0x0000000755550000, 0x0000000755550200, 0x00000007aaab0000)
[1.397s][info][gc,heap,exit]  Metaspace       used 1689K, committed 1792K, reserved 1114112K
[1.397s][info][gc,heap,exit]   class space    used 145K, committed 192K, reserved 1048576K
