[0.009s][info][gc,init] CardTable entry size: 512
[0.009s][info][gc     ] Using Serial
[0.014s][info][gc,init] Version: 21.0.5+9-LTS-239 (release)
[0.014s][info][gc,init] CPUs: 12 total, 12 available
[0.014s][info][gc,init] Memory: 16190M
[0.014s][info][gc,init] Large Page Support: Disabled
[0.014s][info][gc,init] NUMA Support: Disabled
[0.014s][info][gc,init] Compressed Oops: Enabled (Zero based)
[0.014s][info][gc,init] Heap Min Capacity: 2G
[0.014s][info][gc,init] Heap Initial Capacity: 2G
[0.014s][info][gc,init] Heap Max Capacity: 4G
[0.014s][info][gc,init] Pre-touch: Disabled
[0.021s][info][gc,metaspace] CDS archive(s) mapped at: [0x00000262a6000000-0x00000262a6c90000-0x00000262a6c90000), size 13172736, SharedBaseAddress: 0x00000262a6000000, ArchiveRelocationMode: 1.
[0.022s][info][gc,metaspace] Compressed class space mapped at: 0x00000262a7000000-0x00000262e7000000, reserved size: 1073741824
[0.022s][info][gc,metaspace] Narrow klass base: 0x00000262a6000000, Narrow klass shift: 0, Narrow klass range: 0x100000000
[0.850s][info][gc,start    ] GC(0) Pause Young (Allocation Failure)
[0.876s][info][gc,heap     ] GC(0) DefNew: 559232K(629120K)->69888K(629120K) Eden: 559232K(559232K)->0K(559232K) From: 0K(69888K)->69888K(69888K)
[0.876s][info][gc,heap     ] GC(0) Tenured: 0K(1398144K)->31627K(1398144K)
[0.876s][info][gc,metaspace] GC(0) Metaspace: 1318K(1472K)->1318K(1472K) NonClass: 1221K(1280K)->1221K(1280K) Class: 97K(192K)->97K(192K)
[0.876s][info][gc          ] GC(0) Pause Young (Allocation Failure) 546M->99M(1979M) 26.154ms
[0.876s][info][gc,cpu      ] GC(0) User=0.03s Sys=0.00s Real=0.03s
[1.216s][info][gc,start    ] GC(1) Pause Young (Allocation Failure)
[1.261s][info][gc,heap     ] GC(1) DefNew: 629120K(629120K)->69888K(629120K) Eden: 559232K(559232K)->0K(559232K) From: 69888K(69888K)->69888K(69888K)
[1.261s][info][gc,heap     ] GC(1) Tenured: 31627K(1398144K)->138698K(1398144K)
[1.261s][info][gc,metaspace] GC(1) Metaspace: 1319K(1472K)->1319K(1472K) NonClass: 1222K(1280K)->1222K(1280K) Class: 97K(192K)->97K(192K)
[1.261s][info][gc          ] GC(1) Pause Young (Allocation Failure) 645M->203M(1979M) 44.759ms
[1.261s][info][gc,cpu      ] GC(1) User=0.05s Sys=0.00s Real=0.04s
[1.597s][info][gc,start    ] GC(2) Pause Young (Allocation Failure)
[1.631s][info][gc,heap     ] GC(2) DefNew: 629120K(629120K)->69887K(629120K) Eden: 559232K(559232K)->0K(559232K) From: 69888K(69888K)->69887K(69888K)
[1.631s][info][gc,heap     ] GC(2) Tenured: 138698K(1398144K)->248667K(1398144K)
[1.631s][info][gc,metaspace] GC(2) Metaspace: 1319K(1472K)->1319K(1472K) NonClass: 1222K(1280K)->1222K(1280K) Class: 97K(192K)->97K(192K)
[1.631s][info][gc          ] GC(2) Pause Young (Allocation Failure) 749M->311M(1979M) 33.966ms
[1.631s][info][gc,cpu      ] GC(2) User=0.00s Sys=0.03s Real=0.03s
[1.959s][info][gc,start    ] GC(3) Pause Young (Allocation Failure)
[1.996s][info][gc,heap     ] GC(3) DefNew: 629119K(629120K)->69887K(629120K) Eden: 559232K(559232K)->0K(559232K) From: 69887K(69888K)->69887K(69888K)
[1.996s][info][gc,heap     ] GC(3) Tenured: 248667K(1398144K)->357567K(1398144K)
[1.996s][info][gc,metaspace] GC(3) Metaspace: 1319K(1472K)->1319K(1472K) NonClass: 1222K(1280K)->1222K(1280K) Class: 97K(192K)->97K(192K)
[1.996s][info][gc          ] GC(3) Pause Young (Allocation Failure) 857M->417M(1979M) 36.628ms
[1.996s][info][gc,cpu      ] GC(3) User=0.02s Sys=0.03s Real=0.04s
[2.328s][info][gc,start    ] GC(4) Pause Young (Allocation Failure)
[2.364s][info][gc,heap     ] GC(4) DefNew: 629119K(629120K)->69887K(629120K) Eden: 559232K(559232K)->0K(559232K) From: 69887K(69888K)->69887K(69888K)
[2.364s][info][gc,heap     ] GC(4) Tenured: 357567K(1398144K)->467717K(1398144K)
[2.364s][info][gc,metaspace] GC(4) Metaspace: 1319K(1472K)->1319K(1472K) NonClass: 1222K(1280K)->1222K(1280K) Class: 97K(192K)->97K(192K)
[2.364s][info][gc          ] GC(4) Pause Young (Allocation Failure) 963M->525M(1979M) 35.867ms
[2.364s][info][gc,cpu      ] GC(4) User=0.03s Sys=0.00s Real=0.04s
[2.707s][info][gc,start    ] GC(5) Pause Young (Allocation Failure)
[2.742s][info][gc,heap     ] GC(5) DefNew: 629119K(629120K)->69887K(629120K) Eden: 559232K(559232K)->0K(559232K) From: 69887K(69888K)->69887K(69888K)
[2.742s][info][gc,heap     ] GC(5) Tenured: 467717K(1398144K)->576969K(1398144K)
[2.742s][info][gc,metaspace] GC(5) Metaspace: 1319K(1472K)->1319K(1472K) NonClass: 1222K(1280K)->1222K(1280K) Class: 97K(192K)->97K(192K)
[2.742s][info][gc          ] GC(5) Pause Young (Allocation Failure) 1071M->631M(1979M) 34.631ms
[2.742s][info][gc,cpu      ] GC(5) User=0.03s Sys=0.02s Real=0.03s
[3.073s][info][gc,start    ] GC(6) Pause Young (Allocation Failure)
[3.109s][info][gc,heap     ] GC(6) DefNew: 629119K(629120K)->69888K(629120K) Eden: 559232K(559232K)->0K(559232K) From: 69887K(69888K)->69888K(69888K)
[3.109s][info][gc,heap     ] GC(6) Tenured: 576969K(1398144K)->686448K(1398144K)
[3.109s][info][gc,metaspace] GC(6) Metaspace: 1319K(1472K)->1319K(1472K) NonClass: 1222K(1280K)->1222K(1280K) Class: 97K(192K)->97K(192K)
[3.109s][info][gc          ] GC(6) Pause Young (Allocation Failure) 1177M->738M(1979M) 36.353ms
[3.109s][info][gc,cpu      ] GC(6) User=0.03s Sys=0.00s Real=0.04s
[3.449s][info][gc,start    ] GC(7) Pause Young (Allocation Failure)
[3.483s][info][gc,heap     ] GC(7) DefNew: 629120K(629120K)->69888K(629120K) Eden: 559232K(559232K)->0K(559232K) From: 69888K(69888K)->69888K(69888K)
[3.483s][info][gc,heap     ] GC(7) Tenured: 686448K(1398144K)->795760K(1398144K)
[3.483s][info][gc,metaspace] GC(7) Metaspace: 1319K(1472K)->1319K(1472K) NonClass: 1222K(1280K)->1222K(1280K) Class: 97K(192K)->97K(192K)
[3.484s][info][gc          ] GC(7) Pause Young (Allocation Failure) 1284M->845M(1979M) 34.702ms
[3.484s][info][gc,cpu      ] GC(7) User=0.03s Sys=0.00s Real=0.04s
[3.815s][info][gc,start    ] GC(8) Pause Young (Allocation Failure)
[3.849s][info][gc,heap     ] GC(8) DefNew: 629120K(629120K)->69888K(629120K) Eden: 559232K(559232K)->0K(559232K) From: 69888K(69888K)->69888K(69888K)
[3.849s][info][gc,heap     ] GC(8) Tenured: 795760K(1398144K)->904737K(1398144K)
[3.849s][info][gc,metaspace] GC(8) Metaspace: 1320K(1472K)->1320K(1472K) NonClass: 1223K(1280K)->1223K(1280K) Class: 97K(192K)->97K(192K)
[3.849s][info][gc          ] GC(8) Pause Young (Allocation Failure) 1391M->951M(1979M) 34.107ms
[3.849s][info][gc,cpu      ] GC(8) User=0.00s Sys=0.03s Real=0.03s
[4.198s][info][gc,start    ] GC(9) Pause Young (Allocation Failure)
[4.242s][info][gc,heap     ] GC(9) DefNew: 629120K(629120K)->69887K(629120K) Eden: 559232K(559232K)->0K(559232K) From: 69888K(69888K)->69887K(69888K)
[4.242s][info][gc,heap     ] GC(9) Tenured: 904737K(1398144K)->1014929K(1398144K)
[4.242s][info][gc,metaspace] GC(9) Metaspace: 1320K(1472K)->1320K(1472K) NonClass: 1223K(1280K)->1223K(1280K) Class: 97K(192K)->97K(192K)
[4.242s][info][gc          ] GC(9) Pause Young (Allocation Failure) 1497M->1059M(1979M) 44.017ms
[4.242s][info][gc,cpu      ] GC(9) User=0.02s Sys=0.03s Real=0.04s
[4.850s][info][gc,start    ] GC(10) Pause Young (Allocation Failure)
[4.895s][info][gc,heap     ] GC(10) DefNew: 629119K(629120K)->69887K(629120K) Eden: 559232K(559232K)->0K(559232K) From: 69887K(69888K)->69887K(69888K)
[4.895s][info][gc,heap     ] GC(10) Tenured: 1014929K(1398144K)->1126130K(1398144K)
[4.895s][info][gc,metaspace] GC(10) Metaspace: 1320K(1472K)->1320K(1472K) NonClass: 1223K(1280K)->1223K(1280K) Class: 97K(192K)->97K(192K)
[4.895s][info][gc          ] GC(10) Pause Young (Allocation Failure) 1605M->1167M(1979M) 45.268ms
[4.895s][info][gc,cpu      ] GC(10) User=0.03s Sys=0.02s Real=0.05s
[5.255s][info][gc,start    ] GC(11) Pause Young (Allocation Failure)
[5.290s][info][gc,heap     ] GC(11) DefNew: 629119K(629120K)->69887K(629120K) Eden: 559232K(559232K)->0K(559232K) From: 69887K(69888K)->69887K(69888K)
[5.290s][info][gc,heap     ] GC(11) Tenured: 1126130K(1398144K)->1235957K(1398144K)
[5.290s][info][gc,metaspace] GC(11) Metaspace: 1320K(1472K)->1320K(1472K) NonClass: 1223K(1280K)->1223K(1280K) Class: 97K(192K)->97K(192K)
[5.291s][info][gc          ] GC(11) Pause Young (Allocation Failure) 1714M->1275M(1979M) 35.921ms
[5.291s][info][gc,cpu      ] GC(11) User=0.03s Sys=0.02s Real=0.04s
[5.633s][info][gc,start    ] GC(12) Pause Young (Allocation Failure)
[5.668s][info][gc,heap     ] GC(12) DefNew: 629119K(629120K)->69888K(629120K) Eden: 559232K(559232K)->0K(559232K) From: 69887K(69888K)->69888K(69888K)
[5.668s][info][gc,heap     ] GC(12) Tenured: 1235957K(1398144K)->1346097K(1398144K)
[5.668s][info][gc,metaspace] GC(12) Metaspace: 1320K(1472K)->1320K(1472K) NonClass: 1223K(1280K)->1223K(1280K) Class: 97K(192K)->97K(192K)
[5.668s][info][gc          ] GC(12) Pause Young (Allocation Failure) 1821M->1382M(1979M) 35.778ms
[5.668s][info][gc,cpu      ] GC(12) User=0.03s Sys=0.00s Real=0.04s
[6.008s][info][gc,start    ] GC(13) Pause Young (Allocation Failure)
[6.046s][info][gc          ] GC(13) Pause Young (Allocation Failure) 1928M->1491M(2037M) 37.636ms
[6.046s][info][gc,cpu      ] GC(13) User=0.03s Sys=0.00s Real=0.04s
[6.046s][info][gc,start    ] GC(14) Pause Full (Allocation Failure)
[6.046s][info][gc,phases,start] GC(14) Phase 1: Mark live objects
[6.050s][info][gc,phases      ] GC(14) Phase 1: Mark live objects 4.114ms
[6.050s][info][gc,phases,start] GC(14) Phase 2: Compute new object addresses
[6.052s][info][gc,phases      ] GC(14) Phase 2: Compute new object addresses 2.595ms
[6.053s][info][gc,phases,start] GC(14) Phase 3: Adjust pointers
[6.055s][info][gc,phases      ] GC(14) Phase 3: Adjust pointers 2.134ms
[6.055s][info][gc,phases,start] GC(14) Phase 4: Move objects
[6.063s][info][gc,phases      ] GC(14) Phase 4: Move objects 7.864ms
[6.066s][info][gc,heap        ] GC(14) DefNew: 629120K(629120K)->69877K(1092864K) Eden: 559232K(559232K)->69877K(971456K) From: 69888K(69888K)->0K(121408K)
[6.066s][info][gc,heap        ] GC(14) Tenured: 1346097K(1398144K)->1457071K(2428456K)
[6.066s][info][gc,metaspace   ] GC(14) Metaspace: 1320K(1472K)->1320K(1472K) NonClass: 1223K(1280K)->1223K(1280K) Class: 97K(192K)->97K(192K)
[6.066s][info][gc             ] GC(14) Pause Full (Allocation Failure) 1491M->1491M(3438M) 20.763ms
[6.066s][info][gc,cpu         ] GC(14) User=0.02s Sys=0.00s Real=0.02s
[6.672s][info][gc,start       ] GC(15) Pause Young (Allocation Failure)
[6.737s][info][gc,heap        ] GC(15) DefNew: 971456K(1092864K)->121408K(1092864K) Eden: 971456K(971456K)->0K(971456K) From: 0K(121408K)->121408K(121408K)
[6.737s][info][gc,heap        ] GC(15) Tenured: 1457071K(2428456K)->1581236K(2428456K)
[6.737s][info][gc,metaspace   ] GC(15) Metaspace: 1320K(1472K)->1320K(1472K) NonClass: 1223K(1280K)->1223K(1280K) Class: 97K(192K)->97K(192K)
[6.737s][info][gc             ] GC(15) Pause Young (Allocation Failure) 2371M->1662M(3438M) 64.995ms
[6.737s][info][gc,cpu         ] GC(15) User=0.06s Sys=0.00s Real=0.07s
[7.274s][info][gc,start       ] GC(16) Pause Young (Allocation Failure)
[7.352s][info][gc,heap        ] GC(16) DefNew: 1092864K(1092864K)->121408K(1092864K) Eden: 971456K(971456K)->0K(971456K) From: 121408K(121408K)->121408K(121408K)
[7.352s][info][gc,heap        ] GC(16) Tenured: 1581236K(2428456K)->1756297K(2428456K)
[7.352s][info][gc,metaspace   ] GC(16) Metaspace: 1333K(1472K)->1333K(1472K) NonClass: 1232K(1280K)->1232K(1280K) Class: 100K(192K)->100K(192K)
[7.352s][info][gc             ] GC(16) Pause Young (Allocation Failure) 2611M->1833M(3438M) 77.562ms
[7.352s][info][gc,cpu         ] GC(16) User=0.06s Sys=0.02s Real=0.08s
[8.207s][info][gc,start       ] GC(17) Pause Young (Allocation Failure)
[8.376s][info][gc,heap        ] GC(17) DefNew: 1092864K(1092864K)->44125K(1092864K) Eden: 971456K(971456K)->0K(971456K) From: 121408K(121408K)->44125K(121408K)
[8.376s][info][gc,heap        ] GC(17) Tenured: 1756297K(2428456K)->1877703K(2428456K)
[8.376s][info][gc,metaspace   ] GC(17) Metaspace: 1730K(1920K)->1730K(1920K) NonClass: 1545K(1664K)->1545K(1664K) Class: 184K(256K)->184K(256K)
[8.376s][info][gc             ] GC(17) Pause Young (Allocation Failure) 2782M->1876M(3438M) 168.686ms
[8.376s][info][gc,cpu         ] GC(17) User=0.17s Sys=0.00s Real=0.17s
[8.952s][info][gc,start       ] GC(18) Pause Young (Allocation Failure)
[9.104s][info][gc,heap        ] GC(18) DefNew: 1015581K(1092864K)->73648K(1092864K) Eden: 971456K(971456K)->0K(971456K) From: 44125K(121408K)->73648K(121408K)
[9.104s][info][gc,heap        ] GC(18) Tenured: 1877703K(2428456K)->1877703K(2428456K)
[9.104s][info][gc,metaspace   ] GC(18) Metaspace: 1750K(1920K)->1750K(1920K) NonClass: 1564K(1664K)->1564K(1664K) Class: 185K(256K)->185K(256K)
[9.104s][info][gc             ] GC(18) Pause Young (Allocation Failure) 2825M->1905M(3438M) 151.360ms
[9.104s][info][gc,cpu         ] GC(18) User=0.16s Sys=0.00s Real=0.15s
[9.684s][info][gc,start       ] GC(19) Pause Young (Allocation Failure)
[9.893s][info][gc,heap        ] GC(19) DefNew: 1045104K(1092864K)->66148K(1092864K) Eden: 971456K(971456K)->0K(971456K) From: 73648K(121408K)->66148K(121408K)
[9.893s][info][gc,heap        ] GC(19) Tenured: 1877703K(2428456K)->1914674K(2428456K)
[9.893s][info][gc,metaspace   ] GC(19) Metaspace: 1754K(1920K)->1754K(1920K) NonClass: 1569K(1664K)->1569K(1664K) Class: 185K(256K)->185K(256K)
[9.893s][info][gc             ] GC(19) Pause Young (Allocation Failure) 2854M->1934M(3438M) 209.181ms
[9.893s][info][gc,cpu         ] GC(19) User=0.19s Sys=0.02s Real=0.21s
[10.484s][info][gc,start       ] GC(20) Pause Young (Allocation Failure)
[10.654s][info][gc,heap        ] GC(20) DefNew: 1037604K(1092864K)->61620K(1092864K) Eden: 971456K(971456K)->0K(971456K) From: 66148K(121408K)->61620K(121408K)
[10.654s][info][gc,heap        ] GC(20) Tenured: 1914674K(2428456K)->1943224K(2428456K)
[10.654s][info][gc,metaspace   ] GC(20) Metaspace: 1754K(1920K)->1754K(1920K) NonClass: 1569K(1664K)->1569K(1664K) Class: 185K(256K)->185K(256K)
[10.654s][info][gc             ] GC(20) Pause Young (Allocation Failure) 2883M->1957M(3438M) 169.883ms
[10.654s][info][gc,cpu         ] GC(20) User=0.17s Sys=0.00s Real=0.17s
[11.252s][info][gc,start       ] GC(21) Pause Young (Allocation Failure)
[11.426s][info][gc,heap        ] GC(21) DefNew: 1033076K(1092864K)->47470K(1092864K) Eden: 971456K(971456K)->0K(971456K) From: 61620K(121408K)->47470K(121408K)
[11.426s][info][gc,heap        ] GC(21) Tenured: 1943224K(2428456K)->1980819K(2428456K)
[11.426s][info][gc,metaspace   ] GC(21) Metaspace: 1755K(1920K)->1755K(1920K) NonClass: 1569K(1664K)->1569K(1664K) Class: 185K(256K)->185K(256K)
[11.426s][info][gc             ] GC(21) Pause Young (Allocation Failure) 2906M->1980M(3438M) 173.658ms
[11.426s][info][gc,cpu         ] GC(21) User=0.16s Sys=0.02s Real=0.17s
[12.069s][info][gc,start       ] GC(22) Pause Young (Allocation Failure)
[12.283s][info][gc,heap        ] GC(22) DefNew: 1018926K(1092864K)->93350K(1092864K) Eden: 971456K(971456K)->0K(971456K) From: 47470K(121408K)->93350K(121408K)
[12.283s][info][gc,heap        ] GC(22) Tenured: 1980819K(2428456K)->1980819K(2428456K)
[12.283s][info][gc,metaspace   ] GC(22) Metaspace: 1755K(1920K)->1755K(1920K) NonClass: 1570K(1664K)->1570K(1664K) Class: 185K(256K)->185K(256K)
[12.283s][info][gc             ] GC(22) Pause Young (Allocation Failure) 2929M->2025M(3438M) 214.572ms
[12.283s][info][gc,cpu         ] GC(22) User=0.22s Sys=0.00s Real=0.21s
[12.900s][info][gc,start       ] GC(23) Pause Young (Allocation Failure)
[13.130s][info][gc,heap        ] GC(23) DefNew: 1064806K(1092864K)->68514K(1092864K) Eden: 971456K(971456K)->0K(971456K) From: 93350K(121408K)->68514K(121408K)
[13.130s][info][gc,heap        ] GC(23) Tenured: 1980819K(2428456K)->2027472K(2428456K)
[13.130s][info][gc,metaspace   ] GC(23) Metaspace: 1755K(1920K)->1755K(1920K) NonClass: 1570K(1664K)->1570K(1664K) Class: 185K(256K)->185K(256K)
[13.130s][info][gc             ] GC(23) Pause Young (Allocation Failure) 2974M->2046M(3438M) 229.809ms
[13.130s][info][gc,cpu         ] GC(23) User=0.22s Sys=0.00s Real=0.23s
[13.734s][info][gc,start       ] GC(24) Pause Young (Allocation Failure)
[13.929s][info][gc,heap        ] GC(24) DefNew: 1039970K(1092864K)->42360K(1092864K) Eden: 971456K(971456K)->0K(971456K) From: 68514K(121408K)->42360K(121408K)
[13.929s][info][gc,heap        ] GC(24) Tenured: 2027472K(2428456K)->2074167K(2428456K)
[13.929s][info][gc,metaspace   ] GC(24) Metaspace: 1755K(1920K)->1755K(1920K) NonClass: 1570K(1664K)->1570K(1664K) Class: 185K(256K)->185K(256K)
[13.929s][info][gc             ] GC(24) Pause Young (Allocation Failure) 2995M->2066M(3438M) 195.915ms
[13.929s][info][gc,cpu         ] GC(24) User=0.17s Sys=0.03s Real=0.20s
[14.530s][info][gc,start       ] GC(25) Pause Young (Allocation Failure)
[14.706s][info][gc,heap        ] GC(25) DefNew: 1013816K(1092864K)->62778K(1092864K) Eden: 971456K(971456K)->0K(971456K) From: 42360K(121408K)->62778K(121408K)
[14.706s][info][gc,heap        ] GC(25) Tenured: 2074167K(2428456K)->2074167K(2428456K)
[14.706s][info][gc,metaspace   ] GC(25) Metaspace: 1756K(1920K)->1756K(1920K) NonClass: 1570K(1664K)->1570K(1664K) Class: 185K(256K)->185K(256K)
[14.706s][info][gc             ] GC(25) Pause Young (Allocation Failure) 3015M->2086M(3438M) 176.620ms
[14.706s][info][gc,cpu         ] GC(25) User=0.17s Sys=0.00s Real=0.18s
[15.309s][info][gc,start       ] GC(26) Pause Young (Allocation Failure)
[15.529s][info][gc,heap        ] GC(26) DefNew: 1034234K(1092864K)->61004K(1092864K) Eden: 971456K(971456K)->0K(971456K) From: 62778K(121408K)->61004K(121408K)
[15.529s][info][gc,heap        ] GC(26) Tenured: 2074167K(2428456K)->2095983K(2428456K)
[15.529s][info][gc,metaspace   ] GC(26) Metaspace: 1756K(1920K)->1756K(1920K) NonClass: 1570K(1664K)->1570K(1664K) Class: 185K(256K)->185K(256K)
[15.529s][info][gc             ] GC(26) Pause Young (Allocation Failure) 3035M->2106M(3438M) 219.547ms
[15.529s][info][gc,cpu         ] GC(26) User=0.22s Sys=0.00s Real=0.22s
[16.146s][info][gc,start       ] GC(27) Pause Young (Allocation Failure)
[16.356s][info][gc,heap        ] GC(27) DefNew: 1032460K(1092864K)->60988K(1092864K) Eden: 971456K(971456K)->0K(971456K) From: 61004K(121408K)->60988K(121408K)
[16.356s][info][gc,heap        ] GC(27) Tenured: 2095983K(2428456K)->2116525K(2428456K)
[16.356s][info][gc,metaspace   ] GC(27) Metaspace: 1756K(1920K)->1756K(1920K) NonClass: 1570K(1664K)->1570K(1664K) Class: 185K(256K)->185K(256K)
[16.356s][info][gc             ] GC(27) Pause Young (Allocation Failure) 3055M->2126M(3438M) 210.464ms
[16.356s][info][gc,cpu         ] GC(27) User=0.22s Sys=0.00s Real=0.21s
[16.959s][info][gc,start       ] GC(28) Pause Young (Allocation Failure)
[17.176s][info][gc,heap        ] GC(28) DefNew: 1032444K(1092864K)->60545K(1092864K) Eden: 971456K(971456K)->0K(971456K) From: 60988K(121408K)->60545K(121408K)
[17.176s][info][gc,heap        ] GC(28) Tenured: 2116525K(2428456K)->2136942K(2428456K)
[17.176s][info][gc,metaspace   ] GC(28) Metaspace: 1756K(1920K)->1756K(1920K) NonClass: 1570K(1664K)->1570K(1664K) Class: 185K(256K)->185K(256K)
[17.176s][info][gc             ] GC(28) Pause Young (Allocation Failure) 3075M->2145M(3438M) 216.922ms
[17.176s][info][gc,cpu         ] GC(28) User=0.22s Sys=0.00s Real=0.22s
[17.790s][info][gc,start       ] GC(29) Pause Young (Allocation Failure)
[18.015s][info][gc,heap        ] GC(29) DefNew: 1032001K(1092864K)->80334K(1092864K) Eden: 971456K(971456K)->0K(971456K) From: 60545K(121408K)->80334K(121408K)
[18.015s][info][gc,heap        ] GC(29) Tenured: 2136942K(2428456K)->2136942K(2428456K)
[18.015s][info][gc,metaspace   ] GC(29) Metaspace: 1756K(1920K)->1756K(1920K) NonClass: 1570K(1664K)->1570K(1664K) Class: 185K(256K)->185K(256K)
[18.015s][info][gc             ] GC(29) Pause Young (Allocation Failure) 3094M->2165M(3438M) 225.386ms
[18.015s][info][gc,cpu         ] GC(29) User=0.22s Sys=0.00s Real=0.23s
[18.649s][info][gc,start       ] GC(30) Pause Young (Allocation Failure)
[18.949s][info][gc,heap        ] GC(30) DefNew: 1051790K(1092864K)->121408K(1092864K) Eden: 971456K(971456K)->0K(971456K) From: 80334K(121408K)->121408K(121408K)
[18.949s][info][gc,heap        ] GC(30) Tenured: 2136942K(2428456K)->2162103K(2428456K)
[18.949s][info][gc,metaspace   ] GC(30) Metaspace: 1758K(1920K)->1758K(1920K) NonClass: 1572K(1664K)->1572K(1664K) Class: 185K(256K)->185K(256K)
[18.949s][info][gc             ] GC(30) Pause Young (Allocation Failure) 3113M->2229M(3438M) 299.982ms
[18.949s][info][gc,cpu         ] GC(30) User=0.30s Sys=0.00s Real=0.30s
[19.722s][info][gc,start       ] GC(31) Pause Young (Allocation Failure)
[20.052s][info][gc,heap        ] GC(31) DefNew: 1092864K(1092864K)->18921K(1092864K) Eden: 971456K(971456K)->0K(971456K) From: 121408K(121408K)->18921K(121408K)
[20.052s][info][gc,heap        ] GC(31) Tenured: 2162103K(2428456K)->2283508K(2428456K)
[20.052s][info][gc,metaspace   ] GC(31) Metaspace: 1758K(1920K)->1758K(1920K) NonClass: 1572K(1664K)->1572K(1664K) Class: 185K(256K)->185K(256K)
[20.052s][info][gc             ] GC(31) Pause Young (Allocation Failure) 3178M->2248M(3438M) 330.731ms
[20.052s][info][gc,cpu         ] GC(31) User=0.33s Sys=0.00s Real=0.33s
[20.778s][info][gc,start       ] GC(32) Pause Young (Allocation Failure)
[20.948s][info][gc,heap        ] GC(32) DefNew: 990377K(1092864K)->37789K(1092864K) Eden: 971456K(971456K)->0K(971456K) From: 18921K(121408K)->37789K(121408K)
[20.948s][info][gc,heap        ] GC(32) Tenured: 2283508K(2428456K)->2283508K(2428456K)
[20.948s][info][gc,metaspace   ] GC(32) Metaspace: 1760K(1920K)->1760K(1920K) NonClass: 1574K(1664K)->1574K(1664K) Class: 185K(256K)->185K(256K)
[20.948s][info][gc             ] GC(32) Pause Young (Allocation Failure) 3197M->2266M(3438M) 170.473ms
[20.948s][info][gc,cpu         ] GC(32) User=0.17s Sys=0.00s Real=0.17s
[21.568s][info][gc,start       ] GC(33) Pause Young (Allocation Failure)
[21.765s][info][gc,heap        ] GC(33) DefNew: 1009245K(1092864K)->55319K(1092864K) Eden: 971456K(971456K)->0K(971456K) From: 37789K(121408K)->55319K(121408K)
[21.765s][info][gc,heap        ] GC(33) Tenured: 2283508K(2428456K)->2283508K(2428456K)
[21.765s][info][gc,metaspace   ] GC(33) Metaspace: 1760K(1920K)->1760K(1920K) NonClass: 1574K(1664K)->1574K(1664K) Class: 185K(256K)->185K(256K)
[21.765s][info][gc             ] GC(33) Pause Young (Allocation Failure) 3215M->2284M(3438M) 196.786ms
[21.765s][info][gc,cpu         ] GC(33) User=0.20s Sys=0.00s Real=0.20s
[22.744s][info][gc,start       ] GC(34) Pause Young (Allocation Failure)
[23.027s][info][gc,heap        ] GC(34) DefNew: 1023240K(1092864K)->121408K(1092864K) Eden: 967921K(971456K)->0K(971456K) From: 55319K(121408K)->121408K(121408K)
[23.027s][info][gc,heap        ] GC(34) Tenured: 2283508K(2428456K)->2284074K(2428456K)
[23.027s][info][gc,metaspace   ] GC(34) Metaspace: 1859K(1984K)->1859K(1984K) NonClass: 1660K(1728K)->1660K(1728K) Class: 198K(256K)->198K(256K)
[23.027s][info][gc             ] GC(34) Pause Young (Allocation Failure) 3229M->2349M(3438M) 282.647ms
[23.027s][info][gc,cpu         ] GC(34) User=0.28s Sys=0.00s Real=0.28s
[23.510s][info][gc,heap,exit   ] Heap
[23.510s][info][gc,heap,exit   ]  def new generation   total 1092864K, used 218319K [0x0000000700000000, 0x000000074a1d0000, 0x0000000755550000)
[23.510s][info][gc,heap,exit   ]   eden space 971456K,   9% used [0x0000000700000000, 0x0000000705ea3f08, 0x000000073b4b0000)
[23.510s][info][gc,heap,exit   ]   from space 121408K, 100% used [0x000000073b4b0000, 0x0000000742b40000, 0x0000000742b40000)
[23.510s][info][gc,heap,exit   ]   to   space 121408K,   0% used [0x0000000742b40000, 0x0000000742b40000, 0x000000074a1d0000)
[23.510s][info][gc,heap,exit   ]  tenured generation   total 2428456K, used 2284074K [0x0000000755550000, 0x00000007e98da000, 0x0000000800000000)
[23.510s][info][gc,heap,exit   ]    the space 2428456K,  94% used [0x0000000755550000, 0x00000007e0bdaba8, 0x00000007e0bdac00, 0x00000007e98da000)
[23.511s][info][gc,heap,exit   ]  Metaspace       used 1930K, committed 2048K, reserved 1114112K
[23.511s][info][gc,heap,exit   ]   class space    used 205K, committed 256K, reserved 1048576K
