[0.009s][info][gc,init] CardTable entry size: 512
[0.009s][info][gc     ] Using Serial
[0.014s][info][gc,init] Version: 21.0.5+9-LTS-239 (release)
[0.014s][info][gc,init] CPUs: 12 total, 12 available
[0.014s][info][gc,init] Memory: 16190M
[0.014s][info][gc,init] Large Page Support: Disabled
[0.014s][info][gc,init] NUMA Support: Disabled
[0.014s][info][gc,init] Compressed Oops: Enabled (Zero based)
[0.014s][info][gc,init] Heap Min Capacity: 2G
[0.014s][info][gc,init] Heap Initial Capacity: 2G
[0.014s][info][gc,init] Heap Max Capacity: 4G
[0.014s][info][gc,init] Pre-touch: Disabled
[0.021s][info][gc,metaspace] CDS archive(s) mapped at: [0x0000022ea0000000-0x0000022ea0c90000-0x0000022ea0c90000), size 13172736, SharedBaseAddress: 0x0000022ea0000000, ArchiveRelocationMode: 1.
[0.022s][info][gc,metaspace] Compressed class space mapped at: 0x0000022ea1000000-0x0000022ee1000000, reserved size: 1073741824
[0.022s][info][gc,metaspace] Narrow klass base: 0x0000022ea0000000, Narrow klass shift: 0, Narrow klass range: 0x100000000
[0.846s][info][gc,start    ] GC(0) Pause Young (Allocation Failure)
[0.872s][info][gc,heap     ] GC(0) DefNew: 559232K(629120K)->69887K(629120K) Eden: 559232K(559232K)->0K(559232K) From: 0K(69888K)->69887K(69888K)
[0.872s][info][gc,heap     ] GC(0) Tenured: 0K(1398144K)->31625K(1398144K)
[0.872s][info][gc,metaspace] GC(0) Metaspace: 1319K(1472K)->1319K(1472K) NonClass: 1222K(1280K)->1222K(1280K) Class: 97K(192K)->97K(192K)
[0.872s][info][gc          ] GC(0) Pause Young (Allocation Failure) 546M->99M(1979M) 26.250ms
[0.872s][info][gc,cpu      ] GC(0) User=0.05s Sys=0.00s Real=0.03s
[1.236s][info][gc,start    ] GC(1) Pause Young (Allocation Failure)
[1.278s][info][gc,heap     ] GC(1) DefNew: 629119K(629120K)->69887K(629120K) Eden: 559232K(559232K)->0K(559232K) From: 69887K(69888K)->69887K(69888K)
[1.278s][info][gc,heap     ] GC(1) Tenured: 31625K(1398144K)->138681K(1398144K)
[1.279s][info][gc,metaspace] GC(1) Metaspace: 1321K(1472K)->1321K(1472K) NonClass: 1223K(1280K)->1223K(1280K) Class: 97K(192K)->97K(192K)
[1.279s][info][gc          ] GC(1) Pause Young (Allocation Failure) 645M->203M(1979M) 43.012ms
[1.279s][info][gc,cpu      ] GC(1) User=0.02s Sys=0.03s Real=0.04s
[1.624s][info][gc,start    ] GC(2) Pause Young (Allocation Failure)
[1.658s][info][gc,heap     ] GC(2) DefNew: 629119K(629120K)->69887K(629120K) Eden: 559232K(559232K)->0K(559232K) From: 69887K(69888K)->69887K(69888K)
[1.658s][info][gc,heap     ] GC(2) Tenured: 138681K(1398144K)->248789K(1398144K)
[1.658s][info][gc,metaspace] GC(2) Metaspace: 1321K(1472K)->1321K(1472K) NonClass: 1223K(1280K)->1223K(1280K) Class: 97K(192K)->97K(192K)
[1.658s][info][gc          ] GC(2) Pause Young (Allocation Failure) 749M->311M(1979M) 34.210ms
[1.658s][info][gc,cpu      ] GC(2) User=0.03s Sys=0.00s Real=0.03s
[2.009s][info][gc,start    ] GC(3) Pause Young (Allocation Failure)
[2.066s][info][gc,heap     ] GC(3) DefNew: 629119K(629120K)->69887K(629120K) Eden: 559232K(559232K)->0K(559232K) From: 69887K(69888K)->69887K(69888K)
[2.066s][info][gc,heap     ] GC(3) Tenured: 248789K(1398144K)->357577K(1398144K)
[2.066s][info][gc,metaspace] GC(3) Metaspace: 1321K(1472K)->1321K(1472K) NonClass: 1223K(1280K)->1223K(1280K) Class: 97K(192K)->97K(192K)
[2.066s][info][gc          ] GC(3) Pause Young (Allocation Failure) 857M->417M(1979M) 57.434ms
[2.066s][info][gc,cpu      ] GC(3) User=0.03s Sys=0.02s Real=0.06s
[2.868s][info][gc,start    ] GC(4) Pause Young (Allocation Failure)
[2.915s][info][gc,heap     ] GC(4) DefNew: 629119K(629120K)->69888K(629120K) Eden: 559232K(559232K)->0K(559232K) From: 69887K(69888K)->69888K(69888K)
[2.915s][info][gc,heap     ] GC(4) Tenured: 357577K(1398144K)->467587K(1398144K)
[2.915s][info][gc,metaspace] GC(4) Metaspace: 1321K(1472K)->1321K(1472K) NonClass: 1223K(1280K)->1223K(1280K) Class: 97K(192K)->97K(192K)
[2.915s][info][gc          ] GC(4) Pause Young (Allocation Failure) 963M->524M(1979M) 46.649ms
[2.915s][info][gc,cpu      ] GC(4) User=0.03s Sys=0.02s Real=0.05s
[3.299s][info][gc,start    ] GC(5) Pause Young (Allocation Failure)
[3.338s][info][gc,heap     ] GC(5) DefNew: 629120K(629120K)->69888K(629120K) Eden: 559232K(559232K)->0K(559232K) From: 69888K(69888K)->69888K(69888K)
[3.338s][info][gc,heap     ] GC(5) Tenured: 467587K(1398144K)->576955K(1398144K)
[3.338s][info][gc,metaspace] GC(5) Metaspace: 1321K(1472K)->1321K(1472K) NonClass: 1223K(1280K)->1223K(1280K) Class: 97K(192K)->97K(192K)
[3.338s][info][gc          ] GC(5) Pause Young (Allocation Failure) 1071M->631M(1979M) 38.760ms
[3.338s][info][gc,cpu      ] GC(5) User=0.02s Sys=0.03s Real=0.04s
[3.695s][info][gc,start    ] GC(6) Pause Young (Allocation Failure)
[3.732s][info][gc,heap     ] GC(6) DefNew: 629120K(629120K)->69887K(629120K) Eden: 559232K(559232K)->0K(559232K) From: 69888K(69888K)->69887K(69888K)
[3.733s][info][gc,heap     ] GC(6) Tenured: 576955K(1398144K)->686409K(1398144K)
[3.733s][info][gc,metaspace] GC(6) Metaspace: 1321K(1472K)->1321K(1472K) NonClass: 1223K(1280K)->1223K(1280K) Class: 97K(192K)->97K(192K)
[3.733s][info][gc          ] GC(6) Pause Young (Allocation Failure) 1177M->738M(1979M) 37.429ms
[3.733s][info][gc,cpu      ] GC(6) User=0.03s Sys=0.00s Real=0.04s
[4.112s][info][gc,start    ] GC(7) Pause Young (Allocation Failure)
[4.149s][info][gc,heap     ] GC(7) DefNew: 629119K(629120K)->69888K(629120K) Eden: 559232K(559232K)->0K(559232K) From: 69887K(69888K)->69888K(69888K)
[4.149s][info][gc,heap     ] GC(7) Tenured: 686409K(1398144K)->795765K(1398144K)
[4.149s][info][gc,metaspace] GC(7) Metaspace: 1321K(1472K)->1321K(1472K) NonClass: 1223K(1280K)->1223K(1280K) Class: 97K(192K)->97K(192K)
[4.149s][info][gc          ] GC(7) Pause Young (Allocation Failure) 1284M->845M(1979M) 36.527ms
[4.149s][info][gc,cpu      ] GC(7) User=0.03s Sys=0.02s Real=0.04s
[4.488s][info][gc,start    ] GC(8) Pause Young (Allocation Failure)
[4.524s][info][gc,heap     ] GC(8) DefNew: 629120K(629120K)->69887K(629120K) Eden: 559232K(559232K)->0K(559232K) From: 69888K(69888K)->69887K(69888K)
[4.524s][info][gc,heap     ] GC(8) Tenured: 795765K(1398144K)->904651K(1398144K)
[4.524s][info][gc,metaspace] GC(8) Metaspace: 1321K(1472K)->1321K(1472K) NonClass: 1224K(1280K)->1224K(1280K) Class: 97K(192K)->97K(192K)
[4.524s][info][gc          ] GC(8) Pause Young (Allocation Failure) 1391M->951M(1979M) 35.924ms
[4.524s][info][gc,cpu      ] GC(8) User=0.05s Sys=0.00s Real=0.04s
[4.874s][info][gc,start    ] GC(9) Pause Young (Allocation Failure)
[4.909s][info][gc,heap     ] GC(9) DefNew: 629119K(629120K)->69887K(629120K) Eden: 559232K(559232K)->0K(559232K) From: 69887K(69888K)->69887K(69888K)
[4.909s][info][gc,heap     ] GC(9) Tenured: 904651K(1398144K)->1014929K(1398144K)
[4.909s][info][gc,metaspace] GC(9) Metaspace: 1321K(1472K)->1321K(1472K) NonClass: 1224K(1280K)->1224K(1280K) Class: 97K(192K)->97K(192K)
[4.909s][info][gc          ] GC(9) Pause Young (Allocation Failure) 1497M->1059M(1979M) 35.696ms
[4.909s][info][gc,cpu      ] GC(9) User=0.02s Sys=0.02s Real=0.04s
[5.264s][info][gc,start    ] GC(10) Pause Young (Allocation Failure)
[5.300s][info][gc,heap     ] GC(10) DefNew: 629119K(629120K)->69888K(629120K) Eden: 559232K(559232K)->0K(559232K) From: 69887K(69888K)->69888K(69888K)
[5.300s][info][gc,heap     ] GC(10) Tenured: 1014929K(1398144K)->1126109K(1398144K)
[5.300s][info][gc,metaspace] GC(10) Metaspace: 1321K(1472K)->1321K(1472K) NonClass: 1224K(1280K)->1224K(1280K) Class: 97K(192K)->97K(192K)
[5.300s][info][gc          ] GC(10) Pause Young (Allocation Failure) 1605M->1167M(1979M) 35.490ms
[5.300s][info][gc,cpu      ] GC(10) User=0.02s Sys=0.02s Real=0.04s
[5.641s][info][gc,start    ] GC(11) Pause Young (Allocation Failure)
[5.676s][info][gc,heap     ] GC(11) DefNew: 629120K(629120K)->69887K(629120K) Eden: 559232K(559232K)->0K(559232K) From: 69888K(69888K)->69887K(69888K)
[5.676s][info][gc,heap     ] GC(11) Tenured: 1126109K(1398144K)->1236167K(1398144K)
[5.676s][info][gc,metaspace] GC(11) Metaspace: 1321K(1472K)->1321K(1472K) NonClass: 1224K(1280K)->1224K(1280K) Class: 97K(192K)->97K(192K)
[5.676s][info][gc          ] GC(11) Pause Young (Allocation Failure) 1714M->1275M(1979M) 35.153ms
[5.676s][info][gc,cpu      ] GC(11) User=0.03s Sys=0.00s Real=0.03s
[6.019s][info][gc,start    ] GC(12) Pause Young (Allocation Failure)
[6.057s][info][gc,heap     ] GC(12) DefNew: 629119K(629120K)->69887K(629120K) Eden: 559232K(559232K)->0K(559232K) From: 69887K(69888K)->69887K(69888K)
[6.057s][info][gc,heap     ] GC(12) Tenured: 1236167K(1398144K)->1346361K(1398144K)
[6.057s][info][gc,metaspace] GC(12) Metaspace: 1321K(1472K)->1321K(1472K) NonClass: 1224K(1280K)->1224K(1280K) Class: 97K(192K)->97K(192K)
[6.057s][info][gc          ] GC(12) Pause Young (Allocation Failure) 1821M->1383M(1979M) 37.976ms
[6.057s][info][gc,cpu      ] GC(12) User=0.03s Sys=0.02s Real=0.04s
[6.412s][info][gc,start    ] GC(13) Pause Young (Allocation Failure)
[6.453s][info][gc          ] GC(13) Pause Young (Allocation Failure) 1929M->1491M(2037M) 40.969ms
[6.453s][info][gc,cpu      ] GC(13) User=0.02s Sys=0.02s Real=0.04s
[6.453s][info][gc,start    ] GC(14) Pause Full (Allocation Failure)
[6.453s][info][gc,phases,start] GC(14) Phase 1: Mark live objects
[6.458s][info][gc,phases      ] GC(14) Phase 1: Mark live objects 4.745ms
[6.458s][info][gc,phases,start] GC(14) Phase 2: Compute new object addresses
[6.461s][info][gc,phases      ] GC(14) Phase 2: Compute new object addresses 2.916ms
[6.461s][info][gc,phases,start] GC(14) Phase 3: Adjust pointers
[6.464s][info][gc,phases      ] GC(14) Phase 3: Adjust pointers 3.121ms
[6.464s][info][gc,phases,start] GC(14) Phase 4: Move objects
[6.472s][info][gc,phases      ] GC(14) Phase 4: Move objects 8.437ms
[6.476s][info][gc,heap        ] GC(14) DefNew: 629119K(629120K)->69888K(1092864K) Eden: 559232K(559232K)->69888K(971456K) From: 69887K(69888K)->0K(121408K)
[6.476s][info][gc,heap        ] GC(14) Tenured: 1346361K(1398144K)->1457062K(2428440K)
[6.476s][info][gc,metaspace   ] GC(14) Metaspace: 1321K(1472K)->1321K(1472K) NonClass: 1224K(1280K)->1224K(1280K) Class: 97K(192K)->97K(192K)
[6.476s][info][gc             ] GC(14) Pause Full (Allocation Failure) 1491M->1491M(3438M) 23.298ms
[6.476s][info][gc,cpu         ] GC(14) User=0.03s Sys=0.00s Real=0.02s
[7.096s][info][gc,start       ] GC(15) Pause Young (Allocation Failure)
[7.167s][info][gc,heap        ] GC(15) DefNew: 971456K(1092864K)->121407K(1092864K) Eden: 971456K(971456K)->0K(971456K) From: 0K(121408K)->121407K(121408K)
[7.167s][info][gc,heap        ] GC(15) Tenured: 1457062K(2428440K)->1580962K(2428440K)
[7.167s][info][gc,metaspace   ] GC(15) Metaspace: 1322K(1472K)->1322K(1472K) NonClass: 1224K(1280K)->1224K(1280K) Class: 97K(192K)->97K(192K)
[7.167s][info][gc             ] GC(15) Pause Young (Allocation Failure) 2371M->1662M(3438M) 71.725ms
[7.167s][info][gc,cpu         ] GC(15) User=0.05s Sys=0.03s Real=0.07s
[7.977s][info][gc,start       ] GC(16) Pause Young (Allocation Failure)
[8.075s][info][gc,heap        ] GC(16) DefNew: 1092863K(1092864K)->121408K(1092864K) Eden: 971456K(971456K)->0K(971456K) From: 121407K(121408K)->121408K(121408K)
[8.075s][info][gc,heap        ] GC(16) Tenured: 1580962K(2428440K)->1761107K(2428440K)
[8.075s][info][gc,metaspace   ] GC(16) Metaspace: 1529K(1664K)->1529K(1664K) NonClass: 1403K(1472K)->1403K(1472K) Class: 125K(192K)->125K(192K)
[8.075s][info][gc             ] GC(16) Pause Young (Allocation Failure) 2611M->1838M(3438M) 98.082ms
[8.075s][info][gc,cpu         ] GC(16) User=0.06s Sys=0.03s Real=0.10s
[9.916s][info][gc,start       ] GC(17) Pause Young (Allocation Failure)
[10.121s][info][gc,heap        ] GC(17) DefNew: 1092864K(1092864K)->44988K(1092864K) Eden: 971456K(971456K)->0K(971456K) From: 121408K(121408K)->44988K(121408K)
[10.121s][info][gc,heap        ] GC(17) Tenured: 1761107K(2428440K)->1881231K(2428440K)
[10.121s][info][gc,metaspace   ] GC(17) Metaspace: 1538K(1664K)->1538K(1664K) NonClass: 1412K(1472K)->1412K(1472K) Class: 125K(192K)->125K(192K)
[10.121s][info][gc             ] GC(17) Pause Young (Allocation Failure) 2787M->1881M(3438M) 205.016ms
[10.121s][info][gc,cpu         ] GC(17) User=0.17s Sys=0.03s Real=0.21s
[11.958s][info][gc,start       ] GC(18) Pause Young (Allocation Failure)
[12.163s][info][gc,heap        ] GC(18) DefNew: 1016444K(1092864K)->76300K(1092864K) Eden: 971456K(971456K)->0K(971456K) From: 44988K(121408K)->76300K(121408K)
[12.163s][info][gc,heap        ] GC(18) Tenured: 1881231K(2428440K)->1881231K(2428440K)
[12.163s][info][gc,metaspace   ] GC(18) Metaspace: 1538K(1664K)->1538K(1664K) NonClass: 1412K(1472K)->1412K(1472K) Class: 125K(192K)->125K(192K)
[12.163s][info][gc             ] GC(18) Pause Young (Allocation Failure) 2829M->1911M(3438M) 205.099ms
[12.163s][info][gc,cpu         ] GC(18) User=0.20s Sys=0.00s Real=0.21s
[13.962s][info][gc,start       ] GC(19) Pause Young (Allocation Failure)
[14.182s][info][gc,heap        ] GC(19) DefNew: 1047756K(1092864K)->70234K(1092864K) Eden: 971456K(971456K)->0K(971456K) From: 76300K(121408K)->70234K(121408K)
[14.183s][info][gc,heap        ] GC(19) Tenured: 1881231K(2428440K)->1919064K(2428440K)
[14.183s][info][gc,metaspace   ] GC(19) Metaspace: 1559K(1664K)->1559K(1664K) NonClass: 1432K(1472K)->1432K(1472K) Class: 127K(192K)->127K(192K)
[14.183s][info][gc             ] GC(19) Pause Young (Allocation Failure) 2860M->1942M(3438M) 220.165ms
[14.183s][info][gc,cpu         ] GC(19) User=0.22s Sys=0.00s Real=0.22s
[16.001s][info][gc,start       ] GC(20) Pause Young (Allocation Failure)
[16.225s][info][gc,heap        ] GC(20) DefNew: 1041690K(1092864K)->64792K(1092864K) Eden: 971456K(971456K)->0K(971456K) From: 70234K(121408K)->64792K(121408K)
[16.225s][info][gc,heap        ] GC(20) Tenured: 1919064K(2428440K)->1949584K(2428440K)
[16.225s][info][gc,metaspace   ] GC(20) Metaspace: 1559K(1664K)->1559K(1664K) NonClass: 1432K(1472K)->1432K(1472K) Class: 127K(192K)->127K(192K)
[16.225s][info][gc             ] GC(20) Pause Young (Allocation Failure) 2891M->1967M(3438M) 224.512ms
[16.225s][info][gc,cpu         ] GC(20) User=0.20s Sys=0.02s Real=0.22s
[18.140s][info][gc,start       ] GC(21) Pause Young (Allocation Failure)
[18.330s][info][gc,heap        ] GC(21) DefNew: 1036248K(1092864K)->48675K(1092864K) Eden: 971456K(971456K)->0K(971456K) From: 64792K(121408K)->48675K(121408K)
[18.330s][info][gc,heap        ] GC(21) Tenured: 1949584K(2428440K)->1989299K(2428440K)
[18.330s][info][gc,metaspace   ] GC(21) Metaspace: 1560K(1664K)->1560K(1664K) NonClass: 1433K(1472K)->1433K(1472K) Class: 127K(192K)->127K(192K)
[18.330s][info][gc             ] GC(21) Pause Young (Allocation Failure) 2915M->1990M(3438M) 189.225ms
[18.330s][info][gc,cpu         ] GC(21) User=0.19s Sys=0.00s Real=0.19s
[20.120s][info][gc,start       ] GC(22) Pause Young (Allocation Failure)
[20.323s][info][gc,heap        ] GC(22) DefNew: 1020131K(1092864K)->95142K(1092864K) Eden: 971456K(971456K)->0K(971456K) From: 48675K(121408K)->95142K(121408K)
[20.323s][info][gc,heap        ] GC(22) Tenured: 1989299K(2428440K)->1989299K(2428440K)
[20.323s][info][gc,metaspace   ] GC(22) Metaspace: 1560K(1664K)->1560K(1664K) NonClass: 1433K(1472K)->1433K(1472K) Class: 127K(192K)->127K(192K)
[20.323s][info][gc             ] GC(22) Pause Young (Allocation Failure) 2938M->2035M(3438M) 203.473ms
[20.323s][info][gc,cpu         ] GC(22) User=0.20s Sys=0.00s Real=0.20s
[22.105s][info][gc,start       ] GC(23) Pause Young (Allocation Failure)
[22.342s][info][gc,heap        ] GC(23) DefNew: 1066598K(1092864K)->69130K(1092864K) Eden: 971456K(971456K)->0K(971456K) From: 95142K(121408K)->69130K(121408K)
[22.342s][info][gc,heap        ] GC(23) Tenured: 1989299K(2428440K)->2037354K(2428440K)
[22.342s][info][gc,metaspace   ] GC(23) Metaspace: 1560K(1664K)->1560K(1664K) NonClass: 1433K(1472K)->1433K(1472K) Class: 127K(192K)->127K(192K)
[22.342s][info][gc             ] GC(23) Pause Young (Allocation Failure) 2984M->2057M(3438M) 237.408ms
[22.342s][info][gc,cpu         ] GC(23) User=0.23s Sys=0.00s Real=0.24s
[24.123s][info][gc,start       ] GC(24) Pause Young (Allocation Failure)
[24.355s][info][gc,heap        ] GC(24) DefNew: 1040586K(1092864K)->42476K(1092864K) Eden: 971456K(971456K)->0K(971456K) From: 69130K(121408K)->42476K(121408K)
[24.356s][info][gc,heap        ] GC(24) Tenured: 2037354K(2428440K)->2084441K(2428440K)
[24.356s][info][gc,metaspace   ] GC(24) Metaspace: 1560K(1664K)->1560K(1664K) NonClass: 1433K(1472K)->1433K(1472K) Class: 127K(192K)->127K(192K)
[24.356s][info][gc             ] GC(24) Pause Young (Allocation Failure) 3005M->2077M(3438M) 232.882ms
[24.356s][info][gc,cpu         ] GC(24) User=0.23s Sys=0.00s Real=0.23s
[26.115s][info][gc,start       ] GC(25) Pause Young (Allocation Failure)
[26.285s][info][gc,heap        ] GC(25) DefNew: 1013932K(1092864K)->63325K(1092864K) Eden: 971456K(971456K)->0K(971456K) From: 42476K(121408K)->63325K(121408K)
[26.285s][info][gc,heap        ] GC(25) Tenured: 2084441K(2428440K)->2084441K(2428440K)
[26.285s][info][gc,metaspace   ] GC(25) Metaspace: 1560K(1664K)->1560K(1664K) NonClass: 1433K(1472K)->1433K(1472K) Class: 127K(192K)->127K(192K)
[26.285s][info][gc             ] GC(25) Pause Young (Allocation Failure) 3025M->2097M(3438M) 169.505ms
[26.285s][info][gc,cpu         ] GC(25) User=0.16s Sys=0.00s Real=0.17s
[28.015s][info][gc,start       ] GC(26) Pause Young (Allocation Failure)
[28.226s][info][gc,heap        ] GC(26) DefNew: 1034781K(1092864K)->60251K(1092864K) Eden: 971456K(971456K)->0K(971456K) From: 63325K(121408K)->60251K(121408K)
[28.226s][info][gc,heap        ] GC(26) Tenured: 2084441K(2428440K)->2106484K(2428440K)
[28.226s][info][gc,metaspace   ] GC(26) Metaspace: 1560K(1664K)->1560K(1664K) NonClass: 1433K(1472K)->1433K(1472K) Class: 127K(192K)->127K(192K)
[28.226s][info][gc             ] GC(26) Pause Young (Allocation Failure) 3046M->2115M(3438M) 211.565ms
[28.226s][info][gc,cpu         ] GC(26) User=0.23s Sys=0.00s Real=0.21s
[29.939s][info][gc,start       ] GC(27) Pause Young (Allocation Failure)
[30.193s][info][gc,heap        ] GC(27) DefNew: 1031707K(1092864K)->80806K(1092864K) Eden: 971456K(971456K)->0K(971456K) From: 60251K(121408K)->80806K(121408K)
[30.193s][info][gc,heap        ] GC(27) Tenured: 2106484K(2428440K)->2106484K(2428440K)
[30.193s][info][gc,metaspace   ] GC(27) Metaspace: 1562K(1664K)->1562K(1664K) NonClass: 1435K(1472K)->1435K(1472K) Class: 127K(192K)->127K(192K)
[30.193s][info][gc             ] GC(27) Pause Young (Allocation Failure) 3064M->2136M(3438M) 253.473ms
[30.193s][info][gc,cpu         ] GC(27) User=0.25s Sys=0.00s Real=0.25s
[32.005s][info][gc,start       ] GC(28) Pause Young (Allocation Failure)
[32.314s][info][gc,heap        ] GC(28) DefNew: 1052262K(1092864K)->80015K(1092864K) Eden: 971456K(971456K)->0K(971456K) From: 80806K(121408K)->80015K(121408K)
[32.314s][info][gc,heap        ] GC(28) Tenured: 2106484K(2428440K)->2126917K(2428440K)
[32.314s][info][gc,metaspace   ] GC(28) Metaspace: 1568K(1664K)->1568K(1664K) NonClass: 1441K(1472K)->1441K(1472K) Class: 127K(192K)->127K(192K)
[32.314s][info][gc             ] GC(28) Pause Young (Allocation Failure) 3084M->2155M(3438M) 308.893ms
[32.314s][info][gc,cpu         ] GC(28) User=0.30s Sys=0.00s Real=0.31s
[34.155s][info][gc,start       ] GC(29) Pause Young (Allocation Failure)
[34.376s][info][gc,heap        ] GC(29) DefNew: 1051471K(1092864K)->77491K(1092864K) Eden: 971456K(971456K)->0K(971456K) From: 80015K(121408K)->77491K(121408K)
[34.376s][info][gc,heap        ] GC(29) Tenured: 2126917K(2428440K)->2147766K(2428440K)
[34.376s][info][gc,metaspace   ] GC(29) Metaspace: 1568K(1664K)->1568K(1664K) NonClass: 1441K(1472K)->1441K(1472K) Class: 127K(192K)->127K(192K)
[34.376s][info][gc             ] GC(29) Pause Young (Allocation Failure) 3103M->2173M(3438M) 221.826ms
[34.376s][info][gc,cpu         ] GC(29) User=0.20s Sys=0.02s Real=0.22s
[36.083s][info][gc,start       ] GC(30) Pause Young (Allocation Failure)
[36.358s][info][gc,heap        ] GC(30) DefNew: 1048947K(1092864K)->121408K(1092864K) Eden: 971456K(971456K)->0K(971456K) From: 77491K(121408K)->121408K(121408K)
[36.358s][info][gc,heap        ] GC(30) Tenured: 2147766K(2428440K)->2169100K(2428440K)
[36.358s][info][gc,metaspace   ] GC(30) Metaspace: 1568K(1664K)->1568K(1664K) NonClass: 1441K(1472K)->1441K(1472K) Class: 127K(192K)->127K(192K)
[36.358s][info][gc             ] GC(30) Pause Young (Allocation Failure) 3121M->2236M(3438M) 275.595ms
[36.358s][info][gc,cpu         ] GC(30) User=0.28s Sys=0.00s Real=0.28s
[38.075s][info][gc,start       ] GC(31) Pause Young (Allocation Failure)
[38.374s][info][gc,heap        ] GC(31) DefNew: 1092864K(1092864K)->18975K(1092864K) Eden: 971456K(971456K)->0K(971456K) From: 121408K(121408K)->18975K(121408K)
[38.374s][info][gc,heap        ] GC(31) Tenured: 2169100K(2428440K)->2290508K(2428440K)
[38.374s][info][gc,metaspace   ] GC(31) Metaspace: 1568K(1664K)->1568K(1664K) NonClass: 1441K(1472K)->1441K(1472K) Class: 127K(192K)->127K(192K)
[38.374s][info][gc             ] GC(31) Pause Young (Allocation Failure) 3185M->2255M(3438M) 299.053ms
[38.374s][info][gc,cpu         ] GC(31) User=0.28s Sys=0.02s Real=0.30s
[40.141s][info][gc,start       ] GC(32) Pause Young (Allocation Failure)
[40.307s][info][gc,heap        ] GC(32) DefNew: 990431K(1092864K)->36923K(1092864K) Eden: 971456K(971456K)->0K(971456K) From: 18975K(121408K)->36923K(121408K)
[40.307s][info][gc,heap        ] GC(32) Tenured: 2290508K(2428440K)->2290508K(2428440K)
[40.307s][info][gc,metaspace   ] GC(32) Metaspace: 1568K(1664K)->1568K(1664K) NonClass: 1441K(1472K)->1441K(1472K) Class: 127K(192K)->127K(192K)
[40.307s][info][gc             ] GC(32) Pause Young (Allocation Failure) 3204M->2272M(3438M) 165.849ms
[40.307s][info][gc,cpu         ] GC(32) User=0.16s Sys=0.02s Real=0.16s
[42.067s][info][gc,start       ] GC(33) Pause Young (Allocation Failure)
[42.258s][info][gc,heap        ] GC(33) DefNew: 1008379K(1092864K)->54711K(1092864K) Eden: 971456K(971456K)->0K(971456K) From: 36923K(121408K)->54711K(121408K)
[42.258s][info][gc,heap        ] GC(33) Tenured: 2290508K(2428440K)->2290508K(2428440K)
[42.258s][info][gc,metaspace   ] GC(33) Metaspace: 1568K(1664K)->1568K(1664K) NonClass: 1441K(1472K)->1441K(1472K) Class: 127K(192K)->127K(192K)
[42.258s][info][gc             ] GC(33) Pause Young (Allocation Failure) 3221M->2290M(3438M) 191.334ms
[42.258s][info][gc,cpu         ] GC(33) User=0.20s Sys=0.00s Real=0.19s
[44.106s][info][gc,heap,exit   ] Heap
[44.106s][info][gc,heap,exit   ]  def new generation   total 1092864K, used 768111K [0x0000000700000000, 0x000000074a1d0000, 0x0000000755550000)
[44.106s][info][gc,heap,exit   ]   eden space 971456K,  73% used [0x0000000700000000, 0x000000072b8adda8, 0x000000073b4b0000)
[44.106s][info][gc,heap,exit   ]   from space 121408K,  45% used [0x0000000742b40000, 0x00000007460adf88, 0x000000074a1d0000)
[44.106s][info][gc,heap,exit   ]   to   space 121408K,   0% used [0x000000073b4b0000, 0x000000073b4b0000, 0x0000000742b40000)
[44.106s][info][gc,heap,exit   ]  tenured generation   total 2428440K, used 2290508K [0x0000000755550000, 0x00000007e98d6000, 0x0000000800000000)
[44.106s][info][gc,heap,exit   ]    the space 2428440K,  94% used [0x0000000755550000, 0x00000007e1223290, 0x00000007e1223400, 0x00000007e98d6000)
[44.106s][info][gc,heap,exit   ]  Metaspace       used 1731K, committed 1856K, reserved 1114112K
[44.106s][info][gc,heap,exit   ]   class space    used 146K, committed 192K, reserved 1048576K
