[0.009s][info][gc,init] CardTable entry size: 512
[0.010s][info][gc     ] Using Serial
[0.015s][info][gc,init] Version: 21.0.5+9-LTS-239 (release)
[0.015s][info][gc,init] CPUs: 12 total, 12 available
[0.015s][info][gc,init] Memory: 16190M
[0.015s][info][gc,init] Large Page Support: Disabled
[0.015s][info][gc,init] NUMA Support: Disabled
[0.015s][info][gc,init] Compressed Oops: Enabled (Zero based)
[0.015s][info][gc,init] Heap Min Capacity: 2G
[0.015s][info][gc,init] Heap Initial Capacity: 2G
[0.015s][info][gc,init] Heap Max Capacity: 4G
[0.015s][info][gc,init] Pre-touch: Disabled
[0.022s][info][gc,metaspace] CDS archive(s) mapped at: [0x0000028d0f000000-0x0000028d0fc90000-0x0000028d0fc90000), size 13172736, SharedBaseAddress: 0x0000028d0f000000, ArchiveRelocationMode: 1.
[0.022s][info][gc,metaspace] Compressed class space mapped at: 0x0000028d10000000-0x0000028d50000000, reserved size: 1073741824
[0.022s][info][gc,metaspace] Narrow klass base: 0x0000028d0f000000, Narrow klass shift: 0, Narrow klass range: 0x100000000
[0.854s][info][gc,start    ] GC(0) Pause Young (Allocation Failure)
[0.880s][info][gc,heap     ] GC(0) DefNew: 559232K(629120K)->69888K(629120K) Eden: 559232K(559232K)->0K(559232K) From: 0K(69888K)->69888K(69888K)
[0.880s][info][gc,heap     ] GC(0) Tenured: 0K(1398144K)->31794K(1398144K)
[0.880s][info][gc,metaspace] GC(0) Metaspace: 1319K(1472K)->1319K(1472K) NonClass: 1221K(1280K)->1221K(1280K) Class: 97K(192K)->97K(192K)
[0.880s][info][gc          ] GC(0) Pause Young (Allocation Failure) 546M->99M(1979M) 25.939ms
[0.880s][info][gc,cpu      ] GC(0) User=0.00s Sys=0.02s Real=0.03s
[1.240s][info][gc,start    ] GC(1) Pause Young (Allocation Failure)
[1.283s][info][gc,heap     ] GC(1) DefNew: 629120K(629120K)->69887K(629120K) Eden: 559232K(559232K)->0K(559232K) From: 69888K(69888K)->69887K(69888K)
[1.283s][info][gc,heap     ] GC(1) Tenured: 31794K(1398144K)->140974K(1398144K)
[1.283s][info][gc,metaspace] GC(1) Metaspace: 1320K(1472K)->1320K(1472K) NonClass: 1222K(1280K)->1222K(1280K) Class: 97K(192K)->97K(192K)
[1.283s][info][gc          ] GC(1) Pause Young (Allocation Failure) 645M->205M(1979M) 43.220ms
[1.283s][info][gc,cpu      ] GC(1) User=0.03s Sys=0.02s Real=0.04s
[1.622s][info][gc,start    ] GC(2) Pause Young (Allocation Failure)
[1.657s][info][gc,heap     ] GC(2) DefNew: 629119K(629120K)->69887K(629120K) Eden: 559232K(559232K)->0K(559232K) From: 69887K(69888K)->69887K(69888K)
[1.657s][info][gc,heap     ] GC(2) Tenured: 140974K(1398144K)->250661K(1398144K)
[1.657s][info][gc,metaspace] GC(2) Metaspace: 1320K(1472K)->1320K(1472K) NonClass: 1222K(1280K)->1222K(1280K) Class: 97K(192K)->97K(192K)
[1.657s][info][gc          ] GC(2) Pause Young (Allocation Failure) 752M->313M(1979M) 34.524ms
[1.657s][info][gc,cpu      ] GC(2) User=0.02s Sys=0.02s Real=0.04s
[2.187s][info][gc,start    ] GC(3) Pause Young (Allocation Failure)
[2.270s][info][gc,heap     ] GC(3) DefNew: 629119K(629120K)->63965K(629120K) Eden: 559232K(559232K)->0K(559232K) From: 69887K(69888K)->63965K(69888K)
[2.270s][info][gc,heap     ] GC(3) Tenured: 250661K(1398144K)->320524K(1398144K)
[2.270s][info][gc,metaspace] GC(3) Metaspace: 1625K(1792K)->1625K(1792K) NonClass: 1472K(1536K)->1472K(1536K) Class: 153K(256K)->153K(256K)
[2.270s][info][gc          ] GC(3) Pause Young (Allocation Failure) 859M->375M(1979M) 82.980ms
[2.270s][info][gc,cpu      ] GC(3) User=0.06s Sys=0.02s Real=0.08s
[2.615s][info][gc,start    ] GC(4) Pause Young (Allocation Failure)
[2.734s][info][gc,heap     ] GC(4) DefNew: 623197K(629120K)->24279K(629120K) Eden: 559232K(559232K)->0K(559232K) From: 63965K(69888K)->24279K(69888K)
[2.734s][info][gc,heap     ] GC(4) Tenured: 320524K(1398144K)->382454K(1398144K)
[2.734s][info][gc,metaspace] GC(4) Metaspace: 1626K(1792K)->1626K(1792K) NonClass: 1473K(1536K)->1473K(1536K) Class: 153K(256K)->153K(256K)
[2.734s][info][gc          ] GC(4) Pause Young (Allocation Failure) 921M->397M(1979M) 118.912ms
[2.734s][info][gc,cpu      ] GC(4) User=0.11s Sys=0.02s Real=0.12s
[3.092s][info][gc,start    ] GC(5) Pause Young (Allocation Failure)
[3.196s][info][gc,heap     ] GC(5) DefNew: 583511K(629120K)->46318K(629120K) Eden: 559232K(559232K)->0K(559232K) From: 24279K(69888K)->46318K(69888K)
[3.196s][info][gc,heap     ] GC(5) Tenured: 382454K(1398144K)->382454K(1398144K)
[3.196s][info][gc,metaspace] GC(5) Metaspace: 1626K(1792K)->1626K(1792K) NonClass: 1473K(1536K)->1473K(1536K) Class: 153K(256K)->153K(256K)
[3.196s][info][gc          ] GC(5) Pause Young (Allocation Failure) 943M->418M(1979M) 104.683ms
[3.197s][info][gc,cpu      ] GC(5) User=0.09s Sys=0.02s Real=0.11s
[3.595s][info][gc,start    ] GC(6) Pause Young (Allocation Failure)
[3.720s][info][gc,heap     ] GC(6) DefNew: 605550K(629120K)->40953K(629120K) Eden: 559232K(559232K)->0K(559232K) From: 46318K(69888K)->40953K(69888K)
[3.720s][info][gc,heap     ] GC(6) Tenured: 382454K(1398144K)->403943K(1398144K)
[3.720s][info][gc,metaspace] GC(6) Metaspace: 1645K(1792K)->1645K(1792K) NonClass: 1491K(1536K)->1491K(1536K) Class: 154K(256K)->154K(256K)
[3.720s][info][gc          ] GC(6) Pause Young (Allocation Failure) 964M->434M(1979M) 125.052ms
[3.720s][info][gc,cpu      ] GC(6) User=0.12s Sys=0.00s Real=0.12s
[4.082s][info][gc,start    ] GC(7) Pause Young (Allocation Failure)
[4.215s][info][gc,heap     ] GC(7) DefNew: 600185K(629120K)->43058K(629120K) Eden: 559232K(559232K)->0K(559232K) From: 40953K(69888K)->43058K(69888K)
[4.215s][info][gc,heap     ] GC(7) Tenured: 403943K(1398144K)->423582K(1398144K)
[4.215s][info][gc,metaspace] GC(7) Metaspace: 1647K(1792K)->1647K(1792K) NonClass: 1493K(1536K)->1493K(1536K) Class: 154K(256K)->154K(256K)
[4.215s][info][gc          ] GC(7) Pause Young (Allocation Failure) 980M->455M(1979M) 132.524ms
[4.215s][info][gc,cpu      ] GC(7) User=0.11s Sys=0.03s Real=0.13s
[4.577s][info][gc,start    ] GC(8) Pause Young (Allocation Failure)
[4.699s][info][gc,heap     ] GC(8) DefNew: 602290K(629120K)->41943K(629120K) Eden: 559232K(559232K)->0K(559232K) From: 43058K(69888K)->41943K(69888K)
[4.699s][info][gc,heap     ] GC(8) Tenured: 423582K(1398144K)->439497K(1398144K)
[4.700s][info][gc,metaspace] GC(8) Metaspace: 1647K(1792K)->1647K(1792K) NonClass: 1493K(1536K)->1493K(1536K) Class: 154K(256K)->154K(256K)
[4.700s][info][gc          ] GC(8) Pause Young (Allocation Failure) 1001M->470M(1979M) 122.354ms
[4.700s][info][gc,cpu      ] GC(8) User=0.12s Sys=0.00s Real=0.12s
[5.255s][info][gc,heap,exit] Heap
[5.255s][info][gc,heap,exit]  def new generation   total 629120K, used 398663K [0x0000000700000000, 0x000000072aaa0000, 0x0000000755550000)
[5.255s][info][gc,heap,exit]   eden space 559232K,  63% used [0x0000000700000000, 0x0000000715c5c2d0, 0x0000000722220000)
[5.255s][info][gc,heap,exit]   from space 69888K,  60% used [0x0000000726660000, 0x0000000728f55ca8, 0x000000072aaa0000)
[5.255s][info][gc,heap,exit]   to   space 69888K,   0% used [0x0000000722220000, 0x0000000722220000, 0x0000000726660000)
[5.255s][info][gc,heap,exit]  tenured generation   total 1398144K, used 439497K [0x0000000755550000, 0x00000007aaab0000, 0x0000000800000000)
[5.255s][info][gc,heap,exit]    the space 1398144K,  31% used [0x0000000755550000, 0x0000000770282548, 0x0000000770282600, 0x00000007aaab0000)
[5.255s][info][gc,heap,exit]  Metaspace       used 1821K, committed 1984K, reserved 1114112K
[5.255s][info][gc,heap,exit]   class space    used 173K, committed 256K, reserved 1048576K
