[0.008s][info][gc,init] CardTable entry size: 512
[0.009s][info][gc     ] Using Serial
[0.014s][info][gc,init] Version: 21.0.5+9-LTS-239 (release)
[0.014s][info][gc,init] CPUs: 12 total, 12 available
[0.014s][info][gc,init] Memory: 16190M
[0.014s][info][gc,init] Large Page Support: Disabled
[0.014s][info][gc,init] NUMA Support: Disabled
[0.014s][info][gc,init] Compressed Oops: Enabled (Zero based)
[0.014s][info][gc,init] Heap Min Capacity: 2G
[0.014s][info][gc,init] Heap Initial Capacity: 2G
[0.014s][info][gc,init] Heap Max Capacity: 4G
[0.014s][info][gc,init] Pre-touch: Disabled
[0.022s][info][gc,metaspace] CDS archive(s) mapped at: [0x0000020980000000-0x0000020980c90000-0x0000020980c90000), size 13172736, SharedBaseAddress: 0x0000020980000000, ArchiveRelocationMode: 1.
[0.022s][info][gc,metaspace] Compressed class space mapped at: 0x0000020981000000-0x00000209c1000000, reserved size: 1073741824
[0.022s][info][gc,metaspace] Narrow klass base: 0x0000020980000000, Narrow klass shift: 0, Narrow klass range: 0x100000000
[0.841s][info][gc,start    ] GC(0) Pause Young (Allocation Failure)
[0.868s][info][gc,heap     ] GC(0) DefNew: 559232K(629120K)->69888K(629120K) Eden: 559232K(559232K)->0K(559232K) From: 0K(69888K)->69888K(69888K)
[0.868s][info][gc,heap     ] GC(0) Tenured: 0K(1398144K)->31587K(1398144K)
[0.868s][info][gc,metaspace] GC(0) Metaspace: 1313K(1472K)->1313K(1472K) NonClass: 1215K(1280K)->1215K(1280K) Class: 97K(192K)->97K(192K)
[0.868s][info][gc          ] GC(0) Pause Young (Allocation Failure) 546M->99M(1979M) 26.218ms
[0.868s][info][gc,cpu      ] GC(0) User=0.02s Sys=0.03s Real=0.03s
[1.220s][info][gc,start    ] GC(1) Pause Young (Allocation Failure)
[1.264s][info][gc,heap     ] GC(1) DefNew: 629120K(629120K)->69887K(629120K) Eden: 559232K(559232K)->0K(559232K) From: 69888K(69888K)->69887K(69888K)
[1.264s][info][gc,heap     ] GC(1) Tenured: 31587K(1398144K)->138652K(1398144K)
[1.264s][info][gc,metaspace] GC(1) Metaspace: 1314K(1472K)->1314K(1472K) NonClass: 1216K(1280K)->1216K(1280K) Class: 97K(192K)->97K(192K)
[1.264s][info][gc          ] GC(1) Pause Young (Allocation Failure) 645M->203M(1979M) 43.540ms
[1.264s][info][gc,cpu      ] GC(1) User=0.02s Sys=0.02s Real=0.04s
[1.601s][info][gc,start    ] GC(2) Pause Young (Allocation Failure)
[1.638s][info][gc,heap     ] GC(2) DefNew: 629119K(629120K)->69887K(629120K) Eden: 559232K(559232K)->0K(559232K) From: 69887K(69888K)->69887K(69888K)
[1.638s][info][gc,heap     ] GC(2) Tenured: 138652K(1398144K)->248586K(1398144K)
[1.638s][info][gc,metaspace] GC(2) Metaspace: 1314K(1472K)->1314K(1472K) NonClass: 1216K(1280K)->1216K(1280K) Class: 97K(192K)->97K(192K)
[1.638s][info][gc          ] GC(2) Pause Young (Allocation Failure) 749M->311M(1979M) 36.922ms
[1.638s][info][gc,cpu      ] GC(2) User=0.03s Sys=0.00s Real=0.04s
[1.970s][info][gc,start    ] GC(3) Pause Young (Allocation Failure)
[2.005s][info][gc,heap     ] GC(3) DefNew: 629119K(629120K)->69887K(629120K) Eden: 559232K(559232K)->0K(559232K) From: 69887K(69888K)->69887K(69888K)
[2.005s][info][gc,heap     ] GC(3) Tenured: 248586K(1398144K)->357443K(1398144K)
[2.005s][info][gc,metaspace] GC(3) Metaspace: 1314K(1472K)->1314K(1472K) NonClass: 1216K(1280K)->1216K(1280K) Class: 97K(192K)->97K(192K)
[2.005s][info][gc          ] GC(3) Pause Young (Allocation Failure) 857M->417M(1979M) 35.078ms
[2.005s][info][gc,cpu      ] GC(3) User=0.02s Sys=0.02s Real=0.03s
[2.338s][info][gc,start    ] GC(4) Pause Young (Allocation Failure)
[2.372s][info][gc,heap     ] GC(4) DefNew: 629119K(629120K)->69887K(629120K) Eden: 559232K(559232K)->0K(559232K) From: 69887K(69888K)->69887K(69888K)
[2.372s][info][gc,heap     ] GC(4) Tenured: 357443K(1398144K)->467547K(1398144K)
[2.372s][info][gc,metaspace] GC(4) Metaspace: 1314K(1472K)->1314K(1472K) NonClass: 1216K(1280K)->1216K(1280K) Class: 97K(192K)->97K(192K)
[2.372s][info][gc          ] GC(4) Pause Young (Allocation Failure) 963M->524M(1979M) 34.026ms
[2.372s][info][gc,cpu      ] GC(4) User=0.02s Sys=0.02s Real=0.03s
[2.710s][info][gc,start    ] GC(5) Pause Young (Allocation Failure)
[2.745s][info][gc,heap     ] GC(5) DefNew: 629119K(629120K)->69888K(629120K) Eden: 559232K(559232K)->0K(559232K) From: 69887K(69888K)->69888K(69888K)
[2.746s][info][gc,heap     ] GC(5) Tenured: 467547K(1398144K)->576872K(1398144K)
[2.746s][info][gc,metaspace] GC(5) Metaspace: 1314K(1472K)->1314K(1472K) NonClass: 1216K(1280K)->1216K(1280K) Class: 97K(192K)->97K(192K)
[2.746s][info][gc          ] GC(5) Pause Young (Allocation Failure) 1070M->631M(1979M) 35.865ms
[2.746s][info][gc,cpu      ] GC(5) User=0.03s Sys=0.00s Real=0.04s
[3.010s][info][gc,start    ] GC(6) Pause Young (Allocation Failure)
[3.039s][info][gc,heap     ] GC(6) DefNew: 629120K(629120K)->69887K(629120K) Eden: 559232K(559232K)->0K(559232K) From: 69888K(69888K)->69887K(69888K)
[3.039s][info][gc,heap     ] GC(6) Tenured: 576872K(1398144K)->662875K(1398144K)
[3.039s][info][gc,metaspace] GC(6) Metaspace: 1325K(1472K)->1325K(1472K) NonClass: 1225K(1280K)->1225K(1280K) Class: 100K(192K)->100K(192K)
[3.039s][info][gc          ] GC(6) Pause Young (Allocation Failure) 1177M->715M(1979M) 29.142ms
[3.039s][info][gc,cpu      ] GC(6) User=0.03s Sys=0.00s Real=0.03s
[3.514s][info][gc,start    ] GC(7) Pause Young (Allocation Failure)
[3.619s][info][gc,heap     ] GC(7) DefNew: 629119K(629120K)->28729K(629120K) Eden: 559232K(559232K)->0K(559232K) From: 69887K(69888K)->28729K(69888K)
[3.619s][info][gc,heap     ] GC(7) Tenured: 662875K(1398144K)->732760K(1398144K)
[3.619s][info][gc,metaspace] GC(7) Metaspace: 1719K(1920K)->1719K(1920K) NonClass: 1536K(1664K)->1536K(1664K) Class: 182K(256K)->182K(256K)
[3.619s][info][gc          ] GC(7) Pause Young (Allocation Failure) 1261M->743M(1979M) 105.366ms
[3.619s][info][gc,cpu      ] GC(7) User=0.11s Sys=0.00s Real=0.11s
[3.923s][info][gc,start    ] GC(8) Pause Young (Allocation Failure)
[4.023s][info][gc,heap     ] GC(8) DefNew: 587961K(629120K)->49611K(629120K) Eden: 559232K(559232K)->0K(559232K) From: 28729K(69888K)->49611K(69888K)
[4.023s][info][gc,heap     ] GC(8) Tenured: 732760K(1398144K)->732760K(1398144K)
[4.023s][info][gc,metaspace] GC(8) Metaspace: 1723K(1920K)->1723K(1920K) NonClass: 1540K(1664K)->1540K(1664K) Class: 182K(256K)->182K(256K)
[4.023s][info][gc          ] GC(8) Pause Young (Allocation Failure) 1289M->764M(1979M) 99.374ms
[4.023s][info][gc,cpu      ] GC(8) User=0.08s Sys=0.02s Real=0.10s
[4.396s][info][gc,start    ] GC(9) Pause Young (Allocation Failure)
[4.516s][info][gc,heap     ] GC(9) DefNew: 608843K(629120K)->41943K(629120K) Eden: 559232K(559232K)->0K(559232K) From: 49611K(69888K)->41943K(69888K)
[4.516s][info][gc,heap     ] GC(9) Tenured: 732760K(1398144K)->757620K(1398144K)
[4.516s][info][gc,metaspace] GC(9) Metaspace: 1742K(1920K)->1742K(1920K) NonClass: 1559K(1664K)->1559K(1664K) Class: 183K(256K)->183K(256K)
[4.516s][info][gc          ] GC(9) Pause Young (Allocation Failure) 1310M->780M(1979M) 119.905ms
[4.516s][info][gc,cpu      ] GC(9) User=0.11s Sys=0.00s Real=0.12s
[4.895s][info][gc,start    ] GC(10) Pause Young (Allocation Failure)
[5.007s][info][gc,heap     ] GC(10) DefNew: 601175K(629120K)->32752K(629120K) Eden: 559232K(559232K)->0K(559232K) From: 41943K(69888K)->32752K(69888K)
[5.007s][info][gc,heap     ] GC(10) Tenured: 757620K(1398144K)->782369K(1398144K)
[5.007s][info][gc,metaspace] GC(10) Metaspace: 1743K(1920K)->1743K(1920K) NonClass: 1559K(1664K)->1559K(1664K) Class: 183K(256K)->183K(256K)
[5.007s][info][gc          ] GC(10) Pause Young (Allocation Failure) 1326M->796M(1979M) 111.989ms
[5.007s][info][gc,cpu      ] GC(10) User=0.08s Sys=0.03s Real=0.11s
[5.342s][info][gc,start    ] GC(11) Pause Young (Allocation Failure)
[5.463s][info][gc,heap     ] GC(11) DefNew: 591984K(629120K)->60132K(629120K) Eden: 559232K(559232K)->0K(559232K) From: 32752K(69888K)->60132K(69888K)
[5.463s][info][gc,heap     ] GC(11) Tenured: 782369K(1398144K)->782369K(1398144K)
[5.463s][info][gc,metaspace] GC(11) Metaspace: 1744K(1920K)->1744K(1920K) NonClass: 1560K(1664K)->1560K(1664K) Class: 183K(256K)->183K(256K)
[5.463s][info][gc          ] GC(11) Pause Young (Allocation Failure) 1342M->822M(1979M) 121.050ms
[5.463s][info][gc,cpu      ] GC(11) User=0.12s Sys=0.00s Real=0.12s
[5.787s][info][gc,start    ] GC(12) Pause Young (Allocation Failure)
[5.929s][info][gc,heap     ] GC(12) DefNew: 619364K(629120K)->42339K(629120K) Eden: 559232K(559232K)->0K(559232K) From: 60132K(69888K)->42339K(69888K)
[5.929s][info][gc,heap     ] GC(12) Tenured: 782369K(1398144K)->814624K(1398144K)
[5.929s][info][gc,metaspace] GC(12) Metaspace: 1744K(1920K)->1744K(1920K) NonClass: 1560K(1664K)->1560K(1664K) Class: 183K(256K)->183K(256K)
[5.929s][info][gc          ] GC(12) Pause Young (Allocation Failure) 1368M->836M(1979M) 142.445ms
[5.929s][info][gc,cpu      ] GC(12) User=0.14s Sys=0.00s Real=0.14s
[6.252s][info][gc,start    ] GC(13) Pause Young (Allocation Failure)
[6.375s][info][gc,heap     ] GC(13) DefNew: 601571K(629120K)->28161K(629120K) Eden: 559232K(559232K)->0K(559232K) From: 42339K(69888K)->28161K(69888K)
[6.375s][info][gc,heap     ] GC(13) Tenured: 814624K(1398144K)->842498K(1398144K)
[6.375s][info][gc,metaspace] GC(13) Metaspace: 1744K(1920K)->1744K(1920K) NonClass: 1560K(1664K)->1560K(1664K) Class: 183K(256K)->183K(256K)
[6.375s][info][gc          ] GC(13) Pause Young (Allocation Failure) 1383M->850M(1979M) 123.486ms
[6.375s][info][gc,cpu      ] GC(13) User=0.11s Sys=0.00s Real=0.12s
[6.704s][info][gc,start    ] GC(14) Pause Young (Allocation Failure)
[6.813s][info][gc,heap     ] GC(14) DefNew: 587393K(629120K)->41690K(629120K) Eden: 559232K(559232K)->0K(559232K) From: 28161K(69888K)->41690K(69888K)
[6.813s][info][gc,heap     ] GC(14) Tenured: 842498K(1398144K)->842498K(1398144K)
[6.813s][info][gc,metaspace] GC(14) Metaspace: 1744K(1920K)->1744K(1920K) NonClass: 1561K(1664K)->1561K(1664K) Class: 183K(256K)->183K(256K)
[6.814s][info][gc          ] GC(14) Pause Young (Allocation Failure) 1396M->863M(1979M) 109.601ms
[6.814s][info][gc,cpu      ] GC(14) User=0.11s Sys=0.00s Real=0.11s
[7.139s][info][gc,start    ] GC(15) Pause Young (Allocation Failure)
[7.265s][info][gc,heap     ] GC(15) DefNew: 600922K(629120K)->39592K(629120K) Eden: 559232K(559232K)->0K(559232K) From: 41690K(69888K)->39592K(69888K)
[7.265s][info][gc,heap     ] GC(15) Tenured: 842498K(1398144K)->856961K(1398144K)
[7.265s][info][gc,metaspace] GC(15) Metaspace: 1745K(1920K)->1745K(1920K) NonClass: 1561K(1664K)->1561K(1664K) Class: 183K(256K)->183K(256K)
[7.265s][info][gc          ] GC(15) Pause Young (Allocation Failure) 1409M->875M(1979M) 126.416ms
[7.265s][info][gc,cpu      ] GC(15) User=0.12s Sys=0.00s Real=0.13s
[7.623s][info][gc,start    ] GC(16) Pause Young (Allocation Failure)
[7.780s][info][gc,heap     ] GC(16) DefNew: 598824K(629120K)->62386K(629120K) Eden: 559232K(559232K)->0K(559232K) From: 39592K(69888K)->62386K(69888K)
[7.780s][info][gc,heap     ] GC(16) Tenured: 856961K(1398144K)->870418K(1398144K)
[7.780s][info][gc,metaspace] GC(16) Metaspace: 1745K(1920K)->1745K(1920K) NonClass: 1561K(1664K)->1561K(1664K) Class: 183K(256K)->183K(256K)
[7.780s][info][gc          ] GC(16) Pause Young (Allocation Failure) 1421M->910M(1979M) 157.295ms
[7.780s][info][gc,cpu      ] GC(16) User=0.14s Sys=0.00s Real=0.16s
[8.111s][info][gc,start    ] GC(17) Pause Young (Allocation Failure)
[8.272s][info][gc,heap     ] GC(17) DefNew: 621618K(629120K)->12763K(629120K) Eden: 559232K(559232K)->0K(559232K) From: 62386K(69888K)->12763K(69888K)
[8.272s][info][gc,heap     ] GC(17) Tenured: 870418K(1398144K)->932802K(1398144K)
[8.272s][info][gc,metaspace] GC(17) Metaspace: 1745K(1920K)->1745K(1920K) NonClass: 1561K(1664K)->1561K(1664K) Class: 183K(256K)->183K(256K)
[8.272s][info][gc          ] GC(17) Pause Young (Allocation Failure) 1457M->923M(1979M) 160.427ms
[8.272s][info][gc,cpu      ] GC(17) User=0.16s Sys=0.00s Real=0.16s
[8.637s][info][gc,start    ] GC(18) Pause Young (Allocation Failure)
[8.738s][info][gc,heap     ] GC(18) DefNew: 571995K(629120K)->25080K(629120K) Eden: 559232K(559232K)->0K(559232K) From: 12763K(69888K)->25080K(69888K)
[8.738s][info][gc,heap     ] GC(18) Tenured: 932802K(1398144K)->932802K(1398144K)
[8.738s][info][gc,metaspace] GC(18) Metaspace: 1745K(1920K)->1745K(1920K) NonClass: 1561K(1664K)->1561K(1664K) Class: 183K(256K)->183K(256K)
[8.738s][info][gc          ] GC(18) Pause Young (Allocation Failure) 1469M->935M(1979M) 100.795ms
[8.738s][info][gc,cpu      ] GC(18) User=0.11s Sys=0.00s Real=0.10s
[9.285s][info][gc,heap,exit] Heap
[9.285s][info][gc,heap,exit]  def new generation   total 629120K, used 292927K [0x0000000700000000, 0x000000072aaa0000, 0x0000000755550000)
[9.285s][info][gc,heap,exit]   eden space 559232K,  47% used [0x0000000700000000, 0x0000000710591ee8, 0x0000000722220000)
[9.285s][info][gc,heap,exit]   from space 69888K,  35% used [0x0000000726660000, 0x0000000727ede080, 0x000000072aaa0000)
[9.286s][info][gc,heap,exit]   to   space 69888K,   0% used [0x0000000722220000, 0x0000000722220000, 0x0000000726660000)
[9.286s][info][gc,heap,exit]  tenured generation   total 1398144K, used 932802K [0x0000000755550000, 0x00000007aaab0000, 0x0000000800000000)
[9.286s][info][gc,heap,exit]    the space 1398144K,  66% used [0x0000000755550000, 0x000000078e440b50, 0x000000078e440c00, 0x00000007aaab0000)
[9.286s][info][gc,heap,exit]  Metaspace       used 1914K, committed 2048K, reserved 1114112K
[9.286s][info][gc,heap,exit]   class space    used 203K, committed 256K, reserved 1048576K
