[0.008s][info][gc,init] CardTable entry size: 512
[0.009s][info][gc     ] Using Serial
[0.014s][info][gc,init] Version: 21.0.5+9-LTS-239 (release)
[0.014s][info][gc,init] CPUs: 12 total, 12 available
[0.014s][info][gc,init] Memory: 16190M
[0.014s][info][gc,init] Large Page Support: Disabled
[0.014s][info][gc,init] NUMA Support: Disabled
[0.014s][info][gc,init] Compressed Oops: Enabled (Zero based)
[0.014s][info][gc,init] Heap Min Capacity: 2G
[0.014s][info][gc,init] Heap Initial Capacity: 2G
[0.014s][info][gc,init] Heap Max Capacity: 4G
[0.014s][info][gc,init] Pre-touch: Disabled
[0.021s][info][gc,metaspace] CDS archive(s) mapped at: [0x0000026400000000-0x0000026400c90000-0x0000026400c90000), size 13172736, SharedBaseAddress: 0x0000026400000000, ArchiveRelocationMode: 1.
[0.022s][info][gc,metaspace] Compressed class space mapped at: 0x0000026401000000-0x0000026441000000, reserved size: 1073741824
[0.022s][info][gc,metaspace] Narrow klass base: 0x0000026400000000, Narrow klass shift: 0, Narrow klass range: 0x100000000
[0.852s][info][gc,start    ] GC(0) Pause Young (Allocation Failure)
[0.879s][info][gc,heap     ] GC(0) DefNew: 559232K(629120K)->69887K(629120K) Eden: 559232K(559232K)->0K(559232K) From: 0K(69888K)->69887K(69888K)
[0.879s][info][gc,heap     ] GC(0) Tenured: 0K(1398144K)->31708K(1398144K)
[0.879s][info][gc,metaspace] GC(0) Metaspace: 1311K(1472K)->1311K(1472K) NonClass: 1213K(1280K)->1213K(1280K) Class: 97K(192K)->97K(192K)
[0.879s][info][gc          ] GC(0) Pause Young (Allocation Failure) 546M->99M(1979M) 26.613ms
[0.879s][info][gc,cpu      ] GC(0) User=0.02s Sys=0.00s Real=0.03s
[1.236s][info][gc,start    ] GC(1) Pause Young (Allocation Failure)
[1.278s][info][gc,heap     ] GC(1) DefNew: 629119K(629120K)->69888K(629120K) Eden: 559232K(559232K)->0K(559232K) From: 69887K(69888K)->69888K(69888K)
[1.278s][info][gc,heap     ] GC(1) Tenured: 31708K(1398144K)->138698K(1398144K)
[1.278s][info][gc,metaspace] GC(1) Metaspace: 1312K(1472K)->1312K(1472K) NonClass: 1215K(1280K)->1215K(1280K) Class: 97K(192K)->97K(192K)
[1.278s][info][gc          ] GC(1) Pause Young (Allocation Failure) 645M->203M(1979M) 42.507ms
[1.278s][info][gc,cpu      ] GC(1) User=0.05s Sys=0.00s Real=0.04s
[1.617s][info][gc,start    ] GC(2) Pause Young (Allocation Failure)
[1.652s][info][gc,heap     ] GC(2) DefNew: 629120K(629120K)->69888K(629120K) Eden: 559232K(559232K)->0K(559232K) From: 69888K(69888K)->69888K(69888K)
[1.652s][info][gc,heap     ] GC(2) Tenured: 138698K(1398144K)->248586K(1398144K)
[1.652s][info][gc,metaspace] GC(2) Metaspace: 1312K(1472K)->1312K(1472K) NonClass: 1215K(1280K)->1215K(1280K) Class: 97K(192K)->97K(192K)
[1.652s][info][gc          ] GC(2) Pause Young (Allocation Failure) 749M->311M(1979M) 35.203ms
[1.652s][info][gc,cpu      ] GC(2) User=0.03s Sys=0.00s Real=0.04s
[2.160s][info][gc,start    ] GC(3) Pause Young (Allocation Failure)
[2.242s][info][gc,heap     ] GC(3) DefNew: 629120K(629120K)->65974K(629120K) Eden: 559232K(559232K)->0K(559232K) From: 69888K(69888K)->65974K(69888K)
[2.242s][info][gc,heap     ] GC(3) Tenured: 248586K(1398144K)->318349K(1398144K)
[2.242s][info][gc,metaspace] GC(3) Metaspace: 1571K(1664K)->1571K(1664K) NonClass: 1435K(1472K)->1435K(1472K) Class: 135K(192K)->135K(192K)
[2.242s][info][gc          ] GC(3) Pause Young (Allocation Failure) 857M->375M(1979M) 81.483ms
[2.242s][info][gc,cpu      ] GC(3) User=0.09s Sys=0.00s Real=0.08s
[2.607s][info][gc,start    ] GC(4) Pause Young (Allocation Failure)
[2.727s][info][gc,heap     ] GC(4) DefNew: 625206K(629120K)->27918K(629120K) Eden: 559232K(559232K)->0K(559232K) From: 65974K(69888K)->27918K(69888K)
[2.727s][info][gc,heap     ] GC(4) Tenured: 318349K(1398144K)->381166K(1398144K)
[2.727s][info][gc,metaspace] GC(4) Metaspace: 1571K(1664K)->1571K(1664K) NonClass: 1436K(1472K)->1436K(1472K) Class: 135K(192K)->135K(192K)
[2.727s][info][gc          ] GC(4) Pause Young (Allocation Failure) 921M->399M(1979M) 119.968ms
[2.727s][info][gc,cpu      ] GC(4) User=0.12s Sys=0.00s Real=0.12s
[3.098s][info][gc,start    ] GC(5) Pause Young (Allocation Failure)
[3.190s][info][gc,heap     ] GC(5) DefNew: 587150K(629120K)->45791K(629120K) Eden: 559232K(559232K)->0K(559232K) From: 27918K(69888K)->45791K(69888K)
[3.190s][info][gc,heap     ] GC(5) Tenured: 381166K(1398144K)->381166K(1398144K)
[3.190s][info][gc,metaspace] GC(5) Metaspace: 1571K(1664K)->1571K(1664K) NonClass: 1436K(1472K)->1436K(1472K) Class: 135K(192K)->135K(192K)
[3.190s][info][gc          ] GC(5) Pause Young (Allocation Failure) 945M->416M(1979M) 92.433ms
[3.190s][info][gc,cpu      ] GC(5) User=0.08s Sys=0.02s Real=0.09s
[3.559s][info][gc,start    ] GC(6) Pause Young (Allocation Failure)
[3.676s][info][gc,heap     ] GC(6) DefNew: 605023K(629120K)->34683K(629120K) Eden: 559232K(559232K)->0K(559232K) From: 45791K(69888K)->34683K(69888K)
[3.676s][info][gc,heap     ] GC(6) Tenured: 381166K(1398144K)->409084K(1398144K)
[3.676s][info][gc,metaspace] GC(6) Metaspace: 1571K(1664K)->1571K(1664K) NonClass: 1436K(1472K)->1436K(1472K) Class: 135K(192K)->135K(192K)
[3.676s][info][gc          ] GC(6) Pause Young (Allocation Failure) 963M->433M(1979M) 117.185ms
[3.676s][info][gc,cpu      ] GC(6) User=0.09s Sys=0.02s Real=0.12s
[4.071s][info][gc,start    ] GC(7) Pause Young (Allocation Failure)
[4.189s][info][gc,heap     ] GC(7) DefNew: 593915K(629120K)->61322K(629120K) Eden: 559232K(559232K)->0K(559232K) From: 34683K(69888K)->61322K(69888K)
[4.189s][info][gc,heap     ] GC(7) Tenured: 409084K(1398144K)->409084K(1398144K)
[4.189s][info][gc,metaspace] GC(7) Metaspace: 1591K(1664K)->1591K(1664K) NonClass: 1454K(1472K)->1454K(1472K) Class: 136K(192K)->136K(192K)
[4.189s][info][gc          ] GC(7) Pause Young (Allocation Failure) 979M->459M(1979M) 118.905ms
[4.189s][info][gc,cpu      ] GC(7) User=0.11s Sys=0.00s Real=0.12s
[4.567s][info][gc,start    ] GC(8) Pause Young (Allocation Failure)
[4.712s][info][gc,heap     ] GC(8) DefNew: 620554K(629120K)->42158K(629120K) Eden: 559232K(559232K)->0K(559232K) From: 61322K(69888K)->42158K(69888K)
[4.712s][info][gc,heap     ] GC(8) Tenured: 409084K(1398144K)->443053K(1398144K)
[4.712s][info][gc,metaspace] GC(8) Metaspace: 1591K(1664K)->1591K(1664K) NonClass: 1454K(1472K)->1454K(1472K) Class: 136K(192K)->136K(192K)
[4.712s][info][gc          ] GC(8) Pause Young (Allocation Failure) 1005M->473M(1979M) 144.865ms
[4.712s][info][gc,cpu      ] GC(8) User=0.16s Sys=0.00s Real=0.14s
[5.159s][info][gc,heap,exit] Heap
[5.159s][info][gc,heap,exit]  def new generation   total 629120K, used 375756K [0x0000000700000000, 0x000000072aaa0000, 0x0000000755550000)
[5.159s][info][gc,heap,exit]   eden space 559232K,  59% used [0x0000000700000000, 0x00000007145c7940, 0x0000000722220000)
[5.159s][info][gc,heap,exit]   from space 69888K,  60% used [0x0000000726660000, 0x0000000728f8b9d0, 0x000000072aaa0000)
[5.159s][info][gc,heap,exit]   to   space 69888K,   0% used [0x0000000722220000, 0x0000000722220000, 0x0000000726660000)
[5.159s][info][gc,heap,exit]  tenured generation   total 1398144K, used 443053K [0x0000000755550000, 0x00000007aaab0000, 0x0000000800000000)
[5.159s][info][gc,heap,exit]    the space 1398144K,  31% used [0x0000000755550000, 0x00000007705fb5e0, 0x00000007705fb600, 0x00000007aaab0000)
[5.159s][info][gc,heap,exit]  Metaspace       used 1752K, committed 1920K, reserved 1114112K
[5.159s][info][gc,heap,exit]   class space    used 156K, committed 256K, reserved 1048576K
