[0.009s][info][gc,init] CardTable entry size: 512
[0.009s][info][gc     ] Using Serial
[0.014s][info][gc,init] Version: 21.0.5+9-LTS-239 (release)
[0.014s][info][gc,init] CPUs: 12 total, 12 available
[0.014s][info][gc,init] Memory: 16190M
[0.014s][info][gc,init] Large Page Support: Disabled
[0.014s][info][gc,init] NUMA Support: Disabled
[0.014s][info][gc,init] Compressed Oops: Enabled (Zero based)
[0.014s][info][gc,init] Heap Min Capacity: 2G
[0.014s][info][gc,init] Heap Initial Capacity: 2G
[0.014s][info][gc,init] Heap Max Capacity: 4G
[0.014s][info][gc,init] Pre-touch: Disabled
[0.022s][info][gc,metaspace] CDS archive(s) mapped at: [0x000001f719000000-0x000001f719c90000-0x000001f719c90000), size 13172736, SharedBaseAddress: 0x000001f719000000, ArchiveRelocationMode: 1.
[0.022s][info][gc,metaspace] Compressed class space mapped at: 0x000001f71a000000-0x000001f75a000000, reserved size: 1073741824
[0.022s][info][gc,metaspace] Narrow klass base: 0x000001f719000000, Narrow klass shift: 0, Narrow klass range: 0x100000000
[0.860s][info][gc,start    ] GC(0) Pause Young (Allocation Failure)
[0.886s][info][gc,heap     ] GC(0) DefNew: 559232K(629120K)->69888K(629120K) Eden: 559232K(559232K)->0K(559232K) From: 0K(69888K)->69888K(69888K)
[0.886s][info][gc,heap     ] GC(0) Tenured: 0K(1398144K)->31793K(1398144K)
[0.886s][info][gc,metaspace] GC(0) Metaspace: 1319K(1472K)->1319K(1472K) NonClass: 1221K(1280K)->1221K(1280K) Class: 97K(192K)->97K(192K)
[0.886s][info][gc          ] GC(0) Pause Young (Allocation Failure) 546M->99M(1979M) 26.939ms
[0.886s][info][gc,cpu      ] GC(0) User=0.00s Sys=0.03s Real=0.03s
[1.243s][info][gc,start    ] GC(1) Pause Young (Allocation Failure)
[1.287s][info][gc,heap     ] GC(1) DefNew: 629120K(629120K)->69887K(629120K) Eden: 559232K(559232K)->0K(559232K) From: 69888K(69888K)->69887K(69888K)
[1.287s][info][gc,heap     ] GC(1) Tenured: 31793K(1398144K)->141000K(1398144K)
[1.287s][info][gc,metaspace] GC(1) Metaspace: 1320K(1472K)->1320K(1472K) NonClass: 1222K(1280K)->1222K(1280K) Class: 97K(192K)->97K(192K)
[1.287s][info][gc          ] GC(1) Pause Young (Allocation Failure) 645M->205M(1979M) 44.302ms
[1.287s][info][gc,cpu      ] GC(1) User=0.03s Sys=0.00s Real=0.04s
[1.619s][info][gc,start    ] GC(2) Pause Young (Allocation Failure)
[1.655s][info][gc,heap     ] GC(2) DefNew: 629119K(629120K)->69887K(629120K) Eden: 559232K(559232K)->0K(559232K) From: 69887K(69888K)->69887K(69888K)
[1.655s][info][gc,heap     ] GC(2) Tenured: 141000K(1398144K)->250686K(1398144K)
[1.655s][info][gc,metaspace] GC(2) Metaspace: 1320K(1472K)->1320K(1472K) NonClass: 1222K(1280K)->1222K(1280K) Class: 97K(192K)->97K(192K)
[1.655s][info][gc          ] GC(2) Pause Young (Allocation Failure) 752M->313M(1979M) 35.825ms
[1.655s][info][gc,cpu      ] GC(2) User=0.03s Sys=0.00s Real=0.03s
[1.987s][info][gc,start    ] GC(3) Pause Young (Allocation Failure)
[2.023s][info][gc,heap     ] GC(3) DefNew: 629119K(629120K)->69888K(629120K) Eden: 559232K(559232K)->0K(559232K) From: 69887K(69888K)->69888K(69888K)
[2.023s][info][gc,heap     ] GC(3) Tenured: 250686K(1398144K)->359650K(1398144K)
[2.023s][info][gc,metaspace] GC(3) Metaspace: 1320K(1472K)->1320K(1472K) NonClass: 1222K(1280K)->1222K(1280K) Class: 97K(192K)->97K(192K)
[2.023s][info][gc          ] GC(3) Pause Young (Allocation Failure) 859M->419M(1979M) 35.892ms
[2.023s][info][gc,cpu      ] GC(3) User=0.03s Sys=0.02s Real=0.04s
[2.358s][info][gc,start    ] GC(4) Pause Young (Allocation Failure)
[2.393s][info][gc,heap     ] GC(4) DefNew: 629120K(629120K)->69887K(629120K) Eden: 559232K(559232K)->0K(559232K) From: 69888K(69888K)->69887K(69888K)
[2.393s][info][gc,heap     ] GC(4) Tenured: 359650K(1398144K)->469649K(1398144K)
[2.393s][info][gc,metaspace] GC(4) Metaspace: 1320K(1472K)->1320K(1472K) NonClass: 1222K(1280K)->1222K(1280K) Class: 97K(192K)->97K(192K)
[2.393s][info][gc          ] GC(4) Pause Young (Allocation Failure) 965M->526M(1979M) 35.137ms
[2.393s][info][gc,cpu      ] GC(4) User=0.03s Sys=0.00s Real=0.04s
[2.732s][info][gc,start    ] GC(5) Pause Young (Allocation Failure)
[2.767s][info][gc,heap     ] GC(5) DefNew: 629119K(629120K)->69887K(629120K) Eden: 559232K(559232K)->0K(559232K) From: 69887K(69888K)->69887K(69888K)
[2.767s][info][gc,heap     ] GC(5) Tenured: 469649K(1398144K)->579183K(1398144K)
[2.767s][info][gc,metaspace] GC(5) Metaspace: 1320K(1472K)->1320K(1472K) NonClass: 1222K(1280K)->1222K(1280K) Class: 97K(192K)->97K(192K)
[2.767s][info][gc          ] GC(5) Pause Young (Allocation Failure) 1073M->633M(1979M) 35.099ms
[2.767s][info][gc,cpu      ] GC(5) User=0.02s Sys=0.02s Real=0.03s
[3.358s][info][gc,start    ] GC(6) Pause Young (Allocation Failure)
[3.416s][info][gc,heap     ] GC(6) DefNew: 629119K(629120K)->69887K(629120K) Eden: 559232K(559232K)->0K(559232K) From: 69887K(69888K)->69887K(69888K)
[3.416s][info][gc,heap     ] GC(6) Tenured: 579183K(1398144K)->671708K(1398144K)
[3.416s][info][gc,metaspace] GC(6) Metaspace: 1542K(1664K)->1542K(1664K) NonClass: 1415K(1472K)->1415K(1472K) Class: 127K(192K)->127K(192K)
[3.416s][info][gc          ] GC(6) Pause Young (Allocation Failure) 1179M->724M(1979M) 58.166ms
[3.416s][info][gc,cpu      ] GC(6) User=0.06s Sys=0.00s Real=0.06s
[4.409s][info][gc,start    ] GC(7) Pause Young (Allocation Failure)
[4.518s][info][gc,heap     ] GC(7) DefNew: 629119K(629120K)->26169K(629120K) Eden: 559232K(559232K)->0K(559232K) From: 69887K(69888K)->26169K(69888K)
[4.518s][info][gc,heap     ] GC(7) Tenured: 671708K(1398144K)->740058K(1398144K)
[4.518s][info][gc,metaspace] GC(7) Metaspace: 1551K(1664K)->1551K(1664K) NonClass: 1424K(1472K)->1424K(1472K) Class: 127K(192K)->127K(192K)
[4.518s][info][gc          ] GC(7) Pause Young (Allocation Failure) 1270M->748M(1979M) 109.853ms
[4.518s][info][gc,cpu      ] GC(7) User=0.11s Sys=0.00s Real=0.11s
[5.569s][info][gc,start    ] GC(8) Pause Young (Allocation Failure)
[5.671s][info][gc,heap     ] GC(8) DefNew: 585401K(629120K)->47651K(629120K) Eden: 559232K(559232K)->0K(559232K) From: 26169K(69888K)->47651K(69888K)
[5.671s][info][gc,heap     ] GC(8) Tenured: 740058K(1398144K)->740058K(1398144K)
[5.671s][info][gc,metaspace] GC(8) Metaspace: 1571K(1664K)->1571K(1664K) NonClass: 1443K(1472K)->1443K(1472K) Class: 128K(192K)->128K(192K)
[5.671s][info][gc          ] GC(8) Pause Young (Allocation Failure) 1294M->769M(1979M) 101.922ms
[5.671s][info][gc,cpu      ] GC(8) User=0.11s Sys=0.00s Real=0.10s
[6.716s][info][gc,start    ] GC(9) Pause Young (Allocation Failure)
[6.833s][info][gc,heap     ] GC(9) DefNew: 606883K(629120K)->41818K(629120K) Eden: 559232K(559232K)->0K(559232K) From: 47651K(69888K)->41818K(69888K)
[6.833s][info][gc,heap     ] GC(9) Tenured: 740058K(1398144K)->762780K(1398144K)
[6.833s][info][gc,metaspace] GC(9) Metaspace: 1572K(1664K)->1572K(1664K) NonClass: 1444K(1472K)->1444K(1472K) Class: 128K(192K)->128K(192K)
[6.834s][info][gc          ] GC(9) Pause Young (Allocation Failure) 1315M->785M(1979M) 117.587ms
[6.834s][info][gc,cpu      ] GC(9) User=0.11s Sys=0.00s Real=0.12s
[7.852s][info][gc,start    ] GC(10) Pause Young (Allocation Failure)
[7.985s][info][gc,heap     ] GC(10) DefNew: 601050K(629120K)->45040K(629120K) Eden: 559232K(559232K)->0K(559232K) From: 41818K(69888K)->45040K(69888K)
[7.985s][info][gc,heap     ] GC(10) Tenured: 762780K(1398144K)->782355K(1398144K)
[7.985s][info][gc,metaspace] GC(10) Metaspace: 1572K(1664K)->1572K(1664K) NonClass: 1444K(1472K)->1444K(1472K) Class: 128K(192K)->128K(192K)
[7.985s][info][gc          ] GC(10) Pause Young (Allocation Failure) 1331M->808M(1979M) 132.875ms
[7.985s][info][gc,cpu      ] GC(10) User=0.11s Sys=0.02s Real=0.13s
[9.008s][info][gc,start    ] GC(11) Pause Young (Allocation Failure)
[9.127s][info][gc,heap     ] GC(11) DefNew: 604272K(629120K)->43927K(629120K) Eden: 559232K(559232K)->0K(559232K) From: 45040K(69888K)->43927K(69888K)
[9.128s][info][gc,heap     ] GC(11) Tenured: 782355K(1398144K)->798874K(1398144K)
[9.128s][info][gc,metaspace] GC(11) Metaspace: 1572K(1664K)->1572K(1664K) NonClass: 1444K(1472K)->1444K(1472K) Class: 128K(192K)->128K(192K)
[9.128s][info][gc          ] GC(11) Pause Young (Allocation Failure) 1354M->823M(1979M) 119.522ms
[9.128s][info][gc,cpu      ] GC(11) User=0.11s Sys=0.00s Real=0.12s
[10.155s][info][gc,start    ] GC(12) Pause Young (Allocation Failure)
[10.272s][info][gc,heap     ] GC(12) DefNew: 603159K(629120K)->29585K(629120K) Eden: 559232K(559232K)->0K(559232K) From: 43927K(69888K)->29585K(69888K)
[10.272s][info][gc,heap     ] GC(12) Tenured: 798874K(1398144K)->827395K(1398144K)
[10.272s][info][gc,metaspace] GC(12) Metaspace: 1572K(1664K)->1572K(1664K) NonClass: 1444K(1472K)->1444K(1472K) Class: 128K(192K)->128K(192K)
[10.272s][info][gc          ] GC(12) Pause Young (Allocation Failure) 1369M->836M(1979M) 117.231ms
[10.272s][info][gc,cpu      ] GC(12) User=0.11s Sys=0.02s Real=0.12s
[11.350s][info][gc,start    ] GC(13) Pause Young (Allocation Failure)
[11.455s][info][gc,heap     ] GC(13) DefNew: 588817K(629120K)->43344K(629120K) Eden: 559232K(559232K)->0K(559232K) From: 29585K(69888K)->43344K(69888K)
[11.455s][info][gc,heap     ] GC(13) Tenured: 827395K(1398144K)->827395K(1398144K)
[11.455s][info][gc,metaspace] GC(13) Metaspace: 1572K(1664K)->1572K(1664K) NonClass: 1444K(1472K)->1444K(1472K) Class: 128K(192K)->128K(192K)
[11.455s][info][gc          ] GC(13) Pause Young (Allocation Failure) 1383M->850M(1979M) 104.864ms
[11.455s][info][gc,cpu      ] GC(13) User=0.11s Sys=0.00s Real=0.11s
[12.466s][info][gc,start    ] GC(14) Pause Young (Allocation Failure)
[12.591s][info][gc,heap     ] GC(14) DefNew: 602576K(629120K)->41518K(629120K) Eden: 559232K(559232K)->0K(559232K) From: 43344K(69888K)->41518K(69888K)
[12.591s][info][gc,heap     ] GC(14) Tenured: 827395K(1398144K)->842802K(1398144K)
[12.591s][info][gc,metaspace] GC(14) Metaspace: 1574K(1664K)->1574K(1664K) NonClass: 1445K(1472K)->1445K(1472K) Class: 128K(192K)->128K(192K)
[12.591s][info][gc          ] GC(14) Pause Young (Allocation Failure) 1396M->863M(1979M) 124.964ms
[12.591s][info][gc,cpu      ] GC(14) User=0.12s Sys=0.00s Real=0.12s
[13.637s][info][gc,start    ] GC(15) Pause Young (Allocation Failure)
[13.762s][info][gc,heap     ] GC(15) DefNew: 600750K(629120K)->40927K(629120K) Eden: 559232K(559232K)->0K(559232K) From: 41518K(69888K)->40927K(69888K)
[13.762s][info][gc,heap     ] GC(15) Tenured: 842802K(1398144K)->856980K(1398144K)
[13.762s][info][gc,metaspace] GC(15) Metaspace: 1574K(1664K)->1574K(1664K) NonClass: 1445K(1472K)->1445K(1472K) Class: 128K(192K)->128K(192K)
[13.762s][info][gc          ] GC(15) Pause Young (Allocation Failure) 1409M->876M(1979M) 124.945ms
[13.762s][info][gc,cpu      ] GC(15) User=0.12s Sys=0.00s Real=0.12s
[14.781s][info][gc,start    ] GC(16) Pause Young (Allocation Failure)
[14.935s][info][gc,heap     ] GC(16) DefNew: 600159K(629120K)->63751K(629120K) Eden: 559232K(559232K)->0K(559232K) From: 40927K(69888K)->63751K(69888K)
[14.935s][info][gc,heap     ] GC(16) Tenured: 856980K(1398144K)->870527K(1398144K)
[14.935s][info][gc,metaspace] GC(16) Metaspace: 1574K(1664K)->1574K(1664K) NonClass: 1446K(1472K)->1446K(1472K) Class: 128K(192K)->128K(192K)
[14.935s][info][gc          ] GC(16) Pause Young (Allocation Failure) 1422M->912M(1979M) 154.113ms
[14.935s][info][gc,cpu      ] GC(16) User=0.16s Sys=0.00s Real=0.15s
[15.982s][info][gc,start    ] GC(17) Pause Young (Allocation Failure)
[16.141s][info][gc,heap     ] GC(17) DefNew: 622983K(629120K)->12538K(629120K) Eden: 559232K(559232K)->0K(559232K) From: 63751K(69888K)->12538K(69888K)
[16.141s][info][gc,heap     ] GC(17) Tenured: 870527K(1398144K)->934278K(1398144K)
[16.141s][info][gc,metaspace] GC(17) Metaspace: 1574K(1664K)->1574K(1664K) NonClass: 1446K(1472K)->1446K(1472K) Class: 128K(192K)->128K(192K)
[16.141s][info][gc          ] GC(17) Pause Young (Allocation Failure) 1458M->924M(1979M) 158.865ms
[16.141s][info][gc,cpu      ] GC(17) User=0.16s Sys=0.00s Real=0.16s
[17.406s][info][gc,heap,exit] Heap
[17.406s][info][gc,heap,exit]  def new generation   total 629120K, used 571770K [0x0000000700000000, 0x000000072aaa0000, 0x0000000755550000)
[17.406s][info][gc,heap,exit]   eden space 559232K, 100% used [0x0000000700000000, 0x0000000722220000, 0x0000000722220000)
[17.406s][info][gc,heap,exit]   from space 69888K,  17% used [0x0000000722220000, 0x0000000722e5e8c8, 0x0000000726660000)
[17.406s][info][gc,heap,exit]   to   space 69888K,   0% used [0x0000000726660000, 0x0000000726660000, 0x000000072aaa0000)
[17.406s][info][gc,heap,exit]  tenured generation   total 1398144K, used 934278K [0x0000000755550000, 0x00000007aaab0000, 0x0000000800000000)
[17.406s][info][gc,heap,exit]    the space 1398144K,  66% used [0x0000000755550000, 0x000000078e5b19a8, 0x000000078e5b1a00, 0x00000007aaab0000)
[17.406s][info][gc,heap,exit]  Metaspace       used 1735K, committed 1856K, reserved 1114112K
[17.406s][info][gc,heap,exit]   class space    used 147K, committed 192K, reserved 1048576K
