[0.009s][info][gc,init] CardTable entry size: 512
[0.009s][info][gc     ] Using Serial
[0.014s][info][gc,init] Version: 21.0.5+9-LTS-239 (release)
[0.014s][info][gc,init] CPUs: 12 total, 12 available
[0.014s][info][gc,init] Memory: 16190M
[0.014s][info][gc,init] Large Page Support: Disabled
[0.014s][info][gc,init] NUMA Support: Disabled
[0.014s][info][gc,init] Compressed Oops: Enabled (Zero based)
[0.014s][info][gc,init] Heap Min Capacity: 2G
[0.014s][info][gc,init] Heap Initial Capacity: 2G
[0.014s][info][gc,init] Heap Max Capacity: 4G
[0.014s][info][gc,init] Pre-touch: Disabled
[0.021s][info][gc,metaspace] CDS archive(s) mapped at: [0x000001c059000000-0x000001c059c90000-0x000001c059c90000), size 13172736, SharedBaseAddress: 0x000001c059000000, ArchiveRelocationMode: 1.
[0.022s][info][gc,metaspace] Compressed class space mapped at: 0x000001c05a000000-0x000001c09a000000, reserved size: 1073741824
[0.022s][info][gc,metaspace] Narrow klass base: 0x000001c059000000, Narrow klass shift: 0, Narrow klass range: 0x100000000
[0.849s][info][gc,start    ] GC(0) Pause Young (Allocation Failure)
[0.876s][info][gc,heap     ] GC(0) DefNew: 559232K(629120K)->69888K(629120K) Eden: 559232K(559232K)->0K(559232K) From: 0K(69888K)->69888K(69888K)
[0.876s][info][gc,heap     ] GC(0) Tenured: 0K(1398144K)->31467K(1398144K)
[0.876s][info][gc,metaspace] GC(0) Metaspace: 1313K(1472K)->1313K(1472K) NonClass: 1215K(1280K)->1215K(1280K) Class: 97K(192K)->97K(192K)
[0.876s][info][gc          ] GC(0) Pause Young (Allocation Failure) 546M->98M(1979M) 26.474ms
[0.876s][info][gc,cpu      ] GC(0) User=0.03s Sys=0.00s Real=0.03s
[1.237s][info][gc,start    ] GC(1) Pause Young (Allocation Failure)
[1.281s][info][gc,heap     ] GC(1) DefNew: 629120K(629120K)->69888K(629120K) Eden: 559232K(559232K)->0K(559232K) From: 69888K(69888K)->69888K(69888K)
[1.281s][info][gc,heap     ] GC(1) Tenured: 31467K(1398144K)->140549K(1398144K)
[1.281s][info][gc,metaspace] GC(1) Metaspace: 1314K(1472K)->1314K(1472K) NonClass: 1216K(1280K)->1216K(1280K) Class: 97K(192K)->97K(192K)
[1.281s][info][gc          ] GC(1) Pause Young (Allocation Failure) 645M->205M(1979M) 43.275ms
[1.281s][info][gc,cpu      ] GC(1) User=0.05s Sys=0.00s Real=0.04s
[1.619s][info][gc,start    ] GC(2) Pause Young (Allocation Failure)
[1.655s][info][gc,heap     ] GC(2) DefNew: 629120K(629120K)->69888K(629120K) Eden: 559232K(559232K)->0K(559232K) From: 69888K(69888K)->69888K(69888K)
[1.655s][info][gc,heap     ] GC(2) Tenured: 140549K(1398144K)->250370K(1398144K)
[1.655s][info][gc,metaspace] GC(2) Metaspace: 1314K(1472K)->1314K(1472K) NonClass: 1216K(1280K)->1216K(1280K) Class: 97K(192K)->97K(192K)
[1.655s][info][gc          ] GC(2) Pause Young (Allocation Failure) 751M->312M(1979M) 36.480ms
[1.655s][info][gc,cpu      ] GC(2) User=0.03s Sys=0.02s Real=0.04s
[2.449s][info][gc,start    ] GC(3) Pause Young (Allocation Failure)
[2.532s][info][gc,heap     ] GC(3) DefNew: 629120K(629120K)->64870K(629120K) Eden: 559232K(559232K)->0K(559232K) From: 69888K(69888K)->64870K(69888K)
[2.532s][info][gc,heap     ] GC(3) Tenured: 250370K(1398144K)->320170K(1398144K)
[2.532s][info][gc,metaspace] GC(3) Metaspace: 1556K(1664K)->1556K(1664K) NonClass: 1429K(1472K)->1429K(1472K) Class: 127K(192K)->127K(192K)
[2.532s][info][gc          ] GC(3) Pause Young (Allocation Failure) 858M->376M(1979M) 83.152ms
[2.532s][info][gc,cpu      ] GC(3) User=0.08s Sys=0.02s Real=0.08s
[3.489s][info][gc,start    ] GC(4) Pause Young (Allocation Failure)
[3.599s][info][gc,heap     ] GC(4) DefNew: 624102K(629120K)->23435K(629120K) Eden: 559232K(559232K)->0K(559232K) From: 64870K(69888K)->23435K(69888K)
[3.599s][info][gc,heap     ] GC(4) Tenured: 320170K(1398144K)->382999K(1398144K)
[3.599s][info][gc,metaspace] GC(4) Metaspace: 1556K(1664K)->1556K(1664K) NonClass: 1429K(1472K)->1429K(1472K) Class: 127K(192K)->127K(192K)
[3.599s][info][gc          ] GC(4) Pause Young (Allocation Failure) 922M->396M(1979M) 110.444ms
[3.599s][info][gc,cpu      ] GC(4) User=0.09s Sys=0.02s Real=0.11s
[4.576s][info][gc,start    ] GC(5) Pause Young (Allocation Failure)
[4.675s][info][gc,heap     ] GC(5) DefNew: 582667K(629120K)->44740K(629120K) Eden: 559232K(559232K)->0K(559232K) From: 23435K(69888K)->44740K(69888K)
[4.675s][info][gc,heap     ] GC(5) Tenured: 382999K(1398144K)->382999K(1398144K)
[4.675s][info][gc,metaspace] GC(5) Metaspace: 1557K(1664K)->1557K(1664K) NonClass: 1430K(1472K)->1430K(1472K) Class: 127K(192K)->127K(192K)
[4.675s][info][gc          ] GC(5) Pause Young (Allocation Failure) 943M->417M(1979M) 98.648ms
[4.675s][info][gc,cpu      ] GC(5) User=0.08s Sys=0.02s Real=0.10s
[5.644s][info][gc,start    ] GC(6) Pause Young (Allocation Failure)
[5.765s][info][gc,heap     ] GC(6) DefNew: 603972K(629120K)->41382K(629120K) Eden: 559232K(559232K)->0K(559232K) From: 44740K(69888K)->41382K(69888K)
[5.766s][info][gc,heap     ] GC(6) Tenured: 382999K(1398144K)->403668K(1398144K)
[5.766s][info][gc,metaspace] GC(6) Metaspace: 1557K(1664K)->1557K(1664K) NonClass: 1430K(1472K)->1430K(1472K) Class: 127K(192K)->127K(192K)
[5.766s][info][gc          ] GC(6) Pause Young (Allocation Failure) 963M->434M(1979M) 121.756ms
[5.766s][info][gc,cpu      ] GC(6) User=0.12s Sys=0.00s Real=0.12s
[6.734s][info][gc,start    ] GC(7) Pause Young (Allocation Failure)
[6.864s][info][gc,heap     ] GC(7) DefNew: 600614K(629120K)->44518K(629120K) Eden: 559232K(559232K)->0K(559232K) From: 41382K(69888K)->44518K(69888K)
[6.864s][info][gc,heap     ] GC(7) Tenured: 403668K(1398144K)->422553K(1398144K)
[6.864s][info][gc,metaspace] GC(7) Metaspace: 1557K(1664K)->1557K(1664K) NonClass: 1430K(1472K)->1430K(1472K) Class: 127K(192K)->127K(192K)
[6.864s][info][gc          ] GC(7) Pause Young (Allocation Failure) 980M->456M(1979M) 129.218ms
[6.864s][info][gc,cpu      ] GC(7) User=0.12s Sys=0.00s Real=0.13s
[7.864s][info][gc,start    ] GC(8) Pause Young (Allocation Failure)
[7.984s][info][gc,heap     ] GC(8) DefNew: 603750K(629120K)->43510K(629120K) Eden: 559232K(559232K)->0K(559232K) From: 44518K(69888K)->43510K(69888K)
[7.984s][info][gc,heap     ] GC(8) Tenured: 422553K(1398144K)->439631K(1398144K)
[7.984s][info][gc,metaspace] GC(8) Metaspace: 1557K(1664K)->1557K(1664K) NonClass: 1430K(1472K)->1430K(1472K) Class: 127K(192K)->127K(192K)
[7.984s][info][gc          ] GC(8) Pause Young (Allocation Failure) 1002M->471M(1979M) 120.166ms
[7.984s][info][gc,cpu      ] GC(8) User=0.12s Sys=0.00s Real=0.12s
[8.794s][info][gc,heap,exit] Heap
[8.795s][info][gc,heap,exit]  def new generation   total 629120K, used 352857K [0x0000000700000000, 0x000000072aaa0000, 0x0000000755550000)
[8.795s][info][gc,heap,exit]   eden space 559232K,  55% used [0x0000000700000000, 0x0000000712e18970, 0x0000000722220000)
[8.795s][info][gc,heap,exit]   from space 69888K,  62% used [0x0000000726660000, 0x00000007290ddad8, 0x000000072aaa0000)
[8.795s][info][gc,heap,exit]   to   space 69888K,   0% used [0x0000000722220000, 0x0000000722220000, 0x0000000726660000)
[8.795s][info][gc,heap,exit]  tenured generation   total 1398144K, used 439631K [0x0000000755550000, 0x00000007aaab0000, 0x0000000800000000)
[8.795s][info][gc,heap,exit]    the space 1398144K,  31% used [0x0000000755550000, 0x00000007702a3d98, 0x00000007702a3e00, 0x00000007aaab0000)
[8.795s][info][gc,heap,exit]  Metaspace       used 1720K, committed 1856K, reserved 1114112K
[8.795s][info][gc,heap,exit]   class space    used 146K, committed 192K, reserved 1048576K
