[0.009s][info][gc,init] CardTable entry size: 512
[0.009s][info][gc     ] Using Serial
[0.014s][info][gc,init] Version: 21.0.5+9-LTS-239 (release)
[0.014s][info][gc,init] CPUs: 12 total, 12 available
[0.014s][info][gc,init] Memory: 16190M
[0.014s][info][gc,init] Large Page Support: Disabled
[0.014s][info][gc,init] NUMA Support: Disabled
[0.014s][info][gc,init] Compressed Oops: Enabled (Zero based)
[0.014s][info][gc,init] Heap Min Capacity: 2G
[0.014s][info][gc,init] Heap Initial Capacity: 2G
[0.014s][info][gc,init] Heap Max Capacity: 4G
[0.014s][info][gc,init] Pre-touch: Disabled
[0.021s][info][gc,metaspace] CDS archive(s) mapped at: [0x000002bd9c000000-0x000002bd9cc90000-0x000002bd9cc90000), size 13172736, SharedBaseAddress: 0x000002bd9c000000, ArchiveRelocationMode: 1.
[0.022s][info][gc,metaspace] Compressed class space mapped at: 0x000002bd9d000000-0x000002bddd000000, reserved size: 1073741824
[0.022s][info][gc,metaspace] Narrow klass base: 0x000002bd9c000000, Narrow klass shift: 0, Narrow klass range: 0x100000000
[0.819s][info][gc,start    ] GC(0) Pause Young (Allocation Failure)
[0.845s][info][gc,heap     ] GC(0) DefNew: 559232K(629120K)->69888K(629120K) Eden: 559232K(559232K)->0K(559232K) From: 0K(69888K)->69888K(69888K)
[0.845s][info][gc,heap     ] GC(0) Tenured: 0K(1398144K)->31466K(1398144K)
[0.845s][info][gc,metaspace] GC(0) Metaspace: 1315K(1472K)->1315K(1472K) NonClass: 1217K(1280K)->1217K(1280K) Class: 97K(192K)->97K(192K)
[0.845s][info][gc          ] GC(0) Pause Young (Allocation Failure) 546M->98M(1979M) 26.493ms
[0.845s][info][gc,cpu      ] GC(0) User=0.02s Sys=0.02s Real=0.03s
[1.202s][info][gc,start    ] GC(1) Pause Young (Allocation Failure)
[1.245s][info][gc,heap     ] GC(1) DefNew: 629120K(629120K)->69888K(629120K) Eden: 559232K(559232K)->0K(559232K) From: 69888K(69888K)->69888K(69888K)
[1.245s][info][gc,heap     ] GC(1) Tenured: 31466K(1398144K)->138320K(1398144K)
[1.245s][info][gc,metaspace] GC(1) Metaspace: 1316K(1472K)->1316K(1472K) NonClass: 1218K(1280K)->1218K(1280K) Class: 97K(192K)->97K(192K)
[1.245s][info][gc          ] GC(1) Pause Young (Allocation Failure) 645M->203M(1979M) 43.314ms
[1.245s][info][gc,cpu      ] GC(1) User=0.05s Sys=0.00s Real=0.04s
[1.583s][info][gc,start    ] GC(2) Pause Young (Allocation Failure)
[1.619s][info][gc,heap     ] GC(2) DefNew: 629120K(629120K)->69888K(629120K) Eden: 559232K(559232K)->0K(559232K) From: 69888K(69888K)->69888K(69888K)
[1.619s][info][gc,heap     ] GC(2) Tenured: 138320K(1398144K)->248086K(1398144K)
[1.619s][info][gc,metaspace] GC(2) Metaspace: 1316K(1472K)->1316K(1472K) NonClass: 1218K(1280K)->1218K(1280K) Class: 97K(192K)->97K(192K)
[1.619s][info][gc          ] GC(2) Pause Young (Allocation Failure) 749M->310M(1979M) 35.810ms
[1.619s][info][gc,cpu      ] GC(2) User=0.05s Sys=0.00s Real=0.04s
[2.097s][info][gc,start    ] GC(3) Pause Young (Allocation Failure)
[2.175s][info][gc,heap     ] GC(3) DefNew: 629120K(629120K)->64939K(629120K) Eden: 559232K(559232K)->0K(559232K) From: 69888K(69888K)->64939K(69888K)
[2.176s][info][gc,heap     ] GC(3) Tenured: 248086K(1398144K)->317921K(1398144K)
[2.176s][info][gc,metaspace] GC(3) Metaspace: 1681K(1792K)->1681K(1792K) NonClass: 1510K(1536K)->1510K(1536K) Class: 170K(256K)->170K(256K)
[2.176s][info][gc          ] GC(3) Pause Young (Allocation Failure) 856M->373M(1979M) 78.131ms
[2.176s][info][gc,cpu      ] GC(3) User=0.08s Sys=0.00s Real=0.08s
[2.623s][info][gc,start    ] GC(4) Pause Young (Allocation Failure)
[2.737s][info][gc,heap     ] GC(4) DefNew: 624171K(629120K)->23896K(629120K) Eden: 559232K(559232K)->0K(559232K) From: 64939K(69888K)->23896K(69888K)
[2.738s][info][gc,heap     ] GC(4) Tenured: 317921K(1398144K)->380839K(1398144K)
[2.738s][info][gc,metaspace] GC(4) Metaspace: 1702K(1856K)->1702K(1856K) NonClass: 1531K(1600K)->1531K(1600K) Class: 171K(256K)->171K(256K)
[2.738s][info][gc          ] GC(4) Pause Young (Allocation Failure) 920M->395M(1979M) 114.787ms
[2.738s][info][gc,cpu      ] GC(4) User=0.09s Sys=0.02s Real=0.12s
[3.096s][info][gc,start    ] GC(5) Pause Young (Allocation Failure)
[3.201s][info][gc,heap     ] GC(5) DefNew: 583128K(629120K)->45538K(629120K) Eden: 559232K(559232K)->0K(559232K) From: 23896K(69888K)->45538K(69888K)
[3.201s][info][gc,heap     ] GC(5) Tenured: 380839K(1398144K)->380839K(1398144K)
[3.202s][info][gc,metaspace] GC(5) Metaspace: 1703K(1856K)->1703K(1856K) NonClass: 1531K(1600K)->1531K(1600K) Class: 171K(256K)->171K(256K)
[3.202s][info][gc          ] GC(5) Pause Young (Allocation Failure) 941M->416M(1979M) 105.054ms
[3.202s][info][gc,cpu      ] GC(5) User=0.11s Sys=0.00s Real=0.11s
[3.546s][info][gc,start    ] GC(6) Pause Young (Allocation Failure)
[3.668s][info][gc,heap     ] GC(6) DefNew: 604770K(629120K)->41827K(629120K) Eden: 559232K(559232K)->0K(559232K) From: 45538K(69888K)->41827K(69888K)
[3.668s][info][gc,heap     ] GC(6) Tenured: 380839K(1398144K)->401853K(1398144K)
[3.668s][info][gc,metaspace] GC(6) Metaspace: 1703K(1856K)->1703K(1856K) NonClass: 1531K(1600K)->1531K(1600K) Class: 171K(256K)->171K(256K)
[3.668s][info][gc          ] GC(6) Pause Young (Allocation Failure) 962M->433M(1979M) 122.035ms
[3.668s][info][gc,cpu      ] GC(6) User=0.12s Sys=0.00s Real=0.12s
[4.004s][info][gc,start    ] GC(7) Pause Young (Allocation Failure)
[4.139s][info][gc,heap     ] GC(7) DefNew: 601059K(629120K)->44417K(629120K) Eden: 559232K(559232K)->0K(559232K) From: 41827K(69888K)->44417K(69888K)
[4.139s][info][gc,heap     ] GC(7) Tenured: 401853K(1398144K)->421151K(1398144K)
[4.139s][info][gc,metaspace] GC(7) Metaspace: 1703K(1856K)->1703K(1856K) NonClass: 1531K(1600K)->1531K(1600K) Class: 171K(256K)->171K(256K)
[4.139s][info][gc          ] GC(7) Pause Young (Allocation Failure) 979M->454M(1979M) 134.543ms
[4.139s][info][gc,cpu      ] GC(7) User=0.14s Sys=0.00s Real=0.13s
[4.496s][info][gc,start    ] GC(8) Pause Young (Allocation Failure)
[4.618s][info][gc,heap     ] GC(8) DefNew: 603649K(629120K)->42104K(629120K) Eden: 559232K(559232K)->0K(559232K) From: 44417K(69888K)->42104K(69888K)
[4.618s][info][gc,heap     ] GC(8) Tenured: 421151K(1398144K)->438194K(1398144K)
[4.618s][info][gc,metaspace] GC(8) Metaspace: 1704K(1856K)->1704K(1856K) NonClass: 1532K(1600K)->1532K(1600K) Class: 171K(256K)->171K(256K)
[4.618s][info][gc          ] GC(8) Pause Young (Allocation Failure) 1000M->469M(1979M) 121.905ms
[4.618s][info][gc,cpu      ] GC(8) User=0.12s Sys=0.00s Real=0.12s
[5.139s][info][gc,heap,exit] Heap
[5.139s][info][gc,heap,exit]  def new generation   total 629120K, used 438358K [0x0000000700000000, 0x000000072aaa0000, 0x0000000755550000)
[5.139s][info][gc,heap,exit]   eden space 559232K,  70% used [0x0000000700000000, 0x00000007182f7648, 0x0000000722220000)
[5.139s][info][gc,heap,exit]   from space 69888K,  60% used [0x0000000726660000, 0x0000000728f7e2d8, 0x000000072aaa0000)
[5.139s][info][gc,heap,exit]   to   space 69888K,   0% used [0x0000000722220000, 0x0000000722220000, 0x0000000726660000)
[5.139s][info][gc,heap,exit]  tenured generation   total 1398144K, used 438194K [0x0000000755550000, 0x00000007aaab0000, 0x0000000800000000)
[5.139s][info][gc,heap,exit]    the space 1398144K,  31% used [0x0000000755550000, 0x000000077013c948, 0x000000077013ca00, 0x00000007aaab0000)
[5.139s][info][gc,heap,exit]  Metaspace       used 1879K, committed 2048K, reserved 1114112K
[5.139s][info][gc,heap,exit]   class space    used 190K, committed 256K, reserved 1048576K
