[0.008s][info][gc,init] CardTable entry size: 512
[0.009s][info][gc     ] Using Serial
[0.014s][info][gc,init] Version: 21.0.5+9-LTS-239 (release)
[0.014s][info][gc,init] CPUs: 12 total, 12 available
[0.014s][info][gc,init] Memory: 16190M
[0.014s][info][gc,init] Large Page Support: Disabled
[0.014s][info][gc,init] NUMA Support: Disabled
[0.014s][info][gc,init] Compressed Oops: Enabled (Zero based)
[0.014s][info][gc,init] Heap Min Capacity: 2G
[0.014s][info][gc,init] Heap Initial Capacity: 2G
[0.014s][info][gc,init] Heap Max Capacity: 4G
[0.014s][info][gc,init] Pre-touch: Disabled
[0.021s][info][gc,metaspace] CDS archive(s) mapped at: [0x000002cb18000000-0x000002cb18c90000-0x000002cb18c90000), size 13172736, SharedBaseAddress: 0x000002cb18000000, ArchiveRelocationMode: 1.
[0.022s][info][gc,metaspace] Compressed class space mapped at: 0x000002cb19000000-0x000002cb59000000, reserved size: 1073741824
[0.022s][info][gc,metaspace] Narrow klass base: 0x000002cb18000000, Narrow klass shift: 0, Narrow klass range: 0x100000000
[0.822s][info][gc,start    ] GC(0) Pause Young (Allocation Failure)
[0.848s][info][gc,heap     ] GC(0) DefNew: 559232K(629120K)->69888K(629120K) Eden: 559232K(559232K)->0K(559232K) From: 0K(69888K)->69888K(69888K)
[0.848s][info][gc,heap     ] GC(0) Tenured: 0K(1398144K)->31552K(1398144K)
[0.848s][info][gc,metaspace] GC(0) Metaspace: 1312K(1472K)->1312K(1472K) NonClass: 1214K(1280K)->1214K(1280K) Class: 97K(192K)->97K(192K)
[0.848s][info][gc          ] GC(0) Pause Young (Allocation Failure) 546M->99M(1979M) 25.729ms
[0.848s][info][gc,cpu      ] GC(0) User=0.00s Sys=0.03s Real=0.03s
[1.191s][info][gc,start    ] GC(1) Pause Young (Allocation Failure)
[1.235s][info][gc,heap     ] GC(1) DefNew: 629120K(629120K)->69888K(629120K) Eden: 559232K(559232K)->0K(559232K) From: 69888K(69888K)->69888K(69888K)
[1.236s][info][gc,heap     ] GC(1) Tenured: 31552K(1398144K)->138798K(1398144K)
[1.236s][info][gc,metaspace] GC(1) Metaspace: 1313K(1472K)->1313K(1472K) NonClass: 1215K(1280K)->1215K(1280K) Class: 97K(192K)->97K(192K)
[1.236s][info][gc          ] GC(1) Pause Young (Allocation Failure) 645M->203M(1979M) 44.540ms
[1.236s][info][gc,cpu      ] GC(1) User=0.05s Sys=0.00s Real=0.05s
[1.563s][info][gc,start    ] GC(2) Pause Young (Allocation Failure)
[1.597s][info][gc,heap     ] GC(2) DefNew: 629120K(629120K)->69888K(629120K) Eden: 559232K(559232K)->0K(559232K) From: 69888K(69888K)->69888K(69888K)
[1.598s][info][gc,heap     ] GC(2) Tenured: 138798K(1398144K)->248405K(1398144K)
[1.598s][info][gc,metaspace] GC(2) Metaspace: 1313K(1472K)->1313K(1472K) NonClass: 1215K(1280K)->1215K(1280K) Class: 97K(192K)->97K(192K)
[1.598s][info][gc          ] GC(2) Pause Young (Allocation Failure) 749M->310M(1979M) 34.915ms
[1.598s][info][gc,cpu      ] GC(2) User=0.03s Sys=0.00s Real=0.04s
[1.922s][info][gc,start    ] GC(3) Pause Young (Allocation Failure)
[1.957s][info][gc,heap     ] GC(3) DefNew: 629120K(629120K)->69888K(629120K) Eden: 559232K(559232K)->0K(559232K) From: 69888K(69888K)->69888K(69888K)
[1.957s][info][gc,heap     ] GC(3) Tenured: 248405K(1398144K)->357230K(1398144K)
[1.957s][info][gc,metaspace] GC(3) Metaspace: 1313K(1472K)->1313K(1472K) NonClass: 1215K(1280K)->1215K(1280K) Class: 97K(192K)->97K(192K)
[1.957s][info][gc          ] GC(3) Pause Young (Allocation Failure) 856M->417M(1979M) 35.625ms
[1.957s][info][gc,cpu      ] GC(3) User=0.02s Sys=0.02s Real=0.04s
[2.281s][info][gc,start    ] GC(4) Pause Young (Allocation Failure)
[2.317s][info][gc,heap     ] GC(4) DefNew: 629120K(629120K)->69887K(629120K) Eden: 559232K(559232K)->0K(559232K) From: 69888K(69888K)->69887K(69888K)
[2.317s][info][gc,heap     ] GC(4) Tenured: 357230K(1398144K)->467369K(1398144K)
[2.317s][info][gc,metaspace] GC(4) Metaspace: 1313K(1472K)->1313K(1472K) NonClass: 1215K(1280K)->1215K(1280K) Class: 97K(192K)->97K(192K)
[2.317s][info][gc          ] GC(4) Pause Young (Allocation Failure) 963M->524M(1979M) 35.656ms
[2.317s][info][gc,cpu      ] GC(4) User=0.03s Sys=0.00s Real=0.04s
[2.646s][info][gc,start    ] GC(5) Pause Young (Allocation Failure)
[2.680s][info][gc,heap     ] GC(5) DefNew: 629119K(629120K)->69887K(629120K) Eden: 559232K(559232K)->0K(559232K) From: 69887K(69888K)->69887K(69888K)
[2.680s][info][gc,heap     ] GC(5) Tenured: 467369K(1398144K)->576872K(1398144K)
[2.680s][info][gc,metaspace] GC(5) Metaspace: 1313K(1472K)->1313K(1472K) NonClass: 1215K(1280K)->1215K(1280K) Class: 97K(192K)->97K(192K)
[2.680s][info][gc          ] GC(5) Pause Young (Allocation Failure) 1070M->631M(1979M) 34.387ms
[2.680s][info][gc,cpu      ] GC(5) User=0.00s Sys=0.03s Real=0.03s
[3.162s][info][gc,start    ] GC(6) Pause Young (Allocation Failure)
[3.218s][info][gc,heap     ] GC(6) DefNew: 629119K(629120K)->69888K(629120K) Eden: 559232K(559232K)->0K(559232K) From: 69887K(69888K)->69888K(69888K)
[3.218s][info][gc,heap     ] GC(6) Tenured: 576872K(1398144K)->670602K(1398144K)
[3.218s][info][gc,metaspace] GC(6) Metaspace: 1618K(1792K)->1618K(1792K) NonClass: 1465K(1536K)->1465K(1536K) Class: 153K(256K)->153K(256K)
[3.218s][info][gc          ] GC(6) Pause Young (Allocation Failure) 1177M->723M(1979M) 55.508ms
[3.218s][info][gc,cpu      ] GC(6) User=0.06s Sys=0.00s Real=0.05s
[3.552s][info][gc,start    ] GC(7) Pause Young (Allocation Failure)
[3.662s][info][gc,heap     ] GC(7) DefNew: 629120K(629120K)->26540K(629120K) Eden: 559232K(559232K)->0K(559232K) From: 69888K(69888K)->26540K(69888K)
[3.662s][info][gc,heap     ] GC(7) Tenured: 670602K(1398144K)->739048K(1398144K)
[3.662s][info][gc,metaspace] GC(7) Metaspace: 1626K(1792K)->1626K(1792K) NonClass: 1473K(1536K)->1473K(1536K) Class: 153K(256K)->153K(256K)
[3.662s][info][gc          ] GC(7) Pause Young (Allocation Failure) 1269M->747M(1979M) 109.415ms
[3.662s][info][gc,cpu      ] GC(7) User=0.09s Sys=0.02s Real=0.11s
[4.022s][info][gc,start    ] GC(8) Pause Young (Allocation Failure)
[4.123s][info][gc,heap     ] GC(8) DefNew: 585772K(629120K)->48069K(629120K) Eden: 559232K(559232K)->0K(559232K) From: 26540K(69888K)->48069K(69888K)
[4.123s][info][gc,heap     ] GC(8) Tenured: 739048K(1398144K)->739048K(1398144K)
[4.123s][info][gc,metaspace] GC(8) Metaspace: 1647K(1792K)->1647K(1792K) NonClass: 1492K(1536K)->1492K(1536K) Class: 154K(256K)->154K(256K)
[4.123s][info][gc          ] GC(8) Pause Young (Allocation Failure) 1293M->768M(1979M) 100.649ms
[4.123s][info][gc,cpu      ] GC(8) User=0.09s Sys=0.00s Real=0.10s
[4.469s][info][gc,start    ] GC(9) Pause Young (Allocation Failure)
[4.590s][info][gc,heap     ] GC(9) DefNew: 607301K(629120K)->42102K(629120K) Eden: 559232K(559232K)->0K(559232K) From: 48069K(69888K)->42102K(69888K)
[4.590s][info][gc,heap     ] GC(9) Tenured: 739048K(1398144K)->762084K(1398144K)
[4.590s][info][gc,metaspace] GC(9) Metaspace: 1647K(1792K)->1647K(1792K) NonClass: 1493K(1536K)->1493K(1536K) Class: 154K(256K)->154K(256K)
[4.590s][info][gc          ] GC(9) Pause Young (Allocation Failure) 1314M->785M(1979M) 120.300ms
[4.590s][info][gc,cpu      ] GC(9) User=0.11s Sys=0.00s Real=0.12s
[4.959s][info][gc,start    ] GC(10) Pause Young (Allocation Failure)
[5.091s][info][gc,heap     ] GC(10) DefNew: 601334K(629120K)->44746K(629120K) Eden: 559232K(559232K)->0K(559232K) From: 42102K(69888K)->44746K(69888K)
[5.091s][info][gc,heap     ] GC(10) Tenured: 762084K(1398144K)->781746K(1398144K)
[5.091s][info][gc,metaspace] GC(10) Metaspace: 1647K(1792K)->1647K(1792K) NonClass: 1493K(1536K)->1493K(1536K) Class: 154K(256K)->154K(256K)
[5.091s][info][gc          ] GC(10) Pause Young (Allocation Failure) 1331M->807M(1979M) 131.970ms
[5.091s][info][gc,cpu      ] GC(10) User=0.11s Sys=0.02s Real=0.13s
[5.449s][info][gc,start    ] GC(11) Pause Young (Allocation Failure)
[5.567s][info][gc,heap     ] GC(11) DefNew: 603978K(629120K)->43330K(629120K) Eden: 559232K(559232K)->0K(559232K) From: 44746K(69888K)->43330K(69888K)
[5.567s][info][gc,heap     ] GC(11) Tenured: 781746K(1398144K)->798431K(1398144K)
[5.567s][info][gc,metaspace] GC(11) Metaspace: 1647K(1792K)->1647K(1792K) NonClass: 1493K(1536K)->1493K(1536K) Class: 154K(256K)->154K(256K)
[5.567s][info][gc          ] GC(11) Pause Young (Allocation Failure) 1353M->822M(1979M) 118.325ms
[5.567s][info][gc,cpu      ] GC(11) User=0.12s Sys=0.00s Real=0.12s
[5.911s][info][gc,start    ] GC(12) Pause Young (Allocation Failure)
[6.033s][info][gc,heap     ] GC(12) DefNew: 602562K(629120K)->29121K(629120K) Eden: 559232K(559232K)->0K(559232K) From: 43330K(69888K)->29121K(69888K)
[6.033s][info][gc,heap     ] GC(12) Tenured: 798431K(1398144K)->826491K(1398144K)
[6.033s][info][gc,metaspace] GC(12) Metaspace: 1647K(1792K)->1647K(1792K) NonClass: 1493K(1536K)->1493K(1536K) Class: 154K(256K)->154K(256K)
[6.033s][info][gc          ] GC(12) Pause Young (Allocation Failure) 1368M->835M(1979M) 122.529ms
[6.033s][info][gc,cpu      ] GC(12) User=0.12s Sys=0.00s Real=0.12s
[6.389s][info][gc,start    ] GC(13) Pause Young (Allocation Failure)
[6.498s][info][gc,heap     ] GC(13) DefNew: 588353K(629120K)->43122K(629120K) Eden: 559232K(559232K)->0K(559232K) From: 29121K(69888K)->43122K(69888K)
[6.499s][info][gc,heap     ] GC(13) Tenured: 826491K(1398144K)->826491K(1398144K)
[6.499s][info][gc,metaspace] GC(13) Metaspace: 1647K(1792K)->1647K(1792K) NonClass: 1493K(1536K)->1493K(1536K) Class: 154K(256K)->154K(256K)
[6.499s][info][gc          ] GC(13) Pause Young (Allocation Failure) 1381M->849M(1979M) 109.511ms
[6.499s][info][gc,cpu      ] GC(13) User=0.09s Sys=0.00s Real=0.11s
[6.855s][info][gc,start    ] GC(14) Pause Young (Allocation Failure)
[6.985s][info][gc,heap     ] GC(14) DefNew: 602354K(629120K)->40937K(629120K) Eden: 559232K(559232K)->0K(559232K) From: 43122K(69888K)->40937K(69888K)
[6.985s][info][gc,heap     ] GC(14) Tenured: 826491K(1398144K)->841760K(1398144K)
[6.985s][info][gc,metaspace] GC(14) Metaspace: 1647K(1792K)->1647K(1792K) NonClass: 1493K(1536K)->1493K(1536K) Class: 154K(256K)->154K(256K)
[6.985s][info][gc          ] GC(14) Pause Young (Allocation Failure) 1395M->862M(1979M) 129.636ms
[6.985s][info][gc,cpu      ] GC(14) User=0.14s Sys=0.00s Real=0.13s
[7.360s][info][gc,start    ] GC(15) Pause Young (Allocation Failure)
[7.485s][info][gc,heap     ] GC(15) DefNew: 600169K(629120K)->40394K(629120K) Eden: 559232K(559232K)->0K(559232K) From: 40937K(69888K)->40394K(69888K)
[7.485s][info][gc,heap     ] GC(15) Tenured: 841760K(1398144K)->855610K(1398144K)
[7.485s][info][gc,metaspace] GC(15) Metaspace: 1651K(1792K)->1651K(1792K) NonClass: 1497K(1536K)->1497K(1536K) Class: 154K(256K)->154K(256K)
[7.485s][info][gc          ] GC(15) Pause Young (Allocation Failure) 1408M->875M(1979M) 124.163ms
[7.485s][info][gc,cpu      ] GC(15) User=0.12s Sys=0.00s Real=0.12s
[7.850s][info][gc,start    ] GC(16) Pause Young (Allocation Failure)
[8.009s][info][gc,heap     ] GC(16) DefNew: 599626K(629120K)->63212K(629120K) Eden: 559232K(559232K)->0K(559232K) From: 40394K(69888K)->63212K(69888K)
[8.009s][info][gc,heap     ] GC(16) Tenured: 855610K(1398144K)->869387K(1398144K)
[8.009s][info][gc,metaspace] GC(16) Metaspace: 1655K(1792K)->1655K(1792K) NonClass: 1501K(1536K)->1501K(1536K) Class: 154K(256K)->154K(256K)
[8.009s][info][gc          ] GC(16) Pause Young (Allocation Failure) 1421M->910M(1979M) 159.266ms
[8.009s][info][gc,cpu      ] GC(16) User=0.16s Sys=0.00s Real=0.16s
[8.375s][info][gc,start    ] GC(17) Pause Young (Allocation Failure)
[8.535s][info][gc,heap     ] GC(17) DefNew: 622444K(629120K)->12316K(629120K) Eden: 559232K(559232K)->0K(559232K) From: 63212K(69888K)->12316K(69888K)
[8.535s][info][gc,heap     ] GC(17) Tenured: 869387K(1398144K)->932598K(1398144K)
[8.535s][info][gc,metaspace] GC(17) Metaspace: 1655K(1792K)->1655K(1792K) NonClass: 1501K(1536K)->1501K(1536K) Class: 154K(256K)->154K(256K)
[8.535s][info][gc          ] GC(17) Pause Young (Allocation Failure) 1456M->922M(1979M) 160.662ms
[8.535s][info][gc,cpu      ] GC(17) User=0.16s Sys=0.00s Real=0.16s
[9.129s][info][gc,start    ] GC(18) Pause Young (Allocation Failure)
[9.225s][info][gc,heap     ] GC(18) DefNew: 571548K(629120K)->23986K(629120K) Eden: 559232K(559232K)->0K(559232K) From: 12316K(69888K)->23986K(69888K)
[9.225s][info][gc,heap     ] GC(18) Tenured: 932598K(1398144K)->932598K(1398144K)
[9.225s][info][gc,metaspace] GC(18) Metaspace: 1656K(1792K)->1656K(1792K) NonClass: 1502K(1536K)->1502K(1536K) Class: 154K(256K)->154K(256K)
[9.225s][info][gc          ] GC(18) Pause Young (Allocation Failure) 1468M->934M(1979M) 96.331ms
[9.225s][info][gc,cpu      ] GC(18) User=0.09s Sys=0.00s Real=0.10s
[9.533s][info][gc,heap,exit] Heap
[9.533s][info][gc,heap,exit]  def new generation   total 629120K, used 123268K [0x0000000700000000, 0x000000072aaa0000, 0x0000000755550000)
[9.533s][info][gc,heap,exit]   eden space 559232K,  17% used [0x0000000700000000, 0x00000007060f4560, 0x0000000722220000)
[9.533s][info][gc,heap,exit]   from space 69888K,  34% used [0x0000000726660000, 0x0000000727dccac0, 0x000000072aaa0000)
[9.533s][info][gc,heap,exit]   to   space 69888K,   0% used [0x0000000722220000, 0x0000000722220000, 0x0000000726660000)
[9.533s][info][gc,heap,exit]  tenured generation   total 1398144K, used 932598K [0x0000000755550000, 0x00000007aaab0000, 0x0000000800000000)
[9.533s][info][gc,heap,exit]    the space 1398144K,  66% used [0x0000000755550000, 0x000000078e40da70, 0x000000078e40dc00, 0x00000007aaab0000)
[9.533s][info][gc,heap,exit]  Metaspace       used 1825K, committed 1984K, reserved 1114112K
[9.533s][info][gc,heap,exit]   class space    used 173K, committed 256K, reserved 1048576K
