[0.010s][info][gc,init] CardTable entry size: 512
[0.011s][info][gc     ] Using G1
[0.020s][info][gc,init] Version: 21.0.5+9-LTS-239 (release)
[0.020s][info][gc,init] CPUs: 12 total, 12 available
[0.020s][info][gc,init] Memory: 16190M
[0.020s][info][gc,init] Large Page Support: Disabled
[0.020s][info][gc,init] NUMA Support: Disabled
[0.020s][info][gc,init] Compressed Oops: Enabled (Zero based)
[0.020s][info][gc,init] Heap Region Size: 2M
[0.020s][info][gc,init] Heap Min Capacity: 2G
[0.020s][info][gc,init] Heap Initial Capacity: 2G
[0.020s][info][gc,init] Heap Max Capacity: 4G
[0.020s][info][gc,init] Pre-touch: Disabled
[0.020s][info][gc,init] Parallel Workers: 10
[0.020s][info][gc,init] Concurrent Workers: 3
[0.020s][info][gc,init] Concurrent Refinement Workers: 10
[0.020s][info][gc,init] Periodic GC: Disabled
[0.030s][info][gc,metaspace] CDS archive(s) mapped at: [0x0000016d00000000-0x0000016d00c90000-0x0000016d00c90000), size 13172736, SharedBaseAddress: 0x0000016d00000000, ArchiveRelocationMode: 1.
[0.030s][info][gc,metaspace] Compressed class space mapped at: 0x0000016d01000000-0x0000016d41000000, reserved size: 1073741824
[0.030s][info][gc,metaspace] Narrow klass base: 0x0000016d00000000, Narrow klass shift: 0, Narrow klass range: 0x100000000
[0.495s][info][gc,start    ] GC(0) Pause Young (Normal) (G1 Evacuation Pause)
[0.496s][info][gc,task     ] GC(0) Using 10 workers of 10 for evacuation
[0.501s][info][gc,phases   ] GC(0)   Pre Evacuate Collection Set: 0.2ms
[0.501s][info][gc,phases   ] GC(0)   Merge Heap Roots: 0.1ms
[0.501s][info][gc,phases   ] GC(0)   Evacuate Collection Set: 3.5ms
[0.501s][info][gc,phases   ] GC(0)   Post Evacuate Collection Set: 0.5ms
[0.501s][info][gc,phases   ] GC(0)   Other: 0.9ms
[0.501s][info][gc,heap     ] GC(0) Eden regions: 51->0(52)
[0.501s][info][gc,heap     ] GC(0) Survivor regions: 0->4(7)
[0.501s][info][gc,heap     ] GC(0) Old regions: 0->0
[0.501s][info][gc,heap     ] GC(0) Humongous regions: 0->0
[0.501s][info][gc,metaspace] GC(0) Metaspace: 1483K(1600K)->1483K(1600K) NonClass: 1365K(1408K)->1365K(1408K) Class: 118K(192K)->118K(192K)
[0.501s][info][gc          ] GC(0) Pause Young (Normal) (G1 Evacuation Pause) 102M->6M(2048M) 5.386ms
[0.501s][info][gc,cpu      ] GC(0) User=0.00s Sys=0.16s Real=0.01s
[0.710s][info][gc,start    ] GC(1) Pause Young (Normal) (G1 Evacuation Pause)
[0.710s][info][gc,task     ] GC(1) Using 10 workers of 10 for evacuation
[0.716s][info][gc,phases   ] GC(1)   Pre Evacuate Collection Set: 0.2ms
[0.716s][info][gc,phases   ] GC(1)   Merge Heap Roots: 0.1ms
[0.716s][info][gc,phases   ] GC(1)   Evacuate Collection Set: 4.6ms
[0.716s][info][gc,phases   ] GC(1)   Post Evacuate Collection Set: 0.5ms
[0.716s][info][gc,phases   ] GC(1)   Other: 0.1ms
[0.716s][info][gc,heap     ] GC(1) Eden regions: 52->0(194)
[0.716s][info][gc,heap     ] GC(1) Survivor regions: 4->6(7)
[0.716s][info][gc,heap     ] GC(1) Old regions: 0->0
[0.716s][info][gc,heap     ] GC(1) Humongous regions: 0->0
[0.716s][info][gc,metaspace] GC(1) Metaspace: 1495K(1600K)->1495K(1600K) NonClass: 1377K(1408K)->1377K(1408K) Class: 118K(192K)->118K(192K)
[0.716s][info][gc          ] GC(1) Pause Young (Normal) (G1 Evacuation Pause) 110M->10M(2048M) 5.726ms
[0.716s][info][gc,cpu      ] GC(1) User=0.00s Sys=0.00s Real=0.01s
[1.486s][info][gc,start    ] GC(2) Pause Young (Normal) (G1 Evacuation Pause)
[1.486s][info][gc,task     ] GC(2) Using 10 workers of 10 for evacuation
[1.496s][info][gc,phases   ] GC(2)   Pre Evacuate Collection Set: 0.3ms
[1.496s][info][gc,phases   ] GC(2)   Merge Heap Roots: 0.2ms
[1.496s][info][gc,phases   ] GC(2)   Evacuate Collection Set: 9.5ms
[1.496s][info][gc,phases   ] GC(2)   Post Evacuate Collection Set: 0.8ms
[1.496s][info][gc,phases   ] GC(2)   Other: 0.1ms
[1.496s][info][gc,heap     ] GC(2) Eden regions: 194->0(166)
[1.496s][info][gc,heap     ] GC(2) Survivor regions: 6->10(25)
[1.497s][info][gc,heap     ] GC(2) Old regions: 0->0
[1.497s][info][gc,heap     ] GC(2) Humongous regions: 4->3
[1.497s][info][gc,metaspace] GC(2) Metaspace: 1506K(1600K)->1506K(1600K) NonClass: 1388K(1408K)->1388K(1408K) Class: 118K(192K)->118K(192K)
[1.497s][info][gc          ] GC(2) Pause Young (Normal) (G1 Evacuation Pause) 406M->26M(2048M) 11.085ms
[1.497s][info][gc,cpu      ] GC(2) User=0.00s Sys=0.00s Real=0.01s
[1.579s][info][gc,heap,exit] Heap
[1.579s][info][gc,heap,exit]  garbage-first heap   total 2097152K, used 34818K [0x0000000700000000, 0x0000000800000000)
[1.579s][info][gc,heap,exit]   region size 2048K, 15 young (30720K), 10 survivors (20480K)
[1.579s][info][gc,heap,exit]  Metaspace       used 1697K, committed 1856K, reserved 1114112K
[1.579s][info][gc,heap,exit]   class space    used 144K, committed 192K, reserved 1048576K
