[0.019s][info][gc,init] CardTable entry size: 512
[0.019s][info][gc     ] Using G1
[0.028s][info][gc,init] Version: 21.0.5+9-LTS-239 (release)
[0.028s][info][gc,init] CPUs: 12 total, 12 available
[0.028s][info][gc,init] Memory: 16190M
[0.028s][info][gc,init] Large Page Support: Disabled
[0.028s][info][gc,init] NUMA Support: Disabled
[0.028s][info][gc,init] Compressed Oops: Enabled (Zero based)
[0.029s][info][gc,init] Heap Region Size: 2M
[0.029s][info][gc,init] Heap Min Capacity: 2G
[0.029s][info][gc,init] Heap Initial Capacity: 2G
[0.029s][info][gc,init] Heap Max Capacity: 4G
[0.029s][info][gc,init] Pre-touch: Disabled
[0.029s][info][gc,init] Parallel Workers: 10
[0.029s][info][gc,init] Concurrent Workers: 3
[0.029s][info][gc,init] Concurrent Refinement Workers: 10
[0.029s][info][gc,init] Periodic GC: Disabled
[0.037s][info][gc,metaspace] CDS archive(s) mapped at: [0x0000028f80000000-0x0000028f80c90000-0x0000028f80c90000), size 13172736, SharedBaseAddress: 0x0000028f80000000, ArchiveRelocationMode: 1.
[0.037s][info][gc,metaspace] Compressed class space mapped at: 0x0000028f81000000-0x0000028fc1000000, reserved size: 1073741824
[0.037s][info][gc,metaspace] Narrow klass base: 0x0000028f80000000, Narrow klass shift: 0, Narrow klass range: 0x100000000
[0.491s][info][gc,start    ] GC(0) Pause Young (Normal) (G1 Evacuation Pause)
[0.492s][info][gc,task     ] GC(0) Using 10 workers of 10 for evacuation
[0.497s][info][gc,phases   ] GC(0)   Pre Evacuate Collection Set: 0.2ms
[0.497s][info][gc,phases   ] GC(0)   Merge Heap Roots: 0.1ms
[0.497s][info][gc,phases   ] GC(0)   Evacuate Collection Set: 4.6ms
[0.497s][info][gc,phases   ] GC(0)   Post Evacuate Collection Set: 0.5ms
[0.497s][info][gc,phases   ] GC(0)   Other: 0.6ms
[0.498s][info][gc,heap     ] GC(0) Eden regions: 51->0(51)
[0.498s][info][gc,heap     ] GC(0) Survivor regions: 0->4(7)
[0.498s][info][gc,heap     ] GC(0) Old regions: 0->0
[0.498s][info][gc,heap     ] GC(0) Humongous regions: 0->0
[0.498s][info][gc,metaspace] GC(0) Metaspace: 1483K(1600K)->1483K(1600K) NonClass: 1365K(1408K)->1365K(1408K) Class: 118K(192K)->118K(192K)
[0.498s][info][gc          ] GC(0) Pause Young (Normal) (G1 Evacuation Pause) 102M->6M(2048M) 6.352ms
[0.498s][info][gc,cpu      ] GC(0) User=0.00s Sys=0.00s Real=0.01s
[0.733s][info][gc,start    ] GC(1) Pause Young (Normal) (G1 Evacuation Pause)
[0.733s][info][gc,task     ] GC(1) Using 10 workers of 10 for evacuation
[0.738s][info][gc,phases   ] GC(1)   Pre Evacuate Collection Set: 0.2ms
[0.738s][info][gc,phases   ] GC(1)   Merge Heap Roots: 0.1ms
[0.738s][info][gc,phases   ] GC(1)   Evacuate Collection Set: 4.4ms
[0.738s][info][gc,phases   ] GC(1)   Post Evacuate Collection Set: 0.5ms
[0.738s][info][gc,phases   ] GC(1)   Other: 0.1ms
[0.738s][info][gc,heap     ] GC(1) Eden regions: 51->0(61)
[0.738s][info][gc,heap     ] GC(1) Survivor regions: 4->6(7)
[0.738s][info][gc,heap     ] GC(1) Old regions: 0->0
[0.738s][info][gc,heap     ] GC(1) Humongous regions: 0->0
[0.738s][info][gc,metaspace] GC(1) Metaspace: 1493K(1600K)->1493K(1600K) NonClass: 1375K(1408K)->1375K(1408K) Class: 118K(192K)->118K(192K)
[0.738s][info][gc          ] GC(1) Pause Young (Normal) (G1 Evacuation Pause) 108M->10M(2048M) 5.562ms
[0.738s][info][gc,cpu      ] GC(1) User=0.00s Sys=0.00s Real=0.01s
[0.980s][info][gc,start    ] GC(2) Pause Young (Normal) (G1 Evacuation Pause)
[0.980s][info][gc,task     ] GC(2) Using 10 workers of 10 for evacuation
[0.987s][info][gc,phases   ] GC(2)   Pre Evacuate Collection Set: 0.3ms
[0.987s][info][gc,phases   ] GC(2)   Merge Heap Roots: 0.1ms
[0.987s][info][gc,phases   ] GC(2)   Evacuate Collection Set: 5.7ms
[0.987s][info][gc,phases   ] GC(2)   Post Evacuate Collection Set: 0.5ms
[0.987s][info][gc,phases   ] GC(2)   Other: 0.1ms
[0.987s][info][gc,heap     ] GC(2) Eden regions: 61->0(201)
[0.987s][info][gc,heap     ] GC(2) Survivor regions: 6->4(9)
[0.987s][info][gc,heap     ] GC(2) Old regions: 0->3
[0.987s][info][gc,heap     ] GC(2) Humongous regions: 2->1
[0.987s][info][gc,metaspace] GC(2) Metaspace: 1501K(1600K)->1501K(1600K) NonClass: 1382K(1408K)->1382K(1408K) Class: 118K(192K)->118K(192K)
[0.987s][info][gc          ] GC(2) Pause Young (Normal) (G1 Evacuation Pause) 136M->14M(2048M) 7.051ms
[0.987s][info][gc,cpu      ] GC(2) User=0.06s Sys=0.11s Real=0.01s
[1.758s][info][gc,start    ] GC(3) Pause Young (Normal) (G1 Evacuation Pause)
[1.758s][info][gc,task     ] GC(3) Using 10 workers of 10 for evacuation
[1.767s][info][gc,phases   ] GC(3)   Pre Evacuate Collection Set: 0.2ms
[1.767s][info][gc,phases   ] GC(3)   Merge Heap Roots: 0.1ms
[1.767s][info][gc,phases   ] GC(3)   Evacuate Collection Set: 8.1ms
[1.767s][info][gc,phases   ] GC(3)   Post Evacuate Collection Set: 0.6ms
[1.767s][info][gc,phases   ] GC(3)   Other: 0.1ms
[1.767s][info][gc,heap     ] GC(3) Eden regions: 201->0(605)
[1.767s][info][gc,heap     ] GC(3) Survivor regions: 4->9(26)
[1.767s][info][gc,heap     ] GC(3) Old regions: 3->3
[1.767s][info][gc,heap     ] GC(3) Humongous regions: 3->3
[1.767s][info][gc,metaspace] GC(3) Metaspace: 1505K(1600K)->1505K(1600K) NonClass: 1386K(1408K)->1386K(1408K) Class: 118K(192K)->118K(192K)
[1.767s][info][gc          ] GC(3) Pause Young (Normal) (G1 Evacuation Pause) 420M->28M(2048M) 9.408ms
[1.767s][info][gc,cpu      ] GC(3) User=0.11s Sys=0.05s Real=0.01s
[3.024s][info][gc,start    ] GC(4) Pause Young (Normal) (G1 Evacuation Pause)
[3.024s][info][gc,task     ] GC(4) Using 10 workers of 10 for evacuation
[3.037s][info][gc,phases   ] GC(4)   Pre Evacuate Collection Set: 0.3ms
[3.037s][info][gc,phases   ] GC(4)   Merge Heap Roots: 0.2ms
[3.037s][info][gc,phases   ] GC(4)   Evacuate Collection Set: 12.4ms
[3.037s][info][gc,phases   ] GC(4)   Post Evacuate Collection Set: 0.7ms
[3.037s][info][gc,phases   ] GC(4)   Other: 0.1ms
[3.038s][info][gc,heap     ] GC(4) Eden regions: 336->0(303)
[3.038s][info][gc,heap     ] GC(4) Survivor regions: 9->16(44)
[3.038s][info][gc,heap     ] GC(4) Old regions: 3->3
[3.038s][info][gc,heap     ] GC(4) Humongous regions: 6->6
[3.038s][info][gc,metaspace] GC(4) Metaspace: 1506K(1600K)->1506K(1600K) NonClass: 1388K(1408K)->1388K(1408K) Class: 118K(192K)->118K(192K)
[3.038s][info][gc          ] GC(4) Pause Young (Normal) (G1 Evacuation Pause) 706M->48M(2048M) 13.973ms
[3.038s][info][gc,cpu      ] GC(4) User=0.12s Sys=0.03s Real=0.01s
[3.995s][info][gc,start    ] GC(5) Pause Young (Normal) (G1 Evacuation Pause)
[3.995s][info][gc,task     ] GC(5) Using 10 workers of 10 for evacuation
[4.010s][info][gc,phases   ] GC(5)   Pre Evacuate Collection Set: 0.2ms
[4.010s][info][gc,phases   ] GC(5)   Merge Heap Roots: 0.1ms
[4.010s][info][gc,phases   ] GC(5)   Evacuate Collection Set: 13.0ms
[4.010s][info][gc,phases   ] GC(5)   Post Evacuate Collection Set: 0.6ms
[4.010s][info][gc,phases   ] GC(5)   Other: 0.1ms
[4.010s][info][gc,heap     ] GC(5) Eden regions: 280->0(330)
[4.010s][info][gc,heap     ] GC(5) Survivor regions: 16->22(37)
[4.010s][info][gc,heap     ] GC(5) Old regions: 3->3
[4.010s][info][gc,heap     ] GC(5) Humongous regions: 6->6
[4.010s][info][gc,metaspace] GC(5) Metaspace: 1506K(1600K)->1506K(1600K) NonClass: 1388K(1408K)->1388K(1408K) Class: 118K(192K)->118K(192K)
[4.010s][info][gc          ] GC(5) Pause Young (Normal) (G1 Evacuation Pause) 608M->60M(2048M) 14.351ms
[4.010s][info][gc,cpu      ] GC(5) User=0.12s Sys=0.03s Real=0.01s
[5.117s][info][gc,start    ] GC(6) Pause Young (Normal) (G1 Evacuation Pause)
[5.117s][info][gc,task     ] GC(6) Using 10 workers of 10 for evacuation
[5.135s][info][gc,phases   ] GC(6)   Pre Evacuate Collection Set: 0.3ms
[5.135s][info][gc,phases   ] GC(6)   Merge Heap Roots: 0.1ms
[5.135s][info][gc,phases   ] GC(6)   Evacuate Collection Set: 16.4ms
[5.135s][info][gc,phases   ] GC(6)   Post Evacuate Collection Set: 0.7ms
[5.135s][info][gc,phases   ] GC(6)   Other: 0.1ms
[5.135s][info][gc,heap     ] GC(6) Eden regions: 321->0(421)
[5.135s][info][gc,heap     ] GC(6) Survivor regions: 22->27(43)
[5.135s][info][gc,heap     ] GC(6) Old regions: 3->3
[5.135s][info][gc,heap     ] GC(6) Humongous regions: 7->6
[5.135s][info][gc,metaspace] GC(6) Metaspace: 1506K(1600K)->1506K(1600K) NonClass: 1388K(1408K)->1388K(1408K) Class: 118K(192K)->118K(192K)
[5.135s][info][gc          ] GC(6) Pause Young (Normal) (G1 Evacuation Pause) 704M->71M(2048M) 17.938ms
[5.135s][info][gc,cpu      ] GC(6) User=0.14s Sys=0.02s Real=0.02s
[6.548s][info][gc,start    ] GC(7) Pause Young (Normal) (G1 Evacuation Pause)
[6.548s][info][gc,task     ] GC(7) Using 10 workers of 10 for evacuation
[6.573s][info][gc,phases   ] GC(7)   Pre Evacuate Collection Set: 0.2ms
[6.573s][info][gc,phases   ] GC(7)   Merge Heap Roots: 0.2ms
[6.573s][info][gc,phases   ] GC(7)   Evacuate Collection Set: 23.6ms
[6.573s][info][gc,phases   ] GC(7)   Post Evacuate Collection Set: 0.6ms
[6.573s][info][gc,phases   ] GC(7)   Other: 0.1ms
[6.573s][info][gc,heap     ] GC(7) Eden regions: 391->0(581)
[6.573s][info][gc,heap     ] GC(7) Survivor regions: 27->33(53)
[6.573s][info][gc,heap     ] GC(7) Old regions: 3->3
[6.573s][info][gc,heap     ] GC(7) Humongous regions: 11->11
[6.573s][info][gc,metaspace] GC(7) Metaspace: 1506K(1600K)->1506K(1600K) NonClass: 1388K(1408K)->1388K(1408K) Class: 118K(192K)->118K(192K)
[6.573s][info][gc          ] GC(7) Pause Young (Normal) (G1 Evacuation Pause) 863M->92M(2048M) 25.000ms
[6.573s][info][gc,cpu      ] GC(7) User=0.14s Sys=0.02s Real=0.02s
[8.621s][info][gc,start    ] GC(8) Pause Young (Normal) (G1 Evacuation Pause)
[8.621s][info][gc,task     ] GC(8) Using 10 workers of 10 for evacuation
[8.649s][info][gc,phases   ] GC(8)   Pre Evacuate Collection Set: 0.3ms
[8.649s][info][gc,phases   ] GC(8)   Merge Heap Roots: 0.2ms
[8.649s][info][gc,phases   ] GC(8)   Evacuate Collection Set: 26.8ms
[8.649s][info][gc,phases   ] GC(8)   Post Evacuate Collection Set: 0.7ms
[8.649s][info][gc,phases   ] GC(8)   Other: 0.1ms
[8.649s][info][gc,heap     ] GC(8) Eden regions: 581->0(572)
[8.649s][info][gc,heap     ] GC(8) Survivor regions: 33->42(77)
[8.649s][info][gc,heap     ] GC(8) Old regions: 3->3
[8.649s][info][gc,heap     ] GC(8) Humongous regions: 12->11
[8.649s][info][gc,metaspace] GC(8) Metaspace: 1507K(1600K)->1507K(1600K) NonClass: 1388K(1408K)->1388K(1408K) Class: 118K(192K)->118K(192K)
[8.649s][info][gc          ] GC(8) Pause Young (Normal) (G1 Evacuation Pause) 1256M->110M(2048M) 28.353ms
[8.649s][info][gc,cpu      ] GC(8) User=0.31s Sys=0.00s Real=0.03s
[10.693s][info][gc,start    ] GC(9) Pause Young (Normal) (G1 Evacuation Pause)
[10.693s][info][gc,task     ] GC(9) Using 10 workers of 10 for evacuation
[10.726s][info][gc,phases   ] GC(9)   Pre Evacuate Collection Set: 0.3ms
[10.726s][info][gc,phases   ] GC(9)   Merge Heap Roots: 0.2ms
[10.726s][info][gc,phases   ] GC(9)   Evacuate Collection Set: 31.4ms
[10.726s][info][gc,phases   ] GC(9)   Post Evacuate Collection Set: 0.7ms
[10.726s][info][gc,phases   ] GC(9)   Other: 0.1ms
[10.726s][info][gc,heap     ] GC(9) Eden regions: 572->0(567)
[10.726s][info][gc,heap     ] GC(9) Survivor regions: 42->47(77)
[10.726s][info][gc,heap     ] GC(9) Old regions: 3->5
[10.726s][info][gc,heap     ] GC(9) Humongous regions: 11->11
[10.726s][info][gc,metaspace] GC(9) Metaspace: 1507K(1600K)->1507K(1600K) NonClass: 1388K(1408K)->1388K(1408K) Class: 118K(192K)->118K(192K)
[10.726s][info][gc          ] GC(9) Pause Young (Normal) (G1 Evacuation Pause) 1254M->124M(2048M) 32.976ms
[10.726s][info][gc,cpu      ] GC(9) User=0.31s Sys=0.00s Real=0.03s
[12.824s][info][gc,start    ] GC(10) Pause Young (Normal) (G1 Evacuation Pause)
[12.824s][info][gc,task     ] GC(10) Using 10 workers of 10 for evacuation
[12.858s][info][gc,phases   ] GC(10)   Pre Evacuate Collection Set: 0.3ms
[12.858s][info][gc,phases   ] GC(10)   Merge Heap Roots: 0.2ms
[12.858s][info][gc,phases   ] GC(10)   Evacuate Collection Set: 32.0ms
[12.858s][info][gc,phases   ] GC(10)   Post Evacuate Collection Set: 0.8ms
[12.858s][info][gc,phases   ] GC(10)   Other: 0.1ms
[12.858s][info][gc,heap     ] GC(10) Eden regions: 567->0(566)
[12.858s][info][gc,heap     ] GC(10) Survivor regions: 47->48(77)
[12.858s][info][gc,heap     ] GC(10) Old regions: 5->12
[12.858s][info][gc,heap     ] GC(10) Humongous regions: 11->11
[12.858s][info][gc,metaspace] GC(10) Metaspace: 1507K(1600K)->1507K(1600K) NonClass: 1388K(1408K)->1388K(1408K) Class: 118K(192K)->118K(192K)
[12.858s][info][gc          ] GC(10) Pause Young (Normal) (G1 Evacuation Pause) 1258M->140M(2048M) 33.689ms
[12.858s][info][gc,cpu      ] GC(10) User=0.47s Sys=0.00s Real=0.03s
[14.837s][info][gc,start    ] GC(11) Pause Young (Normal) (G1 Evacuation Pause)
[14.837s][info][gc,task     ] GC(11) Using 10 workers of 10 for evacuation
[14.872s][info][gc,phases   ] GC(11)   Pre Evacuate Collection Set: 0.4ms
[14.872s][info][gc,phases   ] GC(11)   Merge Heap Roots: 0.2ms
[14.872s][info][gc,phases   ] GC(11)   Evacuate Collection Set: 33.4ms
[14.872s][info][gc,phases   ] GC(11)   Post Evacuate Collection Set: 0.8ms
[14.872s][info][gc,phases   ] GC(11)   Other: 0.1ms
[14.872s][info][gc,heap     ] GC(11) Eden regions: 566->0(570)
[14.872s][info][gc,heap     ] GC(11) Survivor regions: 48->44(77)
[14.872s][info][gc,heap     ] GC(11) Old regions: 12->24
[14.872s][info][gc,heap     ] GC(11) Humongous regions: 13->11
[14.872s][info][gc,metaspace] GC(11) Metaspace: 1509K(1664K)->1509K(1664K) NonClass: 1390K(1472K)->1390K(1472K) Class: 118K(192K)->118K(192K)
[14.872s][info][gc          ] GC(11) Pause Young (Normal) (G1 Evacuation Pause) 1276M->155M(2048M) 35.150ms
[14.872s][info][gc,cpu      ] GC(11) User=0.31s Sys=0.02s Real=0.04s
[16.892s][info][gc,start    ] GC(12) Pause Young (Normal) (G1 Evacuation Pause)
[16.892s][info][gc,task     ] GC(12) Using 10 workers of 10 for evacuation
[16.929s][info][gc,phases   ] GC(12)   Pre Evacuate Collection Set: 0.3ms
[16.929s][info][gc,phases   ] GC(12)   Merge Heap Roots: 0.6ms
[16.929s][info][gc,phases   ] GC(12)   Evacuate Collection Set: 35.6ms
[16.929s][info][gc,phases   ] GC(12)   Post Evacuate Collection Set: 0.8ms
[16.929s][info][gc,phases   ] GC(12)   Other: 0.1ms
[16.929s][info][gc,heap     ] GC(12) Eden regions: 570->0(570)
[16.929s][info][gc,heap     ] GC(12) Survivor regions: 44->44(77)
[16.929s][info][gc,heap     ] GC(12) Old regions: 24->30
[16.929s][info][gc,heap     ] GC(12) Humongous regions: 20->20
[16.929s][info][gc,metaspace] GC(12) Metaspace: 1514K(1664K)->1514K(1664K) NonClass: 1395K(1472K)->1395K(1472K) Class: 118K(192K)->118K(192K)
[16.929s][info][gc          ] GC(12) Pause Young (Normal) (G1 Evacuation Pause) 1313M->187M(2048M) 37.525ms
[16.929s][info][gc,cpu      ] GC(12) User=0.30s Sys=0.02s Real=0.04s
[18.894s][info][gc,start    ] GC(13) Pause Young (Normal) (G1 Evacuation Pause)
[18.895s][info][gc,task     ] GC(13) Using 10 workers of 10 for evacuation
[18.930s][info][gc,phases   ] GC(13)   Pre Evacuate Collection Set: 0.3ms
[18.930s][info][gc,phases   ] GC(13)   Merge Heap Roots: 0.3ms
[18.930s][info][gc,phases   ] GC(13)   Evacuate Collection Set: 33.8ms
[18.930s][info][gc,phases   ] GC(13)   Post Evacuate Collection Set: 0.8ms
[18.930s][info][gc,phases   ] GC(13)   Other: 0.1ms
[18.930s][info][gc,heap     ] GC(13) Eden regions: 570->0(568)
[18.930s][info][gc,heap     ] GC(13) Survivor regions: 44->46(77)
[18.930s][info][gc,heap     ] GC(13) Old regions: 30->36
[18.930s][info][gc,heap     ] GC(13) Humongous regions: 25->20
[18.930s][info][gc,metaspace] GC(13) Metaspace: 1514K(1664K)->1514K(1664K) NonClass: 1395K(1472K)->1395K(1472K) Class: 118K(192K)->118K(192K)
[18.930s][info][gc          ] GC(13) Pause Young (Normal) (G1 Evacuation Pause) 1337M->203M(2048M) 35.535ms
[18.930s][info][gc,cpu      ] GC(13) User=0.31s Sys=0.00s Real=0.04s
[20.876s][info][gc,start    ] GC(14) Pause Young (Normal) (G1 Evacuation Pause)
[20.876s][info][gc,task     ] GC(14) Using 10 workers of 10 for evacuation
[20.913s][info][gc,phases   ] GC(14)   Pre Evacuate Collection Set: 0.3ms
[20.913s][info][gc,phases   ] GC(14)   Merge Heap Roots: 0.4ms
[20.913s][info][gc,phases   ] GC(14)   Evacuate Collection Set: 35.0ms
[20.913s][info][gc,phases   ] GC(14)   Post Evacuate Collection Set: 1.0ms
[20.913s][info][gc,phases   ] GC(14)   Other: 0.1ms
[20.913s][info][gc,heap     ] GC(14) Eden regions: 568->0(570)
[20.913s][info][gc,heap     ] GC(14) Survivor regions: 46->44(77)
[20.913s][info][gc,heap     ] GC(14) Old regions: 36->45
[20.913s][info][gc,heap     ] GC(14) Humongous regions: 24->20
[20.913s][info][gc,metaspace] GC(14) Metaspace: 1515K(1664K)->1515K(1664K) NonClass: 1396K(1472K)->1396K(1472K) Class: 118K(192K)->118K(192K)
[20.913s][info][gc          ] GC(14) Pause Young (Normal) (G1 Evacuation Pause) 1347M->216M(2048M) 37.036ms
[20.913s][info][gc,cpu      ] GC(14) User=0.31s Sys=0.00s Real=0.04s
[22.896s][info][gc,start    ] GC(15) Pause Young (Normal) (G1 Evacuation Pause)
[22.896s][info][gc,task     ] GC(15) Using 10 workers of 10 for evacuation
[22.933s][info][gc,phases   ] GC(15)   Pre Evacuate Collection Set: 0.3ms
[22.933s][info][gc,phases   ] GC(15)   Merge Heap Roots: 0.4ms
[22.933s][info][gc,phases   ] GC(15)   Evacuate Collection Set: 35.2ms
[22.933s][info][gc,phases   ] GC(15)   Post Evacuate Collection Set: 0.8ms
[22.933s][info][gc,phases   ] GC(15)   Other: 0.1ms
[22.933s][info][gc,heap     ] GC(15) Eden regions: 570->0(571)
[22.933s][info][gc,heap     ] GC(15) Survivor regions: 44->43(77)
[22.933s][info][gc,heap     ] GC(15) Old regions: 45->54
[22.933s][info][gc,heap     ] GC(15) Humongous regions: 24->20
[22.933s][info][gc,metaspace] GC(15) Metaspace: 1515K(1664K)->1515K(1664K) NonClass: 1396K(1472K)->1396K(1472K) Class: 118K(192K)->118K(192K)
[22.933s][info][gc          ] GC(15) Pause Young (Normal) (G1 Evacuation Pause) 1364M->232M(2048M) 37.024ms
[22.933s][info][gc,cpu      ] GC(15) User=0.31s Sys=0.00s Real=0.04s
[24.893s][info][gc,start    ] GC(16) Pause Young (Normal) (G1 Evacuation Pause)
[24.893s][info][gc,task     ] GC(16) Using 10 workers of 10 for evacuation
[24.929s][info][gc,phases   ] GC(16)   Pre Evacuate Collection Set: 0.3ms
[24.929s][info][gc,phases   ] GC(16)   Merge Heap Roots: 0.4ms
[24.929s][info][gc,phases   ] GC(16)   Evacuate Collection Set: 34.5ms
[24.929s][info][gc,phases   ] GC(16)   Post Evacuate Collection Set: 0.8ms
[24.929s][info][gc,phases   ] GC(16)   Other: 0.1ms
[24.929s][info][gc,heap     ] GC(16) Eden regions: 571->0(572)
[24.929s][info][gc,heap     ] GC(16) Survivor regions: 43->42(77)
[24.929s][info][gc,heap     ] GC(16) Old regions: 54->62
[24.929s][info][gc,heap     ] GC(16) Humongous regions: 20->20
[24.929s][info][gc,metaspace] GC(16) Metaspace: 1515K(1664K)->1515K(1664K) NonClass: 1396K(1472K)->1396K(1472K) Class: 118K(192K)->118K(192K)
[24.929s][info][gc          ] GC(16) Pause Young (Normal) (G1 Evacuation Pause) 1374M->246M(2048M) 36.314ms
[24.929s][info][gc,cpu      ] GC(16) User=0.31s Sys=0.00s Real=0.04s
[26.904s][info][gc,start    ] GC(17) Pause Young (Normal) (G1 Evacuation Pause)
[26.904s][info][gc,task     ] GC(17) Using 10 workers of 10 for evacuation
[26.941s][info][gc,phases   ] GC(17)   Pre Evacuate Collection Set: 0.2ms
[26.941s][info][gc,phases   ] GC(17)   Merge Heap Roots: 0.4ms
[26.941s][info][gc,phases   ] GC(17)   Evacuate Collection Set: 35.3ms
[26.941s][info][gc,phases   ] GC(17)   Post Evacuate Collection Set: 0.8ms
[26.941s][info][gc,phases   ] GC(17)   Other: 0.1ms
[26.941s][info][gc,heap     ] GC(17) Eden regions: 572->0(573)
[26.941s][info][gc,heap     ] GC(17) Survivor regions: 42->41(77)
[26.941s][info][gc,heap     ] GC(17) Old regions: 62->69
[26.941s][info][gc,heap     ] GC(17) Humongous regions: 23->20
[26.941s][info][gc,metaspace] GC(17) Metaspace: 1516K(1664K)->1516K(1664K) NonClass: 1397K(1472K)->1397K(1472K) Class: 118K(192K)->118K(192K)
[26.941s][info][gc          ] GC(17) Pause Young (Normal) (G1 Evacuation Pause) 1396M->258M(2048M) 37.103ms
[26.941s][info][gc,cpu      ] GC(17) User=0.31s Sys=0.00s Real=0.04s
[28.965s][info][gc,start    ] GC(18) Pause Young (Normal) (G1 Evacuation Pause)
[28.965s][info][gc,task     ] GC(18) Using 10 workers of 10 for evacuation
[29.002s][info][gc,phases   ] GC(18)   Pre Evacuate Collection Set: 0.3ms
[29.002s][info][gc,phases   ] GC(18)   Merge Heap Roots: 0.4ms
[29.002s][info][gc,phases   ] GC(18)   Evacuate Collection Set: 35.5ms
[29.002s][info][gc,phases   ] GC(18)   Post Evacuate Collection Set: 0.6ms
[29.002s][info][gc,phases   ] GC(18)   Other: 0.1ms
[29.002s][info][gc,heap     ] GC(18) Eden regions: 573->0(572)
[29.002s][info][gc,heap     ] GC(18) Survivor regions: 41->42(77)
[29.002s][info][gc,heap     ] GC(18) Old regions: 69->76
[29.002s][info][gc,heap     ] GC(18) Humongous regions: 22->20
[29.002s][info][gc,metaspace] GC(18) Metaspace: 1516K(1664K)->1516K(1664K) NonClass: 1397K(1472K)->1397K(1472K) Class: 118K(192K)->118K(192K)
[29.002s][info][gc          ] GC(18) Pause Young (Normal) (G1 Evacuation Pause) 1408M->276M(2048M) 37.266ms
[29.002s][info][gc,cpu      ] GC(18) User=0.47s Sys=0.00s Real=0.04s
[31.008s][info][gc,start    ] GC(19) Pause Young (Normal) (G1 Evacuation Pause)
[31.008s][info][gc,task     ] GC(19) Using 10 workers of 10 for evacuation
[31.045s][info][gc,phases   ] GC(19)   Pre Evacuate Collection Set: 0.3ms
[31.045s][info][gc,phases   ] GC(19)   Merge Heap Roots: 0.5ms
[31.046s][info][gc,phases   ] GC(19)   Evacuate Collection Set: 35.9ms
[31.046s][info][gc,phases   ] GC(19)   Post Evacuate Collection Set: 0.8ms
[31.046s][info][gc,phases   ] GC(19)   Other: 0.1ms
[31.046s][info][gc,heap     ] GC(19) Eden regions: 572->0(573)
[31.046s][info][gc,heap     ] GC(19) Survivor regions: 42->41(77)
[31.046s][info][gc,heap     ] GC(19) Old regions: 76->84
[31.046s][info][gc,heap     ] GC(19) Humongous regions: 20->20
[31.046s][info][gc,metaspace] GC(19) Metaspace: 1516K(1664K)->1516K(1664K) NonClass: 1397K(1472K)->1397K(1472K) Class: 118K(192K)->118K(192K)
[31.046s][info][gc          ] GC(19) Pause Young (Normal) (G1 Evacuation Pause) 1420M->288M(2048M) 37.753ms
[31.046s][info][gc,cpu      ] GC(19) User=0.47s Sys=0.00s Real=0.04s
[33.065s][info][gc,start    ] GC(20) Pause Young (Normal) (G1 Evacuation Pause)
[33.066s][info][gc,task     ] GC(20) Using 10 workers of 10 for evacuation
[33.102s][info][gc,phases   ] GC(20)   Pre Evacuate Collection Set: 0.3ms
[33.102s][info][gc,phases   ] GC(20)   Merge Heap Roots: 0.5ms
[33.102s][info][gc,phases   ] GC(20)   Evacuate Collection Set: 34.9ms
[33.102s][info][gc,phases   ] GC(20)   Post Evacuate Collection Set: 0.7ms
[33.102s][info][gc,phases   ] GC(20)   Other: 0.1ms
[33.102s][info][gc,heap     ] GC(20) Eden regions: 573->0(567)
[33.102s][info][gc,heap     ] GC(20) Survivor regions: 41->47(77)
[33.102s][info][gc,heap     ] GC(20) Old regions: 84->84
[33.102s][info][gc,heap     ] GC(20) Humongous regions: 20->20
[33.102s][info][gc,metaspace] GC(20) Metaspace: 1516K(1664K)->1516K(1664K) NonClass: 1397K(1472K)->1397K(1472K) Class: 118K(192K)->118K(192K)
[33.102s][info][gc          ] GC(20) Pause Young (Normal) (G1 Evacuation Pause) 1434M->300M(2048M) 36.709ms
[33.102s][info][gc,cpu      ] GC(20) User=0.31s Sys=0.00s Real=0.04s
[35.098s][info][gc,start    ] GC(21) Pause Young (Normal) (G1 Evacuation Pause)
[35.098s][info][gc,task     ] GC(21) Using 10 workers of 10 for evacuation
[35.140s][info][gc,phases   ] GC(21)   Pre Evacuate Collection Set: 0.3ms
[35.140s][info][gc,phases   ] GC(21)   Merge Heap Roots: 0.5ms
[35.140s][info][gc,phases   ] GC(21)   Evacuate Collection Set: 40.2ms
[35.140s][info][gc,phases   ] GC(21)   Post Evacuate Collection Set: 0.9ms
[35.140s][info][gc,phases   ] GC(21)   Other: 0.1ms
[35.140s][info][gc,heap     ] GC(21) Eden regions: 567->0(568)
[35.140s][info][gc,heap     ] GC(21) Survivor regions: 47->46(77)
[35.140s][info][gc,heap     ] GC(21) Old regions: 84->91
[35.140s][info][gc,heap     ] GC(21) Humongous regions: 23->20
[35.140s][info][gc,metaspace] GC(21) Metaspace: 1516K(1664K)->1516K(1664K) NonClass: 1397K(1472K)->1397K(1472K) Class: 118K(192K)->118K(192K)
[35.140s][info][gc          ] GC(21) Pause Young (Normal) (G1 Evacuation Pause) 1440M->312M(2048M) 42.134ms
[35.140s][info][gc,cpu      ] GC(21) User=0.47s Sys=0.00s Real=0.04s
[37.145s][info][gc,start    ] GC(22) Pause Young (Normal) (G1 Evacuation Pause)
[37.145s][info][gc,task     ] GC(22) Using 10 workers of 10 for evacuation
[37.185s][info][gc,phases   ] GC(22)   Pre Evacuate Collection Set: 0.3ms
[37.185s][info][gc,phases   ] GC(22)   Merge Heap Roots: 0.5ms
[37.185s][info][gc,phases   ] GC(22)   Evacuate Collection Set: 38.5ms
[37.185s][info][gc,phases   ] GC(22)   Post Evacuate Collection Set: 0.7ms
[37.185s][info][gc,phases   ] GC(22)   Other: 0.1ms
[37.185s][info][gc,heap     ] GC(22) Eden regions: 568->0(568)
[37.185s][info][gc,heap     ] GC(22) Survivor regions: 46->46(77)
[37.185s][info][gc,heap     ] GC(22) Old regions: 91->98
[37.185s][info][gc,heap     ] GC(22) Humongous regions: 23->20
[37.185s][info][gc,metaspace] GC(22) Metaspace: 1516K(1664K)->1516K(1664K) NonClass: 1398K(1472K)->1398K(1472K) Class: 118K(192K)->118K(192K)
[37.185s][info][gc          ] GC(22) Pause Young (Normal) (G1 Evacuation Pause) 1454M->326M(2048M) 40.292ms
[37.185s][info][gc,cpu      ] GC(22) User=0.31s Sys=0.02s Real=0.04s
[39.219s][info][gc,start    ] GC(23) Pause Young (Normal) (G1 Evacuation Pause)
[39.219s][info][gc,task     ] GC(23) Using 10 workers of 10 for evacuation
[39.267s][info][gc,phases   ] GC(23)   Pre Evacuate Collection Set: 0.3ms
[39.267s][info][gc,phases   ] GC(23)   Merge Heap Roots: 1.1ms
[39.267s][info][gc,phases   ] GC(23)   Evacuate Collection Set: 45.8ms
[39.267s][info][gc,phases   ] GC(23)   Post Evacuate Collection Set: 0.8ms
[39.267s][info][gc,phases   ] GC(23)   Other: 0.1ms
[39.267s][info][gc,heap     ] GC(23) Eden regions: 568->0(568)
[39.267s][info][gc,heap     ] GC(23) Survivor regions: 46->46(77)
[39.267s][info][gc,heap     ] GC(23) Old regions: 98->104
[39.267s][info][gc,heap     ] GC(23) Humongous regions: 37->37
[39.267s][info][gc,metaspace] GC(23) Metaspace: 1519K(1664K)->1519K(1664K) NonClass: 1400K(1472K)->1400K(1472K) Class: 118K(192K)->118K(192K)
[39.267s][info][gc          ] GC(23) Pause Young (Normal) (G1 Evacuation Pause) 1496M->373M(2048M) 48.316ms
[39.267s][info][gc,cpu      ] GC(23) User=0.45s Sys=0.02s Real=0.05s
[41.227s][info][gc,start    ] GC(24) Pause Young (Normal) (G1 Evacuation Pause)
[41.227s][info][gc,task     ] GC(24) Using 10 workers of 10 for evacuation
[41.269s][info][gc,phases   ] GC(24)   Pre Evacuate Collection Set: 0.3ms
[41.269s][info][gc,phases   ] GC(24)   Merge Heap Roots: 0.5ms
[41.269s][info][gc,phases   ] GC(24)   Evacuate Collection Set: 40.4ms
[41.269s][info][gc,phases   ] GC(24)   Post Evacuate Collection Set: 0.8ms
[41.269s][info][gc,phases   ] GC(24)   Other: 0.1ms
[41.269s][info][gc,heap     ] GC(24) Eden regions: 568->0(569)
[41.269s][info][gc,heap     ] GC(24) Survivor regions: 46->45(77)
[41.269s][info][gc,heap     ] GC(24) Old regions: 104->112
[41.269s][info][gc,heap     ] GC(24) Humongous regions: 38->37
[41.269s][info][gc,metaspace] GC(24) Metaspace: 1519K(1664K)->1519K(1664K) NonClass: 1400K(1472K)->1400K(1472K) Class: 118K(192K)->118K(192K)
[41.269s][info][gc          ] GC(24) Pause Young (Normal) (G1 Evacuation Pause) 1511M->385M(2048M) 42.378ms
[41.270s][info][gc,cpu      ] GC(24) User=0.47s Sys=0.00s Real=0.04s
[43.228s][info][gc,start    ] GC(25) Pause Young (Normal) (G1 Evacuation Pause)
[43.228s][info][gc,task     ] GC(25) Using 10 workers of 10 for evacuation
[43.271s][info][gc,phases   ] GC(25)   Pre Evacuate Collection Set: 0.3ms
[43.271s][info][gc,phases   ] GC(25)   Merge Heap Roots: 0.5ms
[43.271s][info][gc,phases   ] GC(25)   Evacuate Collection Set: 40.7ms
[43.271s][info][gc,phases   ] GC(25)   Post Evacuate Collection Set: 0.8ms
[43.271s][info][gc,phases   ] GC(25)   Other: 0.1ms
[43.271s][info][gc,heap     ] GC(25) Eden regions: 569->0(571)
[43.271s][info][gc,heap     ] GC(25) Survivor regions: 45->43(77)
[43.271s][info][gc,heap     ] GC(25) Old regions: 112->119
[43.271s][info][gc,heap     ] GC(25) Humongous regions: 39->37
[43.271s][info][gc,metaspace] GC(25) Metaspace: 1519K(1664K)->1519K(1664K) NonClass: 1400K(1472K)->1400K(1472K) Class: 118K(192K)->118K(192K)
[43.271s][info][gc          ] GC(25) Pause Young (Normal) (G1 Evacuation Pause) 1527M->396M(2048M) 42.651ms
[43.271s][info][gc,cpu      ] GC(25) User=0.47s Sys=0.00s Real=0.04s
[45.222s][info][gc,start    ] GC(26) Pause Young (Normal) (G1 Evacuation Pause)
[45.222s][info][gc,task     ] GC(26) Using 10 workers of 10 for evacuation
[45.263s][info][gc,phases   ] GC(26)   Pre Evacuate Collection Set: 0.3ms
[45.264s][info][gc,phases   ] GC(26)   Merge Heap Roots: 0.5ms
[45.264s][info][gc,phases   ] GC(26)   Evacuate Collection Set: 39.5ms
[45.264s][info][gc,phases   ] GC(26)   Post Evacuate Collection Set: 0.9ms
[45.264s][info][gc,phases   ] GC(26)   Other: 0.1ms
[45.264s][info][gc,heap     ] GC(26) Eden regions: 571->0(571)
[45.264s][info][gc,heap     ] GC(26) Survivor regions: 43->43(77)
[45.264s][info][gc,heap     ] GC(26) Old regions: 119->125
[45.264s][info][gc,heap     ] GC(26) Humongous regions: 38->37
[45.264s][info][gc,metaspace] GC(26) Metaspace: 1519K(1664K)->1519K(1664K) NonClass: 1401K(1472K)->1401K(1472K) Class: 118K(192K)->118K(192K)
[45.264s][info][gc          ] GC(26) Pause Young (Normal) (G1 Evacuation Pause) 1540M->410M(2048M) 41.462ms
[45.264s][info][gc,cpu      ] GC(26) User=0.31s Sys=0.02s Real=0.04s
[47.228s][info][gc,start    ] GC(27) Pause Young (Normal) (G1 Evacuation Pause)
[47.228s][info][gc,task     ] GC(27) Using 10 workers of 10 for evacuation
[47.269s][info][gc,phases   ] GC(27)   Pre Evacuate Collection Set: 0.3ms
[47.269s][info][gc,phases   ] GC(27)   Merge Heap Roots: 0.5ms
[47.269s][info][gc,phases   ] GC(27)   Evacuate Collection Set: 38.6ms
[47.269s][info][gc,phases   ] GC(27)   Post Evacuate Collection Set: 0.8ms
[47.269s][info][gc,phases   ] GC(27)   Other: 0.1ms
[47.269s][info][gc,heap     ] GC(27) Eden regions: 571->0(571)
[47.269s][info][gc,heap     ] GC(27) Survivor regions: 43->43(77)
[47.269s][info][gc,heap     ] GC(27) Old regions: 125->132
[47.269s][info][gc,heap     ] GC(27) Humongous regions: 41->37
[47.269s][info][gc,metaspace] GC(27) Metaspace: 1519K(1664K)->1519K(1664K) NonClass: 1401K(1472K)->1401K(1472K) Class: 118K(192K)->118K(192K)
[47.269s][info][gc          ] GC(27) Pause Young (Normal) (G1 Evacuation Pause) 1560M->422M(2048M) 40.552ms
[47.269s][info][gc,cpu      ] GC(27) User=0.47s Sys=0.00s Real=0.04s
[49.223s][info][gc,start    ] GC(28) Pause Young (Normal) (G1 Evacuation Pause)
[49.223s][info][gc,task     ] GC(28) Using 10 workers of 10 for evacuation
[49.264s][info][gc,phases   ] GC(28)   Pre Evacuate Collection Set: 0.3ms
[49.264s][info][gc,phases   ] GC(28)   Merge Heap Roots: 0.5ms
[49.264s][info][gc,phases   ] GC(28)   Evacuate Collection Set: 39.3ms
[49.264s][info][gc,phases   ] GC(28)   Post Evacuate Collection Set: 0.8ms
[49.264s][info][gc,phases   ] GC(28)   Other: 0.1ms
[49.264s][info][gc,heap     ] GC(28) Eden regions: 571->0(572)
[49.264s][info][gc,heap     ] GC(28) Survivor regions: 43->42(77)
[49.264s][info][gc,heap     ] GC(28) Old regions: 132->139
[49.264s][info][gc,heap     ] GC(28) Humongous regions: 38->37
[49.264s][info][gc,metaspace] GC(28) Metaspace: 1519K(1664K)->1519K(1664K) NonClass: 1401K(1472K)->1401K(1472K) Class: 118K(192K)->118K(192K)
[49.264s][info][gc          ] GC(28) Pause Young (Normal) (G1 Evacuation Pause) 1566M->434M(2048M) 41.192ms
[49.265s][info][gc,cpu      ] GC(28) User=0.47s Sys=0.00s Real=0.04s
[50.076s][info][gc,heap,exit] Heap
[50.076s][info][gc,heap,exit]  garbage-first heap   total 2097152K, used 585977K [0x0000000700000000, 0x0000000800000000)
[50.076s][info][gc,heap,exit]   region size 2048K, 98 young (200704K), 42 survivors (86016K)
[50.076s][info][gc,heap,exit]  Metaspace       used 1713K, committed 1856K, reserved 1114112K
[50.076s][info][gc,heap,exit]   class space    used 144K, committed 192K, reserved 1048576K
