[0.010s][info][gc,init] CardTable entry size: 512
[0.010s][info][gc     ] Using G1
[0.020s][info][gc,init] Version: 21.0.5+9-LTS-239 (release)
[0.020s][info][gc,init] CPUs: 12 total, 12 available
[0.020s][info][gc,init] Memory: 16190M
[0.020s][info][gc,init] Large Page Support: Disabled
[0.020s][info][gc,init] NUMA Support: Disabled
[0.020s][info][gc,init] Compressed Oops: Enabled (Zero based)
[0.020s][info][gc,init] Heap Region Size: 2M
[0.020s][info][gc,init] Heap Min Capacity: 2G
[0.020s][info][gc,init] Heap Initial Capacity: 2G
[0.020s][info][gc,init] Heap Max Capacity: 4G
[0.020s][info][gc,init] Pre-touch: Disabled
[0.020s][info][gc,init] Parallel Workers: 10
[0.020s][info][gc,init] Concurrent Workers: 3
[0.020s][info][gc,init] Concurrent Refinement Workers: 10
[0.020s][info][gc,init] Periodic GC: Disabled
[0.028s][info][gc,metaspace] CDS archive(s) mapped at: [0x000002c001000000-0x000002c001c90000-0x000002c001c90000), size 13172736, SharedBaseAddress: 0x000002c001000000, ArchiveRelocationMode: 1.
[0.028s][info][gc,metaspace] Compressed class space mapped at: 0x000002c002000000-0x000002c042000000, reserved size: 1073741824
[0.028s][info][gc,metaspace] Narrow klass base: 0x000002c001000000, Narrow klass shift: 0, Narrow klass range: 0x100000000
[0.392s][info][gc,start    ] GC(0) Pause Young (Normal) (G1 Evacuation Pause)
[0.393s][info][gc,task     ] GC(0) Using 10 workers of 10 for evacuation
[0.399s][info][gc,phases   ] GC(0)   Pre Evacuate Collection Set: 0.2ms
[0.399s][info][gc,phases   ] GC(0)   Merge Heap Roots: 0.1ms
[0.399s][info][gc,phases   ] GC(0)   Evacuate Collection Set: 5.2ms
[0.399s][info][gc,phases   ] GC(0)   Post Evacuate Collection Set: 0.4ms
[0.399s][info][gc,phases   ] GC(0)   Other: 0.6ms
[0.399s][info][gc,heap     ] GC(0) Eden regions: 51->0(49)
[0.399s][info][gc,heap     ] GC(0) Survivor regions: 0->4(7)
[0.399s][info][gc,heap     ] GC(0) Old regions: 0->0
[0.399s][info][gc,heap     ] GC(0) Humongous regions: 0->0
[0.399s][info][gc,metaspace] GC(0) Metaspace: 1702K(1792K)->1702K(1792K) NonClass: 1560K(1600K)->1560K(1600K) Class: 142K(192K)->142K(192K)
[0.399s][info][gc          ] GC(0) Pause Young (Normal) (G1 Evacuation Pause) 102M->7M(2048M) 6.934ms
[0.399s][info][gc,cpu      ] GC(0) User=0.02s Sys=0.03s Real=0.01s
[0.557s][info][gc,start    ] GC(1) Pause Young (Normal) (G1 Evacuation Pause)
[0.557s][info][gc,task     ] GC(1) Using 10 workers of 10 for evacuation
[0.564s][info][gc,phases   ] GC(1)   Pre Evacuate Collection Set: 0.2ms
[0.564s][info][gc,phases   ] GC(1)   Merge Heap Roots: 0.1ms
[0.564s][info][gc,phases   ] GC(1)   Evacuate Collection Set: 5.7ms
[0.564s][info][gc,phases   ] GC(1)   Post Evacuate Collection Set: 0.4ms
[0.564s][info][gc,phases   ] GC(1)   Other: 0.1ms
[0.564s][info][gc,heap     ] GC(1) Eden regions: 49->0(61)
[0.564s][info][gc,heap     ] GC(1) Survivor regions: 4->3(7)
[0.564s][info][gc,heap     ] GC(1) Old regions: 0->4
[0.564s][info][gc,heap     ] GC(1) Humongous regions: 0->0
[0.564s][info][gc,metaspace] GC(1) Metaspace: 1713K(1792K)->1713K(1792K) NonClass: 1571K(1600K)->1571K(1600K) Class: 142K(192K)->142K(192K)
[0.564s][info][gc          ] GC(1) Pause Young (Normal) (G1 Evacuation Pause) 105M->11M(2048M) 6.830ms
[0.564s][info][gc,cpu      ] GC(1) User=0.00s Sys=0.00s Real=0.01s
[0.764s][info][gc,start    ] GC(2) Pause Young (Normal) (G1 Evacuation Pause)
[0.764s][info][gc,task     ] GC(2) Using 10 workers of 10 for evacuation
[0.772s][info][gc,phases   ] GC(2)   Pre Evacuate Collection Set: 0.2ms
[0.772s][info][gc,phases   ] GC(2)   Merge Heap Roots: 0.2ms
[0.772s][info][gc,phases   ] GC(2)   Evacuate Collection Set: 6.5ms
[0.772s][info][gc,phases   ] GC(2)   Post Evacuate Collection Set: 0.3ms
[0.772s][info][gc,phases   ] GC(2)   Other: 0.1ms
[0.772s][info][gc,heap     ] GC(2) Eden regions: 61->0(95)
[0.772s][info][gc,heap     ] GC(2) Survivor regions: 3->6(8)
[0.772s][info][gc,heap     ] GC(2) Old regions: 4->4
[0.772s][info][gc,heap     ] GC(2) Humongous regions: 2->1
[0.772s][info][gc,metaspace] GC(2) Metaspace: 1740K(1856K)->1740K(1856K) NonClass: 1597K(1664K)->1597K(1664K) Class: 142K(192K)->142K(192K)
[0.772s][info][gc          ] GC(2) Pause Young (Normal) (G1 Evacuation Pause) 137M->19M(2048M) 7.617ms
[0.772s][info][gc,cpu      ] GC(2) User=0.12s Sys=0.05s Real=0.01s
[0.926s][info][gc,start    ] GC(3) Pause Young (Normal) (G1 Evacuation Pause)
[0.927s][info][gc,task     ] GC(3) Using 10 workers of 10 for evacuation
[0.936s][info][gc,phases   ] GC(3)   Pre Evacuate Collection Set: 0.2ms
[0.936s][info][gc,phases   ] GC(3)   Merge Heap Roots: 0.1ms
[0.936s][info][gc,phases   ] GC(3)   Evacuate Collection Set: 8.5ms
[0.936s][info][gc,phases   ] GC(3)   Post Evacuate Collection Set: 0.3ms
[0.936s][info][gc,phases   ] GC(3)   Other: 0.1ms
[0.936s][info][gc,heap     ] GC(3) Eden regions: 81->0(150)
[0.936s][info][gc,heap     ] GC(3) Survivor regions: 6->8(11)
[0.936s][info][gc,heap     ] GC(3) Old regions: 4->4
[0.936s][info][gc,heap     ] GC(3) Humongous regions: 1->1
[0.936s][info][gc,metaspace] GC(3) Metaspace: 1767K(1920K)->1767K(1920K) NonClass: 1625K(1728K)->1625K(1728K) Class: 142K(192K)->142K(192K)
[0.936s][info][gc          ] GC(3) Pause Young (Normal) (G1 Evacuation Pause) 181M->24M(2048M) 9.490ms
[0.936s][info][gc,cpu      ] GC(3) User=0.00s Sys=0.00s Real=0.01s
[1.141s][info][gc,heap,exit] Heap
[1.141s][info][gc,heap,exit]  garbage-first heap   total 2097152K, used 166308K [0x0000000700000000, 0x0000000800000000)
[1.142s][info][gc,heap,exit]   region size 2048K, 76 young (155648K), 8 survivors (16384K)
[1.142s][info][gc,heap,exit]  Metaspace       used 2001K, committed 2240K, reserved 1114112K
[1.142s][info][gc,heap,exit]   class space    used 177K, committed 320K, reserved 1048576K
