[0.012s][info][gc,init] CardTable entry size: 512
[0.012s][info][gc     ] Using G1
[0.024s][info][gc,init] Version: 21.0.5+9-LTS-239 (release)
[0.024s][info][gc,init] CPUs: 12 total, 12 available
[0.024s][info][gc,init] Memory: 16190M
[0.024s][info][gc,init] Large Page Support: Disabled
[0.024s][info][gc,init] NUMA Support: Disabled
[0.024s][info][gc,init] Compressed Oops: Enabled (Zero based)
[0.024s][info][gc,init] Heap Region Size: 2M
[0.024s][info][gc,init] Heap Min Capacity: 2G
[0.024s][info][gc,init] Heap Initial Capacity: 2G
[0.024s][info][gc,init] Heap Max Capacity: 4G
[0.024s][info][gc,init] Pre-touch: Disabled
[0.024s][info][gc,init] Parallel Workers: 10
[0.024s][info][gc,init] Concurrent Workers: 3
[0.025s][info][gc,init] Concurrent Refinement Workers: 10
[0.025s][info][gc,init] Periodic GC: Disabled
[0.045s][info][gc,metaspace] CDS archive(s) mapped at: [0x000002cd61000000-0x000002cd61c90000-0x000002cd61c90000), size 13172736, SharedBaseAddress: 0x000002cd61000000, ArchiveRelocationMode: 1.
[0.045s][info][gc,metaspace] Compressed class space mapped at: 0x000002cd62000000-0x000002cda2000000, reserved size: 1073741824
[0.045s][info][gc,metaspace] Narrow klass base: 0x000002cd61000000, Narrow klass shift: 0, Narrow klass range: 0x100000000
[0.391s][info][gc,start    ] GC(0) Pause Young (Normal) (G1 Evacuation Pause)
[0.393s][info][gc,task     ] GC(0) Using 10 workers of 10 for evacuation
[0.398s][info][gc,phases   ] GC(0)   Pre Evacuate Collection Set: 0.2ms
[0.398s][info][gc,phases   ] GC(0)   Merge Heap Roots: 0.1ms
[0.398s][info][gc,phases   ] GC(0)   Evacuate Collection Set: 4.3ms
[0.398s][info][gc,phases   ] GC(0)   Post Evacuate Collection Set: 0.4ms
[0.398s][info][gc,phases   ] GC(0)   Other: 2.0ms
[0.398s][info][gc,heap     ] GC(0) Eden regions: 51->0(47)
[0.398s][info][gc,heap     ] GC(0) Survivor regions: 0->5(7)
[0.398s][info][gc,heap     ] GC(0) Old regions: 0->0
[0.398s][info][gc,heap     ] GC(0) Humongous regions: 0->0
[0.398s][info][gc,metaspace] GC(0) Metaspace: 1695K(1792K)->1695K(1792K) NonClass: 1554K(1600K)->1554K(1600K) Class: 141K(192K)->141K(192K)
[0.398s][info][gc          ] GC(0) Pause Young (Normal) (G1 Evacuation Pause) 102M->8M(2048M) 7.295ms
[0.398s][info][gc,cpu      ] GC(0) User=0.09s Sys=0.08s Real=0.01s
[0.529s][info][gc,start    ] GC(1) Pause Young (Normal) (G1 Evacuation Pause)
[0.529s][info][gc,task     ] GC(1) Using 10 workers of 10 for evacuation
[0.535s][info][gc,phases   ] GC(1)   Pre Evacuate Collection Set: 0.2ms
[0.535s][info][gc,phases   ] GC(1)   Merge Heap Roots: 0.1ms
[0.535s][info][gc,phases   ] GC(1)   Evacuate Collection Set: 5.6ms
[0.535s][info][gc,phases   ] GC(1)   Post Evacuate Collection Set: 0.3ms
[0.535s][info][gc,phases   ] GC(1)   Other: 0.1ms
[0.535s][info][gc,heap     ] GC(1) Eden regions: 47->0(60)
[0.535s][info][gc,heap     ] GC(1) Survivor regions: 5->3(7)
[0.535s][info][gc,heap     ] GC(1) Old regions: 0->4
[0.535s][info][gc,heap     ] GC(1) Humongous regions: 0->0
[0.535s][info][gc,metaspace] GC(1) Metaspace: 1705K(1792K)->1705K(1792K) NonClass: 1564K(1600K)->1564K(1600K) Class: 141K(192K)->141K(192K)
[0.535s][info][gc          ] GC(1) Pause Young (Normal) (G1 Evacuation Pause) 102M->11M(2048M) 6.495ms
[0.535s][info][gc,cpu      ] GC(1) User=0.00s Sys=0.00s Real=0.01s
[0.690s][info][gc,start    ] GC(2) Pause Young (Normal) (G1 Evacuation Pause)
[0.690s][info][gc,task     ] GC(2) Using 10 workers of 10 for evacuation
[0.696s][info][gc,phases   ] GC(2)   Pre Evacuate Collection Set: 0.2ms
[0.696s][info][gc,phases   ] GC(2)   Merge Heap Roots: 0.2ms
[0.696s][info][gc,phases   ] GC(2)   Evacuate Collection Set: 5.8ms
[0.696s][info][gc,phases   ] GC(2)   Post Evacuate Collection Set: 0.3ms
[0.696s][info][gc,phases   ] GC(2)   Other: 0.1ms
[0.696s][info][gc,heap     ] GC(2) Eden regions: 60->0(65)
[0.696s][info][gc,heap     ] GC(2) Survivor regions: 3->6(8)
[0.696s][info][gc,heap     ] GC(2) Old regions: 4->4
[0.696s][info][gc,heap     ] GC(2) Humongous regions: 2->1
[0.696s][info][gc,metaspace] GC(2) Metaspace: 1719K(1792K)->1719K(1792K) NonClass: 1578K(1600K)->1578K(1600K) Class: 141K(192K)->141K(192K)
[0.697s][info][gc          ] GC(2) Pause Young (Normal) (G1 Evacuation Pause) 135M->20M(2048M) 6.843ms
[0.697s][info][gc,cpu      ] GC(2) User=0.06s Sys=0.11s Real=0.01s
[0.802s][info][gc,start    ] GC(3) Pause Young (Normal) (G1 Evacuation Pause)
[0.802s][info][gc,task     ] GC(3) Using 10 workers of 10 for evacuation
[0.810s][info][gc,phases   ] GC(3)   Pre Evacuate Collection Set: 0.2ms
[0.810s][info][gc,phases   ] GC(3)   Merge Heap Roots: 0.1ms
[0.810s][info][gc,phases   ] GC(3)   Evacuate Collection Set: 6.7ms
[0.810s][info][gc,phases   ] GC(3)   Post Evacuate Collection Set: 0.3ms
[0.810s][info][gc,phases   ] GC(3)   Other: 0.1ms
[0.810s][info][gc,heap     ] GC(3) Eden regions: 60->0(134)
[0.810s][info][gc,heap     ] GC(3) Survivor regions: 6->6(9)
[0.810s][info][gc,heap     ] GC(3) Old regions: 4->6
[0.810s][info][gc,heap     ] GC(3) Humongous regions: 1->1
[0.810s][info][gc,metaspace] GC(3) Metaspace: 1730K(1856K)->1730K(1856K) NonClass: 1588K(1664K)->1588K(1664K) Class: 141K(192K)->141K(192K)
[0.810s][info][gc          ] GC(3) Pause Young (Normal) (G1 Evacuation Pause) 140M->22M(2048M) 7.649ms
[0.810s][info][gc,cpu      ] GC(3) User=0.03s Sys=0.00s Real=0.01s
[0.907s][info][gc,start    ] GC(4) Pause Young (Normal) (G1 Evacuation Pause)
[0.907s][info][gc,task     ] GC(4) Using 10 workers of 10 for evacuation
[0.917s][info][gc,phases   ] GC(4)   Pre Evacuate Collection Set: 0.2ms
[0.917s][info][gc,phases   ] GC(4)   Merge Heap Roots: 0.2ms
[0.917s][info][gc,phases   ] GC(4)   Evacuate Collection Set: 9.6ms
[0.917s][info][gc,phases   ] GC(4)   Post Evacuate Collection Set: 0.3ms
[0.917s][info][gc,phases   ] GC(4)   Other: 0.1ms
[0.917s][info][gc,heap     ] GC(4) Eden regions: 77->0(178)
[0.917s][info][gc,heap     ] GC(4) Survivor regions: 6->11(11)
[0.917s][info][gc,heap     ] GC(4) Old regions: 6->6
[0.917s][info][gc,heap     ] GC(4) Humongous regions: 3->3
[0.917s][info][gc,metaspace] GC(4) Metaspace: 1754K(1856K)->1754K(1856K) NonClass: 1612K(1664K)->1612K(1664K) Class: 141K(192K)->141K(192K)
[0.917s][info][gc          ] GC(4) Pause Young (Normal) (G1 Evacuation Pause) 180M->38M(2048M) 10.534ms
[0.917s][info][gc,cpu      ] GC(4) User=0.12s Sys=0.05s Real=0.01s
[1.088s][info][gc,start    ] GC(5) Pause Young (Normal) (G1 Evacuation Pause)
[1.088s][info][gc,task     ] GC(5) Using 10 workers of 10 for evacuation
[1.103s][info][gc,phases   ] GC(5)   Pre Evacuate Collection Set: 0.2ms
[1.103s][info][gc,phases   ] GC(5)   Merge Heap Roots: 0.1ms
[1.103s][info][gc,phases   ] GC(5)   Evacuate Collection Set: 14.4ms
[1.103s][info][gc,phases   ] GC(5)   Post Evacuate Collection Set: 0.5ms
[1.103s][info][gc,phases   ] GC(5)   Other: 0.1ms
[1.103s][info][gc,heap     ] GC(5) Eden regions: 169->0(110)
[1.103s][info][gc,heap     ] GC(5) Survivor regions: 11->22(23)
[1.103s][info][gc,heap     ] GC(5) Old regions: 6->6
[1.103s][info][gc,heap     ] GC(5) Humongous regions: 3->3
[1.103s][info][gc,metaspace] GC(5) Metaspace: 1760K(1856K)->1760K(1856K) NonClass: 1619K(1664K)->1619K(1664K) Class: 141K(192K)->141K(192K)
[1.103s][info][gc          ] GC(5) Pause Young (Normal) (G1 Evacuation Pause) 376M->60M(2048M) 15.517ms
[1.103s][info][gc,cpu      ] GC(5) User=0.11s Sys=0.05s Real=0.02s
[1.200s][info][gc,start    ] GC(6) Pause Young (Normal) (G1 Evacuation Pause)
[1.200s][info][gc,task     ] GC(6) Using 10 workers of 10 for evacuation
[1.216s][info][gc,phases   ] GC(6)   Pre Evacuate Collection Set: 0.2ms
[1.216s][info][gc,phases   ] GC(6)   Merge Heap Roots: 0.1ms
[1.216s][info][gc,phases   ] GC(6)   Evacuate Collection Set: 15.4ms
[1.216s][info][gc,phases   ] GC(6)   Post Evacuate Collection Set: 0.4ms
[1.216s][info][gc,phases   ] GC(6)   Other: 0.1ms
[1.216s][info][gc,heap     ] GC(6) Eden regions: 109->0(150)
[1.216s][info][gc,heap     ] GC(6) Survivor regions: 22->15(17)
[1.216s][info][gc,heap     ] GC(6) Old regions: 6->22
[1.216s][info][gc,heap     ] GC(6) Humongous regions: 3->3
[1.216s][info][gc,metaspace] GC(6) Metaspace: 1760K(1856K)->1760K(1856K) NonClass: 1619K(1664K)->1619K(1664K) Class: 141K(192K)->141K(192K)
[1.216s][info][gc          ] GC(6) Pause Young (Normal) (G1 Evacuation Pause) 278M->78M(2048M) 16.517ms
[1.216s][info][gc,cpu      ] GC(6) User=0.14s Sys=0.02s Real=0.02s
[1.327s][info][gc,start    ] GC(7) Pause Young (Normal) (G1 Evacuation Pause)
[1.327s][info][gc,task     ] GC(7) Using 10 workers of 10 for evacuation
[1.339s][info][gc,phases   ] GC(7)   Pre Evacuate Collection Set: 0.3ms
[1.339s][info][gc,phases   ] GC(7)   Merge Heap Roots: 0.2ms
[1.339s][info][gc,phases   ] GC(7)   Evacuate Collection Set: 11.1ms
[1.339s][info][gc,phases   ] GC(7)   Post Evacuate Collection Set: 0.5ms
[1.339s][info][gc,phases   ] GC(7)   Other: 0.1ms
[1.339s][info][gc,heap     ] GC(7) Eden regions: 127->0(211)
[1.339s][info][gc,heap     ] GC(7) Survivor regions: 15->18(18)
[1.339s][info][gc,heap     ] GC(7) Old regions: 22->36
[1.339s][info][gc,heap     ] GC(7) Humongous regions: 3->3
[1.339s][info][gc,metaspace] GC(7) Metaspace: 1760K(1856K)->1760K(1856K) NonClass: 1619K(1664K)->1619K(1664K) Class: 141K(192K)->141K(192K)
[1.339s][info][gc          ] GC(7) Pause Young (Normal) (G1 Evacuation Pause) 332M->111M(2048M) 12.349ms
[1.339s][info][gc,cpu      ] GC(7) User=0.14s Sys=0.02s Real=0.01s
[1.516s][info][gc,start    ] GC(8) Pause Young (Normal) (G1 Evacuation Pause)
[1.516s][info][gc,task     ] GC(8) Using 10 workers of 10 for evacuation
[1.537s][info][gc,phases   ] GC(8)   Pre Evacuate Collection Set: 0.2ms
[1.537s][info][gc,phases   ] GC(8)   Merge Heap Roots: 0.2ms
[1.537s][info][gc,phases   ] GC(8)   Evacuate Collection Set: 19.8ms
[1.537s][info][gc,phases   ] GC(8)   Post Evacuate Collection Set: 1.0ms
[1.537s][info][gc,phases   ] GC(8)   Other: 0.1ms
[1.538s][info][gc,heap     ] GC(8) Eden regions: 194->0(216)
[1.538s][info][gc,heap     ] GC(8) Survivor regions: 18->27(27)
[1.538s][info][gc,heap     ] GC(8) Old regions: 36->53
[1.538s][info][gc,heap     ] GC(8) Humongous regions: 7->6
[1.538s][info][gc,metaspace] GC(8) Metaspace: 1760K(1856K)->1760K(1856K) NonClass: 1619K(1664K)->1619K(1664K) Class: 141K(192K)->141K(192K)
[1.538s][info][gc          ] GC(8) Pause Young (Normal) (G1 Evacuation Pause) 507M->168M(2196M) 21.638ms
[1.538s][info][gc,cpu      ] GC(8) User=0.23s Sys=0.08s Real=0.02s
[1.707s][info][gc,start    ] GC(9) Pause Young (Normal) (G1 Evacuation Pause)
[1.707s][info][gc,task     ] GC(9) Using 10 workers of 10 for evacuation
[1.727s][info][gc,phases   ] GC(9)   Pre Evacuate Collection Set: 0.3ms
[1.727s][info][gc,phases   ] GC(9)   Merge Heap Roots: 0.2ms
[1.727s][info][gc,phases   ] GC(9)   Evacuate Collection Set: 18.7ms
[1.727s][info][gc,phases   ] GC(9)   Post Evacuate Collection Set: 0.5ms
[1.727s][info][gc,phases   ] GC(9)   Other: 0.1ms
[1.727s][info][gc,heap     ] GC(9) Eden regions: 188->0(298)
[1.727s][info][gc,heap     ] GC(9) Survivor regions: 27->24(27)
[1.727s][info][gc,heap     ] GC(9) Old regions: 53->79
[1.727s][info][gc,heap     ] GC(9) Humongous regions: 6->6
[1.727s][info][gc,metaspace] GC(9) Metaspace: 1760K(1856K)->1760K(1856K) NonClass: 1619K(1664K)->1619K(1664K) Class: 141K(192K)->141K(192K)
[1.727s][info][gc          ] GC(9) Pause Young (Normal) (G1 Evacuation Pause) 544M->215M(2196M) 20.010ms
[1.727s][info][gc,cpu      ] GC(9) User=0.06s Sys=0.11s Real=0.02s
[1.959s][info][gc,start    ] GC(10) Pause Young (Normal) (G1 Evacuation Pause)
[1.959s][info][gc,task     ] GC(10) Using 10 workers of 10 for evacuation
[1.982s][info][gc,phases   ] GC(10)   Pre Evacuate Collection Set: 0.3ms
[1.982s][info][gc,phases   ] GC(10)   Merge Heap Roots: 0.2ms
[1.982s][info][gc,phases   ] GC(10)   Evacuate Collection Set: 21.9ms
[1.982s][info][gc,phases   ] GC(10)   Post Evacuate Collection Set: 0.5ms
[1.982s][info][gc,phases   ] GC(10)   Other: 0.1ms
[1.982s][info][gc,heap     ] GC(10) Eden regions: 282->0(300)
[1.982s][info][gc,heap     ] GC(10) Survivor regions: 24->37(39)
[1.982s][info][gc,heap     ] GC(10) Old regions: 79->102
[1.982s][info][gc,heap     ] GC(10) Humongous regions: 7->6
[1.982s][info][gc,metaspace] GC(10) Metaspace: 1760K(1856K)->1760K(1856K) NonClass: 1619K(1664K)->1619K(1664K) Class: 141K(192K)->141K(192K)
[1.982s][info][gc          ] GC(10) Pause Young (Normal) (G1 Evacuation Pause) 781M->287M(2196M) 23.272ms
[1.982s][info][gc,cpu      ] GC(10) User=0.12s Sys=0.03s Real=0.02s
[2.230s][info][gc,start    ] GC(11) Pause Young (Normal) (G1 Evacuation Pause)
[2.230s][info][gc,task     ] GC(11) Using 10 workers of 10 for evacuation
[2.255s][info][gc,phases   ] GC(11)   Pre Evacuate Collection Set: 0.3ms
[2.255s][info][gc,phases   ] GC(11)   Merge Heap Roots: 0.2ms
[2.255s][info][gc,phases   ] GC(11)   Evacuate Collection Set: 23.9ms
[2.255s][info][gc,phases   ] GC(11)   Post Evacuate Collection Set: 0.6ms
[2.255s][info][gc,phases   ] GC(11)   Other: 0.1ms
[2.255s][info][gc,heap     ] GC(11) Eden regions: 285->0(446)
[2.255s][info][gc,heap     ] GC(11) Survivor regions: 37->37(41)
[2.255s][info][gc,heap     ] GC(11) Old regions: 102->138
[2.255s][info][gc,heap     ] GC(11) Humongous regions: 6->6
[2.255s][info][gc,metaspace] GC(11) Metaspace: 1760K(1856K)->1760K(1856K) NonClass: 1619K(1664K)->1619K(1664K) Class: 141K(192K)->141K(192K)
[2.255s][info][gc          ] GC(11) Pause Young (Normal) (G1 Evacuation Pause) 857M->359M(2196M) 25.312ms
[2.255s][info][gc,cpu      ] GC(11) User=0.23s Sys=0.08s Real=0.03s
[2.590s][info][gc,start    ] GC(12) Pause Young (Normal) (G1 Evacuation Pause)
[2.590s][info][gc,task     ] GC(12) Using 10 workers of 10 for evacuation
[2.620s][info][gc,phases   ] GC(12)   Pre Evacuate Collection Set: 0.2ms
[2.620s][info][gc,phases   ] GC(12)   Merge Heap Roots: 0.2ms
[2.620s][info][gc,phases   ] GC(12)   Evacuate Collection Set: 28.4ms
[2.620s][info][gc,phases   ] GC(12)   Post Evacuate Collection Set: 1.0ms
[2.620s][info][gc,phases   ] GC(12)   Other: 0.1ms
[2.620s][info][gc,heap     ] GC(12) Eden regions: 389->0(642)
[2.620s][info][gc,heap     ] GC(12) Survivor regions: 37->48(54)
[2.620s][info][gc,heap     ] GC(12) Old regions: 138->175
[2.620s][info][gc,heap     ] GC(12) Humongous regions: 6->6
[2.620s][info][gc,metaspace] GC(12) Metaspace: 1760K(1856K)->1760K(1856K) NonClass: 1619K(1664K)->1619K(1664K) Class: 141K(192K)->141K(192K)
[2.620s][info][gc          ] GC(12) Pause Young (Normal) (G1 Evacuation Pause) 1137M->455M(2302M) 30.293ms
[2.620s][info][gc,cpu      ] GC(12) User=0.14s Sys=0.17s Real=0.03s
[3.021s][info][gc,start    ] GC(13) Pause Young (Normal) (G1 Evacuation Pause)
[3.021s][info][gc,task     ] GC(13) Using 10 workers of 10 for evacuation
[3.057s][info][gc,phases   ] GC(13)   Pre Evacuate Collection Set: 0.3ms
[3.057s][info][gc,phases   ] GC(13)   Merge Heap Roots: 0.3ms
[3.057s][info][gc,phases   ] GC(13)   Evacuate Collection Set: 34.8ms
[3.057s][info][gc,phases   ] GC(13)   Post Evacuate Collection Set: 0.7ms
[3.057s][info][gc,phases   ] GC(13)   Other: 0.1ms
[3.057s][info][gc,heap     ] GC(13) Eden regions: 437->0(633)
[3.057s][info][gc,heap     ] GC(13) Survivor regions: 48->57(61)
[3.057s][info][gc,heap     ] GC(13) Old regions: 175->223
[3.057s][info][gc,heap     ] GC(13) Humongous regions: 12->11
[3.057s][info][gc,metaspace] GC(13) Metaspace: 1760K(1856K)->1760K(1856K) NonClass: 1619K(1664K)->1619K(1664K) Class: 141K(192K)->141K(192K)
[3.058s][info][gc          ] GC(13) Pause Young (Normal) (G1 Evacuation Pause) 1341M->579M(2302M) 36.477ms
[3.058s][info][gc,cpu      ] GC(13) User=0.27s Sys=0.05s Real=0.04s
[3.622s][info][gc,start    ] GC(14) Pause Young (Normal) (G1 Evacuation Pause)
[3.622s][info][gc,task     ] GC(14) Using 10 workers of 10 for evacuation
[3.666s][info][gc,phases   ] GC(14)   Pre Evacuate Collection Set: 0.3ms
[3.666s][info][gc,phases   ] GC(14)   Merge Heap Roots: 0.3ms
[3.666s][info][gc,phases   ] GC(14)   Evacuate Collection Set: 42.0ms
[3.666s][info][gc,phases   ] GC(14)   Post Evacuate Collection Set: 0.9ms
[3.666s][info][gc,phases   ] GC(14)   Other: 0.1ms
[3.666s][info][gc,heap     ] GC(14) Eden regions: 633->0(562)
[3.666s][info][gc,heap     ] GC(14) Survivor regions: 57->78(87)
[3.666s][info][gc,heap     ] GC(14) Old regions: 223->280
[3.666s][info][gc,heap     ] GC(14) Humongous regions: 13->11
[3.666s][info][gc,metaspace] GC(14) Metaspace: 1779K(1920K)->1779K(1920K) NonClass: 1637K(1664K)->1637K(1664K) Class: 142K(256K)->142K(256K)
[3.666s][info][gc          ] GC(14) Pause Young (Normal) (G1 Evacuation Pause) 1849M->735M(2302M) 43.992ms
[3.666s][info][gc,cpu      ] GC(14) User=0.30s Sys=0.16s Real=0.04s
[4.160s][info][gc,start    ] GC(15) Pause Young (Normal) (G1 Evacuation Pause)
[4.160s][info][gc,task     ] GC(15) Using 10 workers of 10 for evacuation
[4.202s][info][gc,phases   ] GC(15)   Pre Evacuate Collection Set: 0.3ms
[4.202s][info][gc,phases   ] GC(15)   Merge Heap Roots: 0.4ms
[4.202s][info][gc,phases   ] GC(15)   Evacuate Collection Set: 40.6ms
[4.202s][info][gc,phases   ] GC(15)   Post Evacuate Collection Set: 0.9ms
[4.202s][info][gc,phases   ] GC(15)   Other: 0.1ms
[4.202s][info][gc,heap     ] GC(15) Eden regions: 562->0(525)
[4.202s][info][gc,heap     ] GC(15) Survivor regions: 78->70(80)
[4.202s][info][gc,heap     ] GC(15) Old regions: 280->357
[4.202s][info][gc,heap     ] GC(15) Humongous regions: 18->11
[4.202s][info][gc,metaspace] GC(15) Metaspace: 1779K(1920K)->1779K(1920K) NonClass: 1637K(1664K)->1637K(1664K) Class: 142K(256K)->142K(256K)
[4.202s][info][gc          ] GC(15) Pause Young (Normal) (G1 Evacuation Pause) 1873M->875M(2302M) 42.519ms
[4.202s][info][gc,cpu      ] GC(15) User=0.30s Sys=0.17s Real=0.04s
[4.635s][info][gc,start    ] GC(16) Pause Young (Normal) (G1 Evacuation Pause)
[4.635s][info][gc,task     ] GC(16) Using 10 workers of 10 for evacuation
[4.673s][info][gc,phases   ] GC(16)   Pre Evacuate Collection Set: 0.3ms
[4.673s][info][gc,phases   ] GC(16)   Merge Heap Roots: 0.3ms
[4.673s][info][gc,phases   ] GC(16)   Evacuate Collection Set: 36.3ms
[4.673s][info][gc,phases   ] GC(16)   Post Evacuate Collection Set: 0.7ms
[4.673s][info][gc,phases   ] GC(16)   Other: 0.1ms
[4.673s][info][gc,heap     ] GC(16) Eden regions: 525->0(484)
[4.673s][info][gc,heap     ] GC(16) Survivor regions: 70->67(75)
[4.673s][info][gc,heap     ] GC(16) Old regions: 357->425
[4.673s][info][gc,heap     ] GC(16) Humongous regions: 16->11
[4.673s][info][gc,metaspace] GC(16) Metaspace: 1779K(1920K)->1779K(1920K) NonClass: 1637K(1664K)->1637K(1664K) Class: 142K(256K)->142K(256K)
[4.673s][info][gc          ] GC(16) Pause Young (Normal) (G1 Evacuation Pause) 1935M->1005M(2302M) 38.020ms
[4.673s][info][gc,cpu      ] GC(16) User=0.11s Sys=0.16s Real=0.04s
[5.083s][info][gc,start    ] GC(17) Pause Young (Normal) (G1 Evacuation Pause)
[5.083s][info][gc,task     ] GC(17) Using 10 workers of 10 for evacuation
[5.120s][info][gc,phases   ] GC(17)   Pre Evacuate Collection Set: 0.3ms
[5.120s][info][gc,phases   ] GC(17)   Merge Heap Roots: 0.3ms
[5.120s][info][gc,phases   ] GC(17)   Evacuate Collection Set: 35.8ms
[5.120s][info][gc,phases   ] GC(17)   Post Evacuate Collection Set: 0.9ms
[5.120s][info][gc,phases   ] GC(17)   Other: 0.1ms
[5.120s][info][gc,heap     ] GC(17) Eden regions: 484->0(468)
[5.120s][info][gc,heap     ] GC(17) Survivor regions: 67->60(69)
[5.120s][info][gc,heap     ] GC(17) Old regions: 425->491
[5.121s][info][gc,heap     ] GC(17) Humongous regions: 14->11
[5.121s][info][gc,metaspace] GC(17) Metaspace: 1780K(1920K)->1780K(1920K) NonClass: 1638K(1664K)->1638K(1664K) Class: 142K(256K)->142K(256K)
[5.121s][info][gc          ] GC(17) Pause Young (Normal) (G1 Evacuation Pause) 1979M->1123M(2374M) 37.616ms
[5.121s][info][gc,cpu      ] GC(17) User=0.31s Sys=0.00s Real=0.04s
[5.527s][info][gc,start    ] GC(18) Pause Young (Normal) (G1 Evacuation Pause)
[5.527s][info][gc,task     ] GC(18) Using 10 workers of 10 for evacuation
[5.559s][info][gc,phases   ] GC(18)   Pre Evacuate Collection Set: 0.3ms
[5.559s][info][gc,phases   ] GC(18)   Merge Heap Roots: 0.3ms
[5.559s][info][gc,phases   ] GC(18)   Evacuate Collection Set: 31.3ms
[5.559s][info][gc,phases   ] GC(18)   Post Evacuate Collection Set: 0.7ms
[5.559s][info][gc,phases   ] GC(18)   Other: 0.1ms
[5.559s][info][gc,heap     ] GC(18) Eden regions: 468->0(425)
[5.559s][info][gc,heap     ] GC(18) Survivor regions: 60->58(66)
[5.559s][info][gc,heap     ] GC(18) Old regions: 491->551
[5.559s][info][gc,heap     ] GC(18) Humongous regions: 13->11
[5.559s][info][gc,metaspace] GC(18) Metaspace: 1781K(1920K)->1781K(1920K) NonClass: 1639K(1664K)->1639K(1664K) Class: 142K(256K)->142K(256K)
[5.560s][info][gc          ] GC(18) Pause Young (Normal) (G1 Evacuation Pause) 2063M->1238M(2374M) 32.947ms
[5.560s][info][gc,cpu      ] GC(18) User=0.31s Sys=0.00s Real=0.03s
[5.941s][info][gc,start    ] GC(19) Pause Young (Concurrent Start) (G1 Evacuation Pause)
[5.941s][info][gc,task     ] GC(19) Using 10 workers of 10 for evacuation
[5.971s][info][gc,phases   ] GC(19)   Pre Evacuate Collection Set: 0.3ms
[5.971s][info][gc,phases   ] GC(19)   Merge Heap Roots: 0.3ms
[5.971s][info][gc,phases   ] GC(19)   Evacuate Collection Set: 28.3ms
[5.971s][info][gc,phases   ] GC(19)   Post Evacuate Collection Set: 0.9ms
[5.971s][info][gc,phases   ] GC(19)   Other: 0.2ms
[5.971s][info][gc,heap     ] GC(19) Eden regions: 425->0(384)
[5.971s][info][gc,heap     ] GC(19) Survivor regions: 58->54(61)
[5.971s][info][gc,heap     ] GC(19) Old regions: 551->609
[5.971s][info][gc,heap     ] GC(19) Humongous regions: 11->11
[5.971s][info][gc,metaspace] GC(19) Metaspace: 1789K(1920K)->1789K(1920K) NonClass: 1647K(1664K)->1647K(1664K) Class: 142K(256K)->142K(256K)
[5.971s][info][gc          ] GC(19) Pause Young (Concurrent Start) (G1 Evacuation Pause) 2088M->1347M(2374M) 30.250ms
[5.971s][info][gc,cpu      ] GC(19) User=0.31s Sys=0.00s Real=0.03s
[5.971s][info][gc          ] GC(20) Concurrent Mark Cycle
[5.971s][info][gc,marking  ] GC(20) Concurrent Scan Root Regions
[5.975s][info][gc,marking  ] GC(20) Concurrent Scan Root Regions 3.562ms
[5.975s][info][gc,marking  ] GC(20) Concurrent Mark
[5.975s][info][gc,marking  ] GC(20) Concurrent Mark From Roots
[5.975s][info][gc,task     ] GC(20) Using 3 workers of 3 for marking
[6.094s][info][gc,marking  ] GC(20) Concurrent Mark From Roots 119.451ms
[6.094s][info][gc,marking  ] GC(20) Concurrent Preclean
[6.094s][info][gc,marking  ] GC(20) Concurrent Preclean 0.020ms
[6.094s][info][gc,start    ] GC(20) Pause Remark
[6.097s][info][gc          ] GC(20) Pause Remark 1537M->1177M(2374M) 2.764ms
[6.097s][info][gc,cpu      ] GC(20) User=0.00s Sys=0.00s Real=0.00s
[6.097s][info][gc,marking  ] GC(20) Concurrent Mark 122.530ms
[6.097s][info][gc,marking  ] GC(20) Concurrent Rebuild Remembered Sets and Scrub Regions
[6.201s][info][gc,marking  ] GC(20) Concurrent Rebuild Remembered Sets and Scrub Regions 103.609ms
[6.201s][info][gc,start    ] GC(20) Pause Cleanup
[6.201s][info][gc          ] GC(20) Pause Cleanup 1352M->1352M(2374M) 0.352ms
[6.201s][info][gc,cpu      ] GC(20) User=0.00s Sys=0.00s Real=0.00s
[6.201s][info][gc,marking  ] GC(20) Concurrent Clear Claimed Marks
[6.201s][info][gc,marking  ] GC(20) Concurrent Clear Claimed Marks 0.029ms
[6.201s][info][gc,marking  ] GC(20) Concurrent Cleanup for Next Mark
[6.206s][info][gc,marking  ] GC(20) Concurrent Cleanup for Next Mark 4.459ms
[6.206s][info][gc          ] GC(20) Concurrent Mark Cycle 234.972ms
[6.400s][info][gc,start    ] GC(21) Pause Young (Prepare Mixed) (G1 Evacuation Pause)
[6.400s][info][gc,task     ] GC(21) Using 10 workers of 10 for evacuation
[6.441s][info][gc,phases   ] GC(21)   Pre Evacuate Collection Set: 0.2ms
[6.441s][info][gc,phases   ] GC(21)   Merge Heap Roots: 0.5ms
[6.441s][info][gc,phases   ] GC(21)   Evacuate Collection Set: 38.9ms
[6.441s][info][gc,phases   ] GC(21)   Post Evacuate Collection Set: 0.6ms
[6.441s][info][gc,phases   ] GC(21)   Other: 0.1ms
[6.441s][info][gc,heap     ] GC(21) Eden regions: 384->0(478)
[6.441s][info][gc,heap     ] GC(21) Survivor regions: 54->52(55)
[6.441s][info][gc,heap     ] GC(21) Old regions: 435->488
[6.441s][info][gc,heap     ] GC(21) Humongous regions: 14->14
[6.441s][info][gc,metaspace] GC(21) Metaspace: 1790K(1920K)->1790K(1920K) NonClass: 1648K(1664K)->1648K(1664K) Class: 142K(256K)->142K(256K)
[6.441s][info][gc          ] GC(21) Pause Young (Prepare Mixed) (G1 Evacuation Pause) 1773M->1105M(2374M) 40.559ms
[6.441s][info][gc,cpu      ] GC(21) User=0.30s Sys=0.00s Real=0.04s
[6.862s][info][gc,start    ] GC(22) Pause Young (Mixed) (G1 Evacuation Pause)
[6.862s][info][gc,task     ] GC(22) Using 10 workers of 10 for evacuation
[6.898s][info][gc,phases   ] GC(22)   Pre Evacuate Collection Set: 0.3ms
[6.898s][info][gc,phases   ] GC(22)   Merge Heap Roots: 0.4ms
[6.898s][info][gc,phases   ] GC(22)   Evacuate Collection Set: 34.2ms
[6.898s][info][gc,phases   ] GC(22)   Post Evacuate Collection Set: 0.7ms
[6.898s][info][gc,phases   ] GC(22)   Other: 0.1ms
[6.898s][info][gc,heap     ] GC(22) Eden regions: 478->0(454)
[6.898s][info][gc,heap     ] GC(22) Survivor regions: 52->61(67)
[6.898s][info][gc,heap     ] GC(22) Old regions: 488->507
[6.898s][info][gc,heap     ] GC(22) Humongous regions: 18->14
[6.898s][info][gc,metaspace] GC(22) Metaspace: 1790K(1920K)->1790K(1920K) NonClass: 1648K(1664K)->1648K(1664K) Class: 142K(256K)->142K(256K)
[6.898s][info][gc          ] GC(22) Pause Young (Mixed) (G1 Evacuation Pause) 2069M->1163M(2374M) 35.976ms
[6.898s][info][gc,cpu      ] GC(22) User=0.47s Sys=0.00s Real=0.04s
[7.288s][info][gc,start    ] GC(23) Pause Young (Normal) (G1 Evacuation Pause)
[7.288s][info][gc,task     ] GC(23) Using 10 workers of 10 for evacuation
[7.321s][info][gc,phases   ] GC(23)   Pre Evacuate Collection Set: 0.3ms
[7.321s][info][gc,phases   ] GC(23)   Merge Heap Roots: 0.3ms
[7.321s][info][gc,phases   ] GC(23)   Evacuate Collection Set: 30.8ms
[7.321s][info][gc,phases   ] GC(23)   Post Evacuate Collection Set: 0.7ms
[7.321s][info][gc,phases   ] GC(23)   Other: 0.1ms
[7.321s][info][gc,heap     ] GC(23) Eden regions: 454->0(408)
[7.321s][info][gc,heap     ] GC(23) Survivor regions: 61->58(65)
[7.321s][info][gc,heap     ] GC(23) Old regions: 507->568
[7.321s][info][gc,heap     ] GC(23) Humongous regions: 16->14
[7.321s][info][gc,metaspace] GC(23) Metaspace: 1790K(1920K)->1790K(1920K) NonClass: 1648K(1664K)->1648K(1664K) Class: 142K(256K)->142K(256K)
[7.321s][info][gc          ] GC(23) Pause Young (Normal) (G1 Evacuation Pause) 2075M->1277M(2374M) 32.457ms
[7.321s][info][gc,cpu      ] GC(23) User=0.31s Sys=0.00s Real=0.03s
[7.370s][info][gc,start    ] GC(24) Pause Young (Concurrent Start) (G1 Humongous Allocation)
[7.370s][info][gc,task     ] GC(24) Using 10 workers of 10 for evacuation
[7.391s][info][gc,phases   ] GC(24)   Pre Evacuate Collection Set: 0.3ms
[7.391s][info][gc,phases   ] GC(24)   Merge Heap Roots: 0.2ms
[7.391s][info][gc,phases   ] GC(24)   Evacuate Collection Set: 19.2ms
[7.391s][info][gc,phases   ] GC(24)   Post Evacuate Collection Set: 0.5ms
[7.391s][info][gc,phases   ] GC(24)   Other: 0.2ms
[7.391s][info][gc,heap     ] GC(24) Eden regions: 58->0(417)
[7.391s][info][gc,heap     ] GC(24) Survivor regions: 58->10(59)
[7.391s][info][gc,heap     ] GC(24) Old regions: 568->626
[7.391s][info][gc,heap     ] GC(24) Humongous regions: 14->14
[7.391s][info][gc,metaspace] GC(24) Metaspace: 1790K(1920K)->1790K(1920K) NonClass: 1648K(1664K)->1648K(1664K) Class: 142K(256K)->142K(256K)
[7.391s][info][gc          ] GC(24) Pause Young (Concurrent Start) (G1 Humongous Allocation) 1392M->1298M(2374M) 20.555ms
[7.391s][info][gc,cpu      ] GC(24) User=0.16s Sys=0.00s Real=0.02s
[7.391s][info][gc          ] GC(25) Concurrent Mark Cycle
[7.391s][info][gc,marking  ] GC(25) Concurrent Scan Root Regions
[7.393s][info][gc,marking  ] GC(25) Concurrent Scan Root Regions 2.321ms
[7.393s][info][gc,marking  ] GC(25) Concurrent Mark
[7.393s][info][gc,marking  ] GC(25) Concurrent Mark From Roots
[7.393s][info][gc,task     ] GC(25) Using 3 workers of 3 for marking
[7.563s][info][gc,marking  ] GC(25) Concurrent Mark From Roots 169.993ms
[7.563s][info][gc,marking  ] GC(25) Concurrent Preclean
[7.563s][info][gc,marking  ] GC(25) Concurrent Preclean 0.020ms
[7.563s][info][gc,start    ] GC(25) Pause Remark
[7.568s][info][gc          ] GC(25) Pause Remark 1603M->1477M(2468M) 4.158ms
[7.568s][info][gc,cpu      ] GC(25) User=0.08s Sys=0.00s Real=0.01s
[7.568s][info][gc,marking  ] GC(25) Concurrent Mark 174.460ms
[7.568s][info][gc,marking  ] GC(25) Concurrent Rebuild Remembered Sets and Scrub Regions
[7.681s][info][gc,marking  ] GC(25) Concurrent Rebuild Remembered Sets and Scrub Regions 113.258ms
[7.681s][info][gc,start    ] GC(25) Pause Cleanup
[7.682s][info][gc          ] GC(25) Pause Cleanup 1654M->1654M(2468M) 0.409ms
[7.682s][info][gc,cpu      ] GC(25) User=0.00s Sys=0.00s Real=0.00s
[7.682s][info][gc,marking  ] GC(25) Concurrent Clear Claimed Marks
[7.682s][info][gc,marking  ] GC(25) Concurrent Clear Claimed Marks 0.044ms
[7.682s][info][gc,marking  ] GC(25) Concurrent Cleanup for Next Mark
[7.685s][info][gc,marking  ] GC(25) Concurrent Cleanup for Next Mark 3.640ms
[7.685s][info][gc          ] GC(25) Concurrent Mark Cycle 294.534ms
[7.837s][info][gc,start    ] GC(26) Pause Young (Prepare Mixed) (G1 Evacuation Pause)
[7.837s][info][gc,task     ] GC(26) Using 10 workers of 10 for evacuation
[7.855s][info][gc,phases   ] GC(26)   Pre Evacuate Collection Set: 0.3ms
[7.855s][info][gc,phases   ] GC(26)   Merge Heap Roots: 0.4ms
[7.855s][info][gc,phases   ] GC(26)   Evacuate Collection Set: 16.6ms
[7.855s][info][gc,phases   ] GC(26)   Post Evacuate Collection Set: 0.6ms
[7.855s][info][gc,phases   ] GC(26)   Other: 0.1ms
[7.855s][info][gc,heap     ] GC(26) Eden regions: 417->0(462)
[7.855s][info][gc,heap     ] GC(26) Survivor regions: 10->54(54)
[7.855s][info][gc,heap     ] GC(26) Old regions: 568->574
[7.855s][info][gc,heap     ] GC(26) Humongous regions: 11->9
[7.855s][info][gc,metaspace] GC(26) Metaspace: 1790K(1920K)->1790K(1920K) NonClass: 1648K(1664K)->1648K(1664K) Class: 142K(256K)->142K(256K)
[7.855s][info][gc          ] GC(26) Pause Young (Prepare Mixed) (G1 Evacuation Pause) 2010M->1274M(2468M) 18.173ms
[7.855s][info][gc,cpu      ] GC(26) User=0.16s Sys=0.00s Real=0.02s
[8.242s][info][gc,start    ] GC(27) Pause Young (Mixed) (G1 Evacuation Pause)
[8.242s][info][gc,task     ] GC(27) Using 10 workers of 10 for evacuation
[8.275s][info][gc,phases   ] GC(27)   Pre Evacuate Collection Set: 0.3ms
[8.275s][info][gc,phases   ] GC(27)   Merge Heap Roots: 0.4ms
[8.275s][info][gc,phases   ] GC(27)   Evacuate Collection Set: 30.7ms
[8.275s][info][gc,phases   ] GC(27)   Post Evacuate Collection Set: 1.1ms
[8.275s][info][gc,phases   ] GC(27)   Other: 0.1ms
[8.275s][info][gc,heap     ] GC(27) Eden regions: 462->0(478)
[8.275s][info][gc,heap     ] GC(27) Survivor regions: 54->59(65)
[8.275s][info][gc,heap     ] GC(27) Old regions: 574->611
[8.275s][info][gc,heap     ] GC(27) Humongous regions: 11->9
[8.275s][info][gc,metaspace] GC(27) Metaspace: 1790K(1920K)->1790K(1920K) NonClass: 1648K(1664K)->1648K(1664K) Class: 142K(256K)->142K(256K)
[8.275s][info][gc          ] GC(27) Pause Young (Mixed) (G1 Evacuation Pause) 2202M->1356M(2602M) 32.875ms
[8.275s][info][gc,cpu      ] GC(27) User=0.30s Sys=0.02s Real=0.03s
[8.523s][info][gc,start    ] GC(28) Pause Young (Concurrent Start) (G1 Humongous Allocation)
[8.523s][info][gc,task     ] GC(28) Using 10 workers of 10 for evacuation
[8.550s][info][gc,phases   ] GC(28)   Pre Evacuate Collection Set: 0.3ms
[8.550s][info][gc,phases   ] GC(28)   Merge Heap Roots: 0.3ms
[8.550s][info][gc,phases   ] GC(28)   Evacuate Collection Set: 25.3ms
[8.550s][info][gc,phases   ] GC(28)   Post Evacuate Collection Set: 0.5ms
[8.550s][info][gc,phases   ] GC(28)   Other: 0.2ms
[8.550s][info][gc,heap     ] GC(28) Eden regions: 277->0(456)
[8.550s][info][gc,heap     ] GC(28) Survivor regions: 59->35(68)
[8.550s][info][gc,heap     ] GC(28) Old regions: 611->669
[8.550s][info][gc,heap     ] GC(28) Humongous regions: 9->9
[8.550s][info][gc,metaspace] GC(28) Metaspace: 1790K(1920K)->1790K(1920K) NonClass: 1648K(1664K)->1648K(1664K) Class: 142K(256K)->142K(256K)
[8.550s][info][gc          ] GC(28) Pause Young (Concurrent Start) (G1 Humongous Allocation) 1910M->1423M(2602M) 26.767ms
[8.550s][info][gc,cpu      ] GC(28) User=0.16s Sys=0.00s Real=0.03s
[8.550s][info][gc          ] GC(29) Concurrent Mark Cycle
[8.550s][info][gc,marking  ] GC(29) Concurrent Scan Root Regions
[8.553s][info][gc,marking  ] GC(29) Concurrent Scan Root Regions 3.112ms
[8.553s][info][gc,marking  ] GC(29) Concurrent Mark
[8.553s][info][gc,marking  ] GC(29) Concurrent Mark From Roots
[8.553s][info][gc,task     ] GC(29) Using 3 workers of 3 for marking
[8.749s][info][gc,marking  ] GC(29) Concurrent Mark From Roots 195.585ms
[8.749s][info][gc,marking  ] GC(29) Concurrent Preclean
[8.749s][info][gc,marking  ] GC(29) Concurrent Preclean 0.019ms
[8.749s][info][gc,start    ] GC(29) Pause Remark
[8.753s][info][gc          ] GC(29) Pause Remark 1783M->1685M(2818M) 4.097ms
[8.753s][info][gc,cpu      ] GC(29) User=0.00s Sys=0.00s Real=0.00s
[8.753s][info][gc,marking  ] GC(29) Concurrent Mark 199.986ms
[8.753s][info][gc,marking  ] GC(29) Concurrent Rebuild Remembered Sets and Scrub Regions
[8.872s][info][gc,marking  ] GC(29) Concurrent Rebuild Remembered Sets and Scrub Regions 118.951ms
[8.872s][info][gc,start    ] GC(29) Pause Cleanup
[8.873s][info][gc          ] GC(29) Pause Cleanup 1840M->1840M(2818M) 0.421ms
[8.873s][info][gc,cpu      ] GC(29) User=0.00s Sys=0.00s Real=0.00s
[8.873s][info][gc,marking  ] GC(29) Concurrent Clear Claimed Marks
[8.873s][info][gc,marking  ] GC(29) Concurrent Clear Claimed Marks 0.040ms
[8.873s][info][gc,marking  ] GC(29) Concurrent Cleanup for Next Mark
[8.877s][info][gc,marking  ] GC(29) Concurrent Cleanup for Next Mark 4.300ms
[8.877s][info][gc          ] GC(29) Concurrent Mark Cycle 327.331ms
[9.057s][info][gc,start    ] GC(30) Pause Young (Prepare Mixed) (G1 Evacuation Pause)
[9.057s][info][gc,task     ] GC(30) Using 10 workers of 10 for evacuation
[9.082s][info][gc,phases   ] GC(30)   Pre Evacuate Collection Set: 0.2ms
[9.082s][info][gc,phases   ] GC(30)   Merge Heap Roots: 0.4ms
[9.082s][info][gc,phases   ] GC(30)   Evacuate Collection Set: 24.1ms
[9.082s][info][gc,phases   ] GC(30)   Post Evacuate Collection Set: 0.7ms
[9.082s][info][gc,phases   ] GC(30)   Other: 0.1ms
[9.082s][info][gc,heap     ] GC(30) Eden regions: 456->0(542)
[9.082s][info][gc,heap     ] GC(30) Survivor regions: 35->57(62)
[9.082s][info][gc,heap     ] GC(30) Old regions: 620->654
[9.082s][info][gc,heap     ] GC(30) Humongous regions: 13->9
[9.082s][info][gc,metaspace] GC(30) Metaspace: 1790K(1920K)->1790K(1920K) NonClass: 1648K(1664K)->1648K(1664K) Class: 142K(256K)->142K(256K)
[9.082s][info][gc          ] GC(30) Pause Young (Prepare Mixed) (G1 Evacuation Pause) 2245M->1439M(2818M) 25.805ms
[9.082s][info][gc,cpu      ] GC(30) User=0.16s Sys=0.00s Real=0.03s
[9.898s][info][gc,start    ] GC(31) Pause Young (Mixed) (G1 Evacuation Pause)
[9.898s][info][gc,task     ] GC(31) Using 10 workers of 10 for evacuation
[9.932s][info][gc,phases   ] GC(31)   Pre Evacuate Collection Set: 0.3ms
[9.932s][info][gc,phases   ] GC(31)   Merge Heap Roots: 0.4ms
[9.932s][info][gc,phases   ] GC(31)   Evacuate Collection Set: 32.3ms
[9.932s][info][gc,phases   ] GC(31)   Post Evacuate Collection Set: 0.7ms
[9.932s][info][gc,phases   ] GC(31)   Other: 0.1ms
[9.932s][info][gc,heap     ] GC(31) Eden regions: 542->0(534)
[9.932s][info][gc,heap     ] GC(31) Survivor regions: 57->35(75)
[9.932s][info][gc,heap     ] GC(31) Old regions: 654->694
[9.932s][info][gc,heap     ] GC(31) Humongous regions: 10->9
[9.932s][info][gc,metaspace] GC(31) Metaspace: 1817K(1984K)->1817K(1984K) NonClass: 1670K(1728K)->1670K(1728K) Class: 147K(256K)->147K(256K)
[9.932s][info][gc          ] GC(31) Pause Young (Mixed) (G1 Evacuation Pause) 2525M->1475M(2818M) 34.139ms
[9.932s][info][gc,cpu      ] GC(31) User=0.31s Sys=0.00s Real=0.03s
[10.956s][info][gc,start    ] GC(32) Pause Young (Concurrent Start) (G1 Evacuation Pause)
[10.956s][info][gc,task     ] GC(32) Using 10 workers of 10 for evacuation
[10.990s][info][gc,phases   ] GC(32)   Pre Evacuate Collection Set: 0.3ms
[10.990s][info][gc,phases   ] GC(32)   Merge Heap Roots: 0.5ms
[10.990s][info][gc,phases   ] GC(32)   Evacuate Collection Set: 31.9ms
[10.990s][info][gc,phases   ] GC(32)   Post Evacuate Collection Set: 1.0ms
[10.990s][info][gc,phases   ] GC(32)   Other: 0.2ms
[10.990s][info][gc,heap     ] GC(32) Eden regions: 534->0(541)
[10.990s][info][gc,heap     ] GC(32) Survivor regions: 35->47(72)
[10.990s][info][gc,heap     ] GC(32) Old regions: 694->694
[10.990s][info][gc,heap     ] GC(32) Humongous regions: 9->9
[10.990s][info][gc,metaspace] GC(32) Metaspace: 1817K(1984K)->1817K(1984K) NonClass: 1670K(1728K)->1670K(1728K) Class: 147K(256K)->147K(256K)
[10.990s][info][gc          ] GC(32) Pause Young (Concurrent Start) (G1 Evacuation Pause) 2543M->1499M(2818M) 34.210ms
[10.990s][info][gc,cpu      ] GC(32) User=0.45s Sys=0.02s Real=0.03s
[10.990s][info][gc          ] GC(33) Concurrent Mark Cycle
[10.990s][info][gc,marking  ] GC(33) Concurrent Scan Root Regions
[11.000s][info][gc,marking  ] GC(33) Concurrent Scan Root Regions 9.532ms
[11.000s][info][gc,marking  ] GC(33) Concurrent Mark
[11.000s][info][gc,marking  ] GC(33) Concurrent Mark From Roots
[11.000s][info][gc,task     ] GC(33) Using 3 workers of 3 for marking
[11.173s][info][gc,marking  ] GC(33) Concurrent Mark From Roots 173.055ms
[11.173s][info][gc,marking  ] GC(33) Concurrent Preclean
[11.173s][info][gc,marking  ] GC(33) Concurrent Preclean 0.022ms
[11.173s][info][gc,start    ] GC(33) Pause Remark
[11.177s][info][gc          ] GC(33) Pause Remark 1647M->1443M(2818M) 3.212ms
[11.177s][info][gc,cpu      ] GC(33) User=0.09s Sys=0.00s Real=0.00s
[11.177s][info][gc,marking  ] GC(33) Concurrent Mark 176.645ms
[11.177s][info][gc,marking  ] GC(33) Concurrent Rebuild Remembered Sets and Scrub Regions
[11.332s][info][gc,marking  ] GC(33) Concurrent Rebuild Remembered Sets and Scrub Regions 155.394ms
[11.332s][info][gc,start    ] GC(33) Pause Cleanup
[11.333s][info][gc          ] GC(33) Pause Cleanup 1588M->1588M(2818M) 0.388ms
[11.333s][info][gc,cpu      ] GC(33) User=0.02s Sys=0.00s Real=0.00s
[11.333s][info][gc,marking  ] GC(33) Concurrent Clear Claimed Marks
[11.333s][info][gc,marking  ] GC(33) Concurrent Clear Claimed Marks 0.031ms
[11.333s][info][gc,marking  ] GC(33) Concurrent Cleanup for Next Mark
[11.336s][info][gc,marking  ] GC(33) Concurrent Cleanup for Next Mark 3.361ms
[11.336s][info][gc          ] GC(33) Concurrent Mark Cycle 345.768ms
[12.096s][info][gc,start    ] GC(34) Pause Young (Prepare Mixed) (G1 Evacuation Pause)
[12.096s][info][gc,task     ] GC(34) Using 10 workers of 10 for evacuation
[12.139s][info][gc,phases   ] GC(34)   Pre Evacuate Collection Set: 0.3ms
[12.139s][info][gc,phases   ] GC(34)   Merge Heap Roots: 0.8ms
[12.139s][info][gc,phases   ] GC(34)   Evacuate Collection Set: 40.0ms
[12.139s][info][gc,phases   ] GC(34)   Post Evacuate Collection Set: 1.0ms
[12.139s][info][gc,phases   ] GC(34)   Other: 0.1ms
[12.139s][info][gc,heap     ] GC(34) Eden regions: 541->0(646)
[12.139s][info][gc,heap     ] GC(34) Survivor regions: 47->25(74)
[12.139s][info][gc,heap     ] GC(34) Old regions: 592->626
[12.139s][info][gc,heap     ] GC(34) Humongous regions: 9->9
[12.139s][info][gc,metaspace] GC(34) Metaspace: 1817K(1984K)->1817K(1984K) NonClass: 1670K(1728K)->1670K(1728K) Class: 147K(256K)->147K(256K)
[12.139s][info][gc          ] GC(34) Pause Young (Prepare Mixed) (G1 Evacuation Pause) 2377M->1319M(2818M) 42.502ms
[12.139s][info][gc,cpu      ] GC(34) User=0.48s Sys=0.00s Real=0.04s
[13.367s][info][gc,start    ] GC(35) Pause Young (Mixed) (G1 Evacuation Pause)
[13.367s][info][gc,task     ] GC(35) Using 10 workers of 10 for evacuation
[13.410s][info][gc,phases   ] GC(35)   Pre Evacuate Collection Set: 0.3ms
[13.410s][info][gc,phases   ] GC(35)   Merge Heap Roots: 0.7ms
[13.410s][info][gc,phases   ] GC(35)   Evacuate Collection Set: 40.9ms
[13.410s][info][gc,phases   ] GC(35)   Post Evacuate Collection Set: 1.0ms
[13.410s][info][gc,phases   ] GC(35)   Other: 0.1ms
[13.410s][info][gc,heap     ] GC(35) Eden regions: 646->0(648)
[13.410s][info][gc,heap     ] GC(35) Survivor regions: 25->39(84)
[13.410s][info][gc,heap     ] GC(35) Old regions: 626->603
[13.410s][info][gc,heap     ] GC(35) Humongous regions: 9->9
[13.410s][info][gc,metaspace] GC(35) Metaspace: 1817K(1984K)->1817K(1984K) NonClass: 1670K(1728K)->1670K(1728K) Class: 147K(256K)->147K(256K)
[13.410s][info][gc          ] GC(35) Pause Young (Mixed) (G1 Evacuation Pause) 2611M->1302M(2818M) 43.372ms
[13.410s][info][gc,cpu      ] GC(35) User=0.31s Sys=0.00s Real=0.04s
[14.035s][info][gc,start    ] GC(36) Pause Young (Concurrent Start) (G1 Humongous Allocation)
[14.035s][info][gc,task     ] GC(36) Using 10 workers of 10 for evacuation
[14.080s][info][gc,phases   ] GC(36)   Pre Evacuate Collection Set: 0.3ms
[14.080s][info][gc,phases   ] GC(36)   Merge Heap Roots: 0.6ms
[14.080s][info][gc,phases   ] GC(36)   Evacuate Collection Set: 43.7ms
[14.080s][info][gc,phases   ] GC(36)   Post Evacuate Collection Set: 0.8ms
[14.080s][info][gc,phases   ] GC(36)   Other: 0.1ms
[14.080s][info][gc,heap     ] GC(36) Eden regions: 332->0(636)
[14.080s][info][gc,heap     ] GC(36) Survivor regions: 39->45(86)
[14.080s][info][gc,heap     ] GC(36) Old regions: 603->603
[14.080s][info][gc,heap     ] GC(36) Humongous regions: 9->9
[14.080s][info][gc,metaspace] GC(36) Metaspace: 1817K(1984K)->1817K(1984K) NonClass: 1670K(1728K)->1670K(1728K) Class: 147K(256K)->147K(256K)
[14.081s][info][gc          ] GC(36) Pause Young (Concurrent Start) (G1 Humongous Allocation) 1966M->1314M(2818M) 45.876ms
[14.081s][info][gc,cpu      ] GC(36) User=0.47s Sys=0.00s Real=0.05s
[14.081s][info][gc          ] GC(37) Concurrent Mark Cycle
[14.081s][info][gc,marking  ] GC(37) Concurrent Scan Root Regions
[14.098s][info][gc,marking  ] GC(37) Concurrent Scan Root Regions 17.321ms
[14.098s][info][gc,marking  ] GC(37) Concurrent Mark
[14.098s][info][gc,marking  ] GC(37) Concurrent Mark From Roots
[14.098s][info][gc,task     ] GC(37) Using 3 workers of 3 for marking
[14.323s][info][gc,marking  ] GC(37) Concurrent Mark From Roots 224.740ms
[14.323s][info][gc,marking  ] GC(37) Concurrent Preclean
[14.323s][info][gc,marking  ] GC(37) Concurrent Preclean 0.021ms
[14.323s][info][gc,start    ] GC(37) Pause Remark
[14.325s][info][gc          ] GC(37) Pause Remark 1476M->1194M(2818M) 2.596ms
[14.326s][info][gc,cpu      ] GC(37) User=0.00s Sys=0.00s Real=0.00s
[14.326s][info][gc,marking  ] GC(37) Concurrent Mark 227.648ms
[14.326s][info][gc,marking  ] GC(37) Concurrent Rebuild Remembered Sets and Scrub Regions
[14.503s][info][gc,marking  ] GC(37) Concurrent Rebuild Remembered Sets and Scrub Regions 177.138ms
[14.503s][info][gc,start    ] GC(37) Pause Cleanup
[14.503s][info][gc          ] GC(37) Pause Cleanup 1334M->1334M(2818M) 0.384ms
[14.503s][info][gc,cpu      ] GC(37) User=0.00s Sys=0.00s Real=0.00s
[14.503s][info][gc,marking  ] GC(37) Concurrent Clear Claimed Marks
[14.504s][info][gc,marking  ] GC(37) Concurrent Clear Claimed Marks 0.036ms
[14.504s][info][gc,marking  ] GC(37) Concurrent Cleanup for Next Mark
[14.507s][info][gc,marking  ] GC(37) Concurrent Cleanup for Next Mark 3.339ms
[14.507s][info][gc          ] GC(37) Concurrent Mark Cycle 426.363ms
[15.477s][info][gc,start    ] GC(38) Pause Young (Prepare Mixed) (G1 Evacuation Pause)
[15.477s][info][gc,task     ] GC(38) Using 10 workers of 10 for evacuation
[15.558s][info][gc,phases   ] GC(38)   Pre Evacuate Collection Set: 0.3ms
[15.558s][info][gc,phases   ] GC(38)   Merge Heap Roots: 1.5ms
[15.558s][info][gc,phases   ] GC(38)   Evacuate Collection Set: 77.6ms
[15.558s][info][gc,phases   ] GC(38)   Post Evacuate Collection Set: 1.0ms
[15.558s][info][gc,phases   ] GC(38)   Other: 0.1ms
[15.558s][info][gc,heap     ] GC(38) Eden regions: 636->0(716)
[15.558s][info][gc,heap     ] GC(38) Survivor regions: 45->66(86)
[15.558s][info][gc,heap     ] GC(38) Old regions: 462->462
[15.558s][info][gc,heap     ] GC(38) Humongous regions: 26->26
[15.558s][info][gc,metaspace] GC(38) Metaspace: 1817K(1984K)->1817K(1984K) NonClass: 1670K(1728K)->1670K(1728K) Class: 147K(256K)->147K(256K)
[15.558s][info][gc          ] GC(38) Pause Young (Prepare Mixed) (G1 Evacuation Pause) 2338M->1107M(2818M) 80.839ms
[15.558s][info][gc,cpu      ] GC(38) User=0.78s Sys=0.00s Real=0.08s
[16.924s][info][gc,start    ] GC(39) Pause Young (Mixed) (G1 Evacuation Pause)
[16.924s][info][gc,task     ] GC(39) Using 10 workers of 10 for evacuation
[17.015s][info][gc,phases   ] GC(39)   Pre Evacuate Collection Set: 0.3ms
[17.015s][info][gc,phases   ] GC(39)   Merge Heap Roots: 1.1ms
[17.015s][info][gc,phases   ] GC(39)   Evacuate Collection Set: 88.3ms
[17.015s][info][gc,phases   ] GC(39)   Post Evacuate Collection Set: 1.1ms
[17.015s][info][gc,phases   ] GC(39)   Other: 0.2ms
[17.015s][info][gc,heap     ] GC(39) Eden regions: 716->0(753)
[17.015s][info][gc,heap     ] GC(39) Survivor regions: 66->56(98)
[17.015s][info][gc,heap     ] GC(39) Old regions: 462->447
[17.015s][info][gc,heap     ] GC(39) Humongous regions: 26->26
[17.015s][info][gc,metaspace] GC(39) Metaspace: 1817K(1984K)->1817K(1984K) NonClass: 1670K(1728K)->1670K(1728K) Class: 147K(256K)->147K(256K)
[17.015s][info][gc          ] GC(39) Pause Young (Mixed) (G1 Evacuation Pause) 2539M->1056M(2818M) 91.250ms
[17.015s][info][gc,cpu      ] GC(39) User=0.94s Sys=0.00s Real=0.09s
[18.432s][info][gc,start    ] GC(40) Pause Young (Concurrent Start) (G1 Humongous Allocation)
[18.433s][info][gc,task     ] GC(40) Using 10 workers of 10 for evacuation
[18.519s][info][gc,phases   ] GC(40)   Pre Evacuate Collection Set: 0.3ms
[18.520s][info][gc,phases   ] GC(40)   Merge Heap Roots: 1.1ms
[18.520s][info][gc,phases   ] GC(40)   Evacuate Collection Set: 84.1ms
[18.520s][info][gc,phases   ] GC(40)   Post Evacuate Collection Set: 1.2ms
[18.520s][info][gc,phases   ] GC(40)   Other: 0.2ms
[18.520s][info][gc,heap     ] GC(40) Eden regions: 714->0(730)
[18.520s][info][gc,heap     ] GC(40) Survivor regions: 56->60(102)
[18.520s][info][gc,heap     ] GC(40) Old regions: 447->462
[18.520s][info][gc,heap     ] GC(40) Humongous regions: 26->26
[18.520s][info][gc,metaspace] GC(40) Metaspace: 1966K(2176K)->1966K(2176K) NonClass: 1797K(1920K)->1797K(1920K) Class: 168K(256K)->168K(256K)
[18.520s][info][gc          ] GC(40) Pause Young (Concurrent Start) (G1 Humongous Allocation) 2484M->1095M(2818M) 87.219ms
[18.520s][info][gc,cpu      ] GC(40) User=0.78s Sys=0.00s Real=0.09s
[18.520s][info][gc          ] GC(41) Concurrent Mark Cycle
[18.520s][info][gc,marking  ] GC(41) Concurrent Scan Root Regions
[18.566s][info][gc,marking  ] GC(41) Concurrent Scan Root Regions 46.478ms
[18.566s][info][gc,marking  ] GC(41) Concurrent Mark
[18.566s][info][gc,marking  ] GC(41) Concurrent Mark From Roots
[18.566s][info][gc,task     ] GC(41) Using 3 workers of 3 for marking
[18.778s][info][gc,marking  ] GC(41) Concurrent Mark From Roots 212.031ms
[18.778s][info][gc,marking  ] GC(41) Concurrent Preclean
[18.778s][info][gc,marking  ] GC(41) Concurrent Preclean 0.019ms
[18.779s][info][gc,start    ] GC(41) Pause Remark
[18.780s][info][gc          ] GC(41) Pause Remark 1222M->950M(2818M) 1.080ms
[18.780s][info][gc,cpu      ] GC(41) User=0.00s Sys=0.00s Real=0.00s
[18.780s][info][gc,marking  ] GC(41) Concurrent Mark 213.424ms
[18.780s][info][gc,marking  ] GC(41) Concurrent Rebuild Remembered Sets and Scrub Regions
[18.958s][info][gc,marking  ] GC(41) Concurrent Rebuild Remembered Sets and Scrub Regions 178.358ms
[18.958s][info][gc,start    ] GC(41) Pause Cleanup
[18.959s][info][gc          ] GC(41) Pause Cleanup 961M->961M(2818M) 0.334ms
[18.959s][info][gc,cpu      ] GC(41) User=0.00s Sys=0.00s Real=0.00s
[18.959s][info][gc,marking  ] GC(41) Concurrent Clear Claimed Marks
[18.959s][info][gc,marking  ] GC(41) Concurrent Clear Claimed Marks 0.029ms
[18.959s][info][gc,marking  ] GC(41) Concurrent Cleanup for Next Mark
[18.962s][info][gc,marking  ] GC(41) Concurrent Cleanup for Next Mark 3.048ms
[18.962s][info][gc          ] GC(41) Concurrent Mark Cycle 442.127ms
[19.444s][info][gc,heap,exit] Heap
[19.444s][info][gc,heap,exit]  garbage-first heap   total 2885632K, used 997890K [0x0000000700000000, 0x0000000800000000)
[19.444s][info][gc,heap,exit]   region size 2048K, 104 young (212992K), 60 survivors (122880K)
[19.444s][info][gc,heap,exit]  Metaspace       used 2039K, committed 2176K, reserved 1114112K
[19.444s][info][gc,heap,exit]   class space    used 176K, committed 256K, reserved 1048576K
