[0.013s][info][gc,init] CardTable entry size: 512
[0.014s][info][gc     ] Using G1
[0.025s][info][gc,init] Version: 21.0.5+9-LTS-239 (release)
[0.025s][info][gc,init] CPUs: 12 total, 12 available
[0.025s][info][gc,init] Memory: 16190M
[0.025s][info][gc,init] Large Page Support: Disabled
[0.025s][info][gc,init] NUMA Support: Disabled
[0.025s][info][gc,init] Compressed Oops: Enabled (Zero based)
[0.025s][info][gc,init] Heap Region Size: 2M
[0.025s][info][gc,init] Heap Min Capacity: 2G
[0.025s][info][gc,init] Heap Initial Capacity: 2G
[0.025s][info][gc,init] Heap Max Capacity: 4G
[0.025s][info][gc,init] Pre-touch: Disabled
[0.025s][info][gc,init] Parallel Workers: 10
[0.025s][info][gc,init] Concurrent Workers: 3
[0.026s][info][gc,init] Concurrent Refinement Workers: 10
[0.026s][info][gc,init] Periodic GC: Disabled
[0.036s][info][gc,metaspace] CDS archive(s) mapped at: [0x000001a10f000000-0x000001a10fc90000-0x000001a10fc90000), size 13172736, SharedBaseAddress: 0x000001a10f000000, ArchiveRelocationMode: 1.
[0.036s][info][gc,metaspace] Compressed class space mapped at: 0x000001a110000000-0x000001a150000000, reserved size: 1073741824
[0.036s][info][gc,metaspace] Narrow klass base: 0x000001a10f000000, Narrow klass shift: 0, Narrow klass range: 0x100000000
[0.415s][info][gc,start    ] GC(0) Pause Young (Normal) (G1 Evacuation Pause)
[0.416s][info][gc,task     ] GC(0) Using 10 workers of 10 for evacuation
[0.420s][info][gc,phases   ] GC(0)   Pre Evacuate Collection Set: 0.2ms
[0.421s][info][gc,phases   ] GC(0)   Merge Heap Roots: 0.1ms
[0.421s][info][gc,phases   ] GC(0)   Evacuate Collection Set: 3.7ms
[0.421s][info][gc,phases   ] GC(0)   Post Evacuate Collection Set: 0.4ms
[0.421s][info][gc,phases   ] GC(0)   Other: 0.7ms
[0.421s][info][gc,heap     ] GC(0) Eden regions: 51->0(46)
[0.421s][info][gc,heap     ] GC(0) Survivor regions: 0->5(7)
[0.421s][info][gc,heap     ] GC(0) Old regions: 0->0
[0.421s][info][gc,heap     ] GC(0) Humongous regions: 0->0
[0.421s][info][gc,metaspace] GC(0) Metaspace: 1707K(1856K)->1707K(1856K) NonClass: 1561K(1600K)->1561K(1600K) Class: 145K(256K)->145K(256K)
[0.421s][info][gc          ] GC(0) Pause Young (Normal) (G1 Evacuation Pause) 102M->10M(2048M) 5.564ms
[0.421s][info][gc,cpu      ] GC(0) User=0.09s Sys=0.09s Real=0.01s
[0.541s][info][gc,start    ] GC(1) Pause Young (Normal) (G1 Evacuation Pause)
[0.541s][info][gc,task     ] GC(1) Using 10 workers of 10 for evacuation
[0.547s][info][gc,phases   ] GC(1)   Pre Evacuate Collection Set: 0.2ms
[0.547s][info][gc,phases   ] GC(1)   Merge Heap Roots: 0.1ms
[0.547s][info][gc,phases   ] GC(1)   Evacuate Collection Set: 5.2ms
[0.547s][info][gc,phases   ] GC(1)   Post Evacuate Collection Set: 0.3ms
[0.547s][info][gc,phases   ] GC(1)   Other: 0.1ms
[0.547s][info][gc,heap     ] GC(1) Eden regions: 46->0(56)
[0.547s][info][gc,heap     ] GC(1) Survivor regions: 5->3(7)
[0.547s][info][gc,heap     ] GC(1) Old regions: 0->3
[0.547s][info][gc,heap     ] GC(1) Humongous regions: 0->0
[0.547s][info][gc,metaspace] GC(1) Metaspace: 1720K(1856K)->1720K(1856K) NonClass: 1574K(1600K)->1574K(1600K) Class: 145K(256K)->145K(256K)
[0.547s][info][gc          ] GC(1) Pause Young (Normal) (G1 Evacuation Pause) 102M->11M(2048M) 6.100ms
[0.547s][info][gc,cpu      ] GC(1) User=0.03s Sys=0.06s Real=0.01s
[0.658s][info][gc,start    ] GC(2) Pause Young (Normal) (G1 Evacuation Pause)
[0.658s][info][gc,task     ] GC(2) Using 10 workers of 10 for evacuation
[0.664s][info][gc,phases   ] GC(2)   Pre Evacuate Collection Set: 0.2ms
[0.664s][info][gc,phases   ] GC(2)   Merge Heap Roots: 0.1ms
[0.664s][info][gc,phases   ] GC(2)   Evacuate Collection Set: 5.6ms
[0.664s][info][gc,phases   ] GC(2)   Post Evacuate Collection Set: 0.3ms
[0.664s][info][gc,phases   ] GC(2)   Other: 0.1ms
[0.664s][info][gc,heap     ] GC(2) Eden regions: 56->0(146)
[0.664s][info][gc,heap     ] GC(2) Survivor regions: 3->6(8)
[0.664s][info][gc,heap     ] GC(2) Old regions: 3->3
[0.664s][info][gc,heap     ] GC(2) Humongous regions: 2->1
[0.664s][info][gc,metaspace] GC(2) Metaspace: 1731K(1856K)->1731K(1856K) NonClass: 1585K(1600K)->1585K(1600K) Class: 145K(256K)->145K(256K)
[0.664s][info][gc          ] GC(2) Pause Young (Normal) (G1 Evacuation Pause) 127M->18M(2048M) 6.623ms
[0.664s][info][gc,cpu      ] GC(2) User=0.00s Sys=0.00s Real=0.01s
[0.829s][info][gc,start    ] GC(3) Pause Young (Normal) (G1 Evacuation Pause)
[0.829s][info][gc,task     ] GC(3) Using 10 workers of 10 for evacuation
[0.838s][info][gc,phases   ] GC(3)   Pre Evacuate Collection Set: 0.2ms
[0.838s][info][gc,phases   ] GC(3)   Merge Heap Roots: 0.1ms
[0.838s][info][gc,phases   ] GC(3)   Evacuate Collection Set: 8.3ms
[0.838s][info][gc,phases   ] GC(3)   Post Evacuate Collection Set: 0.3ms
[0.838s][info][gc,phases   ] GC(3)   Other: 0.1ms
[0.838s][info][gc,heap     ] GC(3) Eden regions: 96->0(173)
[0.838s][info][gc,heap     ] GC(3) Survivor regions: 6->9(13)
[0.838s][info][gc,heap     ] GC(3) Old regions: 3->3
[0.838s][info][gc,heap     ] GC(3) Humongous regions: 1->1
[0.838s][info][gc,metaspace] GC(3) Metaspace: 1776K(1920K)->1776K(1920K) NonClass: 1630K(1664K)->1630K(1664K) Class: 145K(256K)->145K(256K)
[0.838s][info][gc          ] GC(3) Pause Young (Normal) (G1 Evacuation Pause) 210M->23M(2048M) 9.310ms
[0.838s][info][gc,cpu      ] GC(3) User=0.00s Sys=0.00s Real=0.01s
[0.972s][info][gc,start    ] GC(4) Pause Young (Normal) (G1 Evacuation Pause)
[0.972s][info][gc,task     ] GC(4) Using 10 workers of 10 for evacuation
[0.983s][info][gc,phases   ] GC(4)   Pre Evacuate Collection Set: 0.2ms
[0.983s][info][gc,phases   ] GC(4)   Merge Heap Roots: 0.1ms
[0.983s][info][gc,phases   ] GC(4)   Evacuate Collection Set: 10.9ms
[0.983s][info][gc,phases   ] GC(4)   Post Evacuate Collection Set: 0.3ms
[0.983s][info][gc,phases   ] GC(4)   Other: 0.1ms
[0.983s][info][gc,heap     ] GC(4) Eden regions: 136->0(193)
[0.983s][info][gc,heap     ] GC(4) Survivor regions: 9->14(19)
[0.983s][info][gc,heap     ] GC(4) Old regions: 3->3
[0.983s][info][gc,heap     ] GC(4) Humongous regions: 3->3
[0.983s][info][gc,metaspace] GC(4) Metaspace: 1785K(1984K)->1785K(1984K) NonClass: 1639K(1728K)->1639K(1728K) Class: 145K(256K)->145K(256K)
[0.983s][info][gc          ] GC(4) Pause Young (Normal) (G1 Evacuation Pause) 299M->38M(2048M) 11.952ms
[0.983s][info][gc,cpu      ] GC(4) User=0.12s Sys=0.03s Real=0.01s
[1.143s][info][gc,start    ] GC(5) Pause Young (Normal) (G1 Evacuation Pause)
[1.143s][info][gc,task     ] GC(5) Using 10 workers of 10 for evacuation
[1.157s][info][gc,phases   ] GC(5)   Pre Evacuate Collection Set: 0.2ms
[1.157s][info][gc,phases   ] GC(5)   Merge Heap Roots: 0.1ms
[1.157s][info][gc,phases   ] GC(5)   Evacuate Collection Set: 13.9ms
[1.157s][info][gc,phases   ] GC(5)   Post Evacuate Collection Set: 0.4ms
[1.157s][info][gc,phases   ] GC(5)   Other: 0.1ms
[1.157s][info][gc,heap     ] GC(5) Eden regions: 174->0(233)
[1.157s][info][gc,heap     ] GC(5) Survivor regions: 14->17(24)
[1.157s][info][gc,heap     ] GC(5) Old regions: 3->5
[1.157s][info][gc,heap     ] GC(5) Humongous regions: 3->3
[1.157s][info][gc,metaspace] GC(5) Metaspace: 1785K(1984K)->1785K(1984K) NonClass: 1639K(1728K)->1639K(1728K) Class: 145K(256K)->145K(256K)
[1.158s][info][gc          ] GC(5) Pause Young (Normal) (G1 Evacuation Pause) 386M->48M(2048M) 14.946ms
[1.158s][info][gc,cpu      ] GC(5) User=0.14s Sys=0.00s Real=0.02s
[1.254s][info][gc,start    ] GC(6) Pause Young (Normal) (G1 Evacuation Pause)
[1.254s][info][gc,task     ] GC(6) Using 10 workers of 10 for evacuation
[1.268s][info][gc,phases   ] GC(6)   Pre Evacuate Collection Set: 0.2ms
[1.268s][info][gc,phases   ] GC(6)   Merge Heap Roots: 0.2ms
[1.268s][info][gc,phases   ] GC(6)   Evacuate Collection Set: 13.8ms
[1.268s][info][gc,phases   ] GC(6)   Post Evacuate Collection Set: 0.4ms
[1.268s][info][gc,phases   ] GC(6)   Other: 0.1ms
[1.268s][info][gc,heap     ] GC(6) Eden regions: 111->0(348)
[1.268s][info][gc,heap     ] GC(6) Survivor regions: 17->11(16)
[1.268s][info][gc,heap     ] GC(6) Old regions: 5->14
[1.268s][info][gc,heap     ] GC(6) Humongous regions: 3->3
[1.269s][info][gc,metaspace] GC(6) Metaspace: 1785K(1984K)->1785K(1984K) NonClass: 1639K(1728K)->1639K(1728K) Class: 145K(256K)->145K(256K)
[1.269s][info][gc          ] GC(6) Pause Young (Normal) (G1 Evacuation Pause) 270M->54M(2048M) 15.033ms
[1.269s][info][gc,cpu      ] GC(6) User=0.16s Sys=0.00s Real=0.02s
[1.350s][info][gc,start    ] GC(7) Pause Young (Normal) (G1 Evacuation Pause)
[1.350s][info][gc,task     ] GC(7) Using 10 workers of 10 for evacuation
[1.363s][info][gc,phases   ] GC(7)   Pre Evacuate Collection Set: 0.2ms
[1.363s][info][gc,phases   ] GC(7)   Merge Heap Roots: 0.4ms
[1.363s][info][gc,phases   ] GC(7)   Evacuate Collection Set: 11.5ms
[1.363s][info][gc,phases   ] GC(7)   Post Evacuate Collection Set: 0.4ms
[1.363s][info][gc,phases   ] GC(7)   Other: 0.1ms
[1.363s][info][gc,heap     ] GC(7) Eden regions: 84->0(488)
[1.363s][info][gc,heap     ] GC(7) Survivor regions: 11->9(12)
[1.363s][info][gc,heap     ] GC(7) Old regions: 14->19
[1.363s][info][gc,heap     ] GC(7) Humongous regions: 6->6
[1.363s][info][gc,metaspace] GC(7) Metaspace: 1785K(1984K)->1785K(1984K) NonClass: 1639K(1728K)->1639K(1728K) Class: 145K(256K)->145K(256K)
[1.363s][info][gc          ] GC(7) Pause Young (Normal) (G1 Evacuation Pause) 228M->67M(2048M) 12.833ms
[1.363s][info][gc,cpu      ] GC(7) User=0.08s Sys=0.08s Real=0.01s
[1.764s][info][gc,start    ] GC(8) Pause Young (Normal) (G1 Evacuation Pause)
[1.764s][info][gc,task     ] GC(8) Using 10 workers of 10 for evacuation
[1.785s][info][gc,phases   ] GC(8)   Pre Evacuate Collection Set: 0.2ms
[1.785s][info][gc,phases   ] GC(8)   Merge Heap Roots: 0.3ms
[1.785s][info][gc,phases   ] GC(8)   Evacuate Collection Set: 19.2ms
[1.785s][info][gc,phases   ] GC(8)   Post Evacuate Collection Set: 1.2ms
[1.786s][info][gc,phases   ] GC(8)   Other: 0.1ms
[1.786s][info][gc,heap     ] GC(8) Eden regions: 408->0(612)
[1.786s][info][gc,heap     ] GC(8) Survivor regions: 9->18(53)
[1.786s][info][gc,heap     ] GC(8) Old regions: 19->19
[1.786s][info][gc,heap     ] GC(8) Humongous regions: 7->6
[1.786s][info][gc,metaspace] GC(8) Metaspace: 1785K(1984K)->1785K(1984K) NonClass: 1639K(1728K)->1639K(1728K) Class: 145K(256K)->145K(256K)
[1.786s][info][gc          ] GC(8) Pause Young (Normal) (G1 Evacuation Pause) 884M->84M(2210M) 21.223ms
[1.786s][info][gc,cpu      ] GC(8) User=0.14s Sys=0.02s Real=0.02s
[2.213s][info][gc,start    ] GC(9) Pause Young (Normal) (G1 Evacuation Pause)
[2.213s][info][gc,task     ] GC(9) Using 10 workers of 10 for evacuation
[2.239s][info][gc,phases   ] GC(9)   Pre Evacuate Collection Set: 0.2ms
[2.239s][info][gc,phases   ] GC(9)   Merge Heap Roots: 0.3ms
[2.239s][info][gc,phases   ] GC(9)   Evacuate Collection Set: 24.7ms
[2.239s][info][gc,phases   ] GC(9)   Post Evacuate Collection Set: 0.6ms
[2.239s][info][gc,phases   ] GC(9)   Other: 0.1ms
[2.239s][info][gc,heap     ] GC(9) Eden regions: 491->0(629)
[2.239s][info][gc,heap     ] GC(9) Survivor regions: 18->34(64)
[2.239s][info][gc,heap     ] GC(9) Old regions: 19->19
[2.239s][info][gc,heap     ] GC(9) Humongous regions: 6->6
[2.239s][info][gc,metaspace] GC(9) Metaspace: 1785K(1984K)->1785K(1984K) NonClass: 1639K(1728K)->1639K(1728K) Class: 145K(256K)->145K(256K)
[2.239s][info][gc          ] GC(9) Pause Young (Normal) (G1 Evacuation Pause) 1066M->117M(2210M) 26.166ms
[2.239s][info][gc,cpu      ] GC(9) User=0.23s Sys=0.00s Real=0.03s
[2.749s][info][gc,start    ] GC(10) Pause Young (Normal) (G1 Evacuation Pause)
[2.749s][info][gc,task     ] GC(10) Using 10 workers of 10 for evacuation
[2.790s][info][gc,phases   ] GC(10)   Pre Evacuate Collection Set: 0.2ms
[2.790s][info][gc,phases   ] GC(10)   Merge Heap Roots: 0.4ms
[2.790s][info][gc,phases   ] GC(10)   Evacuate Collection Set: 40.0ms
[2.790s][info][gc,phases   ] GC(10)   Post Evacuate Collection Set: 0.6ms
[2.790s][info][gc,phases   ] GC(10)   Other: 0.1ms
[2.790s][info][gc,heap     ] GC(10) Eden regions: 545->0(566)
[2.790s][info][gc,heap     ] GC(10) Survivor regions: 34->50(73)
[2.790s][info][gc,heap     ] GC(10) Old regions: 19->19
[2.790s][info][gc,heap     ] GC(10) Humongous regions: 12->11
[2.790s][info][gc,metaspace] GC(10) Metaspace: 1804K(2048K)->1804K(2048K) NonClass: 1657K(1792K)->1657K(1792K) Class: 147K(256K)->147K(256K)
[2.790s][info][gc          ] GC(10) Pause Young (Normal) (G1 Evacuation Pause) 1219M->157M(2210M) 41.676ms
[2.790s][info][gc,cpu      ] GC(10) User=0.28s Sys=0.03s Real=0.04s
[3.220s][info][gc,start    ] GC(11) Pause Young (Normal) (G1 Evacuation Pause)
[3.220s][info][gc,task     ] GC(11) Using 10 workers of 10 for evacuation
[3.264s][info][gc,phases   ] GC(11)   Pre Evacuate Collection Set: 0.2ms
[3.264s][info][gc,phases   ] GC(11)   Merge Heap Roots: 0.4ms
[3.264s][info][gc,phases   ] GC(11)   Evacuate Collection Set: 42.7ms
[3.264s][info][gc,phases   ] GC(11)   Post Evacuate Collection Set: 0.7ms
[3.264s][info][gc,phases   ] GC(11)   Other: 0.1ms
[3.264s][info][gc,heap     ] GC(11) Eden regions: 481->0(626)
[3.264s][info][gc,heap     ] GC(11) Survivor regions: 50->37(67)
[3.264s][info][gc,heap     ] GC(11) Old regions: 19->42
[3.264s][info][gc,heap     ] GC(11) Humongous regions: 11->11
[3.264s][info][gc,metaspace] GC(11) Metaspace: 1804K(2048K)->1804K(2048K) NonClass: 1657K(1792K)->1657K(1792K) Class: 147K(256K)->147K(256K)
[3.264s][info][gc          ] GC(11) Pause Young (Normal) (G1 Evacuation Pause) 1119M->178M(2210M) 44.296ms
[3.264s][info][gc,cpu      ] GC(11) User=0.36s Sys=0.05s Real=0.04s
[3.536s][info][gc,start    ] GC(12) Pause Young (Normal) (G1 Evacuation Pause)
[3.536s][info][gc,task     ] GC(12) Using 10 workers of 10 for evacuation
[3.568s][info][gc,phases   ] GC(12)   Pre Evacuate Collection Set: 0.2ms
[3.568s][info][gc,phases   ] GC(12)   Merge Heap Roots: 0.7ms
[3.568s][info][gc,phases   ] GC(12)   Evacuate Collection Set: 29.9ms
[3.568s][info][gc,phases   ] GC(12)   Post Evacuate Collection Set: 0.5ms
[3.568s][info][gc,phases   ] GC(12)   Other: 0.1ms
[3.568s][info][gc,heap     ] GC(12) Eden regions: 297->0(636)
[3.568s][info][gc,heap     ] GC(12) Survivor regions: 37->27(42)
[3.568s][info][gc,heap     ] GC(12) Old regions: 42->62
[3.568s][info][gc,heap     ] GC(12) Humongous regions: 11->11
[3.568s][info][gc,metaspace] GC(12) Metaspace: 1804K(2048K)->1804K(2048K) NonClass: 1657K(1792K)->1657K(1792K) Class: 147K(256K)->147K(256K)
[3.568s][info][gc          ] GC(12) Pause Young (Normal) (G1 Evacuation Pause) 772M->199M(2210M) 31.706ms
[3.568s][info][gc,cpu      ] GC(12) User=0.31s Sys=0.00s Real=0.03s
[4.122s][info][gc,start    ] GC(13) Pause Young (Normal) (G1 Evacuation Pause)
[4.122s][info][gc,task     ] GC(13) Using 10 workers of 10 for evacuation
[4.147s][info][gc,phases   ] GC(13)   Pre Evacuate Collection Set: 0.2ms
[4.147s][info][gc,phases   ] GC(13)   Merge Heap Roots: 0.4ms
[4.147s][info][gc,phases   ] GC(13)   Evacuate Collection Set: 23.4ms
[4.147s][info][gc,phases   ] GC(13)   Post Evacuate Collection Set: 0.7ms
[4.147s][info][gc,phases   ] GC(13)   Other: 0.1ms
[4.147s][info][gc,heap     ] GC(13) Eden regions: 636->0(616)
[4.147s][info][gc,heap     ] GC(13) Survivor regions: 27->47(83)
[4.147s][info][gc,heap     ] GC(13) Old regions: 62->62
[4.147s][info][gc,heap     ] GC(13) Humongous regions: 13->11
[4.147s][info][gc,metaspace] GC(13) Metaspace: 1804K(2048K)->1804K(2048K) NonClass: 1657K(1792K)->1657K(1792K) Class: 147K(256K)->147K(256K)
[4.147s][info][gc          ] GC(13) Pause Young (Normal) (G1 Evacuation Pause) 1475M->238M(2210M) 25.181ms
[4.147s][info][gc,cpu      ] GC(13) User=0.16s Sys=0.00s Real=0.02s
[4.717s][info][gc,start    ] GC(14) Pause Young (Normal) (G1 Evacuation Pause)
[4.717s][info][gc,task     ] GC(14) Using 10 workers of 10 for evacuation
[4.751s][info][gc,phases   ] GC(14)   Pre Evacuate Collection Set: 0.2ms
[4.751s][info][gc,phases   ] GC(14)   Merge Heap Roots: 0.5ms
[4.751s][info][gc,phases   ] GC(14)   Evacuate Collection Set: 32.0ms
[4.751s][info][gc,phases   ] GC(14)   Post Evacuate Collection Set: 0.7ms
[4.751s][info][gc,phases   ] GC(14)   Other: 0.1ms
[4.751s][info][gc,heap     ] GC(14) Eden regions: 616->0(611)
[4.751s][info][gc,heap     ] GC(14) Survivor regions: 47->52(83)
[4.751s][info][gc,heap     ] GC(14) Old regions: 62->67
[4.751s][info][gc,heap     ] GC(14) Humongous regions: 12->11
[4.751s][info][gc,metaspace] GC(14) Metaspace: 1812K(2048K)->1812K(2048K) NonClass: 1665K(1792K)->1665K(1792K) Class: 147K(256K)->147K(256K)
[4.751s][info][gc          ] GC(14) Pause Young (Normal) (G1 Evacuation Pause) 1472M->259M(2210M) 33.801ms
[4.751s][info][gc,cpu      ] GC(14) User=0.31s Sys=0.00s Real=0.03s
[5.326s][info][gc,start    ] GC(15) Pause Young (Normal) (G1 Evacuation Pause)
[5.326s][info][gc,task     ] GC(15) Using 10 workers of 10 for evacuation
[5.373s][info][gc,phases   ] GC(15)   Pre Evacuate Collection Set: 0.2ms
[5.373s][info][gc,phases   ] GC(15)   Merge Heap Roots: 0.7ms
[5.373s][info][gc,phases   ] GC(15)   Evacuate Collection Set: 44.8ms
[5.373s][info][gc,phases   ] GC(15)   Post Evacuate Collection Set: 0.7ms
[5.373s][info][gc,phases   ] GC(15)   Other: 0.1ms
[5.373s][info][gc,heap     ] GC(15) Eden regions: 611->0(602)
[5.373s][info][gc,heap     ] GC(15) Survivor regions: 52->61(83)
[5.373s][info][gc,heap     ] GC(15) Old regions: 67->77
[5.373s][info][gc,heap     ] GC(15) Humongous regions: 24->20
[5.373s][info][gc,metaspace] GC(15) Metaspace: 1814K(2048K)->1814K(2048K) NonClass: 1667K(1792K)->1667K(1792K) Class: 147K(256K)->147K(256K)
[5.373s][info][gc          ] GC(15) Pause Young (Normal) (G1 Evacuation Pause) 1507M->314M(2210M) 46.815ms
[5.373s][info][gc,cpu      ] GC(15) User=0.45s Sys=0.02s Real=0.05s
[5.936s][info][gc,start    ] GC(16) Pause Young (Normal) (G1 Evacuation Pause)
[5.936s][info][gc,task     ] GC(16) Using 10 workers of 10 for evacuation
[5.985s][info][gc,phases   ] GC(16)   Pre Evacuate Collection Set: 0.3ms
[5.985s][info][gc,phases   ] GC(16)   Merge Heap Roots: 0.6ms
[5.985s][info][gc,phases   ] GC(16)   Evacuate Collection Set: 47.5ms
[5.985s][info][gc,phases   ] GC(16)   Post Evacuate Collection Set: 0.6ms
[5.985s][info][gc,phases   ] GC(16)   Other: 0.1ms
[5.985s][info][gc,heap     ] GC(16) Eden regions: 602->0(612)
[5.985s][info][gc,heap     ] GC(16) Survivor regions: 61->51(83)
[5.985s][info][gc,heap     ] GC(16) Old regions: 77->100
[5.985s][info][gc,heap     ] GC(16) Humongous regions: 28->20
[5.985s][info][gc,metaspace] GC(16) Metaspace: 1814K(2048K)->1814K(2048K) NonClass: 1667K(1792K)->1667K(1792K) Class: 147K(256K)->147K(256K)
[5.985s][info][gc          ] GC(16) Pause Young (Normal) (G1 Evacuation Pause) 1534M->340M(2210M) 49.372ms
[5.985s][info][gc,cpu      ] GC(16) User=0.45s Sys=0.00s Real=0.05s
[6.527s][info][gc,start    ] GC(17) Pause Young (Normal) (G1 Evacuation Pause)
[6.527s][info][gc,task     ] GC(17) Using 10 workers of 10 for evacuation
[6.556s][info][gc,phases   ] GC(17)   Pre Evacuate Collection Set: 0.2ms
[6.556s][info][gc,phases   ] GC(17)   Merge Heap Roots: 0.5ms
[6.556s][info][gc,phases   ] GC(17)   Evacuate Collection Set: 27.2ms
[6.556s][info][gc,phases   ] GC(17)   Post Evacuate Collection Set: 0.6ms
[6.556s][info][gc,phases   ] GC(17)   Other: 0.1ms
[6.556s][info][gc,heap     ] GC(17) Eden regions: 612->0(605)
[6.556s][info][gc,heap     ] GC(17) Survivor regions: 51->58(83)
[6.556s][info][gc,heap     ] GC(17) Old regions: 100->110
[6.556s][info][gc,heap     ] GC(17) Humongous regions: 20->20
[6.556s][info][gc,metaspace] GC(17) Metaspace: 1814K(2048K)->1814K(2048K) NonClass: 1667K(1792K)->1667K(1792K) Class: 147K(256K)->147K(256K)
[6.556s][info][gc          ] GC(17) Pause Young (Normal) (G1 Evacuation Pause) 1564M->374M(2210M) 28.810ms
[6.556s][info][gc,cpu      ] GC(17) User=0.16s Sys=0.00s Real=0.03s
[7.105s][info][gc,start    ] GC(18) Pause Young (Normal) (G1 Evacuation Pause)
[7.105s][info][gc,task     ] GC(18) Using 10 workers of 10 for evacuation
[7.140s][info][gc,phases   ] GC(18)   Pre Evacuate Collection Set: 0.2ms
[7.140s][info][gc,phases   ] GC(18)   Merge Heap Roots: 0.4ms
[7.140s][info][gc,phases   ] GC(18)   Evacuate Collection Set: 32.8ms
[7.140s][info][gc,phases   ] GC(18)   Post Evacuate Collection Set: 0.6ms
[7.140s][info][gc,phases   ] GC(18)   Other: 0.1ms
[7.140s][info][gc,heap     ] GC(18) Eden regions: 605->0(607)
[7.140s][info][gc,heap     ] GC(18) Survivor regions: 58->56(83)
[7.140s][info][gc,heap     ] GC(18) Old regions: 110->124
[7.140s][info][gc,heap     ] GC(18) Humongous regions: 23->20
[7.140s][info][gc,metaspace] GC(18) Metaspace: 1815K(2048K)->1815K(2048K) NonClass: 1668K(1792K)->1668K(1792K) Class: 147K(256K)->147K(256K)
[7.140s][info][gc          ] GC(18) Pause Young (Normal) (G1 Evacuation Pause) 1590M->398M(2210M) 34.435ms
[7.140s][info][gc,cpu      ] GC(18) User=0.31s Sys=0.00s Real=0.03s
[7.656s][info][gc,start    ] GC(19) Pause Young (Normal) (G1 Evacuation Pause)
[7.656s][info][gc,task     ] GC(19) Using 10 workers of 10 for evacuation
[7.688s][info][gc,phases   ] GC(19)   Pre Evacuate Collection Set: 0.2ms
[7.688s][info][gc,phases   ] GC(19)   Merge Heap Roots: 0.4ms
[7.688s][info][gc,phases   ] GC(19)   Evacuate Collection Set: 31.1ms
[7.688s][info][gc,phases   ] GC(19)   Post Evacuate Collection Set: 0.6ms
[7.688s][info][gc,phases   ] GC(19)   Other: 0.1ms
[7.688s][info][gc,heap     ] GC(19) Eden regions: 607->0(600)
[7.688s][info][gc,heap     ] GC(19) Survivor regions: 56->63(83)
[7.688s][info][gc,heap     ] GC(19) Old regions: 124->146
[7.688s][info][gc,heap     ] GC(19) Humongous regions: 22->20
[7.688s][info][gc,metaspace] GC(19) Metaspace: 1815K(2048K)->1815K(2048K) NonClass: 1668K(1792K)->1668K(1792K) Class: 147K(256K)->147K(256K)
[7.689s][info][gc          ] GC(19) Pause Young (Normal) (G1 Evacuation Pause) 1616M->457M(2210M) 32.687ms
[7.689s][info][gc,cpu      ] GC(19) User=0.30s Sys=0.02s Real=0.03s
[8.248s][info][gc,start    ] GC(20) Pause Young (Normal) (G1 Evacuation Pause)
[8.248s][info][gc,task     ] GC(20) Using 10 workers of 10 for evacuation
[8.288s][info][gc,phases   ] GC(20)   Pre Evacuate Collection Set: 0.3ms
[8.288s][info][gc,phases   ] GC(20)   Merge Heap Roots: 0.4ms
[8.288s][info][gc,phases   ] GC(20)   Evacuate Collection Set: 38.8ms
[8.288s][info][gc,phases   ] GC(20)   Post Evacuate Collection Set: 0.7ms
[8.288s][info][gc,phases   ] GC(20)   Other: 0.1ms
[8.288s][info][gc,heap     ] GC(20) Eden regions: 600->0(607)
[8.288s][info][gc,heap     ] GC(20) Survivor regions: 63->56(83)
[8.288s][info][gc,heap     ] GC(20) Old regions: 146->179
[8.288s][info][gc,heap     ] GC(20) Humongous regions: 20->20
[8.288s][info][gc,metaspace] GC(20) Metaspace: 1815K(2048K)->1815K(2048K) NonClass: 1668K(1792K)->1668K(1792K) Class: 147K(256K)->147K(256K)
[8.288s][info][gc          ] GC(20) Pause Young (Normal) (G1 Evacuation Pause) 1657M->508M(2210M) 40.512ms
[8.288s][info][gc,cpu      ] GC(20) User=0.30s Sys=0.02s Real=0.04s
[8.821s][info][gc,start    ] GC(21) Pause Young (Normal) (G1 Evacuation Pause)
[8.821s][info][gc,task     ] GC(21) Using 10 workers of 10 for evacuation
[8.862s][info][gc,phases   ] GC(21)   Pre Evacuate Collection Set: 0.2ms
[8.862s][info][gc,phases   ] GC(21)   Merge Heap Roots: 0.5ms
[8.862s][info][gc,phases   ] GC(21)   Evacuate Collection Set: 39.2ms
[8.862s][info][gc,phases   ] GC(21)   Post Evacuate Collection Set: 0.7ms
[8.862s][info][gc,phases   ] GC(21)   Other: 0.1ms
[8.862s][info][gc,heap     ] GC(21) Eden regions: 607->0(604)
[8.862s][info][gc,heap     ] GC(21) Survivor regions: 56->59(83)
[8.862s][info][gc,heap     ] GC(21) Old regions: 179->217
[8.862s][info][gc,heap     ] GC(21) Humongous regions: 22->20
[8.862s][info][gc,metaspace] GC(21) Metaspace: 1815K(2048K)->1815K(2048K) NonClass: 1668K(1792K)->1668K(1792K) Class: 147K(256K)->147K(256K)
[8.862s][info][gc          ] GC(21) Pause Young (Normal) (G1 Evacuation Pause) 1726M->590M(2210M) 40.827ms
[8.862s][info][gc,cpu      ] GC(21) User=0.44s Sys=0.00s Real=0.04s
[9.415s][info][gc,start    ] GC(22) Pause Young (Normal) (G1 Evacuation Pause)
[9.416s][info][gc,task     ] GC(22) Using 10 workers of 10 for evacuation
[9.455s][info][gc,phases   ] GC(22)   Pre Evacuate Collection Set: 0.2ms
[9.455s][info][gc,phases   ] GC(22)   Merge Heap Roots: 0.5ms
[9.455s][info][gc,phases   ] GC(22)   Evacuate Collection Set: 38.2ms
[9.455s][info][gc,phases   ] GC(22)   Post Evacuate Collection Set: 0.6ms
[9.455s][info][gc,phases   ] GC(22)   Other: 0.1ms
[9.455s][info][gc,heap     ] GC(22) Eden regions: 604->0(607)
[9.455s][info][gc,heap     ] GC(22) Survivor regions: 59->56(83)
[9.455s][info][gc,heap     ] GC(22) Old regions: 217->261
[9.455s][info][gc,heap     ] GC(22) Humongous regions: 23->20
[9.455s][info][gc,metaspace] GC(22) Metaspace: 1815K(2048K)->1815K(2048K) NonClass: 1668K(1792K)->1668K(1792K) Class: 147K(256K)->147K(256K)
[9.455s][info][gc          ] GC(22) Pause Young (Normal) (G1 Evacuation Pause) 1804M->673M(2210M) 39.795ms
[9.455s][info][gc,cpu      ] GC(22) User=0.41s Sys=0.06s Real=0.04s
[10.017s][info][gc,start    ] GC(23) Pause Young (Normal) (G1 Evacuation Pause)
[10.017s][info][gc,task     ] GC(23) Using 10 workers of 10 for evacuation
[10.060s][info][gc,phases   ] GC(23)   Pre Evacuate Collection Set: 0.2ms
[10.060s][info][gc,phases   ] GC(23)   Merge Heap Roots: 0.5ms
[10.060s][info][gc,phases   ] GC(23)   Evacuate Collection Set: 41.0ms
[10.060s][info][gc,phases   ] GC(23)   Post Evacuate Collection Set: 0.7ms
[10.060s][info][gc,phases   ] GC(23)   Other: 0.1ms
[10.060s][info][gc,heap     ] GC(23) Eden regions: 607->0(572)
[10.060s][info][gc,heap     ] GC(23) Survivor regions: 56->54(83)
[10.060s][info][gc,heap     ] GC(23) Old regions: 261->308
[10.060s][info][gc,heap     ] GC(23) Humongous regions: 21->20
[10.060s][info][gc,metaspace] GC(23) Metaspace: 1815K(2048K)->1815K(2048K) NonClass: 1668K(1792K)->1668K(1792K) Class: 147K(256K)->147K(256K)
[10.060s][info][gc          ] GC(23) Pause Young (Normal) (G1 Evacuation Pause) 1889M->762M(2210M) 42.750ms
[10.060s][info][gc,cpu      ] GC(23) User=0.47s Sys=0.00s Real=0.04s
[10.567s][info][gc,start    ] GC(24) Pause Young (Normal) (G1 Evacuation Pause)
[10.568s][info][gc,task     ] GC(24) Using 10 workers of 10 for evacuation
[10.610s][info][gc,phases   ] GC(24)   Pre Evacuate Collection Set: 0.2ms
[10.610s][info][gc,phases   ] GC(24)   Merge Heap Roots: 0.5ms
[10.610s][info][gc,phases   ] GC(24)   Evacuate Collection Set: 41.0ms
[10.610s][info][gc,phases   ] GC(24)   Post Evacuate Collection Set: 0.6ms
[10.610s][info][gc,phases   ] GC(24)   Other: 0.1ms
[10.610s][info][gc,heap     ] GC(24) Eden regions: 572->0(528)
[10.610s][info][gc,heap     ] GC(24) Survivor regions: 54->54(79)
[10.610s][info][gc,heap     ] GC(24) Old regions: 308->362
[10.610s][info][gc,heap     ] GC(24) Humongous regions: 21->20
[10.610s][info][gc,metaspace] GC(24) Metaspace: 1815K(2048K)->1815K(2048K) NonClass: 1668K(1792K)->1668K(1792K) Class: 147K(256K)->147K(256K)
[10.610s][info][gc          ] GC(24) Pause Young (Normal) (G1 Evacuation Pause) 1908M->870M(2210M) 42.746ms
[10.610s][info][gc,cpu      ] GC(24) User=0.44s Sys=0.03s Real=0.04s
[11.120s][info][gc,start    ] GC(25) Pause Young (Normal) (G1 Evacuation Pause)
[11.120s][info][gc,task     ] GC(25) Using 10 workers of 10 for evacuation
[11.170s][info][gc,phases   ] GC(25)   Pre Evacuate Collection Set: 0.2ms
[11.170s][info][gc,phases   ] GC(25)   Merge Heap Roots: 0.8ms
[11.170s][info][gc,phases   ] GC(25)   Evacuate Collection Set: 47.6ms
[11.170s][info][gc,phases   ] GC(25)   Post Evacuate Collection Set: 0.6ms
[11.170s][info][gc,phases   ] GC(25)   Other: 0.1ms
[11.170s][info][gc,heap     ] GC(25) Eden regions: 528->0(459)
[11.170s][info][gc,heap     ] GC(25) Survivor regions: 54->60(73)
[11.170s][info][gc,heap     ] GC(25) Old regions: 362->417
[11.170s][info][gc,heap     ] GC(25) Humongous regions: 40->37
[11.170s][info][gc,metaspace] GC(25) Metaspace: 1815K(2048K)->1815K(2048K) NonClass: 1668K(1792K)->1668K(1792K) Class: 147K(256K)->147K(256K)
[11.170s][info][gc          ] GC(25) Pause Young (Normal) (G1 Evacuation Pause) 1966M->1026M(2210M) 49.611ms
[11.170s][info][gc,cpu      ] GC(25) User=0.45s Sys=0.02s Real=0.05s
[11.580s][info][gc,start    ] GC(26) Pause Young (Normal) (G1 Evacuation Pause)
[11.580s][info][gc,task     ] GC(26) Using 10 workers of 10 for evacuation
[11.623s][info][gc,phases   ] GC(26)   Pre Evacuate Collection Set: 0.2ms
[11.623s][info][gc,phases   ] GC(26)   Merge Heap Roots: 0.5ms
[11.623s][info][gc,phases   ] GC(26)   Evacuate Collection Set: 41.9ms
[11.623s][info][gc,phases   ] GC(26)   Post Evacuate Collection Set: 0.6ms
[11.623s][info][gc,phases   ] GC(26)   Other: 0.1ms
[11.623s][info][gc,heap     ] GC(26) Eden regions: 459->0(424)
[11.623s][info][gc,heap     ] GC(26) Survivor regions: 60->46(65)
[11.623s][info][gc,heap     ] GC(26) Old regions: 417->477
[11.623s][info][gc,heap     ] GC(26) Humongous regions: 37->37
[11.623s][info][gc,metaspace] GC(26) Metaspace: 1815K(2048K)->1815K(2048K) NonClass: 1668K(1792K)->1668K(1792K) Class: 147K(256K)->147K(256K)
[11.623s][info][gc          ] GC(26) Pause Young (Normal) (G1 Evacuation Pause) 1944M->1119M(2210M) 43.556ms
[11.623s][info][gc,cpu      ] GC(26) User=0.47s Sys=0.00s Real=0.04s
[11.676s][info][gc,start    ] GC(27) Pause Young (Concurrent Start) (G1 Humongous Allocation)
[11.677s][info][gc,task     ] GC(27) Using 10 workers of 10 for evacuation
[11.693s][info][gc,phases   ] GC(27)   Pre Evacuate Collection Set: 0.2ms
[11.693s][info][gc,phases   ] GC(27)   Merge Heap Roots: 0.3ms
[11.693s][info][gc,phases   ] GC(27)   Evacuate Collection Set: 15.5ms
[11.693s][info][gc,phases   ] GC(27)   Post Evacuate Collection Set: 0.4ms
[11.693s][info][gc,phases   ] GC(27)   Other: 0.1ms
[11.693s][info][gc,heap     ] GC(27) Eden regions: 58->0(435)
[11.693s][info][gc,heap     ] GC(27) Survivor regions: 46->7(59)
[11.693s][info][gc,heap     ] GC(27) Old regions: 477->521
[11.693s][info][gc,heap     ] GC(27) Humongous regions: 37->37
[11.693s][info][gc,metaspace] GC(27) Metaspace: 1815K(2048K)->1815K(2048K) NonClass: 1668K(1792K)->1668K(1792K) Class: 147K(256K)->147K(256K)
[11.693s][info][gc          ] GC(27) Pause Young (Concurrent Start) (G1 Humongous Allocation) 1235M->1127M(2210M) 16.855ms
[11.693s][info][gc,cpu      ] GC(27) User=0.16s Sys=0.00s Real=0.02s
[11.693s][info][gc          ] GC(28) Concurrent Mark Cycle
[11.693s][info][gc,marking  ] GC(28) Concurrent Scan Root Regions
[11.697s][info][gc,marking  ] GC(28) Concurrent Scan Root Regions 3.793ms
[11.697s][info][gc,marking  ] GC(28) Concurrent Mark
[11.697s][info][gc,marking  ] GC(28) Concurrent Mark From Roots
[11.697s][info][gc,task     ] GC(28) Using 3 workers of 3 for marking
[12.105s][info][gc,marking  ] GC(28) Concurrent Mark From Roots 407.717ms
[12.105s][info][gc,marking  ] GC(28) Concurrent Preclean
[12.105s][info][gc,marking  ] GC(28) Concurrent Preclean 0.038ms
[12.105s][info][gc,start    ] GC(28) Pause Remark
[12.108s][info][gc          ] GC(28) Pause Remark 1875M->1471M(2458M) 2.387ms
[12.108s][info][gc,cpu      ] GC(28) User=0.00s Sys=0.00s Real=0.00s
[12.108s][info][gc,marking  ] GC(28) Concurrent Mark 410.447ms
[12.108s][info][gc,marking  ] GC(28) Concurrent Rebuild Remembered Sets and Scrub Regions
[12.189s][info][gc,start    ] GC(29) Pause Young (Normal) (G1 Evacuation Pause)
[12.189s][info][gc,task     ] GC(29) Using 10 workers of 10 for evacuation
[12.212s][info][gc,phases   ] GC(29)   Pre Evacuate Collection Set: 0.2ms
[12.212s][info][gc,phases   ] GC(29)   Merge Heap Roots: 0.4ms
[12.212s][info][gc,phases   ] GC(29)   Evacuate Collection Set: 22.0ms
[12.212s][info][gc,phases   ] GC(29)   Post Evacuate Collection Set: 0.6ms
[12.212s][info][gc,phases   ] GC(29)   Other: 0.1ms
[12.212s][info][gc,heap     ] GC(29) Eden regions: 435->0(685)
[12.212s][info][gc,heap     ] GC(29) Survivor regions: 7->47(56)
[12.212s][info][gc,heap     ] GC(29) Old regions: 339->339
[12.212s][info][gc,heap     ] GC(29) Humongous regions: 21->17
[12.212s][info][gc,metaspace] GC(29) Metaspace: 1815K(2048K)->1815K(2048K) NonClass: 1668K(1792K)->1668K(1792K) Class: 147K(256K)->147K(256K)
[12.212s][info][gc          ] GC(29) Pause Young (Normal) (G1 Evacuation Pause) 1601M->804M(2458M) 23.593ms
[12.212s][info][gc,cpu      ] GC(29) User=0.16s Sys=0.00s Real=0.02s
[12.406s][info][gc,marking  ] GC(28) Concurrent Rebuild Remembered Sets and Scrub Regions 298.202ms
[12.406s][info][gc,start    ] GC(28) Pause Cleanup
[12.406s][info][gc          ] GC(28) Pause Cleanup 1166M->1166M(2458M) 0.335ms
[12.406s][info][gc,cpu      ] GC(28) User=0.00s Sys=0.00s Real=0.00s
[12.407s][info][gc,marking  ] GC(28) Concurrent Clear Claimed Marks
[12.407s][info][gc,marking  ] GC(28) Concurrent Clear Claimed Marks 0.039ms
[12.407s][info][gc,marking  ] GC(28) Concurrent Cleanup for Next Mark
[12.412s][info][gc,marking  ] GC(28) Concurrent Cleanup for Next Mark 5.064ms
[12.412s][info][gc          ] GC(28) Concurrent Mark Cycle 718.385ms
[12.967s][info][gc,start    ] GC(30) Pause Young (Prepare Mixed) (G1 Evacuation Pause)
[12.967s][info][gc,task     ] GC(30) Using 10 workers of 10 for evacuation
[13.005s][info][gc,phases   ] GC(30)   Pre Evacuate Collection Set: 0.2ms
[13.005s][info][gc,phases   ] GC(30)   Merge Heap Roots: 0.7ms
[13.005s][info][gc,phases   ] GC(30)   Evacuate Collection Set: 35.8ms
[13.005s][info][gc,phases   ] GC(30)   Post Evacuate Collection Set: 0.9ms
[13.005s][info][gc,phases   ] GC(30)   Other: 0.1ms
[13.005s][info][gc,heap     ] GC(30) Eden regions: 685->0(626)
[13.005s][info][gc,heap     ] GC(30) Survivor regions: 47->92(92)
[13.005s][info][gc,heap     ] GC(30) Old regions: 339->340
[13.005s][info][gc,heap     ] GC(30) Humongous regions: 18->17
[13.005s][info][gc,metaspace] GC(30) Metaspace: 1842K(2048K)->1842K(2048K) NonClass: 1690K(1792K)->1690K(1792K) Class: 152K(256K)->152K(256K)
[13.005s][info][gc          ] GC(30) Pause Young (Prepare Mixed) (G1 Evacuation Pause) 2176M->896M(2458M) 38.032ms
[13.005s][info][gc,cpu      ] GC(30) User=0.31s Sys=0.00s Real=0.04s
[13.897s][info][gc,start    ] GC(31) Pause Young (Mixed) (G1 Evacuation Pause)
[13.897s][info][gc,task     ] GC(31) Using 10 workers of 10 for evacuation
[13.938s][info][gc,phases   ] GC(31)   Pre Evacuate Collection Set: 0.2ms
[13.938s][info][gc,phases   ] GC(31)   Merge Heap Roots: 0.6ms
[13.938s][info][gc,phases   ] GC(31)   Evacuate Collection Set: 39.4ms
[13.938s][info][gc,phases   ] GC(31)   Post Evacuate Collection Set: 0.8ms
[13.938s][info][gc,phases   ] GC(31)   Other: 0.1ms
[13.938s][info][gc,heap     ] GC(31) Eden regions: 626->0(692)
[13.938s][info][gc,heap     ] GC(31) Survivor regions: 92->45(90)
[13.938s][info][gc,heap     ] GC(31) Old regions: 340->331
[13.938s][info][gc,heap     ] GC(31) Humongous regions: 17->17
[13.938s][info][gc,metaspace] GC(31) Metaspace: 1842K(2048K)->1842K(2048K) NonClass: 1690K(1792K)->1690K(1792K) Class: 152K(256K)->152K(256K)
[13.938s][info][gc          ] GC(31) Pause Young (Mixed) (G1 Evacuation Pause) 2148M->784M(2458M) 41.381ms
[13.938s][info][gc,cpu      ] GC(31) User=0.45s Sys=0.02s Real=0.04s
[15.081s][info][gc,heap,exit] Heap
[15.081s][info][gc,heap,exit]  garbage-first heap   total 2516992K, used 1364187K [0x0000000700000000, 0x0000000800000000)
[15.081s][info][gc,heap,exit]   region size 2048K, 287 young (587776K), 45 survivors (92160K)
[15.081s][info][gc,heap,exit]  Metaspace       used 2062K, committed 2176K, reserved 1114112K
[15.081s][info][gc,heap,exit]   class space    used 181K, committed 256K, reserved 1048576K
