[0.013s][info][gc,init] CardTable entry size: 512
[0.013s][info][gc     ] Using G1
[0.021s][info][gc,init] Version: 21.0.5+9-LTS-239 (release)
[0.021s][info][gc,init] CPUs: 12 total, 12 available
[0.021s][info][gc,init] Memory: 16190M
[0.021s][info][gc,init] Large Page Support: Disabled
[0.021s][info][gc,init] NUMA Support: Disabled
[0.021s][info][gc,init] Compressed Oops: Enabled (Zero based)
[0.021s][info][gc,init] Heap Region Size: 2M
[0.021s][info][gc,init] Heap Min Capacity: 2G
[0.021s][info][gc,init] Heap Initial Capacity: 2G
[0.022s][info][gc,init] Heap Max Capacity: 4G
[0.022s][info][gc,init] Pre-touch: Disabled
[0.022s][info][gc,init] Parallel Workers: 10
[0.022s][info][gc,init] Concurrent Workers: 3
[0.022s][info][gc,init] Concurrent Refinement Workers: 10
[0.022s][info][gc,init] Periodic GC: Disabled
[0.029s][info][gc,metaspace] CDS archive(s) mapped at: [0x000001e80f000000-0x000001e80fc90000-0x000001e80fc90000), size 13172736, SharedBaseAddress: 0x000001e80f000000, ArchiveRelocationMode: 1.
[0.029s][info][gc,metaspace] Compressed class space mapped at: 0x000001e810000000-0x000001e850000000, reserved size: 1073741824
[0.029s][info][gc,metaspace] Narrow klass base: 0x000001e80f000000, Narrow klass shift: 0, Narrow klass range: 0x100000000
[0.385s][info][gc,start    ] GC(0) Pause Young (Normal) (G1 Evacuation Pause)
[0.386s][info][gc,task     ] GC(0) Using 10 workers of 10 for evacuation
[0.391s][info][gc,phases   ] GC(0)   Pre Evacuate Collection Set: 0.2ms
[0.391s][info][gc,phases   ] GC(0)   Merge Heap Roots: 0.1ms
[0.391s][info][gc,phases   ] GC(0)   Evacuate Collection Set: 4.1ms
[0.391s][info][gc,phases   ] GC(0)   Post Evacuate Collection Set: 0.4ms
[0.391s][info][gc,phases   ] GC(0)   Other: 0.5ms
[0.391s][info][gc,heap     ] GC(0) Eden regions: 51->0(49)
[0.391s][info][gc,heap     ] GC(0) Survivor regions: 0->5(7)
[0.391s][info][gc,heap     ] GC(0) Old regions: 0->0
[0.391s][info][gc,heap     ] GC(0) Humongous regions: 0->0
[0.391s][info][gc,metaspace] GC(0) Metaspace: 1702K(1856K)->1702K(1856K) NonClass: 1557K(1600K)->1557K(1600K) Class: 145K(256K)->145K(256K)
[0.391s][info][gc          ] GC(0) Pause Young (Normal) (G1 Evacuation Pause) 102M->8M(2048M) 5.654ms
[0.391s][info][gc,cpu      ] GC(0) User=0.05s Sys=0.02s Real=0.01s
[0.527s][info][gc,start    ] GC(1) Pause Young (Normal) (G1 Evacuation Pause)
[0.527s][info][gc,task     ] GC(1) Using 10 workers of 10 for evacuation
[0.533s][info][gc,phases   ] GC(1)   Pre Evacuate Collection Set: 0.2ms
[0.533s][info][gc,phases   ] GC(1)   Merge Heap Roots: 0.1ms
[0.533s][info][gc,phases   ] GC(1)   Evacuate Collection Set: 5.2ms
[0.533s][info][gc,phases   ] GC(1)   Post Evacuate Collection Set: 0.3ms
[0.533s][info][gc,phases   ] GC(1)   Other: 0.1ms
[0.533s][info][gc,heap     ] GC(1) Eden regions: 49->0(60)
[0.533s][info][gc,heap     ] GC(1) Survivor regions: 5->3(7)
[0.533s][info][gc,heap     ] GC(1) Old regions: 0->4
[0.533s][info][gc,heap     ] GC(1) Humongous regions: 0->0
[0.533s][info][gc,metaspace] GC(1) Metaspace: 1719K(1856K)->1719K(1856K) NonClass: 1574K(1600K)->1574K(1600K) Class: 145K(256K)->145K(256K)
[0.533s][info][gc          ] GC(1) Pause Young (Normal) (G1 Evacuation Pause) 106M->11M(2048M) 6.131ms
[0.533s][info][gc,cpu      ] GC(1) User=0.03s Sys=0.00s Real=0.01s
[0.676s][info][gc,start    ] GC(2) Pause Young (Normal) (G1 Evacuation Pause)
[0.676s][info][gc,task     ] GC(2) Using 10 workers of 10 for evacuation
[0.682s][info][gc,phases   ] GC(2)   Pre Evacuate Collection Set: 0.2ms
[0.682s][info][gc,phases   ] GC(2)   Merge Heap Roots: 0.2ms
[0.682s][info][gc,phases   ] GC(2)   Evacuate Collection Set: 5.7ms
[0.682s][info][gc,phases   ] GC(2)   Post Evacuate Collection Set: 0.3ms
[0.682s][info][gc,phases   ] GC(2)   Other: 0.1ms
[0.682s][info][gc,heap     ] GC(2) Eden regions: 60->0(78)
[0.682s][info][gc,heap     ] GC(2) Survivor regions: 3->6(8)
[0.682s][info][gc,heap     ] GC(2) Old regions: 4->4
[0.682s][info][gc,heap     ] GC(2) Humongous regions: 2->1
[0.682s][info][gc,metaspace] GC(2) Metaspace: 1745K(1984K)->1745K(1984K) NonClass: 1600K(1728K)->1600K(1728K) Class: 145K(256K)->145K(256K)
[0.682s][info][gc          ] GC(2) Pause Young (Normal) (G1 Evacuation Pause) 135M->19M(2048M) 6.756ms
[0.682s][info][gc,cpu      ] GC(2) User=0.00s Sys=0.00s Real=0.01s
[0.800s][info][gc,start    ] GC(3) Pause Young (Normal) (G1 Evacuation Pause)
[0.801s][info][gc,task     ] GC(3) Using 10 workers of 10 for evacuation
[0.808s][info][gc,phases   ] GC(3)   Pre Evacuate Collection Set: 0.2ms
[0.808s][info][gc,phases   ] GC(3)   Merge Heap Roots: 0.1ms
[0.808s][info][gc,phases   ] GC(3)   Evacuate Collection Set: 6.7ms
[0.808s][info][gc,phases   ] GC(3)   Post Evacuate Collection Set: 0.3ms
[0.808s][info][gc,phases   ] GC(3)   Other: 0.1ms
[0.808s][info][gc,heap     ] GC(3) Eden regions: 67->0(165)
[0.808s][info][gc,heap     ] GC(3) Survivor regions: 6->8(10)
[0.808s][info][gc,heap     ] GC(3) Old regions: 4->4
[0.808s][info][gc,heap     ] GC(3) Humongous regions: 1->1
[0.808s][info][gc,metaspace] GC(3) Metaspace: 1761K(1984K)->1761K(1984K) NonClass: 1616K(1728K)->1616K(1728K) Class: 145K(256K)->145K(256K)
[0.808s][info][gc          ] GC(3) Pause Young (Normal) (G1 Evacuation Pause) 153M->23M(2048M) 7.614ms
[0.808s][info][gc,cpu      ] GC(3) User=0.03s Sys=0.03s Real=0.01s
[0.968s][info][gc,start    ] GC(4) Pause Young (Normal) (G1 Evacuation Pause)
[0.968s][info][gc,task     ] GC(4) Using 10 workers of 10 for evacuation
[0.980s][info][gc,phases   ] GC(4)   Pre Evacuate Collection Set: 0.2ms
[0.980s][info][gc,phases   ] GC(4)   Merge Heap Roots: 0.1ms
[0.980s][info][gc,phases   ] GC(4)   Evacuate Collection Set: 11.3ms
[0.980s][info][gc,phases   ] GC(4)   Post Evacuate Collection Set: 0.3ms
[0.980s][info][gc,phases   ] GC(4)   Other: 0.1ms
[0.980s][info][gc,heap     ] GC(4) Eden regions: 137->0(212)
[0.980s][info][gc,heap     ] GC(4) Survivor regions: 8->12(19)
[0.980s][info][gc,heap     ] GC(4) Old regions: 4->4
[0.980s][info][gc,heap     ] GC(4) Humongous regions: 3->3
[0.980s][info][gc,metaspace] GC(4) Metaspace: 1789K(1984K)->1789K(1984K) NonClass: 1643K(1728K)->1643K(1728K) Class: 145K(256K)->145K(256K)
[0.980s][info][gc          ] GC(4) Pause Young (Normal) (G1 Evacuation Pause) 301M->36M(2048M) 12.310ms
[0.980s][info][gc,cpu      ] GC(4) User=0.02s Sys=0.02s Real=0.01s
[1.174s][info][gc,start    ] GC(5) Pause Young (Normal) (G1 Evacuation Pause)
[1.174s][info][gc,task     ] GC(5) Using 10 workers of 10 for evacuation
[1.190s][info][gc,phases   ] GC(5)   Pre Evacuate Collection Set: 0.2ms
[1.190s][info][gc,phases   ] GC(5)   Merge Heap Roots: 0.1ms
[1.190s][info][gc,phases   ] GC(5)   Evacuate Collection Set: 14.9ms
[1.190s][info][gc,phases   ] GC(5)   Post Evacuate Collection Set: 0.4ms
[1.190s][info][gc,phases   ] GC(5)   Other: 0.1ms
[1.190s][info][gc,heap     ] GC(5) Eden regions: 193->0(245)
[1.190s][info][gc,heap     ] GC(5) Survivor regions: 12->17(26)
[1.190s][info][gc,heap     ] GC(5) Old regions: 4->4
[1.190s][info][gc,heap     ] GC(5) Humongous regions: 3->3
[1.190s][info][gc,metaspace] GC(5) Metaspace: 1789K(1984K)->1789K(1984K) NonClass: 1643K(1728K)->1643K(1728K) Class: 145K(256K)->145K(256K)
[1.190s][info][gc          ] GC(5) Pause Young (Normal) (G1 Evacuation Pause) 422M->45M(2048M) 15.929ms
[1.190s][info][gc,cpu      ] GC(5) User=0.12s Sys=0.03s Real=0.02s
[1.402s][info][gc,start    ] GC(6) Pause Young (Normal) (G1 Evacuation Pause)
[1.402s][info][gc,task     ] GC(6) Using 10 workers of 10 for evacuation
[1.423s][info][gc,phases   ] GC(6)   Pre Evacuate Collection Set: 0.2ms
[1.423s][info][gc,phases   ] GC(6)   Merge Heap Roots: 0.2ms
[1.423s][info][gc,phases   ] GC(6)   Evacuate Collection Set: 19.7ms
[1.423s][info][gc,phases   ] GC(6)   Post Evacuate Collection Set: 0.4ms
[1.423s][info][gc,phases   ] GC(6)   Other: 0.1ms
[1.423s][info][gc,heap     ] GC(6) Eden regions: 212->0(300)
[1.423s][info][gc,heap     ] GC(6) Survivor regions: 17->20(29)
[1.423s][info][gc,heap     ] GC(6) Old regions: 4->6
[1.423s][info][gc,heap     ] GC(6) Humongous regions: 6->6
[1.423s][info][gc,metaspace] GC(6) Metaspace: 1809K(2048K)->1809K(2048K) NonClass: 1662K(1792K)->1662K(1792K) Class: 146K(256K)->146K(256K)
[1.423s][info][gc          ] GC(6) Pause Young (Normal) (G1 Evacuation Pause) 474M->61M(2048M) 20.911ms
[1.423s][info][gc,cpu      ] GC(6) User=0.16s Sys=0.00s Real=0.02s
[1.622s][info][gc,start    ] GC(7) Pause Young (Normal) (G1 Evacuation Pause)
[1.622s][info][gc,task     ] GC(7) Using 10 workers of 10 for evacuation
[1.644s][info][gc,phases   ] GC(7)   Pre Evacuate Collection Set: 0.2ms
[1.644s][info][gc,phases   ] GC(7)   Merge Heap Roots: 0.2ms
[1.644s][info][gc,phases   ] GC(7)   Evacuate Collection Set: 21.3ms
[1.644s][info][gc,phases   ] GC(7)   Post Evacuate Collection Set: 0.5ms
[1.644s][info][gc,phases   ] GC(7)   Other: 0.1ms
[1.644s][info][gc,heap     ] GC(7) Eden regions: 207->0(427)
[1.644s][info][gc,heap     ] GC(7) Survivor regions: 20->17(29)
[1.644s][info][gc,heap     ] GC(7) Old regions: 6->14
[1.644s][info][gc,heap     ] GC(7) Humongous regions: 6->6
[1.644s][info][gc,metaspace] GC(7) Metaspace: 1809K(2048K)->1809K(2048K) NonClass: 1662K(1792K)->1662K(1792K) Class: 146K(256K)->146K(256K)
[1.644s][info][gc          ] GC(7) Pause Young (Normal) (G1 Evacuation Pause) 475M->70M(2048M) 22.491ms
[1.644s][info][gc,cpu      ] GC(7) User=0.16s Sys=0.00s Real=0.02s
[1.764s][info][gc,start    ] GC(8) Pause Young (Normal) (G1 Evacuation Pause)
[1.764s][info][gc,task     ] GC(8) Using 10 workers of 10 for evacuation
[1.783s][info][gc,phases   ] GC(8)   Pre Evacuate Collection Set: 0.2ms
[1.783s][info][gc,phases   ] GC(8)   Merge Heap Roots: 0.5ms
[1.783s][info][gc,phases   ] GC(8)   Evacuate Collection Set: 17.8ms
[1.783s][info][gc,phases   ] GC(8)   Post Evacuate Collection Set: 0.4ms
[1.783s][info][gc,phases   ] GC(8)   Other: 0.1ms
[1.783s][info][gc,heap     ] GC(8) Eden regions: 128->0(603)
[1.783s][info][gc,heap     ] GC(8) Survivor regions: 17->11(19)
[1.783s][info][gc,heap     ] GC(8) Old regions: 14->24
[1.783s][info][gc,heap     ] GC(8) Humongous regions: 7->6
[1.783s][info][gc,metaspace] GC(8) Metaspace: 1809K(2048K)->1809K(2048K) NonClass: 1662K(1792K)->1662K(1792K) Class: 146K(256K)->146K(256K)
[1.783s][info][gc          ] GC(8) Pause Young (Normal) (G1 Evacuation Pause) 328M->81M(2048M) 19.315ms
[1.783s][info][gc,cpu      ] GC(8) User=0.16s Sys=0.00s Real=0.02s
[2.223s][info][gc,start    ] GC(9) Pause Young (Normal) (G1 Evacuation Pause)
[2.223s][info][gc,task     ] GC(9) Using 10 workers of 10 for evacuation
[2.242s][info][gc,phases   ] GC(9)   Pre Evacuate Collection Set: 0.2ms
[2.242s][info][gc,phases   ] GC(9)   Merge Heap Roots: 0.5ms
[2.242s][info][gc,phases   ] GC(9)   Evacuate Collection Set: 17.5ms
[2.242s][info][gc,phases   ] GC(9)   Post Evacuate Collection Set: 0.5ms
[2.242s][info][gc,phases   ] GC(9)   Other: 0.1ms
[2.242s][info][gc,heap     ] GC(9) Eden regions: 421->0(596)
[2.242s][info][gc,heap     ] GC(9) Survivor regions: 11->18(54)
[2.242s][info][gc,heap     ] GC(9) Old regions: 24->24
[2.242s][info][gc,heap     ] GC(9) Humongous regions: 6->6
[2.242s][info][gc,metaspace] GC(9) Metaspace: 1809K(2048K)->1809K(2048K) NonClass: 1662K(1792K)->1662K(1792K) Class: 146K(256K)->146K(256K)
[2.242s][info][gc          ] GC(9) Pause Young (Normal) (G1 Evacuation Pause) 923M->95M(2048M) 19.019ms
[2.242s][info][gc,cpu      ] GC(9) User=0.16s Sys=0.00s Real=0.02s
[2.742s][info][gc,start    ] GC(10) Pause Young (Normal) (G1 Evacuation Pause)
[2.742s][info][gc,task     ] GC(10) Using 10 workers of 10 for evacuation
[2.775s][info][gc,phases   ] GC(10)   Pre Evacuate Collection Set: 0.2ms
[2.775s][info][gc,phases   ] GC(10)   Merge Heap Roots: 0.4ms
[2.775s][info][gc,phases   ] GC(10)   Evacuate Collection Set: 32.0ms
[2.775s][info][gc,phases   ] GC(10)   Post Evacuate Collection Set: 0.6ms
[2.775s][info][gc,phases   ] GC(10)   Other: 0.1ms
[2.775s][info][gc,heap     ] GC(10) Eden regions: 516->0(584)
[2.775s][info][gc,heap     ] GC(10) Survivor regions: 18->30(67)
[2.775s][info][gc,heap     ] GC(10) Old regions: 24->24
[2.775s][info][gc,heap     ] GC(10) Humongous regions: 12->11
[2.775s][info][gc,metaspace] GC(10) Metaspace: 1809K(2048K)->1809K(2048K) NonClass: 1663K(1792K)->1663K(1792K) Class: 146K(256K)->146K(256K)
[2.775s][info][gc          ] GC(10) Pause Young (Normal) (G1 Evacuation Pause) 1139M->129M(2048M) 33.611ms
[2.775s][info][gc,cpu      ] GC(10) User=0.31s Sys=0.00s Real=0.03s
[3.333s][info][gc,start    ] GC(11) Pause Young (Normal) (G1 Evacuation Pause)
[3.333s][info][gc,task     ] GC(11) Using 10 workers of 10 for evacuation
[3.372s][info][gc,phases   ] GC(11)   Pre Evacuate Collection Set: 0.2ms
[3.372s][info][gc,phases   ] GC(11)   Merge Heap Roots: 0.4ms
[3.372s][info][gc,phases   ] GC(11)   Evacuate Collection Set: 37.0ms
[3.372s][info][gc,phases   ] GC(11)   Post Evacuate Collection Set: 0.6ms
[3.372s][info][gc,phases   ] GC(11)   Other: 0.2ms
[3.372s][info][gc,heap     ] GC(11) Eden regions: 584->0(576)
[3.372s][info][gc,heap     ] GC(11) Survivor regions: 30->38(77)
[3.372s][info][gc,heap     ] GC(11) Old regions: 24->24
[3.372s][info][gc,heap     ] GC(11) Humongous regions: 11->11
[3.372s][info][gc,metaspace] GC(11) Metaspace: 1809K(2048K)->1809K(2048K) NonClass: 1663K(1792K)->1663K(1792K) Class: 146K(256K)->146K(256K)
[3.372s][info][gc          ] GC(11) Pause Young (Normal) (G1 Evacuation Pause) 1297M->145M(2048M) 38.675ms
[3.372s][info][gc,cpu      ] GC(11) User=0.44s Sys=0.03s Real=0.04s
[3.920s][info][gc,start    ] GC(12) Pause Young (Normal) (G1 Evacuation Pause)
[3.920s][info][gc,task     ] GC(12) Using 10 workers of 10 for evacuation
[3.962s][info][gc,phases   ] GC(12)   Pre Evacuate Collection Set: 0.2ms
[3.962s][info][gc,phases   ] GC(12)   Merge Heap Roots: 0.4ms
[3.962s][info][gc,phases   ] GC(12)   Evacuate Collection Set: 40.1ms
[3.962s][info][gc,phases   ] GC(12)   Post Evacuate Collection Set: 0.6ms
[3.962s][info][gc,phases   ] GC(12)   Other: 0.1ms
[3.962s][info][gc,heap     ] GC(12) Eden regions: 576->0(567)
[3.962s][info][gc,heap     ] GC(12) Survivor regions: 38->47(77)
[3.962s][info][gc,heap     ] GC(12) Old regions: 24->24
[3.962s][info][gc,heap     ] GC(12) Humongous regions: 11->11
[3.962s][info][gc,metaspace] GC(12) Metaspace: 1809K(2048K)->1809K(2048K) NonClass: 1663K(1792K)->1663K(1792K) Class: 146K(256K)->146K(256K)
[3.962s][info][gc          ] GC(12) Pause Young (Normal) (G1 Evacuation Pause) 1297M->163M(2048M) 41.753ms
[3.962s][info][gc,cpu      ] GC(12) User=0.31s Sys=0.00s Real=0.04s
[4.488s][info][gc,start    ] GC(13) Pause Young (Normal) (G1 Evacuation Pause)
[4.488s][info][gc,task     ] GC(13) Using 10 workers of 10 for evacuation
[4.537s][info][gc,phases   ] GC(13)   Pre Evacuate Collection Set: 0.2ms
[4.538s][info][gc,phases   ] GC(13)   Merge Heap Roots: 0.4ms
[4.538s][info][gc,phases   ] GC(13)   Evacuate Collection Set: 48.1ms
[4.538s][info][gc,phases   ] GC(13)   Post Evacuate Collection Set: 0.7ms
[4.538s][info][gc,phases   ] GC(13)   Other: 0.1ms
[4.538s][info][gc,heap     ] GC(13) Eden regions: 567->0(565)
[4.538s][info][gc,heap     ] GC(13) Survivor regions: 47->49(77)
[4.538s][info][gc,heap     ] GC(13) Old regions: 24->32
[4.538s][info][gc,heap     ] GC(13) Humongous regions: 13->11
[4.538s][info][gc,metaspace] GC(13) Metaspace: 1810K(2048K)->1810K(2048K) NonClass: 1663K(1792K)->1663K(1792K) Class: 146K(256K)->146K(256K)
[4.538s][info][gc          ] GC(13) Pause Young (Normal) (G1 Evacuation Pause) 1301M->182M(2048M) 49.905ms
[4.538s][info][gc,cpu      ] GC(13) User=0.45s Sys=0.02s Real=0.05s
[5.082s][info][gc,start    ] GC(14) Pause Young (Normal) (G1 Evacuation Pause)
[5.082s][info][gc,task     ] GC(14) Using 10 workers of 10 for evacuation
[5.147s][info][gc,phases   ] GC(14)   Pre Evacuate Collection Set: 0.2ms
[5.147s][info][gc,phases   ] GC(14)   Merge Heap Roots: 1.0ms
[5.147s][info][gc,phases   ] GC(14)   Evacuate Collection Set: 62.1ms
[5.147s][info][gc,phases   ] GC(14)   Post Evacuate Collection Set: 1.5ms
[5.147s][info][gc,phases   ] GC(14)   Other: 0.1ms
[5.147s][info][gc,heap     ] GC(14) Eden regions: 565->0(614)
[5.147s][info][gc,heap     ] GC(14) Survivor regions: 49->41(77)
[5.147s][info][gc,heap     ] GC(14) Old regions: 32->50
[5.147s][info][gc,heap     ] GC(14) Humongous regions: 20->20
[5.147s][info][gc,metaspace] GC(14) Metaspace: 1818K(2048K)->1818K(2048K) NonClass: 1671K(1792K)->1671K(1792K) Class: 146K(256K)->146K(256K)
[5.147s][info][gc          ] GC(14) Pause Young (Normal) (G1 Evacuation Pause) 1330M->220M(2186M) 65.191ms
[5.147s][info][gc,cpu      ] GC(14) User=0.61s Sys=0.03s Real=0.07s
[5.736s][info][gc,start    ] GC(15) Pause Young (Normal) (G1 Evacuation Pause)
[5.736s][info][gc,task     ] GC(15) Using 10 workers of 10 for evacuation
[5.789s][info][gc,phases   ] GC(15)   Pre Evacuate Collection Set: 0.2ms
[5.789s][info][gc,phases   ] GC(15)   Merge Heap Roots: 1.1ms
[5.789s][info][gc,phases   ] GC(15)   Evacuate Collection Set: 50.7ms
[5.789s][info][gc,phases   ] GC(15)   Post Evacuate Collection Set: 0.7ms
[5.789s][info][gc,phases   ] GC(15)   Other: 0.1ms
[5.789s][info][gc,heap     ] GC(15) Eden regions: 614->0(604)
[5.789s][info][gc,heap     ] GC(15) Survivor regions: 41->51(82)
[5.789s][info][gc,heap     ] GC(15) Old regions: 50->50
[5.789s][info][gc,heap     ] GC(15) Humongous regions: 25->20
[5.789s][info][gc,metaspace] GC(15) Metaspace: 1818K(2048K)->1818K(2048K) NonClass: 1671K(1792K)->1671K(1792K) Class: 146K(256K)->146K(256K)
[5.789s][info][gc          ] GC(15) Pause Young (Normal) (G1 Evacuation Pause) 1458M->240M(2186M) 53.162ms
[5.789s][info][gc,cpu      ] GC(15) User=0.44s Sys=0.03s Real=0.05s
[6.361s][info][gc,start    ] GC(16) Pause Young (Normal) (G1 Evacuation Pause)
[6.361s][info][gc,task     ] GC(16) Using 10 workers of 10 for evacuation
[6.420s][info][gc,phases   ] GC(16)   Pre Evacuate Collection Set: 0.2ms
[6.420s][info][gc,phases   ] GC(16)   Merge Heap Roots: 0.6ms
[6.420s][info][gc,phases   ] GC(16)   Evacuate Collection Set: 57.5ms
[6.420s][info][gc,phases   ] GC(16)   Post Evacuate Collection Set: 0.8ms
[6.420s][info][gc,phases   ] GC(16)   Other: 0.1ms
[6.420s][info][gc,heap     ] GC(16) Eden regions: 604->0(606)
[6.420s][info][gc,heap     ] GC(16) Survivor regions: 51->49(82)
[6.421s][info][gc,heap     ] GC(16) Old regions: 50->61
[6.421s][info][gc,heap     ] GC(16) Humongous regions: 24->20
[6.421s][info][gc,metaspace] GC(16) Metaspace: 1818K(2048K)->1818K(2048K) NonClass: 1671K(1792K)->1671K(1792K) Class: 146K(256K)->146K(256K)
[6.421s][info][gc          ] GC(16) Pause Young (Normal) (G1 Evacuation Pause) 1456M->257M(2186M) 59.502ms
[6.421s][info][gc,cpu      ] GC(16) User=0.61s Sys=0.02s Real=0.06s
[6.995s][info][gc,start    ] GC(17) Pause Young (Normal) (G1 Evacuation Pause)
[6.995s][info][gc,task     ] GC(17) Using 10 workers of 10 for evacuation
[7.053s][info][gc,phases   ] GC(17)   Pre Evacuate Collection Set: 0.2ms
[7.053s][info][gc,phases   ] GC(17)   Merge Heap Roots: 0.8ms
[7.053s][info][gc,phases   ] GC(17)   Evacuate Collection Set: 56.2ms
[7.053s][info][gc,phases   ] GC(17)   Post Evacuate Collection Set: 0.7ms
[7.053s][info][gc,phases   ] GC(17)   Other: 0.1ms
[7.053s][info][gc,heap     ] GC(17) Eden regions: 606->0(606)
[7.053s][info][gc,heap     ] GC(17) Survivor regions: 49->49(82)
[7.053s][info][gc,heap     ] GC(17) Old regions: 61->70
[7.053s][info][gc,heap     ] GC(17) Humongous regions: 24->20
[7.053s][info][gc,metaspace] GC(17) Metaspace: 1818K(2048K)->1818K(2048K) NonClass: 1671K(1792K)->1671K(1792K) Class: 146K(256K)->146K(256K)
[7.053s][info][gc          ] GC(17) Pause Young (Normal) (G1 Evacuation Pause) 1477M->275M(2186M) 58.376ms
[7.053s][info][gc,cpu      ] GC(17) User=0.61s Sys=0.02s Real=0.06s
[7.618s][info][gc,start    ] GC(18) Pause Young (Normal) (G1 Evacuation Pause)
[7.618s][info][gc,task     ] GC(18) Using 10 workers of 10 for evacuation
[7.677s][info][gc,phases   ] GC(18)   Pre Evacuate Collection Set: 0.2ms
[7.677s][info][gc,phases   ] GC(18)   Merge Heap Roots: 0.8ms
[7.677s][info][gc,phases   ] GC(18)   Evacuate Collection Set: 56.8ms
[7.677s][info][gc,phases   ] GC(18)   Post Evacuate Collection Set: 1.2ms
[7.677s][info][gc,phases   ] GC(18)   Other: 0.1ms
[7.677s][info][gc,heap     ] GC(18) Eden regions: 606->0(632)
[7.677s][info][gc,heap     ] GC(18) Survivor regions: 49->49(82)
[7.677s][info][gc,heap     ] GC(18) Old regions: 70->79
[7.677s][info][gc,heap     ] GC(18) Humongous regions: 20->20
[7.677s][info][gc,metaspace] GC(18) Metaspace: 1818K(2048K)->1818K(2048K) NonClass: 1672K(1792K)->1672K(1792K) Class: 146K(256K)->146K(256K)
[7.677s][info][gc          ] GC(18) Pause Young (Normal) (G1 Evacuation Pause) 1487M->295M(2270M) 59.426ms
[7.678s][info][gc,cpu      ] GC(18) User=0.62s Sys=0.00s Real=0.06s
[8.286s][info][gc,start    ] GC(19) Pause Young (Normal) (G1 Evacuation Pause)
[8.286s][info][gc,task     ] GC(19) Using 10 workers of 10 for evacuation
[8.348s][info][gc,phases   ] GC(19)   Pre Evacuate Collection Set: 0.2ms
[8.348s][info][gc,phases   ] GC(19)   Merge Heap Roots: 0.9ms
[8.348s][info][gc,phases   ] GC(19)   Evacuate Collection Set: 59.8ms
[8.348s][info][gc,phases   ] GC(19)   Post Evacuate Collection Set: 0.8ms
[8.348s][info][gc,phases   ] GC(19)   Other: 0.1ms
[8.348s][info][gc,heap     ] GC(19) Eden regions: 632->0(635)
[8.348s][info][gc,heap     ] GC(19) Survivor regions: 49->46(86)
[8.348s][info][gc,heap     ] GC(19) Old regions: 79->93
[8.348s][info][gc,heap     ] GC(19) Humongous regions: 25->20
[8.348s][info][gc,metaspace] GC(19) Metaspace: 1819K(2048K)->1819K(2048K) NonClass: 1672K(1792K)->1672K(1792K) Class: 146K(256K)->146K(256K)
[8.348s][info][gc          ] GC(19) Pause Young (Normal) (G1 Evacuation Pause) 1569M->315M(2270M) 62.138ms
[8.348s][info][gc,cpu      ] GC(19) User=0.62s Sys=0.00s Real=0.06s
[8.941s][info][gc,start    ] GC(20) Pause Young (Normal) (G1 Evacuation Pause)
[8.941s][info][gc,task     ] GC(20) Using 10 workers of 10 for evacuation
[8.993s][info][gc,phases   ] GC(20)   Pre Evacuate Collection Set: 0.2ms
[8.993s][info][gc,phases   ] GC(20)   Merge Heap Roots: 1.3ms
[8.993s][info][gc,phases   ] GC(20)   Evacuate Collection Set: 49.8ms
[8.993s][info][gc,phases   ] GC(20)   Post Evacuate Collection Set: 0.8ms
[8.993s][info][gc,phases   ] GC(20)   Other: 0.1ms
[8.993s][info][gc,heap     ] GC(20) Eden regions: 635->0(636)
[8.993s][info][gc,heap     ] GC(20) Survivor regions: 46->45(86)
[8.993s][info][gc,heap     ] GC(20) Old regions: 93->102
[8.994s][info][gc,heap     ] GC(20) Humongous regions: 20->20
[8.994s][info][gc,metaspace] GC(20) Metaspace: 1819K(2048K)->1819K(2048K) NonClass: 1672K(1792K)->1672K(1792K) Class: 146K(256K)->146K(256K)
[8.994s][info][gc          ] GC(20) Pause Young (Normal) (G1 Evacuation Pause) 1585M->334M(2270M) 52.459ms
[8.994s][info][gc,cpu      ] GC(20) User=0.45s Sys=0.02s Real=0.05s
[9.594s][info][gc,start    ] GC(21) Pause Young (Normal) (G1 Evacuation Pause)
[9.594s][info][gc,task     ] GC(21) Using 10 workers of 10 for evacuation
[9.647s][info][gc,phases   ] GC(21)   Pre Evacuate Collection Set: 0.2ms
[9.647s][info][gc,phases   ] GC(21)   Merge Heap Roots: 1.0ms
[9.647s][info][gc,phases   ] GC(21)   Evacuate Collection Set: 50.3ms
[9.647s][info][gc,phases   ] GC(21)   Post Evacuate Collection Set: 0.8ms
[9.647s][info][gc,phases   ] GC(21)   Other: 0.1ms
[9.647s][info][gc,heap     ] GC(21) Eden regions: 636->0(636)
[9.647s][info][gc,heap     ] GC(21) Survivor regions: 45->45(86)
[9.647s][info][gc,heap     ] GC(21) Old regions: 102->112
[9.647s][info][gc,heap     ] GC(21) Humongous regions: 20->20
[9.647s][info][gc,metaspace] GC(21) Metaspace: 1819K(2048K)->1819K(2048K) NonClass: 1672K(1792K)->1672K(1792K) Class: 146K(256K)->146K(256K)
[9.647s][info][gc          ] GC(21) Pause Young (Normal) (G1 Evacuation Pause) 1606M->351M(2270M) 52.689ms
[9.647s][info][gc,cpu      ] GC(21) User=0.47s Sys=0.00s Real=0.05s
[10.246s][info][gc,start    ] GC(22) Pause Young (Normal) (G1 Evacuation Pause)
[10.246s][info][gc,task     ] GC(22) Using 10 workers of 10 for evacuation
[10.301s][info][gc,phases   ] GC(22)   Pre Evacuate Collection Set: 0.2ms
[10.301s][info][gc,phases   ] GC(22)   Merge Heap Roots: 1.0ms
[10.301s][info][gc,phases   ] GC(22)   Evacuate Collection Set: 52.7ms
[10.301s][info][gc,phases   ] GC(22)   Post Evacuate Collection Set: 1.2ms
[10.301s][info][gc,phases   ] GC(22)   Other: 0.1ms
[10.301s][info][gc,heap     ] GC(22) Eden regions: 636->0(650)
[10.301s][info][gc,heap     ] GC(22) Survivor regions: 45->53(86)
[10.301s][info][gc,heap     ] GC(22) Old regions: 112->112
[10.301s][info][gc,heap     ] GC(22) Humongous regions: 23->20
[10.301s][info][gc,metaspace] GC(22) Metaspace: 1819K(2048K)->1819K(2048K) NonClass: 1673K(1792K)->1673K(1792K) Class: 146K(256K)->146K(256K)
[10.301s][info][gc          ] GC(22) Pause Young (Normal) (G1 Evacuation Pause) 1629M->368M(2344M) 55.504ms
[10.301s][info][gc,cpu      ] GC(22) User=0.47s Sys=0.00s Real=0.06s
[10.917s][info][gc,start    ] GC(23) Pause Young (Normal) (G1 Evacuation Pause)
[10.917s][info][gc,task     ] GC(23) Using 10 workers of 10 for evacuation
[10.980s][info][gc,phases   ] GC(23)   Pre Evacuate Collection Set: 0.2ms
[10.980s][info][gc,phases   ] GC(23)   Merge Heap Roots: 0.9ms
[10.980s][info][gc,phases   ] GC(23)   Evacuate Collection Set: 60.5ms
[10.980s][info][gc,phases   ] GC(23)   Post Evacuate Collection Set: 0.8ms
[10.980s][info][gc,phases   ] GC(23)   Other: 0.1ms
[10.980s][info][gc,heap     ] GC(23) Eden regions: 650->0(649)
[10.980s][info][gc,heap     ] GC(23) Survivor regions: 53->54(88)
[10.980s][info][gc,heap     ] GC(23) Old regions: 112->120
[10.980s][info][gc,heap     ] GC(23) Humongous regions: 23->20
[10.980s][info][gc,metaspace] GC(23) Metaspace: 1819K(2048K)->1819K(2048K) NonClass: 1673K(1792K)->1673K(1792K) Class: 146K(256K)->146K(256K)
[10.980s][info][gc          ] GC(23) Pause Young (Normal) (G1 Evacuation Pause) 1674M->386M(2344M) 62.879ms
[10.980s][info][gc,cpu      ] GC(23) User=0.62s Sys=0.00s Real=0.06s
[11.618s][info][gc,start    ] GC(24) Pause Young (Normal) (G1 Evacuation Pause)
[11.618s][info][gc,task     ] GC(24) Using 10 workers of 10 for evacuation
[11.704s][info][gc,phases   ] GC(24)   Pre Evacuate Collection Set: 0.2ms
[11.704s][info][gc,phases   ] GC(24)   Merge Heap Roots: 1.2ms
[11.704s][info][gc,phases   ] GC(24)   Evacuate Collection Set: 83.7ms
[11.704s][info][gc,phases   ] GC(24)   Post Evacuate Collection Set: 0.9ms
[11.704s][info][gc,phases   ] GC(24)   Other: 0.1ms
[11.704s][info][gc,heap     ] GC(24) Eden regions: 649->0(643)
[11.705s][info][gc,heap     ] GC(24) Survivor regions: 54->60(88)
[11.705s][info][gc,heap     ] GC(24) Old regions: 120->130
[11.705s][info][gc,heap     ] GC(24) Humongous regions: 38->37
[11.705s][info][gc,metaspace] GC(24) Metaspace: 1819K(2048K)->1819K(2048K) NonClass: 1673K(1792K)->1673K(1792K) Class: 146K(256K)->146K(256K)
[11.705s][info][gc          ] GC(24) Pause Young (Normal) (G1 Evacuation Pause) 1720M->452M(2344M) 86.533ms
[11.705s][info][gc,cpu      ] GC(24) User=0.91s Sys=0.03s Real=0.09s
[12.318s][info][gc,start    ] GC(25) Pause Young (Normal) (G1 Evacuation Pause)
[12.318s][info][gc,task     ] GC(25) Using 10 workers of 10 for evacuation
[12.406s][info][gc,phases   ] GC(25)   Pre Evacuate Collection Set: 0.2ms
[12.406s][info][gc,phases   ] GC(25)   Merge Heap Roots: 1.2ms
[12.406s][info][gc,phases   ] GC(25)   Evacuate Collection Set: 85.0ms
[12.406s][info][gc,phases   ] GC(25)   Post Evacuate Collection Set: 1.0ms
[12.406s][info][gc,phases   ] GC(25)   Other: 0.1ms
[12.406s][info][gc,heap     ] GC(25) Eden regions: 643->0(651)
[12.406s][info][gc,heap     ] GC(25) Survivor regions: 60->52(88)
[12.406s][info][gc,heap     ] GC(25) Old regions: 130->148
[12.406s][info][gc,heap     ] GC(25) Humongous regions: 38->37
[12.406s][info][gc,metaspace] GC(25) Metaspace: 1819K(2048K)->1819K(2048K) NonClass: 1673K(1792K)->1673K(1792K) Class: 146K(256K)->146K(256K)
[12.406s][info][gc          ] GC(25) Pause Young (Normal) (G1 Evacuation Pause) 1740M->471M(2344M) 87.786ms
[12.406s][info][gc,cpu      ] GC(25) User=0.89s Sys=0.05s Real=0.09s
[13.025s][info][gc,start    ] GC(26) Pause Young (Normal) (G1 Evacuation Pause)
[13.025s][info][gc,task     ] GC(26) Using 10 workers of 10 for evacuation
[13.102s][info][gc,phases   ] GC(26)   Pre Evacuate Collection Set: 0.2ms
[13.102s][info][gc,phases   ] GC(26)   Merge Heap Roots: 1.1ms
[13.102s][info][gc,phases   ] GC(26)   Evacuate Collection Set: 74.3ms
[13.102s][info][gc,phases   ] GC(26)   Post Evacuate Collection Set: 1.6ms
[13.102s][info][gc,phases   ] GC(26)   Other: 0.1ms
[13.102s][info][gc,heap     ] GC(26) Eden regions: 651->0(691)
[13.102s][info][gc,heap     ] GC(26) Survivor regions: 52->51(88)
[13.102s][info][gc,heap     ] GC(26) Old regions: 148->157
[13.102s][info][gc,heap     ] GC(26) Humongous regions: 39->37
[13.102s][info][gc,metaspace] GC(26) Metaspace: 1819K(2048K)->1819K(2048K) NonClass: 1673K(1792K)->1673K(1792K) Class: 146K(256K)->146K(256K)
[13.102s][info][gc          ] GC(26) Pause Young (Normal) (G1 Evacuation Pause) 1777M->487M(2474M) 77.640ms
[13.102s][info][gc,cpu      ] GC(26) User=0.78s Sys=0.00s Real=0.08s
[13.769s][info][gc,start    ] GC(27) Pause Young (Normal) (G1 Evacuation Pause)
[13.769s][info][gc,task     ] GC(27) Using 10 workers of 10 for evacuation
[13.846s][info][gc,phases   ] GC(27)   Pre Evacuate Collection Set: 0.2ms
[13.846s][info][gc,phases   ] GC(27)   Merge Heap Roots: 1.0ms
[13.846s][info][gc,phases   ] GC(27)   Evacuate Collection Set: 74.3ms
[13.846s][info][gc,phases   ] GC(27)   Post Evacuate Collection Set: 0.9ms
[13.846s][info][gc,phases   ] GC(27)   Other: 0.1ms
[13.846s][info][gc,heap     ] GC(27) Eden regions: 691->0(691)
[13.846s][info][gc,heap     ] GC(27) Survivor regions: 51->51(93)
[13.846s][info][gc,heap     ] GC(27) Old regions: 157->166
[13.846s][info][gc,heap     ] GC(27) Humongous regions: 41->37
[13.846s][info][gc,metaspace] GC(27) Metaspace: 1819K(2048K)->1819K(2048K) NonClass: 1673K(1792K)->1673K(1792K) Class: 146K(256K)->146K(256K)
[13.846s][info][gc          ] GC(27) Pause Young (Normal) (G1 Evacuation Pause) 1877M->506M(2474M) 76.745ms
[13.846s][info][gc,cpu      ] GC(27) User=0.78s Sys=0.00s Real=0.08s
[14.659s][info][gc,start    ] GC(28) Pause Young (Normal) (G1 Evacuation Pause)
[14.659s][info][gc,task     ] GC(28) Using 10 workers of 10 for evacuation
[14.777s][info][gc,phases   ] GC(28)   Pre Evacuate Collection Set: 0.3ms
[14.777s][info][gc,phases   ] GC(28)   Merge Heap Roots: 1.0ms
[14.778s][info][gc,phases   ] GC(28)   Evacuate Collection Set: 116.5ms
[14.778s][info][gc,phases   ] GC(28)   Post Evacuate Collection Set: 1.1ms
[14.778s][info][gc,phases   ] GC(28)   Other: 0.1ms
[14.778s][info][gc,heap     ] GC(28) Eden regions: 691->0(668)
[14.778s][info][gc,heap     ] GC(28) Survivor regions: 51->74(93)
[14.778s][info][gc,heap     ] GC(28) Old regions: 166->175
[14.778s][info][gc,heap     ] GC(28) Humongous regions: 56->55
[14.778s][info][gc,metaspace] GC(28) Metaspace: 1983K(2176K)->1983K(2176K) NonClass: 1810K(1920K)->1810K(1920K) Class: 173K(256K)->173K(256K)
[14.778s][info][gc          ] GC(28) Pause Young (Normal) (G1 Evacuation Pause) 1926M->606M(2474M) 119.142ms
[14.778s][info][gc,cpu      ] GC(28) User=1.09s Sys=0.00s Real=0.12s
[15.488s][info][gc,heap,exit] Heap
[15.488s][info][gc,heap,exit]  garbage-first heap   total 2533376K, used 695834K [0x0000000700000000, 0x0000000800000000)
[15.488s][info][gc,heap,exit]   region size 2048K, 97 young (198656K), 74 survivors (151552K)
[15.488s][info][gc,heap,exit]  Metaspace       used 2064K, committed 2240K, reserved 1114112K
[15.488s][info][gc,heap,exit]   class space    used 181K, committed 320K, reserved 1048576K
