[0.010s][info][gc,init] CardTable entry size: 512
[0.010s][info][gc     ] Using G1
[0.020s][info][gc,init] Version: 21.0.5+9-LTS-239 (release)
[0.020s][info][gc,init] CPUs: 12 total, 12 available
[0.020s][info][gc,init] Memory: 16190M
[0.020s][info][gc,init] Large Page Support: Disabled
[0.020s][info][gc,init] NUMA Support: Disabled
[0.020s][info][gc,init] Compressed Oops: Enabled (Zero based)
[0.020s][info][gc,init] Heap Region Size: 2M
[0.020s][info][gc,init] Heap Min Capacity: 2G
[0.021s][info][gc,init] Heap Initial Capacity: 2G
[0.021s][info][gc,init] Heap Max Capacity: 4G
[0.021s][info][gc,init] Pre-touch: Disabled
[0.021s][info][gc,init] Parallel Workers: 10
[0.021s][info][gc,init] Concurrent Workers: 3
[0.021s][info][gc,init] Concurrent Refinement Workers: 10
[0.021s][info][gc,init] Periodic GC: Disabled
[0.030s][info][gc,metaspace] CDS archive(s) mapped at: [0x0000018b21000000-0x0000018b21c90000-0x0000018b21c90000), size 13172736, SharedBaseAddress: 0x0000018b21000000, ArchiveRelocationMode: 1.
[0.030s][info][gc,metaspace] Compressed class space mapped at: 0x0000018b22000000-0x0000018b62000000, reserved size: 1073741824
[0.030s][info][gc,metaspace] Narrow klass base: 0x0000018b21000000, Narrow klass shift: 0, Narrow klass range: 0x100000000
[0.398s][info][gc,start    ] GC(0) Pause Young (Normal) (G1 Evacuation Pause)
[0.400s][info][gc,task     ] GC(0) Using 10 workers of 10 for evacuation
[0.407s][info][gc,phases   ] GC(0)   Pre Evacuate Collection Set: 0.2ms
[0.407s][info][gc,phases   ] GC(0)   Merge Heap Roots: 0.1ms
[0.407s][info][gc,phases   ] GC(0)   Evacuate Collection Set: 6.0ms
[0.407s][info][gc,phases   ] GC(0)   Post Evacuate Collection Set: 0.5ms
[0.407s][info][gc,phases   ] GC(0)   Other: 1.8ms
[0.407s][info][gc,heap     ] GC(0) Eden regions: 51->0(51)
[0.407s][info][gc,heap     ] GC(0) Survivor regions: 0->4(7)
[0.407s][info][gc,heap     ] GC(0) Old regions: 0->0
[0.407s][info][gc,heap     ] GC(0) Humongous regions: 0->0
[0.407s][info][gc,metaspace] GC(0) Metaspace: 1706K(1856K)->1706K(1856K) NonClass: 1559K(1600K)->1559K(1600K) Class: 146K(256K)->146K(256K)
[0.407s][info][gc          ] GC(0) Pause Young (Normal) (G1 Evacuation Pause) 102M->7M(2048M) 9.058ms
[0.407s][info][gc,cpu      ] GC(0) User=0.00s Sys=0.00s Real=0.01s
[0.608s][info][gc,start    ] GC(1) Pause Young (Normal) (G1 Evacuation Pause)
[0.608s][info][gc,task     ] GC(1) Using 10 workers of 10 for evacuation
[0.615s][info][gc,phases   ] GC(1)   Pre Evacuate Collection Set: 0.2ms
[0.615s][info][gc,phases   ] GC(1)   Merge Heap Roots: 0.1ms
[0.615s][info][gc,phases   ] GC(1)   Evacuate Collection Set: 6.6ms
[0.615s][info][gc,phases   ] GC(1)   Post Evacuate Collection Set: 0.5ms
[0.615s][info][gc,phases   ] GC(1)   Other: 0.1ms
[0.615s][info][gc,heap     ] GC(1) Eden regions: 51->0(60)
[0.615s][info][gc,heap     ] GC(1) Survivor regions: 4->7(7)
[0.615s][info][gc,heap     ] GC(1) Old regions: 0->0
[0.615s][info][gc,heap     ] GC(1) Humongous regions: 0->0
[0.615s][info][gc,metaspace] GC(1) Metaspace: 1725K(1920K)->1725K(1920K) NonClass: 1578K(1664K)->1578K(1664K) Class: 146K(256K)->146K(256K)
[0.615s][info][gc          ] GC(1) Pause Young (Normal) (G1 Evacuation Pause) 109M->12M(2048M) 7.704ms
[0.615s][info][gc,cpu      ] GC(1) User=0.06s Sys=0.11s Real=0.01s
[0.776s][info][gc,start    ] GC(2) Pause Young (Normal) (G1 Evacuation Pause)
[0.776s][info][gc,task     ] GC(2) Using 10 workers of 10 for evacuation
[0.785s][info][gc,phases   ] GC(2)   Pre Evacuate Collection Set: 0.2ms
[0.785s][info][gc,phases   ] GC(2)   Merge Heap Roots: 0.1ms
[0.785s][info][gc,phases   ] GC(2)   Evacuate Collection Set: 7.8ms
[0.785s][info][gc,phases   ] GC(2)   Post Evacuate Collection Set: 0.4ms
[0.785s][info][gc,phases   ] GC(2)   Other: 0.4ms
[0.785s][info][gc,heap     ] GC(2) Eden regions: 60->0(166)
[0.785s][info][gc,heap     ] GC(2) Survivor regions: 7->6(9)
[0.785s][info][gc,heap     ] GC(2) Old regions: 0->3
[0.785s][info][gc,heap     ] GC(2) Humongous regions: 2->1
[0.785s][info][gc,metaspace] GC(2) Metaspace: 1750K(1984K)->1750K(1984K) NonClass: 1603K(1728K)->1603K(1728K) Class: 146K(256K)->146K(256K)
[0.785s][info][gc          ] GC(2) Pause Young (Normal) (G1 Evacuation Pause) 136M->17M(2048M) 9.309ms
[0.785s][info][gc,cpu      ] GC(2) User=0.12s Sys=0.05s Real=0.01s
[1.134s][info][gc,heap,exit] Heap
[1.134s][info][gc,heap,exit]  garbage-first heap   total 2097152K, used 321101K [0x0000000700000000, 0x0000000800000000)
[1.134s][info][gc,heap,exit]   region size 2048K, 152 young (311296K), 6 survivors (12288K)
[1.134s][info][gc,heap,exit]  Metaspace       used 2016K, committed 2240K, reserved 1114112K
[1.134s][info][gc,heap,exit]   class space    used 181K, committed 320K, reserved 1048576K
