[0.010s][info][gc,init] CardTable entry size: 512
[0.011s][info][gc     ] Using G1
[0.020s][info][gc,init] Version: 21.0.5+9-LTS-239 (release)
[0.020s][info][gc,init] CPUs: 12 total, 12 available
[0.020s][info][gc,init] Memory: 16190M
[0.020s][info][gc,init] Large Page Support: Disabled
[0.020s][info][gc,init] NUMA Support: Disabled
[0.020s][info][gc,init] Compressed Oops: Enabled (Zero based)
[0.020s][info][gc,init] Heap Region Size: 2M
[0.020s][info][gc,init] Heap Min Capacity: 2G
[0.020s][info][gc,init] Heap Initial Capacity: 2G
[0.020s][info][gc,init] Heap Max Capacity: 4G
[0.020s][info][gc,init] Pre-touch: Disabled
[0.020s][info][gc,init] Parallel Workers: 10
[0.020s][info][gc,init] Concurrent Workers: 3
[0.020s][info][gc,init] Concurrent Refinement Workers: 10
[0.020s][info][gc,init] Periodic GC: Disabled
[0.029s][info][gc,metaspace] CDS archive(s) mapped at: [0x000002b41e000000-0x000002b41ec90000-0x000002b41ec90000), size 13172736, SharedBaseAddress: 0x000002b41e000000, ArchiveRelocationMode: 1.
[0.029s][info][gc,metaspace] Compressed class space mapped at: 0x000002b41f000000-0x000002b45f000000, reserved size: 1073741824
[0.029s][info][gc,metaspace] Narrow klass base: 0x000002b41e000000, Narrow klass shift: 0, Narrow klass range: 0x100000000
[0.387s][info][gc,start    ] GC(0) Pause Young (Normal) (G1 Evacuation Pause)
[0.388s][info][gc,task     ] GC(0) Using 10 workers of 10 for evacuation
[0.393s][info][gc,phases   ] GC(0)   Pre Evacuate Collection Set: 0.2ms
[0.393s][info][gc,phases   ] GC(0)   Merge Heap Roots: 0.1ms
[0.393s][info][gc,phases   ] GC(0)   Evacuate Collection Set: 4.4ms
[0.393s][info][gc,phases   ] GC(0)   Post Evacuate Collection Set: 0.4ms
[0.393s][info][gc,phases   ] GC(0)   Other: 0.9ms
[0.393s][info][gc,heap     ] GC(0) Eden regions: 51->0(50)
[0.393s][info][gc,heap     ] GC(0) Survivor regions: 0->5(7)
[0.393s][info][gc,heap     ] GC(0) Old regions: 0->0
[0.393s][info][gc,heap     ] GC(0) Humongous regions: 0->0
[0.393s][info][gc,metaspace] GC(0) Metaspace: 1689K(1792K)->1689K(1792K) NonClass: 1548K(1600K)->1548K(1600K) Class: 141K(192K)->141K(192K)
[0.393s][info][gc          ] GC(0) Pause Young (Normal) (G1 Evacuation Pause) 102M->8M(2048M) 6.476ms
[0.393s][info][gc,cpu      ] GC(0) User=0.05s Sys=0.11s Real=0.01s
[0.563s][info][gc,start    ] GC(1) Pause Young (Normal) (G1 Evacuation Pause)
[0.563s][info][gc,task     ] GC(1) Using 10 workers of 10 for evacuation
[0.570s][info][gc,phases   ] GC(1)   Pre Evacuate Collection Set: 0.2ms
[0.570s][info][gc,phases   ] GC(1)   Merge Heap Roots: 0.1ms
[0.570s][info][gc,phases   ] GC(1)   Evacuate Collection Set: 6.0ms
[0.570s][info][gc,phases   ] GC(1)   Post Evacuate Collection Set: 0.4ms
[0.570s][info][gc,phases   ] GC(1)   Other: 0.1ms
[0.570s][info][gc,heap     ] GC(1) Eden regions: 50->0(61)
[0.570s][info][gc,heap     ] GC(1) Survivor regions: 5->3(7)
[0.570s][info][gc,heap     ] GC(1) Old regions: 0->4
[0.570s][info][gc,heap     ] GC(1) Humongous regions: 0->0
[0.570s][info][gc,metaspace] GC(1) Metaspace: 1709K(1792K)->1709K(1792K) NonClass: 1568K(1600K)->1568K(1600K) Class: 141K(192K)->141K(192K)
[0.570s][info][gc          ] GC(1) Pause Young (Normal) (G1 Evacuation Pause) 108M->12M(2048M) 7.003ms
[0.570s][info][gc,cpu      ] GC(1) User=0.06s Sys=0.12s Real=0.01s
[0.745s][info][gc,start    ] GC(2) Pause Young (Normal) (G1 Evacuation Pause)
[0.745s][info][gc,task     ] GC(2) Using 10 workers of 10 for evacuation
[0.753s][info][gc,phases   ] GC(2)   Pre Evacuate Collection Set: 0.2ms
[0.753s][info][gc,phases   ] GC(2)   Merge Heap Roots: 0.2ms
[0.753s][info][gc,phases   ] GC(2)   Evacuate Collection Set: 7.5ms
[0.753s][info][gc,phases   ] GC(2)   Post Evacuate Collection Set: 0.4ms
[0.753s][info][gc,phases   ] GC(2)   Other: 0.1ms
[0.753s][info][gc,heap     ] GC(2) Eden regions: 61->0(66)
[0.753s][info][gc,heap     ] GC(2) Survivor regions: 3->7(8)
[0.753s][info][gc,heap     ] GC(2) Old regions: 4->4
[0.753s][info][gc,heap     ] GC(2) Humongous regions: 2->1
[0.753s][info][gc,metaspace] GC(2) Metaspace: 1719K(1792K)->1719K(1792K) NonClass: 1578K(1600K)->1578K(1600K) Class: 141K(192K)->141K(192K)
[0.754s][info][gc          ] GC(2) Pause Young (Normal) (G1 Evacuation Pause) 138M->23M(2048M) 8.715ms
[0.754s][info][gc,cpu      ] GC(2) User=0.14s Sys=0.05s Real=0.01s
[0.855s][info][gc,start    ] GC(3) Pause Young (Normal) (G1 Evacuation Pause)
[0.855s][info][gc,task     ] GC(3) Using 10 workers of 10 for evacuation
[0.863s][info][gc,phases   ] GC(3)   Pre Evacuate Collection Set: 0.2ms
[0.863s][info][gc,phases   ] GC(3)   Merge Heap Roots: 0.1ms
[0.863s][info][gc,phases   ] GC(3)   Evacuate Collection Set: 7.6ms
[0.863s][info][gc,phases   ] GC(3)   Post Evacuate Collection Set: 0.3ms
[0.864s][info][gc,phases   ] GC(3)   Other: 0.1ms
[0.864s][info][gc,heap     ] GC(3) Eden regions: 60->0(142)
[0.864s][info][gc,heap     ] GC(3) Survivor regions: 7->6(9)
[0.864s][info][gc,heap     ] GC(3) Old regions: 4->8
[0.864s][info][gc,heap     ] GC(3) Humongous regions: 1->1
[0.864s][info][gc,metaspace] GC(3) Metaspace: 1733K(1856K)->1733K(1856K) NonClass: 1592K(1664K)->1592K(1664K) Class: 141K(192K)->141K(192K)
[0.864s][info][gc          ] GC(3) Pause Young (Normal) (G1 Evacuation Pause) 143M->27M(2048M) 8.663ms
[0.864s][info][gc,cpu      ] GC(3) User=0.09s Sys=0.06s Real=0.01s
[0.992s][info][gc,start    ] GC(4) Pause Young (Normal) (G1 Evacuation Pause)
[0.993s][info][gc,task     ] GC(4) Using 10 workers of 10 for evacuation
[1.000s][info][gc,phases   ] GC(4)   Pre Evacuate Collection Set: 0.2ms
[1.000s][info][gc,phases   ] GC(4)   Merge Heap Roots: 0.2ms
[1.000s][info][gc,phases   ] GC(4)   Evacuate Collection Set: 7.0ms
[1.000s][info][gc,phases   ] GC(4)   Post Evacuate Collection Set: 0.4ms
[1.000s][info][gc,phases   ] GC(4)   Other: 0.1ms
[1.000s][info][gc,heap     ] GC(4) Eden regions: 63->0(298)
[1.000s][info][gc,heap     ] GC(4) Survivor regions: 6->5(9)
[1.001s][info][gc,heap     ] GC(4) Old regions: 8->10
[1.001s][info][gc,heap     ] GC(4) Humongous regions: 3->3
[1.001s][info][gc,metaspace] GC(4) Metaspace: 1763K(1920K)->1763K(1920K) NonClass: 1617K(1664K)->1617K(1664K) Class: 146K(256K)->146K(256K)
[1.001s][info][gc          ] GC(4) Pause Young (Normal) (G1 Evacuation Pause) 157M->33M(2048M) 8.100ms
[1.001s][info][gc,cpu      ] GC(4) User=0.00s Sys=0.00s Real=0.01s
[1.151s][info][gc,heap,exit] Heap
[1.151s][info][gc,heap,exit]  garbage-first heap   total 2097152K, used 73717K [0x0000000700000000, 0x0000000800000000)
[1.151s][info][gc,heap,exit]   region size 2048K, 24 young (49152K), 5 survivors (10240K)
[1.151s][info][gc,heap,exit]  Metaspace       used 1977K, committed 2112K, reserved 1114112K
[1.151s][info][gc,heap,exit]   class space    used 175K, committed 256K, reserved 1048576K
