[0.010s][info][gc,init] CardTable entry size: 512
[0.010s][info][gc     ] Using G1
[0.018s][info][gc,init] Version: 21.0.5+9-LTS-239 (release)
[0.019s][info][gc,init] CPUs: 12 total, 12 available
[0.019s][info][gc,init] Memory: 16190M
[0.019s][info][gc,init] Large Page Support: Disabled
[0.019s][info][gc,init] NUMA Support: Disabled
[0.019s][info][gc,init] Compressed Oops: Enabled (Zero based)
[0.019s][info][gc,init] Heap Region Size: 2M
[0.019s][info][gc,init] Heap Min Capacity: 2G
[0.019s][info][gc,init] Heap Initial Capacity: 2G
[0.019s][info][gc,init] Heap Max Capacity: 4G
[0.019s][info][gc,init] Pre-touch: Disabled
[0.019s][info][gc,init] Parallel Workers: 10
[0.019s][info][gc,init] Concurrent Workers: 3
[0.019s][info][gc,init] Concurrent Refinement Workers: 10
[0.019s][info][gc,init] Periodic GC: Disabled
[0.027s][info][gc,metaspace] CDS archive(s) mapped at: [0x000001c680000000-0x000001c680c90000-0x000001c680c90000), size 13172736, SharedBaseAddress: 0x000001c680000000, ArchiveRelocationMode: 1.
[0.027s][info][gc,metaspace] Compressed class space mapped at: 0x000001c681000000-0x000001c6c1000000, reserved size: 1073741824
[0.027s][info][gc,metaspace] Narrow klass base: 0x000001c680000000, Narrow klass shift: 0, Narrow klass range: 0x100000000
[0.424s][info][gc,start    ] GC(0) Pause Young (Normal) (G1 Evacuation Pause)
[0.425s][info][gc,task     ] GC(0) Using 10 workers of 10 for evacuation
[0.430s][info][gc,phases   ] GC(0)   Pre Evacuate Collection Set: 0.2ms
[0.430s][info][gc,phases   ] GC(0)   Merge Heap Roots: 0.1ms
[0.430s][info][gc,phases   ] GC(0)   Evacuate Collection Set: 4.5ms
[0.430s][info][gc,phases   ] GC(0)   Post Evacuate Collection Set: 0.4ms
[0.430s][info][gc,phases   ] GC(0)   Other: 0.9ms
[0.430s][info][gc,heap     ] GC(0) Eden regions: 51->0(47)
[0.430s][info][gc,heap     ] GC(0) Survivor regions: 0->5(7)
[0.430s][info][gc,heap     ] GC(0) Old regions: 0->0
[0.430s][info][gc,heap     ] GC(0) Humongous regions: 0->0
[0.430s][info][gc,metaspace] GC(0) Metaspace: 1702K(1792K)->1702K(1792K) NonClass: 1559K(1600K)->1559K(1600K) Class: 143K(192K)->143K(192K)
[0.430s][info][gc          ] GC(0) Pause Young (Normal) (G1 Evacuation Pause) 102M->9M(2048M) 6.422ms
[0.430s][info][gc,cpu      ] GC(0) User=0.00s Sys=0.00s Real=0.01s
[0.556s][info][gc,start    ] GC(1) Pause Young (Normal) (G1 Evacuation Pause)
[0.557s][info][gc,task     ] GC(1) Using 10 workers of 10 for evacuation
[0.562s][info][gc,phases   ] GC(1)   Pre Evacuate Collection Set: 0.2ms
[0.562s][info][gc,phases   ] GC(1)   Merge Heap Roots: 0.1ms
[0.562s][info][gc,phases   ] GC(1)   Evacuate Collection Set: 4.8ms
[0.562s][info][gc,phases   ] GC(1)   Post Evacuate Collection Set: 0.3ms
[0.562s][info][gc,phases   ] GC(1)   Other: 0.1ms
[0.562s][info][gc,heap     ] GC(1) Eden regions: 47->0(59)
[0.562s][info][gc,heap     ] GC(1) Survivor regions: 5->3(7)
[0.562s][info][gc,heap     ] GC(1) Old regions: 0->4
[0.562s][info][gc,heap     ] GC(1) Humongous regions: 0->0
[0.562s][info][gc,metaspace] GC(1) Metaspace: 1712K(1792K)->1712K(1792K) NonClass: 1569K(1600K)->1569K(1600K) Class: 143K(192K)->143K(192K)
[0.562s][info][gc          ] GC(1) Pause Young (Normal) (G1 Evacuation Pause) 103M->11M(2048M) 5.860ms
[0.562s][info][gc,cpu      ] GC(1) User=0.16s Sys=0.00s Real=0.01s
[0.681s][info][gc,start    ] GC(2) Pause Young (Normal) (G1 Evacuation Pause)
[0.682s][info][gc,task     ] GC(2) Using 10 workers of 10 for evacuation
[0.689s][info][gc,phases   ] GC(2)   Pre Evacuate Collection Set: 0.2ms
[0.689s][info][gc,phases   ] GC(2)   Merge Heap Roots: 0.2ms
[0.689s][info][gc,phases   ] GC(2)   Evacuate Collection Set: 7.1ms
[0.689s][info][gc,phases   ] GC(2)   Post Evacuate Collection Set: 0.3ms
[0.689s][info][gc,phases   ] GC(2)   Other: 0.1ms
[0.689s][info][gc,heap     ] GC(2) Eden regions: 59->0(69)
[0.689s][info][gc,heap     ] GC(2) Survivor regions: 3->7(8)
[0.689s][info][gc,heap     ] GC(2) Old regions: 4->4
[0.690s][info][gc,heap     ] GC(2) Humongous regions: 2->1
[0.690s][info][gc,metaspace] GC(2) Metaspace: 1726K(1792K)->1726K(1792K) NonClass: 1583K(1600K)->1583K(1600K) Class: 143K(192K)->143K(192K)
[0.690s][info][gc          ] GC(2) Pause Young (Normal) (G1 Evacuation Pause) 133M->22M(2048M) 8.204ms
[0.690s][info][gc,cpu      ] GC(2) User=0.09s Sys=0.09s Real=0.01s
[0.771s][info][gc,start    ] GC(3) Pause Young (Normal) (G1 Evacuation Pause)
[0.771s][info][gc,task     ] GC(3) Using 10 workers of 10 for evacuation
[0.779s][info][gc,phases   ] GC(3)   Pre Evacuate Collection Set: 0.2ms
[0.779s][info][gc,phases   ] GC(3)   Merge Heap Roots: 0.1ms
[0.779s][info][gc,phases   ] GC(3)   Evacuate Collection Set: 7.1ms
[0.779s][info][gc,phases   ] GC(3)   Post Evacuate Collection Set: 0.3ms
[0.779s][info][gc,phases   ] GC(3)   Other: 0.1ms
[0.779s][info][gc,heap     ] GC(3) Eden regions: 60->0(124)
[0.779s][info][gc,heap     ] GC(3) Survivor regions: 7->5(9)
[0.779s][info][gc,heap     ] GC(3) Old regions: 4->6
[0.779s][info][gc,heap     ] GC(3) Humongous regions: 1->1
[0.779s][info][gc,metaspace] GC(3) Metaspace: 1744K(1856K)->1744K(1856K) NonClass: 1600K(1664K)->1600K(1664K) Class: 143K(192K)->143K(192K)
[0.779s][info][gc          ] GC(3) Pause Young (Normal) (G1 Evacuation Pause) 142M->21M(2048M) 8.061ms
[0.779s][info][gc,cpu      ] GC(3) User=0.00s Sys=0.00s Real=0.01s
[0.885s][info][gc,start    ] GC(4) Pause Young (Normal) (G1 Evacuation Pause)
[0.885s][info][gc,task     ] GC(4) Using 10 workers of 10 for evacuation
[0.896s][info][gc,phases   ] GC(4)   Pre Evacuate Collection Set: 0.2ms
[0.896s][info][gc,phases   ] GC(4)   Merge Heap Roots: 0.2ms
[0.896s][info][gc,phases   ] GC(4)   Evacuate Collection Set: 10.1ms
[0.896s][info][gc,phases   ] GC(4)   Post Evacuate Collection Set: 0.3ms
[0.896s][info][gc,phases   ] GC(4)   Other: 0.1ms
[0.896s][info][gc,heap     ] GC(4) Eden regions: 83->0(245)
[0.896s][info][gc,heap     ] GC(4) Survivor regions: 5->9(11)
[0.896s][info][gc,heap     ] GC(4) Old regions: 6->6
[0.896s][info][gc,heap     ] GC(4) Humongous regions: 3->3
[0.896s][info][gc,metaspace] GC(4) Metaspace: 1776K(1920K)->1776K(1920K) NonClass: 1633K(1728K)->1633K(1728K) Class: 143K(192K)->143K(192K)
[0.896s][info][gc          ] GC(4) Pause Young (Normal) (G1 Evacuation Pause) 191M->32M(2048M) 11.111ms
[0.896s][info][gc,cpu      ] GC(4) User=0.08s Sys=0.11s Real=0.01s
[1.145s][info][gc,start    ] GC(5) Pause Young (Normal) (G1 Evacuation Pause)
[1.145s][info][gc,task     ] GC(5) Using 10 workers of 10 for evacuation
[1.161s][info][gc,phases   ] GC(5)   Pre Evacuate Collection Set: 0.2ms
[1.161s][info][gc,phases   ] GC(5)   Merge Heap Roots: 0.1ms
[1.161s][info][gc,phases   ] GC(5)   Evacuate Collection Set: 14.3ms
[1.161s][info][gc,phases   ] GC(5)   Post Evacuate Collection Set: 0.4ms
[1.161s][info][gc,phases   ] GC(5)   Other: 0.1ms
[1.161s][info][gc,heap     ] GC(5) Eden regions: 227->0(291)
[1.161s][info][gc,heap     ] GC(5) Survivor regions: 9->14(30)
[1.161s][info][gc,heap     ] GC(5) Old regions: 6->6
[1.161s][info][gc,heap     ] GC(5) Humongous regions: 3->3
[1.161s][info][gc,metaspace] GC(5) Metaspace: 1784K(1920K)->1784K(1920K) NonClass: 1641K(1728K)->1641K(1728K) Class: 143K(192K)->143K(192K)
[1.161s][info][gc          ] GC(5) Pause Young (Normal) (G1 Evacuation Pause) 486M->44M(2048M) 15.406ms
[1.161s][info][gc,cpu      ] GC(5) User=0.16s Sys=0.02s Real=0.02s
[1.374s][info][gc,start    ] GC(6) Pause Young (Normal) (G1 Evacuation Pause)
[1.374s][info][gc,task     ] GC(6) Using 10 workers of 10 for evacuation
[1.393s][info][gc,phases   ] GC(6)   Pre Evacuate Collection Set: 0.2ms
[1.393s][info][gc,phases   ] GC(6)   Merge Heap Roots: 0.2ms
[1.393s][info][gc,phases   ] GC(6)   Evacuate Collection Set: 18.0ms
[1.393s][info][gc,phases   ] GC(6)   Post Evacuate Collection Set: 0.4ms
[1.393s][info][gc,phases   ] GC(6)   Other: 0.1ms
[1.393s][info][gc,heap     ] GC(6) Eden regions: 221->0(367)
[1.393s][info][gc,heap     ] GC(6) Survivor regions: 14->20(30)
[1.393s][info][gc,heap     ] GC(6) Old regions: 6->6
[1.393s][info][gc,heap     ] GC(6) Humongous regions: 6->6
[1.393s][info][gc,metaspace] GC(6) Metaspace: 1784K(1920K)->1784K(1920K) NonClass: 1641K(1728K)->1641K(1728K) Class: 143K(192K)->143K(192K)
[1.393s][info][gc          ] GC(6) Pause Young (Normal) (G1 Evacuation Pause) 492M->61M(2048M) 19.255ms
[1.393s][info][gc,cpu      ] GC(6) User=0.17s Sys=0.00s Real=0.02s
[1.715s][info][gc,start    ] GC(7) Pause Young (Normal) (G1 Evacuation Pause)
[1.715s][info][gc,task     ] GC(7) Using 10 workers of 10 for evacuation
[1.740s][info][gc,phases   ] GC(7)   Pre Evacuate Collection Set: 0.2ms
[1.740s][info][gc,phases   ] GC(7)   Merge Heap Roots: 0.2ms
[1.740s][info][gc,phases   ] GC(7)   Evacuate Collection Set: 24.1ms
[1.740s][info][gc,phases   ] GC(7)   Post Evacuate Collection Set: 0.4ms
[1.740s][info][gc,phases   ] GC(7)   Other: 0.1ms
[1.740s][info][gc,heap     ] GC(7) Eden regions: 311->0(413)
[1.740s][info][gc,heap     ] GC(7) Survivor regions: 20->27(42)
[1.740s][info][gc,heap     ] GC(7) Old regions: 6->6
[1.740s][info][gc,heap     ] GC(7) Humongous regions: 6->6
[1.740s][info][gc,metaspace] GC(7) Metaspace: 1784K(1920K)->1784K(1920K) NonClass: 1641K(1728K)->1641K(1728K) Class: 143K(192K)->143K(192K)
[1.740s][info][gc          ] GC(7) Pause Young (Normal) (G1 Evacuation Pause) 683M->76M(2048M) 25.259ms
[1.740s][info][gc,cpu      ] GC(7) User=0.22s Sys=0.09s Real=0.02s
[2.117s][info][gc,start    ] GC(8) Pause Young (Normal) (G1 Evacuation Pause)
[2.117s][info][gc,task     ] GC(8) Using 10 workers of 10 for evacuation
[2.147s][info][gc,phases   ] GC(8)   Pre Evacuate Collection Set: 0.2ms
[2.147s][info][gc,phases   ] GC(8)   Merge Heap Roots: 0.2ms
[2.147s][info][gc,phases   ] GC(8)   Evacuate Collection Set: 28.5ms
[2.147s][info][gc,phases   ] GC(8)   Post Evacuate Collection Set: 0.5ms
[2.147s][info][gc,phases   ] GC(8)   Other: 0.1ms
[2.147s][info][gc,heap     ] GC(8) Eden regions: 386->0(462)
[2.147s][info][gc,heap     ] GC(8) Survivor regions: 27->35(52)
[2.147s][info][gc,heap     ] GC(8) Old regions: 6->6
[2.147s][info][gc,heap     ] GC(8) Humongous regions: 7->6
[2.147s][info][gc,metaspace] GC(8) Metaspace: 1784K(1920K)->1784K(1920K) NonClass: 1641K(1728K)->1641K(1728K) Class: 143K(192K)->143K(192K)
[2.147s][info][gc          ] GC(8) Pause Young (Normal) (G1 Evacuation Pause) 850M->90M(2048M) 29.738ms
[2.147s][info][gc,cpu      ] GC(8) User=0.31s Sys=0.00s Real=0.03s
[2.513s][info][gc,start    ] GC(9) Pause Young (Normal) (G1 Evacuation Pause)
[2.513s][info][gc,task     ] GC(9) Using 10 workers of 10 for evacuation
[2.553s][info][gc,phases   ] GC(9)   Pre Evacuate Collection Set: 0.2ms
[2.553s][info][gc,phases   ] GC(9)   Merge Heap Roots: 0.3ms
[2.553s][info][gc,phases   ] GC(9)   Evacuate Collection Set: 38.5ms
[2.553s][info][gc,phases   ] GC(9)   Post Evacuate Collection Set: 0.5ms
[2.553s][info][gc,phases   ] GC(9)   Other: 0.1ms
[2.553s][info][gc,heap     ] GC(9) Eden regions: 387->0(517)
[2.553s][info][gc,heap     ] GC(9) Survivor regions: 35->36(53)
[2.553s][info][gc,heap     ] GC(9) Old regions: 6->12
[2.553s][info][gc,heap     ] GC(9) Humongous regions: 12->11
[2.553s][info][gc,metaspace] GC(9) Metaspace: 1784K(1920K)->1784K(1920K) NonClass: 1641K(1728K)->1641K(1728K) Class: 143K(192K)->143K(192K)
[2.553s][info][gc          ] GC(9) Pause Young (Normal) (G1 Evacuation Pause) 876M->115M(2048M) 39.866ms
[2.553s][info][gc,cpu      ] GC(9) User=0.45s Sys=0.02s Real=0.04s
[2.709s][info][gc,start    ] GC(10) Pause Young (Normal) (G1 Evacuation Pause)
[2.709s][info][gc,task     ] GC(10) Using 10 workers of 10 for evacuation
[2.744s][info][gc,phases   ] GC(10)   Pre Evacuate Collection Set: 0.2ms
[2.744s][info][gc,phases   ] GC(10)   Merge Heap Roots: 0.5ms
[2.744s][info][gc,phases   ] GC(10)   Evacuate Collection Set: 33.5ms
[2.744s][info][gc,phases   ] GC(10)   Post Evacuate Collection Set: 0.9ms
[2.744s][info][gc,phases   ] GC(10)   Other: 0.1ms
[2.744s][info][gc,heap     ] GC(10) Eden regions: 173->0(624)
[2.744s][info][gc,heap     ] GC(10) Survivor regions: 36->15(27)
[2.744s][info][gc,heap     ] GC(10) Old regions: 12->37
[2.745s][info][gc,heap     ] GC(10) Humongous regions: 11->11
[2.745s][info][gc,metaspace] GC(10) Metaspace: 1784K(1920K)->1784K(1920K) NonClass: 1641K(1728K)->1641K(1728K) Class: 143K(192K)->143K(192K)
[2.745s][info][gc          ] GC(10) Pause Young (Normal) (G1 Evacuation Pause) 461M->124M(2130M) 35.482ms
[2.745s][info][gc,cpu      ] GC(10) User=0.23s Sys=0.08s Real=0.04s
[3.374s][info][gc,start    ] GC(11) Pause Young (Normal) (G1 Evacuation Pause)
[3.374s][info][gc,task     ] GC(11) Using 10 workers of 10 for evacuation
[3.403s][info][gc,phases   ] GC(11)   Pre Evacuate Collection Set: 0.2ms
[3.403s][info][gc,phases   ] GC(11)   Merge Heap Roots: 0.6ms
[3.403s][info][gc,phases   ] GC(11)   Evacuate Collection Set: 27.8ms
[3.403s][info][gc,phases   ] GC(11)   Post Evacuate Collection Set: 0.6ms
[3.403s][info][gc,phases   ] GC(11)   Other: 0.1ms
[3.403s][info][gc,heap     ] GC(11) Eden regions: 624->0(614)
[3.403s][info][gc,heap     ] GC(11) Survivor regions: 15->25(80)
[3.403s][info][gc,heap     ] GC(11) Old regions: 37->37
[3.403s][info][gc,heap     ] GC(11) Humongous regions: 11->11
[3.403s][info][gc,metaspace] GC(11) Metaspace: 1803K(2048K)->1803K(2048K) NonClass: 1659K(1792K)->1659K(1792K) Class: 144K(256K)->144K(256K)
[3.403s][info][gc          ] GC(11) Pause Young (Normal) (G1 Evacuation Pause) 1372M->144M(2130M) 29.576ms
[3.404s][info][gc,cpu      ] GC(11) User=0.16s Sys=0.02s Real=0.03s
[3.985s][info][gc,start    ] GC(12) Pause Young (Normal) (G1 Evacuation Pause)
[3.985s][info][gc,task     ] GC(12) Using 10 workers of 10 for evacuation
[4.019s][info][gc,phases   ] GC(12)   Pre Evacuate Collection Set: 0.2ms
[4.019s][info][gc,phases   ] GC(12)   Merge Heap Roots: 0.4ms
[4.019s][info][gc,phases   ] GC(12)   Evacuate Collection Set: 32.9ms
[4.019s][info][gc,phases   ] GC(12)   Post Evacuate Collection Set: 0.6ms
[4.019s][info][gc,phases   ] GC(12)   Other: 0.1ms
[4.019s][info][gc,heap     ] GC(12) Eden regions: 614->0(605)
[4.019s][info][gc,heap     ] GC(12) Survivor regions: 25->34(80)
[4.019s][info][gc,heap     ] GC(12) Old regions: 37->37
[4.019s][info][gc,heap     ] GC(12) Humongous regions: 11->11
[4.019s][info][gc,metaspace] GC(12) Metaspace: 1803K(2048K)->1803K(2048K) NonClass: 1659K(1792K)->1659K(1792K) Class: 144K(256K)->144K(256K)
[4.019s][info][gc          ] GC(12) Pause Young (Normal) (G1 Evacuation Pause) 1372M->162M(2130M) 34.515ms
[4.019s][info][gc,cpu      ] GC(12) User=0.31s Sys=0.00s Real=0.03s
[4.582s][info][gc,start    ] GC(13) Pause Young (Normal) (G1 Evacuation Pause)
[4.582s][info][gc,task     ] GC(13) Using 10 workers of 10 for evacuation
[4.623s][info][gc,phases   ] GC(13)   Pre Evacuate Collection Set: 0.2ms
[4.623s][info][gc,phases   ] GC(13)   Merge Heap Roots: 0.4ms
[4.624s][info][gc,phases   ] GC(13)   Evacuate Collection Set: 40.4ms
[4.624s][info][gc,phases   ] GC(13)   Post Evacuate Collection Set: 0.6ms
[4.624s][info][gc,phases   ] GC(13)   Other: 0.1ms
[4.624s][info][gc,heap     ] GC(13) Eden regions: 605->0(596)
[4.624s][info][gc,heap     ] GC(13) Survivor regions: 34->43(80)
[4.624s][info][gc,heap     ] GC(13) Old regions: 37->37
[4.624s][info][gc,heap     ] GC(13) Humongous regions: 13->11
[4.624s][info][gc,metaspace] GC(13) Metaspace: 1804K(2048K)->1804K(2048K) NonClass: 1659K(1792K)->1659K(1792K) Class: 144K(256K)->144K(256K)
[4.624s][info][gc          ] GC(13) Pause Young (Normal) (G1 Evacuation Pause) 1376M->181M(2130M) 42.062ms
[4.624s][info][gc,cpu      ] GC(13) User=0.31s Sys=0.00s Real=0.04s
[5.203s][info][gc,start    ] GC(14) Pause Young (Normal) (G1 Evacuation Pause)
[5.203s][info][gc,task     ] GC(14) Using 10 workers of 10 for evacuation
[5.264s][info][gc,phases   ] GC(14)   Pre Evacuate Collection Set: 0.2ms
[5.264s][info][gc,phases   ] GC(14)   Merge Heap Roots: 0.7ms
[5.264s][info][gc,phases   ] GC(14)   Evacuate Collection Set: 58.6ms
[5.264s][info][gc,phases   ] GC(14)   Post Evacuate Collection Set: 0.7ms
[5.264s][info][gc,phases   ] GC(14)   Other: 0.1ms
[5.264s][info][gc,heap     ] GC(14) Eden regions: 596->0(592)
[5.264s][info][gc,heap     ] GC(14) Survivor regions: 43->47(80)
[5.264s][info][gc,heap     ] GC(14) Old regions: 37->45
[5.264s][info][gc,heap     ] GC(14) Humongous regions: 21->20
[5.264s][info][gc,metaspace] GC(14) Metaspace: 1813K(2048K)->1813K(2048K) NonClass: 1668K(1792K)->1668K(1792K) Class: 144K(256K)->144K(256K)
[5.264s][info][gc          ] GC(14) Pause Young (Normal) (G1 Evacuation Pause) 1393M->222M(2130M) 60.628ms
[5.264s][info][gc,cpu      ] GC(14) User=0.47s Sys=0.00s Real=0.06s
[5.819s][info][gc,start    ] GC(15) Pause Young (Normal) (G1 Evacuation Pause)
[5.819s][info][gc,task     ] GC(15) Using 10 workers of 10 for evacuation
[5.876s][info][gc,phases   ] GC(15)   Pre Evacuate Collection Set: 0.2ms
[5.876s][info][gc,phases   ] GC(15)   Merge Heap Roots: 0.9ms
[5.876s][info][gc,phases   ] GC(15)   Evacuate Collection Set: 54.7ms
[5.876s][info][gc,phases   ] GC(15)   Post Evacuate Collection Set: 0.7ms
[5.876s][info][gc,phases   ] GC(15)   Other: 0.1ms
[5.876s][info][gc,heap     ] GC(15) Eden regions: 592->0(597)
[5.876s][info][gc,heap     ] GC(15) Survivor regions: 47->42(80)
[5.876s][info][gc,heap     ] GC(15) Old regions: 45->59
[5.876s][info][gc,heap     ] GC(15) Humongous regions: 24->20
[5.876s][info][gc,metaspace] GC(15) Metaspace: 1813K(2048K)->1813K(2048K) NonClass: 1669K(1792K)->1669K(1792K) Class: 144K(256K)->144K(256K)
[5.876s][info][gc          ] GC(15) Pause Young (Normal) (G1 Evacuation Pause) 1414M->240M(2130M) 56.898ms
[5.876s][info][gc,cpu      ] GC(15) User=0.62s Sys=0.00s Real=0.06s
[6.450s][info][gc,heap,exit] Heap
[6.450s][info][gc,heap,exit]  garbage-first heap   total 2181120K, used 700798K [0x0000000700000000, 0x0000000800000000)
[6.450s][info][gc,heap,exit]   region size 2048K, 243 young (497664K), 42 survivors (86016K)
[6.450s][info][gc,heap,exit]  Metaspace       used 2047K, committed 2240K, reserved 1114112K
[6.450s][info][gc,heap,exit]   class space    used 179K, committed 320K, reserved 1048576K
