[0.009s][info][gc,init] CardTable entry size: 512
[0.010s][info][gc     ] Using G1
[0.019s][info][gc,init] Version: 21.0.5+9-LTS-239 (release)
[0.019s][info][gc,init] CPUs: 12 total, 12 available
[0.019s][info][gc,init] Memory: 16190M
[0.019s][info][gc,init] Large Page Support: Disabled
[0.019s][info][gc,init] NUMA Support: Disabled
[0.019s][info][gc,init] Compressed Oops: Enabled (Zero based)
[0.019s][info][gc,init] Heap Region Size: 2M
[0.019s][info][gc,init] Heap Min Capacity: 2G
[0.019s][info][gc,init] Heap Initial Capacity: 2G
[0.019s][info][gc,init] Heap Max Capacity: 4G
[0.019s][info][gc,init] Pre-touch: Disabled
[0.019s][info][gc,init] Parallel Workers: 10
[0.019s][info][gc,init] Concurrent Workers: 3
[0.019s][info][gc,init] Concurrent Refinement Workers: 10
[0.019s][info][gc,init] Periodic GC: Disabled
[0.028s][info][gc,metaspace] CDS archive(s) mapped at: [0x000002463c000000-0x000002463cc90000-0x000002463cc90000), size 13172736, SharedBaseAddress: 0x000002463c000000, ArchiveRelocationMode: 1.
[0.028s][info][gc,metaspace] Compressed class space mapped at: 0x000002463d000000-0x000002467d000000, reserved size: 1073741824
[0.028s][info][gc,metaspace] Narrow klass base: 0x000002463c000000, Narrow klass shift: 0, Narrow klass range: 0x100000000
[0.414s][info][gc,start    ] GC(0) Pause Young (Normal) (G1 Evacuation Pause)
[0.415s][info][gc,task     ] GC(0) Using 10 workers of 10 for evacuation
[0.420s][info][gc,phases   ] GC(0)   Pre Evacuate Collection Set: 0.2ms
[0.420s][info][gc,phases   ] GC(0)   Merge Heap Roots: 0.1ms
[0.420s][info][gc,phases   ] GC(0)   Evacuate Collection Set: 4.1ms
[0.420s][info][gc,phases   ] GC(0)   Post Evacuate Collection Set: 0.5ms
[0.420s][info][gc,phases   ] GC(0)   Other: 0.5ms
[0.420s][info][gc,heap     ] GC(0) Eden regions: 51->0(44)
[0.420s][info][gc,heap     ] GC(0) Survivor regions: 0->7(7)
[0.420s][info][gc,heap     ] GC(0) Old regions: 0->0
[0.420s][info][gc,heap     ] GC(0) Humongous regions: 0->0
[0.420s][info][gc,metaspace] GC(0) Metaspace: 1675K(1792K)->1675K(1792K) NonClass: 1539K(1600K)->1539K(1600K) Class: 136K(192K)->136K(192K)
[0.420s][info][gc          ] GC(0) Pause Young (Normal) (G1 Evacuation Pause) 102M->12M(2048M) 5.811ms
[0.420s][info][gc,cpu      ] GC(0) User=0.00s Sys=0.00s Real=0.01s
[0.564s][info][gc,start    ] GC(1) Pause Young (Normal) (G1 Evacuation Pause)
[0.564s][info][gc,task     ] GC(1) Using 10 workers of 10 for evacuation
[0.569s][info][gc,phases   ] GC(1)   Pre Evacuate Collection Set: 0.2ms
[0.569s][info][gc,phases   ] GC(1)   Merge Heap Roots: 0.1ms
[0.569s][info][gc,phases   ] GC(1)   Evacuate Collection Set: 4.5ms
[0.569s][info][gc,phases   ] GC(1)   Post Evacuate Collection Set: 0.4ms
[0.569s][info][gc,phases   ] GC(1)   Other: 0.1ms
[0.569s][info][gc,heap     ] GC(1) Eden regions: 44->0(44)
[0.569s][info][gc,heap     ] GC(1) Survivor regions: 7->7(7)
[0.569s][info][gc,heap     ] GC(1) Old regions: 0->3
[0.569s][info][gc,heap     ] GC(1) Humongous regions: 1->0
[0.569s][info][gc,metaspace] GC(1) Metaspace: 1686K(1792K)->1686K(1792K) NonClass: 1549K(1600K)->1549K(1600K) Class: 136K(192K)->136K(192K)
[0.569s][info][gc          ] GC(1) Pause Young (Normal) (G1 Evacuation Pause) 102M->18M(2048M) 5.506ms
[0.569s][info][gc,cpu      ] GC(1) User=0.14s Sys=0.02s Real=0.01s
[0.676s][info][gc,start    ] GC(2) Pause Young (Normal) (G1 Evacuation Pause)
[0.676s][info][gc,task     ] GC(2) Using 10 workers of 10 for evacuation
[0.682s][info][gc,phases   ] GC(2)   Pre Evacuate Collection Set: 0.2ms
[0.683s][info][gc,phases   ] GC(2)   Merge Heap Roots: 0.1ms
[0.683s][info][gc,phases   ] GC(2)   Evacuate Collection Set: 5.4ms
[0.683s][info][gc,phases   ] GC(2)   Post Evacuate Collection Set: 0.4ms
[0.683s][info][gc,phases   ] GC(2)   Other: 0.1ms
[0.683s][info][gc,heap     ] GC(2) Eden regions: 44->0(55)
[0.683s][info][gc,heap     ] GC(2) Survivor regions: 7->6(7)
[0.683s][info][gc,heap     ] GC(2) Old regions: 3->7
[0.683s][info][gc,heap     ] GC(2) Humongous regions: 1->1
[0.683s][info][gc,metaspace] GC(2) Metaspace: 1692K(1792K)->1692K(1792K) NonClass: 1555K(1600K)->1555K(1600K) Class: 136K(192K)->136K(192K)
[0.683s][info][gc          ] GC(2) Pause Young (Normal) (G1 Evacuation Pause) 108M->26M(2048M) 6.482ms
[0.683s][info][gc,cpu      ] GC(2) User=0.16s Sys=0.02s Real=0.01s
[0.765s][info][gc,start    ] GC(3) Pause Young (Normal) (G1 Evacuation Pause)
[0.765s][info][gc,task     ] GC(3) Using 10 workers of 10 for evacuation
[0.772s][info][gc,phases   ] GC(3)   Pre Evacuate Collection Set: 0.2ms
[0.772s][info][gc,phases   ] GC(3)   Merge Heap Roots: 0.1ms
[0.772s][info][gc,phases   ] GC(3)   Evacuate Collection Set: 6.4ms
[0.772s][info][gc,phases   ] GC(3)   Post Evacuate Collection Set: 0.3ms
[0.772s][info][gc,phases   ] GC(3)   Other: 0.1ms
[0.772s][info][gc,heap     ] GC(3) Eden regions: 45->0(69)
[0.772s][info][gc,heap     ] GC(3) Survivor regions: 6->7(7)
[0.772s][info][gc,heap     ] GC(3) Old regions: 7->13
[0.772s][info][gc,heap     ] GC(3) Humongous regions: 1->1
[0.772s][info][gc,metaspace] GC(3) Metaspace: 1702K(1792K)->1702K(1792K) NonClass: 1565K(1600K)->1565K(1600K) Class: 136K(192K)->136K(192K)
[0.772s][info][gc          ] GC(3) Pause Young (Normal) (G1 Evacuation Pause) 116M->41M(2048M) 7.498ms
[0.772s][info][gc,cpu      ] GC(3) User=0.11s Sys=0.08s Real=0.01s
[0.968s][info][gc,start    ] GC(4) Pause Young (Normal) (G1 Evacuation Pause)
[0.968s][info][gc,task     ] GC(4) Using 10 workers of 10 for evacuation
[0.975s][info][gc,phases   ] GC(4)   Pre Evacuate Collection Set: 0.3ms
[0.975s][info][gc,phases   ] GC(4)   Merge Heap Roots: 0.1ms
[0.975s][info][gc,phases   ] GC(4)   Evacuate Collection Set: 6.3ms
[0.975s][info][gc,phases   ] GC(4)   Post Evacuate Collection Set: 0.5ms
[0.975s][info][gc,phases   ] GC(4)   Other: 0.1ms
[0.975s][info][gc,heap     ] GC(4) Eden regions: 58->0(74)
[0.975s][info][gc,heap     ] GC(4) Survivor regions: 7->5(9)
[0.976s][info][gc,heap     ] GC(4) Old regions: 13->18
[0.976s][info][gc,heap     ] GC(4) Humongous regions: 1->1
[0.976s][info][gc,metaspace] GC(4) Metaspace: 1740K(1920K)->1740K(1920K) NonClass: 1598K(1664K)->1598K(1664K) Class: 141K(256K)->141K(256K)
[0.976s][info][gc          ] GC(4) Pause Young (Normal) (G1 Evacuation Pause) 157M->45M(2048M) 7.545ms
[0.976s][info][gc,cpu      ] GC(4) User=0.08s Sys=0.08s Real=0.01s
[1.269s][info][gc,heap,exit] Heap
[1.269s][info][gc,heap,exit]  garbage-first heap   total 2097152K, used 173988K [0x0000000700000000, 0x0000000800000000)
[1.269s][info][gc,heap,exit]   region size 2048K, 65 young (133120K), 5 survivors (10240K)
[1.269s][info][gc,heap,exit]  Metaspace       used 1965K, committed 2112K, reserved 1114112K
[1.269s][info][gc,heap,exit]   class space    used 170K, committed 256K, reserved 1048576K
