[0.010s][info][gc,init] CardTable entry size: 512
[0.010s][info][gc     ] Using G1
[0.020s][info][gc,init] Version: 21.0.5+9-LTS-239 (release)
[0.020s][info][gc,init] CPUs: 12 total, 12 available
[0.020s][info][gc,init] Memory: 16190M
[0.020s][info][gc,init] Large Page Support: Disabled
[0.020s][info][gc,init] NUMA Support: Disabled
[0.020s][info][gc,init] Compressed Oops: Enabled (Zero based)
[0.020s][info][gc,init] Heap Region Size: 2M
[0.020s][info][gc,init] Heap Min Capacity: 2G
[0.020s][info][gc,init] Heap Initial Capacity: 2G
[0.020s][info][gc,init] Heap Max Capacity: 4G
[0.020s][info][gc,init] Pre-touch: Disabled
[0.020s][info][gc,init] Parallel Workers: 10
[0.020s][info][gc,init] Concurrent Workers: 3
[0.021s][info][gc,init] Concurrent Refinement Workers: 10
[0.021s][info][gc,init] Periodic GC: Disabled
[0.030s][info][gc,metaspace] CDS archive(s) mapped at: [0x000002d800000000-0x000002d800c90000-0x000002d800c90000), size 13172736, SharedBaseAddress: 0x000002d800000000, ArchiveRelocationMode: 1.
[0.030s][info][gc,metaspace] Compressed class space mapped at: 0x000002d801000000-0x000002d841000000, reserved size: 1073741824
[0.030s][info][gc,metaspace] Narrow klass base: 0x000002d800000000, Narrow klass shift: 0, Narrow klass range: 0x100000000
[0.402s][info][gc,start    ] GC(0) Pause Young (Normal) (G1 Evacuation Pause)
[0.403s][info][gc,task     ] GC(0) Using 10 workers of 10 for evacuation
[0.408s][info][gc,phases   ] GC(0)   Pre Evacuate Collection Set: 0.2ms
[0.408s][info][gc,phases   ] GC(0)   Merge Heap Roots: 0.1ms
[0.408s][info][gc,phases   ] GC(0)   Evacuate Collection Set: 4.5ms
[0.408s][info][gc,phases   ] GC(0)   Post Evacuate Collection Set: 0.4ms
[0.408s][info][gc,phases   ] GC(0)   Other: 0.6ms
[0.408s][info][gc,heap     ] GC(0) Eden regions: 51->0(49)
[0.408s][info][gc,heap     ] GC(0) Survivor regions: 0->5(7)
[0.408s][info][gc,heap     ] GC(0) Old regions: 0->0
[0.408s][info][gc,heap     ] GC(0) Humongous regions: 0->0
[0.408s][info][gc,metaspace] GC(0) Metaspace: 1666K(1792K)->1666K(1792K) NonClass: 1519K(1536K)->1519K(1536K) Class: 146K(256K)->146K(256K)
[0.408s][info][gc          ] GC(0) Pause Young (Normal) (G1 Evacuation Pause) 102M->8M(2048M) 6.274ms
[0.408s][info][gc,cpu      ] GC(0) User=0.00s Sys=0.02s Real=0.01s
[0.559s][info][gc,start    ] GC(1) Pause Young (Normal) (G1 Evacuation Pause)
[0.559s][info][gc,task     ] GC(1) Using 10 workers of 10 for evacuation
[0.565s][info][gc,phases   ] GC(1)   Pre Evacuate Collection Set: 0.2ms
[0.565s][info][gc,phases   ] GC(1)   Merge Heap Roots: 0.1ms
[0.565s][info][gc,phases   ] GC(1)   Evacuate Collection Set: 5.0ms
[0.565s][info][gc,phases   ] GC(1)   Post Evacuate Collection Set: 0.3ms
[0.565s][info][gc,phases   ] GC(1)   Other: 0.1ms
[0.565s][info][gc,heap     ] GC(1) Eden regions: 49->0(59)
[0.565s][info][gc,heap     ] GC(1) Survivor regions: 5->3(7)
[0.565s][info][gc,heap     ] GC(1) Old regions: 0->4
[0.565s][info][gc,heap     ] GC(1) Humongous regions: 0->0
[0.565s][info][gc,metaspace] GC(1) Metaspace: 1683K(1920K)->1683K(1920K) NonClass: 1536K(1664K)->1536K(1664K) Class: 146K(256K)->146K(256K)
[0.565s][info][gc          ] GC(1) Pause Young (Normal) (G1 Evacuation Pause) 106M->11M(2048M) 5.968ms
[0.565s][info][gc,cpu      ] GC(1) User=0.00s Sys=0.00s Real=0.01s
[0.698s][info][gc,start    ] GC(2) Pause Young (Normal) (G1 Evacuation Pause)
[0.698s][info][gc,task     ] GC(2) Using 10 workers of 10 for evacuation
[0.705s][info][gc,phases   ] GC(2)   Pre Evacuate Collection Set: 0.2ms
[0.705s][info][gc,phases   ] GC(2)   Merge Heap Roots: 0.2ms
[0.705s][info][gc,phases   ] GC(2)   Evacuate Collection Set: 6.3ms
[0.705s][info][gc,phases   ] GC(2)   Post Evacuate Collection Set: 0.3ms
[0.705s][info][gc,phases   ] GC(2)   Other: 0.1ms
[0.705s][info][gc,heap     ] GC(2) Eden regions: 59->0(78)
[0.705s][info][gc,heap     ] GC(2) Survivor regions: 3->5(8)
[0.705s][info][gc,heap     ] GC(2) Old regions: 4->4
[0.705s][info][gc,heap     ] GC(2) Humongous regions: 2->1
[0.705s][info][gc,metaspace] GC(2) Metaspace: 1697K(1920K)->1697K(1920K) NonClass: 1550K(1664K)->1550K(1664K) Class: 146K(256K)->146K(256K)
[0.705s][info][gc          ] GC(2) Pause Young (Normal) (G1 Evacuation Pause) 133M->18M(2048M) 7.294ms
[0.705s][info][gc,cpu      ] GC(2) User=0.06s Sys=0.11s Real=0.01s
[0.822s][info][gc,start    ] GC(3) Pause Young (Normal) (G1 Evacuation Pause)
[0.822s][info][gc,task     ] GC(3) Using 10 workers of 10 for evacuation
[0.831s][info][gc,phases   ] GC(3)   Pre Evacuate Collection Set: 0.2ms
[0.831s][info][gc,phases   ] GC(3)   Merge Heap Roots: 0.1ms
[0.831s][info][gc,phases   ] GC(3)   Evacuate Collection Set: 7.6ms
[0.831s][info][gc,phases   ] GC(3)   Post Evacuate Collection Set: 0.4ms
[0.831s][info][gc,phases   ] GC(3)   Other: 0.1ms
[0.831s][info][gc,heap     ] GC(3) Eden regions: 66->0(219)
[0.831s][info][gc,heap     ] GC(3) Survivor regions: 5->8(9)
[0.831s][info][gc,heap     ] GC(3) Old regions: 4->4
[0.831s][info][gc,heap     ] GC(3) Humongous regions: 1->1
[0.831s][info][gc,metaspace] GC(3) Metaspace: 1724K(1920K)->1724K(1920K) NonClass: 1578K(1664K)->1578K(1664K) Class: 146K(256K)->146K(256K)
[0.831s][info][gc          ] GC(3) Pause Young (Normal) (G1 Evacuation Pause) 150M->22M(2048M) 8.735ms
[0.831s][info][gc,cpu      ] GC(3) User=0.14s Sys=0.03s Real=0.01s
[1.054s][info][gc,heap,exit] Heap
[1.054s][info][gc,heap,exit]  garbage-first heap   total 2097152K, used 203261K [0x0000000700000000, 0x0000000800000000)
[1.054s][info][gc,heap,exit]   region size 2048K, 94 young (192512K), 8 survivors (16384K)
[1.054s][info][gc,heap,exit]  Metaspace       used 1963K, committed 2176K, reserved 1114112K
[1.054s][info][gc,heap,exit]   class space    used 176K, committed 320K, reserved 1048576K
