[0.011s][info][gc,init] CardTable entry size: 512
[0.011s][info][gc     ] Using G1
[0.021s][info][gc,init] Version: 21.0.5+9-LTS-239 (release)
[0.021s][info][gc,init] CPUs: 12 total, 12 available
[0.021s][info][gc,init] Memory: 16190M
[0.021s][info][gc,init] Large Page Support: Disabled
[0.021s][info][gc,init] NUMA Support: Disabled
[0.021s][info][gc,init] Compressed Oops: Enabled (Zero based)
[0.021s][info][gc,init] Heap Region Size: 2M
[0.021s][info][gc,init] Heap Min Capacity: 2G
[0.021s][info][gc,init] Heap Initial Capacity: 2G
[0.021s][info][gc,init] Heap Max Capacity: 4G
[0.021s][info][gc,init] Pre-touch: Disabled
[0.021s][info][gc,init] Parallel Workers: 10
[0.021s][info][gc,init] Concurrent Workers: 3
[0.021s][info][gc,init] Concurrent Refinement Workers: 10
[0.021s][info][gc,init] Periodic GC: Disabled
[0.029s][info][gc,metaspace] CDS archive(s) mapped at: [0x00000258a6000000-0x00000258a6c90000-0x00000258a6c90000), size 13172736, SharedBaseAddress: 0x00000258a6000000, ArchiveRelocationMode: 1.
[0.030s][info][gc,metaspace] Compressed class space mapped at: 0x00000258a7000000-0x00000258e7000000, reserved size: 1073741824
[0.030s][info][gc,metaspace] Narrow klass base: 0x00000258a6000000, Narrow klass shift: 0, Narrow klass range: 0x100000000
[0.378s][info][gc,start    ] GC(0) Pause Young (Normal) (G1 Evacuation Pause)
[0.380s][info][gc,task     ] GC(0) Using 10 workers of 10 for evacuation
[0.385s][info][gc,phases   ] GC(0)   Pre Evacuate Collection Set: 0.2ms
[0.385s][info][gc,phases   ] GC(0)   Merge Heap Roots: 0.2ms
[0.385s][info][gc,phases   ] GC(0)   Evacuate Collection Set: 3.4ms
[0.385s][info][gc,phases   ] GC(0)   Post Evacuate Collection Set: 0.6ms
[0.385s][info][gc,phases   ] GC(0)   Other: 1.9ms
[0.385s][info][gc,heap     ] GC(0) Eden regions: 51->0(45)
[0.385s][info][gc,heap     ] GC(0) Survivor regions: 0->6(7)
[0.385s][info][gc,heap     ] GC(0) Old regions: 0->0
[0.385s][info][gc,heap     ] GC(0) Humongous regions: 0->0
[0.385s][info][gc,metaspace] GC(0) Metaspace: 1625K(1728K)->1625K(1728K) NonClass: 1490K(1536K)->1490K(1536K) Class: 134K(192K)->134K(192K)
[0.385s][info][gc          ] GC(0) Pause Young (Normal) (G1 Evacuation Pause) 102M->11M(2048M) 6.547ms
[0.385s][info][gc,cpu      ] GC(0) User=0.00s Sys=0.00s Real=0.01s
[0.490s][info][gc,start    ] GC(1) Pause Young (Normal) (G1 Evacuation Pause)
[0.490s][info][gc,task     ] GC(1) Using 10 workers of 10 for evacuation
[0.495s][info][gc,phases   ] GC(1)   Pre Evacuate Collection Set: 0.2ms
[0.495s][info][gc,phases   ] GC(1)   Merge Heap Roots: 0.1ms
[0.495s][info][gc,phases   ] GC(1)   Evacuate Collection Set: 4.4ms
[0.495s][info][gc,phases   ] GC(1)   Post Evacuate Collection Set: 0.6ms
[0.495s][info][gc,phases   ] GC(1)   Other: 0.1ms
[0.495s][info][gc,heap     ] GC(1) Eden regions: 45->0(49)
[0.495s][info][gc,heap     ] GC(1) Survivor regions: 6->6(7)
[0.495s][info][gc,heap     ] GC(1) Old regions: 0->3
[0.495s][info][gc,heap     ] GC(1) Humongous regions: 1->0
[0.495s][info][gc,metaspace] GC(1) Metaspace: 1639K(1728K)->1639K(1728K) NonClass: 1504K(1536K)->1504K(1536K) Class: 134K(192K)->134K(192K)
[0.495s][info][gc          ] GC(1) Pause Young (Normal) (G1 Evacuation Pause) 103M->16M(2048M) 5.549ms
[0.495s][info][gc,cpu      ] GC(1) User=0.00s Sys=0.00s Real=0.01s
[0.629s][info][gc,start    ] GC(2) Pause Young (Normal) (G1 Evacuation Pause)
[0.629s][info][gc,task     ] GC(2) Using 10 workers of 10 for evacuation
[0.635s][info][gc,phases   ] GC(2)   Pre Evacuate Collection Set: 0.2ms
[0.635s][info][gc,phases   ] GC(2)   Merge Heap Roots: 0.1ms
[0.635s][info][gc,phases   ] GC(2)   Evacuate Collection Set: 5.0ms
[0.635s][info][gc,phases   ] GC(2)   Post Evacuate Collection Set: 0.4ms
[0.635s][info][gc,phases   ] GC(2)   Other: 0.1ms
[0.635s][info][gc,heap     ] GC(2) Eden regions: 49->0(61)
[0.635s][info][gc,heap     ] GC(2) Survivor regions: 6->7(7)
[0.635s][info][gc,heap     ] GC(2) Old regions: 3->5
[0.635s][info][gc,heap     ] GC(2) Humongous regions: 1->1
[0.635s][info][gc,metaspace] GC(2) Metaspace: 1645K(1728K)->1645K(1728K) NonClass: 1510K(1536K)->1510K(1536K) Class: 134K(192K)->134K(192K)
[0.635s][info][gc          ] GC(2) Pause Young (Normal) (G1 Evacuation Pause) 116M->24M(2048M) 6.136ms
[0.635s][info][gc,cpu      ] GC(2) User=0.00s Sys=0.00s Real=0.01s
[0.718s][info][gc,start    ] GC(3) Pause Young (Normal) (G1 Evacuation Pause)
[0.718s][info][gc,task     ] GC(3) Using 10 workers of 10 for evacuation
[0.723s][info][gc,phases   ] GC(3)   Pre Evacuate Collection Set: 0.2ms
[0.723s][info][gc,phases   ] GC(3)   Merge Heap Roots: 0.1ms
[0.723s][info][gc,phases   ] GC(3)   Evacuate Collection Set: 4.5ms
[0.723s][info][gc,phases   ] GC(3)   Post Evacuate Collection Set: 0.4ms
[0.723s][info][gc,phases   ] GC(3)   Other: 0.1ms
[0.723s][info][gc,heap     ] GC(3) Eden regions: 44->0(84)
[0.723s][info][gc,heap     ] GC(3) Survivor regions: 7->6(7)
[0.723s][info][gc,heap     ] GC(3) Old regions: 5->9
[0.723s][info][gc,heap     ] GC(3) Humongous regions: 1->1
[0.723s][info][gc,metaspace] GC(3) Metaspace: 1664K(1792K)->1664K(1792K) NonClass: 1529K(1600K)->1529K(1600K) Class: 134K(192K)->134K(192K)
[0.723s][info][gc          ] GC(3) Pause Young (Normal) (G1 Evacuation Pause) 112M->29M(2048M) 5.461ms
[0.723s][info][gc,cpu      ] GC(3) User=0.16s Sys=0.02s Real=0.01s
[0.823s][info][gc,start    ] GC(4) Pause Young (Normal) (G1 Evacuation Pause)
[0.823s][info][gc,task     ] GC(4) Using 10 workers of 10 for evacuation
[0.831s][info][gc,phases   ] GC(4)   Pre Evacuate Collection Set: 0.2ms
[0.832s][info][gc,phases   ] GC(4)   Merge Heap Roots: 0.1ms
[0.832s][info][gc,phases   ] GC(4)   Evacuate Collection Set: 7.5ms
[0.832s][info][gc,phases   ] GC(4)   Post Evacuate Collection Set: 0.4ms
[0.832s][info][gc,phases   ] GC(4)   Other: 0.1ms
[0.832s][info][gc,heap     ] GC(4) Eden regions: 76->0(115)
[0.832s][info][gc,heap     ] GC(4) Survivor regions: 6->11(11)
[0.832s][info][gc,heap     ] GC(4) Old regions: 9->13
[0.832s][info][gc,heap     ] GC(4) Humongous regions: 1->1
[0.832s][info][gc,metaspace] GC(4) Metaspace: 1668K(1792K)->1668K(1792K) NonClass: 1533K(1600K)->1533K(1600K) Class: 134K(192K)->134K(192K)
[0.832s][info][gc          ] GC(4) Pause Young (Normal) (G1 Evacuation Pause) 181M->49M(2048M) 8.592ms
[0.832s][info][gc,cpu      ] GC(4) User=0.08s Sys=0.08s Real=0.01s
[0.935s][info][gc,start    ] GC(5) Pause Young (Normal) (G1 Evacuation Pause)
[0.936s][info][gc,task     ] GC(5) Using 10 workers of 10 for evacuation
[0.947s][info][gc,phases   ] GC(5)   Pre Evacuate Collection Set: 0.2ms
[0.947s][info][gc,phases   ] GC(5)   Merge Heap Roots: 0.1ms
[0.947s][info][gc,phases   ] GC(5)   Evacuate Collection Set: 10.4ms
[0.947s][info][gc,phases   ] GC(5)   Post Evacuate Collection Set: 0.5ms
[0.947s][info][gc,phases   ] GC(5)   Other: 0.1ms
[0.947s][info][gc,heap     ] GC(5) Eden regions: 101->0(97)
[0.947s][info][gc,heap     ] GC(5) Survivor regions: 11->14(14)
[0.947s][info][gc,heap     ] GC(5) Old regions: 13->21
[0.947s][info][gc,heap     ] GC(5) Humongous regions: 1->1
[0.947s][info][gc,metaspace] GC(5) Metaspace: 1685K(1792K)->1685K(1792K) NonClass: 1550K(1600K)->1550K(1600K) Class: 134K(192K)->134K(192K)
[0.947s][info][gc          ] GC(5) Pause Young (Normal) (G1 Evacuation Pause) 251M->71M(2048M) 11.541ms
[0.947s][info][gc,cpu      ] GC(5) User=0.05s Sys=0.12s Real=0.01s
[1.028s][info][gc,start    ] GC(6) Pause Young (Normal) (G1 Evacuation Pause)
[1.028s][info][gc,task     ] GC(6) Using 10 workers of 10 for evacuation
[1.039s][info][gc,phases   ] GC(6)   Pre Evacuate Collection Set: 0.2ms
[1.039s][info][gc,phases   ] GC(6)   Merge Heap Roots: 0.1ms
[1.039s][info][gc,phases   ] GC(6)   Evacuate Collection Set: 9.6ms
[1.039s][info][gc,phases   ] GC(6)   Post Evacuate Collection Set: 0.5ms
[1.039s][info][gc,phases   ] GC(6)   Other: 0.1ms
[1.039s][info][gc,heap     ] GC(6) Eden regions: 81->0(142)
[1.039s][info][gc,heap     ] GC(6) Survivor regions: 14->12(12)
[1.039s][info][gc,heap     ] GC(6) Old regions: 21->34
[1.039s][info][gc,heap     ] GC(6) Humongous regions: 3->3
[1.039s][info][gc,metaspace] GC(6) Metaspace: 1685K(1792K)->1685K(1792K) NonClass: 1550K(1600K)->1550K(1600K) Class: 134K(192K)->134K(192K)
[1.039s][info][gc          ] GC(6) Pause Young (Normal) (G1 Evacuation Pause) 237M->97M(2048M) 10.884ms
[1.039s][info][gc,cpu      ] GC(6) User=0.02s Sys=0.14s Real=0.01s
[1.192s][info][gc,start    ] GC(7) Pause Young (Normal) (G1 Evacuation Pause)
[1.192s][info][gc,task     ] GC(7) Using 10 workers of 10 for evacuation
[1.208s][info][gc,phases   ] GC(7)   Pre Evacuate Collection Set: 0.2ms
[1.208s][info][gc,phases   ] GC(7)   Merge Heap Roots: 0.1ms
[1.208s][info][gc,phases   ] GC(7)   Evacuate Collection Set: 15.1ms
[1.208s][info][gc,phases   ] GC(7)   Post Evacuate Collection Set: 0.6ms
[1.208s][info][gc,phases   ] GC(7)   Other: 0.1ms
[1.208s][info][gc,heap     ] GC(7) Eden regions: 147->0(193)
[1.208s][info][gc,heap     ] GC(7) Survivor regions: 12->20(20)
[1.208s][info][gc,heap     ] GC(7) Old regions: 34->47
[1.208s][info][gc,heap     ] GC(7) Humongous regions: 3->3
[1.208s][info][gc,metaspace] GC(7) Metaspace: 1692K(1792K)->1692K(1792K) NonClass: 1557K(1600K)->1557K(1600K) Class: 134K(192K)->134K(192K)
[1.208s][info][gc          ] GC(7) Pause Young (Normal) (G1 Evacuation Pause) 391M->139M(2048M) 16.355ms
[1.208s][info][gc,cpu      ] GC(7) User=0.16s Sys=0.00s Real=0.02s
[1.388s][info][gc,start    ] GC(8) Pause Young (Normal) (G1 Evacuation Pause)
[1.388s][info][gc,task     ] GC(8) Using 10 workers of 10 for evacuation
[1.405s][info][gc,phases   ] GC(8)   Pre Evacuate Collection Set: 0.3ms
[1.405s][info][gc,phases   ] GC(8)   Merge Heap Roots: 0.2ms
[1.405s][info][gc,phases   ] GC(8)   Evacuate Collection Set: 16.3ms
[1.405s][info][gc,phases   ] GC(8)   Post Evacuate Collection Set: 0.6ms
[1.405s][info][gc,phases   ] GC(8)   Other: 0.1ms
[1.405s][info][gc,heap     ] GC(8) Eden regions: 177->0(182)
[1.405s][info][gc,heap     ] GC(8) Survivor regions: 20->25(25)
[1.405s][info][gc,heap     ] GC(8) Old regions: 47->70
[1.405s][info][gc,heap     ] GC(8) Humongous regions: 4->3
[1.406s][info][gc,metaspace] GC(8) Metaspace: 1692K(1792K)->1692K(1792K) NonClass: 1557K(1600K)->1557K(1600K) Class: 134K(192K)->134K(192K)
[1.406s][info][gc          ] GC(8) Pause Young (Normal) (G1 Evacuation Pause) 495M->195M(2048M) 17.660ms
[1.406s][info][gc,cpu      ] GC(8) User=0.02s Sys=0.14s Real=0.02s
[1.574s][info][gc,start    ] GC(9) Pause Young (Normal) (G1 Evacuation Pause)
[1.574s][info][gc,task     ] GC(9) Using 10 workers of 10 for evacuation
[1.590s][info][gc,phases   ] GC(9)   Pre Evacuate Collection Set: 0.3ms
[1.590s][info][gc,phases   ] GC(9)   Merge Heap Roots: 0.2ms
[1.590s][info][gc,phases   ] GC(9)   Evacuate Collection Set: 14.4ms
[1.590s][info][gc,phases   ] GC(9)   Post Evacuate Collection Set: 1.1ms
[1.590s][info][gc,phases   ] GC(9)   Other: 0.1ms
[1.590s][info][gc,heap     ] GC(9) Eden regions: 174->0(334)
[1.590s][info][gc,heap     ] GC(9) Survivor regions: 25->25(25)
[1.590s][info][gc,heap     ] GC(9) Old regions: 70->97
[1.590s][info][gc,heap     ] GC(9) Humongous regions: 3->3
[1.590s][info][gc,metaspace] GC(9) Metaspace: 1692K(1792K)->1692K(1792K) NonClass: 1557K(1600K)->1557K(1600K) Class: 134K(192K)->134K(192K)
[1.590s][info][gc          ] GC(9) Pause Young (Normal) (G1 Evacuation Pause) 543M->249M(2166M) 16.259ms
[1.591s][info][gc,cpu      ] GC(9) User=0.03s Sys=0.12s Real=0.02s
[1.896s][info][gc,start    ] GC(10) Pause Young (Normal) (G1 Evacuation Pause)
[1.896s][info][gc,task     ] GC(10) Using 10 workers of 10 for evacuation
[1.921s][info][gc,phases   ] GC(10)   Pre Evacuate Collection Set: 0.2ms
[1.921s][info][gc,phases   ] GC(10)   Merge Heap Roots: 0.2ms
[1.921s][info][gc,phases   ] GC(10)   Evacuate Collection Set: 24.0ms
[1.921s][info][gc,phases   ] GC(10)   Post Evacuate Collection Set: 0.5ms
[1.921s][info][gc,phases   ] GC(10)   Other: 0.1ms
[1.921s][info][gc,heap     ] GC(10) Eden regions: 299->0(283)
[1.921s][info][gc,heap     ] GC(10) Survivor regions: 25->41(41)
[1.921s][info][gc,heap     ] GC(10) Old regions: 97->125
[1.921s][info][gc,heap     ] GC(10) Humongous regions: 4->3
[1.921s][info][gc,metaspace] GC(10) Metaspace: 1692K(1792K)->1692K(1792K) NonClass: 1557K(1600K)->1557K(1600K) Class: 134K(192K)->134K(192K)
[1.921s][info][gc          ] GC(10) Pause Young (Normal) (G1 Evacuation Pause) 849M->337M(2166M) 25.260ms
[1.921s][info][gc,cpu      ] GC(10) User=0.08s Sys=0.08s Real=0.02s
[2.176s][info][gc,start    ] GC(11) Pause Young (Normal) (G1 Evacuation Pause)
[2.176s][info][gc,task     ] GC(11) Using 10 workers of 10 for evacuation
[2.201s][info][gc,phases   ] GC(11)   Pre Evacuate Collection Set: 0.2ms
[2.201s][info][gc,phases   ] GC(11)   Merge Heap Roots: 0.2ms
[2.201s][info][gc,phases   ] GC(11)   Evacuate Collection Set: 23.6ms
[2.201s][info][gc,phases   ] GC(11)   Post Evacuate Collection Set: 0.7ms
[2.201s][info][gc,phases   ] GC(11)   Other: 0.1ms
[2.201s][info][gc,heap     ] GC(11) Eden regions: 262->0(327)
[2.201s][info][gc,heap     ] GC(11) Survivor regions: 41->38(38)
[2.201s][info][gc,heap     ] GC(11) Old regions: 125->169
[2.201s][info][gc,heap     ] GC(11) Humongous regions: 6->6
[2.201s][info][gc,metaspace] GC(11) Metaspace: 1692K(1792K)->1692K(1792K) NonClass: 1557K(1600K)->1557K(1600K) Class: 134K(192K)->134K(192K)
[2.201s][info][gc          ] GC(11) Pause Young (Normal) (G1 Evacuation Pause) 867M->424M(2166M) 24.978ms
[2.201s][info][gc,cpu      ] GC(11) User=0.06s Sys=0.09s Real=0.02s
[2.502s][info][gc,start    ] GC(12) Pause Young (Normal) (G1 Evacuation Pause)
[2.503s][info][gc,task     ] GC(12) Using 10 workers of 10 for evacuation
[2.531s][info][gc,phases   ] GC(12)   Pre Evacuate Collection Set: 0.2ms
[2.531s][info][gc,phases   ] GC(12)   Merge Heap Roots: 0.2ms
[2.531s][info][gc,phases   ] GC(12)   Evacuate Collection Set: 27.6ms
[2.531s][info][gc,phases   ] GC(12)   Post Evacuate Collection Set: 0.6ms
[2.531s][info][gc,phases   ] GC(12)   Other: 0.1ms
[2.531s][info][gc,heap     ] GC(12) Eden regions: 322->0(577)
[2.531s][info][gc,heap     ] GC(12) Survivor regions: 38->45(45)
[2.531s][info][gc,heap     ] GC(12) Old regions: 169->211
[2.531s][info][gc,heap     ] GC(12) Humongous regions: 6->6
[2.531s][info][gc,metaspace] GC(12) Metaspace: 1692K(1792K)->1692K(1792K) NonClass: 1557K(1600K)->1557K(1600K) Class: 134K(192K)->134K(192K)
[2.532s][info][gc          ] GC(12) Pause Young (Normal) (G1 Evacuation Pause) 1068M->523M(2166M) 29.014ms
[2.532s][info][gc,cpu      ] GC(12) User=0.05s Sys=0.11s Real=0.03s
[3.065s][info][gc,start    ] GC(13) Pause Young (Normal) (G1 Evacuation Pause)
[3.065s][info][gc,task     ] GC(13) Using 10 workers of 10 for evacuation
[3.099s][info][gc,phases   ] GC(13)   Pre Evacuate Collection Set: 0.2ms
[3.099s][info][gc,phases   ] GC(13)   Merge Heap Roots: 0.2ms
[3.099s][info][gc,phases   ] GC(13)   Evacuate Collection Set: 32.4ms
[3.099s][info][gc,phases   ] GC(13)   Post Evacuate Collection Set: 0.9ms
[3.099s][info][gc,phases   ] GC(13)   Other: 0.1ms
[3.099s][info][gc,heap     ] GC(13) Eden regions: 520->0(481)
[3.099s][info][gc,heap     ] GC(13) Survivor regions: 45->71(71)
[3.099s][info][gc,heap     ] GC(13) Old regions: 211->263
[3.099s][info][gc,heap     ] GC(13) Humongous regions: 8->6
[3.099s][info][gc,metaspace] GC(13) Metaspace: 1692K(1792K)->1692K(1792K) NonClass: 1557K(1600K)->1557K(1600K) Class: 134K(192K)->134K(192K)
[3.099s][info][gc          ] GC(13) Pause Young (Normal) (G1 Evacuation Pause) 1567M->678M(2166M) 34.132ms
[3.099s][info][gc,cpu      ] GC(13) User=0.19s Sys=0.12s Real=0.03s
[3.540s][info][gc,start    ] GC(14) Pause Young (Normal) (G1 Evacuation Pause)
[3.541s][info][gc,task     ] GC(14) Using 10 workers of 10 for evacuation
[3.577s][info][gc,phases   ] GC(14)   Pre Evacuate Collection Set: 0.3ms
[3.577s][info][gc,phases   ] GC(14)   Merge Heap Roots: 0.2ms
[3.577s][info][gc,phases   ] GC(14)   Evacuate Collection Set: 34.6ms
[3.577s][info][gc,phases   ] GC(14)   Post Evacuate Collection Set: 0.8ms
[3.577s][info][gc,phases   ] GC(14)   Other: 0.1ms
[3.577s][info][gc,heap     ] GC(14) Eden regions: 465->0(465)
[3.577s][info][gc,heap     ] GC(14) Survivor regions: 71->67(67)
[3.577s][info][gc,heap     ] GC(14) Old regions: 263->337
[3.577s][info][gc,heap     ] GC(14) Humongous regions: 11->6
[3.577s][info][gc,metaspace] GC(14) Metaspace: 1692K(1792K)->1692K(1792K) NonClass: 1557K(1600K)->1557K(1600K) Class: 134K(192K)->134K(192K)
[3.577s][info][gc          ] GC(14) Pause Young (Normal) (G1 Evacuation Pause) 1618M->819M(2166M) 36.307ms
[3.577s][info][gc,cpu      ] GC(14) User=0.11s Sys=0.20s Real=0.04s
[4.017s][info][gc,start    ] GC(15) Pause Young (Normal) (G1 Evacuation Pause)
[4.017s][info][gc,task     ] GC(15) Using 10 workers of 10 for evacuation
[4.050s][info][gc,phases   ] GC(15)   Pre Evacuate Collection Set: 0.3ms
[4.050s][info][gc,phases   ] GC(15)   Merge Heap Roots: 0.2ms
[4.050s][info][gc,phases   ] GC(15)   Evacuate Collection Set: 31.5ms
[4.050s][info][gc,phases   ] GC(15)   Post Evacuate Collection Set: 0.8ms
[4.050s][info][gc,phases   ] GC(15)   Other: 0.1ms
[4.050s][info][gc,heap     ] GC(15) Eden regions: 465->0(425)
[4.050s][info][gc,heap     ] GC(15) Survivor regions: 67->67(67)
[4.050s][info][gc,heap     ] GC(15) Old regions: 337->409
[4.050s][info][gc,heap     ] GC(15) Humongous regions: 14->6
[4.050s][info][gc,metaspace] GC(15) Metaspace: 1692K(1792K)->1692K(1792K) NonClass: 1557K(1600K)->1557K(1600K) Class: 134K(192K)->134K(192K)
[4.050s][info][gc          ] GC(15) Pause Young (Normal) (G1 Evacuation Pause) 1765M->964M(2166M) 33.180ms
[4.050s][info][gc,cpu      ] GC(15) User=0.25s Sys=0.06s Real=0.03s
[4.465s][info][gc,start    ] GC(16) Pause Young (Normal) (G1 Evacuation Pause)
[4.465s][info][gc,task     ] GC(16) Using 10 workers of 10 for evacuation
[4.499s][info][gc,phases   ] GC(16)   Pre Evacuate Collection Set: 0.3ms
[4.499s][info][gc,phases   ] GC(16)   Merge Heap Roots: 0.3ms
[4.499s][info][gc,phases   ] GC(16)   Evacuate Collection Set: 33.1ms
[4.499s][info][gc,phases   ] GC(16)   Post Evacuate Collection Set: 0.8ms
[4.499s][info][gc,phases   ] GC(16)   Other: 0.1ms
[4.499s][info][gc,heap     ] GC(16) Eden regions: 425->0(377)
[4.499s][info][gc,heap     ] GC(16) Survivor regions: 67->62(62)
[4.499s][info][gc,heap     ] GC(16) Old regions: 409->481
[4.499s][info][gc,heap     ] GC(16) Humongous regions: 14->11
[4.500s][info][gc,metaspace] GC(16) Metaspace: 1693K(1792K)->1693K(1792K) NonClass: 1558K(1600K)->1558K(1600K) Class: 134K(192K)->134K(192K)
[4.500s][info][gc          ] GC(16) Pause Young (Normal) (G1 Evacuation Pause) 1830M->1108M(2166M) 34.711ms
[4.500s][info][gc,cpu      ] GC(16) User=0.30s Sys=0.02s Real=0.03s
[4.623s][info][gc,start    ] GC(17) Pause Young (Concurrent Start) (G1 Humongous Allocation)
[4.623s][info][gc,task     ] GC(17) Using 10 workers of 10 for evacuation
[4.645s][info][gc,phases   ] GC(17)   Pre Evacuate Collection Set: 0.3ms
[4.645s][info][gc,phases   ] GC(17)   Merge Heap Roots: 0.2ms
[4.645s][info][gc,phases   ] GC(17)   Evacuate Collection Set: 21.2ms
[4.645s][info][gc,phases   ] GC(17)   Post Evacuate Collection Set: 0.7ms
[4.645s][info][gc,phases   ] GC(17)   Other: 0.2ms
[4.645s][info][gc,heap     ] GC(17) Eden regions: 130->0(365)
[4.645s][info][gc,heap     ] GC(17) Survivor regions: 62->23(55)
[4.645s][info][gc,heap     ] GC(17) Old regions: 481->545
[4.645s][info][gc,heap     ] GC(17) Humongous regions: 11->11
[4.645s][info][gc,metaspace] GC(17) Metaspace: 1693K(1792K)->1693K(1792K) NonClass: 1558K(1600K)->1558K(1600K) Class: 134K(192K)->134K(192K)
[4.645s][info][gc          ] GC(17) Pause Young (Concurrent Start) (G1 Humongous Allocation) 1367M->1157M(2166M) 22.758ms
[4.645s][info][gc,cpu      ] GC(17) User=0.31s Sys=0.00s Real=0.02s
[4.645s][info][gc          ] GC(18) Concurrent Mark Cycle
[4.645s][info][gc,marking  ] GC(18) Concurrent Scan Root Regions
[4.653s][info][gc,marking  ] GC(18) Concurrent Scan Root Regions 8.009ms
[4.653s][info][gc,marking  ] GC(18) Concurrent Mark
[4.653s][info][gc,marking  ] GC(18) Concurrent Mark From Roots
[4.653s][info][gc,task     ] GC(18) Using 3 workers of 3 for marking
[4.713s][info][gc,marking  ] GC(18) Concurrent Mark From Roots 59.177ms
[4.713s][info][gc,marking  ] GC(18) Concurrent Preclean
[4.713s][info][gc,marking  ] GC(18) Concurrent Preclean 0.019ms
[4.713s][info][gc,start    ] GC(18) Pause Remark
[4.716s][info][gc          ] GC(18) Pause Remark 1285M->1129M(2166M) 3.029ms
[4.716s][info][gc,cpu      ] GC(18) User=0.00s Sys=0.00s Real=0.00s
[4.716s][info][gc,marking  ] GC(18) Concurrent Mark 62.514ms
[4.716s][info][gc,marking  ] GC(18) Concurrent Rebuild Remembered Sets and Scrub Regions
[4.756s][info][gc,marking  ] GC(18) Concurrent Rebuild Remembered Sets and Scrub Regions 39.925ms
[4.756s][info][gc,start    ] GC(18) Pause Cleanup
[4.756s][info][gc          ] GC(18) Pause Cleanup 1207M->1207M(2166M) 0.259ms
[4.756s][info][gc,cpu      ] GC(18) User=0.00s Sys=0.00s Real=0.00s
[4.756s][info][gc,marking  ] GC(18) Concurrent Clear Claimed Marks
[4.756s][info][gc,marking  ] GC(18) Concurrent Clear Claimed Marks 0.027ms
[4.756s][info][gc,marking  ] GC(18) Concurrent Cleanup for Next Mark
[4.760s][info][gc,marking  ] GC(18) Concurrent Cleanup for Next Mark 3.658ms
[4.760s][info][gc          ] GC(18) Concurrent Mark Cycle 114.753ms
[5.010s][info][gc,start    ] GC(19) Pause Young (Prepare Mixed) (G1 Evacuation Pause)
[5.010s][info][gc,task     ] GC(19) Using 10 workers of 10 for evacuation
[5.030s][info][gc,phases   ] GC(19)   Pre Evacuate Collection Set: 0.3ms
[5.030s][info][gc,phases   ] GC(19)   Merge Heap Roots: 0.2ms
[5.030s][info][gc,phases   ] GC(19)   Evacuate Collection Set: 18.3ms
[5.030s][info][gc,phases   ] GC(19)   Post Evacuate Collection Set: 0.9ms
[5.030s][info][gc,phases   ] GC(19)   Other: 0.1ms
[5.030s][info][gc,heap     ] GC(19) Eden regions: 365->0(382)
[5.030s][info][gc,heap     ] GC(19) Survivor regions: 23->49(49)
[5.030s][info][gc,heap     ] GC(19) Old regions: 473->501
[5.030s][info][gc,heap     ] GC(19) Humongous regions: 7->5
[5.030s][info][gc,metaspace] GC(19) Metaspace: 1693K(1792K)->1693K(1792K) NonClass: 1558K(1600K)->1558K(1600K) Class: 134K(192K)->134K(192K)
[5.030s][info][gc          ] GC(19) Pause Young (Prepare Mixed) (G1 Evacuation Pause) 1735M->1108M(2166M) 19.997ms
[5.030s][info][gc,cpu      ] GC(19) User=0.16s Sys=0.00s Real=0.02s
[5.402s][info][gc,start    ] GC(20) Pause Young (Mixed) (G1 Evacuation Pause)
[5.402s][info][gc,task     ] GC(20) Using 10 workers of 10 for evacuation
[5.428s][info][gc,phases   ] GC(20)   Pre Evacuate Collection Set: 0.3ms
[5.428s][info][gc,phases   ] GC(20)   Merge Heap Roots: 0.2ms
[5.428s][info][gc,phases   ] GC(20)   Evacuate Collection Set: 25.0ms
[5.428s][info][gc,phases   ] GC(20)   Post Evacuate Collection Set: 0.8ms
[5.428s][info][gc,phases   ] GC(20)   Other: 0.1ms
[5.428s][info][gc,heap     ] GC(20) Eden regions: 382->0(347)
[5.428s][info][gc,heap     ] GC(20) Survivor regions: 49->54(54)
[5.428s][info][gc,heap     ] GC(20) Old regions: 501->541
[5.428s][info][gc,heap     ] GC(20) Humongous regions: 5->5
[5.428s][info][gc,metaspace] GC(20) Metaspace: 1711K(1792K)->1711K(1792K) NonClass: 1575K(1600K)->1575K(1600K) Class: 136K(192K)->136K(192K)
[5.428s][info][gc          ] GC(20) Pause Young (Mixed) (G1 Evacuation Pause) 1872M->1199M(2166M) 26.649ms
[5.429s][info][gc,cpu      ] GC(20) User=0.31s Sys=0.00s Real=0.03s
[5.503s][info][gc,start    ] GC(21) Pause Young (Concurrent Start) (G1 Humongous Allocation)
[5.503s][info][gc,task     ] GC(21) Using 10 workers of 10 for evacuation
[5.520s][info][gc,phases   ] GC(21)   Pre Evacuate Collection Set: 0.3ms
[5.520s][info][gc,phases   ] GC(21)   Merge Heap Roots: 0.2ms
[5.520s][info][gc,phases   ] GC(21)   Evacuate Collection Set: 15.8ms
[5.520s][info][gc,phases   ] GC(21)   Post Evacuate Collection Set: 0.6ms
[5.520s][info][gc,phases   ] GC(21)   Other: 0.2ms
[5.520s][info][gc,heap     ] GC(21) Eden regions: 80->0(340)
[5.520s][info][gc,heap     ] GC(21) Survivor regions: 54->14(51)
[5.520s][info][gc,heap     ] GC(21) Old regions: 541->597
[5.520s][info][gc,heap     ] GC(21) Humongous regions: 5->5
[5.520s][info][gc,metaspace] GC(21) Metaspace: 1711K(1792K)->1711K(1792K) NonClass: 1575K(1600K)->1575K(1600K) Class: 136K(192K)->136K(192K)
[5.520s][info][gc          ] GC(21) Pause Young (Concurrent Start) (G1 Humongous Allocation) 1359M->1229M(2166M) 17.217ms
[5.520s][info][gc,cpu      ] GC(21) User=0.16s Sys=0.00s Real=0.02s
[5.520s][info][gc          ] GC(22) Concurrent Mark Cycle
[5.520s][info][gc,marking  ] GC(22) Concurrent Scan Root Regions
[5.521s][info][gc,marking  ] GC(22) Concurrent Scan Root Regions 1.167ms
[5.521s][info][gc,marking  ] GC(22) Concurrent Mark
[5.521s][info][gc,marking  ] GC(22) Concurrent Mark From Roots
[5.521s][info][gc,task     ] GC(22) Using 3 workers of 3 for marking
[5.591s][info][gc,marking  ] GC(22) Concurrent Mark From Roots 70.050ms
[5.591s][info][gc,marking  ] GC(22) Concurrent Preclean
[5.591s][info][gc,marking  ] GC(22) Concurrent Preclean 0.019ms
[5.591s][info][gc,start    ] GC(22) Pause Remark
[5.593s][info][gc          ] GC(22) Pause Remark 1357M->1331M(2224M) 1.438ms
[5.593s][info][gc,cpu      ] GC(22) User=0.00s Sys=0.00s Real=0.00s
[5.593s][info][gc,marking  ] GC(22) Concurrent Mark 71.789ms
[5.593s][info][gc,marking  ] GC(22) Concurrent Rebuild Remembered Sets and Scrub Regions
[5.634s][info][gc,marking  ] GC(22) Concurrent Rebuild Remembered Sets and Scrub Regions 40.587ms
[5.634s][info][gc,start    ] GC(22) Pause Cleanup
[5.634s][info][gc          ] GC(22) Pause Cleanup 1392M->1392M(2224M) 0.287ms
[5.634s][info][gc,cpu      ] GC(22) User=0.00s Sys=0.00s Real=0.00s
[5.634s][info][gc,marking  ] GC(22) Concurrent Clear Claimed Marks
[5.634s][info][gc,marking  ] GC(22) Concurrent Clear Claimed Marks 0.031ms
[5.634s][info][gc,marking  ] GC(22) Concurrent Cleanup for Next Mark
[5.637s][info][gc,marking  ] GC(22) Concurrent Cleanup for Next Mark 2.936ms
[5.637s][info][gc          ] GC(22) Concurrent Mark Cycle 117.211ms
[5.873s][info][gc,start    ] GC(23) Pause Young (Prepare Mixed) (G1 Evacuation Pause)
[5.873s][info][gc,task     ] GC(23) Using 10 workers of 10 for evacuation
[5.890s][info][gc,phases   ] GC(23)   Pre Evacuate Collection Set: 0.2ms
[5.890s][info][gc,phases   ] GC(23)   Merge Heap Roots: 0.2ms
[5.890s][info][gc,phases   ] GC(23)   Evacuate Collection Set: 15.6ms
[5.890s][info][gc,phases   ] GC(23)   Post Evacuate Collection Set: 0.6ms
[5.890s][info][gc,phases   ] GC(23)   Other: 0.1ms
[5.890s][info][gc,heap     ] GC(23) Eden regions: 340->0(332)
[5.890s][info][gc,heap     ] GC(23) Survivor regions: 14->45(45)
[5.890s][info][gc,heap     ] GC(23) Old regions: 584->604
[5.890s][info][gc,heap     ] GC(23) Humongous regions: 9->5
[5.890s][info][gc,metaspace] GC(23) Metaspace: 1711K(1792K)->1711K(1792K) NonClass: 1575K(1600K)->1575K(1600K) Class: 136K(192K)->136K(192K)
[5.890s][info][gc          ] GC(23) Pause Young (Prepare Mixed) (G1 Evacuation Pause) 1891M->1308M(2224M) 16.961ms
[5.890s][info][gc,cpu      ] GC(23) User=0.16s Sys=0.00s Real=0.02s
[6.217s][info][gc,start    ] GC(24) Pause Young (Mixed) (G1 Evacuation Pause)
[6.217s][info][gc,task     ] GC(24) Using 10 workers of 10 for evacuation
[6.242s][info][gc,phases   ] GC(24)   Pre Evacuate Collection Set: 0.3ms
[6.242s][info][gc,phases   ] GC(24)   Merge Heap Roots: 0.2ms
[6.242s][info][gc,phases   ] GC(24)   Evacuate Collection Set: 23.7ms
[6.242s][info][gc,phases   ] GC(24)   Post Evacuate Collection Set: 0.9ms
[6.242s][info][gc,phases   ] GC(24)   Other: 0.1ms
[6.242s][info][gc,heap     ] GC(24) Eden regions: 332->0(303)
[6.242s][info][gc,heap     ] GC(24) Survivor regions: 45->48(48)
[6.242s][info][gc,heap     ] GC(24) Old regions: 604->639
[6.242s][info][gc,heap     ] GC(24) Humongous regions: 7->5
[6.242s][info][gc,metaspace] GC(24) Metaspace: 1711K(1792K)->1711K(1792K) NonClass: 1575K(1600K)->1575K(1600K) Class: 136K(192K)->136K(192K)
[6.242s][info][gc          ] GC(24) Pause Young (Mixed) (G1 Evacuation Pause) 1976M->1383M(2224M) 25.402ms
[6.242s][info][gc,cpu      ] GC(24) User=0.31s Sys=0.00s Real=0.03s
[6.331s][info][gc,start    ] GC(25) Pause Young (Concurrent Start) (G1 Humongous Allocation)
[6.331s][info][gc,task     ] GC(25) Using 10 workers of 10 for evacuation
[6.346s][info][gc,phases   ] GC(25)   Pre Evacuate Collection Set: 0.2ms
[6.346s][info][gc,phases   ] GC(25)   Merge Heap Roots: 0.2ms
[6.346s][info][gc,phases   ] GC(25)   Evacuate Collection Set: 14.4ms
[6.346s][info][gc,phases   ] GC(25)   Post Evacuate Collection Set: 0.5ms
[6.346s][info][gc,phases   ] GC(25)   Other: 0.2ms
[6.346s][info][gc,heap     ] GC(25) Eden regions: 89->0(299)
[6.346s][info][gc,heap     ] GC(25) Survivor regions: 48->17(44)
[6.346s][info][gc,heap     ] GC(25) Old regions: 639->688
[6.346s][info][gc,heap     ] GC(25) Humongous regions: 5->5
[6.346s][info][gc,metaspace] GC(25) Metaspace: 1711K(1792K)->1711K(1792K) NonClass: 1575K(1600K)->1575K(1600K) Class: 136K(192K)->136K(192K)
[6.346s][info][gc          ] GC(25) Pause Young (Concurrent Start) (G1 Humongous Allocation) 1560M->1417M(2224M) 15.604ms
[6.346s][info][gc,cpu      ] GC(25) User=0.16s Sys=0.00s Real=0.02s
[6.346s][info][gc          ] GC(26) Concurrent Mark Cycle
[6.346s][info][gc,marking  ] GC(26) Concurrent Scan Root Regions
[6.347s][info][gc,marking  ] GC(26) Concurrent Scan Root Regions 1.042ms
[6.347s][info][gc,marking  ] GC(26) Concurrent Mark
[6.347s][info][gc,marking  ] GC(26) Concurrent Mark From Roots
[6.347s][info][gc,task     ] GC(26) Using 3 workers of 3 for marking
[6.425s][info][gc,marking  ] GC(26) Concurrent Mark From Roots 77.980ms
[6.425s][info][gc,marking  ] GC(26) Concurrent Preclean
[6.425s][info][gc,marking  ] GC(26) Concurrent Preclean 0.019ms
[6.426s][info][gc,start    ] GC(26) Pause Remark
[6.431s][info][gc          ] GC(26) Pause Remark 1526M->1500M(2508M) 5.167ms
[6.431s][info][gc,cpu      ] GC(26) User=0.00s Sys=0.00s Real=0.01s
[6.431s][info][gc,marking  ] GC(26) Concurrent Mark 83.510ms
[6.431s][info][gc,marking  ] GC(26) Concurrent Rebuild Remembered Sets and Scrub Regions
[6.484s][info][gc,marking  ] GC(26) Concurrent Rebuild Remembered Sets and Scrub Regions 53.122ms
[6.484s][info][gc,start    ] GC(26) Pause Cleanup
[6.485s][info][gc          ] GC(26) Pause Cleanup 1570M->1570M(2508M) 0.327ms
[6.485s][info][gc,cpu      ] GC(26) User=0.00s Sys=0.00s Real=0.00s
[6.485s][info][gc,marking  ] GC(26) Concurrent Clear Claimed Marks
[6.485s][info][gc,marking  ] GC(26) Concurrent Clear Claimed Marks 0.033ms
[6.485s][info][gc,marking  ] GC(26) Concurrent Cleanup for Next Mark
[6.488s][info][gc,marking  ] GC(26) Concurrent Cleanup for Next Mark 3.776ms
[6.488s][info][gc          ] GC(26) Concurrent Mark Cycle 142.202ms
[6.766s][info][gc,start    ] GC(27) Pause Young (Prepare Mixed) (G1 Evacuation Pause)
[6.766s][info][gc,task     ] GC(27) Using 10 workers of 10 for evacuation
[6.783s][info][gc,phases   ] GC(27)   Pre Evacuate Collection Set: 0.3ms
[6.783s][info][gc,phases   ] GC(27)   Merge Heap Roots: 0.2ms
[6.783s][info][gc,phases   ] GC(27)   Evacuate Collection Set: 15.6ms
[6.783s][info][gc,phases   ] GC(27)   Post Evacuate Collection Set: 0.8ms
[6.783s][info][gc,phases   ] GC(27)   Other: 0.1ms
[6.783s][info][gc,heap     ] GC(27) Eden regions: 299->0(389)
[6.783s][info][gc,heap     ] GC(27) Survivor regions: 17->40(40)
[6.784s][info][gc,heap     ] GC(27) Old regions: 675->694
[6.784s][info][gc,heap     ] GC(27) Humongous regions: 6->5
[6.784s][info][gc,metaspace] GC(27) Metaspace: 1711K(1792K)->1711K(1792K) NonClass: 1575K(1600K)->1575K(1600K) Class: 136K(192K)->136K(192K)
[6.784s][info][gc          ] GC(27) Pause Young (Prepare Mixed) (G1 Evacuation Pause) 1991M->1476M(2508M) 17.160ms
[6.784s][info][gc,cpu      ] GC(27) User=0.16s Sys=0.00s Real=0.02s
[7.175s][info][gc,start    ] GC(28) Pause Young (Mixed) (G1 Evacuation Pause)
[7.175s][info][gc,task     ] GC(28) Using 10 workers of 10 for evacuation
[7.201s][info][gc,phases   ] GC(28)   Pre Evacuate Collection Set: 0.3ms
[7.201s][info][gc,phases   ] GC(28)   Merge Heap Roots: 0.2ms
[7.201s][info][gc,phases   ] GC(28)   Evacuate Collection Set: 24.8ms
[7.201s][info][gc,phases   ] GC(28)   Post Evacuate Collection Set: 0.7ms
[7.202s][info][gc,phases   ] GC(28)   Other: 0.1ms
[7.202s][info][gc,heap     ] GC(28) Eden regions: 389->0(347)
[7.202s][info][gc,heap     ] GC(28) Survivor regions: 40->54(54)
[7.202s][info][gc,heap     ] GC(28) Old regions: 694->724
[7.202s][info][gc,heap     ] GC(28) Humongous regions: 8->5
[7.202s][info][gc,metaspace] GC(28) Metaspace: 1712K(1792K)->1712K(1792K) NonClass: 1575K(1600K)->1575K(1600K) Class: 136K(192K)->136K(192K)
[7.202s][info][gc          ] GC(28) Pause Young (Mixed) (G1 Evacuation Pause) 2260M->1565M(2508M) 26.465ms
[7.202s][info][gc,cpu      ] GC(28) User=0.16s Sys=0.00s Real=0.03s
[7.435s][info][gc,start    ] GC(29) Pause Young (Concurrent Start) (G1 Humongous Allocation)
[7.435s][info][gc,task     ] GC(29) Using 10 workers of 10 for evacuation
[7.459s][info][gc,phases   ] GC(29)   Pre Evacuate Collection Set: 0.3ms
[7.459s][info][gc,phases   ] GC(29)   Merge Heap Roots: 0.2ms
[7.459s][info][gc,phases   ] GC(29)   Evacuate Collection Set: 22.4ms
[7.459s][info][gc,phases   ] GC(29)   Post Evacuate Collection Set: 0.7ms
[7.459s][info][gc,phases   ] GC(29)   Other: 0.2ms
[7.459s][info][gc,heap     ] GC(29) Eden regions: 232->0(317)
[7.459s][info][gc,heap     ] GC(29) Survivor regions: 54->36(51)
[7.459s][info][gc,heap     ] GC(29) Old regions: 724->779
[7.459s][info][gc,heap     ] GC(29) Humongous regions: 5->5
[7.459s][info][gc,metaspace] GC(29) Metaspace: 1712K(1792K)->1712K(1792K) NonClass: 1575K(1600K)->1575K(1600K) Class: 136K(192K)->136K(192K)
[7.459s][info][gc          ] GC(29) Pause Young (Concurrent Start) (G1 Humongous Allocation) 2029M->1638M(2508M) 24.072ms
[7.459s][info][gc,cpu      ] GC(29) User=0.31s Sys=0.00s Real=0.02s
[7.459s][info][gc          ] GC(30) Concurrent Mark Cycle
[7.459s][info][gc,marking  ] GC(30) Concurrent Scan Root Regions
[7.462s][info][gc,marking  ] GC(30) Concurrent Scan Root Regions 2.417ms
[7.462s][info][gc,marking  ] GC(30) Concurrent Mark
[7.462s][info][gc,marking  ] GC(30) Concurrent Mark From Roots
[7.462s][info][gc,task     ] GC(30) Using 3 workers of 3 for marking
[7.555s][info][gc,marking  ] GC(30) Concurrent Mark From Roots 93.207ms
[7.555s][info][gc,marking  ] GC(30) Concurrent Preclean
[7.555s][info][gc,marking  ] GC(30) Concurrent Preclean 0.032ms
[7.555s][info][gc,start    ] GC(30) Pause Remark
[7.561s][info][gc          ] GC(30) Pause Remark 1771M->1729M(2888M) 5.891ms
[7.561s][info][gc,cpu      ] GC(30) User=0.00s Sys=0.00s Real=0.01s
[7.561s][info][gc,marking  ] GC(30) Concurrent Mark 99.426ms
[7.561s][info][gc,marking  ] GC(30) Concurrent Rebuild Remembered Sets and Scrub Regions
[7.626s][info][gc,marking  ] GC(30) Concurrent Rebuild Remembered Sets and Scrub Regions 64.974ms
[7.626s][info][gc,start    ] GC(30) Pause Cleanup
[7.627s][info][gc          ] GC(30) Pause Cleanup 1821M->1821M(2888M) 0.417ms
[7.627s][info][gc,cpu      ] GC(30) User=0.00s Sys=0.00s Real=0.00s
[7.627s][info][gc,marking  ] GC(30) Concurrent Clear Claimed Marks
[7.627s][info][gc,marking  ] GC(30) Concurrent Clear Claimed Marks 0.033ms
[7.627s][info][gc,marking  ] GC(30) Concurrent Cleanup for Next Mark
[7.631s][info][gc,marking  ] GC(30) Concurrent Cleanup for Next Mark 4.537ms
[7.631s][info][gc          ] GC(30) Concurrent Mark Cycle 172.138ms
[7.885s][info][gc,start    ] GC(31) Pause Young (Prepare Mixed) (G1 Evacuation Pause)
[7.885s][info][gc,task     ] GC(31) Using 10 workers of 10 for evacuation
[7.908s][info][gc,phases   ] GC(31)   Pre Evacuate Collection Set: 0.3ms
[7.908s][info][gc,phases   ] GC(31)   Merge Heap Roots: 0.3ms
[7.908s][info][gc,phases   ] GC(31)   Evacuate Collection Set: 20.8ms
[7.908s][info][gc,phases   ] GC(31)   Post Evacuate Collection Set: 0.7ms
[7.908s][info][gc,phases   ] GC(31)   Other: 0.1ms
[7.908s][info][gc,heap     ] GC(31) Eden regions: 317->0(450)
[7.908s][info][gc,heap     ] GC(31) Survivor regions: 36->45(45)
[7.908s][info][gc,heap     ] GC(31) Old regions: 758->795
[7.908s][info][gc,heap     ] GC(31) Humongous regions: 9->5
[7.908s][info][gc,metaspace] GC(31) Metaspace: 1712K(1792K)->1712K(1792K) NonClass: 1575K(1600K)->1575K(1600K) Class: 136K(192K)->136K(192K)
[7.908s][info][gc          ] GC(31) Pause Young (Prepare Mixed) (G1 Evacuation Pause) 2238M->1689M(2888M) 22.505ms
[7.908s][info][gc,cpu      ] GC(31) User=0.31s Sys=0.00s Real=0.02s
[8.987s][info][gc,start    ] GC(32) Pause Young (Mixed) (G1 Evacuation Pause)
[8.987s][info][gc,task     ] GC(32) Using 10 workers of 10 for evacuation
[9.015s][info][gc,phases   ] GC(32)   Pre Evacuate Collection Set: 0.3ms
[9.015s][info][gc,phases   ] GC(32)   Merge Heap Roots: 0.3ms
[9.015s][info][gc,phases   ] GC(32)   Evacuate Collection Set: 25.9ms
[9.015s][info][gc,phases   ] GC(32)   Post Evacuate Collection Set: 1.0ms
[9.015s][info][gc,phases   ] GC(32)   Other: 0.1ms
[9.015s][info][gc,heap     ] GC(32) Eden regions: 450->0(435)
[9.015s][info][gc,heap     ] GC(32) Survivor regions: 45->39(62)
[9.015s][info][gc,heap     ] GC(32) Old regions: 795->827
[9.015s][info][gc,heap     ] GC(32) Humongous regions: 6->5
[9.015s][info][gc,metaspace] GC(32) Metaspace: 1713K(1792K)->1713K(1792K) NonClass: 1577K(1600K)->1577K(1600K) Class: 136K(192K)->136K(192K)
[9.015s][info][gc          ] GC(32) Pause Young (Mixed) (G1 Evacuation Pause) 2591M->1739M(2888M) 27.788ms
[9.015s][info][gc,cpu      ] GC(32) User=0.16s Sys=0.00s Real=0.03s
[10.297s][info][gc,start    ] GC(33) Pause Young (Concurrent Start) (G1 Humongous Allocation)
[10.297s][info][gc,task     ] GC(33) Using 10 workers of 10 for evacuation
[10.321s][info][gc,phases   ] GC(33)   Pre Evacuate Collection Set: 0.2ms
[10.321s][info][gc,phases   ] GC(33)   Merge Heap Roots: 0.3ms
[10.321s][info][gc,phases   ] GC(33)   Evacuate Collection Set: 23.0ms
[10.321s][info][gc,phases   ] GC(33)   Post Evacuate Collection Set: 0.6ms
[10.321s][info][gc,phases   ] GC(33)   Other: 0.2ms
[10.321s][info][gc,heap     ] GC(33) Eden regions: 386->0(447)
[10.321s][info][gc,heap     ] GC(33) Survivor regions: 39->11(60)
[10.321s][info][gc,heap     ] GC(33) Old regions: 827->865
[10.321s][info][gc,heap     ] GC(33) Humongous regions: 5->5
[10.321s][info][gc,metaspace] GC(33) Metaspace: 1721K(1856K)->1721K(1856K) NonClass: 1584K(1664K)->1584K(1664K) Class: 136K(192K)->136K(192K)
[10.321s][info][gc          ] GC(33) Pause Young (Concurrent Start) (G1 Humongous Allocation) 2510M->1762M(2888M) 24.565ms
[10.321s][info][gc,cpu      ] GC(33) User=0.31s Sys=0.00s Real=0.03s
[10.321s][info][gc          ] GC(34) Concurrent Mark Cycle
[10.321s][info][gc,marking  ] GC(34) Concurrent Scan Root Regions
[10.326s][info][gc,marking  ] GC(34) Concurrent Scan Root Regions 4.552ms
[10.326s][info][gc,marking  ] GC(34) Concurrent Mark
[10.326s][info][gc,marking  ] GC(34) Concurrent Mark From Roots
[10.326s][info][gc,task     ] GC(34) Using 3 workers of 3 for marking
[10.427s][info][gc,marking  ] GC(34) Concurrent Mark From Roots 100.678ms
[10.427s][info][gc,marking  ] GC(34) Concurrent Preclean
[10.427s][info][gc,marking  ] GC(34) Concurrent Preclean 0.020ms
[10.427s][info][gc,start    ] GC(34) Pause Remark
[10.428s][info][gc          ] GC(34) Pause Remark 1798M->1670M(2888M) 0.841ms
[10.428s][info][gc,cpu      ] GC(34) User=0.00s Sys=0.00s Real=0.00s
[10.428s][info][gc,marking  ] GC(34) Concurrent Mark 101.905ms
[10.428s][info][gc,marking  ] GC(34) Concurrent Rebuild Remembered Sets and Scrub Regions
[10.507s][info][gc,marking  ] GC(34) Concurrent Rebuild Remembered Sets and Scrub Regions 78.773ms
[10.507s][info][gc,start    ] GC(34) Pause Cleanup
[10.507s][info][gc          ] GC(34) Pause Cleanup 1712M->1712M(2888M) 0.408ms
[10.507s][info][gc,cpu      ] GC(34) User=0.00s Sys=0.00s Real=0.00s
[10.507s][info][gc,marking  ] GC(34) Concurrent Clear Claimed Marks
[10.507s][info][gc,marking  ] GC(34) Concurrent Clear Claimed Marks 0.049ms
[10.507s][info][gc,marking  ] GC(34) Concurrent Cleanup for Next Mark
[10.511s][info][gc,marking  ] GC(34) Concurrent Cleanup for Next Mark 3.511ms
[10.511s][info][gc          ] GC(34) Concurrent Mark Cycle 189.710ms
[11.931s][info][gc,start    ] GC(35) Pause Young (Prepare Mixed) (G1 Evacuation Pause)
[11.931s][info][gc,task     ] GC(35) Using 10 workers of 10 for evacuation
[11.966s][info][gc,phases   ] GC(35)   Pre Evacuate Collection Set: 0.3ms
[11.966s][info][gc,phases   ] GC(35)   Merge Heap Roots: 0.6ms
[11.966s][info][gc,phases   ] GC(35)   Evacuate Collection Set: 33.3ms
[11.966s][info][gc,phases   ] GC(35)   Post Evacuate Collection Set: 0.8ms
[11.966s][info][gc,phases   ] GC(35)   Other: 0.1ms
[11.966s][info][gc,heap     ] GC(35) Eden regions: 447->0(474)
[11.966s][info][gc,heap     ] GC(35) Survivor regions: 11->25(58)
[11.966s][info][gc,heap     ] GC(35) Old regions: 801->801
[11.966s][info][gc,heap     ] GC(35) Humongous regions: 14->14
[11.966s][info][gc,metaspace] GC(35) Metaspace: 1722K(1856K)->1722K(1856K) NonClass: 1586K(1664K)->1586K(1664K) Class: 136K(192K)->136K(192K)
[11.966s][info][gc          ] GC(35) Pause Young (Prepare Mixed) (G1 Evacuation Pause) 2546M->1679M(2888M) 35.265ms
[11.966s][info][gc,cpu      ] GC(35) User=0.30s Sys=0.02s Real=0.04s
[13.582s][info][gc,start    ] GC(36) Pause Young (Mixed) (G1 Evacuation Pause)
[13.582s][info][gc,task     ] GC(36) Using 10 workers of 10 for evacuation
[13.625s][info][gc,phases   ] GC(36)   Pre Evacuate Collection Set: 0.3ms
[13.625s][info][gc,phases   ] GC(36)   Merge Heap Roots: 0.5ms
[13.625s][info][gc,phases   ] GC(36)   Evacuate Collection Set: 41.5ms
[13.625s][info][gc,phases   ] GC(36)   Post Evacuate Collection Set: 0.9ms
[13.625s][info][gc,phases   ] GC(36)   Other: 0.1ms
[13.625s][info][gc,heap     ] GC(36) Eden regions: 474->0(487)
[13.625s][info][gc,heap     ] GC(36) Survivor regions: 25->36(63)
[13.625s][info][gc,heap     ] GC(36) Old regions: 801->785
[13.625s][info][gc,heap     ] GC(36) Humongous regions: 14->14
[13.625s][info][gc,metaspace] GC(36) Metaspace: 1722K(1856K)->1722K(1856K) NonClass: 1586K(1664K)->1586K(1664K) Class: 136K(192K)->136K(192K)
[13.625s][info][gc          ] GC(36) Pause Young (Mixed) (G1 Evacuation Pause) 2627M->1668M(2888M) 43.520ms
[13.626s][info][gc,cpu      ] GC(36) User=0.31s Sys=0.02s Real=0.04s
[15.294s][info][gc,start    ] GC(37) Pause Young (Concurrent Start) (G1 Evacuation Pause)
[15.294s][info][gc,task     ] GC(37) Using 10 workers of 10 for evacuation
[15.341s][info][gc,phases   ] GC(37)   Pre Evacuate Collection Set: 0.3ms
[15.341s][info][gc,phases   ] GC(37)   Merge Heap Roots: 0.5ms
[15.341s][info][gc,phases   ] GC(37)   Evacuate Collection Set: 45.4ms
[15.341s][info][gc,phases   ] GC(37)   Post Evacuate Collection Set: 0.9ms
[15.341s][info][gc,phases   ] GC(37)   Other: 0.2ms
[15.341s][info][gc,heap     ] GC(37) Eden regions: 487->0(489)
[15.341s][info][gc,heap     ] GC(37) Survivor regions: 36->37(66)
[15.341s][info][gc,heap     ] GC(37) Old regions: 785->794
[15.341s][info][gc,heap     ] GC(37) Humongous regions: 14->14
[15.341s][info][gc,metaspace] GC(37) Metaspace: 1722K(1856K)->1722K(1856K) NonClass: 1586K(1664K)->1586K(1664K) Class: 136K(192K)->136K(192K)
[15.342s][info][gc          ] GC(37) Pause Young (Concurrent Start) (G1 Evacuation Pause) 2642M->1689M(2888M) 47.517ms
[15.342s][info][gc,cpu      ] GC(37) User=0.47s Sys=0.00s Real=0.05s
[15.342s][info][gc          ] GC(38) Concurrent Mark Cycle
[15.342s][info][gc,marking  ] GC(38) Concurrent Scan Root Regions
[15.368s][info][gc,marking  ] GC(38) Concurrent Scan Root Regions 26.119ms
[15.368s][info][gc,marking  ] GC(38) Concurrent Mark
[15.368s][info][gc,marking  ] GC(38) Concurrent Mark From Roots
[15.368s][info][gc,task     ] GC(38) Using 3 workers of 3 for marking
[15.472s][info][gc,marking  ] GC(38) Concurrent Mark From Roots 103.901ms
[15.472s][info][gc,marking  ] GC(38) Concurrent Preclean
[15.472s][info][gc,marking  ] GC(38) Concurrent Preclean 0.020ms
[15.472s][info][gc,start    ] GC(38) Pause Remark
[15.476s][info][gc          ] GC(38) Pause Remark 1756M->1470M(2888M) 4.523ms
[15.476s][info][gc,cpu      ] GC(38) User=0.00s Sys=0.00s Real=0.00s
[15.476s][info][gc,marking  ] GC(38) Concurrent Mark 108.720ms
[15.477s][info][gc,marking  ] GC(38) Concurrent Rebuild Remembered Sets and Scrub Regions
[15.562s][info][gc,marking  ] GC(38) Concurrent Rebuild Remembered Sets and Scrub Regions 85.843ms
[15.562s][info][gc,start    ] GC(38) Pause Cleanup
[15.563s][info][gc          ] GC(38) Pause Cleanup 1515M->1515M(2888M) 0.370ms
[15.563s][info][gc,cpu      ] GC(38) User=0.00s Sys=0.00s Real=0.00s
[15.563s][info][gc,marking  ] GC(38) Concurrent Clear Claimed Marks
[15.563s][info][gc,marking  ] GC(38) Concurrent Clear Claimed Marks 0.032ms
[15.563s][info][gc,marking  ] GC(38) Concurrent Cleanup for Next Mark
[15.566s][info][gc,marking  ] GC(38) Concurrent Cleanup for Next Mark 3.346ms
[15.566s][info][gc          ] GC(38) Concurrent Mark Cycle 224.876ms
[17.056s][info][gc,start    ] GC(39) Pause Young (Prepare Mixed) (G1 Evacuation Pause)
[17.056s][info][gc,task     ] GC(39) Using 10 workers of 10 for evacuation
[17.100s][info][gc,phases   ] GC(39)   Pre Evacuate Collection Set: 0.3ms
[17.100s][info][gc,phases   ] GC(39)   Merge Heap Roots: 0.7ms
[17.100s][info][gc,phases   ] GC(39)   Evacuate Collection Set: 41.7ms
[17.100s][info][gc,phases   ] GC(39)   Post Evacuate Collection Set: 1.0ms
[17.100s][info][gc,phases   ] GC(39)   Other: 0.1ms
[17.100s][info][gc,heap     ] GC(39) Eden regions: 489->0(581)
[17.100s][info][gc,heap     ] GC(39) Survivor regions: 37->35(66)
[17.100s][info][gc,heap     ] GC(39) Old regions: 656->671
[17.100s][info][gc,heap     ] GC(39) Humongous regions: 9->9
[17.100s][info][gc,metaspace] GC(39) Metaspace: 1722K(1856K)->1722K(1856K) NonClass: 1586K(1664K)->1586K(1664K) Class: 136K(192K)->136K(192K)
[17.100s][info][gc          ] GC(39) Pause Young (Prepare Mixed) (G1 Evacuation Pause) 2381M->1430M(2888M) 44.128ms
[17.100s][info][gc,cpu      ] GC(39) User=0.47s Sys=0.00s Real=0.04s
[19.084s][info][gc,start    ] GC(40) Pause Young (Mixed) (G1 Evacuation Pause)
[19.084s][info][gc,task     ] GC(40) Using 10 workers of 10 for evacuation
[19.129s][info][gc,phases   ] GC(40)   Pre Evacuate Collection Set: 0.3ms
[19.129s][info][gc,phases   ] GC(40)   Merge Heap Roots: 0.9ms
[19.129s][info][gc,phases   ] GC(40)   Evacuate Collection Set: 42.5ms
[19.129s][info][gc,phases   ] GC(40)   Post Evacuate Collection Set: 0.9ms
[19.129s][info][gc,phases   ] GC(40)   Other: 0.1ms
[19.129s][info][gc,heap     ] GC(40) Eden regions: 581->0(615)
[19.129s][info][gc,heap     ] GC(40) Survivor regions: 35->47(77)
[19.129s][info][gc,heap     ] GC(40) Old regions: 671->653
[19.129s][info][gc,heap     ] GC(40) Humongous regions: 9->9
[19.129s][info][gc,metaspace] GC(40) Metaspace: 1722K(1856K)->1722K(1856K) NonClass: 1586K(1664K)->1586K(1664K) Class: 136K(192K)->136K(192K)
[19.129s][info][gc          ] GC(40) Pause Young (Mixed) (G1 Evacuation Pause) 2592M->1417M(2888M) 44.994ms
[19.129s][info][gc,cpu      ] GC(40) User=0.47s Sys=0.00s Real=0.04s
[21.212s][info][gc,start    ] GC(41) Pause Young (Concurrent Start) (G1 Evacuation Pause)
[21.212s][info][gc,task     ] GC(41) Using 10 workers of 10 for evacuation
[21.264s][info][gc,phases   ] GC(41)   Pre Evacuate Collection Set: 0.3ms
[21.264s][info][gc,phases   ] GC(41)   Merge Heap Roots: 0.6ms
[21.264s][info][gc,phases   ] GC(41)   Evacuate Collection Set: 50.1ms
[21.264s][info][gc,phases   ] GC(41)   Post Evacuate Collection Set: 1.0ms
[21.264s][info][gc,phases   ] GC(41)   Other: 0.2ms
[21.264s][info][gc,heap     ] GC(41) Eden regions: 615->0(598)
[21.264s][info][gc,heap     ] GC(41) Survivor regions: 47->50(83)
[21.264s][info][gc,heap     ] GC(41) Old regions: 653->664
[21.264s][info][gc,heap     ] GC(41) Humongous regions: 9->9
[21.264s][info][gc,metaspace] GC(41) Metaspace: 1722K(1856K)->1722K(1856K) NonClass: 1586K(1664K)->1586K(1664K) Class: 136K(192K)->136K(192K)
[21.264s][info][gc          ] GC(41) Pause Young (Concurrent Start) (G1 Evacuation Pause) 2647M->1445M(2888M) 52.468ms
[21.264s][info][gc,cpu      ] GC(41) User=0.47s Sys=0.00s Real=0.05s
[21.264s][info][gc          ] GC(42) Concurrent Mark Cycle
[21.264s][info][gc,marking  ] GC(42) Concurrent Scan Root Regions
[21.279s][info][gc,marking  ] GC(42) Concurrent Scan Root Regions 15.254ms
[21.279s][info][gc,marking  ] GC(42) Concurrent Mark
[21.279s][info][gc,marking  ] GC(42) Concurrent Mark From Roots
[21.280s][info][gc,task     ] GC(42) Using 3 workers of 3 for marking
[21.417s][info][gc,marking  ] GC(42) Concurrent Mark From Roots 137.592ms
[21.417s][info][gc,marking  ] GC(42) Concurrent Preclean
[21.417s][info][gc,marking  ] GC(42) Concurrent Preclean 0.019ms
[21.417s][info][gc,start    ] GC(42) Pause Remark
[21.418s][info][gc          ] GC(42) Pause Remark 1527M->1149M(2888M) 1.019ms
[21.418s][info][gc,cpu      ] GC(42) User=0.00s Sys=0.00s Real=0.00s
[21.418s][info][gc,marking  ] GC(42) Concurrent Mark 138.931ms
[21.418s][info][gc,marking  ] GC(42) Concurrent Rebuild Remembered Sets and Scrub Regions
[21.535s][info][gc,marking  ] GC(42) Concurrent Rebuild Remembered Sets and Scrub Regions 116.730ms
[21.535s][info][gc,start    ] GC(42) Pause Cleanup
[21.536s][info][gc          ] GC(42) Pause Cleanup 1213M->1213M(2888M) 0.346ms
[21.536s][info][gc,cpu      ] GC(42) User=0.00s Sys=0.00s Real=0.00s
[21.536s][info][gc,marking  ] GC(42) Concurrent Clear Claimed Marks
[21.536s][info][gc,marking  ] GC(42) Concurrent Clear Claimed Marks 0.027ms
[21.536s][info][gc,marking  ] GC(42) Concurrent Cleanup for Next Mark
[21.540s][info][gc,marking  ] GC(42) Concurrent Cleanup for Next Mark 3.784ms
[21.540s][info][gc          ] GC(42) Concurrent Mark Cycle 275.444ms
[23.419s][info][gc,start    ] GC(43) Pause Young (Prepare Mixed) (G1 Evacuation Pause)
[23.419s][info][gc,task     ] GC(43) Using 10 workers of 10 for evacuation
[23.499s][info][gc,phases   ] GC(43)   Pre Evacuate Collection Set: 0.3ms
[23.499s][info][gc,phases   ] GC(43)   Merge Heap Roots: 1.4ms
[23.499s][info][gc,phases   ] GC(43)   Evacuate Collection Set: 76.5ms
[23.499s][info][gc,phases   ] GC(43)   Post Evacuate Collection Set: 1.2ms
[23.499s][info][gc,phases   ] GC(43)   Other: 0.1ms
[23.499s][info][gc,heap     ] GC(43) Eden regions: 598->0(743)
[23.499s][info][gc,heap     ] GC(43) Survivor regions: 50->58(81)
[23.499s][info][gc,heap     ] GC(43) Old regions: 475->486
[23.499s][info][gc,heap     ] GC(43) Humongous regions: 26->26
[23.499s][info][gc,metaspace] GC(43) Metaspace: 1722K(1856K)->1722K(1856K) NonClass: 1586K(1664K)->1586K(1664K) Class: 136K(192K)->136K(192K)
[23.499s][info][gc          ] GC(43) Pause Young (Prepare Mixed) (G1 Evacuation Pause) 2297M->1139M(2888M) 79.691ms
[23.499s][info][gc,cpu      ] GC(43) User=0.78s Sys=0.00s Real=0.08s
[26.046s][info][gc,start    ] GC(44) Pause Young (Mixed) (G1 Evacuation Pause)
[26.046s][info][gc,task     ] GC(44) Using 10 workers of 10 for evacuation
[26.129s][info][gc,phases   ] GC(44)   Pre Evacuate Collection Set: 0.3ms
[26.129s][info][gc,phases   ] GC(44)   Merge Heap Roots: 1.2ms
[26.129s][info][gc,phases   ] GC(44)   Evacuate Collection Set: 80.1ms
[26.129s][info][gc,phases   ] GC(44)   Post Evacuate Collection Set: 1.3ms
[26.129s][info][gc,phases   ] GC(44)   Other: 0.2ms
[26.129s][info][gc,heap     ] GC(44) Eden regions: 743->0(726)
[26.129s][info][gc,heap     ] GC(44) Survivor regions: 58->62(101)
[26.129s][info][gc,heap     ] GC(44) Old regions: 486->495
[26.129s][info][gc,heap     ] GC(44) Humongous regions: 26->26
[26.129s][info][gc,metaspace] GC(44) Metaspace: 1722K(1856K)->1722K(1856K) NonClass: 1586K(1664K)->1586K(1664K) Class: 136K(192K)->136K(192K)
[26.129s][info][gc          ] GC(44) Pause Young (Mixed) (G1 Evacuation Pause) 2625M->1164M(2888M) 83.418ms
[26.129s][info][gc,cpu      ] GC(44) User=0.94s Sys=0.00s Real=0.08s
[28.639s][info][gc,start    ] GC(45) Pause Young (Mixed) (G1 Evacuation Pause)
[28.639s][info][gc,task     ] GC(45) Using 10 workers of 10 for evacuation
[28.724s][info][gc,phases   ] GC(45)   Pre Evacuate Collection Set: 0.3ms
[28.724s][info][gc,phases   ] GC(45)   Merge Heap Roots: 1.1ms
[28.724s][info][gc,phases   ] GC(45)   Evacuate Collection Set: 82.3ms
[28.724s][info][gc,phases   ] GC(45)   Post Evacuate Collection Set: 1.1ms
[28.724s][info][gc,phases   ] GC(45)   Other: 0.1ms
[28.724s][info][gc,heap     ] GC(45) Eden regions: 726->0(722)
[28.724s][info][gc,heap     ] GC(45) Survivor regions: 62->64(99)
[28.724s][info][gc,heap     ] GC(45) Old regions: 495->495
[28.724s][info][gc,heap     ] GC(45) Humongous regions: 26->26
[28.724s][info][gc,metaspace] GC(45) Metaspace: 1722K(1856K)->1722K(1856K) NonClass: 1586K(1664K)->1586K(1664K) Class: 136K(192K)->136K(192K)
[28.724s][info][gc          ] GC(45) Pause Young (Mixed) (G1 Evacuation Pause) 2616M->1168M(2888M) 85.212ms
[28.724s][info][gc,cpu      ] GC(45) User=0.92s Sys=0.02s Real=0.09s
[30.652s][info][gc,start    ] GC(46) Pause Young (Concurrent Start) (G1 Humongous Allocation)
[30.652s][info][gc,task     ] GC(46) Using 10 workers of 10 for evacuation
[30.736s][info][gc,phases   ] GC(46)   Pre Evacuate Collection Set: 0.3ms
[30.736s][info][gc,phases   ] GC(46)   Merge Heap Roots: 0.9ms
[30.736s][info][gc,phases   ] GC(46)   Evacuate Collection Set: 81.9ms
[30.736s][info][gc,phases   ] GC(46)   Post Evacuate Collection Set: 1.0ms
[30.736s][info][gc,phases   ] GC(46)   Other: 0.2ms
[30.736s][info][gc,heap     ] GC(46) Eden regions: 552->0(710)
[30.736s][info][gc,heap     ] GC(46) Survivor regions: 64->63(99)
[30.736s][info][gc,heap     ] GC(46) Old regions: 495->509
[30.736s][info][gc,heap     ] GC(46) Humongous regions: 26->26
[30.736s][info][gc,metaspace] GC(46) Metaspace: 1860K(2048K)->1860K(2048K) NonClass: 1703K(1792K)->1703K(1792K) Class: 157K(256K)->157K(256K)
[30.736s][info][gc          ] GC(46) Pause Young (Concurrent Start) (G1 Humongous Allocation) 2272M->1195M(2888M) 84.542ms
[30.736s][info][gc,cpu      ] GC(46) User=0.94s Sys=0.00s Real=0.09s
[30.736s][info][gc          ] GC(47) Concurrent Mark Cycle
[30.736s][info][gc,marking  ] GC(47) Concurrent Scan Root Regions
[30.782s][info][gc,marking  ] GC(47) Concurrent Scan Root Regions 45.943ms
[30.782s][info][gc,marking  ] GC(47) Concurrent Mark
[30.782s][info][gc,marking  ] GC(47) Concurrent Mark From Roots
[30.782s][info][gc,task     ] GC(47) Using 3 workers of 3 for marking
[30.983s][info][gc,marking  ] GC(47) Concurrent Mark From Roots 200.368ms
[30.983s][info][gc,marking  ] GC(47) Concurrent Preclean
[30.983s][info][gc,marking  ] GC(47) Concurrent Preclean 0.019ms
[30.983s][info][gc,start    ] GC(47) Pause Remark
[30.984s][info][gc          ] GC(47) Pause Remark 1320M->766M(2560M) 1.191ms
[30.984s][info][gc,cpu      ] GC(47) User=0.00s Sys=0.00s Real=0.00s
[30.984s][info][gc,marking  ] GC(47) Concurrent Mark 202.055ms
[30.985s][info][gc,marking  ] GC(47) Concurrent Rebuild Remembered Sets and Scrub Regions
[31.174s][info][gc,marking  ] GC(47) Concurrent Rebuild Remembered Sets and Scrub Regions 189.355ms
[31.174s][info][gc,start    ] GC(47) Pause Cleanup
[31.174s][info][gc          ] GC(47) Pause Cleanup 780M->780M(2560M) 0.333ms
[31.174s][info][gc,cpu      ] GC(47) User=0.00s Sys=0.00s Real=0.00s
[31.175s][info][gc,marking  ] GC(47) Concurrent Clear Claimed Marks
[31.175s][info][gc,marking  ] GC(47) Concurrent Clear Claimed Marks 0.030ms
[31.175s][info][gc,marking  ] GC(47) Concurrent Cleanup for Next Mark
[31.177s][info][gc,marking  ] GC(47) Concurrent Cleanup for Next Mark 2.894ms
[31.177s][info][gc          ] GC(47) Concurrent Mark Cycle 441.110ms
[31.658s][info][gc,heap,exit] Heap
[31.659s][info][gc,heap,exit]  garbage-first heap   total 2621440K, used 812166K [0x0000000700000000, 0x0000000800000000)
[31.659s][info][gc,heap,exit]   region size 2048K, 107 young (219136K), 63 survivors (129024K)
[31.659s][info][gc,heap,exit]  Metaspace       used 1936K, committed 2112K, reserved 1114112K
[31.659s][info][gc,heap,exit]   class space    used 165K, committed 256K, reserved 1048576K
