[0.011s][info][gc,init] CardTable entry size: 512
[0.011s][info][gc     ] Using G1
[0.021s][info][gc,init] Version: 21.0.5+9-LTS-239 (release)
[0.021s][info][gc,init] CPUs: 12 total, 12 available
[0.021s][info][gc,init] Memory: 16190M
[0.021s][info][gc,init] Large Page Support: Disabled
[0.021s][info][gc,init] NUMA Support: Disabled
[0.021s][info][gc,init] Compressed Oops: Enabled (Zero based)
[0.021s][info][gc,init] Heap Region Size: 2M
[0.021s][info][gc,init] Heap Min Capacity: 2G
[0.021s][info][gc,init] Heap Initial Capacity: 2G
[0.021s][info][gc,init] Heap Max Capacity: 4G
[0.021s][info][gc,init] Pre-touch: Disabled
[0.021s][info][gc,init] Parallel Workers: 10
[0.021s][info][gc,init] Concurrent Workers: 3
[0.021s][info][gc,init] Concurrent Refinement Workers: 10
[0.021s][info][gc,init] Periodic GC: Disabled
[0.031s][info][gc,metaspace] CDS archive(s) mapped at: [0x000001901c000000-0x000001901cc90000-0x000001901cc90000), size 13172736, SharedBaseAddress: 0x000001901c000000, ArchiveRelocationMode: 1.
[0.031s][info][gc,metaspace] Compressed class space mapped at: 0x000001901d000000-0x000001905d000000, reserved size: 1073741824
[0.031s][info][gc,metaspace] Narrow klass base: 0x000001901c000000, Narrow klass shift: 0, Narrow klass range: 0x100000000
[0.389s][info][gc,start    ] GC(0) Pause Young (Normal) (G1 Evacuation Pause)
[0.390s][info][gc,task     ] GC(0) Using 10 workers of 10 for evacuation
[0.395s][info][gc,phases   ] GC(0)   Pre Evacuate Collection Set: 0.2ms
[0.395s][info][gc,phases   ] GC(0)   Merge Heap Roots: 0.1ms
[0.395s][info][gc,phases   ] GC(0)   Evacuate Collection Set: 4.7ms
[0.395s][info][gc,phases   ] GC(0)   Post Evacuate Collection Set: 0.4ms
[0.395s][info][gc,phases   ] GC(0)   Other: 0.7ms
[0.395s][info][gc,heap     ] GC(0) Eden regions: 51->0(50)
[0.395s][info][gc,heap     ] GC(0) Survivor regions: 0->4(7)
[0.395s][info][gc,heap     ] GC(0) Old regions: 0->0
[0.395s][info][gc,heap     ] GC(0) Humongous regions: 0->0
[0.396s][info][gc,metaspace] GC(0) Metaspace: 1666K(1792K)->1666K(1792K) NonClass: 1522K(1536K)->1522K(1536K) Class: 144K(256K)->144K(256K)
[0.396s][info][gc          ] GC(0) Pause Young (Normal) (G1 Evacuation Pause) 102M->7M(2048M) 6.571ms
[0.396s][info][gc,cpu      ] GC(0) User=0.00s Sys=0.00s Real=0.01s
[0.561s][info][gc,start    ] GC(1) Pause Young (Normal) (G1 Evacuation Pause)
[0.561s][info][gc,task     ] GC(1) Using 10 workers of 10 for evacuation
[0.567s][info][gc,phases   ] GC(1)   Pre Evacuate Collection Set: 0.2ms
[0.567s][info][gc,phases   ] GC(1)   Merge Heap Roots: 0.1ms
[0.567s][info][gc,phases   ] GC(1)   Evacuate Collection Set: 5.0ms
[0.567s][info][gc,phases   ] GC(1)   Post Evacuate Collection Set: 0.4ms
[0.567s][info][gc,phases   ] GC(1)   Other: 0.1ms
[0.567s][info][gc,heap     ] GC(1) Eden regions: 50->0(61)
[0.567s][info][gc,heap     ] GC(1) Survivor regions: 4->3(7)
[0.567s][info][gc,heap     ] GC(1) Old regions: 0->4
[0.567s][info][gc,heap     ] GC(1) Humongous regions: 0->0
[0.567s][info][gc,metaspace] GC(1) Metaspace: 1677K(1856K)->1677K(1856K) NonClass: 1533K(1600K)->1533K(1600K) Class: 144K(256K)->144K(256K)
[0.567s][info][gc          ] GC(1) Pause Young (Normal) (G1 Evacuation Pause) 107M->11M(2048M) 6.010ms
[0.567s][info][gc,cpu      ] GC(1) User=0.00s Sys=0.00s Real=0.01s
[0.752s][info][gc,start    ] GC(2) Pause Young (Normal) (G1 Evacuation Pause)
[0.753s][info][gc,task     ] GC(2) Using 10 workers of 10 for evacuation
[0.760s][info][gc,phases   ] GC(2)   Pre Evacuate Collection Set: 0.2ms
[0.760s][info][gc,phases   ] GC(2)   Merge Heap Roots: 0.2ms
[0.760s][info][gc,phases   ] GC(2)   Evacuate Collection Set: 6.3ms
[0.760s][info][gc,phases   ] GC(2)   Post Evacuate Collection Set: 0.3ms
[0.760s][info][gc,phases   ] GC(2)   Other: 0.1ms
[0.760s][info][gc,heap     ] GC(2) Eden regions: 61->0(80)
[0.760s][info][gc,heap     ] GC(2) Survivor regions: 3->6(8)
[0.760s][info][gc,heap     ] GC(2) Old regions: 4->4
[0.760s][info][gc,heap     ] GC(2) Humongous regions: 2->1
[0.760s][info][gc,metaspace] GC(2) Metaspace: 1688K(1856K)->1688K(1856K) NonClass: 1544K(1600K)->1544K(1600K) Class: 144K(256K)->144K(256K)
[0.760s][info][gc          ] GC(2) Pause Young (Normal) (G1 Evacuation Pause) 137M->19M(2048M) 7.396ms
[0.760s][info][gc,cpu      ] GC(2) User=0.00s Sys=0.00s Real=0.01s
[0.874s][info][gc,start    ] GC(3) Pause Young (Normal) (G1 Evacuation Pause)
[0.874s][info][gc,task     ] GC(3) Using 10 workers of 10 for evacuation
[0.883s][info][gc,phases   ] GC(3)   Pre Evacuate Collection Set: 0.2ms
[0.884s][info][gc,phases   ] GC(3)   Merge Heap Roots: 0.1ms
[0.884s][info][gc,phases   ] GC(3)   Evacuate Collection Set: 8.3ms
[0.884s][info][gc,phases   ] GC(3)   Post Evacuate Collection Set: 0.4ms
[0.884s][info][gc,phases   ] GC(3)   Other: 0.1ms
[0.884s][info][gc,heap     ] GC(3) Eden regions: 74->0(157)
[0.884s][info][gc,heap     ] GC(3) Survivor regions: 6->8(10)
[0.884s][info][gc,heap     ] GC(3) Old regions: 4->4
[0.884s][info][gc,heap     ] GC(3) Humongous regions: 1->1
[0.884s][info][gc,metaspace] GC(3) Metaspace: 1721K(1856K)->1721K(1856K) NonClass: 1577K(1600K)->1577K(1600K) Class: 144K(256K)->144K(256K)
[0.884s][info][gc          ] GC(3) Pause Young (Normal) (G1 Evacuation Pause) 167M->23M(2048M) 9.284ms
[0.884s][info][gc,cpu      ] GC(3) User=0.00s Sys=0.00s Real=0.01s
[1.076s][info][gc,heap,exit] Heap
[1.076s][info][gc,heap,exit]  garbage-first heap   total 2097152K, used 172861K [0x0000000700000000, 0x0000000800000000)
[1.076s][info][gc,heap,exit]   region size 2048K, 79 young (161792K), 8 survivors (16384K)
[1.076s][info][gc,heap,exit]  Metaspace       used 1947K, committed 2112K, reserved 1114112K
[1.076s][info][gc,heap,exit]   class space    used 173K, committed 256K, reserved 1048576K
