[0.010s][info][gc,init] CardTable entry size: 512
[0.010s][info][gc     ] Using G1
[0.019s][info][gc,init] Version: 21.0.5+9-LTS-239 (release)
[0.019s][info][gc,init] CPUs: 12 total, 12 available
[0.019s][info][gc,init] Memory: 16190M
[0.019s][info][gc,init] Large Page Support: Disabled
[0.019s][info][gc,init] NUMA Support: Disabled
[0.019s][info][gc,init] Compressed Oops: Enabled (Zero based)
[0.019s][info][gc,init] Heap Region Size: 2M
[0.019s][info][gc,init] Heap Min Capacity: 2G
[0.019s][info][gc,init] Heap Initial Capacity: 2G
[0.019s][info][gc,init] Heap Max Capacity: 4G
[0.019s][info][gc,init] Pre-touch: Disabled
[0.019s][info][gc,init] Parallel Workers: 10
[0.019s][info][gc,init] Concurrent Workers: 3
[0.020s][info][gc,init] Concurrent Refinement Workers: 10
[0.020s][info][gc,init] Periodic GC: Disabled
[0.028s][info][gc,metaspace] CDS archive(s) mapped at: [0x0000026231000000-0x0000026231c90000-0x0000026231c90000), size 13172736, SharedBaseAddress: 0x0000026231000000, ArchiveRelocationMode: 1.
[0.028s][info][gc,metaspace] Compressed class space mapped at: 0x0000026232000000-0x0000026272000000, reserved size: 1073741824
[0.028s][info][gc,metaspace] Narrow klass base: 0x0000026231000000, Narrow klass shift: 0, Narrow klass range: 0x100000000
[0.394s][info][gc,start    ] GC(0) Pause Young (Normal) (G1 Evacuation Pause)
[0.396s][info][gc,task     ] GC(0) Using 10 workers of 10 for evacuation
[0.401s][info][gc,phases   ] GC(0)   Pre Evacuate Collection Set: 0.3ms
[0.401s][info][gc,phases   ] GC(0)   Merge Heap Roots: 0.1ms
[0.401s][info][gc,phases   ] GC(0)   Evacuate Collection Set: 4.6ms
[0.401s][info][gc,phases   ] GC(0)   Post Evacuate Collection Set: 0.4ms
[0.401s][info][gc,phases   ] GC(0)   Other: 1.3ms
[0.401s][info][gc,heap     ] GC(0) Eden regions: 51->0(49)
[0.401s][info][gc,heap     ] GC(0) Survivor regions: 0->4(7)
[0.401s][info][gc,heap     ] GC(0) Old regions: 0->0
[0.401s][info][gc,heap     ] GC(0) Humongous regions: 0->0
[0.401s][info][gc,metaspace] GC(0) Metaspace: 1648K(1728K)->1648K(1728K) NonClass: 1508K(1536K)->1508K(1536K) Class: 139K(192K)->139K(192K)
[0.402s][info][gc          ] GC(0) Pause Young (Normal) (G1 Evacuation Pause) 102M->7M(2048M) 7.067ms
[0.402s][info][gc,cpu      ] GC(0) User=0.00s Sys=0.00s Real=0.01s
[0.568s][info][gc,start    ] GC(1) Pause Young (Normal) (G1 Evacuation Pause)
[0.568s][info][gc,task     ] GC(1) Using 10 workers of 10 for evacuation
[0.574s][info][gc,phases   ] GC(1)   Pre Evacuate Collection Set: 0.2ms
[0.575s][info][gc,phases   ] GC(1)   Merge Heap Roots: 0.1ms
[0.575s][info][gc,phases   ] GC(1)   Evacuate Collection Set: 5.5ms
[0.575s][info][gc,phases   ] GC(1)   Post Evacuate Collection Set: 0.3ms
[0.575s][info][gc,phases   ] GC(1)   Other: 0.1ms
[0.575s][info][gc,heap     ] GC(1) Eden regions: 49->0(61)
[0.575s][info][gc,heap     ] GC(1) Survivor regions: 4->3(7)
[0.575s][info][gc,heap     ] GC(1) Old regions: 0->4
[0.575s][info][gc,heap     ] GC(1) Humongous regions: 0->0
[0.575s][info][gc,metaspace] GC(1) Metaspace: 1659K(1728K)->1659K(1728K) NonClass: 1520K(1536K)->1520K(1536K) Class: 139K(192K)->139K(192K)
[0.575s][info][gc          ] GC(1) Pause Young (Normal) (G1 Evacuation Pause) 105M->11M(2048M) 6.460ms
[0.575s][info][gc,cpu      ] GC(1) User=0.17s Sys=0.02s Real=0.01s
[0.741s][info][gc,start    ] GC(2) Pause Young (Normal) (G1 Evacuation Pause)
[0.741s][info][gc,task     ] GC(2) Using 10 workers of 10 for evacuation
[0.749s][info][gc,phases   ] GC(2)   Pre Evacuate Collection Set: 0.2ms
[0.749s][info][gc,phases   ] GC(2)   Merge Heap Roots: 0.2ms
[0.749s][info][gc,phases   ] GC(2)   Evacuate Collection Set: 6.8ms
[0.749s][info][gc,phases   ] GC(2)   Post Evacuate Collection Set: 0.3ms
[0.749s][info][gc,phases   ] GC(2)   Other: 0.1ms
[0.749s][info][gc,heap     ] GC(2) Eden regions: 61->0(76)
[0.749s][info][gc,heap     ] GC(2) Survivor regions: 3->6(8)
[0.749s][info][gc,heap     ] GC(2) Old regions: 4->4
[0.749s][info][gc,heap     ] GC(2) Humongous regions: 2->1
[0.749s][info][gc,metaspace] GC(2) Metaspace: 1680K(1792K)->1680K(1792K) NonClass: 1540K(1600K)->1540K(1600K) Class: 139K(192K)->139K(192K)
[0.749s][info][gc          ] GC(2) Pause Young (Normal) (G1 Evacuation Pause) 137M->20M(2048M) 7.886ms
[0.749s][info][gc,cpu      ] GC(2) User=0.05s Sys=0.09s Real=0.01s
[0.859s][info][gc,start    ] GC(3) Pause Young (Normal) (G1 Evacuation Pause)
[0.859s][info][gc,task     ] GC(3) Using 10 workers of 10 for evacuation
[0.867s][info][gc,phases   ] GC(3)   Pre Evacuate Collection Set: 0.1ms
[0.867s][info][gc,phases   ] GC(3)   Merge Heap Roots: 0.1ms
[0.867s][info][gc,phases   ] GC(3)   Evacuate Collection Set: 7.7ms
[0.867s][info][gc,phases   ] GC(3)   Post Evacuate Collection Set: 0.3ms
[0.867s][info][gc,phases   ] GC(3)   Other: 0.1ms
[0.867s][info][gc,heap     ] GC(3) Eden regions: 71->0(109)
[0.867s][info][gc,heap     ] GC(3) Survivor regions: 6->8(10)
[0.867s][info][gc,heap     ] GC(3) Old regions: 4->6
[0.867s][info][gc,heap     ] GC(3) Humongous regions: 1->1
[0.867s][info][gc,metaspace] GC(3) Metaspace: 1693K(1792K)->1693K(1792K) NonClass: 1553K(1600K)->1553K(1600K) Class: 139K(192K)->139K(192K)
[0.867s][info][gc          ] GC(3) Pause Young (Normal) (G1 Evacuation Pause) 162M->28M(2048M) 8.592ms
[0.867s][info][gc,cpu      ] GC(3) User=0.00s Sys=0.00s Real=0.01s
[0.996s][info][gc,start    ] GC(4) Pause Young (Normal) (G1 Evacuation Pause)
[0.996s][info][gc,task     ] GC(4) Using 10 workers of 10 for evacuation
[1.006s][info][gc,phases   ] GC(4)   Pre Evacuate Collection Set: 0.2ms
[1.006s][info][gc,phases   ] GC(4)   Merge Heap Roots: 0.2ms
[1.006s][info][gc,phases   ] GC(4)   Evacuate Collection Set: 9.3ms
[1.006s][info][gc,phases   ] GC(4)   Post Evacuate Collection Set: 0.4ms
[1.006s][info][gc,phases   ] GC(4)   Other: 0.1ms
[1.006s][info][gc,heap     ] GC(4) Eden regions: 66->0(197)
[1.006s][info][gc,heap     ] GC(4) Survivor regions: 8->4(10)
[1.006s][info][gc,heap     ] GC(4) Old regions: 6->10
[1.006s][info][gc,heap     ] GC(4) Humongous regions: 3->3
[1.006s][info][gc,metaspace] GC(4) Metaspace: 1710K(1792K)->1710K(1792K) NonClass: 1571K(1600K)->1571K(1600K) Class: 139K(192K)->139K(192K)
[1.006s][info][gc          ] GC(4) Pause Young (Normal) (G1 Evacuation Pause) 164M->31M(2048M) 10.445ms
[1.006s][info][gc,cpu      ] GC(4) User=0.00s Sys=0.00s Real=0.01s
[1.104s][info][gc,heap,exit] Heap
[1.104s][info][gc,heap,exit]  garbage-first heap   total 2097152K, used 42480K [0x0000000700000000, 0x0000000800000000)
[1.104s][info][gc,heap,exit]   region size 2048K, 9 young (18432K), 4 survivors (8192K)
[1.104s][info][gc,heap,exit]  Metaspace       used 1932K, committed 2112K, reserved 1114112K
[1.104s][info][gc,heap,exit]   class space    used 168K, committed 256K, reserved 1048576K
