[0.012s][info][gc,init] CardTable entry size: 512
[0.012s][info][gc     ] Using G1
[0.020s][info][gc,init] Version: 21.0.5+9-LTS-239 (release)
[0.020s][info][gc,init] CPUs: 12 total, 12 available
[0.020s][info][gc,init] Memory: 16190M
[0.020s][info][gc,init] Large Page Support: Disabled
[0.020s][info][gc,init] NUMA Support: Disabled
[0.020s][info][gc,init] Compressed Oops: Enabled (Zero based)
[0.020s][info][gc,init] Heap Region Size: 2M
[0.020s][info][gc,init] Heap Min Capacity: 2G
[0.020s][info][gc,init] Heap Initial Capacity: 2G
[0.020s][info][gc,init] Heap Max Capacity: 4G
[0.020s][info][gc,init] Pre-touch: Disabled
[0.020s][info][gc,init] Parallel Workers: 10
[0.020s][info][gc,init] Concurrent Workers: 3
[0.021s][info][gc,init] Concurrent Refinement Workers: 10
[0.021s][info][gc,init] Periodic GC: Disabled
[0.028s][info][gc,metaspace] CDS archive(s) mapped at: [0x000001a70f000000-0x000001a70fc90000-0x000001a70fc90000), size 13172736, SharedBaseAddress: 0x000001a70f000000, ArchiveRelocationMode: 1.
[0.028s][info][gc,metaspace] Compressed class space mapped at: 0x000001a710000000-0x000001a750000000, reserved size: 1073741824
[0.028s][info][gc,metaspace] Narrow klass base: 0x000001a70f000000, Narrow klass shift: 0, Narrow klass range: 0x100000000
[0.404s][info][gc,start    ] GC(0) Pause Young (Normal) (G1 Evacuation Pause)
[0.405s][info][gc,task     ] GC(0) Using 10 workers of 10 for evacuation
[0.410s][info][gc,phases   ] GC(0)   Pre Evacuate Collection Set: 0.3ms
[0.410s][info][gc,phases   ] GC(0)   Merge Heap Roots: 0.1ms
[0.410s][info][gc,phases   ] GC(0)   Evacuate Collection Set: 4.3ms
[0.410s][info][gc,phases   ] GC(0)   Post Evacuate Collection Set: 0.4ms
[0.410s][info][gc,phases   ] GC(0)   Other: 0.6ms
[0.410s][info][gc,heap     ] GC(0) Eden regions: 51->0(46)
[0.410s][info][gc,heap     ] GC(0) Survivor regions: 0->5(7)
[0.410s][info][gc,heap     ] GC(0) Old regions: 0->0
[0.410s][info][gc,heap     ] GC(0) Humongous regions: 0->0
[0.411s][info][gc,metaspace] GC(0) Metaspace: 1653K(1728K)->1653K(1728K) NonClass: 1511K(1536K)->1511K(1536K) Class: 142K(192K)->142K(192K)
[0.411s][info][gc          ] GC(0) Pause Young (Normal) (G1 Evacuation Pause) 102M->9M(2048M) 6.109ms
[0.411s][info][gc,cpu      ] GC(0) User=0.12s Sys=0.05s Real=0.01s
[0.522s][info][gc,start    ] GC(1) Pause Young (Normal) (G1 Evacuation Pause)
[0.522s][info][gc,task     ] GC(1) Using 10 workers of 10 for evacuation
[0.527s][info][gc,phases   ] GC(1)   Pre Evacuate Collection Set: 0.2ms
[0.527s][info][gc,phases   ] GC(1)   Merge Heap Roots: 0.1ms
[0.527s][info][gc,phases   ] GC(1)   Evacuate Collection Set: 4.4ms
[0.527s][info][gc,phases   ] GC(1)   Post Evacuate Collection Set: 0.3ms
[0.527s][info][gc,phases   ] GC(1)   Other: 0.1ms
[0.527s][info][gc,heap     ] GC(1) Eden regions: 46->0(55)
[0.528s][info][gc,heap     ] GC(1) Survivor regions: 5->3(7)
[0.528s][info][gc,heap     ] GC(1) Old regions: 0->3
[0.528s][info][gc,heap     ] GC(1) Humongous regions: 0->0
[0.528s][info][gc,metaspace] GC(1) Metaspace: 1667K(1792K)->1667K(1792K) NonClass: 1525K(1600K)->1525K(1600K) Class: 142K(192K)->142K(192K)
[0.528s][info][gc          ] GC(1) Pause Young (Normal) (G1 Evacuation Pause) 101M->11M(2048M) 5.308ms
[0.528s][info][gc,cpu      ] GC(1) User=0.00s Sys=0.00s Real=0.01s
[0.655s][info][gc,start    ] GC(2) Pause Young (Normal) (G1 Evacuation Pause)
[0.655s][info][gc,task     ] GC(2) Using 10 workers of 10 for evacuation
[0.662s][info][gc,phases   ] GC(2)   Pre Evacuate Collection Set: 0.2ms
[0.662s][info][gc,phases   ] GC(2)   Merge Heap Roots: 0.1ms
[0.662s][info][gc,phases   ] GC(2)   Evacuate Collection Set: 6.3ms
[0.662s][info][gc,phases   ] GC(2)   Post Evacuate Collection Set: 0.3ms
[0.662s][info][gc,phases   ] GC(2)   Other: 0.1ms
[0.662s][info][gc,heap     ] GC(2) Eden regions: 55->0(92)
[0.662s][info][gc,heap     ] GC(2) Survivor regions: 3->8(8)
[0.662s][info][gc,heap     ] GC(2) Old regions: 3->3
[0.662s][info][gc,heap     ] GC(2) Humongous regions: 2->1
[0.662s][info][gc,metaspace] GC(2) Metaspace: 1675K(1792K)->1675K(1792K) NonClass: 1533K(1600K)->1533K(1600K) Class: 142K(192K)->142K(192K)
[0.662s][info][gc          ] GC(2) Pause Young (Normal) (G1 Evacuation Pause) 125M->23M(2048M) 7.311ms
[0.662s][info][gc,cpu      ] GC(2) User=0.09s Sys=0.09s Real=0.01s
[0.743s][info][gc,start    ] GC(3) Pause Young (Normal) (G1 Evacuation Pause)
[0.743s][info][gc,task     ] GC(3) Using 10 workers of 10 for evacuation
[0.752s][info][gc,phases   ] GC(3)   Pre Evacuate Collection Set: 0.2ms
[0.752s][info][gc,phases   ] GC(3)   Merge Heap Roots: 0.1ms
[0.752s][info][gc,phases   ] GC(3)   Evacuate Collection Set: 7.5ms
[0.752s][info][gc,phases   ] GC(3)   Post Evacuate Collection Set: 0.3ms
[0.752s][info][gc,phases   ] GC(3)   Other: 0.1ms
[0.752s][info][gc,heap     ] GC(3) Eden regions: 61->0(180)
[0.752s][info][gc,heap     ] GC(3) Survivor regions: 8->5(9)
[0.752s][info][gc,heap     ] GC(3) Old regions: 3->7
[0.752s][info][gc,heap     ] GC(3) Humongous regions: 1->1
[0.752s][info][gc,metaspace] GC(3) Metaspace: 1701K(1792K)->1701K(1792K) NonClass: 1559K(1600K)->1559K(1600K) Class: 142K(192K)->142K(192K)
[0.752s][info][gc          ] GC(3) Pause Young (Normal) (G1 Evacuation Pause) 145M->24M(2048M) 8.392ms
[0.752s][info][gc,cpu      ] GC(3) User=0.14s Sys=0.02s Real=0.01s
[0.852s][info][gc,start    ] GC(4) Pause Young (Normal) (G1 Evacuation Pause)
[0.852s][info][gc,task     ] GC(4) Using 10 workers of 10 for evacuation
[0.861s][info][gc,phases   ] GC(4)   Pre Evacuate Collection Set: 0.2ms
[0.861s][info][gc,phases   ] GC(4)   Merge Heap Roots: 0.2ms
[0.861s][info][gc,phases   ] GC(4)   Evacuate Collection Set: 8.5ms
[0.861s][info][gc,phases   ] GC(4)   Post Evacuate Collection Set: 0.3ms
[0.861s][info][gc,phases   ] GC(4)   Other: 0.1ms
[0.861s][info][gc,heap     ] GC(4) Eden regions: 91->0(143)
[0.861s][info][gc,heap     ] GC(4) Survivor regions: 5->9(12)
[0.861s][info][gc,heap     ] GC(4) Old regions: 7->7
[0.861s][info][gc,heap     ] GC(4) Humongous regions: 3->3
[0.861s][info][gc,metaspace] GC(4) Metaspace: 1720K(1792K)->1720K(1792K) NonClass: 1578K(1600K)->1578K(1600K) Class: 142K(192K)->142K(192K)
[0.861s][info][gc          ] GC(4) Pause Young (Normal) (G1 Evacuation Pause) 210M->36M(2048M) 9.498ms
[0.861s][info][gc,cpu      ] GC(4) User=0.03s Sys=0.12s Real=0.01s
[0.980s][info][gc,start    ] GC(5) Pause Young (Normal) (G1 Evacuation Pause)
[0.980s][info][gc,task     ] GC(5) Using 10 workers of 10 for evacuation
[0.990s][info][gc,phases   ] GC(5)   Pre Evacuate Collection Set: 0.2ms
[0.991s][info][gc,phases   ] GC(5)   Merge Heap Roots: 0.1ms
[0.991s][info][gc,phases   ] GC(5)   Evacuate Collection Set: 10.0ms
[0.991s][info][gc,phases   ] GC(5)   Post Evacuate Collection Set: 0.3ms
[0.991s][info][gc,phases   ] GC(5)   Other: 0.1ms
[0.991s][info][gc,heap     ] GC(5) Eden regions: 121->0(225)
[0.991s][info][gc,heap     ] GC(5) Survivor regions: 9->12(17)
[0.991s][info][gc,heap     ] GC(5) Old regions: 7->7
[0.991s][info][gc,heap     ] GC(5) Humongous regions: 3->3
[0.991s][info][gc,metaspace] GC(5) Metaspace: 1725K(1792K)->1725K(1792K) NonClass: 1583K(1600K)->1583K(1600K) Class: 142K(192K)->142K(192K)
[0.991s][info][gc          ] GC(5) Pause Young (Normal) (G1 Evacuation Pause) 278M->42M(2048M) 10.958ms
[0.991s][info][gc,cpu      ] GC(5) User=0.16s Sys=0.00s Real=0.01s
[1.187s][info][gc,start    ] GC(6) Pause Young (Normal) (G1 Evacuation Pause)
[1.187s][info][gc,task     ] GC(6) Using 10 workers of 10 for evacuation
[1.201s][info][gc,phases   ] GC(6)   Pre Evacuate Collection Set: 0.2ms
[1.201s][info][gc,phases   ] GC(6)   Merge Heap Roots: 0.1ms
[1.201s][info][gc,phases   ] GC(6)   Evacuate Collection Set: 13.4ms
[1.201s][info][gc,phases   ] GC(6)   Post Evacuate Collection Set: 0.4ms
[1.201s][info][gc,phases   ] GC(6)   Other: 0.1ms
[1.201s][info][gc,heap     ] GC(6) Eden regions: 207->0(351)
[1.201s][info][gc,heap     ] GC(6) Survivor regions: 12->17(28)
[1.201s][info][gc,heap     ] GC(6) Old regions: 7->7
[1.201s][info][gc,heap     ] GC(6) Humongous regions: 3->3
[1.201s][info][gc,metaspace] GC(6) Metaspace: 1725K(1792K)->1725K(1792K) NonClass: 1583K(1600K)->1583K(1600K) Class: 142K(192K)->142K(192K)
[1.201s][info][gc          ] GC(6) Pause Young (Normal) (G1 Evacuation Pause) 456M->52M(2048M) 14.466ms
[1.201s][info][gc,cpu      ] GC(6) User=0.16s Sys=0.00s Real=0.02s
[1.471s][info][gc,start    ] GC(7) Pause Young (Normal) (G1 Evacuation Pause)
[1.471s][info][gc,task     ] GC(7) Using 10 workers of 10 for evacuation
[1.493s][info][gc,phases   ] GC(7)   Pre Evacuate Collection Set: 0.2ms
[1.493s][info][gc,phases   ] GC(7)   Merge Heap Roots: 0.2ms
[1.493s][info][gc,phases   ] GC(7)   Evacuate Collection Set: 20.8ms
[1.493s][info][gc,phases   ] GC(7)   Post Evacuate Collection Set: 0.4ms
[1.493s][info][gc,phases   ] GC(7)   Other: 0.1ms
[1.493s][info][gc,heap     ] GC(7) Eden regions: 279->0(398)
[1.493s][info][gc,heap     ] GC(7) Survivor regions: 17->24(37)
[1.493s][info][gc,heap     ] GC(7) Old regions: 7->7
[1.493s][info][gc,heap     ] GC(7) Humongous regions: 6->6
[1.493s][info][gc,metaspace] GC(7) Metaspace: 1725K(1792K)->1725K(1792K) NonClass: 1583K(1600K)->1583K(1600K) Class: 142K(192K)->142K(192K)
[1.493s][info][gc          ] GC(7) Pause Young (Normal) (G1 Evacuation Pause) 616M->73M(2048M) 21.917ms
[1.493s][info][gc,cpu      ] GC(7) User=0.12s Sys=0.03s Real=0.02s
[1.833s][info][gc,start    ] GC(8) Pause Young (Normal) (G1 Evacuation Pause)
[1.833s][info][gc,task     ] GC(8) Using 10 workers of 10 for evacuation
[1.860s][info][gc,phases   ] GC(8)   Pre Evacuate Collection Set: 0.2ms
[1.860s][info][gc,phases   ] GC(8)   Merge Heap Roots: 0.2ms
[1.860s][info][gc,phases   ] GC(8)   Evacuate Collection Set: 25.5ms
[1.860s][info][gc,phases   ] GC(8)   Post Evacuate Collection Set: 0.5ms
[1.860s][info][gc,phases   ] GC(8)   Other: 0.1ms
[1.860s][info][gc,heap     ] GC(8) Eden regions: 359->0(504)
[1.860s][info][gc,heap     ] GC(8) Survivor regions: 24->32(48)
[1.860s][info][gc,heap     ] GC(8) Old regions: 7->7
[1.860s][info][gc,heap     ] GC(8) Humongous regions: 7->6
[1.860s][info][gc,metaspace] GC(8) Metaspace: 1725K(1792K)->1725K(1792K) NonClass: 1583K(1600K)->1583K(1600K) Class: 142K(192K)->142K(192K)
[1.860s][info][gc          ] GC(8) Pause Young (Normal) (G1 Evacuation Pause) 793M->89M(2048M) 26.771ms
[1.860s][info][gc,cpu      ] GC(8) User=0.16s Sys=0.00s Real=0.03s
[2.255s][info][gc,start    ] GC(9) Pause Young (Normal) (G1 Evacuation Pause)
[2.255s][info][gc,task     ] GC(9) Using 10 workers of 10 for evacuation
[2.292s][info][gc,phases   ] GC(9)   Pre Evacuate Collection Set: 0.2ms
[2.292s][info][gc,phases   ] GC(9)   Merge Heap Roots: 0.3ms
[2.292s][info][gc,phases   ] GC(9)   Evacuate Collection Set: 36.2ms
[2.292s][info][gc,phases   ] GC(9)   Post Evacuate Collection Set: 0.5ms
[2.292s][info][gc,phases   ] GC(9)   Other: 0.1ms
[2.292s][info][gc,heap     ] GC(9) Eden regions: 439->0(545)
[2.292s][info][gc,heap     ] GC(9) Survivor regions: 32->43(59)
[2.292s][info][gc,heap     ] GC(9) Old regions: 7->9
[2.292s][info][gc,heap     ] GC(9) Humongous regions: 12->11
[2.292s][info][gc,metaspace] GC(9) Metaspace: 1725K(1792K)->1725K(1792K) NonClass: 1583K(1600K)->1583K(1600K) Class: 142K(192K)->142K(192K)
[2.292s][info][gc          ] GC(9) Pause Young (Normal) (G1 Evacuation Pause) 979M->125M(2048M) 37.546ms
[2.292s][info][gc,cpu      ] GC(9) User=0.27s Sys=0.03s Real=0.04s
[2.604s][info][gc,start    ] GC(10) Pause Young (Normal) (G1 Evacuation Pause)
[2.604s][info][gc,task     ] GC(10) Using 10 workers of 10 for evacuation
[2.644s][info][gc,phases   ] GC(10)   Pre Evacuate Collection Set: 0.2ms
[2.644s][info][gc,phases   ] GC(10)   Merge Heap Roots: 0.3ms
[2.644s][info][gc,phases   ] GC(10)   Evacuate Collection Set: 38.4ms
[2.644s][info][gc,phases   ] GC(10)   Post Evacuate Collection Set: 0.9ms
[2.644s][info][gc,phases   ] GC(10)   Other: 0.1ms
[2.644s][info][gc,heap     ] GC(10) Eden regions: 350->0(608)
[2.644s][info][gc,heap     ] GC(10) Survivor regions: 43->31(50)
[2.644s][info][gc,heap     ] GC(10) Old regions: 9->33
[2.644s][info][gc,heap     ] GC(10) Humongous regions: 11->11
[2.644s][info][gc,metaspace] GC(10) Metaspace: 1725K(1792K)->1725K(1792K) NonClass: 1583K(1600K)->1583K(1600K) Class: 142K(192K)->142K(192K)
[2.644s][info][gc          ] GC(10) Pause Young (Normal) (G1 Evacuation Pause) 825M->149M(2130M) 40.133ms
[2.644s][info][gc,cpu      ] GC(10) User=0.33s Sys=0.14s Real=0.04s
[2.905s][info][gc,start    ] GC(11) Pause Young (Normal) (G1 Evacuation Pause)
[2.905s][info][gc,task     ] GC(11) Using 10 workers of 10 for evacuation
[2.930s][info][gc,phases   ] GC(11)   Pre Evacuate Collection Set: 0.2ms
[2.930s][info][gc,phases   ] GC(11)   Merge Heap Roots: 0.6ms
[2.930s][info][gc,phases   ] GC(11)   Evacuate Collection Set: 23.0ms
[2.930s][info][gc,phases   ] GC(11)   Post Evacuate Collection Set: 0.4ms
[2.930s][info][gc,phases   ] GC(11)   Other: 0.1ms
[2.930s][info][gc,heap     ] GC(11) Eden regions: 268->0(617)
[2.930s][info][gc,heap     ] GC(11) Survivor regions: 31->22(38)
[2.930s][info][gc,heap     ] GC(11) Old regions: 33->50
[2.930s][info][gc,heap     ] GC(11) Humongous regions: 11->11
[2.930s][info][gc,metaspace] GC(11) Metaspace: 1744K(1856K)->1744K(1856K) NonClass: 1601K(1664K)->1601K(1664K) Class: 143K(192K)->143K(192K)
[2.930s][info][gc          ] GC(11) Pause Young (Normal) (G1 Evacuation Pause) 685M->165M(2130M) 24.568ms
[2.930s][info][gc,cpu      ] GC(11) User=0.31s Sys=0.00s Real=0.02s
[3.486s][info][gc,start    ] GC(12) Pause Young (Normal) (G1 Evacuation Pause)
[3.486s][info][gc,task     ] GC(12) Using 10 workers of 10 for evacuation
[3.511s][info][gc,phases   ] GC(12)   Pre Evacuate Collection Set: 0.2ms
[3.511s][info][gc,phases   ] GC(12)   Merge Heap Roots: 0.4ms
[3.511s][info][gc,phases   ] GC(12)   Evacuate Collection Set: 23.4ms
[3.511s][info][gc,phases   ] GC(12)   Post Evacuate Collection Set: 0.6ms
[3.511s][info][gc,phases   ] GC(12)   Other: 0.1ms
[3.511s][info][gc,heap     ] GC(12) Eden regions: 617->0(602)
[3.511s][info][gc,heap     ] GC(12) Survivor regions: 22->37(80)
[3.511s][info][gc,heap     ] GC(12) Old regions: 50->50
[3.511s][info][gc,heap     ] GC(12) Humongous regions: 11->11
[3.511s][info][gc,metaspace] GC(12) Metaspace: 1744K(1856K)->1744K(1856K) NonClass: 1601K(1664K)->1601K(1664K) Class: 143K(192K)->143K(192K)
[3.511s][info][gc          ] GC(12) Pause Young (Normal) (G1 Evacuation Pause) 1399M->195M(2130M) 25.058ms
[3.511s][info][gc,cpu      ] GC(12) User=0.14s Sys=0.02s Real=0.03s
[4.025s][info][gc,start    ] GC(13) Pause Young (Normal) (G1 Evacuation Pause)
[4.025s][info][gc,task     ] GC(13) Using 10 workers of 10 for evacuation
[4.054s][info][gc,phases   ] GC(13)   Pre Evacuate Collection Set: 0.2ms
[4.054s][info][gc,phases   ] GC(13)   Merge Heap Roots: 0.4ms
[4.054s][info][gc,phases   ] GC(13)   Evacuate Collection Set: 27.1ms
[4.054s][info][gc,phases   ] GC(13)   Post Evacuate Collection Set: 0.6ms
[4.054s][info][gc,phases   ] GC(13)   Other: 0.1ms
[4.054s][info][gc,heap     ] GC(13) Eden regions: 602->0(581)
[4.054s][info][gc,heap     ] GC(13) Survivor regions: 37->58(80)
[4.054s][info][gc,heap     ] GC(13) Old regions: 50->50
[4.054s][info][gc,heap     ] GC(13) Humongous regions: 13->11
[4.054s][info][gc,metaspace] GC(13) Metaspace: 1744K(1856K)->1744K(1856K) NonClass: 1601K(1664K)->1601K(1664K) Class: 143K(192K)->143K(192K)
[4.054s][info][gc          ] GC(13) Pause Young (Normal) (G1 Evacuation Pause) 1403M->236M(2130M) 28.659ms
[4.054s][info][gc,cpu      ] GC(13) User=0.28s Sys=0.03s Real=0.03s
[4.580s][info][gc,start    ] GC(14) Pause Young (Normal) (G1 Evacuation Pause)
[4.580s][info][gc,task     ] GC(14) Using 10 workers of 10 for evacuation
[4.619s][info][gc,phases   ] GC(14)   Pre Evacuate Collection Set: 0.2ms
[4.619s][info][gc,phases   ] GC(14)   Merge Heap Roots: 0.5ms
[4.619s][info][gc,phases   ] GC(14)   Evacuate Collection Set: 37.7ms
[4.619s][info][gc,phases   ] GC(14)   Post Evacuate Collection Set: 0.6ms
[4.619s][info][gc,phases   ] GC(14)   Other: 0.1ms
[4.619s][info][gc,heap     ] GC(14) Eden regions: 581->0(593)
[4.619s][info][gc,heap     ] GC(14) Survivor regions: 58->46(80)
[4.619s][info][gc,heap     ] GC(14) Old regions: 50->73
[4.619s][info][gc,heap     ] GC(14) Humongous regions: 12->11
[4.619s][info][gc,metaspace] GC(14) Metaspace: 1751K(1856K)->1751K(1856K) NonClass: 1608K(1664K)->1608K(1664K) Class: 143K(192K)->143K(192K)
[4.619s][info][gc          ] GC(14) Pause Young (Normal) (G1 Evacuation Pause) 1400M->258M(2130M) 39.349ms
[4.619s][info][gc,cpu      ] GC(14) User=0.31s Sys=0.00s Real=0.04s
[5.144s][info][gc,start    ] GC(15) Pause Young (Normal) (G1 Evacuation Pause)
[5.144s][info][gc,task     ] GC(15) Using 10 workers of 10 for evacuation
[5.182s][info][gc,phases   ] GC(15)   Pre Evacuate Collection Set: 0.2ms
[5.182s][info][gc,phases   ] GC(15)   Merge Heap Roots: 0.6ms
[5.182s][info][gc,phases   ] GC(15)   Evacuate Collection Set: 35.6ms
[5.182s][info][gc,phases   ] GC(15)   Post Evacuate Collection Set: 0.7ms
[5.182s][info][gc,phases   ] GC(15)   Other: 0.1ms
[5.182s][info][gc,heap     ] GC(15) Eden regions: 593->0(574)
[5.182s][info][gc,heap     ] GC(15) Survivor regions: 46->65(80)
[5.182s][info][gc,heap     ] GC(15) Old regions: 73->82
[5.182s][info][gc,heap     ] GC(15) Humongous regions: 24->20
[5.182s][info][gc,metaspace] GC(15) Metaspace: 1752K(1856K)->1752K(1856K) NonClass: 1609K(1664K)->1609K(1664K) Class: 143K(192K)->143K(192K)
[5.182s][info][gc          ] GC(15) Pause Young (Normal) (G1 Evacuation Pause) 1470M->332M(2130M) 37.463ms
[5.182s][info][gc,cpu      ] GC(15) User=0.31s Sys=0.00s Real=0.04s
[5.714s][info][gc,start    ] GC(16) Pause Young (Normal) (G1 Evacuation Pause)
[5.714s][info][gc,task     ] GC(16) Using 10 workers of 10 for evacuation
[5.750s][info][gc,phases   ] GC(16)   Pre Evacuate Collection Set: 0.2ms
[5.750s][info][gc,phases   ] GC(16)   Merge Heap Roots: 0.4ms
[5.750s][info][gc,phases   ] GC(16)   Evacuate Collection Set: 34.5ms
[5.750s][info][gc,phases   ] GC(16)   Post Evacuate Collection Set: 0.6ms
[5.750s][info][gc,phases   ] GC(16)   Other: 0.1ms
[5.750s][info][gc,heap     ] GC(16) Eden regions: 574->0(584)
[5.750s][info][gc,heap     ] GC(16) Survivor regions: 65->55(80)
[5.750s][info][gc,heap     ] GC(16) Old regions: 82->106
[5.750s][info][gc,heap     ] GC(16) Humongous regions: 27->20
[5.750s][info][gc,metaspace] GC(16) Metaspace: 1752K(1856K)->1752K(1856K) NonClass: 1609K(1664K)->1609K(1664K) Class: 143K(192K)->143K(192K)
[5.750s][info][gc          ] GC(16) Pause Young (Normal) (G1 Evacuation Pause) 1494M->359M(2130M) 36.090ms
[5.750s][info][gc,cpu      ] GC(16) User=0.31s Sys=0.00s Real=0.04s
[6.270s][info][gc,start    ] GC(17) Pause Young (Normal) (G1 Evacuation Pause)
[6.270s][info][gc,task     ] GC(17) Using 10 workers of 10 for evacuation
[6.302s][info][gc,phases   ] GC(17)   Pre Evacuate Collection Set: 0.2ms
[6.302s][info][gc,phases   ] GC(17)   Merge Heap Roots: 0.4ms
[6.302s][info][gc,phases   ] GC(17)   Evacuate Collection Set: 30.7ms
[6.302s][info][gc,phases   ] GC(17)   Post Evacuate Collection Set: 0.7ms
[6.302s][info][gc,phases   ] GC(17)   Other: 0.1ms
[6.302s][info][gc,heap     ] GC(17) Eden regions: 584->0(582)
[6.302s][info][gc,heap     ] GC(17) Survivor regions: 55->57(80)
[6.302s][info][gc,heap     ] GC(17) Old regions: 106->128
[6.302s][info][gc,heap     ] GC(17) Humongous regions: 21->20
[6.302s][info][gc,metaspace] GC(17) Metaspace: 1752K(1856K)->1752K(1856K) NonClass: 1609K(1664K)->1609K(1664K) Class: 143K(192K)->143K(192K)
[6.302s][info][gc          ] GC(17) Pause Young (Normal) (G1 Evacuation Pause) 1529M->408M(2130M) 32.477ms
[6.302s][info][gc,cpu      ] GC(17) User=0.31s Sys=0.00s Real=0.03s
[6.815s][info][gc,start    ] GC(18) Pause Young (Normal) (G1 Evacuation Pause)
[6.815s][info][gc,task     ] GC(18) Using 10 workers of 10 for evacuation
[6.849s][info][gc,phases   ] GC(18)   Pre Evacuate Collection Set: 0.2ms
[6.849s][info][gc,phases   ] GC(18)   Merge Heap Roots: 0.4ms
[6.849s][info][gc,phases   ] GC(18)   Evacuate Collection Set: 33.1ms
[6.849s][info][gc,phases   ] GC(18)   Post Evacuate Collection Set: 0.6ms
[6.849s][info][gc,phases   ] GC(18)   Other: 0.1ms
[6.849s][info][gc,heap     ] GC(18) Eden regions: 582->0(581)
[6.849s][info][gc,heap     ] GC(18) Survivor regions: 57->58(80)
[6.849s][info][gc,heap     ] GC(18) Old regions: 128->158
[6.849s][info][gc,heap     ] GC(18) Humongous regions: 23->20
[6.849s][info][gc,metaspace] GC(18) Metaspace: 1753K(1856K)->1753K(1856K) NonClass: 1610K(1664K)->1610K(1664K) Class: 143K(192K)->143K(192K)
[6.849s][info][gc          ] GC(18) Pause Young (Normal) (G1 Evacuation Pause) 1578M->470M(2130M) 34.735ms
[6.849s][info][gc,cpu      ] GC(18) User=0.31s Sys=0.00s Real=0.04s
[7.360s][info][gc,start    ] GC(19) Pause Young (Normal) (G1 Evacuation Pause)
[7.360s][info][gc,task     ] GC(19) Using 10 workers of 10 for evacuation
[7.397s][info][gc,phases   ] GC(19)   Pre Evacuate Collection Set: 0.2ms
[7.397s][info][gc,phases   ] GC(19)   Merge Heap Roots: 0.4ms
[7.397s][info][gc,phases   ] GC(19)   Evacuate Collection Set: 35.2ms
[7.397s][info][gc,phases   ] GC(19)   Post Evacuate Collection Set: 0.7ms
[7.397s][info][gc,phases   ] GC(19)   Other: 0.1ms
[7.397s][info][gc,heap     ] GC(19) Eden regions: 581->0(581)
[7.397s][info][gc,heap     ] GC(19) Survivor regions: 58->58(80)
[7.397s][info][gc,heap     ] GC(19) Old regions: 158->197
[7.397s][info][gc,heap     ] GC(19) Humongous regions: 22->20
[7.397s][info][gc,metaspace] GC(19) Metaspace: 1753K(1856K)->1753K(1856K) NonClass: 1610K(1664K)->1610K(1664K) Class: 143K(192K)->143K(192K)
[7.397s][info][gc          ] GC(19) Pause Young (Normal) (G1 Evacuation Pause) 1636M->548M(2130M) 36.837ms
[7.397s][info][gc,cpu      ] GC(19) User=0.31s Sys=0.00s Real=0.04s
[7.902s][info][gc,start    ] GC(20) Pause Young (Normal) (G1 Evacuation Pause)
[7.902s][info][gc,task     ] GC(20) Using 10 workers of 10 for evacuation
[7.941s][info][gc,phases   ] GC(20)   Pre Evacuate Collection Set: 0.2ms
[7.941s][info][gc,phases   ] GC(20)   Merge Heap Roots: 0.4ms
[7.941s][info][gc,phases   ] GC(20)   Evacuate Collection Set: 37.6ms
[7.941s][info][gc,phases   ] GC(20)   Post Evacuate Collection Set: 0.6ms
[7.941s][info][gc,phases   ] GC(20)   Other: 0.1ms
[7.941s][info][gc,heap     ] GC(20) Eden regions: 581->0(583)
[7.941s][info][gc,heap     ] GC(20) Survivor regions: 58->56(80)
[7.941s][info][gc,heap     ] GC(20) Old regions: 197->247
[7.941s][info][gc,heap     ] GC(20) Humongous regions: 20->20
[7.941s][info][gc,metaspace] GC(20) Metaspace: 1753K(1856K)->1753K(1856K) NonClass: 1610K(1664K)->1610K(1664K) Class: 143K(192K)->143K(192K)
[7.942s][info][gc          ] GC(20) Pause Young (Normal) (G1 Evacuation Pause) 1710M->643M(2130M) 39.149ms
[7.942s][info][gc,cpu      ] GC(20) User=0.47s Sys=0.00s Real=0.04s
[8.451s][info][gc,start    ] GC(21) Pause Young (Normal) (G1 Evacuation Pause)
[8.451s][info][gc,task     ] GC(21) Using 10 workers of 10 for evacuation
[8.493s][info][gc,phases   ] GC(21)   Pre Evacuate Collection Set: 0.2ms
[8.493s][info][gc,phases   ] GC(21)   Merge Heap Roots: 0.4ms
[8.493s][info][gc,phases   ] GC(21)   Evacuate Collection Set: 40.8ms
[8.493s][info][gc,phases   ] GC(21)   Post Evacuate Collection Set: 0.6ms
[8.493s][info][gc,phases   ] GC(21)   Other: 0.1ms
[8.493s][info][gc,heap     ] GC(21) Eden regions: 583->0(536)
[8.493s][info][gc,heap     ] GC(21) Survivor regions: 56->58(80)
[8.493s][info][gc,heap     ] GC(21) Old regions: 247->305
[8.493s][info][gc,heap     ] GC(21) Humongous regions: 21->20
[8.493s][info][gc,metaspace] GC(21) Metaspace: 1753K(1856K)->1753K(1856K) NonClass: 1610K(1664K)->1610K(1664K) Class: 143K(192K)->143K(192K)
[8.493s][info][gc          ] GC(21) Pause Young (Normal) (G1 Evacuation Pause) 1811M->762M(2130M) 42.333ms
[8.493s][info][gc,cpu      ] GC(21) User=0.42s Sys=0.05s Real=0.04s
[8.972s][info][gc,start    ] GC(22) Pause Young (Normal) (G1 Evacuation Pause)
[8.972s][info][gc,task     ] GC(22) Using 10 workers of 10 for evacuation
[9.014s][info][gc,phases   ] GC(22)   Pre Evacuate Collection Set: 0.2ms
[9.014s][info][gc,phases   ] GC(22)   Merge Heap Roots: 0.4ms
[9.014s][info][gc,phases   ] GC(22)   Evacuate Collection Set: 40.4ms
[9.014s][info][gc,phases   ] GC(22)   Post Evacuate Collection Set: 0.6ms
[9.014s][info][gc,phases   ] GC(22)   Other: 0.1ms
[9.014s][info][gc,heap     ] GC(22) Eden regions: 536->0(495)
[9.014s][info][gc,heap     ] GC(22) Survivor regions: 58->53(75)
[9.014s][info][gc,heap     ] GC(22) Old regions: 305->361
[9.014s][info][gc,heap     ] GC(22) Humongous regions: 23->20
[9.014s][info][gc,metaspace] GC(22) Metaspace: 1753K(1856K)->1753K(1856K) NonClass: 1610K(1664K)->1610K(1664K) Class: 143K(192K)->143K(192K)
[9.014s][info][gc          ] GC(22) Pause Young (Normal) (G1 Evacuation Pause) 1840M->866M(2130M) 41.976ms
[9.014s][info][gc,cpu      ] GC(22) User=0.31s Sys=0.00s Real=0.04s
[9.450s][info][gc,start    ] GC(23) Pause Young (Normal) (G1 Evacuation Pause)
[9.450s][info][gc,task     ] GC(23) Using 10 workers of 10 for evacuation
[9.488s][info][gc,phases   ] GC(23)   Pre Evacuate Collection Set: 0.2ms
[9.488s][info][gc,phases   ] GC(23)   Merge Heap Roots: 0.4ms
[9.488s][info][gc,phases   ] GC(23)   Evacuate Collection Set: 36.3ms
[9.488s][info][gc,phases   ] GC(23)   Post Evacuate Collection Set: 0.9ms
[9.488s][info][gc,phases   ] GC(23)   Other: 0.1ms
[9.488s][info][gc,heap     ] GC(23) Eden regions: 495->0(456)
[9.488s][info][gc,heap     ] GC(23) Survivor regions: 53->49(69)
[9.488s][info][gc,heap     ] GC(23) Old regions: 361->414
[9.488s][info][gc,heap     ] GC(23) Humongous regions: 22->20
[9.488s][info][gc,metaspace] GC(23) Metaspace: 1753K(1856K)->1753K(1856K) NonClass: 1610K(1664K)->1610K(1664K) Class: 143K(192K)->143K(192K)
[9.488s][info][gc          ] GC(23) Pause Young (Normal) (G1 Evacuation Pause) 1860M->962M(2130M) 38.092ms
[9.488s][info][gc,cpu      ] GC(23) User=0.39s Sys=0.05s Real=0.04s
[9.897s][info][gc,start    ] GC(24) Pause Young (Normal) (G1 Evacuation Pause)
[9.897s][info][gc,task     ] GC(24) Using 10 workers of 10 for evacuation
[9.928s][info][gc,phases   ] GC(24)   Pre Evacuate Collection Set: 0.2ms
[9.928s][info][gc,phases   ] GC(24)   Merge Heap Roots: 0.4ms
[9.928s][info][gc,phases   ] GC(24)   Evacuate Collection Set: 29.9ms
[9.928s][info][gc,phases   ] GC(24)   Post Evacuate Collection Set: 0.6ms
[9.928s][info][gc,phases   ] GC(24)   Other: 0.1ms
[9.928s][info][gc,heap     ] GC(24) Eden regions: 456->0(421)
[9.928s][info][gc,heap     ] GC(24) Survivor regions: 49->45(64)
[9.928s][info][gc,heap     ] GC(24) Old regions: 414->462
[9.928s][info][gc,heap     ] GC(24) Humongous regions: 21->20
[9.928s][info][gc,metaspace] GC(24) Metaspace: 1753K(1856K)->1753K(1856K) NonClass: 1610K(1664K)->1610K(1664K) Class: 143K(192K)->143K(192K)
[9.928s][info][gc          ] GC(24) Pause Young (Normal) (G1 Evacuation Pause) 1876M->1051M(2130M) 31.425ms
[9.928s][info][gc,cpu      ] GC(24) User=0.30s Sys=0.02s Real=0.03s
[10.164s][info][gc,start    ] GC(25) Pause Young (Concurrent Start) (G1 Humongous Allocation)
[10.164s][info][gc,task     ] GC(25) Using 10 workers of 10 for evacuation
[10.192s][info][gc,phases   ] GC(25)   Pre Evacuate Collection Set: 0.2ms
[10.192s][info][gc,phases   ] GC(25)   Merge Heap Roots: 0.3ms
[10.192s][info][gc,phases   ] GC(25)   Evacuate Collection Set: 27.0ms
[10.192s][info][gc,phases   ] GC(25)   Post Evacuate Collection Set: 0.5ms
[10.192s][info][gc,phases   ] GC(25)   Other: 0.1ms
[10.192s][info][gc,heap     ] GC(25) Eden regions: 281->0(400)
[10.192s][info][gc,heap     ] GC(25) Survivor regions: 45->31(59)
[10.192s][info][gc,heap     ] GC(25) Old regions: 462->507
[10.192s][info][gc,heap     ] GC(25) Humongous regions: 20->20
[10.192s][info][gc,metaspace] GC(25) Metaspace: 1756K(1856K)->1756K(1856K) NonClass: 1612K(1664K)->1612K(1664K) Class: 143K(192K)->143K(192K)
[10.192s][info][gc          ] GC(25) Pause Young (Concurrent Start) (G1 Humongous Allocation) 1612M->1113M(2130M) 28.467ms
[10.192s][info][gc,cpu      ] GC(25) User=0.31s Sys=0.00s Real=0.03s
[10.192s][info][gc          ] GC(26) Concurrent Mark Cycle
[10.192s][info][gc,marking  ] GC(26) Concurrent Scan Root Regions
[10.197s][info][gc,marking  ] GC(26) Concurrent Scan Root Regions 5.044ms
[10.197s][info][gc,marking  ] GC(26) Concurrent Mark
[10.198s][info][gc,marking  ] GC(26) Concurrent Mark From Roots
[10.198s][info][gc,task     ] GC(26) Using 3 workers of 3 for marking
[10.528s][info][gc,marking  ] GC(26) Concurrent Mark From Roots 330.024ms
[10.528s][info][gc,marking  ] GC(26) Concurrent Preclean
[10.528s][info][gc,marking  ] GC(26) Concurrent Preclean 0.044ms
[10.528s][info][gc,start    ] GC(26) Pause Remark
[10.530s][info][gc          ] GC(26) Pause Remark 1736M->1362M(2278M) 1.912ms
[10.530s][info][gc,cpu      ] GC(26) User=0.00s Sys=0.00s Real=0.00s
[10.530s][info][gc,marking  ] GC(26) Concurrent Mark 332.704ms
[10.530s][info][gc,marking  ] GC(26) Concurrent Rebuild Remembered Sets and Scrub Regions
[10.641s][info][gc,start    ] GC(27) Pause Young (Normal) (G1 Evacuation Pause)
[10.641s][info][gc,task     ] GC(27) Using 10 workers of 10 for evacuation
[10.668s][info][gc,phases   ] GC(27)   Pre Evacuate Collection Set: 0.2ms
[10.668s][info][gc,phases   ] GC(27)   Merge Heap Roots: 0.5ms
[10.668s][info][gc,phases   ] GC(27)   Evacuate Collection Set: 25.2ms
[10.668s][info][gc,phases   ] GC(27)   Post Evacuate Collection Set: 0.8ms
[10.668s][info][gc,phases   ] GC(27)   Other: 0.1ms
[10.668s][info][gc,heap     ] GC(27) Eden regions: 400->0(594)
[10.668s][info][gc,heap     ] GC(27) Survivor regions: 31->38(54)
[10.668s][info][gc,heap     ] GC(27) Old regions: 331->360
[10.668s][info][gc,heap     ] GC(27) Humongous regions: 11->9
[10.668s][info][gc,metaspace] GC(27) Metaspace: 1756K(1856K)->1756K(1856K) NonClass: 1612K(1664K)->1612K(1664K) Class: 143K(192K)->143K(192K)
[10.668s][info][gc          ] GC(27) Pause Young (Normal) (G1 Evacuation Pause) 1543M->812M(2278M) 27.013ms
[10.668s][info][gc,cpu      ] GC(27) User=0.16s Sys=0.00s Real=0.03s
[10.740s][info][gc,marking  ] GC(26) Concurrent Rebuild Remembered Sets and Scrub Regions 209.885ms
[10.740s][info][gc,start    ] GC(26) Pause Cleanup
[10.741s][info][gc          ] GC(26) Pause Cleanup 951M->951M(2278M) 0.358ms
[10.741s][info][gc,cpu      ] GC(26) User=0.00s Sys=0.00s Real=0.00s
[10.741s][info][gc,marking  ] GC(26) Concurrent Clear Claimed Marks
[10.741s][info][gc,marking  ] GC(26) Concurrent Clear Claimed Marks 0.038ms
[10.741s][info][gc,marking  ] GC(26) Concurrent Cleanup for Next Mark
[10.745s][info][gc,marking  ] GC(26) Concurrent Cleanup for Next Mark 4.392ms
[10.745s][info][gc          ] GC(26) Concurrent Mark Cycle 552.921ms
[11.258s][info][gc,start    ] GC(28) Pause Young (Prepare Mixed) (G1 Evacuation Pause)
[11.258s][info][gc,task     ] GC(28) Using 10 workers of 10 for evacuation
[11.306s][info][gc,phases   ] GC(28)   Pre Evacuate Collection Set: 0.2ms
[11.306s][info][gc,phases   ] GC(28)   Merge Heap Roots: 0.9ms
[11.306s][info][gc,phases   ] GC(28)   Evacuate Collection Set: 45.8ms
[11.306s][info][gc,phases   ] GC(28)   Post Evacuate Collection Set: 0.7ms
[11.306s][info][gc,phases   ] GC(28)   Other: 0.1ms
[11.306s][info][gc,heap     ] GC(28) Eden regions: 594->0(501)
[11.306s][info][gc,heap     ] GC(28) Survivor regions: 38->79(79)
[11.306s][info][gc,heap     ] GC(28) Old regions: 360->390
[11.306s][info][gc,heap     ] GC(28) Humongous regions: 29->26
[11.306s][info][gc,metaspace] GC(28) Metaspace: 1756K(1856K)->1756K(1856K) NonClass: 1612K(1664K)->1612K(1664K) Class: 143K(192K)->143K(192K)
[11.306s][info][gc          ] GC(28) Pause Young (Prepare Mixed) (G1 Evacuation Pause) 2040M->989M(2278M) 48.035ms
[11.306s][info][gc,cpu      ] GC(28) User=0.45s Sys=0.00s Real=0.05s
[11.779s][info][gc,start    ] GC(29) Pause Young (Mixed) (G1 Evacuation Pause)
[11.779s][info][gc,task     ] GC(29) Using 10 workers of 10 for evacuation
[11.827s][info][gc,phases   ] GC(29)   Pre Evacuate Collection Set: 0.2ms
[11.828s][info][gc,phases   ] GC(29)   Merge Heap Roots: 0.6ms
[11.828s][info][gc,phases   ] GC(29)   Evacuate Collection Set: 46.6ms
[11.828s][info][gc,phases   ] GC(29)   Post Evacuate Collection Set: 0.7ms
[11.828s][info][gc,phases   ] GC(29)   Other: 0.1ms
[11.828s][info][gc,heap     ] GC(29) Eden regions: 501->0(478)
[11.828s][info][gc,heap     ] GC(29) Survivor regions: 79->47(73)
[11.828s][info][gc,heap     ] GC(29) Old regions: 390->453
[11.828s][info][gc,heap     ] GC(29) Humongous regions: 28->26
[11.828s][info][gc,metaspace] GC(29) Metaspace: 1756K(1856K)->1756K(1856K) NonClass: 1612K(1664K)->1612K(1664K) Class: 143K(192K)->143K(192K)
[11.828s][info][gc          ] GC(29) Pause Young (Mixed) (G1 Evacuation Pause) 1995M->1050M(2278M) 48.545ms
[11.828s][info][gc,cpu      ] GC(29) User=0.47s Sys=0.00s Real=0.05s
[12.318s][info][gc,start    ] GC(30) Pause Young (Normal) (G1 Evacuation Pause)
[12.318s][info][gc,task     ] GC(30) Using 10 workers of 10 for evacuation
[12.353s][info][gc,phases   ] GC(30)   Pre Evacuate Collection Set: 0.2ms
[12.353s][info][gc,phases   ] GC(30)   Merge Heap Roots: 0.4ms
[12.353s][info][gc,phases   ] GC(30)   Evacuate Collection Set: 33.9ms
[12.353s][info][gc,phases   ] GC(30)   Post Evacuate Collection Set: 0.9ms
[12.354s][info][gc,phases   ] GC(30)   Other: 0.1ms
[12.354s][info][gc,heap     ] GC(30) Eden regions: 478->0(485)
[12.354s][info][gc,heap     ] GC(30) Survivor regions: 47->37(66)
[12.354s][info][gc,heap     ] GC(30) Old regions: 453->499
[12.354s][info][gc,heap     ] GC(30) Humongous regions: 27->26
[12.354s][info][gc,metaspace] GC(30) Metaspace: 1756K(1856K)->1756K(1856K) NonClass: 1613K(1664K)->1613K(1664K) Class: 143K(192K)->143K(192K)
[12.354s][info][gc          ] GC(30) Pause Young (Normal) (G1 Evacuation Pause) 2008M->1122M(2352M) 35.847ms
[12.354s][info][gc,cpu      ] GC(30) User=0.31s Sys=0.00s Real=0.04s
[13.040s][info][gc,start    ] GC(31) Pause Young (Normal) (G1 Evacuation Pause)
[13.040s][info][gc,task     ] GC(31) Using 10 workers of 10 for evacuation
[13.069s][info][gc,phases   ] GC(31)   Pre Evacuate Collection Set: 0.2ms
[13.069s][info][gc,phases   ] GC(31)   Merge Heap Roots: 0.4ms
[13.069s][info][gc,phases   ] GC(31)   Evacuate Collection Set: 27.6ms
[13.069s][info][gc,phases   ] GC(31)   Post Evacuate Collection Set: 0.6ms
[13.069s][info][gc,phases   ] GC(31)   Other: 0.1ms
[13.069s][info][gc,heap     ] GC(31) Eden regions: 485->0(494)
[13.069s][info][gc,heap     ] GC(31) Survivor regions: 37->11(66)
[13.069s][info][gc,heap     ] GC(31) Old regions: 499->537
[13.069s][info][gc,heap     ] GC(31) Humongous regions: 26->26
[13.069s][info][gc,metaspace] GC(31) Metaspace: 1756K(1856K)->1756K(1856K) NonClass: 1613K(1664K)->1613K(1664K) Class: 143K(192K)->143K(192K)
[13.069s][info][gc          ] GC(31) Pause Young (Normal) (G1 Evacuation Pause) 2092M->1147M(2352M) 29.242ms
[13.069s][info][gc,cpu      ] GC(31) User=0.31s Sys=0.00s Real=0.03s
[13.756s][info][gc,start    ] GC(32) Pause Young (Concurrent Start) (G1 Evacuation Pause)
[13.756s][info][gc,task     ] GC(32) Using 10 workers of 10 for evacuation
[13.786s][info][gc,phases   ] GC(32)   Pre Evacuate Collection Set: 0.2ms
[13.786s][info][gc,phases   ] GC(32)   Merge Heap Roots: 0.5ms
[13.786s][info][gc,phases   ] GC(32)   Evacuate Collection Set: 28.9ms
[13.786s][info][gc,phases   ] GC(32)   Post Evacuate Collection Set: 0.6ms
[13.786s][info][gc,phases   ] GC(32)   Other: 0.1ms
[13.786s][info][gc,heap     ] GC(32) Eden regions: 494->0(502)
[13.786s][info][gc,heap     ] GC(32) Survivor regions: 11->21(64)
[13.786s][info][gc,heap     ] GC(32) Old regions: 537->537
[13.786s][info][gc,heap     ] GC(32) Humongous regions: 26->26
[13.786s][info][gc,metaspace] GC(32) Metaspace: 1756K(1856K)->1756K(1856K) NonClass: 1613K(1664K)->1613K(1664K) Class: 143K(192K)->143K(192K)
[13.786s][info][gc          ] GC(32) Pause Young (Concurrent Start) (G1 Evacuation Pause) 2135M->1166M(2352M) 30.578ms
[13.786s][info][gc,cpu      ] GC(32) User=0.31s Sys=0.00s Real=0.03s
[13.786s][info][gc          ] GC(33) Concurrent Mark Cycle
[13.786s][info][gc,marking  ] GC(33) Concurrent Scan Root Regions
[13.796s][info][gc,marking  ] GC(33) Concurrent Scan Root Regions 9.463ms
[13.796s][info][gc,marking  ] GC(33) Concurrent Mark
[13.796s][info][gc,marking  ] GC(33) Concurrent Mark From Roots
[13.796s][info][gc,task     ] GC(33) Using 3 workers of 3 for marking
[14.191s][info][gc,marking  ] GC(33) Concurrent Mark From Roots 395.192ms
[14.191s][info][gc,marking  ] GC(33) Concurrent Preclean
[14.191s][info][gc,marking  ] GC(33) Concurrent Preclean 0.052ms
[14.191s][info][gc,start    ] GC(33) Pause Remark
[14.193s][info][gc          ] GC(33) Pause Remark 1625M->1165M(2352M) 1.285ms
[14.193s][info][gc,cpu      ] GC(33) User=0.00s Sys=0.00s Real=0.00s
[14.193s][info][gc,marking  ] GC(33) Concurrent Mark 396.899ms
[14.193s][info][gc,marking  ] GC(33) Concurrent Rebuild Remembered Sets and Scrub Regions
[14.434s][info][gc,marking  ] GC(33) Concurrent Rebuild Remembered Sets and Scrub Regions 240.966ms
[14.434s][info][gc,start    ] GC(33) Pause Cleanup
[14.434s][info][gc          ] GC(33) Pause Cleanup 1376M->1376M(2352M) 0.368ms
[14.434s][info][gc,cpu      ] GC(33) User=0.00s Sys=0.00s Real=0.00s
[14.434s][info][gc,marking  ] GC(33) Concurrent Clear Claimed Marks
[14.434s][info][gc,marking  ] GC(33) Concurrent Clear Claimed Marks 0.034ms
[14.434s][info][gc,marking  ] GC(33) Concurrent Cleanup for Next Mark
[14.437s][info][gc,marking  ] GC(33) Concurrent Cleanup for Next Mark 2.782ms
[14.437s][info][gc          ] GC(33) Concurrent Mark Cycle 650.973ms
[15.309s][info][gc,heap,exit] Heap
[15.309s][info][gc,heap,exit]  garbage-first heap   total 2408448K, used 1530400K [0x0000000700000000, 0x0000000800000000)
[15.309s][info][gc,heap,exit]   region size 2048K, 383 young (784384K), 21 survivors (43008K)
[15.309s][info][gc,heap,exit]  Metaspace       used 1974K, committed 2112K, reserved 1114112K
[15.309s][info][gc,heap,exit]   class space    used 172K, committed 256K, reserved 1048576K
