[0.013s][info][gc,init] CardTable entry size: 512
[0.013s][info][gc     ] Using G1
[0.024s][info][gc,init] Version: 21.0.5+9-LTS-239 (release)
[0.025s][info][gc,init] CPUs: 12 total, 12 available
[0.025s][info][gc,init] Memory: 16190M
[0.025s][info][gc,init] Large Page Support: Disabled
[0.025s][info][gc,init] NUMA Support: Disabled
[0.025s][info][gc,init] Compressed Oops: Enabled (Zero based)
[0.025s][info][gc,init] Heap Region Size: 2M
[0.025s][info][gc,init] Heap Min Capacity: 2G
[0.025s][info][gc,init] Heap Initial Capacity: 2G
[0.025s][info][gc,init] Heap Max Capacity: 4G
[0.025s][info][gc,init] Pre-touch: Disabled
[0.025s][info][gc,init] Parallel Workers: 10
[0.025s][info][gc,init] Concurrent Workers: 3
[0.025s][info][gc,init] Concurrent Refinement Workers: 10
[0.025s][info][gc,init] Periodic GC: Disabled
[0.042s][info][gc,metaspace] CDS archive(s) mapped at: [0x0000024482000000-0x0000024482c90000-0x0000024482c90000), size 13172736, SharedBaseAddress: 0x0000024482000000, ArchiveRelocationMode: 1.
[0.042s][info][gc,metaspace] Compressed class space mapped at: 0x0000024483000000-0x00000244c3000000, reserved size: 1073741824
[0.042s][info][gc,metaspace] Narrow klass base: 0x0000024482000000, Narrow klass shift: 0, Narrow klass range: 0x100000000
[0.370s][info][gc,start    ] GC(0) Pause Young (Normal) (G1 Evacuation Pause)
[0.371s][info][gc,task     ] GC(0) Using 10 workers of 10 for evacuation
[0.376s][info][gc,phases   ] GC(0)   Pre Evacuate Collection Set: 0.2ms
[0.376s][info][gc,phases   ] GC(0)   Merge Heap Roots: 0.2ms
[0.376s][info][gc,phases   ] GC(0)   Evacuate Collection Set: 4.1ms
[0.376s][info][gc,phases   ] GC(0)   Post Evacuate Collection Set: 0.3ms
[0.376s][info][gc,phases   ] GC(0)   Other: 0.7ms
[0.376s][info][gc,heap     ] GC(0) Eden regions: 51->0(49)
[0.376s][info][gc,heap     ] GC(0) Survivor regions: 0->5(7)
[0.376s][info][gc,heap     ] GC(0) Old regions: 0->0
[0.376s][info][gc,heap     ] GC(0) Humongous regions: 0->0
[0.376s][info][gc,metaspace] GC(0) Metaspace: 1636K(1728K)->1636K(1728K) NonClass: 1497K(1536K)->1497K(1536K) Class: 138K(192K)->138K(192K)
[0.376s][info][gc          ] GC(0) Pause Young (Normal) (G1 Evacuation Pause) 102M->8M(2048M) 5.800ms
[0.376s][info][gc,cpu      ] GC(0) User=0.00s Sys=0.00s Real=0.01s
[0.504s][info][gc,start    ] GC(1) Pause Young (Normal) (G1 Evacuation Pause)
[0.504s][info][gc,task     ] GC(1) Using 10 workers of 10 for evacuation
[0.509s][info][gc,phases   ] GC(1)   Pre Evacuate Collection Set: 0.2ms
[0.509s][info][gc,phases   ] GC(1)   Merge Heap Roots: 0.1ms
[0.509s][info][gc,phases   ] GC(1)   Evacuate Collection Set: 4.5ms
[0.509s][info][gc,phases   ] GC(1)   Post Evacuate Collection Set: 0.4ms
[0.509s][info][gc,phases   ] GC(1)   Other: 0.1ms
[0.509s][info][gc,heap     ] GC(1) Eden regions: 49->0(61)
[0.509s][info][gc,heap     ] GC(1) Survivor regions: 5->3(7)
[0.509s][info][gc,heap     ] GC(1) Old regions: 0->4
[0.509s][info][gc,heap     ] GC(1) Humongous regions: 0->0
[0.509s][info][gc,metaspace] GC(1) Metaspace: 1659K(1792K)->1659K(1792K) NonClass: 1520K(1600K)->1520K(1600K) Class: 138K(192K)->138K(192K)
[0.509s][info][gc          ] GC(1) Pause Young (Normal) (G1 Evacuation Pause) 106M->11M(2048M) 5.503ms
[0.509s][info][gc,cpu      ] GC(1) User=0.00s Sys=0.00s Real=0.00s
[0.655s][info][gc,start    ] GC(2) Pause Young (Normal) (G1 Evacuation Pause)
[0.655s][info][gc,task     ] GC(2) Using 10 workers of 10 for evacuation
[0.661s][info][gc,phases   ] GC(2)   Pre Evacuate Collection Set: 0.2ms
[0.662s][info][gc,phases   ] GC(2)   Merge Heap Roots: 0.2ms
[0.662s][info][gc,phases   ] GC(2)   Evacuate Collection Set: 6.2ms
[0.662s][info][gc,phases   ] GC(2)   Post Evacuate Collection Set: 0.3ms
[0.662s][info][gc,phases   ] GC(2)   Other: 0.1ms
[0.662s][info][gc,heap     ] GC(2) Eden regions: 61->0(68)
[0.662s][info][gc,heap     ] GC(2) Survivor regions: 3->6(8)
[0.662s][info][gc,heap     ] GC(2) Old regions: 4->4
[0.662s][info][gc,heap     ] GC(2) Humongous regions: 2->1
[0.662s][info][gc,metaspace] GC(2) Metaspace: 1684K(1792K)->1684K(1792K) NonClass: 1545K(1600K)->1545K(1600K) Class: 138K(192K)->138K(192K)
[0.662s][info][gc          ] GC(2) Pause Young (Normal) (G1 Evacuation Pause) 137M->20M(2048M) 7.150ms
[0.662s][info][gc,cpu      ] GC(2) User=0.00s Sys=0.00s Real=0.01s
[0.745s][info][gc,start    ] GC(3) Pause Young (Normal) (G1 Evacuation Pause)
[0.745s][info][gc,task     ] GC(3) Using 10 workers of 10 for evacuation
[0.753s][info][gc,phases   ] GC(3)   Pre Evacuate Collection Set: 0.2ms
[0.753s][info][gc,phases   ] GC(3)   Merge Heap Roots: 0.1ms
[0.753s][info][gc,phases   ] GC(3)   Evacuate Collection Set: 7.3ms
[0.753s][info][gc,phases   ] GC(3)   Post Evacuate Collection Set: 0.3ms
[0.753s][info][gc,phases   ] GC(3)   Other: 0.1ms
[0.753s][info][gc,heap     ] GC(3) Eden regions: 62->0(111)
[0.753s][info][gc,heap     ] GC(3) Survivor regions: 6->7(9)
[0.753s][info][gc,heap     ] GC(3) Old regions: 4->6
[0.753s][info][gc,heap     ] GC(3) Humongous regions: 1->1
[0.753s][info][gc,metaspace] GC(3) Metaspace: 1696K(1792K)->1696K(1792K) NonClass: 1557K(1600K)->1557K(1600K) Class: 138K(192K)->138K(192K)
[0.753s][info][gc          ] GC(3) Pause Young (Normal) (G1 Evacuation Pause) 144M->25M(2048M) 8.194ms
[0.753s][info][gc,cpu      ] GC(3) User=0.02s Sys=0.00s Real=0.01s
[0.850s][info][gc,start    ] GC(4) Pause Young (Normal) (G1 Evacuation Pause)
[0.850s][info][gc,task     ] GC(4) Using 10 workers of 10 for evacuation
[0.861s][info][gc,phases   ] GC(4)   Pre Evacuate Collection Set: 0.2ms
[0.861s][info][gc,phases   ] GC(4)   Merge Heap Roots: 0.2ms
[0.861s][info][gc,phases   ] GC(4)   Evacuate Collection Set: 10.3ms
[0.861s][info][gc,phases   ] GC(4)   Post Evacuate Collection Set: 0.3ms
[0.861s][info][gc,phases   ] GC(4)   Other: 0.1ms
[0.861s][info][gc,heap     ] GC(4) Eden regions: 74->0(161)
[0.861s][info][gc,heap     ] GC(4) Survivor regions: 7->10(11)
[0.861s][info][gc,heap     ] GC(4) Old regions: 6->8
[0.861s][info][gc,heap     ] GC(4) Humongous regions: 3->3
[0.861s][info][gc,metaspace] GC(4) Metaspace: 1712K(1792K)->1712K(1792K) NonClass: 1573K(1600K)->1573K(1600K) Class: 138K(192K)->138K(192K)
[0.861s][info][gc          ] GC(4) Pause Young (Normal) (G1 Evacuation Pause) 177M->40M(2048M) 11.294ms
[0.861s][info][gc,cpu      ] GC(4) User=0.08s Sys=0.09s Real=0.01s
[0.976s][info][gc,start    ] GC(5) Pause Young (Normal) (G1 Evacuation Pause)
[0.976s][info][gc,task     ] GC(5) Using 10 workers of 10 for evacuation
[0.988s][info][gc,phases   ] GC(5)   Pre Evacuate Collection Set: 0.2ms
[0.988s][info][gc,phases   ] GC(5)   Merge Heap Roots: 0.2ms
[0.988s][info][gc,phases   ] GC(5)   Evacuate Collection Set: 10.9ms
[0.988s][info][gc,phases   ] GC(5)   Post Evacuate Collection Set: 0.3ms
[0.988s][info][gc,phases   ] GC(5)   Other: 0.1ms
[0.988s][info][gc,heap     ] GC(5) Eden regions: 121->0(109)
[0.988s][info][gc,heap     ] GC(5) Survivor regions: 10->16(17)
[0.988s][info][gc,heap     ] GC(5) Old regions: 8->10
[0.988s][info][gc,heap     ] GC(5) Humongous regions: 3->3
[0.988s][info][gc,metaspace] GC(5) Metaspace: 1716K(1792K)->1716K(1792K) NonClass: 1577K(1600K)->1577K(1600K) Class: 138K(192K)->138K(192K)
[0.988s][info][gc          ] GC(5) Pause Young (Normal) (G1 Evacuation Pause) 282M->55M(2048M) 11.975ms
[0.988s][info][gc,cpu      ] GC(5) User=0.08s Sys=0.08s Real=0.01s
[1.072s][info][gc,start    ] GC(6) Pause Young (Normal) (G1 Evacuation Pause)
[1.073s][info][gc,task     ] GC(6) Using 10 workers of 10 for evacuation
[1.084s][info][gc,phases   ] GC(6)   Pre Evacuate Collection Set: 0.2ms
[1.085s][info][gc,phases   ] GC(6)   Merge Heap Roots: 0.2ms
[1.085s][info][gc,phases   ] GC(6)   Evacuate Collection Set: 11.1ms
[1.085s][info][gc,phases   ] GC(6)   Post Evacuate Collection Set: 0.4ms
[1.085s][info][gc,phases   ] GC(6)   Other: 0.1ms
[1.085s][info][gc,heap     ] GC(6) Eden regions: 100->0(168)
[1.085s][info][gc,heap     ] GC(6) Survivor regions: 16->14(15)
[1.085s][info][gc,heap     ] GC(6) Old regions: 10->20
[1.085s][info][gc,heap     ] GC(6) Humongous regions: 3->3
[1.085s][info][gc,metaspace] GC(6) Metaspace: 1716K(1792K)->1716K(1792K) NonClass: 1577K(1600K)->1577K(1600K) Class: 138K(192K)->138K(192K)
[1.085s][info][gc          ] GC(6) Pause Young (Normal) (G1 Evacuation Pause) 255M->71M(2048M) 12.240ms
[1.085s][info][gc,cpu      ] GC(6) User=0.00s Sys=0.02s Real=0.01s
[1.221s][info][gc,start    ] GC(7) Pause Young (Normal) (G1 Evacuation Pause)
[1.221s][info][gc,task     ] GC(7) Using 10 workers of 10 for evacuation
[1.235s][info][gc,phases   ] GC(7)   Pre Evacuate Collection Set: 0.2ms
[1.235s][info][gc,phases   ] GC(7)   Merge Heap Roots: 0.2ms
[1.235s][info][gc,phases   ] GC(7)   Evacuate Collection Set: 12.2ms
[1.235s][info][gc,phases   ] GC(7)   Post Evacuate Collection Set: 1.0ms
[1.235s][info][gc,phases   ] GC(7)   Other: 0.1ms
[1.235s][info][gc,heap     ] GC(7) Eden regions: 149->0(217)
[1.235s][info][gc,heap     ] GC(7) Survivor regions: 14->18(21)
[1.235s][info][gc,heap     ] GC(7) Old regions: 20->30
[1.235s][info][gc,heap     ] GC(7) Humongous regions: 3->3
[1.235s][info][gc,metaspace] GC(7) Metaspace: 1716K(1792K)->1716K(1792K) NonClass: 1577K(1600K)->1577K(1600K) Class: 138K(192K)->138K(192K)
[1.235s][info][gc          ] GC(7) Pause Young (Normal) (G1 Evacuation Pause) 369M->100M(2176M) 13.886ms
[1.235s][info][gc,cpu      ] GC(7) User=0.12s Sys=0.03s Real=0.01s
[1.409s][info][gc,start    ] GC(8) Pause Young (Normal) (G1 Evacuation Pause)
[1.409s][info][gc,task     ] GC(8) Using 10 workers of 10 for evacuation
[1.426s][info][gc,phases   ] GC(8)   Pre Evacuate Collection Set: 0.2ms
[1.426s][info][gc,phases   ] GC(8)   Merge Heap Roots: 0.2ms
[1.426s][info][gc,phases   ] GC(8)   Evacuate Collection Set: 15.9ms
[1.426s][info][gc,phases   ] GC(8)   Post Evacuate Collection Set: 0.5ms
[1.426s][info][gc,phases   ] GC(8)   Other: 0.1ms
[1.426s][info][gc,heap     ] GC(8) Eden regions: 191->0(233)
[1.426s][info][gc,heap     ] GC(8) Survivor regions: 18->26(27)
[1.426s][info][gc,heap     ] GC(8) Old regions: 30->46
[1.426s][info][gc,heap     ] GC(8) Humongous regions: 7->6
[1.426s][info][gc,metaspace] GC(8) Metaspace: 1716K(1792K)->1716K(1792K) NonClass: 1577K(1600K)->1577K(1600K) Class: 138K(192K)->138K(192K)
[1.426s][info][gc          ] GC(8) Pause Young (Normal) (G1 Evacuation Pause) 490M->153M(2176M) 17.240ms
[1.426s][info][gc,cpu      ] GC(8) User=0.14s Sys=0.02s Real=0.02s
[1.597s][info][gc,start    ] GC(9) Pause Young (Normal) (G1 Evacuation Pause)
[1.597s][info][gc,task     ] GC(9) Using 10 workers of 10 for evacuation
[1.618s][info][gc,phases   ] GC(9)   Pre Evacuate Collection Set: 0.3ms
[1.619s][info][gc,phases   ] GC(9)   Merge Heap Roots: 0.2ms
[1.619s][info][gc,phases   ] GC(9)   Evacuate Collection Set: 20.2ms
[1.619s][info][gc,phases   ] GC(9)   Post Evacuate Collection Set: 0.6ms
[1.619s][info][gc,phases   ] GC(9)   Other: 0.1ms
[1.619s][info][gc,heap     ] GC(9) Eden regions: 202->0(306)
[1.619s][info][gc,heap     ] GC(9) Survivor regions: 26->26(29)
[1.619s][info][gc,heap     ] GC(9) Old regions: 46->71
[1.619s][info][gc,heap     ] GC(9) Humongous regions: 6->6
[1.619s][info][gc,metaspace] GC(9) Metaspace: 1716K(1792K)->1716K(1792K) NonClass: 1577K(1600K)->1577K(1600K) Class: 138K(192K)->138K(192K)
[1.619s][info][gc          ] GC(9) Pause Young (Normal) (G1 Evacuation Pause) 557M->203M(2176M) 21.531ms
[1.619s][info][gc,cpu      ] GC(9) User=0.14s Sys=0.02s Real=0.02s
[1.861s][info][gc,start    ] GC(10) Pause Young (Normal) (G1 Evacuation Pause)
[1.861s][info][gc,task     ] GC(10) Using 10 workers of 10 for evacuation
[1.885s][info][gc,phases   ] GC(10)   Pre Evacuate Collection Set: 0.2ms
[1.885s][info][gc,phases   ] GC(10)   Merge Heap Roots: 0.2ms
[1.885s][info][gc,phases   ] GC(10)   Evacuate Collection Set: 22.6ms
[1.885s][info][gc,phases   ] GC(10)   Post Evacuate Collection Set: 0.6ms
[1.885s][info][gc,phases   ] GC(10)   Other: 0.1ms
[1.885s][info][gc,heap     ] GC(10) Eden regions: 277->0(361)
[1.885s][info][gc,heap     ] GC(10) Survivor regions: 26->34(38)
[1.885s][info][gc,heap     ] GC(10) Old regions: 71->96
[1.885s][info][gc,heap     ] GC(10) Humongous regions: 7->6
[1.885s][info][gc,metaspace] GC(10) Metaspace: 1716K(1792K)->1716K(1792K) NonClass: 1577K(1600K)->1577K(1600K) Class: 138K(192K)->138K(192K)
[1.885s][info][gc          ] GC(10) Pause Young (Normal) (G1 Evacuation Pause) 759M->271M(2176M) 24.016ms
[1.885s][info][gc,cpu      ] GC(10) User=0.16s Sys=0.02s Real=0.02s
[2.148s][info][gc,start    ] GC(11) Pause Young (Normal) (G1 Evacuation Pause)
[2.148s][info][gc,task     ] GC(11) Using 10 workers of 10 for evacuation
[2.175s][info][gc,phases   ] GC(11)   Pre Evacuate Collection Set: 0.2ms
[2.175s][info][gc,phases   ] GC(11)   Merge Heap Roots: 0.2ms
[2.175s][info][gc,phases   ] GC(11)   Evacuate Collection Set: 25.7ms
[2.175s][info][gc,phases   ] GC(11)   Post Evacuate Collection Set: 0.9ms
[2.175s][info][gc,phases   ] GC(11)   Other: 0.1ms
[2.175s][info][gc,heap     ] GC(11) Eden regions: 319->0(437)
[2.175s][info][gc,heap     ] GC(11) Survivor regions: 34->41(45)
[2.175s][info][gc,heap     ] GC(11) Old regions: 96->131
[2.175s][info][gc,heap     ] GC(11) Humongous regions: 6->6
[2.175s][info][gc,metaspace] GC(11) Metaspace: 1716K(1792K)->1716K(1792K) NonClass: 1577K(1600K)->1577K(1600K) Class: 138K(192K)->138K(192K)
[2.175s][info][gc          ] GC(11) Pause Young (Normal) (G1 Evacuation Pause) 909M->352M(2266M) 27.353ms
[2.175s][info][gc,cpu      ] GC(11) User=0.23s Sys=0.08s Real=0.03s
[2.481s][info][gc,start    ] GC(12) Pause Young (Normal) (G1 Evacuation Pause)
[2.481s][info][gc,task     ] GC(12) Using 10 workers of 10 for evacuation
[2.510s][info][gc,phases   ] GC(12)   Pre Evacuate Collection Set: 0.2ms
[2.510s][info][gc,phases   ] GC(12)   Merge Heap Roots: 0.2ms
[2.510s][info][gc,phases   ] GC(12)   Evacuate Collection Set: 27.4ms
[2.510s][info][gc,phases   ] GC(12)   Post Evacuate Collection Set: 0.6ms
[2.510s][info][gc,phases   ] GC(12)   Other: 0.1ms
[2.510s][info][gc,heap     ] GC(12) Eden regions: 363->0(574)
[2.510s][info][gc,heap     ] GC(12) Survivor regions: 41->44(51)
[2.510s][info][gc,heap     ] GC(12) Old regions: 131->171
[2.510s][info][gc,heap     ] GC(12) Humongous regions: 6->6
[2.510s][info][gc,metaspace] GC(12) Metaspace: 1716K(1792K)->1716K(1792K) NonClass: 1577K(1600K)->1577K(1600K) Class: 138K(192K)->138K(192K)
[2.510s][info][gc          ] GC(12) Pause Young (Normal) (G1 Evacuation Pause) 1078M->440M(2266M) 28.736ms
[2.510s][info][gc,cpu      ] GC(12) User=0.09s Sys=0.06s Real=0.03s
[2.887s][info][gc,start    ] GC(13) Pause Young (Normal) (G1 Evacuation Pause)
[2.887s][info][gc,task     ] GC(13) Using 10 workers of 10 for evacuation
[2.924s][info][gc,phases   ] GC(13)   Pre Evacuate Collection Set: 0.2ms
[2.924s][info][gc,phases   ] GC(13)   Merge Heap Roots: 0.3ms
[2.924s][info][gc,phases   ] GC(13)   Evacuate Collection Set: 35.8ms
[2.924s][info][gc,phases   ] GC(13)   Post Evacuate Collection Set: 0.8ms
[2.924s][info][gc,phases   ] GC(13)   Other: 0.1ms
[2.924s][info][gc,heap     ] GC(13) Eden regions: 438->0(500)
[2.924s][info][gc,heap     ] GC(13) Survivor regions: 44->58(61)
[2.924s][info][gc,heap     ] GC(13) Old regions: 171->215
[2.924s][info][gc,heap     ] GC(13) Humongous regions: 11->11
[2.924s][info][gc,metaspace] GC(13) Metaspace: 1716K(1792K)->1716K(1792K) NonClass: 1577K(1600K)->1577K(1600K) Class: 138K(192K)->138K(192K)
[2.924s][info][gc          ] GC(13) Pause Young (Normal) (G1 Evacuation Pause) 1326M->566M(2266M) 37.456ms
[2.924s][info][gc,cpu      ] GC(13) User=0.17s Sys=0.14s Real=0.04s
[3.337s][info][gc,start    ] GC(14) Pause Young (Normal) (G1 Evacuation Pause)
[3.337s][info][gc,task     ] GC(14) Using 10 workers of 10 for evacuation
[3.377s][info][gc,phases   ] GC(14)   Pre Evacuate Collection Set: 0.2ms
[3.378s][info][gc,phases   ] GC(14)   Merge Heap Roots: 0.3ms
[3.378s][info][gc,phases   ] GC(14)   Evacuate Collection Set: 39.2ms
[3.378s][info][gc,phases   ] GC(14)   Post Evacuate Collection Set: 0.7ms
[3.378s][info][gc,phases   ] GC(14)   Other: 0.1ms
[3.378s][info][gc,heap     ] GC(14) Eden regions: 493->0(585)
[3.378s][info][gc,heap     ] GC(14) Survivor regions: 58->63(69)
[3.378s][info][gc,heap     ] GC(14) Old regions: 215->274
[3.378s][info][gc,heap     ] GC(14) Humongous regions: 13->11
[3.378s][info][gc,metaspace] GC(14) Metaspace: 1735K(1856K)->1735K(1856K) NonClass: 1595K(1664K)->1595K(1664K) Class: 139K(192K)->139K(192K)
[3.378s][info][gc          ] GC(14) Pause Young (Normal) (G1 Evacuation Pause) 1556M->693M(2266M) 40.889ms
[3.378s][info][gc,cpu      ] GC(14) User=0.39s Sys=0.06s Real=0.04s
[3.863s][info][gc,start    ] GC(15) Pause Young (Normal) (G1 Evacuation Pause)
[3.863s][info][gc,task     ] GC(15) Using 10 workers of 10 for evacuation
[3.906s][info][gc,phases   ] GC(15)   Pre Evacuate Collection Set: 0.2ms
[3.906s][info][gc,phases   ] GC(15)   Merge Heap Roots: 0.3ms
[3.906s][info][gc,phases   ] GC(15)   Evacuate Collection Set: 40.7ms
[3.906s][info][gc,phases   ] GC(15)   Post Evacuate Collection Set: 0.9ms
[3.906s][info][gc,phases   ] GC(15)   Other: 0.1ms
[3.906s][info][gc,heap     ] GC(15) Eden regions: 585->0(544)
[3.906s][info][gc,heap     ] GC(15) Survivor regions: 63->74(81)
[3.906s][info][gc,heap     ] GC(15) Old regions: 274->336
[3.906s][info][gc,heap     ] GC(15) Humongous regions: 16->11
[3.906s][info][gc,metaspace] GC(15) Metaspace: 1735K(1856K)->1735K(1856K) NonClass: 1595K(1664K)->1595K(1664K) Class: 139K(192K)->139K(192K)
[3.906s][info][gc          ] GC(15) Pause Young (Normal) (G1 Evacuation Pause) 1873M->838M(2340M) 42.517ms
[3.906s][info][gc,cpu      ] GC(15) User=0.38s Sys=0.06s Real=0.04s
[4.375s][info][gc,start    ] GC(16) Pause Young (Normal) (G1 Evacuation Pause)
[4.375s][info][gc,task     ] GC(16) Using 10 workers of 10 for evacuation
[4.415s][info][gc,phases   ] GC(16)   Pre Evacuate Collection Set: 0.3ms
[4.415s][info][gc,phases   ] GC(16)   Merge Heap Roots: 0.3ms
[4.415s][info][gc,phases   ] GC(16)   Evacuate Collection Set: 38.6ms
[4.415s][info][gc,phases   ] GC(16)   Post Evacuate Collection Set: 1.0ms
[4.415s][info][gc,phases   ] GC(16)   Other: 0.1ms
[4.415s][info][gc,heap     ] GC(16) Eden regions: 544->0(505)
[4.415s][info][gc,heap     ] GC(16) Survivor regions: 74->69(78)
[4.415s][info][gc,heap     ] GC(16) Old regions: 336->409
[4.415s][info][gc,heap     ] GC(16) Humongous regions: 19->11
[4.416s][info][gc,metaspace] GC(16) Metaspace: 1735K(1856K)->1735K(1856K) NonClass: 1595K(1664K)->1595K(1664K) Class: 139K(192K)->139K(192K)
[4.416s][info][gc          ] GC(16) Pause Young (Normal) (G1 Evacuation Pause) 1942M->976M(2340M) 40.558ms
[4.416s][info][gc,cpu      ] GC(16) User=0.27s Sys=0.05s Real=0.04s
[4.834s][info][gc,start    ] GC(17) Pause Young (Normal) (G1 Evacuation Pause)
[4.834s][info][gc,task     ] GC(17) Using 10 workers of 10 for evacuation
[4.871s][info][gc,phases   ] GC(17)   Pre Evacuate Collection Set: 0.3ms
[4.871s][info][gc,phases   ] GC(17)   Merge Heap Roots: 0.3ms
[4.871s][info][gc,phases   ] GC(17)   Evacuate Collection Set: 34.5ms
[4.871s][info][gc,phases   ] GC(17)   Post Evacuate Collection Set: 0.8ms
[4.871s][info][gc,phases   ] GC(17)   Other: 0.1ms
[4.871s][info][gc,heap     ] GC(17) Eden regions: 505->0(462)
[4.871s][info][gc,heap     ] GC(17) Survivor regions: 69->64(72)
[4.871s][info][gc,heap     ] GC(17) Old regions: 409->476
[4.871s][info][gc,heap     ] GC(17) Humongous regions: 12->11
[4.871s][info][gc,metaspace] GC(17) Metaspace: 1735K(1856K)->1735K(1856K) NonClass: 1595K(1664K)->1595K(1664K) Class: 139K(192K)->139K(192K)
[4.871s][info][gc          ] GC(17) Pause Young (Normal) (G1 Evacuation Pause) 1988M->1100M(2340M) 36.256ms
[4.871s][info][gc,cpu      ] GC(17) User=0.36s Sys=0.06s Real=0.04s
[5.262s][info][gc,start    ] GC(18) Pause Young (Normal) (G1 Evacuation Pause)
[5.262s][info][gc,task     ] GC(18) Using 10 workers of 10 for evacuation
[5.295s][info][gc,phases   ] GC(18)   Pre Evacuate Collection Set: 0.3ms
[5.295s][info][gc,phases   ] GC(18)   Merge Heap Roots: 0.3ms
[5.295s][info][gc,phases   ] GC(18)   Evacuate Collection Set: 31.6ms
[5.295s][info][gc,phases   ] GC(18)   Post Evacuate Collection Set: 0.9ms
[5.295s][info][gc,phases   ] GC(18)   Other: 0.1ms
[5.295s][info][gc,heap     ] GC(18) Eden regions: 462->0(418)
[5.295s][info][gc,heap     ] GC(18) Survivor regions: 64->59(66)
[5.295s][info][gc,heap     ] GC(18) Old regions: 476->539
[5.295s][info][gc,heap     ] GC(18) Humongous regions: 15->11
[5.295s][info][gc,metaspace] GC(18) Metaspace: 1737K(1856K)->1737K(1856K) NonClass: 1597K(1664K)->1597K(1664K) Class: 139K(192K)->139K(192K)
[5.295s][info][gc          ] GC(18) Pause Young (Normal) (G1 Evacuation Pause) 2032M->1214M(2340M) 33.517ms
[5.295s][info][gc,cpu      ] GC(18) User=0.31s Sys=0.00s Real=0.03s
[5.631s][info][gc,start    ] GC(19) Pause Young (Concurrent Start) (G1 Evacuation Pause)
[5.631s][info][gc,task     ] GC(19) Using 10 workers of 10 for evacuation
[5.661s][info][gc,phases   ] GC(19)   Pre Evacuate Collection Set: 0.2ms
[5.661s][info][gc,phases   ] GC(19)   Merge Heap Roots: 0.3ms
[5.661s][info][gc,phases   ] GC(19)   Evacuate Collection Set: 28.9ms
[5.661s][info][gc,phases   ] GC(19)   Post Evacuate Collection Set: 1.1ms
[5.661s][info][gc,phases   ] GC(19)   Other: 0.1ms
[5.661s][info][gc,heap     ] GC(19) Eden regions: 418->0(407)
[5.661s][info][gc,heap     ] GC(19) Survivor regions: 59->53(60)
[5.661s][info][gc,heap     ] GC(19) Old regions: 539->596
[5.661s][info][gc,heap     ] GC(19) Humongous regions: 11->11
[5.661s][info][gc,metaspace] GC(19) Metaspace: 1737K(1856K)->1737K(1856K) NonClass: 1597K(1664K)->1597K(1664K) Class: 139K(192K)->139K(192K)
[5.661s][info][gc          ] GC(19) Pause Young (Concurrent Start) (G1 Evacuation Pause) 2050M->1319M(2412M) 30.876ms
[5.661s][info][gc,cpu      ] GC(19) User=0.31s Sys=0.00s Real=0.03s
[5.661s][info][gc          ] GC(20) Concurrent Mark Cycle
[5.661s][info][gc,marking  ] GC(20) Concurrent Scan Root Regions
[5.665s][info][gc,marking  ] GC(20) Concurrent Scan Root Regions 3.829ms
[5.665s][info][gc,marking  ] GC(20) Concurrent Mark
[5.665s][info][gc,marking  ] GC(20) Concurrent Mark From Roots
[5.665s][info][gc,task     ] GC(20) Using 3 workers of 3 for marking
[5.785s][info][gc,marking  ] GC(20) Concurrent Mark From Roots 119.313ms
[5.785s][info][gc,marking  ] GC(20) Concurrent Preclean
[5.785s][info][gc,marking  ] GC(20) Concurrent Preclean 0.021ms
[5.785s][info][gc,start    ] GC(20) Pause Remark
[5.786s][info][gc          ] GC(20) Pause Remark 1525M->1185M(2412M) 1.445ms
[5.786s][info][gc,cpu      ] GC(20) User=0.00s Sys=0.00s Real=0.00s
[5.786s][info][gc,marking  ] GC(20) Concurrent Mark 121.115ms
[5.786s][info][gc,marking  ] GC(20) Concurrent Rebuild Remembered Sets and Scrub Regions
[5.882s][info][gc,marking  ] GC(20) Concurrent Rebuild Remembered Sets and Scrub Regions 95.571ms
[5.882s][info][gc,start    ] GC(20) Pause Cleanup
[5.882s][info][gc          ] GC(20) Pause Cleanup 1352M->1352M(2412M) 0.336ms
[5.883s][info][gc,cpu      ] GC(20) User=0.00s Sys=0.00s Real=0.00s
[5.883s][info][gc,marking  ] GC(20) Concurrent Clear Claimed Marks
[5.883s][info][gc,marking  ] GC(20) Concurrent Clear Claimed Marks 0.030ms
[5.883s][info][gc,marking  ] GC(20) Concurrent Cleanup for Next Mark
[5.887s][info][gc,marking  ] GC(20) Concurrent Cleanup for Next Mark 4.777ms
[5.887s][info][gc          ] GC(20) Concurrent Mark Cycle 226.077ms
[6.072s][info][gc,start    ] GC(21) Pause Young (Prepare Mixed) (G1 Evacuation Pause)
[6.072s][info][gc,task     ] GC(21) Using 10 workers of 10 for evacuation
[6.106s][info][gc,phases   ] GC(21)   Pre Evacuate Collection Set: 0.4ms
[6.106s][info][gc,phases   ] GC(21)   Merge Heap Roots: 0.5ms
[6.106s][info][gc,phases   ] GC(21)   Evacuate Collection Set: 32.4ms
[6.106s][info][gc,phases   ] GC(21)   Post Evacuate Collection Set: 0.7ms
[6.106s][info][gc,phases   ] GC(21)   Other: 0.1ms
[6.106s][info][gc,heap     ] GC(21) Eden regions: 407->0(495)
[6.106s][info][gc,heap     ] GC(21) Survivor regions: 53->53(58)
[6.106s][info][gc,heap     ] GC(21) Old regions: 432->485
[6.106s][info][gc,heap     ] GC(21) Humongous regions: 14->14
[6.106s][info][gc,metaspace] GC(21) Metaspace: 1744K(1856K)->1744K(1856K) NonClass: 1604K(1664K)->1604K(1664K) Class: 139K(192K)->139K(192K)
[6.106s][info][gc          ] GC(21) Pause Young (Prepare Mixed) (G1 Evacuation Pause) 1811M->1102M(2412M) 34.295ms
[6.106s][info][gc,cpu      ] GC(21) User=0.36s Sys=0.00s Real=0.04s
[6.538s][info][gc,start    ] GC(22) Pause Young (Mixed) (G1 Evacuation Pause)
[6.538s][info][gc,task     ] GC(22) Using 10 workers of 10 for evacuation
[6.576s][info][gc,phases   ] GC(22)   Pre Evacuate Collection Set: 0.3ms
[6.576s][info][gc,phases   ] GC(22)   Merge Heap Roots: 0.5ms
[6.577s][info][gc,phases   ] GC(22)   Evacuate Collection Set: 36.8ms
[6.577s][info][gc,phases   ] GC(22)   Post Evacuate Collection Set: 0.8ms
[6.577s][info][gc,phases   ] GC(22)   Other: 0.1ms
[6.577s][info][gc,heap     ] GC(22) Eden regions: 495->0(465)
[6.577s][info][gc,heap     ] GC(22) Survivor regions: 53->69(69)
[6.577s][info][gc,heap     ] GC(22) Old regions: 485->503
[6.577s][info][gc,heap     ] GC(22) Humongous regions: 18->14
[6.577s][info][gc,metaspace] GC(22) Metaspace: 1744K(1856K)->1744K(1856K) NonClass: 1604K(1664K)->1604K(1664K) Class: 139K(192K)->139K(192K)
[6.577s][info][gc          ] GC(22) Pause Young (Mixed) (G1 Evacuation Pause) 2100M->1171M(2412M) 38.784ms
[6.577s][info][gc,cpu      ] GC(22) User=0.47s Sys=0.00s Real=0.04s
[6.966s][info][gc,start    ] GC(23) Pause Young (Normal) (G1 Evacuation Pause)
[6.966s][info][gc,task     ] GC(23) Using 10 workers of 10 for evacuation
[7.002s][info][gc,phases   ] GC(23)   Pre Evacuate Collection Set: 0.3ms
[7.002s][info][gc,phases   ] GC(23)   Merge Heap Roots: 0.3ms
[7.002s][info][gc,phases   ] GC(23)   Evacuate Collection Set: 34.4ms
[7.002s][info][gc,phases   ] GC(23)   Post Evacuate Collection Set: 0.8ms
[7.002s][info][gc,phases   ] GC(23)   Other: 0.1ms
[7.002s][info][gc,heap     ] GC(23) Eden regions: 465->0(418)
[7.002s][info][gc,heap     ] GC(23) Survivor regions: 69->60(67)
[7.002s][info][gc,heap     ] GC(23) Old regions: 503->571
[7.002s][info][gc,heap     ] GC(23) Humongous regions: 16->14
[7.002s][info][gc,metaspace] GC(23) Metaspace: 1744K(1856K)->1744K(1856K) NonClass: 1604K(1664K)->1604K(1664K) Class: 139K(192K)->139K(192K)
[7.002s][info][gc          ] GC(23) Pause Young (Normal) (G1 Evacuation Pause) 2105M->1288M(2412M) 36.134ms
[7.002s][info][gc,cpu      ] GC(23) User=0.30s Sys=0.02s Real=0.04s
[7.045s][info][gc,start    ] GC(24) Pause Young (Concurrent Start) (G1 Humongous Allocation)
[7.045s][info][gc,task     ] GC(24) Using 10 workers of 10 for evacuation
[7.064s][info][gc,phases   ] GC(24)   Pre Evacuate Collection Set: 0.3ms
[7.064s][info][gc,phases   ] GC(24)   Merge Heap Roots: 0.2ms
[7.064s][info][gc,phases   ] GC(24)   Evacuate Collection Set: 17.4ms
[7.064s][info][gc,phases   ] GC(24)   Post Evacuate Collection Set: 0.4ms
[7.064s][info][gc,phases   ] GC(24)   Other: 0.2ms
[7.064s][info][gc,heap     ] GC(24) Eden regions: 54->0(424)
[7.064s][info][gc,heap     ] GC(24) Survivor regions: 60->10(60)
[7.064s][info][gc,heap     ] GC(24) Old regions: 571->631
[7.064s][info][gc,heap     ] GC(24) Humongous regions: 14->14
[7.064s][info][gc,metaspace] GC(24) Metaspace: 1744K(1856K)->1744K(1856K) NonClass: 1604K(1664K)->1604K(1664K) Class: 139K(192K)->139K(192K)
[7.064s][info][gc          ] GC(24) Pause Young (Concurrent Start) (G1 Humongous Allocation) 1395M->1308M(2412M) 18.683ms
[7.064s][info][gc,cpu      ] GC(24) User=0.11s Sys=0.02s Real=0.02s
[7.064s][info][gc          ] GC(25) Concurrent Mark Cycle
[7.064s][info][gc,marking  ] GC(25) Concurrent Scan Root Regions
[7.066s][info][gc,marking  ] GC(25) Concurrent Scan Root Regions 2.084ms
[7.066s][info][gc,marking  ] GC(25) Concurrent Mark
[7.066s][info][gc,marking  ] GC(25) Concurrent Mark From Roots
[7.066s][info][gc,task     ] GC(25) Using 3 workers of 3 for marking
[7.241s][info][gc,marking  ] GC(25) Concurrent Mark From Roots 174.966ms
[7.241s][info][gc,marking  ] GC(25) Concurrent Preclean
[7.241s][info][gc,marking  ] GC(25) Concurrent Preclean 0.021ms
[7.241s][info][gc,start    ] GC(25) Pause Remark
[7.243s][info][gc          ] GC(25) Pause Remark 1648M->1522M(2544M) 1.806ms
[7.243s][info][gc,cpu      ] GC(25) User=0.00s Sys=0.00s Real=0.00s
[7.243s][info][gc,marking  ] GC(25) Concurrent Mark 177.082ms
[7.243s][info][gc,marking  ] GC(25) Concurrent Rebuild Remembered Sets and Scrub Regions
[7.371s][info][gc,marking  ] GC(25) Concurrent Rebuild Remembered Sets and Scrub Regions 128.174ms
[7.371s][info][gc,start    ] GC(25) Pause Cleanup
[7.372s][info][gc          ] GC(25) Pause Cleanup 1746M->1746M(2544M) 0.395ms
[7.372s][info][gc,cpu      ] GC(25) User=0.00s Sys=0.00s Real=0.00s
[7.372s][info][gc,marking  ] GC(25) Concurrent Clear Claimed Marks
[7.372s][info][gc,marking  ] GC(25) Concurrent Clear Claimed Marks 0.032ms
[7.372s][info][gc,marking  ] GC(25) Concurrent Cleanup for Next Mark
[7.376s][info][gc,marking  ] GC(25) Concurrent Cleanup for Next Mark 3.837ms
[7.376s][info][gc          ] GC(25) Concurrent Mark Cycle 311.991ms
[7.494s][info][gc,start    ] GC(26) Pause Young (Prepare Mixed) (G1 Evacuation Pause)
[7.494s][info][gc,task     ] GC(26) Using 10 workers of 10 for evacuation
[7.512s][info][gc,phases   ] GC(26)   Pre Evacuate Collection Set: 0.3ms
[7.512s][info][gc,phases   ] GC(26)   Merge Heap Roots: 0.4ms
[7.512s][info][gc,phases   ] GC(26)   Evacuate Collection Set: 16.7ms
[7.512s][info][gc,phases   ] GC(26)   Post Evacuate Collection Set: 0.6ms
[7.512s][info][gc,phases   ] GC(26)   Other: 0.1ms
[7.512s][info][gc,heap     ] GC(26) Eden regions: 424->0(484)
[7.512s][info][gc,heap     ] GC(26) Survivor regions: 10->55(55)
[7.512s][info][gc,heap     ] GC(26) Old regions: 573->579
[7.512s][info][gc,heap     ] GC(26) Humongous regions: 11->9
[7.512s][info][gc,metaspace] GC(26) Metaspace: 1744K(1856K)->1744K(1856K) NonClass: 1604K(1664K)->1604K(1664K) Class: 139K(192K)->139K(192K)
[7.512s][info][gc          ] GC(26) Pause Young (Prepare Mixed) (G1 Evacuation Pause) 2034M->1285M(2544M) 18.381ms
[7.512s][info][gc,cpu      ] GC(26) User=0.31s Sys=0.00s Real=0.02s
[7.912s][info][gc,start    ] GC(27) Pause Young (Mixed) (G1 Evacuation Pause)
[7.912s][info][gc,task     ] GC(27) Using 10 workers of 10 for evacuation
[7.946s][info][gc,phases   ] GC(27)   Pre Evacuate Collection Set: 0.3ms
[7.946s][info][gc,phases   ] GC(27)   Merge Heap Roots: 0.4ms
[7.946s][info][gc,phases   ] GC(27)   Evacuate Collection Set: 32.3ms
[7.946s][info][gc,phases   ] GC(27)   Post Evacuate Collection Set: 1.4ms
[7.946s][info][gc,phases   ] GC(27)   Other: 0.1ms
[7.946s][info][gc,heap     ] GC(27) Eden regions: 484->0(499)
[7.946s][info][gc,heap     ] GC(27) Survivor regions: 55->62(68)
[7.946s][info][gc,heap     ] GC(27) Old regions: 579->619
[7.946s][info][gc,heap     ] GC(27) Humongous regions: 11->9
[7.946s][info][gc,metaspace] GC(27) Metaspace: 1744K(1856K)->1744K(1856K) NonClass: 1604K(1664K)->1604K(1664K) Class: 139K(192K)->139K(192K)
[7.947s][info][gc          ] GC(27) Pause Young (Mixed) (G1 Evacuation Pause) 2257M->1376M(2686M) 34.709ms
[7.947s][info][gc,cpu      ] GC(27) User=0.31s Sys=0.00s Real=0.03s
[8.169s][info][gc,start    ] GC(28) Pause Young (Concurrent Start) (G1 Humongous Allocation)
[8.169s][info][gc,task     ] GC(28) Using 10 workers of 10 for evacuation
[8.197s][info][gc,phases   ] GC(28)   Pre Evacuate Collection Set: 0.3ms
[8.197s][info][gc,phases   ] GC(28)   Merge Heap Roots: 0.3ms
[8.197s][info][gc,phases   ] GC(28)   Evacuate Collection Set: 26.6ms
[8.197s][info][gc,phases   ] GC(28)   Post Evacuate Collection Set: 0.7ms
[8.197s][info][gc,phases   ] GC(28)   Other: 0.2ms
[8.197s][info][gc,heap     ] GC(28) Eden regions: 235->0(486)
[8.197s][info][gc,heap     ] GC(28) Survivor regions: 62->30(71)
[8.197s][info][gc,heap     ] GC(28) Old regions: 619->679
[8.197s][info][gc,heap     ] GC(28) Humongous regions: 9->9
[8.198s][info][gc,metaspace] GC(28) Metaspace: 1744K(1856K)->1744K(1856K) NonClass: 1604K(1664K)->1604K(1664K) Class: 139K(192K)->139K(192K)
[8.198s][info][gc          ] GC(28) Pause Young (Concurrent Start) (G1 Humongous Allocation) 1845M->1435M(2686M) 28.308ms
[8.198s][info][gc          ] GC(29) Concurrent Mark Cycle
[8.198s][info][gc,cpu      ] GC(28) User=0.16s Sys=0.00s Real=0.03s
[8.198s][info][gc,marking  ] GC(29) Concurrent Scan Root Regions
[8.201s][info][gc,marking  ] GC(29) Concurrent Scan Root Regions 2.887ms
[8.201s][info][gc,marking  ] GC(29) Concurrent Mark
[8.201s][info][gc,marking  ] GC(29) Concurrent Mark From Roots
[8.201s][info][gc,task     ] GC(29) Using 3 workers of 3 for marking
[8.384s][info][gc,marking  ] GC(29) Concurrent Mark From Roots 183.057ms
[8.384s][info][gc,marking  ] GC(29) Concurrent Preclean
[8.384s][info][gc,marking  ] GC(29) Concurrent Preclean 0.025ms
[8.384s][info][gc,start    ] GC(29) Pause Remark
[8.386s][info][gc          ] GC(29) Pause Remark 1820M->1710M(2854M) 1.751ms
[8.386s][info][gc,cpu      ] GC(29) User=0.00s Sys=0.00s Real=0.00s
[8.386s][info][gc,marking  ] GC(29) Concurrent Mark 185.132ms
[8.386s][info][gc,marking  ] GC(29) Concurrent Rebuild Remembered Sets and Scrub Regions
[8.527s][info][gc,marking  ] GC(29) Concurrent Rebuild Remembered Sets and Scrub Regions 141.662ms
[8.527s][info][gc,start    ] GC(29) Pause Cleanup
[8.528s][info][gc          ] GC(29) Pause Cleanup 1902M->1902M(2854M) 0.535ms
[8.528s][info][gc,cpu      ] GC(29) User=0.00s Sys=0.00s Real=0.00s
[8.528s][info][gc,marking  ] GC(29) Concurrent Clear Claimed Marks
[8.528s][info][gc,marking  ] GC(29) Concurrent Clear Claimed Marks 0.043ms
[8.528s][info][gc,marking  ] GC(29) Concurrent Cleanup for Next Mark
[8.533s][info][gc,marking  ] GC(29) Concurrent Cleanup for Next Mark 5.145ms
[8.533s][info][gc          ] GC(29) Concurrent Mark Cycle 335.827ms
[8.741s][info][gc,start    ] GC(30) Pause Young (Prepare Mixed) (G1 Evacuation Pause)
[8.741s][info][gc,task     ] GC(30) Using 10 workers of 10 for evacuation
[8.770s][info][gc,phases   ] GC(30)   Pre Evacuate Collection Set: 0.2ms
[8.770s][info][gc,phases   ] GC(30)   Merge Heap Roots: 0.5ms
[8.770s][info][gc,phases   ] GC(30)   Evacuate Collection Set: 27.2ms
[8.770s][info][gc,phases   ] GC(30)   Post Evacuate Collection Set: 0.8ms
[8.770s][info][gc,phases   ] GC(30)   Other: 0.1ms
[8.770s][info][gc,heap     ] GC(30) Eden regions: 486->0(545)
[8.770s][info][gc,heap     ] GC(30) Survivor regions: 30->65(65)
[8.770s][info][gc,heap     ] GC(30) Old regions: 624->651
[8.770s][info][gc,heap     ] GC(30) Humongous regions: 14->9
[8.770s][info][gc,metaspace] GC(30) Metaspace: 1744K(1856K)->1744K(1856K) NonClass: 1604K(1664K)->1604K(1664K) Class: 139K(192K)->139K(192K)
[8.770s][info][gc          ] GC(30) Pause Young (Prepare Mixed) (G1 Evacuation Pause) 2307M->1449M(2854M) 29.035ms
[8.770s][info][gc,cpu      ] GC(30) User=0.28s Sys=0.00s Real=0.03s
[9.682s][info][gc,start    ] GC(31) Pause Young (Mixed) (G1 Evacuation Pause)
[9.682s][info][gc,task     ] GC(31) Using 10 workers of 10 for evacuation
[9.723s][info][gc,phases   ] GC(31)   Pre Evacuate Collection Set: 0.3ms
[9.723s][info][gc,phases   ] GC(31)   Merge Heap Roots: 0.5ms
[9.723s][info][gc,phases   ] GC(31)   Evacuate Collection Set: 39.1ms
[9.723s][info][gc,phases   ] GC(31)   Post Evacuate Collection Set: 0.8ms
[9.723s][info][gc,phases   ] GC(31)   Other: 0.1ms
[9.723s][info][gc,heap     ] GC(31) Eden regions: 545->0(548)
[9.723s][info][gc,heap     ] GC(31) Survivor regions: 65->65(77)
[9.723s][info][gc,heap     ] GC(31) Old regions: 651->665
[9.723s][info][gc,heap     ] GC(31) Humongous regions: 9->9
[9.723s][info][gc,metaspace] GC(31) Metaspace: 1744K(1856K)->1744K(1856K) NonClass: 1604K(1664K)->1604K(1664K) Class: 139K(192K)->139K(192K)
[9.723s][info][gc          ] GC(31) Pause Young (Mixed) (G1 Evacuation Pause) 2539M->1476M(2854M) 41.057ms
[9.723s][info][gc,cpu      ] GC(31) User=0.30s Sys=0.03s Real=0.04s
[10.751s][info][gc,start    ] GC(32) Pause Young (Concurrent Start) (G1 Evacuation Pause)
[10.751s][info][gc,task     ] GC(32) Using 10 workers of 10 for evacuation
[10.793s][info][gc,phases   ] GC(32)   Pre Evacuate Collection Set: 0.3ms
[10.793s][info][gc,phases   ] GC(32)   Merge Heap Roots: 0.5ms
[10.793s][info][gc,phases   ] GC(32)   Evacuate Collection Set: 40.0ms
[10.793s][info][gc,phases   ] GC(32)   Post Evacuate Collection Set: 0.8ms
[10.793s][info][gc,phases   ] GC(32)   Other: 0.2ms
[10.793s][info][gc,heap     ] GC(32) Eden regions: 548->0(555)
[10.793s][info][gc,heap     ] GC(32) Survivor regions: 65->41(77)
[10.793s][info][gc,heap     ] GC(32) Old regions: 665->705
[10.793s][info][gc,heap     ] GC(32) Humongous regions: 9->9
[10.793s][info][gc,metaspace] GC(32) Metaspace: 1744K(1856K)->1744K(1856K) NonClass: 1604K(1664K)->1604K(1664K) Class: 139K(192K)->139K(192K)
[10.793s][info][gc          ] GC(32) Pause Young (Concurrent Start) (G1 Evacuation Pause) 2572M->1508M(2854M) 42.054ms
[10.793s][info][gc,cpu      ] GC(32) User=0.47s Sys=0.00s Real=0.04s
[10.793s][info][gc          ] GC(33) Concurrent Mark Cycle
[10.793s][info][gc,marking  ] GC(33) Concurrent Scan Root Regions
[10.802s][info][gc,marking  ] GC(33) Concurrent Scan Root Regions 8.500ms
[10.802s][info][gc,marking  ] GC(33) Concurrent Mark
[10.802s][info][gc,marking  ] GC(33) Concurrent Mark From Roots
[10.802s][info][gc,task     ] GC(33) Using 3 workers of 3 for marking
[10.969s][info][gc,marking  ] GC(33) Concurrent Mark From Roots 166.616ms
[10.969s][info][gc,marking  ] GC(33) Concurrent Preclean
[10.969s][info][gc,marking  ] GC(33) Concurrent Preclean 0.022ms
[10.969s][info][gc,start    ] GC(33) Pause Remark
[10.970s][info][gc          ] GC(33) Pause Remark 1649M->1417M(2854M) 0.869ms
[10.970s][info][gc,cpu      ] GC(33) User=0.00s Sys=0.00s Real=0.00s
[10.970s][info][gc,marking  ] GC(33) Concurrent Mark 167.855ms
[10.970s][info][gc,marking  ] GC(33) Concurrent Rebuild Remembered Sets and Scrub Regions
[11.099s][info][gc,marking  ] GC(33) Concurrent Rebuild Remembered Sets and Scrub Regions 129.542ms
[11.099s][info][gc,start    ] GC(33) Pause Cleanup
[11.100s][info][gc          ] GC(33) Pause Cleanup 1520M->1520M(2854M) 0.362ms
[11.100s][info][gc,cpu      ] GC(33) User=0.00s Sys=0.00s Real=0.00s
[11.100s][info][gc,marking  ] GC(33) Concurrent Clear Claimed Marks
[11.100s][info][gc,marking  ] GC(33) Concurrent Clear Claimed Marks 0.029ms
[11.100s][info][gc,marking  ] GC(33) Concurrent Cleanup for Next Mark
[11.104s][info][gc,marking  ] GC(33) Concurrent Cleanup for Next Mark 3.577ms
[11.104s][info][gc          ] GC(33) Concurrent Mark Cycle 310.272ms
[11.922s][info][gc,start    ] GC(34) Pause Young (Prepare Mixed) (G1 Evacuation Pause)
[11.922s][info][gc,task     ] GC(34) Using 10 workers of 10 for evacuation
[11.965s][info][gc,phases   ] GC(34)   Pre Evacuate Collection Set: 0.3ms
[11.965s][info][gc,phases   ] GC(34)   Merge Heap Roots: 0.8ms
[11.965s][info][gc,phases   ] GC(34)   Evacuate Collection Set: 40.5ms
[11.965s][info][gc,phases   ] GC(34)   Post Evacuate Collection Set: 0.9ms
[11.965s][info][gc,phases   ] GC(34)   Other: 0.1ms
[11.965s][info][gc,heap     ] GC(34) Eden regions: 555->0(655)
[11.965s][info][gc,heap     ] GC(34) Survivor regions: 41->51(75)
[11.965s][info][gc,heap     ] GC(34) Old regions: 589->589
[11.965s][info][gc,heap     ] GC(34) Humongous regions: 9->9
[11.965s][info][gc,metaspace] GC(34) Metaspace: 1744K(1856K)->1744K(1856K) NonClass: 1604K(1664K)->1604K(1664K) Class: 139K(192K)->139K(192K)
[11.965s][info][gc          ] GC(34) Pause Young (Prepare Mixed) (G1 Evacuation Pause) 2386M->1297M(2854M) 42.810ms
[11.965s][info][gc,cpu      ] GC(34) User=0.47s Sys=0.00s Real=0.04s
[13.190s][info][gc,start    ] GC(35) Pause Young (Mixed) (G1 Evacuation Pause)
[13.190s][info][gc,task     ] GC(35) Using 10 workers of 10 for evacuation
[13.242s][info][gc,phases   ] GC(35)   Pre Evacuate Collection Set: 0.3ms
[13.242s][info][gc,phases   ] GC(35)   Merge Heap Roots: 0.7ms
[13.242s][info][gc,phases   ] GC(35)   Evacuate Collection Set: 50.2ms
[13.242s][info][gc,phases   ] GC(35)   Post Evacuate Collection Set: 1.0ms
[13.242s][info][gc,phases   ] GC(35)   Other: 0.1ms
[13.242s][info][gc,heap     ] GC(35) Eden regions: 655->0(671)
[13.242s][info][gc,heap     ] GC(35) Survivor regions: 51->40(89)
[13.242s][info][gc,heap     ] GC(35) Old regions: 589->595
[13.242s][info][gc,heap     ] GC(35) Humongous regions: 9->9
[13.242s][info][gc,metaspace] GC(35) Metaspace: 1744K(1856K)->1744K(1856K) NonClass: 1604K(1664K)->1604K(1664K) Class: 139K(192K)->139K(192K)
[13.242s][info][gc          ] GC(35) Pause Young (Mixed) (G1 Evacuation Pause) 2607M->1286M(2854M) 52.483ms
[13.242s][info][gc,cpu      ] GC(35) User=0.45s Sys=0.00s Real=0.05s
[13.867s][info][gc,start    ] GC(36) Pause Young (Concurrent Start) (G1 Humongous Allocation)
[13.867s][info][gc,task     ] GC(36) Using 10 workers of 10 for evacuation
[13.916s][info][gc,phases   ] GC(36)   Pre Evacuate Collection Set: 0.3ms
[13.916s][info][gc,phases   ] GC(36)   Merge Heap Roots: 0.8ms
[13.916s][info][gc,phases   ] GC(36)   Evacuate Collection Set: 46.9ms
[13.916s][info][gc,phases   ] GC(36)   Post Evacuate Collection Set: 0.8ms
[13.916s][info][gc,phases   ] GC(36)   Other: 0.2ms
[13.916s][info][gc,heap     ] GC(36) Eden regions: 337->0(659)
[13.916s][info][gc,heap     ] GC(36) Survivor regions: 40->46(89)
[13.916s][info][gc,heap     ] GC(36) Old regions: 595->595
[13.916s][info][gc,heap     ] GC(36) Humongous regions: 9->9
[13.916s][info][gc,metaspace] GC(36) Metaspace: 1746K(1856K)->1746K(1856K) NonClass: 1606K(1664K)->1606K(1664K) Class: 139K(192K)->139K(192K)
[13.916s][info][gc          ] GC(36) Pause Young (Concurrent Start) (G1 Humongous Allocation) 1959M->1299M(2854M) 49.199ms
[13.916s][info][gc,cpu      ] GC(36) User=0.47s Sys=0.00s Real=0.05s
[13.916s][info][gc          ] GC(37) Concurrent Mark Cycle
[13.916s][info][gc,marking  ] GC(37) Concurrent Scan Root Regions
[13.930s][info][gc,marking  ] GC(37) Concurrent Scan Root Regions 13.481ms
[13.930s][info][gc,marking  ] GC(37) Concurrent Mark
[13.930s][info][gc,marking  ] GC(37) Concurrent Mark From Roots
[13.930s][info][gc,task     ] GC(37) Using 3 workers of 3 for marking
[14.128s][info][gc,marking  ] GC(37) Concurrent Mark From Roots 197.699ms
[14.128s][info][gc,marking  ] GC(37) Concurrent Preclean
[14.128s][info][gc,marking  ] GC(37) Concurrent Preclean 0.018ms
[14.128s][info][gc,start    ] GC(37) Pause Remark
[14.129s][info][gc          ] GC(37) Pause Remark 1437M->1115M(2854M) 1.006ms
[14.129s][info][gc,cpu      ] GC(37) User=0.00s Sys=0.00s Real=0.00s
[14.129s][info][gc,marking  ] GC(37) Concurrent Mark 199.030ms
[14.129s][info][gc,marking  ] GC(37) Concurrent Rebuild Remembered Sets and Scrub Regions
[14.308s][info][gc,marking  ] GC(37) Concurrent Rebuild Remembered Sets and Scrub Regions 179.321ms
[14.308s][info][gc,start    ] GC(37) Pause Cleanup
[14.309s][info][gc          ] GC(37) Pause Cleanup 1271M->1271M(2854M) 0.363ms
[14.309s][info][gc,cpu      ] GC(37) User=0.00s Sys=0.00s Real=0.00s
[14.309s][info][gc,marking  ] GC(37) Concurrent Clear Claimed Marks
[14.309s][info][gc,marking  ] GC(37) Concurrent Clear Claimed Marks 0.031ms
[14.309s][info][gc,marking  ] GC(37) Concurrent Cleanup for Next Mark
[14.313s][info][gc,marking  ] GC(37) Concurrent Cleanup for Next Mark 3.653ms
[14.313s][info][gc          ] GC(37) Concurrent Mark Cycle 396.420ms
[15.324s][info][gc,start    ] GC(38) Pause Young (Prepare Mixed) (G1 Evacuation Pause)
[15.325s][info][gc,task     ] GC(38) Using 10 workers of 10 for evacuation
[15.409s][info][gc,phases   ] GC(38)   Pre Evacuate Collection Set: 0.3ms
[15.409s][info][gc,phases   ] GC(38)   Merge Heap Roots: 1.4ms
[15.409s][info][gc,phases   ] GC(38)   Evacuate Collection Set: 81.7ms
[15.409s][info][gc,phases   ] GC(38)   Post Evacuate Collection Set: 1.0ms
[15.409s][info][gc,phases   ] GC(38)   Other: 0.2ms
[15.409s][info][gc,heap     ] GC(38) Eden regions: 659->0(709)
[15.409s][info][gc,heap     ] GC(38) Survivor regions: 46->67(89)
[15.409s][info][gc,heap     ] GC(38) Old regions: 434->434
[15.409s][info][gc,heap     ] GC(38) Humongous regions: 26->26
[15.409s][info][gc,metaspace] GC(38) Metaspace: 1746K(1856K)->1746K(1856K) NonClass: 1606K(1664K)->1606K(1664K) Class: 139K(192K)->139K(192K)
[15.409s][info][gc          ] GC(38) Pause Young (Prepare Mixed) (G1 Evacuation Pause) 2329M->1053M(2854M) 84.836ms
[15.409s][info][gc,cpu      ] GC(38) User=0.78s Sys=0.00s Real=0.09s
[16.758s][info][gc,start    ] GC(39) Pause Young (Mixed) (G1 Evacuation Pause)
[16.758s][info][gc,task     ] GC(39) Using 10 workers of 10 for evacuation
[16.851s][info][gc,phases   ] GC(39)   Pre Evacuate Collection Set: 0.3ms
[16.851s][info][gc,phases   ] GC(39)   Merge Heap Roots: 1.1ms
[16.851s][info][gc,phases   ] GC(39)   Evacuate Collection Set: 90.3ms
[16.851s][info][gc,phases   ] GC(39)   Post Evacuate Collection Set: 1.0ms
[16.851s][info][gc,phases   ] GC(39)   Other: 0.2ms
[16.851s][info][gc,heap     ] GC(39) Eden regions: 709->0(776)
[16.851s][info][gc,heap     ] GC(39) Survivor regions: 67->56(97)
[16.851s][info][gc,heap     ] GC(39) Old regions: 434->441
[16.851s][info][gc,heap     ] GC(39) Humongous regions: 26->26
[16.851s][info][gc,metaspace] GC(39) Metaspace: 1746K(1856K)->1746K(1856K) NonClass: 1606K(1664K)->1606K(1664K) Class: 139K(192K)->139K(192K)
[16.851s][info][gc          ] GC(39) Pause Young (Mixed) (G1 Evacuation Pause) 2471M->1045M(2854M) 93.155ms
[16.851s][info][gc,cpu      ] GC(39) User=0.94s Sys=0.00s Real=0.09s
[18.219s][info][gc,start    ] GC(40) Pause Young (Concurrent Start) (G1 Humongous Allocation)
[18.219s][info][gc,task     ] GC(40) Using 10 workers of 10 for evacuation
[18.305s][info][gc,phases   ] GC(40)   Pre Evacuate Collection Set: 0.3ms
[18.305s][info][gc,phases   ] GC(40)   Merge Heap Roots: 1.0ms
[18.305s][info][gc,phases   ] GC(40)   Evacuate Collection Set: 83.5ms
[18.306s][info][gc,phases   ] GC(40)   Post Evacuate Collection Set: 1.2ms
[18.306s][info][gc,phases   ] GC(40)   Other: 0.2ms
[18.306s][info][gc,heap     ] GC(40) Eden regions: 699->0(755)
[18.306s][info][gc,heap     ] GC(40) Survivor regions: 56->59(104)
[18.306s][info][gc,heap     ] GC(40) Old regions: 441->456
[18.306s][info][gc,heap     ] GC(40) Humongous regions: 26->26
[18.306s][info][gc,metaspace] GC(40) Metaspace: 1883K(2048K)->1883K(2048K) NonClass: 1722K(1792K)->1722K(1792K) Class: 161K(256K)->161K(256K)
[18.306s][info][gc          ] GC(40) Pause Young (Concurrent Start) (G1 Humongous Allocation) 2443M->1082M(2854M) 86.413ms
[18.306s][info][gc,cpu      ] GC(40) User=0.78s Sys=0.00s Real=0.09s
[18.306s][info][gc          ] GC(41) Concurrent Mark Cycle
[18.306s][info][gc,marking  ] GC(41) Concurrent Scan Root Regions
[18.352s][info][gc,marking  ] GC(41) Concurrent Scan Root Regions 46.091ms
[18.352s][info][gc,marking  ] GC(41) Concurrent Mark
[18.352s][info][gc,marking  ] GC(41) Concurrent Mark From Roots
[18.352s][info][gc,task     ] GC(41) Using 3 workers of 3 for marking
[18.560s][info][gc,marking  ] GC(41) Concurrent Mark From Roots 208.401ms
[18.560s][info][gc,marking  ] GC(41) Concurrent Preclean
[18.560s][info][gc,marking  ] GC(41) Concurrent Preclean 0.021ms
[18.560s][info][gc,start    ] GC(41) Pause Remark
[18.562s][info][gc          ] GC(41) Pause Remark 1210M->732M(2440M) 1.263ms
[18.562s][info][gc,cpu      ] GC(41) User=0.00s Sys=0.00s Real=0.00s
[18.562s][info][gc,marking  ] GC(41) Concurrent Mark 209.975ms
[18.562s][info][gc,marking  ] GC(41) Concurrent Rebuild Remembered Sets and Scrub Regions
[18.741s][info][gc,marking  ] GC(41) Concurrent Rebuild Remembered Sets and Scrub Regions 178.798ms
[18.741s][info][gc,start    ] GC(41) Pause Cleanup
[18.741s][info][gc          ] GC(41) Pause Cleanup 742M->742M(2440M) 0.359ms
[18.741s][info][gc,cpu      ] GC(41) User=0.00s Sys=0.00s Real=0.00s
[18.741s][info][gc,marking  ] GC(41) Concurrent Clear Claimed Marks
[18.741s][info][gc,marking  ] GC(41) Concurrent Clear Claimed Marks 0.033ms
[18.741s][info][gc,marking  ] GC(41) Concurrent Cleanup for Next Mark
[18.744s][info][gc,marking  ] GC(41) Concurrent Cleanup for Next Mark 2.863ms
[18.744s][info][gc          ] GC(41) Concurrent Mark Cycle 438.582ms
[19.233s][info][gc,heap,exit] Heap
[19.233s][info][gc,heap,exit]  garbage-first heap   total 2498560K, used 773634K [0x0000000700000000, 0x0000000800000000)
[19.233s][info][gc,heap,exit]   region size 2048K, 103 young (210944K), 59 survivors (120832K)
[19.233s][info][gc,heap,exit]  Metaspace       used 1967K, committed 2112K, reserved 1114112K
[19.233s][info][gc,heap,exit]   class space    used 169K, committed 256K, reserved 1048576K
