[0.014s][info][gc,init] CardTable entry size: 512
[0.014s][info][gc     ] Using G1
[0.025s][info][gc,init] Version: 21.0.5+9-LTS-239 (release)
[0.025s][info][gc,init] CPUs: 12 total, 12 available
[0.025s][info][gc,init] Memory: 16190M
[0.025s][info][gc,init] Large Page Support: Disabled
[0.025s][info][gc,init] NUMA Support: Disabled
[0.025s][info][gc,init] Compressed Oops: Enabled (Zero based)
[0.025s][info][gc,init] Heap Region Size: 2M
[0.025s][info][gc,init] Heap Min Capacity: 2G
[0.025s][info][gc,init] Heap Initial Capacity: 2G
[0.025s][info][gc,init] Heap Max Capacity: 4G
[0.025s][info][gc,init] Pre-touch: Disabled
[0.025s][info][gc,init] Parallel Workers: 10
[0.025s][info][gc,init] Concurrent Workers: 3
[0.026s][info][gc,init] Concurrent Refinement Workers: 10
[0.026s][info][gc,init] Periodic GC: Disabled
[0.034s][info][gc,metaspace] CDS archive(s) mapped at: [0x0000023e2f000000-0x0000023e2fc90000-0x0000023e2fc90000), size 13172736, SharedBaseAddress: 0x0000023e2f000000, ArchiveRelocationMode: 1.
[0.034s][info][gc,metaspace] Compressed class space mapped at: 0x0000023e30000000-0x0000023e70000000, reserved size: 1073741824
[0.034s][info][gc,metaspace] Narrow klass base: 0x0000023e2f000000, Narrow klass shift: 0, Narrow klass range: 0x100000000
[0.400s][info][gc,start    ] GC(0) Pause Young (Normal) (G1 Evacuation Pause)
[0.401s][info][gc,task     ] GC(0) Using 10 workers of 10 for evacuation
[0.405s][info][gc,phases   ] GC(0)   Pre Evacuate Collection Set: 0.2ms
[0.405s][info][gc,phases   ] GC(0)   Merge Heap Roots: 0.1ms
[0.405s][info][gc,phases   ] GC(0)   Evacuate Collection Set: 4.0ms
[0.405s][info][gc,phases   ] GC(0)   Post Evacuate Collection Set: 0.4ms
[0.406s][info][gc,phases   ] GC(0)   Other: 0.6ms
[0.406s][info][gc,heap     ] GC(0) Eden regions: 51->0(45)
[0.406s][info][gc,heap     ] GC(0) Survivor regions: 0->6(7)
[0.406s][info][gc,heap     ] GC(0) Old regions: 0->0
[0.406s][info][gc,heap     ] GC(0) Humongous regions: 0->0
[0.406s][info][gc,metaspace] GC(0) Metaspace: 1622K(1728K)->1622K(1728K) NonClass: 1488K(1536K)->1488K(1536K) Class: 133K(192K)->133K(192K)
[0.406s][info][gc          ] GC(0) Pause Young (Normal) (G1 Evacuation Pause) 102M->10M(2048M) 5.676ms
[0.406s][info][gc,cpu      ] GC(0) User=0.08s Sys=0.08s Real=0.01s
[0.523s][info][gc,start    ] GC(1) Pause Young (Normal) (G1 Evacuation Pause)
[0.523s][info][gc,task     ] GC(1) Using 10 workers of 10 for evacuation
[0.529s][info][gc,phases   ] GC(1)   Pre Evacuate Collection Set: 0.2ms
[0.529s][info][gc,phases   ] GC(1)   Merge Heap Roots: 0.1ms
[0.529s][info][gc,phases   ] GC(1)   Evacuate Collection Set: 4.7ms
[0.529s][info][gc,phases   ] GC(1)   Post Evacuate Collection Set: 0.4ms
[0.529s][info][gc,phases   ] GC(1)   Other: 0.1ms
[0.529s][info][gc,heap     ] GC(1) Eden regions: 45->0(51)
[0.529s][info][gc,heap     ] GC(1) Survivor regions: 6->5(7)
[0.529s][info][gc,heap     ] GC(1) Old regions: 0->3
[0.529s][info][gc,heap     ] GC(1) Humongous regions: 1->0
[0.529s][info][gc,metaspace] GC(1) Metaspace: 1630K(1728K)->1630K(1728K) NonClass: 1496K(1536K)->1496K(1536K) Class: 133K(192K)->133K(192K)
[0.529s][info][gc          ] GC(1) Pause Young (Normal) (G1 Evacuation Pause) 102M->14M(2048M) 5.792ms
[0.529s][info][gc,cpu      ] GC(1) User=0.00s Sys=0.00s Real=0.01s
[0.672s][info][gc,start    ] GC(2) Pause Young (Normal) (G1 Evacuation Pause)
[0.672s][info][gc,task     ] GC(2) Using 10 workers of 10 for evacuation
[0.679s][info][gc,phases   ] GC(2)   Pre Evacuate Collection Set: 0.2ms
[0.679s][info][gc,phases   ] GC(2)   Merge Heap Roots: 0.1ms
[0.679s][info][gc,phases   ] GC(2)   Evacuate Collection Set: 6.3ms
[0.679s][info][gc,phases   ] GC(2)   Post Evacuate Collection Set: 0.3ms
[0.679s][info][gc,phases   ] GC(2)   Other: 0.1ms
[0.679s][info][gc,heap     ] GC(2) Eden regions: 51->0(55)
[0.679s][info][gc,heap     ] GC(2) Survivor regions: 5->7(7)
[0.679s][info][gc,heap     ] GC(2) Old regions: 3->6
[0.679s][info][gc,heap     ] GC(2) Humongous regions: 1->1
[0.679s][info][gc,metaspace] GC(2) Metaspace: 1639K(1728K)->1639K(1728K) NonClass: 1505K(1536K)->1505K(1536K) Class: 133K(192K)->133K(192K)
[0.679s][info][gc          ] GC(2) Pause Young (Normal) (G1 Evacuation Pause) 118M->27M(2048M) 7.291ms
[0.679s][info][gc,cpu      ] GC(2) User=0.00s Sys=0.00s Real=0.01s
[0.754s][info][gc,start    ] GC(3) Pause Young (Normal) (G1 Evacuation Pause)
[0.755s][info][gc,task     ] GC(3) Using 10 workers of 10 for evacuation
[0.760s][info][gc,phases   ] GC(3)   Pre Evacuate Collection Set: 0.2ms
[0.760s][info][gc,phases   ] GC(3)   Merge Heap Roots: 0.1ms
[0.760s][info][gc,phases   ] GC(3)   Evacuate Collection Set: 4.9ms
[0.760s][info][gc,phases   ] GC(3)   Post Evacuate Collection Set: 0.4ms
[0.760s][info][gc,phases   ] GC(3)   Other: 0.1ms
[0.760s][info][gc,heap     ] GC(3) Eden regions: 44->0(72)
[0.760s][info][gc,heap     ] GC(3) Survivor regions: 7->7(7)
[0.760s][info][gc,heap     ] GC(3) Old regions: 6->11
[0.760s][info][gc,heap     ] GC(3) Humongous regions: 1->1
[0.760s][info][gc,metaspace] GC(3) Metaspace: 1650K(1728K)->1650K(1728K) NonClass: 1516K(1536K)->1516K(1536K) Class: 133K(192K)->133K(192K)
[0.760s][info][gc          ] GC(3) Pause Young (Normal) (G1 Evacuation Pause) 115M->35M(2048M) 5.963ms
[0.760s][info][gc,cpu      ] GC(3) User=0.00s Sys=0.00s Real=0.01s
[0.949s][info][gc,start    ] GC(4) Pause Young (Normal) (G1 Evacuation Pause)
[0.949s][info][gc,task     ] GC(4) Using 10 workers of 10 for evacuation
[0.956s][info][gc,phases   ] GC(4)   Pre Evacuate Collection Set: 0.3ms
[0.956s][info][gc,phases   ] GC(4)   Merge Heap Roots: 0.1ms
[0.956s][info][gc,phases   ] GC(4)   Evacuate Collection Set: 6.6ms
[0.957s][info][gc,phases   ] GC(4)   Post Evacuate Collection Set: 0.5ms
[0.957s][info][gc,phases   ] GC(4)   Other: 0.1ms
[0.957s][info][gc,heap     ] GC(4) Eden regions: 60->0(146)
[0.957s][info][gc,heap     ] GC(4) Survivor regions: 7->5(9)
[0.957s][info][gc,heap     ] GC(4) Old regions: 11->16
[0.957s][info][gc,heap     ] GC(4) Humongous regions: 1->1
[0.957s][info][gc,metaspace] GC(4) Metaspace: 1675K(1792K)->1675K(1792K) NonClass: 1541K(1600K)->1541K(1600K) Class: 133K(192K)->133K(192K)
[0.957s][info][gc          ] GC(4) Pause Young (Normal) (G1 Evacuation Pause) 155M->41M(2048M) 7.833ms
[0.957s][info][gc,cpu      ] GC(4) User=0.06s Sys=0.06s Real=0.01s
[1.228s][info][gc,heap,exit] Heap
[1.228s][info][gc,heap,exit]  garbage-first heap   total 2097152K, used 151213K [0x0000000700000000, 0x0000000800000000)
[1.228s][info][gc,heap,exit]   region size 2048K, 57 young (116736K), 5 survivors (10240K)
[1.228s][info][gc,heap,exit]  Metaspace       used 1890K, committed 2048K, reserved 1114112K
[1.228s][info][gc,heap,exit]   class space    used 163K, committed 256K, reserved 1048576K
