[0.010s][info][gc,init] CardTable entry size: 512
[0.010s][info][gc     ] Using G1
[0.019s][info][gc,init] Version: 21.0.5+9-LTS-239 (release)
[0.019s][info][gc,init] CPUs: 12 total, 12 available
[0.019s][info][gc,init] Memory: 16190M
[0.019s][info][gc,init] Large Page Support: Disabled
[0.019s][info][gc,init] NUMA Support: Disabled
[0.019s][info][gc,init] Compressed Oops: Enabled (Zero based)
[0.019s][info][gc,init] Heap Region Size: 2M
[0.019s][info][gc,init] Heap Min Capacity: 2G
[0.019s][info][gc,init] Heap Initial Capacity: 2G
[0.019s][info][gc,init] Heap Max Capacity: 4G
[0.019s][info][gc,init] Pre-touch: Disabled
[0.019s][info][gc,init] Parallel Workers: 10
[0.019s][info][gc,init] Concurrent Workers: 3
[0.020s][info][gc,init] Concurrent Refinement Workers: 10
[0.020s][info][gc,init] Periodic GC: Disabled
[0.028s][info][gc,metaspace] CDS archive(s) mapped at: [0x0000017d00000000-0x0000017d00c90000-0x0000017d00c90000), size 13172736, SharedBaseAddress: 0x0000017d00000000, ArchiveRelocationMode: 1.
[0.028s][info][gc,metaspace] Compressed class space mapped at: 0x0000017d01000000-0x0000017d41000000, reserved size: 1073741824
[0.028s][info][gc,metaspace] Narrow klass base: 0x0000017d00000000, Narrow klass shift: 0, Narrow klass range: 0x100000000
[0.497s][info][gc,start    ] GC(0) Pause Young (Normal) (G1 Evacuation Pause)
[0.499s][info][gc,task     ] GC(0) Using 10 workers of 10 for evacuation
[0.503s][info][gc,phases   ] GC(0)   Pre Evacuate Collection Set: 0.2ms
[0.503s][info][gc,phases   ] GC(0)   Merge Heap Roots: 0.1ms
[0.503s][info][gc,phases   ] GC(0)   Evacuate Collection Set: 3.5ms
[0.503s][info][gc,phases   ] GC(0)   Post Evacuate Collection Set: 0.5ms
[0.503s][info][gc,phases   ] GC(0)   Other: 2.1ms
[0.503s][info][gc,heap     ] GC(0) Eden regions: 51->0(44)
[0.503s][info][gc,heap     ] GC(0) Survivor regions: 0->7(7)
[0.503s][info][gc,heap     ] GC(0) Old regions: 0->4
[0.503s][info][gc,heap     ] GC(0) Humongous regions: 1->0
[0.503s][info][gc,metaspace] GC(0) Metaspace: 1309K(1472K)->1309K(1472K) NonClass: 1212K(1280K)->1212K(1280K) Class: 97K(192K)->97K(192K)
[0.503s][info][gc          ] GC(0) Pause Young (Normal) (G1 Evacuation Pause) 104M->21M(2048M) 6.722ms
[0.503s][info][gc,cpu      ] GC(0) User=0.05s Sys=0.11s Real=0.01s
[0.644s][info][gc,start    ] GC(1) Pause Young (Normal) (G1 Evacuation Pause)
[0.644s][info][gc,task     ] GC(1) Using 10 workers of 10 for evacuation
[0.649s][info][gc,phases   ] GC(1)   Pre Evacuate Collection Set: 0.2ms
[0.649s][info][gc,phases   ] GC(1)   Merge Heap Roots: 0.1ms
[0.649s][info][gc,phases   ] GC(1)   Evacuate Collection Set: 3.7ms
[0.649s][info][gc,phases   ] GC(1)   Post Evacuate Collection Set: 0.4ms
[0.649s][info][gc,phases   ] GC(1)   Other: 0.1ms
[0.649s][info][gc,heap     ] GC(1) Eden regions: 44->0(44)
[0.649s][info][gc,heap     ] GC(1) Survivor regions: 7->7(7)
[0.649s][info][gc,heap     ] GC(1) Old regions: 4->13
[0.649s][info][gc,heap     ] GC(1) Humongous regions: 0->0
[0.649s][info][gc,metaspace] GC(1) Metaspace: 1311K(1472K)->1311K(1472K) NonClass: 1214K(1280K)->1214K(1280K) Class: 97K(192K)->97K(192K)
[0.649s][info][gc          ] GC(1) Pause Young (Normal) (G1 Evacuation Pause) 109M->38M(2048M) 4.794ms
[0.649s][info][gc,cpu      ] GC(1) User=0.00s Sys=0.00s Real=0.01s
[0.909s][info][gc,start    ] GC(2) Pause Young (Normal) (G1 Evacuation Pause)
[0.910s][info][gc,task     ] GC(2) Using 10 workers of 10 for evacuation
[0.916s][info][gc,phases   ] GC(2)   Pre Evacuate Collection Set: 0.2ms
[0.916s][info][gc,phases   ] GC(2)   Merge Heap Roots: 0.1ms
[0.916s][info][gc,phases   ] GC(2)   Evacuate Collection Set: 5.2ms
[0.916s][info][gc,phases   ] GC(2)   Post Evacuate Collection Set: 0.4ms
[0.916s][info][gc,phases   ] GC(2)   Other: 0.1ms
[0.916s][info][gc,heap     ] GC(2) Eden regions: 44->0(45)
[0.916s][info][gc,heap     ] GC(2) Survivor regions: 7->6(7)
[0.916s][info][gc,heap     ] GC(2) Old regions: 13->20
[0.916s][info][gc,heap     ] GC(2) Humongous regions: 0->0
[0.916s][info][gc,metaspace] GC(2) Metaspace: 1566K(1664K)->1566K(1664K) NonClass: 1430K(1472K)->1430K(1472K) Class: 136K(192K)->136K(192K)
[0.916s][info][gc          ] GC(2) Pause Young (Normal) (G1 Evacuation Pause) 126M->50M(2048M) 6.354ms
[0.916s][info][gc,cpu      ] GC(2) User=0.00s Sys=0.00s Real=0.01s
[1.028s][info][gc,start    ] GC(3) Pause Young (Normal) (G1 Evacuation Pause)
[1.028s][info][gc,task     ] GC(3) Using 10 workers of 10 for evacuation
[1.035s][info][gc,phases   ] GC(3)   Pre Evacuate Collection Set: 0.2ms
[1.035s][info][gc,phases   ] GC(3)   Merge Heap Roots: 0.1ms
[1.035s][info][gc,phases   ] GC(3)   Evacuate Collection Set: 6.1ms
[1.035s][info][gc,phases   ] GC(3)   Post Evacuate Collection Set: 0.5ms
[1.035s][info][gc,phases   ] GC(3)   Other: 0.1ms
[1.035s][info][gc,heap     ] GC(3) Eden regions: 45->0(87)
[1.035s][info][gc,heap     ] GC(3) Survivor regions: 6->3(7)
[1.035s][info][gc,heap     ] GC(3) Old regions: 20->25
[1.035s][info][gc,heap     ] GC(3) Humongous regions: 1->1
[1.035s][info][gc,metaspace] GC(3) Metaspace: 1569K(1664K)->1569K(1664K) NonClass: 1432K(1472K)->1432K(1472K) Class: 136K(192K)->136K(192K)
[1.035s][info][gc          ] GC(3) Pause Young (Normal) (G1 Evacuation Pause) 142M->57M(2048M) 7.271ms
[1.035s][info][gc,cpu      ] GC(3) User=0.08s Sys=0.08s Real=0.01s
[1.226s][info][gc,start    ] GC(4) Pause Young (Normal) (G1 Evacuation Pause)
[1.227s][info][gc,task     ] GC(4) Using 10 workers of 10 for evacuation
[1.235s][info][gc,phases   ] GC(4)   Pre Evacuate Collection Set: 0.3ms
[1.235s][info][gc,phases   ] GC(4)   Merge Heap Roots: 0.1ms
[1.235s][info][gc,phases   ] GC(4)   Evacuate Collection Set: 7.5ms
[1.235s][info][gc,phases   ] GC(4)   Post Evacuate Collection Set: 0.5ms
[1.235s][info][gc,phases   ] GC(4)   Other: 0.1ms
[1.235s][info][gc,heap     ] GC(4) Eden regions: 87->0(135)
[1.235s][info][gc,heap     ] GC(4) Survivor regions: 3->8(12)
[1.235s][info][gc,heap     ] GC(4) Old regions: 25->25
[1.235s][info][gc,heap     ] GC(4) Humongous regions: 1->1
[1.235s][info][gc,metaspace] GC(4) Metaspace: 1578K(1664K)->1578K(1664K) NonClass: 1441K(1472K)->1441K(1472K) Class: 136K(192K)->136K(192K)
[1.235s][info][gc          ] GC(4) Pause Young (Normal) (G1 Evacuation Pause) 231M->65M(2048M) 8.822ms
[1.235s][info][gc,cpu      ] GC(4) User=0.03s Sys=0.12s Real=0.01s
[1.427s][info][gc,heap,exit] Heap
[1.427s][info][gc,heap,exit]  garbage-first heap   total 2097152K, used 135102K [0x0000000700000000, 0x0000000800000000)
[1.427s][info][gc,heap,exit]   region size 2048K, 40 young (81920K), 8 survivors (16384K)
[1.427s][info][gc,heap,exit]  Metaspace       used 1733K, committed 1920K, reserved 1114112K
[1.427s][info][gc,heap,exit]   class space    used 155K, committed 256K, reserved 1048576K
