[0.010s][info][gc,init] CardTable entry size: 512
[0.010s][info][gc     ] Using G1
[0.021s][info][gc,init] Version: 21.0.5+9-LTS-239 (release)
[0.021s][info][gc,init] CPUs: 12 total, 12 available
[0.021s][info][gc,init] Memory: 16190M
[0.021s][info][gc,init] Large Page Support: Disabled
[0.021s][info][gc,init] NUMA Support: Disabled
[0.021s][info][gc,init] Compressed Oops: Enabled (Zero based)
[0.021s][info][gc,init] Heap Region Size: 2M
[0.021s][info][gc,init] Heap Min Capacity: 2G
[0.021s][info][gc,init] Heap Initial Capacity: 2G
[0.021s][info][gc,init] Heap Max Capacity: 4G
[0.021s][info][gc,init] Pre-touch: Disabled
[0.021s][info][gc,init] Parallel Workers: 10
[0.021s][info][gc,init] Concurrent Workers: 3
[0.021s][info][gc,init] Concurrent Refinement Workers: 10
[0.021s][info][gc,init] Periodic GC: Disabled
[0.030s][info][gc,metaspace] CDS archive(s) mapped at: [0x0000027d39000000-0x0000027d39c90000-0x0000027d39c90000), size 13172736, SharedBaseAddress: 0x0000027d39000000, ArchiveRelocationMode: 1.
[0.030s][info][gc,metaspace] Compressed class space mapped at: 0x0000027d3a000000-0x0000027d7a000000, reserved size: 1073741824
[0.030s][info][gc,metaspace] Narrow klass base: 0x0000027d39000000, Narrow klass shift: 0, Narrow klass range: 0x100000000
[0.506s][info][gc,start    ] GC(0) Pause Young (Normal) (G1 Evacuation Pause)
[0.507s][info][gc,task     ] GC(0) Using 10 workers of 10 for evacuation
[0.511s][info][gc,phases   ] GC(0)   Pre Evacuate Collection Set: 0.2ms
[0.511s][info][gc,phases   ] GC(0)   Merge Heap Roots: 0.1ms
[0.511s][info][gc,phases   ] GC(0)   Evacuate Collection Set: 3.6ms
[0.511s][info][gc,phases   ] GC(0)   Post Evacuate Collection Set: 0.3ms
[0.511s][info][gc,phases   ] GC(0)   Other: 1.1ms
[0.511s][info][gc,heap     ] GC(0) Eden regions: 51->0(44)
[0.511s][info][gc,heap     ] GC(0) Survivor regions: 0->7(7)
[0.511s][info][gc,heap     ] GC(0) Old regions: 0->4
[0.511s][info][gc,heap     ] GC(0) Humongous regions: 1->0
[0.511s][info][gc,metaspace] GC(0) Metaspace: 1315K(1472K)->1315K(1472K) NonClass: 1218K(1280K)->1218K(1280K) Class: 97K(192K)->97K(192K)
[0.511s][info][gc          ] GC(0) Pause Young (Normal) (G1 Evacuation Pause) 103M->21M(2048M) 5.746ms
[0.512s][info][gc,cpu      ] GC(0) User=0.00s Sys=0.00s Real=0.01s
[0.616s][info][gc,start    ] GC(1) Pause Young (Normal) (G1 Evacuation Pause)
[0.616s][info][gc,task     ] GC(1) Using 10 workers of 10 for evacuation
[0.621s][info][gc,phases   ] GC(1)   Pre Evacuate Collection Set: 0.2ms
[0.621s][info][gc,phases   ] GC(1)   Merge Heap Roots: 0.1ms
[0.621s][info][gc,phases   ] GC(1)   Evacuate Collection Set: 4.0ms
[0.621s][info][gc,phases   ] GC(1)   Post Evacuate Collection Set: 0.4ms
[0.621s][info][gc,phases   ] GC(1)   Other: 0.1ms
[0.621s][info][gc,heap     ] GC(1) Eden regions: 44->0(44)
[0.621s][info][gc,heap     ] GC(1) Survivor regions: 7->7(7)
[0.621s][info][gc,heap     ] GC(1) Old regions: 4->13
[0.621s][info][gc,heap     ] GC(1) Humongous regions: 0->0
[0.621s][info][gc,metaspace] GC(1) Metaspace: 1318K(1472K)->1318K(1472K) NonClass: 1221K(1280K)->1221K(1280K) Class: 97K(192K)->97K(192K)
[0.621s][info][gc          ] GC(1) Pause Young (Normal) (G1 Evacuation Pause) 109M->38M(2048M) 5.110ms
[0.621s][info][gc,cpu      ] GC(1) User=0.00s Sys=0.00s Real=0.01s
[0.910s][info][gc,start    ] GC(2) Pause Young (Normal) (G1 Evacuation Pause)
[0.911s][info][gc,task     ] GC(2) Using 10 workers of 10 for evacuation
[0.917s][info][gc,phases   ] GC(2)   Pre Evacuate Collection Set: 0.3ms
[0.917s][info][gc,phases   ] GC(2)   Merge Heap Roots: 0.1ms
[0.917s][info][gc,phases   ] GC(2)   Evacuate Collection Set: 5.2ms
[0.917s][info][gc,phases   ] GC(2)   Post Evacuate Collection Set: 0.5ms
[0.917s][info][gc,phases   ] GC(2)   Other: 0.1ms
[0.917s][info][gc,heap     ] GC(2) Eden regions: 44->0(44)
[0.917s][info][gc,heap     ] GC(2) Survivor regions: 7->7(7)
[0.917s][info][gc,heap     ] GC(2) Old regions: 13->20
[0.917s][info][gc,heap     ] GC(2) Humongous regions: 0->0
[0.917s][info][gc,metaspace] GC(2) Metaspace: 1677K(1856K)->1677K(1856K) NonClass: 1506K(1600K)->1506K(1600K) Class: 171K(256K)->171K(256K)
[0.917s][info][gc          ] GC(2) Pause Young (Normal) (G1 Evacuation Pause) 126M->51M(2048M) 6.727ms
[0.917s][info][gc,cpu      ] GC(2) User=0.00s Sys=0.00s Real=0.01s
[1.005s][info][gc,start    ] GC(3) Pause Young (Normal) (G1 Evacuation Pause)
[1.005s][info][gc,task     ] GC(3) Using 10 workers of 10 for evacuation
[1.011s][info][gc,phases   ] GC(3)   Pre Evacuate Collection Set: 0.2ms
[1.012s][info][gc,phases   ] GC(3)   Merge Heap Roots: 0.1ms
[1.012s][info][gc,phases   ] GC(3)   Evacuate Collection Set: 5.9ms
[1.012s][info][gc,phases   ] GC(3)   Post Evacuate Collection Set: 0.3ms
[1.012s][info][gc,phases   ] GC(3)   Other: 0.1ms
[1.012s][info][gc,heap     ] GC(3) Eden regions: 44->0(84)
[1.012s][info][gc,heap     ] GC(3) Survivor regions: 7->3(7)
[1.012s][info][gc,heap     ] GC(3) Old regions: 20->25
[1.012s][info][gc,heap     ] GC(3) Humongous regions: 1->1
[1.012s][info][gc,metaspace] GC(3) Metaspace: 1679K(1856K)->1679K(1856K) NonClass: 1508K(1600K)->1508K(1600K) Class: 171K(256K)->171K(256K)
[1.012s][info][gc          ] GC(3) Pause Young (Normal) (G1 Evacuation Pause) 141M->57M(2048M) 6.883ms
[1.012s][info][gc,cpu      ] GC(3) User=0.00s Sys=0.00s Real=0.01s
[1.138s][info][gc,start    ] GC(4) Pause Young (Normal) (G1 Evacuation Pause)
[1.138s][info][gc,task     ] GC(4) Using 10 workers of 10 for evacuation
[1.147s][info][gc,phases   ] GC(4)   Pre Evacuate Collection Set: 0.2ms
[1.147s][info][gc,phases   ] GC(4)   Merge Heap Roots: 0.2ms
[1.147s][info][gc,phases   ] GC(4)   Evacuate Collection Set: 7.8ms
[1.147s][info][gc,phases   ] GC(4)   Post Evacuate Collection Set: 0.3ms
[1.147s][info][gc,phases   ] GC(4)   Other: 0.1ms
[1.147s][info][gc,heap     ] GC(4) Eden regions: 84->0(127)
[1.147s][info][gc,heap     ] GC(4) Survivor regions: 3->7(11)
[1.147s][info][gc,heap     ] GC(4) Old regions: 25->25
[1.147s][info][gc,heap     ] GC(4) Humongous regions: 1->1
[1.147s][info][gc,metaspace] GC(4) Metaspace: 1687K(1856K)->1687K(1856K) NonClass: 1515K(1600K)->1515K(1600K) Class: 171K(256K)->171K(256K)
[1.147s][info][gc          ] GC(4) Pause Young (Normal) (G1 Evacuation Pause) 225M->65M(2048M) 8.823ms
[1.147s][info][gc,cpu      ] GC(4) User=0.09s Sys=0.06s Real=0.01s
[1.302s][info][gc,heap,exit] Heap
[1.302s][info][gc,heap,exit]  garbage-first heap   total 2097152K, used 149102K [0x0000000700000000, 0x0000000800000000)
[1.302s][info][gc,heap,exit]   region size 2048K, 45 young (92160K), 7 survivors (14336K)
[1.302s][info][gc,heap,exit]  Metaspace       used 1850K, committed 1984K, reserved 1114112K
[1.302s][info][gc,heap,exit]   class space    used 190K, committed 256K, reserved 1048576K
