[0.011s][info][gc,init] CardTable entry size: 512
[0.011s][info][gc     ] Using G1
[0.023s][info][gc,init] Version: 21.0.5+9-LTS-239 (release)
[0.023s][info][gc,init] CPUs: 12 total, 12 available
[0.023s][info][gc,init] Memory: 16190M
[0.023s][info][gc,init] Large Page Support: Disabled
[0.023s][info][gc,init] NUMA Support: Disabled
[0.023s][info][gc,init] Compressed Oops: Enabled (Zero based)
[0.023s][info][gc,init] Heap Region Size: 2M
[0.023s][info][gc,init] Heap Min Capacity: 2G
[0.023s][info][gc,init] Heap Initial Capacity: 2G
[0.023s][info][gc,init] Heap Max Capacity: 4G
[0.023s][info][gc,init] Pre-touch: Disabled
[0.023s][info][gc,init] Parallel Workers: 10
[0.023s][info][gc,init] Concurrent Workers: 3
[0.024s][info][gc,init] Concurrent Refinement Workers: 10
[0.024s][info][gc,init] Periodic GC: Disabled
[0.040s][info][gc,metaspace] CDS archive(s) mapped at: [0x0000013c00000000-0x0000013c00c90000-0x0000013c00c90000), size 13172736, SharedBaseAddress: 0x0000013c00000000, ArchiveRelocationMode: 1.
[0.040s][info][gc,metaspace] Compressed class space mapped at: 0x0000013c01000000-0x0000013c41000000, reserved size: 1073741824
[0.040s][info][gc,metaspace] Narrow klass base: 0x0000013c00000000, Narrow klass shift: 0, Narrow klass range: 0x100000000
[0.493s][info][gc,start    ] GC(0) Pause Young (Normal) (G1 Evacuation Pause)
[0.495s][info][gc,task     ] GC(0) Using 10 workers of 10 for evacuation
[0.499s][info][gc,phases   ] GC(0)   Pre Evacuate Collection Set: 0.2ms
[0.499s][info][gc,phases   ] GC(0)   Merge Heap Roots: 0.1ms
[0.499s][info][gc,phases   ] GC(0)   Evacuate Collection Set: 3.1ms
[0.499s][info][gc,phases   ] GC(0)   Post Evacuate Collection Set: 0.5ms
[0.499s][info][gc,phases   ] GC(0)   Other: 1.6ms
[0.499s][info][gc,heap     ] GC(0) Eden regions: 51->0(44)
[0.499s][info][gc,heap     ] GC(0) Survivor regions: 0->7(7)
[0.499s][info][gc,heap     ] GC(0) Old regions: 0->4
[0.499s][info][gc,heap     ] GC(0) Humongous regions: 1->0
[0.499s][info][gc,metaspace] GC(0) Metaspace: 1315K(1472K)->1315K(1472K) NonClass: 1218K(1280K)->1218K(1280K) Class: 97K(192K)->97K(192K)
[0.499s][info][gc          ] GC(0) Pause Young (Normal) (G1 Evacuation Pause) 104M->21M(2048M) 5.764ms
[0.499s][info][gc,cpu      ] GC(0) User=0.00s Sys=0.00s Real=0.01s
[0.642s][info][gc,start    ] GC(1) Pause Young (Normal) (G1 Evacuation Pause)
[0.642s][info][gc,task     ] GC(1) Using 10 workers of 10 for evacuation
[0.647s][info][gc,phases   ] GC(1)   Pre Evacuate Collection Set: 0.2ms
[0.647s][info][gc,phases   ] GC(1)   Merge Heap Roots: 0.1ms
[0.647s][info][gc,phases   ] GC(1)   Evacuate Collection Set: 3.4ms
[0.647s][info][gc,phases   ] GC(1)   Post Evacuate Collection Set: 0.4ms
[0.647s][info][gc,phases   ] GC(1)   Other: 0.4ms
[0.647s][info][gc,heap     ] GC(1) Eden regions: 44->0(44)
[0.647s][info][gc,heap     ] GC(1) Survivor regions: 7->7(7)
[0.647s][info][gc,heap     ] GC(1) Old regions: 4->13
[0.647s][info][gc,heap     ] GC(1) Humongous regions: 0->0
[0.647s][info][gc,metaspace] GC(1) Metaspace: 1318K(1472K)->1318K(1472K) NonClass: 1221K(1280K)->1221K(1280K) Class: 97K(192K)->97K(192K)
[0.647s][info][gc          ] GC(1) Pause Young (Normal) (G1 Evacuation Pause) 109M->38M(2048M) 4.802ms
[0.647s][info][gc,cpu      ] GC(1) User=0.06s Sys=0.11s Real=0.01s
[0.713s][info][gc,start    ] GC(2) Pause Young (Normal) (G1 Evacuation Pause)
[0.713s][info][gc,task     ] GC(2) Using 10 workers of 10 for evacuation
[0.718s][info][gc,phases   ] GC(2)   Pre Evacuate Collection Set: 0.2ms
[0.718s][info][gc,phases   ] GC(2)   Merge Heap Roots: 0.1ms
[0.718s][info][gc,phases   ] GC(2)   Evacuate Collection Set: 4.2ms
[0.718s][info][gc,phases   ] GC(2)   Post Evacuate Collection Set: 0.4ms
[0.718s][info][gc,phases   ] GC(2)   Other: 0.1ms
[0.718s][info][gc,heap     ] GC(2) Eden regions: 44->0(44)
[0.718s][info][gc,heap     ] GC(2) Survivor regions: 7->7(7)
[0.718s][info][gc,heap     ] GC(2) Old regions: 13->21
[0.718s][info][gc,heap     ] GC(2) Humongous regions: 0->0
[0.718s][info][gc,metaspace] GC(2) Metaspace: 1319K(1472K)->1319K(1472K) NonClass: 1222K(1280K)->1222K(1280K) Class: 97K(192K)->97K(192K)
[0.718s][info][gc          ] GC(2) Pause Young (Normal) (G1 Evacuation Pause) 126M->55M(2048M) 5.240ms
[0.718s][info][gc,cpu      ] GC(2) User=0.00s Sys=0.00s Real=0.00s
[0.778s][info][gc,start    ] GC(3) Pause Young (Normal) (G1 Evacuation Pause)
[0.778s][info][gc,task     ] GC(3) Using 10 workers of 10 for evacuation
[0.783s][info][gc,phases   ] GC(3)   Pre Evacuate Collection Set: 0.3ms
[0.783s][info][gc,phases   ] GC(3)   Merge Heap Roots: 0.1ms
[0.783s][info][gc,phases   ] GC(3)   Evacuate Collection Set: 3.9ms
[0.783s][info][gc,phases   ] GC(3)   Post Evacuate Collection Set: 0.5ms
[0.783s][info][gc,phases   ] GC(3)   Other: 0.1ms
[0.783s][info][gc,heap     ] GC(3) Eden regions: 44->0(60)
[0.783s][info][gc,heap     ] GC(3) Survivor regions: 7->7(7)
[0.783s][info][gc,heap     ] GC(3) Old regions: 21->30
[0.783s][info][gc,heap     ] GC(3) Humongous regions: 0->0
[0.783s][info][gc,metaspace] GC(3) Metaspace: 1319K(1472K)->1319K(1472K) NonClass: 1222K(1280K)->1222K(1280K) Class: 97K(192K)->97K(192K)
[0.783s][info][gc          ] GC(3) Pause Young (Normal) (G1 Evacuation Pause) 143M->72M(2048M) 5.151ms
[0.783s][info][gc,cpu      ] GC(3) User=0.00s Sys=0.00s Real=0.01s
[0.868s][info][gc,start    ] GC(4) Pause Young (Normal) (G1 Evacuation Pause)
[0.868s][info][gc,task     ] GC(4) Using 10 workers of 10 for evacuation
[0.875s][info][gc,phases   ] GC(4)   Pre Evacuate Collection Set: 0.3ms
[0.875s][info][gc,phases   ] GC(4)   Merge Heap Roots: 0.2ms
[0.875s][info][gc,phases   ] GC(4)   Evacuate Collection Set: 5.5ms
[0.875s][info][gc,phases   ] GC(4)   Post Evacuate Collection Set: 0.6ms
[0.875s][info][gc,phases   ] GC(4)   Other: 0.1ms
[0.875s][info][gc,heap     ] GC(4) Eden regions: 60->0(90)
[0.875s][info][gc,heap     ] GC(4) Survivor regions: 7->9(9)
[0.875s][info][gc,heap     ] GC(4) Old regions: 30->40
[0.875s][info][gc,heap     ] GC(4) Humongous regions: 0->0
[0.875s][info][gc,metaspace] GC(4) Metaspace: 1319K(1472K)->1319K(1472K) NonClass: 1222K(1280K)->1222K(1280K) Class: 97K(192K)->97K(192K)
[0.875s][info][gc          ] GC(4) Pause Young (Normal) (G1 Evacuation Pause) 192M->96M(2048M) 6.818ms
[0.875s][info][gc,cpu      ] GC(4) User=0.00s Sys=0.00s Real=0.01s
[1.007s][info][gc,start    ] GC(5) Pause Young (Normal) (G1 Evacuation Pause)
[1.007s][info][gc,task     ] GC(5) Using 10 workers of 10 for evacuation
[1.016s][info][gc,phases   ] GC(5)   Pre Evacuate Collection Set: 0.3ms
[1.016s][info][gc,phases   ] GC(5)   Merge Heap Roots: 0.1ms
[1.016s][info][gc,phases   ] GC(5)   Evacuate Collection Set: 7.7ms
[1.016s][info][gc,phases   ] GC(5)   Post Evacuate Collection Set: 0.6ms
[1.016s][info][gc,phases   ] GC(5)   Other: 0.1ms
[1.016s][info][gc,heap     ] GC(5) Eden regions: 90->0(93)
[1.016s][info][gc,heap     ] GC(5) Survivor regions: 9->13(13)
[1.016s][info][gc,heap     ] GC(5) Old regions: 40->53
[1.016s][info][gc,heap     ] GC(5) Humongous regions: 0->0
[1.016s][info][gc,metaspace] GC(5) Metaspace: 1319K(1472K)->1319K(1472K) NonClass: 1222K(1280K)->1222K(1280K) Class: 97K(192K)->97K(192K)
[1.016s][info][gc          ] GC(5) Pause Young (Normal) (G1 Evacuation Pause) 276M->130M(2048M) 9.035ms
[1.016s][info][gc,cpu      ] GC(5) User=0.00s Sys=0.00s Real=0.01s
[1.142s][info][gc,start    ] GC(6) Pause Young (Normal) (G1 Evacuation Pause)
[1.142s][info][gc,task     ] GC(6) Using 10 workers of 10 for evacuation
[1.152s][info][gc,phases   ] GC(6)   Pre Evacuate Collection Set: 0.3ms
[1.152s][info][gc,phases   ] GC(6)   Merge Heap Roots: 0.1ms
[1.152s][info][gc,phases   ] GC(6)   Evacuate Collection Set: 9.2ms
[1.152s][info][gc,phases   ] GC(6)   Post Evacuate Collection Set: 0.5ms
[1.152s][info][gc,phases   ] GC(6)   Other: 0.1ms
[1.152s][info][gc,heap     ] GC(6) Eden regions: 93->0(117)
[1.152s][info][gc,heap     ] GC(6) Survivor regions: 13->14(14)
[1.152s][info][gc,heap     ] GC(6) Old regions: 53->70
[1.152s][info][gc,heap     ] GC(6) Humongous regions: 1->0
[1.152s][info][gc,metaspace] GC(6) Metaspace: 1319K(1472K)->1319K(1472K) NonClass: 1222K(1280K)->1222K(1280K) Class: 97K(192K)->97K(192K)
[1.152s][info][gc          ] GC(6) Pause Young (Normal) (G1 Evacuation Pause) 318M->167M(2048M) 10.465ms
[1.152s][info][gc,cpu      ] GC(6) User=0.11s Sys=0.06s Real=0.01s
[1.313s][info][gc,start    ] GC(7) Pause Young (Normal) (G1 Evacuation Pause)
[1.313s][info][gc,task     ] GC(7) Using 10 workers of 10 for evacuation
[1.325s][info][gc,phases   ] GC(7)   Pre Evacuate Collection Set: 0.3ms
[1.325s][info][gc,phases   ] GC(7)   Merge Heap Roots: 0.1ms
[1.325s][info][gc,phases   ] GC(7)   Evacuate Collection Set: 11.3ms
[1.325s][info][gc,phases   ] GC(7)   Post Evacuate Collection Set: 0.7ms
[1.325s][info][gc,phases   ] GC(7)   Other: 0.1ms
[1.325s][info][gc,heap     ] GC(7) Eden regions: 117->0(141)
[1.325s][info][gc,heap     ] GC(7) Survivor regions: 14->17(17)
[1.325s][info][gc,heap     ] GC(7) Old regions: 70->91
[1.325s][info][gc,heap     ] GC(7) Humongous regions: 0->0
[1.325s][info][gc,metaspace] GC(7) Metaspace: 1319K(1472K)->1319K(1472K) NonClass: 1222K(1280K)->1222K(1280K) Class: 97K(192K)->97K(192K)
[1.325s][info][gc          ] GC(7) Pause Young (Normal) (G1 Evacuation Pause) 401M->214M(2048M) 12.643ms
[1.325s][info][gc,cpu      ] GC(7) User=0.06s Sys=0.09s Real=0.01s
[1.507s][info][gc,start    ] GC(8) Pause Young (Normal) (G1 Evacuation Pause)
[1.507s][info][gc,task     ] GC(8) Using 10 workers of 10 for evacuation
[1.521s][info][gc,phases   ] GC(8)   Pre Evacuate Collection Set: 0.3ms
[1.521s][info][gc,phases   ] GC(8)   Merge Heap Roots: 0.1ms
[1.521s][info][gc,phases   ] GC(8)   Evacuate Collection Set: 13.0ms
[1.521s][info][gc,phases   ] GC(8)   Post Evacuate Collection Set: 0.8ms
[1.521s][info][gc,phases   ] GC(8)   Other: 0.1ms
[1.521s][info][gc,heap     ] GC(8) Eden regions: 141->0(167)
[1.521s][info][gc,heap     ] GC(8) Survivor regions: 17->20(20)
[1.521s][info][gc,heap     ] GC(8) Old regions: 91->115
[1.521s][info][gc,heap     ] GC(8) Humongous regions: 1->0
[1.521s][info][gc,metaspace] GC(8) Metaspace: 1319K(1472K)->1319K(1472K) NonClass: 1222K(1280K)->1222K(1280K) Class: 97K(192K)->97K(192K)
[1.521s][info][gc          ] GC(8) Pause Young (Normal) (G1 Evacuation Pause) 498M->269M(2048M) 14.479ms
[1.521s][info][gc,cpu      ] GC(8) User=0.03s Sys=0.02s Real=0.01s
[1.742s][info][gc,start    ] GC(9) Pause Young (Normal) (G1 Evacuation Pause)
[1.742s][info][gc,task     ] GC(9) Using 10 workers of 10 for evacuation
[1.757s][info][gc,phases   ] GC(9)   Pre Evacuate Collection Set: 0.3ms
[1.757s][info][gc,phases   ] GC(9)   Merge Heap Roots: 0.1ms
[1.757s][info][gc,phases   ] GC(9)   Evacuate Collection Set: 14.4ms
[1.757s][info][gc,phases   ] GC(9)   Post Evacuate Collection Set: 0.6ms
[1.757s][info][gc,phases   ] GC(9)   Other: 0.1ms
[1.757s][info][gc,heap     ] GC(9) Eden regions: 167->0(195)
[1.757s][info][gc,heap     ] GC(9) Survivor regions: 20->24(24)
[1.757s][info][gc,heap     ] GC(9) Old regions: 115->144
[1.757s][info][gc,heap     ] GC(9) Humongous regions: 0->0
[1.757s][info][gc,metaspace] GC(9) Metaspace: 1319K(1472K)->1319K(1472K) NonClass: 1222K(1280K)->1222K(1280K) Class: 97K(192K)->97K(192K)
[1.757s][info][gc          ] GC(9) Pause Young (Normal) (G1 Evacuation Pause) 603M->335M(2048M) 15.723ms
[1.757s][info][gc,cpu      ] GC(9) User=0.02s Sys=0.14s Real=0.02s
[2.008s][info][gc,start    ] GC(10) Pause Young (Normal) (G1 Evacuation Pause)
[2.008s][info][gc,task     ] GC(10) Using 10 workers of 10 for evacuation
[2.029s][info][gc,phases   ] GC(10)   Pre Evacuate Collection Set: 0.3ms
[2.029s][info][gc,phases   ] GC(10)   Merge Heap Roots: 0.1ms
[2.029s][info][gc,phases   ] GC(10)   Evacuate Collection Set: 19.7ms
[2.029s][info][gc,phases   ] GC(10)   Post Evacuate Collection Set: 0.6ms
[2.029s][info][gc,phases   ] GC(10)   Other: 0.1ms
[2.029s][info][gc,heap     ] GC(10) Eden regions: 195->0(242)
[2.029s][info][gc,heap     ] GC(10) Survivor regions: 24->28(28)
[2.029s][info][gc,heap     ] GC(10) Old regions: 144->179
[2.029s][info][gc,heap     ] GC(10) Humongous regions: 0->0
[2.029s][info][gc,metaspace] GC(10) Metaspace: 1319K(1472K)->1319K(1472K) NonClass: 1222K(1280K)->1222K(1280K) Class: 97K(192K)->97K(192K)
[2.029s][info][gc          ] GC(10) Pause Young (Normal) (G1 Evacuation Pause) 725M->412M(2048M) 21.077ms
[2.029s][info][gc,cpu      ] GC(10) User=0.00s Sys=0.16s Real=0.02s
[2.343s][info][gc,start    ] GC(11) Pause Young (Normal) (G1 Evacuation Pause)
[2.343s][info][gc,task     ] GC(11) Using 10 workers of 10 for evacuation
[2.365s][info][gc,phases   ] GC(11)   Pre Evacuate Collection Set: 0.3ms
[2.365s][info][gc,phases   ] GC(11)   Merge Heap Roots: 0.1ms
[2.365s][info][gc,phases   ] GC(11)   Evacuate Collection Set: 20.7ms
[2.365s][info][gc,phases   ] GC(11)   Post Evacuate Collection Set: 0.8ms
[2.365s][info][gc,phases   ] GC(11)   Other: 0.1ms
[2.365s][info][gc,heap     ] GC(11) Eden regions: 242->0(309)
[2.365s][info][gc,heap     ] GC(11) Survivor regions: 28->34(34)
[2.365s][info][gc,heap     ] GC(11) Old regions: 179->219
[2.365s][info][gc,heap     ] GC(11) Humongous regions: 0->0
[2.365s][info][gc,metaspace] GC(11) Metaspace: 1319K(1472K)->1319K(1472K) NonClass: 1222K(1280K)->1222K(1280K) Class: 97K(192K)->97K(192K)
[2.365s][info][gc          ] GC(11) Pause Young (Normal) (G1 Evacuation Pause) 896M->505M(2048M) 22.271ms
[2.365s][info][gc,cpu      ] GC(11) User=0.02s Sys=0.17s Real=0.02s
[2.782s][info][gc,start    ] GC(12) Pause Young (Normal) (G1 Evacuation Pause)
[2.782s][info][gc,task     ] GC(12) Using 10 workers of 10 for evacuation
[2.814s][info][gc,phases   ] GC(12)   Pre Evacuate Collection Set: 0.3ms
[2.814s][info][gc,phases   ] GC(12)   Merge Heap Roots: 0.1ms
[2.814s][info][gc,phases   ] GC(12)   Evacuate Collection Set: 31.0ms
[2.814s][info][gc,phases   ] GC(12)   Post Evacuate Collection Set: 0.9ms
[2.814s][info][gc,phases   ] GC(12)   Other: 0.1ms
[2.814s][info][gc,heap     ] GC(12) Eden regions: 309->0(522)
[2.814s][info][gc,heap     ] GC(12) Survivor regions: 34->43(43)
[2.814s][info][gc,heap     ] GC(12) Old regions: 219->271
[2.814s][info][gc,heap     ] GC(12) Humongous regions: 2->0
[2.814s][info][gc,metaspace] GC(12) Metaspace: 1319K(1472K)->1319K(1472K) NonClass: 1222K(1280K)->1222K(1280K) Class: 97K(192K)->97K(192K)
[2.814s][info][gc          ] GC(12) Pause Young (Normal) (G1 Evacuation Pause) 1127M->627M(2048M) 32.609ms
[2.814s][info][gc,cpu      ] GC(12) User=0.09s Sys=0.22s Real=0.03s
[3.568s][info][gc,start    ] GC(13) Pause Young (Normal) (G1 Evacuation Pause)
[3.568s][info][gc,task     ] GC(13) Using 10 workers of 10 for evacuation
[3.610s][info][gc,phases   ] GC(13)   Pre Evacuate Collection Set: 0.4ms
[3.610s][info][gc,phases   ] GC(13)   Merge Heap Roots: 0.2ms
[3.610s][info][gc,phases   ] GC(13)   Evacuate Collection Set: 40.3ms
[3.610s][info][gc,phases   ] GC(13)   Post Evacuate Collection Set: 0.8ms
[3.610s][info][gc,phases   ] GC(13)   Other: 0.2ms
[3.610s][info][gc,heap     ] GC(13) Eden regions: 522->0(376)
[3.610s][info][gc,heap     ] GC(13) Survivor regions: 43->71(71)
[3.610s][info][gc,heap     ] GC(13) Old regions: 271->347
[3.610s][info][gc,heap     ] GC(13) Humongous regions: 12->0
[3.610s][info][gc,metaspace] GC(13) Metaspace: 1319K(1472K)->1319K(1472K) NonClass: 1222K(1280K)->1222K(1280K) Class: 97K(192K)->97K(192K)
[3.610s][info][gc          ] GC(13) Pause Young (Normal) (G1 Evacuation Pause) 1695M->834M(2048M) 42.026ms
[3.610s][info][gc,cpu      ] GC(13) User=0.03s Sys=0.22s Real=0.04s
[4.085s][info][gc,start    ] GC(14) Pause Young (Normal) (G1 Evacuation Pause)
[4.086s][info][gc,task     ] GC(14) Using 10 workers of 10 for evacuation
[4.119s][info][gc,phases   ] GC(14)   Pre Evacuate Collection Set: 0.2ms
[4.119s][info][gc,phases   ] GC(14)   Merge Heap Roots: 0.2ms
[4.119s][info][gc,phases   ] GC(14)   Evacuate Collection Set: 31.9ms
[4.119s][info][gc,phases   ] GC(14)   Post Evacuate Collection Set: 0.8ms
[4.119s][info][gc,phases   ] GC(14)   Other: 0.1ms
[4.119s][info][gc,heap     ] GC(14) Eden regions: 376->0(345)
[4.119s][info][gc,heap     ] GC(14) Survivor regions: 71->56(56)
[4.119s][info][gc,heap     ] GC(14) Old regions: 347->436
[4.119s][info][gc,heap     ] GC(14) Humongous regions: 1->0
[4.119s][info][gc,metaspace] GC(14) Metaspace: 1320K(1472K)->1320K(1472K) NonClass: 1223K(1280K)->1223K(1280K) Class: 97K(192K)->97K(192K)
[4.119s][info][gc          ] GC(14) Pause Young (Normal) (G1 Evacuation Pause) 1588M->983M(2048M) 33.489ms
[4.119s][info][gc,cpu      ] GC(14) User=0.14s Sys=0.17s Real=0.03s
[4.566s][info][gc,start    ] GC(15) Pause Young (Normal) (G1 Evacuation Pause)
[4.566s][info][gc,task     ] GC(15) Using 10 workers of 10 for evacuation
[4.591s][info][gc,phases   ] GC(15)   Pre Evacuate Collection Set: 0.3ms
[4.591s][info][gc,phases   ] GC(15)   Merge Heap Roots: 0.2ms
[4.591s][info][gc,phases   ] GC(15)   Evacuate Collection Set: 23.5ms
[4.591s][info][gc,phases   ] GC(15)   Post Evacuate Collection Set: 0.7ms
[4.591s][info][gc,phases   ] GC(15)   Other: 0.1ms
[4.591s][info][gc,heap     ] GC(15) Eden regions: 345->0(310)
[4.591s][info][gc,heap     ] GC(15) Survivor regions: 56->51(51)
[4.591s][info][gc,heap     ] GC(15) Old regions: 436->509
[4.591s][info][gc,heap     ] GC(15) Humongous regions: 5->0
[4.591s][info][gc,metaspace] GC(15) Metaspace: 1320K(1472K)->1320K(1472K) NonClass: 1223K(1280K)->1223K(1280K) Class: 97K(192K)->97K(192K)
[4.591s][info][gc          ] GC(15) Pause Young (Normal) (G1 Evacuation Pause) 1683M->1119M(2048M) 25.017ms
[4.591s][info][gc,cpu      ] GC(15) User=0.19s Sys=0.12s Real=0.03s
[4.989s][info][gc,start    ] GC(16) Pause Young (Concurrent Start) (G1 Evacuation Pause)
[4.989s][info][gc,task     ] GC(16) Using 10 workers of 10 for evacuation
[5.012s][info][gc,phases   ] GC(16)   Pre Evacuate Collection Set: 0.3ms
[5.012s][info][gc,phases   ] GC(16)   Merge Heap Roots: 0.1ms
[5.012s][info][gc,phases   ] GC(16)   Evacuate Collection Set: 21.3ms
[5.012s][info][gc,phases   ] GC(16)   Post Evacuate Collection Set: 0.7ms
[5.012s][info][gc,phases   ] GC(16)   Other: 0.2ms
[5.012s][info][gc,heap     ] GC(16) Eden regions: 310->0(270)
[5.012s][info][gc,heap     ] GC(16) Survivor regions: 51->46(46)
[5.012s][info][gc,heap     ] GC(16) Old regions: 509->576
[5.012s][info][gc,heap     ] GC(16) Humongous regions: 0->0
[5.012s][info][gc,metaspace] GC(16) Metaspace: 1320K(1472K)->1320K(1472K) NonClass: 1223K(1280K)->1223K(1280K) Class: 97K(192K)->97K(192K)
[5.012s][info][gc          ] GC(16) Pause Young (Concurrent Start) (G1 Evacuation Pause) 1739M->1243M(2048M) 22.824ms
[5.012s][info][gc,cpu      ] GC(16) User=0.14s Sys=0.02s Real=0.02s
[5.012s][info][gc          ] GC(17) Concurrent Mark Cycle
[5.012s][info][gc,marking  ] GC(17) Concurrent Scan Root Regions
[5.014s][info][gc,marking  ] GC(17) Concurrent Scan Root Regions 1.893ms
[5.014s][info][gc,marking  ] GC(17) Concurrent Mark
[5.014s][info][gc,marking  ] GC(17) Concurrent Mark From Roots
[5.014s][info][gc,task     ] GC(17) Using 3 workers of 3 for marking
[5.020s][info][gc,marking  ] GC(17) Concurrent Mark From Roots 6.732ms
[5.021s][info][gc,marking  ] GC(17) Concurrent Preclean
[5.021s][info][gc,marking  ] GC(17) Concurrent Preclean 0.015ms
[5.021s][info][gc,start    ] GC(17) Pause Remark
[5.022s][info][gc          ] GC(17) Pause Remark 1254M->1254M(2094M) 1.758ms
[5.022s][info][gc,cpu      ] GC(17) User=0.00s Sys=0.00s Real=0.00s
[5.023s][info][gc,marking  ] GC(17) Concurrent Mark 8.805ms
[5.023s][info][gc,marking  ] GC(17) Concurrent Rebuild Remembered Sets and Scrub Regions
[5.024s][info][gc,marking  ] GC(17) Concurrent Rebuild Remembered Sets and Scrub Regions 1.778ms
[5.024s][info][gc,start    ] GC(17) Pause Cleanup
[5.025s][info][gc          ] GC(17) Pause Cleanup 1256M->1256M(2094M) 0.218ms
[5.025s][info][gc,cpu      ] GC(17) User=0.00s Sys=0.00s Real=0.00s
[5.025s][info][gc,marking  ] GC(17) Concurrent Clear Claimed Marks
[5.025s][info][gc,marking  ] GC(17) Concurrent Clear Claimed Marks 0.025ms
[5.025s][info][gc,marking  ] GC(17) Concurrent Cleanup for Next Mark
[5.028s][info][gc,marking  ] GC(17) Concurrent Cleanup for Next Mark 3.120ms
[5.028s][info][gc          ] GC(17) Concurrent Mark Cycle 16.231ms
[5.377s][info][gc,start    ] GC(18) Pause Young (Prepare Mixed) (G1 Evacuation Pause)
[5.377s][info][gc,task     ] GC(18) Using 10 workers of 10 for evacuation
[5.397s][info][gc,phases   ] GC(18)   Pre Evacuate Collection Set: 0.3ms
[5.397s][info][gc,phases   ] GC(18)   Merge Heap Roots: 0.1ms
[5.397s][info][gc,phases   ] GC(18)   Evacuate Collection Set: 18.8ms
[5.397s][info][gc,phases   ] GC(18)   Post Evacuate Collection Set: 0.8ms
[5.397s][info][gc,phases   ] GC(18)   Other: 0.1ms
[5.397s][info][gc,heap     ] GC(18) Eden regions: 270->0(249)
[5.397s][info][gc,heap     ] GC(18) Survivor regions: 46->40(40)
[5.397s][info][gc,heap     ] GC(18) Old regions: 576->636
[5.397s][info][gc,heap     ] GC(18) Humongous regions: 3->0
[5.397s][info][gc,metaspace] GC(18) Metaspace: 1320K(1472K)->1320K(1472K) NonClass: 1223K(1280K)->1223K(1280K) Class: 97K(192K)->97K(192K)
[5.397s][info][gc          ] GC(18) Pause Young (Prepare Mixed) (G1 Evacuation Pause) 1789M->1351M(2094M) 20.271ms
[5.397s][info][gc,cpu      ] GC(18) User=0.31s Sys=0.00s Real=0.02s
[5.715s][info][gc,start    ] GC(19) Pause Young (Mixed) (G1 Evacuation Pause)
[5.715s][info][gc,task     ] GC(19) Using 10 workers of 10 for evacuation
[5.734s][info][gc,phases   ] GC(19)   Pre Evacuate Collection Set: 0.3ms
[5.734s][info][gc,phases   ] GC(19)   Merge Heap Roots: 0.1ms
[5.734s][info][gc,phases   ] GC(19)   Evacuate Collection Set: 17.6ms
[5.734s][info][gc,phases   ] GC(19)   Post Evacuate Collection Set: 0.7ms
[5.734s][info][gc,phases   ] GC(19)   Other: 0.1ms
[5.734s][info][gc,heap     ] GC(19) Eden regions: 249->0(216)
[5.734s][info][gc,heap     ] GC(19) Survivor regions: 40->37(37)
[5.734s][info][gc,heap     ] GC(19) Old regions: 636->688
[5.734s][info][gc,heap     ] GC(19) Humongous regions: 3->0
[5.734s][info][gc,metaspace] GC(19) Metaspace: 1320K(1472K)->1320K(1472K) NonClass: 1223K(1280K)->1223K(1280K) Class: 97K(192K)->97K(192K)
[5.734s][info][gc          ] GC(19) Pause Young (Mixed) (G1 Evacuation Pause) 1855M->1448M(2094M) 18.946ms
[5.734s][info][gc,cpu      ] GC(19) User=0.16s Sys=0.00s Real=0.02s
[5.970s][info][gc,start    ] GC(20) Pause Young (Concurrent Start) (G1 Humongous Allocation)
[5.970s][info][gc,task     ] GC(20) Using 10 workers of 10 for evacuation
[5.985s][info][gc,phases   ] GC(20)   Pre Evacuate Collection Set: 0.3ms
[5.985s][info][gc,phases   ] GC(20)   Merge Heap Roots: 0.2ms
[5.985s][info][gc,phases   ] GC(20)   Evacuate Collection Set: 14.3ms
[5.985s][info][gc,phases   ] GC(20)   Post Evacuate Collection Set: 0.6ms
[5.985s][info][gc,phases   ] GC(20)   Other: 0.2ms
[5.985s][info][gc,heap     ] GC(20) Eden regions: 191->0(190)
[5.985s][info][gc,heap     ] GC(20) Survivor regions: 37->32(32)
[5.985s][info][gc,heap     ] GC(20) Old regions: 688->731
[5.985s][info][gc,heap     ] GC(20) Humongous regions: 0->0
[5.985s][info][gc,metaspace] GC(20) Metaspace: 1320K(1472K)->1320K(1472K) NonClass: 1223K(1280K)->1223K(1280K) Class: 97K(192K)->97K(192K)
[5.985s][info][gc          ] GC(20) Pause Young (Concurrent Start) (G1 Humongous Allocation) 1830M->1524M(2094M) 15.791ms
[5.985s][info][gc,cpu      ] GC(20) User=0.16s Sys=0.00s Real=0.01s
[5.985s][info][gc          ] GC(21) Concurrent Mark Cycle
[5.986s][info][gc,marking  ] GC(21) Concurrent Scan Root Regions
[5.986s][info][gc,marking  ] GC(21) Concurrent Scan Root Regions 0.313ms
[5.986s][info][gc,marking  ] GC(21) Concurrent Mark
[5.986s][info][gc,marking  ] GC(21) Concurrent Mark From Roots
[5.986s][info][gc,task     ] GC(21) Using 3 workers of 3 for marking
[5.990s][info][gc,marking  ] GC(21) Concurrent Mark From Roots 3.805ms
[5.990s][info][gc,marking  ] GC(21) Concurrent Preclean
[5.990s][info][gc,marking  ] GC(21) Concurrent Preclean 0.015ms
[5.990s][info][gc,start    ] GC(21) Pause Remark
[5.993s][info][gc          ] GC(21) Pause Remark 1533M->1533M(2560M) 2.819ms
[5.993s][info][gc,cpu      ] GC(21) User=0.00s Sys=0.00s Real=0.00s
[5.993s][info][gc,marking  ] GC(21) Concurrent Mark 6.917ms
[5.993s][info][gc,marking  ] GC(21) Concurrent Rebuild Remembered Sets and Scrub Regions
[5.994s][info][gc,marking  ] GC(21) Concurrent Rebuild Remembered Sets and Scrub Regions 1.356ms
[5.994s][info][gc,start    ] GC(21) Pause Cleanup
[5.995s][info][gc          ] GC(21) Pause Cleanup 1535M->1535M(2560M) 0.291ms
[5.995s][info][gc,cpu      ] GC(21) User=0.00s Sys=0.00s Real=0.00s
[5.995s][info][gc,marking  ] GC(21) Concurrent Clear Claimed Marks
[5.995s][info][gc,marking  ] GC(21) Concurrent Clear Claimed Marks 0.026ms
[5.995s][info][gc,marking  ] GC(21) Concurrent Cleanup for Next Mark
[5.999s][info][gc,marking  ] GC(21) Concurrent Cleanup for Next Mark 4.025ms
[5.999s][info][gc          ] GC(21) Concurrent Mark Cycle 13.303ms
[6.325s][info][gc,start    ] GC(22) Pause Young (Prepare Mixed) (G1 Evacuation Pause)
[6.325s][info][gc,task     ] GC(22) Using 10 workers of 10 for evacuation
[6.342s][info][gc,phases   ] GC(22)   Pre Evacuate Collection Set: 0.3ms
[6.342s][info][gc,phases   ] GC(22)   Merge Heap Roots: 0.1ms
[6.342s][info][gc,phases   ] GC(22)   Evacuate Collection Set: 15.7ms
[6.342s][info][gc,phases   ] GC(22)   Post Evacuate Collection Set: 0.7ms
[6.342s][info][gc,phases   ] GC(22)   Other: 0.1ms
[6.342s][info][gc,heap     ] GC(22) Eden regions: 190->0(295)
[6.342s][info][gc,heap     ] GC(22) Survivor regions: 32->28(28)
[6.342s][info][gc,heap     ] GC(22) Old regions: 731->772
[6.342s][info][gc,heap     ] GC(22) Humongous regions: 1->0
[6.342s][info][gc,metaspace] GC(22) Metaspace: 1320K(1472K)->1320K(1472K) NonClass: 1223K(1280K)->1223K(1280K) Class: 97K(192K)->97K(192K)
[6.342s][info][gc          ] GC(22) Pause Young (Prepare Mixed) (G1 Evacuation Pause) 1906M->1598M(2560M) 17.183ms
[6.342s][info][gc,cpu      ] GC(22) User=0.16s Sys=0.00s Real=0.02s
[6.727s][info][gc,start    ] GC(23) Pause Young (Mixed) (G1 Evacuation Pause)
[6.727s][info][gc,task     ] GC(23) Using 10 workers of 10 for evacuation
[6.745s][info][gc,phases   ] GC(23)   Pre Evacuate Collection Set: 0.3ms
[6.745s][info][gc,phases   ] GC(23)   Merge Heap Roots: 0.1ms
[6.745s][info][gc,phases   ] GC(23)   Evacuate Collection Set: 17.1ms
[6.745s][info][gc,phases   ] GC(23)   Post Evacuate Collection Set: 0.7ms
[6.745s][info][gc,phases   ] GC(23)   Other: 0.1ms
[6.745s][info][gc,heap     ] GC(23) Eden regions: 295->0(269)
[6.745s][info][gc,heap     ] GC(23) Survivor regions: 28->41(41)
[6.745s][info][gc,heap     ] GC(23) Old regions: 772->816
[6.745s][info][gc,heap     ] GC(23) Humongous regions: 3->0
[6.745s][info][gc,metaspace] GC(23) Metaspace: 1320K(1472K)->1320K(1472K) NonClass: 1223K(1280K)->1223K(1280K) Class: 97K(192K)->97K(192K)
[6.745s][info][gc          ] GC(23) Pause Young (Mixed) (G1 Evacuation Pause) 2194M->1712M(2560M) 18.690ms
[6.745s][info][gc,cpu      ] GC(23) User=0.14s Sys=0.02s Real=0.02s
[6.966s][info][gc,start    ] GC(24) Pause Young (Concurrent Start) (G1 Humongous Allocation)
[6.966s][info][gc,task     ] GC(24) Using 10 workers of 10 for evacuation
[6.982s][info][gc,phases   ] GC(24)   Pre Evacuate Collection Set: 0.3ms
[6.982s][info][gc,phases   ] GC(24)   Merge Heap Roots: 0.1ms
[6.982s][info][gc,phases   ] GC(24)   Evacuate Collection Set: 14.4ms
[6.982s][info][gc,phases   ] GC(24)   Post Evacuate Collection Set: 0.8ms
[6.982s][info][gc,phases   ] GC(24)   Other: 0.2ms
[6.982s][info][gc,heap     ] GC(24) Eden regions: 177->0(251)
[6.982s][info][gc,heap     ] GC(24) Survivor regions: 41->35(39)
[6.982s][info][gc,heap     ] GC(24) Old regions: 816->857
[6.982s][info][gc,heap     ] GC(24) Humongous regions: 0->0
[6.982s][info][gc,metaspace] GC(24) Metaspace: 1320K(1472K)->1320K(1472K) NonClass: 1223K(1280K)->1223K(1280K) Class: 97K(192K)->97K(192K)
[6.982s][info][gc          ] GC(24) Pause Young (Concurrent Start) (G1 Humongous Allocation) 2066M->1782M(2560M) 15.969ms
[6.982s][info][gc,cpu      ] GC(24) User=0.14s Sys=0.02s Real=0.02s
[6.982s][info][gc          ] GC(25) Concurrent Mark Cycle
[6.982s][info][gc,marking  ] GC(25) Concurrent Scan Root Regions
[6.983s][info][gc,marking  ] GC(25) Concurrent Scan Root Regions 1.001ms
[6.983s][info][gc,marking  ] GC(25) Concurrent Mark
[6.983s][info][gc,marking  ] GC(25) Concurrent Mark From Roots
[6.983s][info][gc,task     ] GC(25) Using 3 workers of 3 for marking
[6.988s][info][gc,marking  ] GC(25) Concurrent Mark From Roots 4.962ms
[6.988s][info][gc,marking  ] GC(25) Concurrent Preclean
[6.988s][info][gc,marking  ] GC(25) Concurrent Preclean 0.016ms
[6.988s][info][gc,start    ] GC(25) Pause Remark
[6.991s][info][gc          ] GC(25) Pause Remark 1793M->1793M(2994M) 2.528ms
[6.991s][info][gc,cpu      ] GC(25) User=0.00s Sys=0.00s Real=0.00s
[6.991s][info][gc,marking  ] GC(25) Concurrent Mark 7.760ms
[6.991s][info][gc,marking  ] GC(25) Concurrent Rebuild Remembered Sets and Scrub Regions
[6.993s][info][gc,marking  ] GC(25) Concurrent Rebuild Remembered Sets and Scrub Regions 1.625ms
[6.993s][info][gc,start    ] GC(25) Pause Cleanup
[6.993s][info][gc          ] GC(25) Pause Cleanup 1795M->1795M(2994M) 0.332ms
[6.993s][info][gc,cpu      ] GC(25) User=0.00s Sys=0.00s Real=0.00s
[6.993s][info][gc,marking  ] GC(25) Concurrent Clear Claimed Marks
[6.993s][info][gc,marking  ] GC(25) Concurrent Clear Claimed Marks 0.025ms
[6.993s][info][gc,marking  ] GC(25) Concurrent Cleanup for Next Mark
[6.997s][info][gc,marking  ] GC(25) Concurrent Cleanup for Next Mark 4.256ms
[6.997s][info][gc          ] GC(25) Concurrent Mark Cycle 15.374ms
[7.403s][info][gc,start    ] GC(26) Pause Young (Prepare Mixed) (G1 Evacuation Pause)
[7.403s][info][gc,task     ] GC(26) Using 10 workers of 10 for evacuation
[7.421s][info][gc,phases   ] GC(26)   Pre Evacuate Collection Set: 0.3ms
[7.421s][info][gc,phases   ] GC(26)   Merge Heap Roots: 0.1ms
[7.421s][info][gc,phases   ] GC(26)   Evacuate Collection Set: 16.2ms
[7.421s][info][gc,phases   ] GC(26)   Post Evacuate Collection Set: 0.7ms
[7.421s][info][gc,phases   ] GC(26)   Other: 0.1ms
[7.421s][info][gc,heap     ] GC(26) Eden regions: 251->0(342)
[7.421s][info][gc,heap     ] GC(26) Survivor regions: 35->36(36)
[7.421s][info][gc,heap     ] GC(26) Old regions: 857->907
[7.421s][info][gc,heap     ] GC(26) Humongous regions: 4->0
[7.421s][info][gc,metaspace] GC(26) Metaspace: 1320K(1472K)->1320K(1472K) NonClass: 1223K(1280K)->1223K(1280K) Class: 97K(192K)->97K(192K)
[7.421s][info][gc          ] GC(26) Pause Young (Prepare Mixed) (G1 Evacuation Pause) 2292M->1884M(2994M) 17.712ms
[7.421s][info][gc,cpu      ] GC(26) User=0.16s Sys=0.00s Real=0.02s
[8.045s][info][gc,start    ] GC(27) Pause Young (Mixed) (G1 Evacuation Pause)
[8.045s][info][gc,task     ] GC(27) Using 10 workers of 10 for evacuation
[8.067s][info][gc,phases   ] GC(27)   Pre Evacuate Collection Set: 0.3ms
[8.067s][info][gc,phases   ] GC(27)   Merge Heap Roots: 0.2ms
[8.067s][info][gc,phases   ] GC(27)   Evacuate Collection Set: 20.6ms
[8.067s][info][gc,phases   ] GC(27)   Post Evacuate Collection Set: 0.6ms
[8.067s][info][gc,phases   ] GC(27)   Other: 0.1ms
[8.067s][info][gc,heap     ] GC(27) Eden regions: 342->0(336)
[8.067s][info][gc,heap     ] GC(27) Survivor regions: 36->35(48)
[8.067s][info][gc,heap     ] GC(27) Old regions: 907->941
[8.067s][info][gc,heap     ] GC(27) Humongous regions: 4->3
[8.067s][info][gc,metaspace] GC(27) Metaspace: 1732K(1920K)->1732K(1920K) NonClass: 1547K(1664K)->1547K(1664K) Class: 184K(256K)->184K(256K)
[8.067s][info][gc          ] GC(27) Pause Young (Mixed) (G1 Evacuation Pause) 2576M->1957M(2994M) 22.248ms
[8.067s][info][gc,cpu      ] GC(27) User=0.16s Sys=0.02s Real=0.02s
[8.478s][info][gc,start    ] GC(28) Pause Young (Concurrent Start) (G1 Evacuation Pause)
[8.478s][info][gc,task     ] GC(28) Using 10 workers of 10 for evacuation
[8.505s][info][gc,phases   ] GC(28)   Pre Evacuate Collection Set: 0.3ms
[8.505s][info][gc,phases   ] GC(28)   Merge Heap Roots: 0.2ms
[8.505s][info][gc,phases   ] GC(28)   Evacuate Collection Set: 25.6ms
[8.505s][info][gc,phases   ] GC(28)   Post Evacuate Collection Set: 0.5ms
[8.505s][info][gc,phases   ] GC(28)   Other: 0.1ms
[8.505s][info][gc,heap     ] GC(28) Eden regions: 336->0(344)
[8.505s][info][gc,heap     ] GC(28) Survivor regions: 35->15(47)
[8.505s][info][gc,heap     ] GC(28) Old regions: 941->975
[8.505s][info][gc,heap     ] GC(28) Humongous regions: 6->6
[8.505s][info][gc,metaspace] GC(28) Metaspace: 1737K(1920K)->1737K(1920K) NonClass: 1553K(1664K)->1553K(1664K) Class: 184K(256K)->184K(256K)
[8.505s][info][gc          ] GC(28) Pause Young (Concurrent Start) (G1 Evacuation Pause) 2635M->1990M(2994M) 27.009ms
[8.505s][info][gc,cpu      ] GC(28) User=0.16s Sys=0.00s Real=0.03s
[8.505s][info][gc          ] GC(29) Concurrent Mark Cycle
[8.505s][info][gc,marking  ] GC(29) Concurrent Scan Root Regions
[8.519s][info][gc,marking  ] GC(29) Concurrent Scan Root Regions 13.644ms
[8.519s][info][gc,marking  ] GC(29) Concurrent Mark
[8.519s][info][gc,marking  ] GC(29) Concurrent Mark From Roots
[8.519s][info][gc,task     ] GC(29) Using 3 workers of 3 for marking
[8.532s][info][gc,marking  ] GC(29) Concurrent Mark From Roots 13.240ms
[8.532s][info][gc,marking  ] GC(29) Concurrent Preclean
[8.533s][info][gc,marking  ] GC(29) Concurrent Preclean 0.026ms
[8.533s][info][gc,start    ] GC(29) Pause Remark
[8.535s][info][gc          ] GC(29) Pause Remark 2030M->2028M(3384M) 2.454ms
[8.535s][info][gc,cpu      ] GC(29) User=0.00s Sys=0.00s Real=0.00s
[8.537s][info][gc,marking  ] GC(29) Concurrent Mark 17.455ms
[8.537s][info][gc,marking  ] GC(29) Concurrent Rebuild Remembered Sets and Scrub Regions
[8.555s][info][gc,marking  ] GC(29) Concurrent Rebuild Remembered Sets and Scrub Regions 18.240ms
[8.555s][info][gc,start    ] GC(29) Pause Cleanup
[8.555s][info][gc          ] GC(29) Pause Cleanup 2055M->2055M(3384M) 0.351ms
[8.555s][info][gc,cpu      ] GC(29) User=0.00s Sys=0.00s Real=0.00s
[8.559s][info][gc,marking  ] GC(29) Concurrent Clear Claimed Marks
[8.559s][info][gc,marking  ] GC(29) Concurrent Clear Claimed Marks 0.037ms
[8.559s][info][gc,marking  ] GC(29) Concurrent Cleanup for Next Mark
[8.564s][info][gc,marking  ] GC(29) Concurrent Cleanup for Next Mark 5.761ms
[8.564s][info][gc          ] GC(29) Concurrent Mark Cycle 59.068ms
[8.602s][info][gc,start    ] GC(30) Pause Young (Prepare Mixed) (G1 Evacuation Pause)
[8.602s][info][gc,task     ] GC(30) Using 10 workers of 10 for evacuation
[8.618s][info][gc,phases   ] GC(30)   Pre Evacuate Collection Set: 0.2ms
[8.618s][info][gc,phases   ] GC(30)   Merge Heap Roots: 0.5ms
[8.618s][info][gc,phases   ] GC(30)   Evacuate Collection Set: 14.2ms
[8.618s][info][gc,phases   ] GC(30)   Post Evacuate Collection Set: 0.3ms
[8.618s][info][gc,phases   ] GC(30)   Other: 0.1ms
[8.618s][info][gc,heap     ] GC(30) Eden regions: 69->0(479)
[8.618s][info][gc,heap     ] GC(30) Survivor regions: 15->3(11)
[8.618s][info][gc,heap     ] GC(30) Old regions: 975->989
[8.618s][info][gc,heap     ] GC(30) Humongous regions: 5->5
[8.618s][info][gc,metaspace] GC(30) Metaspace: 1737K(1920K)->1737K(1920K) NonClass: 1553K(1664K)->1553K(1664K) Class: 184K(256K)->184K(256K)
[8.618s][info][gc          ] GC(30) Pause Young (Prepare Mixed) (G1 Evacuation Pause) 2126M->1993M(3384M) 15.634ms
[8.618s][info][gc,cpu      ] GC(30) User=0.14s Sys=0.02s Real=0.02s
[8.826s][info][gc,start    ] GC(31) Pause Young (Mixed) (G1 Evacuation Pause)
[8.826s][info][gc,task     ] GC(31) Using 10 workers of 10 for evacuation
[8.839s][info][gc,phases   ] GC(31)   Pre Evacuate Collection Set: 0.2ms
[8.839s][info][gc,phases   ] GC(31)   Merge Heap Roots: 0.3ms
[8.839s][info][gc,phases   ] GC(31)   Evacuate Collection Set: 11.6ms
[8.839s][info][gc,phases   ] GC(31)   Post Evacuate Collection Set: 0.6ms
[8.839s][info][gc,phases   ] GC(31)   Other: 0.1ms
[8.839s][info][gc,heap     ] GC(31) Eden regions: 162->0(491)
[8.839s][info][gc,heap     ] GC(31) Survivor regions: 3->8(21)
[8.839s][info][gc,heap     ] GC(31) Old regions: 989->989
[8.839s][info][gc,heap     ] GC(31) Humongous regions: 5->5
[8.839s][info][gc,metaspace] GC(31) Metaspace: 1737K(1920K)->1737K(1920K) NonClass: 1553K(1664K)->1553K(1664K) Class: 184K(256K)->184K(256K)
[8.839s][info][gc          ] GC(31) Pause Young (Mixed) (G1 Evacuation Pause) 2317M->2002M(3414M) 13.032ms
[8.839s][info][gc,cpu      ] GC(31) User=0.16s Sys=0.00s Real=0.01s
[8.935s][info][gc,start    ] GC(32) Pause Young (Mixed) (G1 Evacuation Pause)
[8.936s][info][gc,task     ] GC(32) Using 10 workers of 10 for evacuation
[8.949s][info][gc,phases   ] GC(32)   Pre Evacuate Collection Set: 0.3ms
[8.949s][info][gc,phases   ] GC(32)   Merge Heap Roots: 0.2ms
[8.949s][info][gc,phases   ] GC(32)   Evacuate Collection Set: 12.3ms
[8.949s][info][gc,phases   ] GC(32)   Post Evacuate Collection Set: 0.4ms
[8.949s][info][gc,phases   ] GC(32)   Other: 0.1ms
[8.949s][info][gc,heap     ] GC(32) Eden regions: 77->0(491)
[8.949s][info][gc,heap     ] GC(32) Survivor regions: 8->8(11)
[8.949s][info][gc,heap     ] GC(32) Old regions: 989->991
[8.949s][info][gc,heap     ] GC(32) Humongous regions: 5->5
[8.949s][info][gc,metaspace] GC(32) Metaspace: 1737K(1920K)->1737K(1920K) NonClass: 1553K(1664K)->1553K(1664K) Class: 184K(256K)->184K(256K)
[8.949s][info][gc          ] GC(32) Pause Young (Mixed) (G1 Evacuation Pause) 2156M->2007M(3414M) 13.654ms
[8.949s][info][gc,cpu      ] GC(32) User=0.16s Sys=0.00s Real=0.01s
[9.584s][info][gc,start    ] GC(33) Pause Young (Mixed) (G1 Evacuation Pause)
[9.584s][info][gc,task     ] GC(33) Using 10 workers of 10 for evacuation
[9.616s][info][gc,phases   ] GC(33)   Pre Evacuate Collection Set: 0.2ms
[9.616s][info][gc,phases   ] GC(33)   Merge Heap Roots: 0.5ms
[9.616s][info][gc,phases   ] GC(33)   Evacuate Collection Set: 30.7ms
[9.616s][info][gc,phases   ] GC(33)   Post Evacuate Collection Set: 0.5ms
[9.616s][info][gc,phases   ] GC(33)   Other: 0.1ms
[9.616s][info][gc,heap     ] GC(33) Eden regions: 491->0(339)
[9.616s][info][gc,heap     ] GC(33) Survivor regions: 8->25(63)
[9.616s][info][gc,heap     ] GC(33) Old regions: 991->991
[9.616s][info][gc,heap     ] GC(33) Humongous regions: 10->10
[9.616s][info][gc,metaspace] GC(33) Metaspace: 1759K(1920K)->1759K(1920K) NonClass: 1573K(1664K)->1573K(1664K) Class: 186K(256K)->186K(256K)
[9.616s][info][gc          ] GC(33) Pause Young (Mixed) (G1 Evacuation Pause) 2999M->2049M(3414M) 32.314ms
[9.616s][info][gc,cpu      ] GC(33) User=0.25s Sys=0.00s Real=0.03s
[9.684s][info][gc,start    ] GC(34) Pause Young (Normal) (G1 Evacuation Pause)
[9.684s][info][gc,task     ] GC(34) Using 10 workers of 10 for evacuation
[9.709s][info][gc,phases   ] GC(34)   Pre Evacuate Collection Set: 0.2ms
[9.709s][info][gc,phases   ] GC(34)   Merge Heap Roots: 0.3ms
[9.709s][info][gc,phases   ] GC(34)   Evacuate Collection Set: 24.1ms
[9.709s][info][gc,phases   ] GC(34)   Post Evacuate Collection Set: 0.3ms
[9.709s][info][gc,phases   ] GC(34)   Other: 0.1ms
[9.709s][info][gc,heap     ] GC(34) Eden regions: 60->0(81)
[9.709s][info][gc,heap     ] GC(34) Survivor regions: 25->4(11)
[9.709s][info][gc,heap     ] GC(34) Old regions: 991->1015
[9.709s][info][gc,heap     ] GC(34) Humongous regions: 10->10
[9.709s][info][gc,metaspace] GC(34) Metaspace: 1759K(1920K)->1759K(1920K) NonClass: 1573K(1664K)->1573K(1664K) Class: 186K(256K)->186K(256K)
[9.709s][info][gc          ] GC(34) Pause Young (Normal) (G1 Evacuation Pause) 2169M->2056M(3414M) 25.319ms
[9.710s][info][gc,cpu      ] GC(34) User=0.31s Sys=0.00s Real=0.03s
[9.990s][info][gc,start    ] GC(35) Pause Young (Normal) (G1 Evacuation Pause)
[9.990s][info][gc,task     ] GC(35) Using 10 workers of 10 for evacuation
[10.002s][info][gc,phases   ] GC(35)   Pre Evacuate Collection Set: 0.2ms
[10.002s][info][gc,phases   ] GC(35)   Merge Heap Roots: 0.3ms
[10.002s][info][gc,phases   ] GC(35)   Evacuate Collection Set: 11.5ms
[10.002s][info][gc,phases   ] GC(35)   Post Evacuate Collection Set: 0.4ms
[10.002s][info][gc,phases   ] GC(35)   Other: 0.1ms
[10.002s][info][gc,heap     ] GC(35) Eden regions: 225->0(384)
[10.002s][info][gc,heap     ] GC(35) Survivor regions: 4->8(29)
[10.002s][info][gc,heap     ] GC(35) Old regions: 1015->1015
[10.002s][info][gc,heap     ] GC(35) Humongous regions: 10->10
[10.002s][info][gc,metaspace] GC(35) Metaspace: 1759K(1920K)->1759K(1920K) NonClass: 1573K(1664K)->1573K(1664K) Class: 186K(256K)->186K(256K)
[10.002s][info][gc          ] GC(35) Pause Young (Normal) (G1 Evacuation Pause) 2506M->2065M(3414M) 12.950ms
[10.003s][info][gc,cpu      ] GC(35) User=0.00s Sys=0.00s Real=0.01s
[10.179s][info][gc,start    ] GC(36) Pause Young (Normal) (G1 Evacuation Pause)
[10.179s][info][gc,task     ] GC(36) Using 10 workers of 10 for evacuation
[10.195s][info][gc,phases   ] GC(36)   Pre Evacuate Collection Set: 0.4ms
[10.195s][info][gc,phases   ] GC(36)   Merge Heap Roots: 0.3ms
[10.195s][info][gc,phases   ] GC(36)   Evacuate Collection Set: 14.1ms
[10.195s][info][gc,phases   ] GC(36)   Post Evacuate Collection Set: 0.4ms
[10.195s][info][gc,phases   ] GC(36)   Other: 0.3ms
[10.195s][info][gc,heap     ] GC(36) Eden regions: 144->0(550)
[10.195s][info][gc,heap     ] GC(36) Survivor regions: 8->13(19)
[10.195s][info][gc,heap     ] GC(36) Old regions: 1015->1015
[10.195s][info][gc,heap     ] GC(36) Humongous regions: 10->10
[10.195s][info][gc,metaspace] GC(36) Metaspace: 1759K(1920K)->1759K(1920K) NonClass: 1573K(1664K)->1573K(1664K) Class: 186K(256K)->186K(256K)
[10.195s][info][gc          ] GC(36) Pause Young (Normal) (G1 Evacuation Pause) 2353M->2074M(3414M) 15.901ms
[10.195s][info][gc,cpu      ] GC(36) User=0.16s Sys=0.00s Real=0.02s
[10.449s][info][gc,start    ] GC(37) Pause Young (Normal) (G1 Evacuation Pause)
[10.449s][info][gc,task     ] GC(37) Using 10 workers of 10 for evacuation
[10.469s][info][gc,phases   ] GC(37)   Pre Evacuate Collection Set: 0.2ms
[10.469s][info][gc,phases   ] GC(37)   Merge Heap Roots: 0.3ms
[10.469s][info][gc,phases   ] GC(37)   Evacuate Collection Set: 18.9ms
[10.469s][info][gc,phases   ] GC(37)   Post Evacuate Collection Set: 0.4ms
[10.469s][info][gc,phases   ] GC(37)   Other: 0.1ms
[10.469s][info][gc,heap     ] GC(37) Eden regions: 209->0(560)
[10.469s][info][gc,heap     ] GC(37) Survivor regions: 13->18(28)
[10.469s][info][gc,heap     ] GC(37) Old regions: 1015->1015
[10.469s][info][gc,heap     ] GC(37) Humongous regions: 10->10
[10.469s][info][gc,metaspace] GC(37) Metaspace: 1759K(1920K)->1759K(1920K) NonClass: 1573K(1664K)->1573K(1664K) Class: 186K(256K)->186K(256K)
[10.469s][info][gc          ] GC(37) Pause Young (Normal) (G1 Evacuation Pause) 2492M->2084M(3414M) 20.342ms
[10.470s][info][gc,cpu      ] GC(37) User=0.14s Sys=0.02s Real=0.02s
[10.785s][info][gc,start    ] GC(38) Pause Young (Concurrent Start) (G1 Evacuation Pause)
[10.786s][info][gc,task     ] GC(38) Using 10 workers of 10 for evacuation
[10.812s][info][gc,phases   ] GC(38)   Pre Evacuate Collection Set: 0.3ms
[10.812s][info][gc,phases   ] GC(38)   Merge Heap Roots: 0.4ms
[10.812s][info][gc,phases   ] GC(38)   Evacuate Collection Set: 25.2ms
[10.812s][info][gc,phases   ] GC(38)   Post Evacuate Collection Set: 0.5ms
[10.812s][info][gc,phases   ] GC(38)   Other: 0.1ms
[10.812s][info][gc,heap     ] GC(38) Eden regions: 260->0(546)
[10.812s][info][gc,heap     ] GC(38) Survivor regions: 18->25(35)
[10.812s][info][gc,heap     ] GC(38) Old regions: 1015->1015
[10.812s][info][gc,heap     ] GC(38) Humongous regions: 10->10
[10.812s][info][gc,metaspace] GC(38) Metaspace: 1759K(1920K)->1759K(1920K) NonClass: 1573K(1664K)->1573K(1664K) Class: 186K(256K)->186K(256K)
[10.812s][info][gc          ] GC(38) Pause Young (Concurrent Start) (G1 Evacuation Pause) 2604M->2099M(3414M) 26.842ms
[10.812s][info][gc,cpu      ] GC(38) User=0.20s Sys=0.00s Real=0.03s
[10.812s][info][gc          ] GC(39) Concurrent Mark Cycle
[10.812s][info][gc,marking  ] GC(39) Concurrent Scan Root Regions
[10.825s][info][gc,marking  ] GC(39) Concurrent Scan Root Regions 12.703ms
[10.825s][info][gc,marking  ] GC(39) Concurrent Mark
[10.825s][info][gc,marking  ] GC(39) Concurrent Mark From Roots
[10.825s][info][gc,task     ] GC(39) Using 3 workers of 3 for marking
[10.938s][info][gc,marking  ] GC(39) Concurrent Mark From Roots 112.967ms
[10.938s][info][gc,marking  ] GC(39) Concurrent Preclean
[10.938s][info][gc,marking  ] GC(39) Concurrent Preclean 0.035ms
[10.938s][info][gc,start    ] GC(39) Pause Remark
[10.941s][info][gc          ] GC(39) Pause Remark 2253M->2243M(3740M) 2.617ms
[10.941s][info][gc,cpu      ] GC(39) User=0.00s Sys=0.00s Real=0.00s
[10.943s][info][gc,marking  ] GC(39) Concurrent Mark 118.274ms
[10.943s][info][gc,marking  ] GC(39) Concurrent Rebuild Remembered Sets and Scrub Regions
[11.009s][info][gc,marking  ] GC(39) Concurrent Rebuild Remembered Sets and Scrub Regions 65.101ms
[11.009s][info][gc,start    ] GC(39) Pause Cleanup
[11.009s][info][gc          ] GC(39) Pause Cleanup 2324M->2324M(3740M) 0.415ms
[11.009s][info][gc,cpu      ] GC(39) User=0.00s Sys=0.00s Real=0.00s
[11.012s][info][gc,marking  ] GC(39) Concurrent Clear Claimed Marks
[11.012s][info][gc,marking  ] GC(39) Concurrent Clear Claimed Marks 0.055ms
[11.012s][info][gc,marking  ] GC(39) Concurrent Cleanup for Next Mark
[11.018s][info][gc,marking  ] GC(39) Concurrent Cleanup for Next Mark 5.940ms
[11.018s][info][gc          ] GC(39) Concurrent Mark Cycle 205.991ms
[11.326s][info][gc,start    ] GC(40) Pause Young (Prepare Mixed) (G1 Evacuation Pause)
[11.326s][info][gc,task     ] GC(40) Using 10 workers of 10 for evacuation
[11.373s][info][gc,phases   ] GC(40)   Pre Evacuate Collection Set: 0.2ms
[11.373s][info][gc,phases   ] GC(40)   Merge Heap Roots: 0.6ms
[11.373s][info][gc,phases   ] GC(40)   Evacuate Collection Set: 45.0ms
[11.373s][info][gc,phases   ] GC(40)   Post Evacuate Collection Set: 0.7ms
[11.373s][info][gc,phases   ] GC(40)   Other: 0.1ms
[11.373s][info][gc,heap     ] GC(40) Eden regions: 345->0(688)
[11.373s][info][gc,heap     ] GC(40) Survivor regions: 25->34(47)
[11.373s][info][gc,heap     ] GC(40) Old regions: 1015->1015
[11.373s][info][gc,heap     ] GC(40) Humongous regions: 5->5
[11.373s][info][gc,metaspace] GC(40) Metaspace: 1759K(1920K)->1759K(1920K) NonClass: 1573K(1664K)->1573K(1664K) Class: 186K(256K)->186K(256K)
[11.373s][info][gc          ] GC(40) Pause Young (Prepare Mixed) (G1 Evacuation Pause) 2779M->2106M(3740M) 47.172ms
[11.373s][info][gc,cpu      ] GC(40) User=0.36s Sys=0.00s Real=0.05s
[12.417s][info][gc,start    ] GC(41) Pause Young (Mixed) (G1 Evacuation Pause)
[12.417s][info][gc,task     ] GC(41) Using 10 workers of 10 for evacuation
[12.522s][info][gc,phases   ] GC(41)   Pre Evacuate Collection Set: 0.3ms
[12.522s][info][gc,phases   ] GC(41)   Merge Heap Roots: 0.9ms
[12.522s][info][gc,phases   ] GC(41)   Evacuate Collection Set: 102.5ms
[12.522s][info][gc,phases   ] GC(41)   Post Evacuate Collection Set: 1.2ms
[12.522s][info][gc,phases   ] GC(41)   Other: 0.3ms
[12.522s][info][gc,heap     ] GC(41) Eden regions: 688->0(675)
[12.522s][info][gc,heap     ] GC(41) Survivor regions: 34->53(91)
[12.522s][info][gc,heap     ] GC(41) Old regions: 1015->1013
[12.522s][info][gc,heap     ] GC(41) Humongous regions: 14->14
[12.522s][info][gc,metaspace] GC(41) Metaspace: 1759K(1920K)->1759K(1920K) NonClass: 1573K(1664K)->1573K(1664K) Class: 186K(256K)->186K(256K)
[12.522s][info][gc          ] GC(41) Pause Young (Mixed) (G1 Evacuation Pause) 3500M->2157M(3808M) 105.508ms
[12.523s][info][gc,cpu      ] GC(41) User=0.67s Sys=0.00s Real=0.11s
[12.739s][info][gc,start    ] GC(42) Pause Young (Concurrent Start) (G1 Evacuation Pause)
[12.739s][info][gc,task     ] GC(42) Using 10 workers of 10 for evacuation
[12.819s][info][gc,phases   ] GC(42)   Pre Evacuate Collection Set: 0.3ms
[12.819s][info][gc,phases   ] GC(42)   Merge Heap Roots: 0.7ms
[12.819s][info][gc,phases   ] GC(42)   Evacuate Collection Set: 79.1ms
[12.819s][info][gc,phases   ] GC(42)   Post Evacuate Collection Set: 0.4ms
[12.819s][info][gc,phases   ] GC(42)   Other: 0.1ms
[12.819s][info][gc,heap     ] GC(42) Eden regions: 42->0(718)
[12.819s][info][gc,heap     ] GC(42) Survivor regions: 53->5(12)
[12.819s][info][gc,heap     ] GC(42) Old regions: 1013->1064
[12.819s][info][gc,heap     ] GC(42) Humongous regions: 14->14
[12.819s][info][gc,metaspace] GC(42) Metaspace: 1759K(1920K)->1759K(1920K) NonClass: 1573K(1664K)->1573K(1664K) Class: 186K(256K)->186K(256K)
[12.820s][info][gc          ] GC(42) Pause Young (Concurrent Start) (G1 Evacuation Pause) 2241M->2165M(3808M) 81.003ms
[12.820s][info][gc          ] GC(43) Concurrent Mark Cycle
[12.820s][info][gc,cpu      ] GC(42) User=0.53s Sys=0.00s Real=0.08s
[12.820s][info][gc,marking  ] GC(43) Concurrent Scan Root Regions
[12.859s][info][gc,marking  ] GC(43) Concurrent Scan Root Regions 39.707ms
[12.859s][info][gc,marking  ] GC(43) Concurrent Mark
[12.859s][info][gc,marking  ] GC(43) Concurrent Mark From Roots
[12.859s][info][gc,task     ] GC(43) Using 3 workers of 3 for marking
[12.983s][info][gc,marking  ] GC(43) Concurrent Mark From Roots 123.924ms
[12.983s][info][gc,marking  ] GC(43) Concurrent Preclean
[12.983s][info][gc,marking  ] GC(43) Concurrent Preclean 0.035ms
[12.984s][info][gc,start    ] GC(43) Pause Remark
[12.985s][info][gc          ] GC(43) Pause Remark 2208M->2198M(3808M) 0.747ms
[12.985s][info][gc,cpu      ] GC(43) User=0.00s Sys=0.00s Real=0.00s
[12.987s][info][gc,marking  ] GC(43) Concurrent Mark 128.048ms
[12.987s][info][gc,marking  ] GC(43) Concurrent Rebuild Remembered Sets and Scrub Regions
[13.077s][info][gc,marking  ] GC(43) Concurrent Rebuild Remembered Sets and Scrub Regions 89.513ms
[13.078s][info][gc,start    ] GC(43) Pause Cleanup
[13.079s][info][gc          ] GC(43) Pause Cleanup 2250M->2250M(3808M) 0.588ms
[13.079s][info][gc,cpu      ] GC(43) User=0.00s Sys=0.00s Real=0.00s
[13.081s][info][gc,marking  ] GC(43) Concurrent Clear Claimed Marks
[13.081s][info][gc,marking  ] GC(43) Concurrent Clear Claimed Marks 0.075ms
[13.081s][info][gc,marking  ] GC(43) Concurrent Cleanup for Next Mark
[13.087s][info][gc,marking  ] GC(43) Concurrent Cleanup for Next Mark 6.084ms
[13.087s][info][gc          ] GC(43) Concurrent Mark Cycle 267.674ms
[13.992s][info][gc,start    ] GC(44) Pause Young (Prepare Mixed) (G1 Evacuation Pause)
[13.993s][info][gc,task     ] GC(44) Using 10 workers of 10 for evacuation
[14.035s][info][gc,phases   ] GC(44)   Pre Evacuate Collection Set: 0.3ms
[14.035s][info][gc,phases   ] GC(44)   Merge Heap Roots: 0.6ms
[14.035s][info][gc,phases   ] GC(44)   Evacuate Collection Set: 41.0ms
[14.035s][info][gc,phases   ] GC(44)   Post Evacuate Collection Set: 0.8ms
[14.035s][info][gc,phases   ] GC(44)   Other: 0.1ms
[14.036s][info][gc,heap     ] GC(44) Eden regions: 718->0(699)
[14.036s][info][gc,heap     ] GC(44) Survivor regions: 5->18(91)
[14.036s][info][gc,heap     ] GC(44) Old regions: 1064->1064
[14.036s][info][gc,heap     ] GC(44) Humongous regions: 9->9
[14.036s][info][gc,metaspace] GC(44) Metaspace: 1759K(1920K)->1759K(1920K) NonClass: 1573K(1664K)->1573K(1664K) Class: 186K(256K)->186K(256K)
[14.036s][info][gc          ] GC(44) Pause Young (Prepare Mixed) (G1 Evacuation Pause) 3591M->2180M(3808M) 43.251ms
[14.036s][info][gc,cpu      ] GC(44) User=0.25s Sys=0.00s Real=0.04s
[15.049s][info][gc,start    ] GC(45) Pause Young (Mixed) (G1 Evacuation Pause)
[15.049s][info][gc,task     ] GC(45) Using 10 workers of 10 for evacuation
[15.112s][info][gc,phases   ] GC(45)   Pre Evacuate Collection Set: 1.0ms
[15.112s][info][gc,phases   ] GC(45)   Merge Heap Roots: 1.6ms
[15.112s][info][gc,phases   ] GC(45)   Evacuate Collection Set: 59.0ms
[15.112s][info][gc,phases   ] GC(45)   Post Evacuate Collection Set: 0.9ms
[15.112s][info][gc,phases   ] GC(45)   Other: 0.1ms
[15.112s][info][gc,heap     ] GC(45) Eden regions: 699->0(670)
[15.112s][info][gc,heap     ] GC(45) Survivor regions: 18->33(90)
[15.112s][info][gc,heap     ] GC(45) Old regions: 1064->1063
[15.112s][info][gc,heap     ] GC(45) Humongous regions: 9->9
[15.112s][info][gc,metaspace] GC(45) Metaspace: 1759K(1920K)->1759K(1920K) NonClass: 1573K(1664K)->1573K(1664K) Class: 186K(256K)->186K(256K)
[15.112s][info][gc          ] GC(45) Pause Young (Mixed) (G1 Evacuation Pause) 3578M->2208M(3808M) 63.065ms
[15.112s][info][gc,cpu      ] GC(45) User=0.34s Sys=0.00s Real=0.06s
[16.003s][info][gc,start    ] GC(46) Pause Young (Concurrent Start) (G1 Evacuation Pause)
[16.003s][info][gc,task     ] GC(46) Using 10 workers of 10 for evacuation
[16.056s][info][gc,phases   ] GC(46)   Pre Evacuate Collection Set: 0.4ms
[16.056s][info][gc,phases   ] GC(46)   Merge Heap Roots: 0.8ms
[16.056s][info][gc,phases   ] GC(46)   Evacuate Collection Set: 50.9ms
[16.056s][info][gc,phases   ] GC(46)   Post Evacuate Collection Set: 0.8ms
[16.056s][info][gc,phases   ] GC(46)   Other: 0.2ms
[16.056s][info][gc,heap     ] GC(46) Eden regions: 670->0(642)
[16.056s][info][gc,heap     ] GC(46) Survivor regions: 33->47(88)
[16.056s][info][gc,heap     ] GC(46) Old regions: 1063->1063
[16.056s][info][gc,heap     ] GC(46) Humongous regions: 9->9
[16.056s][info][gc,metaspace] GC(46) Metaspace: 1760K(1920K)->1760K(1920K) NonClass: 1574K(1664K)->1574K(1664K) Class: 186K(256K)->186K(256K)
[16.056s][info][gc          ] GC(46) Pause Young (Concurrent Start) (G1 Evacuation Pause) 3548M->2236M(3808M) 53.627ms
[16.056s][info][gc,cpu      ] GC(46) User=0.62s Sys=0.00s Real=0.05s
[16.056s][info][gc          ] GC(47) Concurrent Mark Cycle
[16.056s][info][gc,marking  ] GC(47) Concurrent Scan Root Regions
[16.081s][info][gc,marking  ] GC(47) Concurrent Scan Root Regions 24.917ms
[16.081s][info][gc,marking  ] GC(47) Concurrent Mark
[16.081s][info][gc,marking  ] GC(47) Concurrent Mark From Roots
[16.081s][info][gc,task     ] GC(47) Using 3 workers of 3 for marking
[16.303s][info][gc,marking  ] GC(47) Concurrent Mark From Roots 221.914ms
[16.303s][info][gc,marking  ] GC(47) Concurrent Preclean
[16.303s][info][gc,marking  ] GC(47) Concurrent Preclean 0.031ms
[16.303s][info][gc,start    ] GC(47) Pause Remark
[16.306s][info][gc          ] GC(47) Pause Remark 2532M->2532M(4096M) 2.006ms
[16.306s][info][gc,cpu      ] GC(47) User=0.00s Sys=0.00s Real=0.00s
[16.306s][info][gc,marking  ] GC(47) Concurrent Mark 224.615ms
[16.306s][info][gc,marking  ] GC(47) Concurrent Rebuild Remembered Sets and Scrub Regions
[16.363s][info][gc,start    ] GC(48) Pause Young (Normal) (G1 Evacuation Pause)
[16.363s][info][gc,task     ] GC(48) Using 10 workers of 10 for evacuation
[16.413s][info][gc,phases   ] GC(48)   Pre Evacuate Collection Set: 0.2ms
[16.413s][info][gc,phases   ] GC(48)   Merge Heap Roots: 0.9ms
[16.414s][info][gc,phases   ] GC(48)   Evacuate Collection Set: 48.8ms
[16.414s][info][gc,phases   ] GC(48)   Post Evacuate Collection Set: 0.6ms
[16.414s][info][gc,phases   ] GC(48)   Other: 0.1ms
[16.414s][info][gc,heap     ] GC(48) Eden regions: 182->0(801)
[16.414s][info][gc,heap     ] GC(48) Survivor regions: 47->20(29)
[16.414s][info][gc,heap     ] GC(48) Old regions: 1063->1095
[16.414s][info][gc,heap     ] GC(48) Humongous regions: 9->9
[16.414s][info][gc,metaspace] GC(48) Metaspace: 1760K(1920K)->1760K(1920K) NonClass: 1574K(1664K)->1574K(1664K) Class: 186K(256K)->186K(256K)
[16.414s][info][gc          ] GC(48) Pause Young (Normal) (G1 Evacuation Pause) 2600M->2247M(4096M) 50.944ms
[16.414s][info][gc,cpu      ] GC(48) User=0.58s Sys=0.00s Real=0.05s
[16.473s][info][gc,marking  ] GC(47) Concurrent Rebuild Remembered Sets and Scrub Regions 167.442ms
[16.474s][info][gc,start    ] GC(47) Pause Cleanup
[16.474s][info][gc          ] GC(47) Pause Cleanup 2321M->2321M(4096M) 0.441ms
[16.474s][info][gc,cpu      ] GC(47) User=0.00s Sys=0.00s Real=0.00s
[16.476s][info][gc,marking  ] GC(47) Concurrent Clear Claimed Marks
[16.476s][info][gc,marking  ] GC(47) Concurrent Clear Claimed Marks 0.036ms
[16.476s][info][gc,marking  ] GC(47) Concurrent Cleanup for Next Mark
[16.481s][info][gc,marking  ] GC(47) Concurrent Cleanup for Next Mark 5.332ms
[16.481s][info][gc          ] GC(47) Concurrent Mark Cycle 424.839ms
[17.474s][info][gc,start    ] GC(49) Pause Young (Prepare Mixed) (G1 Evacuation Pause)
[17.474s][info][gc,task     ] GC(49) Using 10 workers of 10 for evacuation
[17.550s][info][gc,phases   ] GC(49)   Pre Evacuate Collection Set: 0.2ms
[17.550s][info][gc,phases   ] GC(49)   Merge Heap Roots: 1.5ms
[17.550s][info][gc,phases   ] GC(49)   Evacuate Collection Set: 72.6ms
[17.550s][info][gc,phases   ] GC(49)   Post Evacuate Collection Set: 1.0ms
[17.550s][info][gc,phases   ] GC(49)   Other: 0.2ms
[17.550s][info][gc,heap     ] GC(49) Eden regions: 790->0(738)
[17.550s][info][gc,heap     ] GC(49) Survivor regions: 20->43(102)
[17.550s][info][gc,heap     ] GC(49) Old regions: 1095->1095
[17.550s][info][gc,heap     ] GC(49) Humongous regions: 26->26
[17.550s][info][gc,metaspace] GC(49) Metaspace: 1764K(1920K)->1764K(1920K) NonClass: 1578K(1664K)->1578K(1664K) Class: 186K(256K)->186K(256K)
[17.550s][info][gc          ] GC(49) Pause Young (Prepare Mixed) (G1 Evacuation Pause) 3861M->2327M(4096M) 76.003ms
[17.550s][info][gc,cpu      ] GC(49) User=0.66s Sys=0.00s Real=0.08s
[18.518s][info][gc,start    ] GC(50) Pause Young (Mixed) (G1 Evacuation Pause)
[18.518s][info][gc,task     ] GC(50) Using 10 workers of 10 for evacuation
[18.605s][info][gc,phases   ] GC(50)   Pre Evacuate Collection Set: 0.3ms
[18.605s][info][gc,phases   ] GC(50)   Merge Heap Roots: 1.4ms
[18.605s][info][gc,phases   ] GC(50)   Evacuate Collection Set: 84.4ms
[18.605s][info][gc,phases   ] GC(50)   Post Evacuate Collection Set: 1.0ms
[18.605s][info][gc,phases   ] GC(50)   Other: 0.2ms
[18.605s][info][gc,heap     ] GC(50) Eden regions: 738->0(709)
[18.605s][info][gc,heap     ] GC(50) Survivor regions: 43->58(98)
[18.605s][info][gc,heap     ] GC(50) Old regions: 1095->1094
[18.605s][info][gc,heap     ] GC(50) Humongous regions: 26->26
[18.605s][info][gc,metaspace] GC(50) Metaspace: 1765K(1920K)->1765K(1920K) NonClass: 1579K(1664K)->1579K(1664K) Class: 186K(256K)->186K(256K)
[18.605s][info][gc          ] GC(50) Pause Young (Mixed) (G1 Evacuation Pause) 3803M->2354M(4096M) 87.555ms
[18.605s][info][gc,cpu      ] GC(50) User=0.84s Sys=0.00s Real=0.09s
[19.530s][info][gc,start    ] GC(51) Pause Young (Concurrent Start) (G1 Evacuation Pause)
[19.530s][info][gc,task     ] GC(51) Using 10 workers of 10 for evacuation
[19.621s][info][gc,phases   ] GC(51)   Pre Evacuate Collection Set: 0.3ms
[19.621s][info][gc,phases   ] GC(51)   Merge Heap Roots: 1.1ms
[19.621s][info][gc,phases   ] GC(51)   Evacuate Collection Set: 88.7ms
[19.621s][info][gc,phases   ] GC(51)   Post Evacuate Collection Set: 1.0ms
[19.621s][info][gc,phases   ] GC(51)   Other: 0.2ms
[19.621s][info][gc,heap     ] GC(51) Eden regions: 709->0(695)
[19.621s][info][gc,heap     ] GC(51) Survivor regions: 58->58(96)
[19.621s][info][gc,heap     ] GC(51) Old regions: 1094->1108
[19.621s][info][gc,heap     ] GC(51) Humongous regions: 26->26
[19.621s][info][gc,metaspace] GC(51) Metaspace: 1765K(1920K)->1765K(1920K) NonClass: 1579K(1664K)->1579K(1664K) Class: 186K(256K)->186K(256K)
[19.621s][info][gc          ] GC(51) Pause Young (Concurrent Start) (G1 Evacuation Pause) 3772M->2383M(4096M) 91.635ms
[19.621s][info][gc,cpu      ] GC(51) User=0.94s Sys=0.00s Real=0.09s
[19.621s][info][gc          ] GC(52) Concurrent Mark Cycle
[19.622s][info][gc,marking  ] GC(52) Concurrent Scan Root Regions
[19.687s][info][gc,marking  ] GC(52) Concurrent Scan Root Regions 65.297ms
[19.687s][info][gc,marking  ] GC(52) Concurrent Mark
[19.687s][info][gc,marking  ] GC(52) Concurrent Mark From Roots
[19.687s][info][gc,task     ] GC(52) Using 3 workers of 3 for marking
[19.992s][info][gc,marking  ] GC(52) Concurrent Mark From Roots 305.009ms
[19.992s][info][gc,marking  ] GC(52) Concurrent Preclean
[19.992s][info][gc,marking  ] GC(52) Concurrent Preclean 0.047ms
[19.992s][info][gc,start    ] GC(52) Pause Remark
[19.993s][info][gc          ] GC(52) Pause Remark 2811M->2793M(4096M) 0.730ms
[19.993s][info][gc,cpu      ] GC(52) User=0.00s Sys=0.00s Real=0.00s
[19.993s][info][gc,marking  ] GC(52) Concurrent Mark 306.139ms
[19.993s][info][gc,marking  ] GC(52) Concurrent Rebuild Remembered Sets and Scrub Regions
[20.106s][info][gc,start    ] GC(53) Pause Young (Normal) (G1 Evacuation Pause)
[20.107s][info][gc,task     ] GC(53) Using 10 workers of 10 for evacuation
[20.173s][info][gc,phases   ] GC(53)   Pre Evacuate Collection Set: 0.2ms
[20.173s][info][gc,phases   ] GC(53)   Merge Heap Roots: 1.2ms
[20.173s][info][gc,phases   ] GC(53)   Evacuate Collection Set: 63.4ms
[20.173s][info][gc,phases   ] GC(53)   Post Evacuate Collection Set: 1.0ms
[20.173s][info][gc,phases   ] GC(53)   Other: 0.1ms
[20.173s][info][gc,heap     ] GC(53) Eden regions: 274->0(733)
[20.173s][info][gc,heap     ] GC(53) Survivor regions: 58->22(42)
[20.173s][info][gc,heap     ] GC(53) Old regions: 1108->1151
[20.173s][info][gc,heap     ] GC(53) Humongous regions: 17->17
[20.173s][info][gc,metaspace] GC(53) Metaspace: 1765K(1920K)->1765K(1920K) NonClass: 1579K(1664K)->1579K(1664K) Class: 186K(256K)->186K(256K)
[20.173s][info][gc          ] GC(53) Pause Young (Normal) (G1 Evacuation Pause) 2913M->2379M(4096M) 66.275ms
[20.173s][info][gc,cpu      ] GC(53) User=0.61s Sys=0.02s Real=0.07s
[20.231s][info][gc,marking  ] GC(52) Concurrent Rebuild Remembered Sets and Scrub Regions 238.052ms
[20.231s][info][gc,start    ] GC(52) Pause Cleanup
[20.232s][info][gc          ] GC(52) Pause Cleanup 2443M->2443M(4096M) 0.440ms
[20.232s][info][gc,cpu      ] GC(52) User=0.00s Sys=0.00s Real=0.00s
[20.232s][info][gc,marking  ] GC(52) Concurrent Clear Claimed Marks
[20.232s][info][gc,marking  ] GC(52) Concurrent Clear Claimed Marks 0.041ms
[20.232s][info][gc,marking  ] GC(52) Concurrent Cleanup for Next Mark
[20.237s][info][gc,marking  ] GC(52) Concurrent Cleanup for Next Mark 5.307ms
[20.237s][info][gc          ] GC(52) Concurrent Mark Cycle 615.793ms
[21.490s][info][gc,heap,exit] Heap
[21.490s][info][gc,heap,exit]  garbage-first heap   total 4194304K, used 3112642K [0x0000000700000000, 0x0000000800000000)
[21.490s][info][gc,heap,exit]   region size 2048K, 320 young (655360K), 22 survivors (45056K)
[21.490s][info][gc,heap,exit]  Metaspace       used 1921K, committed 2048K, reserved 1114112K
[21.490s][info][gc,heap,exit]   class space    used 204K, committed 256K, reserved 1048576K
