[0.010s][info][gc,init] CardTable entry size: 512
[0.010s][info][gc     ] Using G1
[0.019s][info][gc,init] Version: 21.0.5+9-LTS-239 (release)
[0.019s][info][gc,init] CPUs: 12 total, 12 available
[0.019s][info][gc,init] Memory: 16190M
[0.019s][info][gc,init] Large Page Support: Disabled
[0.019s][info][gc,init] NUMA Support: Disabled
[0.020s][info][gc,init] Compressed Oops: Enabled (Zero based)
[0.020s][info][gc,init] Heap Region Size: 2M
[0.020s][info][gc,init] Heap Min Capacity: 2G
[0.020s][info][gc,init] Heap Initial Capacity: 2G
[0.020s][info][gc,init] Heap Max Capacity: 4G
[0.020s][info][gc,init] Pre-touch: Disabled
[0.020s][info][gc,init] Parallel Workers: 10
[0.020s][info][gc,init] Concurrent Workers: 3
[0.020s][info][gc,init] Concurrent Refinement Workers: 10
[0.020s][info][gc,init] Periodic GC: Disabled
[0.028s][info][gc,metaspace] CDS archive(s) mapped at: [0x0000029cc2000000-0x0000029cc2c90000-0x0000029cc2c90000), size 13172736, SharedBaseAddress: 0x0000029cc2000000, ArchiveRelocationMode: 1.
[0.028s][info][gc,metaspace] Compressed class space mapped at: 0x0000029cc3000000-0x0000029d03000000, reserved size: 1073741824
[0.028s][info][gc,metaspace] Narrow klass base: 0x0000029cc2000000, Narrow klass shift: 0, Narrow klass range: 0x100000000
[0.501s][info][gc,start    ] GC(0) Pause Young (Normal) (G1 Evacuation Pause)
[0.501s][info][gc,task     ] GC(0) Using 10 workers of 10 for evacuation
[0.507s][info][gc,phases   ] GC(0)   Pre Evacuate Collection Set: 0.2ms
[0.507s][info][gc,phases   ] GC(0)   Merge Heap Roots: 0.2ms
[0.507s][info][gc,phases   ] GC(0)   Evacuate Collection Set: 4.9ms
[0.507s][info][gc,phases   ] GC(0)   Post Evacuate Collection Set: 0.6ms
[0.508s][info][gc,phases   ] GC(0)   Other: 0.6ms
[0.508s][info][gc,heap     ] GC(0) Eden regions: 51->0(44)
[0.508s][info][gc,heap     ] GC(0) Survivor regions: 0->7(7)
[0.508s][info][gc,heap     ] GC(0) Old regions: 0->4
[0.508s][info][gc,heap     ] GC(0) Humongous regions: 1->0
[0.508s][info][gc,metaspace] GC(0) Metaspace: 1317K(1472K)->1317K(1472K) NonClass: 1220K(1280K)->1220K(1280K) Class: 97K(192K)->97K(192K)
[0.508s][info][gc          ] GC(0) Pause Young (Normal) (G1 Evacuation Pause) 104M->21M(2048M) 6.987ms
[0.508s][info][gc,cpu      ] GC(0) User=0.00s Sys=0.00s Real=0.01s
[0.605s][info][gc,start    ] GC(1) Pause Young (Normal) (G1 Evacuation Pause)
[0.606s][info][gc,task     ] GC(1) Using 10 workers of 10 for evacuation
[0.610s][info][gc,phases   ] GC(1)   Pre Evacuate Collection Set: 0.2ms
[0.610s][info][gc,phases   ] GC(1)   Merge Heap Roots: 0.1ms
[0.610s][info][gc,phases   ] GC(1)   Evacuate Collection Set: 3.8ms
[0.610s][info][gc,phases   ] GC(1)   Post Evacuate Collection Set: 0.4ms
[0.610s][info][gc,phases   ] GC(1)   Other: 0.1ms
[0.610s][info][gc,heap     ] GC(1) Eden regions: 44->0(44)
[0.610s][info][gc,heap     ] GC(1) Survivor regions: 7->7(7)
[0.610s][info][gc,heap     ] GC(1) Old regions: 4->13
[0.610s][info][gc,heap     ] GC(1) Humongous regions: 0->0
[0.610s][info][gc,metaspace] GC(1) Metaspace: 1320K(1472K)->1320K(1472K) NonClass: 1223K(1280K)->1223K(1280K) Class: 97K(192K)->97K(192K)
[0.610s][info][gc          ] GC(1) Pause Young (Normal) (G1 Evacuation Pause) 109M->38M(2048M) 4.894ms
[0.610s][info][gc,cpu      ] GC(1) User=0.06s Sys=0.09s Real=0.00s
[0.718s][info][gc,start    ] GC(2) Pause Young (Normal) (G1 Evacuation Pause)
[0.718s][info][gc,task     ] GC(2) Using 10 workers of 10 for evacuation
[0.723s][info][gc,phases   ] GC(2)   Pre Evacuate Collection Set: 0.3ms
[0.723s][info][gc,phases   ] GC(2)   Merge Heap Roots: 0.1ms
[0.723s][info][gc,phases   ] GC(2)   Evacuate Collection Set: 4.0ms
[0.723s][info][gc,phases   ] GC(2)   Post Evacuate Collection Set: 0.4ms
[0.723s][info][gc,phases   ] GC(2)   Other: 0.1ms
[0.723s][info][gc,heap     ] GC(2) Eden regions: 44->0(44)
[0.723s][info][gc,heap     ] GC(2) Survivor regions: 7->7(7)
[0.723s][info][gc,heap     ] GC(2) Old regions: 13->22
[0.723s][info][gc,heap     ] GC(2) Humongous regions: 0->0
[0.723s][info][gc,metaspace] GC(2) Metaspace: 1321K(1472K)->1321K(1472K) NonClass: 1224K(1280K)->1224K(1280K) Class: 97K(192K)->97K(192K)
[0.723s][info][gc          ] GC(2) Pause Young (Normal) (G1 Evacuation Pause) 126M->57M(2048M) 5.315ms
[0.723s][info][gc,cpu      ] GC(2) User=0.00s Sys=0.00s Real=0.00s
[0.785s][info][gc,start    ] GC(3) Pause Young (Normal) (G1 Evacuation Pause)
[0.785s][info][gc,task     ] GC(3) Using 10 workers of 10 for evacuation
[0.790s][info][gc,phases   ] GC(3)   Pre Evacuate Collection Set: 0.3ms
[0.790s][info][gc,phases   ] GC(3)   Merge Heap Roots: 0.1ms
[0.790s][info][gc,phases   ] GC(3)   Evacuate Collection Set: 4.3ms
[0.790s][info][gc,phases   ] GC(3)   Post Evacuate Collection Set: 0.5ms
[0.790s][info][gc,phases   ] GC(3)   Other: 0.1ms
[0.790s][info][gc,heap     ] GC(3) Eden regions: 44->0(61)
[0.790s][info][gc,heap     ] GC(3) Survivor regions: 7->7(7)
[0.790s][info][gc,heap     ] GC(3) Old regions: 22->30
[0.790s][info][gc,heap     ] GC(3) Humongous regions: 0->0
[0.791s][info][gc,metaspace] GC(3) Metaspace: 1322K(1472K)->1322K(1472K) NonClass: 1224K(1280K)->1224K(1280K) Class: 97K(192K)->97K(192K)
[0.791s][info][gc          ] GC(3) Pause Young (Normal) (G1 Evacuation Pause) 145M->73M(2048M) 5.530ms
[0.791s][info][gc,cpu      ] GC(3) User=0.00s Sys=0.00s Real=0.01s
[0.876s][info][gc,start    ] GC(4) Pause Young (Normal) (G1 Evacuation Pause)
[0.876s][info][gc,task     ] GC(4) Using 10 workers of 10 for evacuation
[0.883s][info][gc,phases   ] GC(4)   Pre Evacuate Collection Set: 0.2ms
[0.883s][info][gc,phases   ] GC(4)   Merge Heap Roots: 0.2ms
[0.883s][info][gc,phases   ] GC(4)   Evacuate Collection Set: 5.5ms
[0.883s][info][gc,phases   ] GC(4)   Post Evacuate Collection Set: 0.6ms
[0.883s][info][gc,phases   ] GC(4)   Other: 0.1ms
[0.883s][info][gc,heap     ] GC(4) Eden regions: 61->0(76)
[0.883s][info][gc,heap     ] GC(4) Survivor regions: 7->9(9)
[0.883s][info][gc,heap     ] GC(4) Old regions: 30->41
[0.883s][info][gc,heap     ] GC(4) Humongous regions: 0->0
[0.883s][info][gc,metaspace] GC(4) Metaspace: 1322K(1472K)->1322K(1472K) NonClass: 1224K(1280K)->1224K(1280K) Class: 97K(192K)->97K(192K)
[0.883s][info][gc          ] GC(4) Pause Young (Normal) (G1 Evacuation Pause) 195M->98M(2048M) 6.762ms
[0.883s][info][gc,cpu      ] GC(4) User=0.00s Sys=0.00s Real=0.01s
[0.996s][info][gc,start    ] GC(5) Pause Young (Normal) (G1 Evacuation Pause)
[0.996s][info][gc,task     ] GC(5) Using 10 workers of 10 for evacuation
[1.003s][info][gc,phases   ] GC(5)   Pre Evacuate Collection Set: 0.2ms
[1.003s][info][gc,phases   ] GC(5)   Merge Heap Roots: 0.1ms
[1.003s][info][gc,phases   ] GC(5)   Evacuate Collection Set: 6.4ms
[1.003s][info][gc,phases   ] GC(5)   Post Evacuate Collection Set: 0.5ms
[1.003s][info][gc,phases   ] GC(5)   Other: 0.1ms
[1.003s][info][gc,heap     ] GC(5) Eden regions: 76->0(85)
[1.003s][info][gc,heap     ] GC(5) Survivor regions: 9->11(11)
[1.003s][info][gc,heap     ] GC(5) Old regions: 41->53
[1.003s][info][gc,heap     ] GC(5) Humongous regions: 0->0
[1.003s][info][gc,metaspace] GC(5) Metaspace: 1322K(1472K)->1322K(1472K) NonClass: 1224K(1280K)->1224K(1280K) Class: 97K(192K)->97K(192K)
[1.004s][info][gc          ] GC(5) Pause Young (Normal) (G1 Evacuation Pause) 250M->127M(2048M) 7.574ms
[1.004s][info][gc,cpu      ] GC(5) User=0.12s Sys=0.03s Real=0.01s
[1.119s][info][gc,start    ] GC(6) Pause Young (Normal) (G1 Evacuation Pause)
[1.119s][info][gc,task     ] GC(6) Using 10 workers of 10 for evacuation
[1.129s][info][gc,phases   ] GC(6)   Pre Evacuate Collection Set: 0.2ms
[1.129s][info][gc,phases   ] GC(6)   Merge Heap Roots: 0.1ms
[1.129s][info][gc,phases   ] GC(6)   Evacuate Collection Set: 8.1ms
[1.129s][info][gc,phases   ] GC(6)   Post Evacuate Collection Set: 0.4ms
[1.129s][info][gc,phases   ] GC(6)   Other: 0.1ms
[1.129s][info][gc,heap     ] GC(6) Eden regions: 85->0(114)
[1.129s][info][gc,heap     ] GC(6) Survivor regions: 11->12(12)
[1.129s][info][gc,heap     ] GC(6) Old regions: 53->69
[1.129s][info][gc,heap     ] GC(6) Humongous regions: 1->0
[1.129s][info][gc,metaspace] GC(6) Metaspace: 1322K(1472K)->1322K(1472K) NonClass: 1224K(1280K)->1224K(1280K) Class: 97K(192K)->97K(192K)
[1.129s][info][gc          ] GC(6) Pause Young (Normal) (G1 Evacuation Pause) 299M->161M(2048M) 9.289ms
[1.129s][info][gc,cpu      ] GC(6) User=0.11s Sys=0.05s Real=0.01s
[1.295s][info][gc,start    ] GC(7) Pause Young (Normal) (G1 Evacuation Pause)
[1.295s][info][gc,task     ] GC(7) Using 10 workers of 10 for evacuation
[1.306s][info][gc,phases   ] GC(7)   Pre Evacuate Collection Set: 0.2ms
[1.306s][info][gc,phases   ] GC(7)   Merge Heap Roots: 0.1ms
[1.306s][info][gc,phases   ] GC(7)   Evacuate Collection Set: 10.7ms
[1.306s][info][gc,phases   ] GC(7)   Post Evacuate Collection Set: 0.4ms
[1.306s][info][gc,phases   ] GC(7)   Other: 0.1ms
[1.306s][info][gc,heap     ] GC(7) Eden regions: 114->0(149)
[1.306s][info][gc,heap     ] GC(7) Survivor regions: 12->16(16)
[1.306s][info][gc,heap     ] GC(7) Old regions: 69->87
[1.306s][info][gc,heap     ] GC(7) Humongous regions: 0->0
[1.306s][info][gc,metaspace] GC(7) Metaspace: 1322K(1472K)->1322K(1472K) NonClass: 1224K(1280K)->1224K(1280K) Class: 97K(192K)->97K(192K)
[1.306s][info][gc          ] GC(7) Pause Young (Normal) (G1 Evacuation Pause) 389M->205M(2048M) 11.761ms
[1.307s][info][gc,cpu      ] GC(7) User=0.00s Sys=0.00s Real=0.01s
[1.508s][info][gc,start    ] GC(8) Pause Young (Normal) (G1 Evacuation Pause)
[1.508s][info][gc,task     ] GC(8) Using 10 workers of 10 for evacuation
[1.524s][info][gc,phases   ] GC(8)   Pre Evacuate Collection Set: 0.2ms
[1.524s][info][gc,phases   ] GC(8)   Merge Heap Roots: 0.1ms
[1.524s][info][gc,phases   ] GC(8)   Evacuate Collection Set: 14.5ms
[1.524s][info][gc,phases   ] GC(8)   Post Evacuate Collection Set: 0.6ms
[1.524s][info][gc,phases   ] GC(8)   Other: 0.1ms
[1.524s][info][gc,heap     ] GC(8) Eden regions: 149->0(175)
[1.524s][info][gc,heap     ] GC(8) Survivor regions: 16->21(21)
[1.524s][info][gc,heap     ] GC(8) Old regions: 87->112
[1.524s][info][gc,heap     ] GC(8) Humongous regions: 1->0
[1.524s][info][gc,metaspace] GC(8) Metaspace: 1322K(1472K)->1322K(1472K) NonClass: 1224K(1280K)->1224K(1280K) Class: 97K(192K)->97K(192K)
[1.524s][info][gc          ] GC(8) Pause Young (Normal) (G1 Evacuation Pause) 505M->265M(2048M) 15.765ms
[1.524s][info][gc,cpu      ] GC(8) User=0.06s Sys=0.09s Real=0.02s
[1.751s][info][gc,start    ] GC(9) Pause Young (Normal) (G1 Evacuation Pause)
[1.751s][info][gc,task     ] GC(9) Using 10 workers of 10 for evacuation
[1.769s][info][gc,phases   ] GC(9)   Pre Evacuate Collection Set: 0.3ms
[1.769s][info][gc,phases   ] GC(9)   Merge Heap Roots: 0.1ms
[1.769s][info][gc,phases   ] GC(9)   Evacuate Collection Set: 17.3ms
[1.769s][info][gc,phases   ] GC(9)   Post Evacuate Collection Set: 0.7ms
[1.769s][info][gc,phases   ] GC(9)   Other: 0.1ms
[1.769s][info][gc,heap     ] GC(9) Eden regions: 175->0(205)
[1.769s][info][gc,heap     ] GC(9) Survivor regions: 21->25(25)
[1.769s][info][gc,heap     ] GC(9) Old regions: 112->143
[1.769s][info][gc,heap     ] GC(9) Humongous regions: 0->0
[1.769s][info][gc,metaspace] GC(9) Metaspace: 1322K(1472K)->1322K(1472K) NonClass: 1224K(1280K)->1224K(1280K) Class: 97K(192K)->97K(192K)
[1.769s][info][gc          ] GC(9) Pause Young (Normal) (G1 Evacuation Pause) 615M->334M(2048M) 18.629ms
[1.769s][info][gc,cpu      ] GC(9) User=0.08s Sys=0.08s Real=0.02s
[2.027s][info][gc,start    ] GC(10) Pause Young (Normal) (G1 Evacuation Pause)
[2.027s][info][gc,task     ] GC(10) Using 10 workers of 10 for evacuation
[2.049s][info][gc,phases   ] GC(10)   Pre Evacuate Collection Set: 0.3ms
[2.049s][info][gc,phases   ] GC(10)   Merge Heap Roots: 0.1ms
[2.049s][info][gc,phases   ] GC(10)   Evacuate Collection Set: 20.3ms
[2.049s][info][gc,phases   ] GC(10)   Post Evacuate Collection Set: 0.6ms
[2.049s][info][gc,phases   ] GC(10)   Other: 0.1ms
[2.049s][info][gc,heap     ] GC(10) Eden regions: 205->0(380)
[2.049s][info][gc,heap     ] GC(10) Survivor regions: 25->29(29)
[2.049s][info][gc,heap     ] GC(10) Old regions: 143->178
[2.049s][info][gc,heap     ] GC(10) Humongous regions: 0->0
[2.049s][info][gc,metaspace] GC(10) Metaspace: 1322K(1472K)->1322K(1472K) NonClass: 1224K(1280K)->1224K(1280K) Class: 97K(192K)->97K(192K)
[2.049s][info][gc          ] GC(10) Pause Young (Normal) (G1 Evacuation Pause) 744M->412M(2048M) 21.674ms
[2.049s][info][gc,cpu      ] GC(10) User=0.12s Sys=0.19s Real=0.02s
[2.623s][info][gc,start    ] GC(11) Pause Young (Normal) (G1 Evacuation Pause)
[2.623s][info][gc,task     ] GC(11) Using 10 workers of 10 for evacuation
[2.656s][info][gc,phases   ] GC(11)   Pre Evacuate Collection Set: 0.3ms
[2.656s][info][gc,phases   ] GC(11)   Merge Heap Roots: 0.1ms
[2.656s][info][gc,phases   ] GC(11)   Evacuate Collection Set: 31.6ms
[2.656s][info][gc,phases   ] GC(11)   Post Evacuate Collection Set: 0.7ms
[2.656s][info][gc,phases   ] GC(11)   Other: 0.1ms
[2.656s][info][gc,heap     ] GC(11) Eden regions: 380->0(311)
[2.656s][info][gc,heap     ] GC(11) Survivor regions: 29->52(52)
[2.656s][info][gc,heap     ] GC(11) Old regions: 178->231
[2.656s][info][gc,heap     ] GC(11) Humongous regions: 2->0
[2.656s][info][gc,metaspace] GC(11) Metaspace: 1322K(1472K)->1322K(1472K) NonClass: 1224K(1280K)->1224K(1280K) Class: 97K(192K)->97K(192K)
[2.656s][info][gc          ] GC(11) Pause Young (Normal) (G1 Evacuation Pause) 1176M->564M(2048M) 33.131ms
[2.656s][info][gc,cpu      ] GC(11) User=0.03s Sys=0.28s Real=0.03s
[3.070s][info][gc,start    ] GC(12) Pause Young (Normal) (G1 Evacuation Pause)
[3.070s][info][gc,task     ] GC(12) Using 10 workers of 10 for evacuation
[3.102s][info][gc,phases   ] GC(12)   Pre Evacuate Collection Set: 0.2ms
[3.102s][info][gc,phases   ] GC(12)   Merge Heap Roots: 0.2ms
[3.102s][info][gc,phases   ] GC(12)   Evacuate Collection Set: 30.3ms
[3.102s][info][gc,phases   ] GC(12)   Post Evacuate Collection Set: 0.6ms
[3.102s][info][gc,phases   ] GC(12)   Other: 0.1ms
[3.102s][info][gc,heap     ] GC(12) Eden regions: 311->0(355)
[3.102s][info][gc,heap     ] GC(12) Survivor regions: 52->46(46)
[3.102s][info][gc,heap     ] GC(12) Old regions: 231->296
[3.102s][info][gc,heap     ] GC(12) Humongous regions: 3->0
[3.102s][info][gc,metaspace] GC(12) Metaspace: 1322K(1472K)->1322K(1472K) NonClass: 1224K(1280K)->1224K(1280K) Class: 97K(192K)->97K(192K)
[3.102s][info][gc          ] GC(12) Pause Young (Normal) (G1 Evacuation Pause) 1192M->683M(2048M) 31.582ms
[3.102s][info][gc,cpu      ] GC(12) User=0.09s Sys=0.22s Real=0.03s
[3.566s][info][gc,start    ] GC(13) Pause Young (Normal) (G1 Evacuation Pause)
[3.566s][info][gc,task     ] GC(13) Using 10 workers of 10 for evacuation
[3.598s][info][gc,phases   ] GC(13)   Pre Evacuate Collection Set: 0.3ms
[3.598s][info][gc,phases   ] GC(13)   Merge Heap Roots: 0.1ms
[3.598s][info][gc,phases   ] GC(13)   Evacuate Collection Set: 30.8ms
[3.598s][info][gc,phases   ] GC(13)   Post Evacuate Collection Set: 0.8ms
[3.598s][info][gc,phases   ] GC(13)   Other: 0.1ms
[3.598s][info][gc,heap     ] GC(13) Eden regions: 355->0(394)
[3.598s][info][gc,heap     ] GC(13) Survivor regions: 46->51(51)
[3.598s][info][gc,heap     ] GC(13) Old regions: 296->362
[3.598s][info][gc,heap     ] GC(13) Humongous regions: 8->0
[3.598s][info][gc,metaspace] GC(13) Metaspace: 1322K(1472K)->1322K(1472K) NonClass: 1224K(1280K)->1224K(1280K) Class: 97K(192K)->97K(192K)
[3.598s][info][gc          ] GC(13) Pause Young (Normal) (G1 Evacuation Pause) 1409M->825M(2048M) 32.357ms
[3.598s][info][gc,cpu      ] GC(13) User=0.08s Sys=0.23s Real=0.03s
[4.105s][info][gc,start    ] GC(14) Pause Young (Normal) (G1 Evacuation Pause)
[4.105s][info][gc,task     ] GC(14) Using 10 workers of 10 for evacuation
[4.144s][info][gc,phases   ] GC(14)   Pre Evacuate Collection Set: 0.2ms
[4.144s][info][gc,phases   ] GC(14)   Merge Heap Roots: 0.1ms
[4.144s][info][gc,phases   ] GC(14)   Evacuate Collection Set: 38.1ms
[4.144s][info][gc,phases   ] GC(14)   Post Evacuate Collection Set: 0.6ms
[4.144s][info][gc,phases   ] GC(14)   Other: 0.1ms
[4.144s][info][gc,heap     ] GC(14) Eden regions: 394->0(356)
[4.144s][info][gc,heap     ] GC(14) Survivor regions: 51->56(56)
[4.144s][info][gc,heap     ] GC(14) Old regions: 362->435
[4.144s][info][gc,heap     ] GC(14) Humongous regions: 2->0
[4.144s][info][gc,metaspace] GC(14) Metaspace: 1322K(1472K)->1322K(1472K) NonClass: 1224K(1280K)->1224K(1280K) Class: 97K(192K)->97K(192K)
[4.144s][info][gc          ] GC(14) Pause Young (Normal) (G1 Evacuation Pause) 1617M->980M(2048M) 39.485ms
[4.144s][info][gc,cpu      ] GC(14) User=0.22s Sys=0.25s Real=0.04s
[4.598s][info][gc,start    ] GC(15) Pause Young (Normal) (G1 Evacuation Pause)
[4.598s][info][gc,task     ] GC(15) Using 10 workers of 10 for evacuation
[4.627s][info][gc,phases   ] GC(15)   Pre Evacuate Collection Set: 0.3ms
[4.627s][info][gc,phases   ] GC(15)   Merge Heap Roots: 0.1ms
[4.627s][info][gc,phases   ] GC(15)   Evacuate Collection Set: 27.2ms
[4.627s][info][gc,phases   ] GC(15)   Post Evacuate Collection Set: 0.7ms
[4.627s][info][gc,phases   ] GC(15)   Other: 0.1ms
[4.627s][info][gc,heap     ] GC(15) Eden regions: 356->0(312)
[4.627s][info][gc,heap     ] GC(15) Survivor regions: 56->52(52)
[4.627s][info][gc,heap     ] GC(15) Old regions: 435->509
[4.627s][info][gc,heap     ] GC(15) Humongous regions: 5->0
[4.627s][info][gc,metaspace] GC(15) Metaspace: 1323K(1472K)->1323K(1472K) NonClass: 1225K(1280K)->1225K(1280K) Class: 97K(192K)->97K(192K)
[4.627s][info][gc          ] GC(15) Pause Young (Normal) (G1 Evacuation Pause) 1702M->1120M(2048M) 28.704ms
[4.627s][info][gc,cpu      ] GC(15) User=0.14s Sys=0.17s Real=0.03s
[5.015s][info][gc,start    ] GC(16) Pause Young (Concurrent Start) (G1 Evacuation Pause)
[5.015s][info][gc,task     ] GC(16) Using 10 workers of 10 for evacuation
[5.039s][info][gc,phases   ] GC(16)   Pre Evacuate Collection Set: 0.3ms
[5.039s][info][gc,phases   ] GC(16)   Merge Heap Roots: 0.1ms
[5.039s][info][gc,phases   ] GC(16)   Evacuate Collection Set: 23.1ms
[5.039s][info][gc,phases   ] GC(16)   Post Evacuate Collection Set: 0.7ms
[5.039s][info][gc,phases   ] GC(16)   Other: 0.2ms
[5.039s][info][gc,heap     ] GC(16) Eden regions: 312->0(270)
[5.039s][info][gc,heap     ] GC(16) Survivor regions: 52->46(46)
[5.039s][info][gc,heap     ] GC(16) Old regions: 509->576
[5.039s][info][gc,heap     ] GC(16) Humongous regions: 0->0
[5.039s][info][gc,metaspace] GC(16) Metaspace: 1323K(1472K)->1323K(1472K) NonClass: 1225K(1280K)->1225K(1280K) Class: 97K(192K)->97K(192K)
[5.039s][info][gc          ] GC(16) Pause Young (Concurrent Start) (G1 Evacuation Pause) 1744M->1243M(2048M) 24.596ms
[5.039s][info][gc,cpu      ] GC(16) User=0.03s Sys=0.12s Real=0.03s
[5.039s][info][gc          ] GC(17) Concurrent Mark Cycle
[5.039s][info][gc,marking  ] GC(17) Concurrent Scan Root Regions
[5.041s][info][gc,marking  ] GC(17) Concurrent Scan Root Regions 2.125ms
[5.041s][info][gc,marking  ] GC(17) Concurrent Mark
[5.041s][info][gc,marking  ] GC(17) Concurrent Mark From Roots
[5.041s][info][gc,task     ] GC(17) Using 3 workers of 3 for marking
[5.047s][info][gc,marking  ] GC(17) Concurrent Mark From Roots 5.494ms
[5.047s][info][gc,marking  ] GC(17) Concurrent Preclean
[5.047s][info][gc,marking  ] GC(17) Concurrent Preclean 0.015ms
[5.047s][info][gc,start    ] GC(17) Pause Remark
[5.049s][info][gc          ] GC(17) Pause Remark 1256M->1256M(2098M) 1.981ms
[5.049s][info][gc,cpu      ] GC(17) User=0.00s Sys=0.00s Real=0.00s
[5.049s][info][gc,marking  ] GC(17) Concurrent Mark 7.782ms
[5.049s][info][gc,marking  ] GC(17) Concurrent Rebuild Remembered Sets and Scrub Regions
[5.050s][info][gc,marking  ] GC(17) Concurrent Rebuild Remembered Sets and Scrub Regions 1.227ms
[5.051s][info][gc,start    ] GC(17) Pause Cleanup
[5.051s][info][gc          ] GC(17) Pause Cleanup 1259M->1259M(2098M) 0.257ms
[5.051s][info][gc,cpu      ] GC(17) User=0.00s Sys=0.00s Real=0.00s
[5.051s][info][gc,marking  ] GC(17) Concurrent Clear Claimed Marks
[5.051s][info][gc,marking  ] GC(17) Concurrent Clear Claimed Marks 0.021ms
[5.051s][info][gc,marking  ] GC(17) Concurrent Cleanup for Next Mark
[5.054s][info][gc,marking  ] GC(17) Concurrent Cleanup for Next Mark 3.117ms
[5.054s][info][gc          ] GC(17) Concurrent Mark Cycle 14.953ms
[5.391s][info][gc,start    ] GC(18) Pause Young (Prepare Mixed) (G1 Evacuation Pause)
[5.391s][info][gc,task     ] GC(18) Using 10 workers of 10 for evacuation
[5.411s][info][gc,phases   ] GC(18)   Pre Evacuate Collection Set: 0.3ms
[5.411s][info][gc,phases   ] GC(18)   Merge Heap Roots: 0.1ms
[5.411s][info][gc,phases   ] GC(18)   Evacuate Collection Set: 18.8ms
[5.411s][info][gc,phases   ] GC(18)   Post Evacuate Collection Set: 0.8ms
[5.411s][info][gc,phases   ] GC(18)   Other: 0.1ms
[5.411s][info][gc,heap     ] GC(18) Eden regions: 270->0(250)
[5.411s][info][gc,heap     ] GC(18) Survivor regions: 46->40(40)
[5.411s][info][gc,heap     ] GC(18) Old regions: 576->636
[5.411s][info][gc,heap     ] GC(18) Humongous regions: 3->0
[5.411s][info][gc,metaspace] GC(18) Metaspace: 1323K(1472K)->1323K(1472K) NonClass: 1225K(1280K)->1225K(1280K) Class: 97K(192K)->97K(192K)
[5.411s][info][gc          ] GC(18) Pause Young (Prepare Mixed) (G1 Evacuation Pause) 1789M->1351M(2098M) 20.376ms
[5.411s][info][gc,cpu      ] GC(18) User=0.12s Sys=0.03s Real=0.02s
[5.724s][info][gc,start    ] GC(19) Pause Young (Mixed) (G1 Evacuation Pause)
[5.724s][info][gc,task     ] GC(19) Using 10 workers of 10 for evacuation
[5.743s][info][gc,phases   ] GC(19)   Pre Evacuate Collection Set: 0.3ms
[5.743s][info][gc,phases   ] GC(19)   Merge Heap Roots: 0.1ms
[5.743s][info][gc,phases   ] GC(19)   Evacuate Collection Set: 17.6ms
[5.743s][info][gc,phases   ] GC(19)   Post Evacuate Collection Set: 0.8ms
[5.743s][info][gc,phases   ] GC(19)   Other: 0.1ms
[5.743s][info][gc,heap     ] GC(19) Eden regions: 250->0(218)
[5.743s][info][gc,heap     ] GC(19) Survivor regions: 40->37(37)
[5.743s][info][gc,heap     ] GC(19) Old regions: 636->688
[5.743s][info][gc,heap     ] GC(19) Humongous regions: 3->0
[5.743s][info][gc,metaspace] GC(19) Metaspace: 1323K(1472K)->1323K(1472K) NonClass: 1225K(1280K)->1225K(1280K) Class: 97K(192K)->97K(192K)
[5.743s][info][gc          ] GC(19) Pause Young (Mixed) (G1 Evacuation Pause) 1857M->1449M(2098M) 19.050ms
[5.743s][info][gc,cpu      ] GC(19) User=0.09s Sys=0.06s Real=0.02s
[5.969s][info][gc,start    ] GC(20) Pause Young (Concurrent Start) (G1 Humongous Allocation)
[5.969s][info][gc,task     ] GC(20) Using 10 workers of 10 for evacuation
[5.985s][info][gc,phases   ] GC(20)   Pre Evacuate Collection Set: 0.3ms
[5.985s][info][gc,phases   ] GC(20)   Merge Heap Roots: 0.1ms
[5.985s][info][gc,phases   ] GC(20)   Evacuate Collection Set: 14.2ms
[5.985s][info][gc,phases   ] GC(20)   Post Evacuate Collection Set: 0.7ms
[5.985s][info][gc,phases   ] GC(20)   Other: 0.2ms
[5.985s][info][gc,heap     ] GC(20) Eden regions: 184->0(192)
[5.985s][info][gc,heap     ] GC(20) Survivor regions: 37->32(32)
[5.985s][info][gc,heap     ] GC(20) Old regions: 688->730
[5.985s][info][gc,heap     ] GC(20) Humongous regions: 0->0
[5.985s][info][gc,metaspace] GC(20) Metaspace: 1323K(1472K)->1323K(1472K) NonClass: 1225K(1280K)->1225K(1280K) Class: 97K(192K)->97K(192K)
[5.985s][info][gc          ] GC(20) Pause Young (Concurrent Start) (G1 Humongous Allocation) 1816M->1522M(2098M) 15.770ms
[5.985s][info][gc,cpu      ] GC(20) User=0.12s Sys=0.03s Real=0.02s
[5.985s][info][gc          ] GC(21) Concurrent Mark Cycle
[5.985s][info][gc,marking  ] GC(21) Concurrent Scan Root Regions
[5.985s][info][gc,marking  ] GC(21) Concurrent Scan Root Regions 0.297ms
[5.985s][info][gc,marking  ] GC(21) Concurrent Mark
[5.985s][info][gc,marking  ] GC(21) Concurrent Mark From Roots
[5.985s][info][gc,task     ] GC(21) Using 3 workers of 3 for marking
[5.989s][info][gc,marking  ] GC(21) Concurrent Mark From Roots 3.754ms
[5.989s][info][gc,marking  ] GC(21) Concurrent Preclean
[5.989s][info][gc,marking  ] GC(21) Concurrent Preclean 0.014ms
[5.989s][info][gc,start    ] GC(21) Pause Remark
[5.992s][info][gc          ] GC(21) Pause Remark 1531M->1531M(2558M) 3.228ms
[5.992s][info][gc,cpu      ] GC(21) User=0.00s Sys=0.00s Real=0.00s
[5.993s][info][gc,marking  ] GC(21) Concurrent Mark 7.251ms
[5.993s][info][gc,marking  ] GC(21) Concurrent Rebuild Remembered Sets and Scrub Regions
[5.994s][info][gc,marking  ] GC(21) Concurrent Rebuild Remembered Sets and Scrub Regions 1.694ms
[5.995s][info][gc,start    ] GC(21) Pause Cleanup
[5.995s][info][gc          ] GC(21) Pause Cleanup 1533M->1533M(2558M) 0.319ms
[5.995s][info][gc,cpu      ] GC(21) User=0.00s Sys=0.00s Real=0.00s
[5.995s][info][gc,marking  ] GC(21) Concurrent Clear Claimed Marks
[5.995s][info][gc,marking  ] GC(21) Concurrent Clear Claimed Marks 0.039ms
[5.995s][info][gc,marking  ] GC(21) Concurrent Cleanup for Next Mark
[5.999s][info][gc,marking  ] GC(21) Concurrent Cleanup for Next Mark 4.080ms
[5.999s][info][gc          ] GC(21) Concurrent Mark Cycle 14.219ms
[6.325s][info][gc,start    ] GC(22) Pause Young (Prepare Mixed) (G1 Evacuation Pause)
[6.325s][info][gc,task     ] GC(22) Using 10 workers of 10 for evacuation
[6.342s][info][gc,phases   ] GC(22)   Pre Evacuate Collection Set: 0.3ms
[6.342s][info][gc,phases   ] GC(22)   Merge Heap Roots: 0.1ms
[6.342s][info][gc,phases   ] GC(22)   Evacuate Collection Set: 15.7ms
[6.342s][info][gc,phases   ] GC(22)   Post Evacuate Collection Set: 0.7ms
[6.342s][info][gc,phases   ] GC(22)   Other: 0.1ms
[6.342s][info][gc,heap     ] GC(22) Eden regions: 192->0(303)
[6.342s][info][gc,heap     ] GC(22) Survivor regions: 32->28(28)
[6.342s][info][gc,heap     ] GC(22) Old regions: 730->771
[6.342s][info][gc,heap     ] GC(22) Humongous regions: 1->0
[6.342s][info][gc,metaspace] GC(22) Metaspace: 1323K(1472K)->1323K(1472K) NonClass: 1225K(1280K)->1225K(1280K) Class: 97K(192K)->97K(192K)
[6.342s][info][gc          ] GC(22) Pause Young (Prepare Mixed) (G1 Evacuation Pause) 1908M->1596M(2558M) 17.049ms
[6.342s][info][gc,cpu      ] GC(22) User=0.20s Sys=0.00s Real=0.02s
[6.721s][info][gc,start    ] GC(23) Pause Young (Mixed) (G1 Evacuation Pause)
[6.721s][info][gc,task     ] GC(23) Using 10 workers of 10 for evacuation
[6.740s][info][gc,phases   ] GC(23)   Pre Evacuate Collection Set: 0.3ms
[6.740s][info][gc,phases   ] GC(23)   Merge Heap Roots: 0.1ms
[6.740s][info][gc,phases   ] GC(23)   Evacuate Collection Set: 17.4ms
[6.740s][info][gc,phases   ] GC(23)   Post Evacuate Collection Set: 0.8ms
[6.740s][info][gc,phases   ] GC(23)   Other: 0.1ms
[6.740s][info][gc,heap     ] GC(23) Eden regions: 303->0(273)
[6.740s][info][gc,heap     ] GC(23) Survivor regions: 28->42(42)
[6.740s][info][gc,heap     ] GC(23) Old regions: 771->816
[6.740s][info][gc,heap     ] GC(23) Humongous regions: 3->0
[6.740s][info][gc,metaspace] GC(23) Metaspace: 1323K(1472K)->1323K(1472K) NonClass: 1225K(1280K)->1225K(1280K) Class: 97K(192K)->97K(192K)
[6.740s][info][gc          ] GC(23) Pause Young (Mixed) (G1 Evacuation Pause) 2208M->1714M(2558M) 18.961ms
[6.740s][info][gc,cpu      ] GC(23) User=0.14s Sys=0.02s Real=0.02s
[6.941s][info][gc,start    ] GC(24) Pause Young (Concurrent Start) (G1 Humongous Allocation)
[6.941s][info][gc,task     ] GC(24) Using 10 workers of 10 for evacuation
[6.957s][info][gc,phases   ] GC(24)   Pre Evacuate Collection Set: 0.3ms
[6.957s][info][gc,phases   ] GC(24)   Merge Heap Roots: 0.1ms
[6.957s][info][gc,phases   ] GC(24)   Evacuate Collection Set: 14.4ms
[6.957s][info][gc,phases   ] GC(24)   Post Evacuate Collection Set: 0.7ms
[6.957s][info][gc,phases   ] GC(24)   Other: 0.2ms
[6.957s][info][gc,heap     ] GC(24) Eden regions: 167->0(254)
[6.957s][info][gc,heap     ] GC(24) Survivor regions: 42->33(40)
[6.957s][info][gc,heap     ] GC(24) Old regions: 816->857
[6.957s][info][gc,heap     ] GC(24) Humongous regions: 0->0
[6.957s][info][gc,metaspace] GC(24) Metaspace: 1323K(1472K)->1323K(1472K) NonClass: 1225K(1280K)->1225K(1280K) Class: 97K(192K)->97K(192K)
[6.957s][info][gc          ] GC(24) Pause Young (Concurrent Start) (G1 Humongous Allocation) 2048M->1779M(2558M) 15.935ms
[6.957s][info][gc,cpu      ] GC(24) User=0.11s Sys=0.05s Real=0.02s
[6.957s][info][gc          ] GC(25) Concurrent Mark Cycle
[6.957s][info][gc,marking  ] GC(25) Concurrent Scan Root Regions
[6.958s][info][gc,marking  ] GC(25) Concurrent Scan Root Regions 1.001ms
[6.958s][info][gc,marking  ] GC(25) Concurrent Mark
[6.958s][info][gc,marking  ] GC(25) Concurrent Mark From Roots
[6.959s][info][gc,task     ] GC(25) Using 3 workers of 3 for marking
[6.963s][info][gc,marking  ] GC(25) Concurrent Mark From Roots 4.572ms
[6.963s][info][gc,marking  ] GC(25) Concurrent Preclean
[6.963s][info][gc,marking  ] GC(25) Concurrent Preclean 0.015ms
[6.963s][info][gc,start    ] GC(25) Pause Remark
[6.966s][info][gc          ] GC(25) Pause Remark 1790M->1790M(2988M) 2.723ms
[6.966s][info][gc,cpu      ] GC(25) User=0.00s Sys=0.00s Real=0.00s
[6.966s][info][gc,marking  ] GC(25) Concurrent Mark 7.537ms
[6.966s][info][gc,marking  ] GC(25) Concurrent Rebuild Remembered Sets and Scrub Regions
[6.968s][info][gc,marking  ] GC(25) Concurrent Rebuild Remembered Sets and Scrub Regions 1.569ms
[6.968s][info][gc,start    ] GC(25) Pause Cleanup
[6.968s][info][gc          ] GC(25) Pause Cleanup 1792M->1792M(2988M) 0.292ms
[6.968s][info][gc,cpu      ] GC(25) User=0.00s Sys=0.00s Real=0.00s
[6.968s][info][gc,marking  ] GC(25) Concurrent Clear Claimed Marks
[6.968s][info][gc,marking  ] GC(25) Concurrent Clear Claimed Marks 0.024ms
[6.968s][info][gc,marking  ] GC(25) Concurrent Cleanup for Next Mark
[6.972s][info][gc,marking  ] GC(25) Concurrent Cleanup for Next Mark 4.321ms
[6.972s][info][gc          ] GC(25) Concurrent Mark Cycle 15.099ms
[7.374s][info][gc,start    ] GC(26) Pause Young (Prepare Mixed) (G1 Evacuation Pause)
[7.374s][info][gc,task     ] GC(26) Using 10 workers of 10 for evacuation
[7.391s][info][gc,phases   ] GC(26)   Pre Evacuate Collection Set: 0.3ms
[7.391s][info][gc,phases   ] GC(26)   Merge Heap Roots: 0.2ms
[7.391s][info][gc,phases   ] GC(26)   Evacuate Collection Set: 15.8ms
[7.391s][info][gc,phases   ] GC(26)   Post Evacuate Collection Set: 0.6ms
[7.391s][info][gc,phases   ] GC(26)   Other: 0.1ms
[7.391s][info][gc,heap     ] GC(26) Eden regions: 254->0(346)
[7.391s][info][gc,heap     ] GC(26) Survivor regions: 33->36(36)
[7.391s][info][gc,heap     ] GC(26) Old regions: 857->905
[7.391s][info][gc,heap     ] GC(26) Humongous regions: 4->0
[7.391s][info][gc,metaspace] GC(26) Metaspace: 1323K(1472K)->1323K(1472K) NonClass: 1225K(1280K)->1225K(1280K) Class: 97K(192K)->97K(192K)
[7.391s][info][gc          ] GC(26) Pause Young (Prepare Mixed) (G1 Evacuation Pause) 2295M->1880M(2988M) 17.228ms
[7.391s][info][gc,cpu      ] GC(26) User=0.09s Sys=0.06s Real=0.02s
[8.952s][info][gc,start    ] GC(27) Pause Young (Mixed) (G1 Evacuation Pause)
[8.952s][info][gc,task     ] GC(27) Using 10 workers of 10 for evacuation
[8.976s][info][gc,phases   ] GC(27)   Pre Evacuate Collection Set: 0.2ms
[8.976s][info][gc,phases   ] GC(27)   Merge Heap Roots: 0.1ms
[8.977s][info][gc,phases   ] GC(27)   Evacuate Collection Set: 23.5ms
[8.977s][info][gc,phases   ] GC(27)   Post Evacuate Collection Set: 0.8ms
[8.977s][info][gc,phases   ] GC(27)   Other: 0.1ms
[8.977s][info][gc,heap     ] GC(27) Eden regions: 346->0(338)
[8.977s][info][gc,heap     ] GC(27) Survivor regions: 36->36(48)
[8.977s][info][gc,heap     ] GC(27) Old regions: 905->940
[8.977s][info][gc,heap     ] GC(27) Humongous regions: 4->3
[8.977s][info][gc,metaspace] GC(27) Metaspace: 1582K(1664K)->1582K(1664K) NonClass: 1445K(1472K)->1445K(1472K) Class: 136K(192K)->136K(192K)
[8.977s][info][gc          ] GC(27) Pause Young (Mixed) (G1 Evacuation Pause) 2580M->1956M(2988M) 24.995ms
[8.977s][info][gc,cpu      ] GC(27) User=0.16s Sys=0.00s Real=0.03s
[9.617s][info][gc,start    ] GC(28) Pause Young (Concurrent Start) (G1 Evacuation Pause)
[9.617s][info][gc,task     ] GC(28) Using 10 workers of 10 for evacuation
[9.641s][info][gc,phases   ] GC(28)   Pre Evacuate Collection Set: 0.3ms
[9.641s][info][gc,phases   ] GC(28)   Merge Heap Roots: 0.1ms
[9.641s][info][gc,phases   ] GC(28)   Evacuate Collection Set: 22.8ms
[9.641s][info][gc,phases   ] GC(28)   Post Evacuate Collection Set: 0.6ms
[9.641s][info][gc,phases   ] GC(28)   Other: 0.2ms
[9.641s][info][gc,heap     ] GC(28) Eden regions: 338->0(345)
[9.641s][info][gc,heap     ] GC(28) Survivor regions: 36->15(47)
[9.641s][info][gc,heap     ] GC(28) Old regions: 940->975
[9.641s][info][gc,heap     ] GC(28) Humongous regions: 6->6
[9.641s][info][gc,metaspace] GC(28) Metaspace: 1582K(1664K)->1582K(1664K) NonClass: 1445K(1472K)->1445K(1472K) Class: 136K(192K)->136K(192K)
[9.641s][info][gc          ] GC(28) Pause Young (Concurrent Start) (G1 Evacuation Pause) 2638M->1990M(2988M) 24.395ms
[9.641s][info][gc,cpu      ] GC(28) User=0.31s Sys=0.00s Real=0.02s
[9.641s][info][gc          ] GC(29) Concurrent Mark Cycle
[9.641s][info][gc,marking  ] GC(29) Concurrent Scan Root Regions
[9.650s][info][gc,marking  ] GC(29) Concurrent Scan Root Regions 9.003ms
[9.650s][info][gc,marking  ] GC(29) Concurrent Mark
[9.650s][info][gc,marking  ] GC(29) Concurrent Mark From Roots
[9.650s][info][gc,task     ] GC(29) Using 3 workers of 3 for marking
[9.661s][info][gc,marking  ] GC(29) Concurrent Mark From Roots 10.878ms
[9.661s][info][gc,marking  ] GC(29) Concurrent Preclean
[9.661s][info][gc,marking  ] GC(29) Concurrent Preclean 0.018ms
[9.661s][info][gc,start    ] GC(29) Pause Remark
[9.664s][info][gc          ] GC(29) Pause Remark 2013M->2011M(3358M) 2.356ms
[9.664s][info][gc,cpu      ] GC(29) User=0.00s Sys=0.00s Real=0.00s
[9.664s][info][gc,marking  ] GC(29) Concurrent Mark 13.534ms
[9.664s][info][gc,marking  ] GC(29) Concurrent Rebuild Remembered Sets and Scrub Regions
[9.679s][info][gc,marking  ] GC(29) Concurrent Rebuild Remembered Sets and Scrub Regions 15.075ms
[9.679s][info][gc,start    ] GC(29) Pause Cleanup
[9.680s][info][gc          ] GC(29) Pause Cleanup 2025M->2025M(3358M) 0.316ms
[9.680s][info][gc,cpu      ] GC(29) User=0.00s Sys=0.00s Real=0.00s
[9.680s][info][gc,marking  ] GC(29) Concurrent Clear Claimed Marks
[9.680s][info][gc,marking  ] GC(29) Concurrent Clear Claimed Marks 0.033ms
[9.680s][info][gc,marking  ] GC(29) Concurrent Cleanup for Next Mark
[9.684s][info][gc,marking  ] GC(29) Concurrent Cleanup for Next Mark 4.534ms
[9.684s][info][gc          ] GC(29) Concurrent Mark Cycle 42.935ms
[9.779s][info][gc,start    ] GC(30) Pause Young (Prepare Mixed) (G1 Evacuation Pause)
[9.779s][info][gc,task     ] GC(30) Using 10 workers of 10 for evacuation
[9.794s][info][gc,phases   ] GC(30)   Pre Evacuate Collection Set: 0.3ms
[9.794s][info][gc,phases   ] GC(30)   Merge Heap Roots: 0.5ms
[9.794s][info][gc,phases   ] GC(30)   Evacuate Collection Set: 14.3ms
[9.794s][info][gc,phases   ] GC(30)   Post Evacuate Collection Set: 0.5ms
[9.794s][info][gc,phases   ] GC(30)   Other: 0.1ms
[9.794s][info][gc,heap     ] GC(30) Eden regions: 68->0(481)
[9.795s][info][gc,heap     ] GC(30) Survivor regions: 15->3(11)
[9.795s][info][gc,heap     ] GC(30) Old regions: 975->989
[9.795s][info][gc,heap     ] GC(30) Humongous regions: 5->5
[9.795s][info][gc,metaspace] GC(30) Metaspace: 1582K(1664K)->1582K(1664K) NonClass: 1445K(1472K)->1445K(1472K) Class: 136K(192K)->136K(192K)
[9.795s][info][gc          ] GC(30) Pause Young (Prepare Mixed) (G1 Evacuation Pause) 2124M->1992M(3358M) 15.997ms
[9.795s][info][gc,cpu      ] GC(30) User=0.02s Sys=0.02s Real=0.02s
[10.127s][info][gc,start    ] GC(31) Pause Young (Mixed) (G1 Evacuation Pause)
[10.128s][info][gc,task     ] GC(31) Using 10 workers of 10 for evacuation
[10.139s][info][gc,phases   ] GC(31)   Pre Evacuate Collection Set: 0.3ms
[10.139s][info][gc,phases   ] GC(31)   Merge Heap Roots: 0.3ms
[10.139s][info][gc,phases   ] GC(31)   Evacuate Collection Set: 10.2ms
[10.139s][info][gc,phases   ] GC(31)   Post Evacuate Collection Set: 0.8ms
[10.139s][info][gc,phases   ] GC(31)   Other: 0.1ms
[10.139s][info][gc,heap     ] GC(31) Eden regions: 171->0(492)
[10.139s][info][gc,heap     ] GC(31) Survivor regions: 3->8(22)
[10.139s][info][gc,heap     ] GC(31) Old regions: 989->989
[10.139s][info][gc,heap     ] GC(31) Humongous regions: 5->5
[10.139s][info][gc,metaspace] GC(31) Metaspace: 1582K(1664K)->1582K(1664K) NonClass: 1445K(1472K)->1445K(1472K) Class: 136K(192K)->136K(192K)
[10.139s][info][gc          ] GC(31) Pause Young (Mixed) (G1 Evacuation Pause) 2334M->2003M(3388M) 11.816ms
[10.139s][info][gc,cpu      ] GC(31) User=0.16s Sys=0.00s Real=0.01s
[10.283s][info][gc,start    ] GC(32) Pause Young (Mixed) (G1 Evacuation Pause)
[10.283s][info][gc,task     ] GC(32) Using 10 workers of 10 for evacuation
[10.295s][info][gc,phases   ] GC(32)   Pre Evacuate Collection Set: 0.3ms
[10.295s][info][gc,phases   ] GC(32)   Merge Heap Roots: 0.2ms
[10.295s][info][gc,phases   ] GC(32)   Evacuate Collection Set: 10.0ms
[10.295s][info][gc,phases   ] GC(32)   Post Evacuate Collection Set: 0.6ms
[10.295s][info][gc,phases   ] GC(32)   Other: 0.1ms
[10.295s][info][gc,heap     ] GC(32) Eden regions: 76->0(492)
[10.295s][info][gc,heap     ] GC(32) Survivor regions: 8->9(11)
[10.295s][info][gc,heap     ] GC(32) Old regions: 989->991
[10.295s][info][gc,heap     ] GC(32) Humongous regions: 5->5
[10.295s][info][gc,metaspace] GC(32) Metaspace: 1582K(1664K)->1582K(1664K) NonClass: 1445K(1472K)->1445K(1472K) Class: 136K(192K)->136K(192K)
[10.295s][info][gc          ] GC(32) Pause Young (Mixed) (G1 Evacuation Pause) 2155M->2008M(3388M) 11.499ms
[10.295s][info][gc,cpu      ] GC(32) User=0.00s Sys=0.00s Real=0.01s
[11.234s][info][gc,start    ] GC(33) Pause Young (Mixed) (G1 Evacuation Pause)
[11.234s][info][gc,task     ] GC(33) Using 10 workers of 10 for evacuation
[11.264s][info][gc,phases   ] GC(33)   Pre Evacuate Collection Set: 0.3ms
[11.264s][info][gc,phases   ] GC(33)   Merge Heap Roots: 0.4ms
[11.264s][info][gc,phases   ] GC(33)   Evacuate Collection Set: 28.0ms
[11.264s][info][gc,phases   ] GC(33)   Post Evacuate Collection Set: 0.8ms
[11.264s][info][gc,phases   ] GC(33)   Other: 0.1ms
[11.264s][info][gc,heap     ] GC(33) Eden regions: 492->0(323)
[11.264s][info][gc,heap     ] GC(33) Survivor regions: 9->25(63)
[11.264s][info][gc,heap     ] GC(33) Old regions: 991->991
[11.264s][info][gc,heap     ] GC(33) Humongous regions: 10->10
[11.264s][info][gc,metaspace] GC(33) Metaspace: 1601K(1728K)->1601K(1728K) NonClass: 1463K(1536K)->1463K(1536K) Class: 137K(192K)->137K(192K)
[11.264s][info][gc          ] GC(33) Pause Young (Mixed) (G1 Evacuation Pause) 3002M->2049M(3388M) 29.914ms
[11.264s][info][gc,cpu      ] GC(33) User=0.31s Sys=0.00s Real=0.03s
[11.377s][info][gc,start    ] GC(34) Pause Young (Normal) (G1 Evacuation Pause)
[11.377s][info][gc,task     ] GC(34) Using 10 workers of 10 for evacuation
[11.401s][info][gc,phases   ] GC(34)   Pre Evacuate Collection Set: 0.3ms
[11.401s][info][gc,phases   ] GC(34)   Merge Heap Roots: 0.3ms
[11.401s][info][gc,phases   ] GC(34)   Evacuate Collection Set: 23.5ms
[11.401s][info][gc,phases   ] GC(34)   Post Evacuate Collection Set: 0.6ms
[11.401s][info][gc,phases   ] GC(34)   Other: 0.1ms
[11.401s][info][gc,heap     ] GC(34) Eden regions: 59->0(80)
[11.401s][info][gc,heap     ] GC(34) Survivor regions: 25->4(11)
[11.401s][info][gc,heap     ] GC(34) Old regions: 991->1015
[11.401s][info][gc,heap     ] GC(34) Humongous regions: 10->10
[11.402s][info][gc,metaspace] GC(34) Metaspace: 1601K(1728K)->1601K(1728K) NonClass: 1463K(1536K)->1463K(1536K) Class: 137K(192K)->137K(192K)
[11.402s][info][gc          ] GC(34) Pause Young (Normal) (G1 Evacuation Pause) 2167M->2055M(3388M) 25.020ms
[11.402s][info][gc,cpu      ] GC(34) User=0.16s Sys=0.00s Real=0.02s
[11.834s][info][gc,start    ] GC(35) Pause Young (Normal) (G1 Evacuation Pause)
[11.835s][info][gc,task     ] GC(35) Using 10 workers of 10 for evacuation
[11.848s][info][gc,phases   ] GC(35)   Pre Evacuate Collection Set: 0.2ms
[11.848s][info][gc,phases   ] GC(35)   Merge Heap Roots: 0.3ms
[11.848s][info][gc,phases   ] GC(35)   Evacuate Collection Set: 12.4ms
[11.848s][info][gc,phases   ] GC(35)   Post Evacuate Collection Set: 0.6ms
[11.848s][info][gc,phases   ] GC(35)   Other: 0.1ms
[11.848s][info][gc,heap     ] GC(35) Eden regions: 230->0(370)
[11.848s][info][gc,heap     ] GC(35) Survivor regions: 4->9(30)
[11.848s][info][gc,heap     ] GC(35) Old regions: 1015->1015
[11.848s][info][gc,heap     ] GC(35) Humongous regions: 10->10
[11.848s][info][gc,metaspace] GC(35) Metaspace: 1601K(1728K)->1601K(1728K) NonClass: 1463K(1536K)->1463K(1536K) Class: 137K(192K)->137K(192K)
[11.848s][info][gc          ] GC(35) Pause Young (Normal) (G1 Evacuation Pause) 2515M->2065M(3388M) 13.960ms
[11.848s][info][gc,cpu      ] GC(35) User=0.16s Sys=0.00s Real=0.01s
[12.073s][info][gc,start    ] GC(36) Pause Young (Normal) (G1 Evacuation Pause)
[12.073s][info][gc,task     ] GC(36) Using 10 workers of 10 for evacuation
[12.087s][info][gc,phases   ] GC(36)   Pre Evacuate Collection Set: 0.3ms
[12.087s][info][gc,phases   ] GC(36)   Merge Heap Roots: 0.3ms
[12.087s][info][gc,phases   ] GC(36)   Evacuate Collection Set: 13.2ms
[12.087s][info][gc,phases   ] GC(36)   Post Evacuate Collection Set: 0.6ms
[12.087s][info][gc,phases   ] GC(36)   Other: 0.1ms
[12.087s][info][gc,heap     ] GC(36) Eden regions: 117->0(559)
[12.087s][info][gc,heap     ] GC(36) Survivor regions: 9->12(16)
[12.087s][info][gc,heap     ] GC(36) Old regions: 1015->1015
[12.087s][info][gc,heap     ] GC(36) Humongous regions: 10->10
[12.087s][info][gc,metaspace] GC(36) Metaspace: 1601K(1728K)->1601K(1728K) NonClass: 1463K(1536K)->1463K(1536K) Class: 137K(192K)->137K(192K)
[12.087s][info][gc          ] GC(36) Pause Young (Normal) (G1 Evacuation Pause) 2299M->2072M(3388M) 14.666ms
[12.087s][info][gc,cpu      ] GC(36) User=0.16s Sys=0.00s Real=0.01s
[12.409s][info][gc,start    ] GC(37) Pause Young (Normal) (G1 Evacuation Pause)
[12.409s][info][gc,task     ] GC(37) Using 10 workers of 10 for evacuation
[12.427s][info][gc,phases   ] GC(37)   Pre Evacuate Collection Set: 0.3ms
[12.427s][info][gc,phases   ] GC(37)   Merge Heap Roots: 0.3ms
[12.428s][info][gc,phases   ] GC(37)   Evacuate Collection Set: 17.2ms
[12.428s][info][gc,phases   ] GC(37)   Post Evacuate Collection Set: 0.7ms
[12.428s][info][gc,phases   ] GC(37)   Other: 0.1ms
[12.428s][info][gc,heap     ] GC(37) Eden regions: 168->0(549)
[12.428s][info][gc,heap     ] GC(37) Survivor regions: 12->17(23)
[12.428s][info][gc,heap     ] GC(37) Old regions: 1015->1015
[12.428s][info][gc,heap     ] GC(37) Humongous regions: 10->10
[12.428s][info][gc,metaspace] GC(37) Metaspace: 1601K(1728K)->1601K(1728K) NonClass: 1463K(1536K)->1463K(1536K) Class: 137K(192K)->137K(192K)
[12.428s][info][gc          ] GC(37) Pause Young (Normal) (G1 Evacuation Pause) 2408M->2082M(3388M) 18.862ms
[12.428s][info][gc,cpu      ] GC(37) User=0.14s Sys=0.00s Real=0.02s
[12.935s][info][gc,start    ] GC(38) Pause Young (Concurrent Start) (G1 Evacuation Pause)
[12.935s][info][gc,task     ] GC(38) Using 10 workers of 10 for evacuation
[12.960s][info][gc,phases   ] GC(38)   Pre Evacuate Collection Set: 0.3ms
[12.960s][info][gc,phases   ] GC(38)   Merge Heap Roots: 0.4ms
[12.960s][info][gc,phases   ] GC(38)   Evacuate Collection Set: 22.7ms
[12.960s][info][gc,phases   ] GC(38)   Post Evacuate Collection Set: 0.7ms
[12.960s][info][gc,phases   ] GC(38)   Other: 0.2ms
[12.960s][info][gc,heap     ] GC(38) Eden regions: 266->0(535)
[12.960s][info][gc,heap     ] GC(38) Survivor regions: 17->24(36)
[12.960s][info][gc,heap     ] GC(38) Old regions: 1015->1015
[12.960s][info][gc,heap     ] GC(38) Humongous regions: 10->10
[12.960s][info][gc,metaspace] GC(38) Metaspace: 1601K(1728K)->1601K(1728K) NonClass: 1463K(1536K)->1463K(1536K) Class: 137K(192K)->137K(192K)
[12.960s][info][gc          ] GC(38) Pause Young (Concurrent Start) (G1 Evacuation Pause) 2614M->2096M(3388M) 24.620ms
[12.960s][info][gc,cpu      ] GC(38) User=0.16s Sys=0.00s Real=0.03s
[12.960s][info][gc          ] GC(39) Concurrent Mark Cycle
[12.960s][info][gc,marking  ] GC(39) Concurrent Scan Root Regions
[12.967s][info][gc,marking  ] GC(39) Concurrent Scan Root Regions 6.770ms
[12.967s][info][gc,marking  ] GC(39) Concurrent Mark
[12.967s][info][gc,marking  ] GC(39) Concurrent Mark From Roots
[12.967s][info][gc,task     ] GC(39) Using 3 workers of 3 for marking
[13.035s][info][gc,marking  ] GC(39) Concurrent Mark From Roots 68.486ms
[13.036s][info][gc,marking  ] GC(39) Concurrent Preclean
[13.036s][info][gc,marking  ] GC(39) Concurrent Preclean 0.023ms
[13.036s][info][gc,start    ] GC(39) Pause Remark
[13.038s][info][gc          ] GC(39) Pause Remark 2154M->2144M(3578M) 2.122ms
[13.038s][info][gc,cpu      ] GC(39) User=0.00s Sys=0.00s Real=0.00s
[13.038s][info][gc,marking  ] GC(39) Concurrent Mark 71.001ms
[13.038s][info][gc,marking  ] GC(39) Concurrent Rebuild Remembered Sets and Scrub Regions
[13.082s][info][gc,marking  ] GC(39) Concurrent Rebuild Remembered Sets and Scrub Regions 43.907ms
[13.082s][info][gc,start    ] GC(39) Pause Cleanup
[13.082s][info][gc          ] GC(39) Pause Cleanup 2181M->2181M(3578M) 0.383ms
[13.082s][info][gc,cpu      ] GC(39) User=0.00s Sys=0.00s Real=0.00s
[13.083s][info][gc,marking  ] GC(39) Concurrent Clear Claimed Marks
[13.083s][info][gc,marking  ] GC(39) Concurrent Clear Claimed Marks 0.032ms
[13.083s][info][gc,marking  ] GC(39) Concurrent Cleanup for Next Mark
[13.087s][info][gc,marking  ] GC(39) Concurrent Cleanup for Next Mark 4.582ms
[13.087s][info][gc          ] GC(39) Concurrent Mark Cycle 127.120ms
[13.683s][info][gc,start    ] GC(40) Pause Young (Prepare Mixed) (G1 Evacuation Pause)
[13.684s][info][gc,task     ] GC(40) Using 10 workers of 10 for evacuation
[13.726s][info][gc,phases   ] GC(40)   Pre Evacuate Collection Set: 0.3ms
[13.726s][info][gc,phases   ] GC(40)   Merge Heap Roots: 0.7ms
[13.726s][info][gc,phases   ] GC(40)   Evacuate Collection Set: 40.4ms
[13.726s][info][gc,phases   ] GC(40)   Post Evacuate Collection Set: 0.7ms
[13.726s][info][gc,phases   ] GC(40)   Other: 0.1ms
[13.726s][info][gc,heap     ] GC(40) Eden regions: 338->0(598)
[13.726s][info][gc,heap     ] GC(40) Survivor regions: 24->36(46)
[13.726s][info][gc,heap     ] GC(40) Old regions: 1015->1015
[13.726s][info][gc,heap     ] GC(40) Humongous regions: 14->14
[13.726s][info][gc,metaspace] GC(40) Metaspace: 1604K(1728K)->1604K(1728K) NonClass: 1466K(1536K)->1466K(1536K) Class: 137K(192K)->137K(192K)
[13.726s][info][gc          ] GC(40) Pause Young (Prepare Mixed) (G1 Evacuation Pause) 2780M->2128M(3578M) 42.506ms
[13.726s][info][gc,cpu      ] GC(40) User=0.47s Sys=0.00s Real=0.04s
[14.905s][info][gc,start    ] GC(41) Pause Young (Mixed) (G1 Evacuation Pause)
[14.905s][info][gc,task     ] GC(41) Using 10 workers of 10 for evacuation
[14.959s][info][gc,phases   ] GC(41)   Pre Evacuate Collection Set: 0.3ms
[14.959s][info][gc,phases   ] GC(41)   Merge Heap Roots: 0.7ms
[14.959s][info][gc,phases   ] GC(41)   Evacuate Collection Set: 52.2ms
[14.959s][info][gc,phases   ] GC(41)   Post Evacuate Collection Set: 0.7ms
[14.959s][info][gc,phases   ] GC(41)   Other: 0.2ms
[14.959s][info][gc,heap     ] GC(41) Eden regions: 598->0(571)
[14.959s][info][gc,heap     ] GC(41) Survivor regions: 36->51(80)
[14.959s][info][gc,heap     ] GC(41) Old regions: 1015->1012
[14.959s][info][gc,heap     ] GC(41) Humongous regions: 14->14
[14.959s][info][gc,metaspace] GC(41) Metaspace: 1604K(1728K)->1604K(1728K) NonClass: 1466K(1536K)->1466K(1536K) Class: 137K(192K)->137K(192K)
[14.959s][info][gc          ] GC(41) Pause Young (Mixed) (G1 Evacuation Pause) 3324M->2152M(3578M) 54.337ms
[14.959s][info][gc,cpu      ] GC(41) User=0.47s Sys=0.00s Real=0.05s
[15.036s][info][gc,start    ] GC(42) Pause Young (Concurrent Start) (G1 Evacuation Pause)
[15.036s][info][gc,task     ] GC(42) Using 10 workers of 10 for evacuation
[15.084s][info][gc,phases   ] GC(42)   Pre Evacuate Collection Set: 0.3ms
[15.084s][info][gc,phases   ] GC(42)   Merge Heap Roots: 0.5ms
[15.084s][info][gc,phases   ] GC(42)   Evacuate Collection Set: 46.6ms
[15.084s][info][gc,phases   ] GC(42)   Post Evacuate Collection Set: 0.4ms
[15.084s][info][gc,phases   ] GC(42)   Other: 0.1ms
[15.084s][info][gc,heap     ] GC(42) Eden regions: 38->0(613)
[15.084s][info][gc,heap     ] GC(42) Survivor regions: 51->5(12)
[15.084s][info][gc,heap     ] GC(42) Old regions: 1012->1062
[15.084s][info][gc,heap     ] GC(42) Humongous regions: 14->14
[15.084s][info][gc,metaspace] GC(42) Metaspace: 1604K(1728K)->1604K(1728K) NonClass: 1466K(1536K)->1466K(1536K) Class: 137K(192K)->137K(192K)
[15.084s][info][gc          ] GC(42) Pause Young (Concurrent Start) (G1 Evacuation Pause) 2228M->2160M(3578M) 48.260ms
[15.084s][info][gc,cpu      ] GC(42) User=0.47s Sys=0.00s Real=0.05s
[15.084s][info][gc          ] GC(43) Concurrent Mark Cycle
[15.084s][info][gc,marking  ] GC(43) Concurrent Scan Root Regions
[15.111s][info][gc,marking  ] GC(43) Concurrent Scan Root Regions 26.689ms
[15.111s][info][gc,marking  ] GC(43) Concurrent Mark
[15.111s][info][gc,marking  ] GC(43) Concurrent Mark From Roots
[15.111s][info][gc,task     ] GC(43) Using 3 workers of 3 for marking
[15.189s][info][gc,marking  ] GC(43) Concurrent Mark From Roots 78.168ms
[15.189s][info][gc,marking  ] GC(43) Concurrent Preclean
[15.189s][info][gc,marking  ] GC(43) Concurrent Preclean 0.020ms
[15.189s][info][gc,start    ] GC(43) Pause Remark
[15.191s][info][gc          ] GC(43) Pause Remark 2245M->2235M(3730M) 1.402ms
[15.191s][info][gc,cpu      ] GC(43) User=0.00s Sys=0.00s Real=0.00s
[15.191s][info][gc,marking  ] GC(43) Concurrent Mark 79.837ms
[15.191s][info][gc,marking  ] GC(43) Concurrent Rebuild Remembered Sets and Scrub Regions
[15.245s][info][gc,marking  ] GC(43) Concurrent Rebuild Remembered Sets and Scrub Regions 53.588ms
[15.245s][info][gc,start    ] GC(43) Pause Cleanup
[15.245s][info][gc          ] GC(43) Pause Cleanup 2276M->2276M(3730M) 0.372ms
[15.245s][info][gc,cpu      ] GC(43) User=0.00s Sys=0.00s Real=0.00s
[15.245s][info][gc,marking  ] GC(43) Concurrent Clear Claimed Marks
[15.245s][info][gc,marking  ] GC(43) Concurrent Clear Claimed Marks 0.082ms
[15.245s][info][gc,marking  ] GC(43) Concurrent Cleanup for Next Mark
[15.250s][info][gc,marking  ] GC(43) Concurrent Cleanup for Next Mark 5.138ms
[15.250s][info][gc          ] GC(43) Concurrent Mark Cycle 166.119ms
[16.315s][info][gc,start    ] GC(44) Pause Young (Prepare Mixed) (G1 Evacuation Pause)
[16.315s][info][gc,task     ] GC(44) Using 10 workers of 10 for evacuation
[16.338s][info][gc,phases   ] GC(44)   Pre Evacuate Collection Set: 0.3ms
[16.338s][info][gc,phases   ] GC(44)   Merge Heap Roots: 0.5ms
[16.338s][info][gc,phases   ] GC(44)   Evacuate Collection Set: 21.8ms
[16.338s][info][gc,phases   ] GC(44)   Post Evacuate Collection Set: 0.8ms
[16.338s][info][gc,phases   ] GC(44)   Other: 0.1ms
[16.338s][info][gc,heap     ] GC(44) Eden regions: 609->0(668)
[16.338s][info][gc,heap     ] GC(44) Survivor regions: 5->16(77)
[16.338s][info][gc,heap     ] GC(44) Old regions: 1062->1062
[16.338s][info][gc,heap     ] GC(44) Humongous regions: 9->9
[16.338s][info][gc,metaspace] GC(44) Metaspace: 1604K(1728K)->1604K(1728K) NonClass: 1466K(1536K)->1466K(1536K) Class: 137K(192K)->137K(192K)
[16.338s][info][gc          ] GC(44) Pause Young (Prepare Mixed) (G1 Evacuation Pause) 3368M->2171M(3730M) 23.845ms
[16.338s][info][gc,cpu      ] GC(44) User=0.16s Sys=0.00s Real=0.02s
[17.634s][info][gc,start    ] GC(45) Pause Young (Mixed) (G1 Evacuation Pause)
[17.634s][info][gc,task     ] GC(45) Using 10 workers of 10 for evacuation
[17.672s][info][gc,phases   ] GC(45)   Pre Evacuate Collection Set: 0.3ms
[17.672s][info][gc,phases   ] GC(45)   Merge Heap Roots: 0.6ms
[17.672s][info][gc,phases   ] GC(45)   Evacuate Collection Set: 35.9ms
[17.672s][info][gc,phases   ] GC(45)   Post Evacuate Collection Set: 0.9ms
[17.672s][info][gc,phases   ] GC(45)   Other: 0.1ms
[17.672s][info][gc,heap     ] GC(45) Eden regions: 668->0(640)
[17.672s][info][gc,heap     ] GC(45) Survivor regions: 16->30(86)
[17.672s][info][gc,heap     ] GC(45) Old regions: 1062->1062
[17.672s][info][gc,heap     ] GC(45) Humongous regions: 9->9
[17.672s][info][gc,metaspace] GC(45) Metaspace: 1604K(1728K)->1604K(1728K) NonClass: 1466K(1536K)->1466K(1536K) Class: 137K(192K)->137K(192K)
[17.672s][info][gc          ] GC(45) Pause Young (Mixed) (G1 Evacuation Pause) 3507M->2200M(3730M) 38.000ms
[17.672s][info][gc,cpu      ] GC(45) User=0.47s Sys=0.00s Real=0.04s
[18.924s][info][gc,start    ] GC(46) Pause Young (Concurrent Start) (G1 Evacuation Pause)
[18.924s][info][gc,task     ] GC(46) Using 10 workers of 10 for evacuation
[18.973s][info][gc,phases   ] GC(46)   Pre Evacuate Collection Set: 0.4ms
[18.973s][info][gc,phases   ] GC(46)   Merge Heap Roots: 0.7ms
[18.973s][info][gc,phases   ] GC(46)   Evacuate Collection Set: 45.9ms
[18.973s][info][gc,phases   ] GC(46)   Post Evacuate Collection Set: 1.0ms
[18.973s][info][gc,phases   ] GC(46)   Other: 0.2ms
[18.973s][info][gc,heap     ] GC(46) Eden regions: 640->0(614)
[18.973s][info][gc,heap     ] GC(46) Survivor regions: 30->43(84)
[18.973s][info][gc,heap     ] GC(46) Old regions: 1062->1062
[18.973s][info][gc,heap     ] GC(46) Humongous regions: 9->9
[18.973s][info][gc,metaspace] GC(46) Metaspace: 1604K(1728K)->1604K(1728K) NonClass: 1466K(1536K)->1466K(1536K) Class: 137K(192K)->137K(192K)
[18.973s][info][gc          ] GC(46) Pause Young (Concurrent Start) (G1 Evacuation Pause) 3480M->2225M(3730M) 48.400ms
[18.973s][info][gc,cpu      ] GC(46) User=0.47s Sys=0.00s Real=0.05s
[18.973s][info][gc          ] GC(47) Concurrent Mark Cycle
[18.973s][info][gc,marking  ] GC(47) Concurrent Scan Root Regions
[18.990s][info][gc,marking  ] GC(47) Concurrent Scan Root Regions 16.971ms
[18.990s][info][gc,marking  ] GC(47) Concurrent Mark
[18.990s][info][gc,marking  ] GC(47) Concurrent Mark From Roots
[18.990s][info][gc,task     ] GC(47) Using 3 workers of 3 for marking
[19.129s][info][gc,marking  ] GC(47) Concurrent Mark From Roots 139.282ms
[19.129s][info][gc,marking  ] GC(47) Concurrent Preclean
[19.129s][info][gc,marking  ] GC(47) Concurrent Preclean 0.031ms
[19.129s][info][gc,start    ] GC(47) Pause Remark
[19.131s][info][gc          ] GC(47) Pause Remark 2351M->2351M(3924M) 1.909ms
[19.131s][info][gc,cpu      ] GC(47) User=0.00s Sys=0.00s Real=0.00s
[19.132s][info][gc,marking  ] GC(47) Concurrent Mark 141.664ms
[19.132s][info][gc,marking  ] GC(47) Concurrent Rebuild Remembered Sets and Scrub Regions
[19.227s][info][gc,marking  ] GC(47) Concurrent Rebuild Remembered Sets and Scrub Regions 95.141ms
[19.227s][info][gc,start    ] GC(47) Pause Cleanup
[19.227s][info][gc          ] GC(47) Pause Cleanup 2436M->2436M(3924M) 0.423ms
[19.227s][info][gc,cpu      ] GC(47) User=0.00s Sys=0.00s Real=0.00s
[19.227s][info][gc,marking  ] GC(47) Concurrent Clear Claimed Marks
[19.227s][info][gc,marking  ] GC(47) Concurrent Clear Claimed Marks 0.030ms
[19.227s][info][gc,marking  ] GC(47) Concurrent Cleanup for Next Mark
[19.233s][info][gc,marking  ] GC(47) Concurrent Cleanup for Next Mark 5.100ms
[19.233s][info][gc          ] GC(47) Concurrent Mark Cycle 259.776ms
[20.228s][info][gc,start    ] GC(48) Pause Young (Prepare Mixed) (G1 Evacuation Pause)
[20.228s][info][gc,task     ] GC(48) Using 10 workers of 10 for evacuation
[20.281s][info][gc,phases   ] GC(48)   Pre Evacuate Collection Set: 0.3ms
[20.281s][info][gc,phases   ] GC(48)   Merge Heap Roots: 1.0ms
[20.281s][info][gc,phases   ] GC(48)   Evacuate Collection Set: 50.6ms
[20.281s][info][gc,phases   ] GC(48)   Post Evacuate Collection Set: 0.9ms
[20.281s][info][gc,phases   ] GC(48)   Other: 0.1ms
[20.281s][info][gc,heap     ] GC(48) Eden regions: 609->0(679)
[20.281s][info][gc,heap     ] GC(48) Survivor regions: 43->56(82)
[20.281s][info][gc,heap     ] GC(48) Old regions: 1062->1063
[20.281s][info][gc,heap     ] GC(48) Humongous regions: 9->9
[20.281s][info][gc,metaspace] GC(48) Metaspace: 1604K(1728K)->1604K(1728K) NonClass: 1466K(1536K)->1466K(1536K) Class: 137K(192K)->137K(192K)
[20.282s][info][gc          ] GC(48) Pause Young (Prepare Mixed) (G1 Evacuation Pause) 3443M->2253M(3924M) 53.152ms
[20.282s][info][gc,cpu      ] GC(48) User=0.62s Sys=0.00s Real=0.05s
[21.650s][info][gc,start    ] GC(49) Pause Young (Mixed) (G1 Evacuation Pause)
[21.650s][info][gc,task     ] GC(49) Using 10 workers of 10 for evacuation
[21.739s][info][gc,phases   ] GC(49)   Pre Evacuate Collection Set: 0.4ms
[21.739s][info][gc,phases   ] GC(49)   Merge Heap Roots: 1.3ms
[21.740s][info][gc,phases   ] GC(49)   Evacuate Collection Set: 86.7ms
[21.740s][info][gc,phases   ] GC(49)   Post Evacuate Collection Set: 1.1ms
[21.740s][info][gc,phases   ] GC(49)   Other: 0.1ms
[21.740s][info][gc,heap     ] GC(49) Eden regions: 679->0(637)
[21.740s][info][gc,heap     ] GC(49) Survivor regions: 56->63(92)
[21.740s][info][gc,heap     ] GC(49) Old regions: 1063->1074
[21.740s][info][gc,heap     ] GC(49) Humongous regions: 26->26
[21.740s][info][gc,metaspace] GC(49) Metaspace: 1604K(1728K)->1604K(1728K) NonClass: 1466K(1536K)->1466K(1536K) Class: 137K(192K)->137K(192K)
[21.740s][info][gc          ] GC(49) Pause Young (Mixed) (G1 Evacuation Pause) 3645M->2324M(3924M) 89.900ms
[21.740s][info][gc,cpu      ] GC(49) User=0.94s Sys=0.00s Real=0.09s
[21.810s][info][gc,start    ] GC(50) Pause Young (Concurrent Start) (G1 Evacuation Pause)
[21.810s][info][gc,task     ] GC(50) Using 10 workers of 10 for evacuation
[21.881s][info][gc,phases   ] GC(50)   Pre Evacuate Collection Set: 0.3ms
[21.881s][info][gc,phases   ] GC(50)   Merge Heap Roots: 1.1ms
[21.881s][info][gc,phases   ] GC(50)   Evacuate Collection Set: 69.2ms
[21.881s][info][gc,phases   ] GC(50)   Post Evacuate Collection Set: 0.4ms
[21.881s][info][gc,phases   ] GC(50)   Other: 0.1ms
[21.881s][info][gc,heap     ] GC(50) Eden regions: 35->0(691)
[21.881s][info][gc,heap     ] GC(50) Survivor regions: 63->5(13)
[21.881s][info][gc,heap     ] GC(50) Old regions: 1074->1136
[21.881s][info][gc,heap     ] GC(50) Humongous regions: 26->26
[21.881s][info][gc,metaspace] GC(50) Metaspace: 1604K(1728K)->1604K(1728K) NonClass: 1466K(1536K)->1466K(1536K) Class: 137K(192K)->137K(192K)
[21.881s][info][gc          ] GC(50) Pause Young (Concurrent Start) (G1 Evacuation Pause) 2394M->2334M(3924M) 71.348ms
[21.881s][info][gc,cpu      ] GC(50) User=0.62s Sys=0.00s Real=0.07s
[21.881s][info][gc          ] GC(51) Concurrent Mark Cycle
[21.882s][info][gc,marking  ] GC(51) Concurrent Scan Root Regions
[21.924s][info][gc,marking  ] GC(51) Concurrent Scan Root Regions 42.816ms
[21.924s][info][gc,marking  ] GC(51) Concurrent Mark
[21.924s][info][gc,marking  ] GC(51) Concurrent Mark From Roots
[21.924s][info][gc,task     ] GC(51) Using 3 workers of 3 for marking
[22.110s][info][gc,marking  ] GC(51) Concurrent Mark From Roots 185.967ms
[22.110s][info][gc,marking  ] GC(51) Concurrent Preclean
[22.110s][info][gc,marking  ] GC(51) Concurrent Preclean 0.024ms
[22.111s][info][gc,start    ] GC(51) Pause Remark
[22.112s][info][gc          ] GC(51) Pause Remark 2521M->2503M(4096M) 1.519ms
[22.112s][info][gc,cpu      ] GC(51) User=0.00s Sys=0.00s Real=0.00s
[22.112s][info][gc,marking  ] GC(51) Concurrent Mark 187.770ms
[22.112s][info][gc,marking  ] GC(51) Concurrent Rebuild Remembered Sets and Scrub Regions
[22.251s][info][gc,marking  ] GC(51) Concurrent Rebuild Remembered Sets and Scrub Regions 138.667ms
[22.251s][info][gc,start    ] GC(51) Pause Cleanup
[22.251s][info][gc          ] GC(51) Pause Cleanup 2606M->2606M(4096M) 0.409ms
[22.251s][info][gc,cpu      ] GC(51) User=0.00s Sys=0.00s Real=0.00s
[22.252s][info][gc,marking  ] GC(51) Concurrent Clear Claimed Marks
[22.252s][info][gc,marking  ] GC(51) Concurrent Clear Claimed Marks 0.034ms
[22.252s][info][gc,marking  ] GC(51) Concurrent Cleanup for Next Mark
[22.257s][info][gc,marking  ] GC(51) Concurrent Cleanup for Next Mark 5.295ms
[22.257s][info][gc          ] GC(51) Concurrent Mark Cycle 375.459ms
[23.460s][info][gc,start    ] GC(52) Pause Young (Prepare Mixed) (G1 Evacuation Pause)
[23.460s][info][gc,task     ] GC(52) Using 10 workers of 10 for evacuation
[23.485s][info][gc,phases   ] GC(52)   Pre Evacuate Collection Set: 0.3ms
[23.485s][info][gc,phases   ] GC(52)   Merge Heap Roots: 0.6ms
[23.485s][info][gc,phases   ] GC(52)   Evacuate Collection Set: 23.5ms
[23.485s][info][gc,phases   ] GC(52)   Post Evacuate Collection Set: 0.8ms
[23.486s][info][gc,phases   ] GC(52)   Other: 0.1ms
[23.486s][info][gc,heap     ] GC(52) Eden regions: 687->0(762)
[23.486s][info][gc,heap     ] GC(52) Survivor regions: 5->15(87)
[23.486s][info][gc,heap     ] GC(52) Old regions: 1136->1136
[23.486s][info][gc,heap     ] GC(52) Humongous regions: 17->17
[23.486s][info][gc,metaspace] GC(52) Metaspace: 1604K(1728K)->1604K(1728K) NonClass: 1466K(1536K)->1466K(1536K) Class: 137K(192K)->137K(192K)
[23.486s][info][gc          ] GC(52) Pause Young (Prepare Mixed) (G1 Evacuation Pause) 3690M->2335M(4096M) 25.632ms
[23.486s][info][gc,cpu      ] GC(52) User=0.31s Sys=0.00s Real=0.02s
[24.992s][info][gc,start    ] GC(53) Pause Young (Mixed) (G1 Evacuation Pause)
[24.992s][info][gc,task     ] GC(53) Using 10 workers of 10 for evacuation
[25.035s][info][gc,phases   ] GC(53)   Pre Evacuate Collection Set: 0.3ms
[25.035s][info][gc,phases   ] GC(53)   Merge Heap Roots: 0.6ms
[25.035s][info][gc,phases   ] GC(53)   Evacuate Collection Set: 41.1ms
[25.035s][info][gc,phases   ] GC(53)   Post Evacuate Collection Set: 0.9ms
[25.035s][info][gc,phases   ] GC(53)   Other: 0.1ms
[25.035s][info][gc,heap     ] GC(53) Eden regions: 762->0(735)
[25.035s][info][gc,heap     ] GC(53) Survivor regions: 15->29(98)
[25.035s][info][gc,heap     ] GC(53) Old regions: 1136->1135
[25.035s][info][gc,heap     ] GC(53) Humongous regions: 17->17
[25.035s][info][gc,metaspace] GC(53) Metaspace: 1604K(1728K)->1604K(1728K) NonClass: 1466K(1536K)->1466K(1536K) Class: 137K(192K)->137K(192K)
[25.035s][info][gc          ] GC(53) Pause Young (Mixed) (G1 Evacuation Pause) 3859M->2361M(4096M) 43.352ms
[25.035s][info][gc,cpu      ] GC(53) User=0.47s Sys=0.00s Real=0.04s
[26.319s][info][gc,start    ] GC(54) Pause Young (Concurrent Start) (G1 Humongous Allocation)
[26.319s][info][gc,task     ] GC(54) Using 10 workers of 10 for evacuation
[26.365s][info][gc,phases   ] GC(54)   Pre Evacuate Collection Set: 0.3ms
[26.365s][info][gc,phases   ] GC(54)   Merge Heap Roots: 0.6ms
[26.365s][info][gc,phases   ] GC(54)   Evacuate Collection Set: 43.3ms
[26.365s][info][gc,phases   ] GC(54)   Post Evacuate Collection Set: 1.0ms
[26.365s][info][gc,phases   ] GC(54)   Other: 0.2ms
[26.365s][info][gc,heap     ] GC(54) Eden regions: 443->0(709)
[26.365s][info][gc,heap     ] GC(54) Survivor regions: 29->42(96)
[26.365s][info][gc,heap     ] GC(54) Old regions: 1135->1135
[26.365s][info][gc,heap     ] GC(54) Humongous regions: 17->17
[26.365s][info][gc,metaspace] GC(54) Metaspace: 1702K(1920K)->1702K(1920K) NonClass: 1552K(1664K)->1552K(1664K) Class: 149K(256K)->149K(256K)
[26.365s][info][gc          ] GC(54) Pause Young (Concurrent Start) (G1 Humongous Allocation) 3247M->2387M(4096M) 45.788ms
[26.365s][info][gc,cpu      ] GC(54) User=0.47s Sys=0.00s Real=0.05s
[26.365s][info][gc          ] GC(55) Concurrent Mark Cycle
[26.365s][info][gc,marking  ] GC(55) Concurrent Scan Root Regions
[26.382s][info][gc,marking  ] GC(55) Concurrent Scan Root Regions 16.687ms
[26.382s][info][gc,marking  ] GC(55) Concurrent Mark
[26.382s][info][gc,marking  ] GC(55) Concurrent Mark From Roots
[26.382s][info][gc,task     ] GC(55) Using 3 workers of 3 for marking
[26.625s][info][gc,marking  ] GC(55) Concurrent Mark From Roots 242.927ms
[26.625s][info][gc,marking  ] GC(55) Concurrent Preclean
[26.625s][info][gc,marking  ] GC(55) Concurrent Preclean 0.023ms
[26.625s][info][gc,start    ] GC(55) Pause Remark
[26.626s][info][gc          ] GC(55) Pause Remark 2525M->2525M(4096M) 0.964ms
[26.626s][info][gc,cpu      ] GC(55) User=0.00s Sys=0.00s Real=0.00s
[26.626s][info][gc,marking  ] GC(55) Concurrent Mark 244.232ms
[26.626s][info][gc,marking  ] GC(55) Concurrent Rebuild Remembered Sets and Scrub Regions
[26.779s][info][gc,marking  ] GC(55) Concurrent Rebuild Remembered Sets and Scrub Regions 152.961ms
[26.779s][info][gc,start    ] GC(55) Pause Cleanup
[26.779s][info][gc          ] GC(55) Pause Cleanup 2527M->2527M(4096M) 0.424ms
[26.779s][info][gc,cpu      ] GC(55) User=0.00s Sys=0.00s Real=0.00s
[26.780s][info][gc,marking  ] GC(55) Concurrent Clear Claimed Marks
[26.780s][info][gc,marking  ] GC(55) Concurrent Clear Claimed Marks 0.032ms
[26.780s][info][gc,marking  ] GC(55) Concurrent Cleanup for Next Mark
[26.784s][info][gc,marking  ] GC(55) Concurrent Cleanup for Next Mark 4.832ms
[26.785s][info][gc          ] GC(55) Concurrent Mark Cycle 419.656ms
[27.119s][info][gc,heap,exit] Heap
[27.119s][info][gc,heap,exit]  garbage-first heap   total 4194304K, used 2599532K [0x0000000700000000, 0x0000000800000000)
[27.119s][info][gc,heap,exit]   region size 2048K, 86 young (176128K), 42 survivors (86016K)
[27.119s][info][gc,heap,exit]  Metaspace       used 1770K, committed 1920K, reserved 1114112K
[27.119s][info][gc,heap,exit]   class space    used 156K, committed 256K, reserved 1048576K
