[0.011s][info][gc,init] CardTable entry size: 512
[0.012s][info][gc     ] Using G1
[0.022s][info][gc,init] Version: 21.0.5+9-LTS-239 (release)
[0.022s][info][gc,init] CPUs: 12 total, 12 available
[0.022s][info][gc,init] Memory: 16190M
[0.022s][info][gc,init] Large Page Support: Disabled
[0.022s][info][gc,init] NUMA Support: Disabled
[0.022s][info][gc,init] Compressed Oops: Enabled (Zero based)
[0.022s][info][gc,init] Heap Region Size: 2M
[0.022s][info][gc,init] Heap Min Capacity: 2G
[0.022s][info][gc,init] Heap Initial Capacity: 2G
[0.022s][info][gc,init] Heap Max Capacity: 4G
[0.022s][info][gc,init] Pre-touch: Disabled
[0.022s][info][gc,init] Parallel Workers: 10
[0.022s][info][gc,init] Concurrent Workers: 3
[0.022s][info][gc,init] Concurrent Refinement Workers: 10
[0.022s][info][gc,init] Periodic GC: Disabled
[0.031s][info][gc,metaspace] CDS archive(s) mapped at: [0x000001c700000000-0x000001c700c90000-0x000001c700c90000), size 13172736, SharedBaseAddress: 0x000001c700000000, ArchiveRelocationMode: 1.
[0.031s][info][gc,metaspace] Compressed class space mapped at: 0x000001c701000000-0x000001c741000000, reserved size: 1073741824
[0.031s][info][gc,metaspace] Narrow klass base: 0x000001c700000000, Narrow klass shift: 0, Narrow klass range: 0x100000000
[0.480s][info][gc,start    ] GC(0) Pause Young (Normal) (G1 Evacuation Pause)
[0.481s][info][gc,task     ] GC(0) Using 10 workers of 10 for evacuation
[0.485s][info][gc,phases   ] GC(0)   Pre Evacuate Collection Set: 0.2ms
[0.485s][info][gc,phases   ] GC(0)   Merge Heap Roots: 0.2ms
[0.485s][info][gc,phases   ] GC(0)   Evacuate Collection Set: 3.3ms
[0.485s][info][gc,phases   ] GC(0)   Post Evacuate Collection Set: 0.4ms
[0.485s][info][gc,phases   ] GC(0)   Other: 0.9ms
[0.485s][info][gc,heap     ] GC(0) Eden regions: 51->0(44)
[0.485s][info][gc,heap     ] GC(0) Survivor regions: 0->7(7)
[0.485s][info][gc,heap     ] GC(0) Old regions: 0->5
[0.485s][info][gc,heap     ] GC(0) Humongous regions: 1->0
[0.485s][info][gc,metaspace] GC(0) Metaspace: 1316K(1472K)->1316K(1472K) NonClass: 1219K(1280K)->1219K(1280K) Class: 97K(192K)->97K(192K)
[0.485s][info][gc          ] GC(0) Pause Young (Normal) (G1 Evacuation Pause) 104M->22M(2048M) 5.306ms
[0.485s][info][gc,cpu      ] GC(0) User=0.00s Sys=0.00s Real=0.00s
[0.614s][info][gc,start    ] GC(1) Pause Young (Normal) (G1 Evacuation Pause)
[0.614s][info][gc,task     ] GC(1) Using 10 workers of 10 for evacuation
[0.618s][info][gc,phases   ] GC(1)   Pre Evacuate Collection Set: 0.2ms
[0.618s][info][gc,phases   ] GC(1)   Merge Heap Roots: 0.1ms
[0.618s][info][gc,phases   ] GC(1)   Evacuate Collection Set: 3.6ms
[0.618s][info][gc,phases   ] GC(1)   Post Evacuate Collection Set: 0.4ms
[0.618s][info][gc,phases   ] GC(1)   Other: 0.1ms
[0.618s][info][gc,heap     ] GC(1) Eden regions: 44->0(44)
[0.618s][info][gc,heap     ] GC(1) Survivor regions: 7->7(7)
[0.618s][info][gc,heap     ] GC(1) Old regions: 5->13
[0.618s][info][gc,heap     ] GC(1) Humongous regions: 0->0
[0.618s][info][gc,metaspace] GC(1) Metaspace: 1320K(1472K)->1320K(1472K) NonClass: 1222K(1280K)->1222K(1280K) Class: 97K(192K)->97K(192K)
[0.618s][info][gc          ] GC(1) Pause Young (Normal) (G1 Evacuation Pause) 110M->38M(2048M) 4.560ms
[0.618s][info][gc,cpu      ] GC(1) User=0.08s Sys=0.09s Real=0.00s
[0.683s][info][gc,start    ] GC(2) Pause Young (Normal) (G1 Evacuation Pause)
[0.683s][info][gc,task     ] GC(2) Using 10 workers of 10 for evacuation
[0.688s][info][gc,phases   ] GC(2)   Pre Evacuate Collection Set: 0.2ms
[0.688s][info][gc,phases   ] GC(2)   Merge Heap Roots: 0.1ms
[0.688s][info][gc,phases   ] GC(2)   Evacuate Collection Set: 4.2ms
[0.688s][info][gc,phases   ] GC(2)   Post Evacuate Collection Set: 0.4ms
[0.688s][info][gc,phases   ] GC(2)   Other: 0.1ms
[0.688s][info][gc,heap     ] GC(2) Eden regions: 44->0(44)
[0.688s][info][gc,heap     ] GC(2) Survivor regions: 7->7(7)
[0.688s][info][gc,heap     ] GC(2) Old regions: 13->21
[0.688s][info][gc,heap     ] GC(2) Humongous regions: 0->0
[0.688s][info][gc,metaspace] GC(2) Metaspace: 1321K(1472K)->1321K(1472K) NonClass: 1224K(1280K)->1224K(1280K) Class: 97K(192K)->97K(192K)
[0.688s][info][gc          ] GC(2) Pause Young (Normal) (G1 Evacuation Pause) 126M->55M(2048M) 5.228ms
[0.688s][info][gc,cpu      ] GC(2) User=0.00s Sys=0.00s Real=0.00s
[0.750s][info][gc,start    ] GC(3) Pause Young (Normal) (G1 Evacuation Pause)
[0.750s][info][gc,task     ] GC(3) Using 10 workers of 10 for evacuation
[0.755s][info][gc,phases   ] GC(3)   Pre Evacuate Collection Set: 0.2ms
[0.755s][info][gc,phases   ] GC(3)   Merge Heap Roots: 0.1ms
[0.755s][info][gc,phases   ] GC(3)   Evacuate Collection Set: 3.7ms
[0.755s][info][gc,phases   ] GC(3)   Post Evacuate Collection Set: 0.5ms
[0.755s][info][gc,phases   ] GC(3)   Other: 0.1ms
[0.755s][info][gc,heap     ] GC(3) Eden regions: 44->0(59)
[0.755s][info][gc,heap     ] GC(3) Survivor regions: 7->7(7)
[0.755s][info][gc,heap     ] GC(3) Old regions: 21->30
[0.755s][info][gc,heap     ] GC(3) Humongous regions: 0->0
[0.755s][info][gc,metaspace] GC(3) Metaspace: 1321K(1472K)->1321K(1472K) NonClass: 1224K(1280K)->1224K(1280K) Class: 97K(192K)->97K(192K)
[0.755s][info][gc          ] GC(3) Pause Young (Normal) (G1 Evacuation Pause) 143M->72M(2048M) 4.896ms
[0.755s][info][gc,cpu      ] GC(3) User=0.00s Sys=0.00s Real=0.00s
[0.839s][info][gc,start    ] GC(4) Pause Young (Normal) (G1 Evacuation Pause)
[0.839s][info][gc,task     ] GC(4) Using 10 workers of 10 for evacuation
[0.846s][info][gc,phases   ] GC(4)   Pre Evacuate Collection Set: 0.2ms
[0.846s][info][gc,phases   ] GC(4)   Merge Heap Roots: 0.2ms
[0.846s][info][gc,phases   ] GC(4)   Evacuate Collection Set: 5.9ms
[0.846s][info][gc,phases   ] GC(4)   Post Evacuate Collection Set: 0.6ms
[0.846s][info][gc,phases   ] GC(4)   Other: 0.1ms
[0.846s][info][gc,heap     ] GC(4) Eden regions: 59->0(91)
[0.846s][info][gc,heap     ] GC(4) Survivor regions: 7->9(9)
[0.846s][info][gc,heap     ] GC(4) Old regions: 30->40
[0.846s][info][gc,heap     ] GC(4) Humongous regions: 0->0
[0.847s][info][gc,metaspace] GC(4) Metaspace: 1321K(1472K)->1321K(1472K) NonClass: 1224K(1280K)->1224K(1280K) Class: 97K(192K)->97K(192K)
[0.847s][info][gc          ] GC(4) Pause Young (Normal) (G1 Evacuation Pause) 190M->96M(2048M) 7.119ms
[0.847s][info][gc,cpu      ] GC(4) User=0.00s Sys=0.00s Real=0.01s
[0.990s][info][gc,start    ] GC(5) Pause Young (Normal) (G1 Evacuation Pause)
[0.990s][info][gc,task     ] GC(5) Using 10 workers of 10 for evacuation
[0.999s][info][gc,phases   ] GC(5)   Pre Evacuate Collection Set: 0.3ms
[0.999s][info][gc,phases   ] GC(5)   Merge Heap Roots: 0.2ms
[0.999s][info][gc,phases   ] GC(5)   Evacuate Collection Set: 7.8ms
[0.999s][info][gc,phases   ] GC(5)   Post Evacuate Collection Set: 0.5ms
[0.999s][info][gc,phases   ] GC(5)   Other: 0.1ms
[0.999s][info][gc,heap     ] GC(5) Eden regions: 91->0(93)
[0.999s][info][gc,heap     ] GC(5) Survivor regions: 9->13(13)
[0.999s][info][gc,heap     ] GC(5) Old regions: 40->53
[0.999s][info][gc,heap     ] GC(5) Humongous regions: 0->0
[0.999s][info][gc,metaspace] GC(5) Metaspace: 1321K(1472K)->1321K(1472K) NonClass: 1224K(1280K)->1224K(1280K) Class: 97K(192K)->97K(192K)
[0.999s][info][gc          ] GC(5) Pause Young (Normal) (G1 Evacuation Pause) 278M->131M(2048M) 9.051ms
[0.999s][info][gc,cpu      ] GC(5) User=0.03s Sys=0.12s Real=0.01s
[1.122s][info][gc,start    ] GC(6) Pause Young (Normal) (G1 Evacuation Pause)
[1.122s][info][gc,task     ] GC(6) Using 10 workers of 10 for evacuation
[1.131s][info][gc,phases   ] GC(6)   Pre Evacuate Collection Set: 0.2ms
[1.131s][info][gc,phases   ] GC(6)   Merge Heap Roots: 0.1ms
[1.131s][info][gc,phases   ] GC(6)   Evacuate Collection Set: 8.1ms
[1.131s][info][gc,phases   ] GC(6)   Post Evacuate Collection Set: 0.6ms
[1.131s][info][gc,phases   ] GC(6)   Other: 0.1ms
[1.131s][info][gc,heap     ] GC(6) Eden regions: 93->0(112)
[1.131s][info][gc,heap     ] GC(6) Survivor regions: 13->14(14)
[1.131s][info][gc,heap     ] GC(6) Old regions: 53->72
[1.131s][info][gc,heap     ] GC(6) Humongous regions: 1->0
[1.131s][info][gc,metaspace] GC(6) Metaspace: 1321K(1472K)->1321K(1472K) NonClass: 1224K(1280K)->1224K(1280K) Class: 97K(192K)->97K(192K)
[1.131s][info][gc          ] GC(6) Pause Young (Normal) (G1 Evacuation Pause) 319M->170M(2048M) 9.465ms
[1.131s][info][gc,cpu      ] GC(6) User=0.00s Sys=0.00s Real=0.01s
[1.281s][info][gc,start    ] GC(7) Pause Young (Normal) (G1 Evacuation Pause)
[1.282s][info][gc,task     ] GC(7) Using 10 workers of 10 for evacuation
[1.294s][info][gc,phases   ] GC(7)   Pre Evacuate Collection Set: 0.3ms
[1.294s][info][gc,phases   ] GC(7)   Merge Heap Roots: 0.1ms
[1.294s][info][gc,phases   ] GC(7)   Evacuate Collection Set: 11.1ms
[1.294s][info][gc,phases   ] GC(7)   Post Evacuate Collection Set: 0.5ms
[1.294s][info][gc,phases   ] GC(7)   Other: 0.1ms
[1.294s][info][gc,heap     ] GC(7) Eden regions: 112->0(140)
[1.294s][info][gc,heap     ] GC(7) Survivor regions: 14->16(16)
[1.294s][info][gc,heap     ] GC(7) Old regions: 72->91
[1.294s][info][gc,heap     ] GC(7) Humongous regions: 0->0
[1.294s][info][gc,metaspace] GC(7) Metaspace: 1321K(1472K)->1321K(1472K) NonClass: 1224K(1280K)->1224K(1280K) Class: 97K(192K)->97K(192K)
[1.294s][info][gc          ] GC(7) Pause Young (Normal) (G1 Evacuation Pause) 394M->213M(2048M) 12.288ms
[1.294s][info][gc,cpu      ] GC(7) User=0.03s Sys=0.12s Real=0.01s
[1.480s][info][gc,start    ] GC(8) Pause Young (Normal) (G1 Evacuation Pause)
[1.480s][info][gc,task     ] GC(8) Using 10 workers of 10 for evacuation
[1.494s][info][gc,phases   ] GC(8)   Pre Evacuate Collection Set: 0.3ms
[1.494s][info][gc,phases   ] GC(8)   Merge Heap Roots: 0.1ms
[1.494s][info][gc,phases   ] GC(8)   Evacuate Collection Set: 13.3ms
[1.494s][info][gc,phases   ] GC(8)   Post Evacuate Collection Set: 0.6ms
[1.494s][info][gc,phases   ] GC(8)   Other: 0.1ms
[1.494s][info][gc,heap     ] GC(8) Eden regions: 140->0(176)
[1.494s][info][gc,heap     ] GC(8) Survivor regions: 16->20(20)
[1.494s][info][gc,heap     ] GC(8) Old regions: 91->115
[1.494s][info][gc,heap     ] GC(8) Humongous regions: 1->0
[1.494s][info][gc,metaspace] GC(8) Metaspace: 1321K(1472K)->1321K(1472K) NonClass: 1224K(1280K)->1224K(1280K) Class: 97K(192K)->97K(192K)
[1.494s][info][gc          ] GC(8) Pause Young (Normal) (G1 Evacuation Pause) 495M->269M(2048M) 14.652ms
[1.494s][info][gc,cpu      ] GC(8) User=0.05s Sys=0.11s Real=0.01s
[1.731s][info][gc,start    ] GC(9) Pause Young (Normal) (G1 Evacuation Pause)
[1.731s][info][gc,task     ] GC(9) Using 10 workers of 10 for evacuation
[1.748s][info][gc,phases   ] GC(9)   Pre Evacuate Collection Set: 0.3ms
[1.748s][info][gc,phases   ] GC(9)   Merge Heap Roots: 0.1ms
[1.748s][info][gc,phases   ] GC(9)   Evacuate Collection Set: 15.3ms
[1.748s][info][gc,phases   ] GC(9)   Post Evacuate Collection Set: 0.7ms
[1.748s][info][gc,phases   ] GC(9)   Other: 0.1ms
[1.748s][info][gc,heap     ] GC(9) Eden regions: 176->0(214)
[1.748s][info][gc,heap     ] GC(9) Survivor regions: 20->25(25)
[1.748s][info][gc,heap     ] GC(9) Old regions: 115->145
[1.748s][info][gc,heap     ] GC(9) Humongous regions: 0->0
[1.748s][info][gc,metaspace] GC(9) Metaspace: 1321K(1472K)->1321K(1472K) NonClass: 1224K(1280K)->1224K(1280K) Class: 97K(192K)->97K(192K)
[1.748s][info][gc          ] GC(9) Pause Young (Normal) (G1 Evacuation Pause) 621M->339M(2048M) 16.742ms
[1.748s][info][gc,cpu      ] GC(9) User=0.12s Sys=0.03s Real=0.02s
[2.023s][info][gc,start    ] GC(10) Pause Young (Normal) (G1 Evacuation Pause)
[2.023s][info][gc,task     ] GC(10) Using 10 workers of 10 for evacuation
[2.045s][info][gc,phases   ] GC(10)   Pre Evacuate Collection Set: 0.3ms
[2.046s][info][gc,phases   ] GC(10)   Merge Heap Roots: 0.1ms
[2.046s][info][gc,phases   ] GC(10)   Evacuate Collection Set: 21.0ms
[2.046s][info][gc,phases   ] GC(10)   Post Evacuate Collection Set: 0.7ms
[2.046s][info][gc,phases   ] GC(10)   Other: 0.1ms
[2.046s][info][gc,heap     ] GC(10) Eden regions: 214->0(255)
[2.046s][info][gc,heap     ] GC(10) Survivor regions: 25->30(30)
[2.046s][info][gc,heap     ] GC(10) Old regions: 145->182
[2.046s][info][gc,heap     ] GC(10) Humongous regions: 0->0
[2.046s][info][gc,metaspace] GC(10) Metaspace: 1321K(1472K)->1321K(1472K) NonClass: 1224K(1280K)->1224K(1280K) Class: 97K(192K)->97K(192K)
[2.046s][info][gc          ] GC(10) Pause Young (Normal) (G1 Evacuation Pause) 767M->423M(2048M) 22.460ms
[2.046s][info][gc,cpu      ] GC(10) User=0.06s Sys=0.09s Real=0.02s
[2.377s][info][gc,start    ] GC(11) Pause Young (Normal) (G1 Evacuation Pause)
[2.377s][info][gc,task     ] GC(11) Using 10 workers of 10 for evacuation
[2.403s][info][gc,phases   ] GC(11)   Pre Evacuate Collection Set: 0.3ms
[2.403s][info][gc,phases   ] GC(11)   Merge Heap Roots: 0.2ms
[2.403s][info][gc,phases   ] GC(11)   Evacuate Collection Set: 24.6ms
[2.403s][info][gc,phases   ] GC(11)   Post Evacuate Collection Set: 0.7ms
[2.403s][info][gc,phases   ] GC(11)   Other: 0.1ms
[2.403s][info][gc,heap     ] GC(11) Eden regions: 255->0(301)
[2.403s][info][gc,heap     ] GC(11) Survivor regions: 30->36(36)
[2.403s][info][gc,heap     ] GC(11) Old regions: 182->227
[2.403s][info][gc,heap     ] GC(11) Humongous regions: 0->0
[2.403s][info][gc,metaspace] GC(11) Metaspace: 1321K(1472K)->1321K(1472K) NonClass: 1224K(1280K)->1224K(1280K) Class: 97K(192K)->97K(192K)
[2.403s][info][gc          ] GC(11) Pause Young (Normal) (G1 Evacuation Pause) 933M->524M(2048M) 26.036ms
[2.403s][info][gc,cpu      ] GC(11) User=0.02s Sys=0.30s Real=0.03s
[2.800s][info][gc,start    ] GC(12) Pause Young (Normal) (G1 Evacuation Pause)
[2.800s][info][gc,task     ] GC(12) Using 10 workers of 10 for evacuation
[2.832s][info][gc,phases   ] GC(12)   Pre Evacuate Collection Set: 0.3ms
[2.832s][info][gc,phases   ] GC(12)   Merge Heap Roots: 0.1ms
[2.832s][info][gc,phases   ] GC(12)   Evacuate Collection Set: 30.7ms
[2.832s][info][gc,phases   ] GC(12)   Post Evacuate Collection Set: 0.7ms
[2.832s][info][gc,phases   ] GC(12)   Other: 0.1ms
[2.832s][info][gc,heap     ] GC(12) Eden regions: 301->0(392)
[2.832s][info][gc,heap     ] GC(12) Survivor regions: 36->43(43)
[2.832s][info][gc,heap     ] GC(12) Old regions: 227->279
[2.832s][info][gc,heap     ] GC(12) Humongous regions: 2->0
[2.832s][info][gc,metaspace] GC(12) Metaspace: 1321K(1472K)->1321K(1472K) NonClass: 1224K(1280K)->1224K(1280K) Class: 97K(192K)->97K(192K)
[2.832s][info][gc          ] GC(12) Pause Young (Normal) (G1 Evacuation Pause) 1130M->642M(2048M) 32.228ms
[2.832s][info][gc,cpu      ] GC(12) User=0.03s Sys=0.28s Real=0.03s
[3.366s][info][gc,start    ] GC(13) Pause Young (Normal) (G1 Evacuation Pause)
[3.366s][info][gc,task     ] GC(13) Using 10 workers of 10 for evacuation
[3.401s][info][gc,phases   ] GC(13)   Pre Evacuate Collection Set: 0.3ms
[3.402s][info][gc,phases   ] GC(13)   Merge Heap Roots: 0.2ms
[3.402s][info][gc,phases   ] GC(13)   Evacuate Collection Set: 34.4ms
[3.402s][info][gc,phases   ] GC(13)   Post Evacuate Collection Set: 0.8ms
[3.402s][info][gc,phases   ] GC(13)   Other: 0.1ms
[3.402s][info][gc,heap     ] GC(13) Eden regions: 392->0(388)
[3.402s][info][gc,heap     ] GC(13) Survivor regions: 43->55(55)
[3.402s][info][gc,heap     ] GC(13) Old regions: 279->344
[3.402s][info][gc,heap     ] GC(13) Humongous regions: 9->0
[3.402s][info][gc,metaspace] GC(13) Metaspace: 1321K(1472K)->1321K(1472K) NonClass: 1224K(1280K)->1224K(1280K) Class: 97K(192K)->97K(192K)
[3.402s][info][gc          ] GC(13) Pause Young (Normal) (G1 Evacuation Pause) 1444M->797M(2048M) 36.008ms
[3.402s][info][gc,cpu      ] GC(13) User=0.05s Sys=0.27s Real=0.04s
[3.889s][info][gc,start    ] GC(14) Pause Young (Normal) (G1 Evacuation Pause)
[3.889s][info][gc,task     ] GC(14) Using 10 workers of 10 for evacuation
[3.925s][info][gc,phases   ] GC(14)   Pre Evacuate Collection Set: 0.3ms
[3.925s][info][gc,phases   ] GC(14)   Merge Heap Roots: 0.1ms
[3.925s][info][gc,phases   ] GC(14)   Evacuate Collection Set: 34.8ms
[3.925s][info][gc,phases   ] GC(14)   Post Evacuate Collection Set: 0.8ms
[3.925s][info][gc,phases   ] GC(14)   Other: 0.1ms
[3.925s][info][gc,heap     ] GC(14) Eden regions: 388->0(354)
[3.925s][info][gc,heap     ] GC(14) Survivor regions: 55->56(56)
[3.925s][info][gc,heap     ] GC(14) Old regions: 344->421
[3.925s][info][gc,heap     ] GC(14) Humongous regions: 4->0
[3.925s][info][gc,metaspace] GC(14) Metaspace: 1321K(1472K)->1321K(1472K) NonClass: 1224K(1280K)->1224K(1280K) Class: 97K(192K)->97K(192K)
[3.925s][info][gc          ] GC(14) Pause Young (Normal) (G1 Evacuation Pause) 1581M->952M(2048M) 36.385ms
[3.926s][info][gc,cpu      ] GC(14) User=0.05s Sys=0.27s Real=0.04s
[4.369s][info][gc,start    ] GC(15) Pause Young (Normal) (G1 Evacuation Pause)
[4.369s][info][gc,task     ] GC(15) Using 10 workers of 10 for evacuation
[4.403s][info][gc,phases   ] GC(15)   Pre Evacuate Collection Set: 0.3ms
[4.403s][info][gc,phases   ] GC(15)   Merge Heap Roots: 0.1ms
[4.403s][info][gc,phases   ] GC(15)   Evacuate Collection Set: 32.4ms
[4.403s][info][gc,phases   ] GC(15)   Post Evacuate Collection Set: 0.7ms
[4.403s][info][gc,phases   ] GC(15)   Other: 0.1ms
[4.403s][info][gc,heap     ] GC(15) Eden regions: 354->0(318)
[4.403s][info][gc,heap     ] GC(15) Survivor regions: 56->52(52)
[4.403s][info][gc,heap     ] GC(15) Old regions: 421->495
[4.403s][info][gc,heap     ] GC(15) Humongous regions: 5->0
[4.403s][info][gc,metaspace] GC(15) Metaspace: 1322K(1472K)->1322K(1472K) NonClass: 1225K(1280K)->1225K(1280K) Class: 97K(192K)->97K(192K)
[4.403s][info][gc          ] GC(15) Pause Young (Normal) (G1 Evacuation Pause) 1670M->1093M(2048M) 33.886ms
[4.403s][info][gc,cpu      ] GC(15) User=0.06s Sys=0.20s Real=0.03s
[4.807s][info][gc,start    ] GC(16) Pause Young (Concurrent Start) (G1 Evacuation Pause)
[4.807s][info][gc,task     ] GC(16) Using 10 workers of 10 for evacuation
[4.834s][info][gc,phases   ] GC(16)   Pre Evacuate Collection Set: 0.3ms
[4.834s][info][gc,phases   ] GC(16)   Merge Heap Roots: 0.1ms
[4.834s][info][gc,phases   ] GC(16)   Evacuate Collection Set: 24.8ms
[4.834s][info][gc,phases   ] GC(16)   Post Evacuate Collection Set: 0.8ms
[4.834s][info][gc,phases   ] GC(16)   Other: 0.2ms
[4.834s][info][gc,heap     ] GC(16) Eden regions: 318->0(278)
[4.834s][info][gc,heap     ] GC(16) Survivor regions: 52->47(47)
[4.834s][info][gc,heap     ] GC(16) Old regions: 495->563
[4.834s][info][gc,heap     ] GC(16) Humongous regions: 0->0
[4.834s][info][gc,metaspace] GC(16) Metaspace: 1322K(1472K)->1322K(1472K) NonClass: 1225K(1280K)->1225K(1280K) Class: 97K(192K)->97K(192K)
[4.834s][info][gc          ] GC(16) Pause Young (Concurrent Start) (G1 Evacuation Pause) 1729M->1218M(2048M) 26.526ms
[4.834s][info][gc,cpu      ] GC(16) User=0.03s Sys=0.12s Real=0.03s
[4.834s][info][gc          ] GC(17) Concurrent Mark Cycle
[4.834s][info][gc,marking  ] GC(17) Concurrent Scan Root Regions
[4.836s][info][gc,marking  ] GC(17) Concurrent Scan Root Regions 2.026ms
[4.836s][info][gc,marking  ] GC(17) Concurrent Mark
[4.836s][info][gc,marking  ] GC(17) Concurrent Mark From Roots
[4.836s][info][gc,task     ] GC(17) Using 3 workers of 3 for marking
[4.841s][info][gc,marking  ] GC(17) Concurrent Mark From Roots 5.458ms
[4.841s][info][gc,marking  ] GC(17) Concurrent Preclean
[4.841s][info][gc,marking  ] GC(17) Concurrent Preclean 0.016ms
[4.842s][info][gc,start    ] GC(17) Pause Remark
[4.843s][info][gc          ] GC(17) Pause Remark 1230M->1230M(2054M) 1.903ms
[4.843s][info][gc,cpu      ] GC(17) User=0.00s Sys=0.00s Real=0.00s
[4.844s][info][gc,marking  ] GC(17) Concurrent Mark 7.630ms
[4.844s][info][gc,marking  ] GC(17) Concurrent Rebuild Remembered Sets and Scrub Regions
[4.845s][info][gc,marking  ] GC(17) Concurrent Rebuild Remembered Sets and Scrub Regions 1.186ms
[4.845s][info][gc,start    ] GC(17) Pause Cleanup
[4.845s][info][gc          ] GC(17) Pause Cleanup 1232M->1232M(2054M) 0.242ms
[4.845s][info][gc,cpu      ] GC(17) User=0.00s Sys=0.00s Real=0.00s
[4.845s][info][gc,marking  ] GC(17) Concurrent Clear Claimed Marks
[4.845s][info][gc,marking  ] GC(17) Concurrent Clear Claimed Marks 0.038ms
[4.845s][info][gc,marking  ] GC(17) Concurrent Cleanup for Next Mark
[4.848s][info][gc,marking  ] GC(17) Concurrent Cleanup for Next Mark 3.014ms
[4.848s][info][gc          ] GC(17) Concurrent Mark Cycle 14.525ms
[5.191s][info][gc,start    ] GC(18) Pause Young (Prepare Mixed) (G1 Evacuation Pause)
[5.191s][info][gc,task     ] GC(18) Using 10 workers of 10 for evacuation
[5.211s][info][gc,phases   ] GC(18)   Pre Evacuate Collection Set: 0.3ms
[5.211s][info][gc,phases   ] GC(18)   Merge Heap Roots: 0.1ms
[5.211s][info][gc,phases   ] GC(18)   Evacuate Collection Set: 19.2ms
[5.211s][info][gc,phases   ] GC(18)   Post Evacuate Collection Set: 0.7ms
[5.211s][info][gc,phases   ] GC(18)   Other: 0.1ms
[5.211s][info][gc,heap     ] GC(18) Eden regions: 278->0(243)
[5.211s][info][gc,heap     ] GC(18) Survivor regions: 47->41(41)
[5.211s][info][gc,heap     ] GC(18) Old regions: 563->625
[5.211s][info][gc,heap     ] GC(18) Humongous regions: 2->0
[5.211s][info][gc,metaspace] GC(18) Metaspace: 1322K(1472K)->1322K(1472K) NonClass: 1225K(1280K)->1225K(1280K) Class: 97K(192K)->97K(192K)
[5.211s][info][gc          ] GC(18) Pause Young (Prepare Mixed) (G1 Evacuation Pause) 1778M->1331M(2054M) 20.667ms
[5.211s][info][gc,cpu      ] GC(18) User=0.22s Sys=0.09s Real=0.02s
[5.518s][info][gc,start    ] GC(19) Pause Young (Mixed) (G1 Evacuation Pause)
[5.518s][info][gc,task     ] GC(19) Using 10 workers of 10 for evacuation
[5.536s][info][gc,phases   ] GC(19)   Pre Evacuate Collection Set: 0.3ms
[5.536s][info][gc,phases   ] GC(19)   Merge Heap Roots: 0.1ms
[5.536s][info][gc,phases   ] GC(19)   Evacuate Collection Set: 17.5ms
[5.536s][info][gc,phases   ] GC(19)   Post Evacuate Collection Set: 0.6ms
[5.537s][info][gc,phases   ] GC(19)   Other: 0.1ms
[5.537s][info][gc,heap     ] GC(19) Eden regions: 243->0(211)
[5.537s][info][gc,heap     ] GC(19) Survivor regions: 41->36(36)
[5.537s][info][gc,heap     ] GC(19) Old regions: 625->677
[5.537s][info][gc,heap     ] GC(19) Humongous regions: 2->0
[5.537s][info][gc,metaspace] GC(19) Metaspace: 1322K(1472K)->1322K(1472K) NonClass: 1225K(1280K)->1225K(1280K) Class: 97K(192K)->97K(192K)
[5.537s][info][gc          ] GC(19) Pause Young (Mixed) (G1 Evacuation Pause) 1821M->1424M(2054M) 18.772ms
[5.537s][info][gc,cpu      ] GC(19) User=0.09s Sys=0.06s Real=0.02s
[5.549s][info][gc,start    ] GC(20) Pause Young (Concurrent Start) (G1 Humongous Allocation)
[5.549s][info][gc,task     ] GC(20) Using 10 workers of 10 for evacuation
[5.557s][info][gc,phases   ] GC(20)   Pre Evacuate Collection Set: 0.3ms
[5.557s][info][gc,phases   ] GC(20)   Merge Heap Roots: 0.1ms
[5.557s][info][gc,phases   ] GC(20)   Evacuate Collection Set: 7.3ms
[5.557s][info][gc,phases   ] GC(20)   Post Evacuate Collection Set: 0.6ms
[5.557s][info][gc,phases   ] GC(20)   Other: 0.2ms
[5.557s][info][gc,heap     ] GC(20) Eden regions: 11->0(214)
[5.557s][info][gc,heap     ] GC(20) Survivor regions: 36->3(31)
[5.557s][info][gc,heap     ] GC(20) Old regions: 677->712
[5.557s][info][gc,heap     ] GC(20) Humongous regions: 0->0
[5.557s][info][gc,metaspace] GC(20) Metaspace: 1322K(1472K)->1322K(1472K) NonClass: 1225K(1280K)->1225K(1280K) Class: 97K(192K)->97K(192K)
[5.557s][info][gc          ] GC(20) Pause Young (Concurrent Start) (G1 Humongous Allocation) 1444M->1428M(2054M) 8.653ms
[5.557s][info][gc,cpu      ] GC(20) User=0.12s Sys=0.03s Real=0.01s
[5.557s][info][gc          ] GC(21) Concurrent Mark Cycle
[5.557s][info][gc,marking  ] GC(21) Concurrent Scan Root Regions
[5.558s][info][gc,marking  ] GC(21) Concurrent Scan Root Regions 0.253ms
[5.558s][info][gc,marking  ] GC(21) Concurrent Mark
[5.558s][info][gc,marking  ] GC(21) Concurrent Mark From Roots
[5.558s][info][gc,task     ] GC(21) Using 3 workers of 3 for marking
[5.561s][info][gc,marking  ] GC(21) Concurrent Mark From Roots 3.755ms
[5.561s][info][gc,marking  ] GC(21) Concurrent Preclean
[5.561s][info][gc,marking  ] GC(21) Concurrent Preclean 0.017ms
[5.562s][info][gc,start    ] GC(21) Pause Remark
[5.564s][info][gc          ] GC(21) Pause Remark 1436M->1436M(2398M) 2.659ms
[5.564s][info][gc,cpu      ] GC(21) User=0.00s Sys=0.00s Real=0.00s
[5.564s][info][gc,marking  ] GC(21) Concurrent Mark 6.696ms
[5.564s][info][gc,marking  ] GC(21) Concurrent Rebuild Remembered Sets and Scrub Regions
[5.566s][info][gc,marking  ] GC(21) Concurrent Rebuild Remembered Sets and Scrub Regions 1.399ms
[5.566s][info][gc,start    ] GC(21) Pause Cleanup
[5.566s][info][gc          ] GC(21) Pause Cleanup 1438M->1438M(2398M) 0.302ms
[5.566s][info][gc,cpu      ] GC(21) User=0.00s Sys=0.00s Real=0.00s
[5.566s][info][gc,marking  ] GC(21) Concurrent Clear Claimed Marks
[5.566s][info][gc,marking  ] GC(21) Concurrent Clear Claimed Marks 0.025ms
[5.566s][info][gc,marking  ] GC(21) Concurrent Cleanup for Next Mark
[5.569s][info][gc,marking  ] GC(21) Concurrent Cleanup for Next Mark 3.123ms
[5.569s][info][gc          ] GC(21) Concurrent Mark Cycle 12.089ms
[5.912s][info][gc,start    ] GC(22) Pause Young (Prepare Mixed) (G1 Evacuation Pause)
[5.912s][info][gc,task     ] GC(22) Using 10 workers of 10 for evacuation
[5.921s][info][gc,phases   ] GC(22)   Pre Evacuate Collection Set: 0.3ms
[5.921s][info][gc,phases   ] GC(22)   Merge Heap Roots: 0.1ms
[5.921s][info][gc,phases   ] GC(22)   Evacuate Collection Set: 8.4ms
[5.921s][info][gc,phases   ] GC(22)   Post Evacuate Collection Set: 0.6ms
[5.921s][info][gc,phases   ] GC(22)   Other: 0.1ms
[5.922s][info][gc,heap     ] GC(22) Eden regions: 214->0(288)
[5.922s][info][gc,heap     ] GC(22) Survivor regions: 3->28(28)
[5.922s][info][gc,heap     ] GC(22) Old regions: 712->729
[5.922s][info][gc,heap     ] GC(22) Humongous regions: 2->0
[5.922s][info][gc,metaspace] GC(22) Metaspace: 1322K(1472K)->1322K(1472K) NonClass: 1225K(1280K)->1225K(1280K) Class: 97K(192K)->97K(192K)
[5.922s][info][gc          ] GC(22) Pause Young (Prepare Mixed) (G1 Evacuation Pause) 1860M->1512M(2398M) 9.719ms
[5.922s][info][gc,cpu      ] GC(22) User=0.00s Sys=0.02s Real=0.01s
[6.285s][info][gc,start    ] GC(23) Pause Young (Mixed) (G1 Evacuation Pause)
[6.285s][info][gc,task     ] GC(23) Using 10 workers of 10 for evacuation
[6.304s][info][gc,phases   ] GC(23)   Pre Evacuate Collection Set: 0.3ms
[6.304s][info][gc,phases   ] GC(23)   Merge Heap Roots: 0.1ms
[6.304s][info][gc,phases   ] GC(23)   Evacuate Collection Set: 17.4ms
[6.304s][info][gc,phases   ] GC(23)   Post Evacuate Collection Set: 0.8ms
[6.304s][info][gc,phases   ] GC(23)   Other: 0.1ms
[6.304s][info][gc,heap     ] GC(23) Eden regions: 288->0(257)
[6.304s][info][gc,heap     ] GC(23) Survivor regions: 28->40(40)
[6.304s][info][gc,heap     ] GC(23) Old regions: 729->773
[6.304s][info][gc,heap     ] GC(23) Humongous regions: 2->0
[6.304s][info][gc,metaspace] GC(23) Metaspace: 1322K(1472K)->1322K(1472K) NonClass: 1225K(1280K)->1225K(1280K) Class: 97K(192K)->97K(192K)
[6.304s][info][gc          ] GC(23) Pause Young (Mixed) (G1 Evacuation Pause) 2092M->1624M(2398M) 18.890ms
[6.304s][info][gc,cpu      ] GC(23) User=0.16s Sys=0.00s Real=0.02s
[6.484s][info][gc,start    ] GC(24) Pause Young (Concurrent Start) (G1 Humongous Allocation)
[6.484s][info][gc,task     ] GC(24) Using 10 workers of 10 for evacuation
[6.498s][info][gc,phases   ] GC(24)   Pre Evacuate Collection Set: 0.3ms
[6.498s][info][gc,phases   ] GC(24)   Merge Heap Roots: 0.1ms
[6.498s][info][gc,phases   ] GC(24)   Evacuate Collection Set: 12.7ms
[6.498s][info][gc,phases   ] GC(24)   Post Evacuate Collection Set: 0.7ms
[6.498s][info][gc,phases   ] GC(24)   Other: 0.2ms
[6.498s][info][gc,heap     ] GC(24) Eden regions: 140->0(242)
[6.498s][info][gc,heap     ] GC(24) Survivor regions: 40->28(38)
[6.498s][info][gc,heap     ] GC(24) Old regions: 773->812
[6.498s][info][gc,heap     ] GC(24) Humongous regions: 0->0
[6.498s][info][gc,metaspace] GC(24) Metaspace: 1322K(1472K)->1322K(1472K) NonClass: 1225K(1280K)->1225K(1280K) Class: 97K(192K)->97K(192K)
[6.498s][info][gc          ] GC(24) Pause Young (Concurrent Start) (G1 Humongous Allocation) 1904M->1678M(2398M) 14.258ms
[6.498s][info][gc,cpu      ] GC(24) User=0.16s Sys=0.00s Real=0.01s
[6.498s][info][gc          ] GC(25) Concurrent Mark Cycle
[6.498s][info][gc,marking  ] GC(25) Concurrent Scan Root Regions
[6.499s][info][gc,marking  ] GC(25) Concurrent Scan Root Regions 0.848ms
[6.499s][info][gc,marking  ] GC(25) Concurrent Mark
[6.499s][info][gc,marking  ] GC(25) Concurrent Mark From Roots
[6.499s][info][gc,task     ] GC(25) Using 3 workers of 3 for marking
[6.503s][info][gc,marking  ] GC(25) Concurrent Mark From Roots 4.612ms
[6.503s][info][gc,marking  ] GC(25) Concurrent Preclean
[6.503s][info][gc,marking  ] GC(25) Concurrent Preclean 0.015ms
[6.504s][info][gc,start    ] GC(25) Pause Remark
[6.506s][info][gc          ] GC(25) Pause Remark 1689M->1689M(2820M) 2.502ms
[6.506s][info][gc,cpu      ] GC(25) User=0.00s Sys=0.00s Real=0.00s
[6.506s][info][gc,marking  ] GC(25) Concurrent Mark 7.372ms
[6.506s][info][gc,marking  ] GC(25) Concurrent Rebuild Remembered Sets and Scrub Regions
[6.508s][info][gc,marking  ] GC(25) Concurrent Rebuild Remembered Sets and Scrub Regions 1.694ms
[6.508s][info][gc,start    ] GC(25) Pause Cleanup
[6.508s][info][gc          ] GC(25) Pause Cleanup 1691M->1691M(2820M) 0.302ms
[6.508s][info][gc,cpu      ] GC(25) User=0.00s Sys=0.00s Real=0.00s
[6.508s][info][gc,marking  ] GC(25) Concurrent Clear Claimed Marks
[6.508s][info][gc,marking  ] GC(25) Concurrent Clear Claimed Marks 0.025ms
[6.508s][info][gc,marking  ] GC(25) Concurrent Cleanup for Next Mark
[6.512s][info][gc,marking  ] GC(25) Concurrent Cleanup for Next Mark 3.731ms
[6.512s][info][gc          ] GC(25) Concurrent Mark Cycle 14.292ms
[6.911s][info][gc,start    ] GC(26) Pause Young (Prepare Mixed) (G1 Evacuation Pause)
[6.911s][info][gc,task     ] GC(26) Using 10 workers of 10 for evacuation
[6.927s][info][gc,phases   ] GC(26)   Pre Evacuate Collection Set: 0.3ms
[6.927s][info][gc,phases   ] GC(26)   Merge Heap Roots: 0.1ms
[6.927s][info][gc,phases   ] GC(26)   Evacuate Collection Set: 14.3ms
[6.927s][info][gc,phases   ] GC(26)   Post Evacuate Collection Set: 0.8ms
[6.927s][info][gc,phases   ] GC(26)   Other: 0.1ms
[6.927s][info][gc,heap     ] GC(26) Eden regions: 242->0(336)
[6.927s][info][gc,heap     ] GC(26) Survivor regions: 28->34(34)
[6.927s][info][gc,heap     ] GC(26) Old regions: 812->853
[6.927s][info][gc,heap     ] GC(26) Humongous regions: 2->0
[6.927s][info][gc,metaspace] GC(26) Metaspace: 1322K(1472K)->1322K(1472K) NonClass: 1225K(1280K)->1225K(1280K) Class: 97K(192K)->97K(192K)
[6.927s][info][gc          ] GC(26) Pause Young (Prepare Mixed) (G1 Evacuation Pause) 2166M->1772M(2820M) 15.788ms
[6.927s][info][gc,cpu      ] GC(26) User=0.16s Sys=0.00s Real=0.02s
[7.344s][info][gc,start    ] GC(27) Pause Young (Mixed) (G1 Evacuation Pause)
[7.344s][info][gc,task     ] GC(27) Using 10 workers of 10 for evacuation
[7.365s][info][gc,phases   ] GC(27)   Pre Evacuate Collection Set: 0.3ms
[7.365s][info][gc,phases   ] GC(27)   Merge Heap Roots: 0.1ms
[7.366s][info][gc,phases   ] GC(27)   Evacuate Collection Set: 20.1ms
[7.366s][info][gc,phases   ] GC(27)   Post Evacuate Collection Set: 0.7ms
[7.366s][info][gc,phases   ] GC(27)   Other: 0.1ms
[7.366s][info][gc,heap     ] GC(27) Eden regions: 336->0(300)
[7.366s][info][gc,heap     ] GC(27) Survivor regions: 34->47(47)
[7.366s][info][gc,heap     ] GC(27) Old regions: 853->905
[7.366s][info][gc,heap     ] GC(27) Humongous regions: 5->0
[7.366s][info][gc,metaspace] GC(27) Metaspace: 1322K(1472K)->1322K(1472K) NonClass: 1225K(1280K)->1225K(1280K) Class: 97K(192K)->97K(192K)
[7.366s][info][gc          ] GC(27) Pause Young (Mixed) (G1 Evacuation Pause) 2454M->1903M(2820M) 21.528ms
[7.366s][info][gc,cpu      ] GC(27) User=0.16s Sys=0.00s Real=0.02s
[8.206s][info][gc,start    ] GC(28) Pause Young (Concurrent Start) (G1 Evacuation Pause)
[8.206s][info][gc,task     ] GC(28) Using 10 workers of 10 for evacuation
[8.228s][info][gc,phases   ] GC(28)   Pre Evacuate Collection Set: 0.4ms
[8.228s][info][gc,phases   ] GC(28)   Merge Heap Roots: 0.1ms
[8.228s][info][gc,phases   ] GC(28)   Evacuate Collection Set: 20.6ms
[8.228s][info][gc,phases   ] GC(28)   Post Evacuate Collection Set: 0.8ms
[8.228s][info][gc,phases   ] GC(28)   Other: 0.2ms
[8.228s][info][gc,heap     ] GC(28) Eden regions: 300->0(295)
[8.228s][info][gc,heap     ] GC(28) Survivor regions: 47->25(44)
[8.228s][info][gc,heap     ] GC(28) Old regions: 905->952
[8.228s][info][gc,heap     ] GC(28) Humongous regions: 3->3
[8.228s][info][gc,metaspace] GC(28) Metaspace: 1556K(1664K)->1556K(1664K) NonClass: 1428K(1472K)->1428K(1472K) Class: 128K(192K)->128K(192K)
[8.228s][info][gc          ] GC(28) Pause Young (Concurrent Start) (G1 Evacuation Pause) 2509M->1958M(2820M) 22.357ms
[8.228s][info][gc,cpu      ] GC(28) User=0.31s Sys=0.00s Real=0.02s
[8.228s][info][gc          ] GC(29) Concurrent Mark Cycle
[8.228s][info][gc,marking  ] GC(29) Concurrent Scan Root Regions
[8.232s][info][gc,marking  ] GC(29) Concurrent Scan Root Regions 3.939ms
[8.232s][info][gc,marking  ] GC(29) Concurrent Mark
[8.232s][info][gc,marking  ] GC(29) Concurrent Mark From Roots
[8.232s][info][gc,task     ] GC(29) Using 3 workers of 3 for marking
[8.238s][info][gc,marking  ] GC(29) Concurrent Mark From Roots 5.719ms
[8.238s][info][gc,marking  ] GC(29) Concurrent Preclean
[8.238s][info][gc,marking  ] GC(29) Concurrent Preclean 0.018ms
[8.238s][info][gc,start    ] GC(29) Pause Remark
[8.241s][info][gc          ] GC(29) Pause Remark 1967M->1965M(3280M) 2.603ms
[8.241s][info][gc,cpu      ] GC(29) User=0.02s Sys=0.00s Real=0.00s
[8.241s][info][gc,marking  ] GC(29) Concurrent Mark 8.646ms
[8.241s][info][gc,marking  ] GC(29) Concurrent Rebuild Remembered Sets and Scrub Regions
[8.246s][info][gc,marking  ] GC(29) Concurrent Rebuild Remembered Sets and Scrub Regions 4.695ms
[8.246s][info][gc,start    ] GC(29) Pause Cleanup
[8.246s][info][gc          ] GC(29) Pause Cleanup 1969M->1969M(3280M) 0.295ms
[8.246s][info][gc,cpu      ] GC(29) User=0.00s Sys=0.00s Real=0.00s
[8.246s][info][gc,marking  ] GC(29) Concurrent Clear Claimed Marks
[8.246s][info][gc,marking  ] GC(29) Concurrent Clear Claimed Marks 0.028ms
[8.246s][info][gc,marking  ] GC(29) Concurrent Cleanup for Next Mark
[8.251s][info][gc,marking  ] GC(29) Concurrent Cleanup for Next Mark 4.641ms
[8.251s][info][gc          ] GC(29) Concurrent Mark Cycle 22.629ms
[8.995s][info][gc,start    ] GC(30) Pause Young (Prepare Mixed) (G1 Evacuation Pause)
[8.995s][info][gc,task     ] GC(30) Using 10 workers of 10 for evacuation
[9.019s][info][gc,phases   ] GC(30)   Pre Evacuate Collection Set: 0.3ms
[9.019s][info][gc,phases   ] GC(30)   Merge Heap Roots: 0.2ms
[9.019s][info][gc,phases   ] GC(30)   Evacuate Collection Set: 22.7ms
[9.019s][info][gc,phases   ] GC(30)   Post Evacuate Collection Set: 0.6ms
[9.019s][info][gc,phases   ] GC(30)   Other: 0.1ms
[9.019s][info][gc,heap     ] GC(30) Eden regions: 295->0(448)
[9.019s][info][gc,heap     ] GC(30) Survivor regions: 25->13(40)
[9.019s][info][gc,heap     ] GC(30) Old regions: 952->976
[9.019s][info][gc,heap     ] GC(30) Humongous regions: 5->5
[9.019s][info][gc,metaspace] GC(30) Metaspace: 1556K(1664K)->1556K(1664K) NonClass: 1428K(1472K)->1428K(1472K) Class: 128K(192K)->128K(192K)
[9.019s][info][gc          ] GC(30) Pause Young (Prepare Mixed) (G1 Evacuation Pause) 2552M->1987M(3280M) 24.142ms
[9.019s][info][gc,cpu      ] GC(30) User=0.16s Sys=0.00s Real=0.02s
[9.188s][info][gc,start    ] GC(31) Pause Young (Mixed) (G1 Evacuation Pause)
[9.188s][info][gc,task     ] GC(31) Using 10 workers of 10 for evacuation
[9.201s][info][gc,phases   ] GC(31)   Pre Evacuate Collection Set: 0.3ms
[9.201s][info][gc,phases   ] GC(31)   Merge Heap Roots: 0.4ms
[9.201s][info][gc,phases   ] GC(31)   Evacuate Collection Set: 11.7ms
[9.201s][info][gc,phases   ] GC(31)   Post Evacuate Collection Set: 0.5ms
[9.201s][info][gc,phases   ] GC(31)   Other: 0.1ms
[9.201s][info][gc,heap     ] GC(31) Eden regions: 69->0(448)
[9.201s][info][gc,heap     ] GC(31) Survivor regions: 13->4(11)
[9.201s][info][gc,heap     ] GC(31) Old regions: 976->988
[9.201s][info][gc,heap     ] GC(31) Humongous regions: 5->5
[9.201s][info][gc,metaspace] GC(31) Metaspace: 1556K(1664K)->1556K(1664K) NonClass: 1428K(1472K)->1428K(1472K) Class: 128K(192K)->128K(192K)
[9.201s][info][gc          ] GC(31) Pause Young (Mixed) (G1 Evacuation Pause) 2125M->1993M(3280M) 13.192ms
[9.201s][info][gc,cpu      ] GC(31) User=0.16s Sys=0.00s Real=0.01s
[9.591s][info][gc,start    ] GC(32) Pause Young (Mixed) (G1 Evacuation Pause)
[9.591s][info][gc,task     ] GC(32) Using 10 workers of 10 for evacuation
[9.603s][info][gc,phases   ] GC(32)   Pre Evacuate Collection Set: 0.3ms
[9.603s][info][gc,phases   ] GC(32)   Merge Heap Roots: 0.3ms
[9.603s][info][gc,phases   ] GC(32)   Evacuate Collection Set: 10.4ms
[9.603s][info][gc,phases   ] GC(32)   Post Evacuate Collection Set: 0.6ms
[9.603s][info][gc,phases   ] GC(32)   Other: 0.1ms
[9.603s][info][gc,heap     ] GC(32) Eden regions: 155->0(247)
[9.603s][info][gc,heap     ] GC(32) Survivor regions: 4->8(20)
[9.603s][info][gc,heap     ] GC(32) Old regions: 988->989
[9.603s][info][gc,heap     ] GC(32) Humongous regions: 5->5
[9.603s][info][gc,metaspace] GC(32) Metaspace: 1556K(1664K)->1556K(1664K) NonClass: 1428K(1472K)->1428K(1472K) Class: 128K(192K)->128K(192K)
[9.603s][info][gc          ] GC(32) Pause Young (Mixed) (G1 Evacuation Pause) 2303M->2002M(3280M) 11.974ms
[9.603s][info][gc,cpu      ] GC(32) User=0.16s Sys=0.00s Real=0.01s
[9.938s][info][gc,start    ] GC(33) Pause Young (Mixed) (G1 Evacuation Pause)
[9.938s][info][gc,task     ] GC(33) Using 10 workers of 10 for evacuation
[9.951s][info][gc,phases   ] GC(33)   Pre Evacuate Collection Set: 0.2ms
[9.951s][info][gc,phases   ] GC(33)   Merge Heap Roots: 0.2ms
[9.951s][info][gc,phases   ] GC(33)   Evacuate Collection Set: 11.7ms
[9.951s][info][gc,phases   ] GC(33)   Post Evacuate Collection Set: 0.4ms
[9.951s][info][gc,phases   ] GC(33)   Other: 0.1ms
[9.951s][info][gc,heap     ] GC(33) Eden regions: 74->0(451)
[9.951s][info][gc,heap     ] GC(33) Survivor regions: 8->8(11)
[9.951s][info][gc,heap     ] GC(33) Old regions: 989->991
[9.951s][info][gc,heap     ] GC(33) Humongous regions: 5->5
[9.951s][info][gc,metaspace] GC(33) Metaspace: 1556K(1664K)->1556K(1664K) NonClass: 1428K(1472K)->1428K(1472K) Class: 128K(192K)->128K(192K)
[9.951s][info][gc          ] GC(33) Pause Young (Mixed) (G1 Evacuation Pause) 2150M->2006M(3280M) 12.992ms
[9.951s][info][gc,cpu      ] GC(33) User=0.16s Sys=0.00s Real=0.01s
[11.297s][info][gc,start    ] GC(34) Pause Young (Mixed) (G1 Evacuation Pause)
[11.297s][info][gc,task     ] GC(34) Using 10 workers of 10 for evacuation
[11.328s][info][gc,phases   ] GC(34)   Pre Evacuate Collection Set: 0.3ms
[11.328s][info][gc,phases   ] GC(34)   Merge Heap Roots: 0.4ms
[11.328s][info][gc,phases   ] GC(34)   Evacuate Collection Set: 29.3ms
[11.328s][info][gc,phases   ] GC(34)   Post Evacuate Collection Set: 0.7ms
[11.328s][info][gc,phases   ] GC(34)   Other: 0.1ms
[11.328s][info][gc,heap     ] GC(34) Eden regions: 451->0(477)
[11.328s][info][gc,heap     ] GC(34) Survivor regions: 8->24(58)
[11.328s][info][gc,heap     ] GC(34) Old regions: 991->991
[11.328s][info][gc,heap     ] GC(34) Humongous regions: 10->10
[11.328s][info][gc,metaspace] GC(34) Metaspace: 1578K(1664K)->1578K(1664K) NonClass: 1449K(1472K)->1449K(1472K) Class: 129K(192K)->129K(192K)
[11.328s][info][gc          ] GC(34) Pause Young (Mixed) (G1 Evacuation Pause) 2918M->2049M(3280M) 31.030ms
[11.328s][info][gc,cpu      ] GC(34) User=0.30s Sys=0.00s Real=0.03s
[11.475s][info][gc,start    ] GC(35) Pause Young (Normal) (G1 Evacuation Pause)
[11.476s][info][gc,task     ] GC(35) Using 10 workers of 10 for evacuation
[11.499s][info][gc,phases   ] GC(35)   Pre Evacuate Collection Set: 0.3ms
[11.499s][info][gc,phases   ] GC(35)   Merge Heap Roots: 0.2ms
[11.499s][info][gc,phases   ] GC(35)   Evacuate Collection Set: 22.7ms
[11.499s][info][gc,phases   ] GC(35)   Post Evacuate Collection Set: 0.4ms
[11.499s][info][gc,phases   ] GC(35)   Other: 0.1ms
[11.499s][info][gc,heap     ] GC(35) Eden regions: 58->0(494)
[11.499s][info][gc,heap     ] GC(35) Survivor regions: 24->4(11)
[11.499s][info][gc,heap     ] GC(35) Old regions: 991->1014
[11.499s][info][gc,heap     ] GC(35) Humongous regions: 10->10
[11.499s][info][gc,metaspace] GC(35) Metaspace: 1578K(1664K)->1578K(1664K) NonClass: 1449K(1472K)->1449K(1472K) Class: 129K(192K)->129K(192K)
[11.499s][info][gc          ] GC(35) Pause Young (Normal) (G1 Evacuation Pause) 2165M->2054M(3280M) 24.001ms
[11.500s][info][gc,cpu      ] GC(35) User=0.16s Sys=0.00s Real=0.02s
[12.032s][info][gc,start    ] GC(36) Pause Young (Normal) (G1 Evacuation Pause)
[12.032s][info][gc,task     ] GC(36) Using 10 workers of 10 for evacuation
[12.045s][info][gc,phases   ] GC(36)   Pre Evacuate Collection Set: 0.3ms
[12.045s][info][gc,phases   ] GC(36)   Merge Heap Roots: 0.2ms
[12.045s][info][gc,phases   ] GC(36)   Evacuate Collection Set: 11.0ms
[12.045s][info][gc,phases   ] GC(36)   Post Evacuate Collection Set: 0.6ms
[12.045s][info][gc,phases   ] GC(36)   Other: 0.1ms
[12.045s][info][gc,heap     ] GC(36) Eden regions: 214->0(507)
[12.045s][info][gc,heap     ] GC(36) Survivor regions: 4->9(28)
[12.045s][info][gc,heap     ] GC(36) Old regions: 1014->1014
[12.045s][info][gc,heap     ] GC(36) Humongous regions: 10->10
[12.045s][info][gc,metaspace] GC(36) Metaspace: 1578K(1664K)->1578K(1664K) NonClass: 1449K(1472K)->1449K(1472K) Class: 129K(192K)->129K(192K)
[12.045s][info][gc          ] GC(36) Pause Young (Normal) (G1 Evacuation Pause) 2482M->2064M(3280M) 12.488ms
[12.045s][info][gc,cpu      ] GC(36) User=0.16s Sys=0.00s Real=0.01s
[12.391s][info][gc,start    ] GC(37) Pause Young (Normal) (G1 Evacuation Pause)
[12.391s][info][gc,task     ] GC(37) Using 10 workers of 10 for evacuation
[12.405s][info][gc,phases   ] GC(37)   Pre Evacuate Collection Set: 0.3ms
[12.405s][info][gc,phases   ] GC(37)   Merge Heap Roots: 0.2ms
[12.405s][info][gc,phases   ] GC(37)   Evacuate Collection Set: 13.0ms
[12.405s][info][gc,phases   ] GC(37)   Post Evacuate Collection Set: 0.5ms
[12.405s][info][gc,phases   ] GC(37)   Other: 0.1ms
[12.405s][info][gc,heap     ] GC(37) Eden regions: 144->0(508)
[12.405s][info][gc,heap     ] GC(37) Survivor regions: 9->13(20)
[12.405s][info][gc,heap     ] GC(37) Old regions: 1014->1014
[12.405s][info][gc,heap     ] GC(37) Humongous regions: 10->10
[12.405s][info][gc,metaspace] GC(37) Metaspace: 1578K(1664K)->1578K(1664K) NonClass: 1449K(1472K)->1449K(1472K) Class: 129K(192K)->129K(192K)
[12.405s][info][gc          ] GC(37) Pause Young (Normal) (G1 Evacuation Pause) 2352M->2072M(3280M) 14.331ms
[12.405s][info][gc,cpu      ] GC(37) User=0.16s Sys=0.00s Real=0.01s
[12.853s][info][gc,start    ] GC(38) Pause Young (Concurrent Start) (G1 Evacuation Pause)
[12.853s][info][gc,task     ] GC(38) Using 10 workers of 10 for evacuation
[12.871s][info][gc,phases   ] GC(38)   Pre Evacuate Collection Set: 0.3ms
[12.871s][info][gc,phases   ] GC(38)   Merge Heap Roots: 0.3ms
[12.871s][info][gc,phases   ] GC(38)   Evacuate Collection Set: 17.2ms
[12.871s][info][gc,phases   ] GC(38)   Post Evacuate Collection Set: 0.7ms
[12.871s][info][gc,phases   ] GC(38)   Other: 0.2ms
[12.871s][info][gc,heap     ] GC(38) Eden regions: 181->0(498)
[12.871s][info][gc,heap     ] GC(38) Survivor regions: 13->18(25)
[12.871s][info][gc,heap     ] GC(38) Old regions: 1014->1014
[12.871s][info][gc,heap     ] GC(38) Humongous regions: 10->10
[12.871s][info][gc,metaspace] GC(38) Metaspace: 1578K(1664K)->1578K(1664K) NonClass: 1449K(1472K)->1449K(1472K) Class: 129K(192K)->129K(192K)
[12.871s][info][gc          ] GC(38) Pause Young (Concurrent Start) (G1 Evacuation Pause) 2434M->2082M(3280M) 18.880ms
[12.871s][info][gc,cpu      ] GC(38) User=0.16s Sys=0.00s Real=0.02s
[12.871s][info][gc          ] GC(39) Concurrent Mark Cycle
[12.872s][info][gc,marking  ] GC(39) Concurrent Scan Root Regions
[12.878s][info][gc,marking  ] GC(39) Concurrent Scan Root Regions 6.607ms
[12.878s][info][gc,marking  ] GC(39) Concurrent Mark
[12.878s][info][gc,marking  ] GC(39) Concurrent Mark From Roots
[12.878s][info][gc,task     ] GC(39) Using 3 workers of 3 for marking
[12.937s][info][gc,marking  ] GC(39) Concurrent Mark From Roots 58.413ms
[12.937s][info][gc,marking  ] GC(39) Concurrent Preclean
[12.937s][info][gc,marking  ] GC(39) Concurrent Preclean 0.028ms
[12.937s][info][gc,start    ] GC(39) Pause Remark
[12.939s][info][gc          ] GC(39) Pause Remark 2132M->2122M(3540M) 2.272ms
[12.939s][info][gc,cpu      ] GC(39) User=0.00s Sys=0.00s Real=0.00s
[12.939s][info][gc,marking  ] GC(39) Concurrent Mark 60.984ms
[12.939s][info][gc,marking  ] GC(39) Concurrent Rebuild Remembered Sets and Scrub Regions
[12.972s][info][gc,marking  ] GC(39) Concurrent Rebuild Remembered Sets and Scrub Regions 33.130ms
[12.972s][info][gc,start    ] GC(39) Pause Cleanup
[12.973s][info][gc          ] GC(39) Pause Cleanup 2144M->2144M(3540M) 0.361ms
[12.973s][info][gc,cpu      ] GC(39) User=0.00s Sys=0.00s Real=0.00s
[12.973s][info][gc,marking  ] GC(39) Concurrent Clear Claimed Marks
[12.973s][info][gc,marking  ] GC(39) Concurrent Clear Claimed Marks 0.025ms
[12.973s][info][gc,marking  ] GC(39) Concurrent Cleanup for Next Mark
[12.977s][info][gc,marking  ] GC(39) Concurrent Cleanup for Next Mark 4.338ms
[12.977s][info][gc          ] GC(39) Concurrent Mark Cycle 105.865ms
[13.569s][info][gc,start    ] GC(40) Pause Young (Prepare Mixed) (G1 Evacuation Pause)
[13.569s][info][gc,task     ] GC(40) Using 10 workers of 10 for evacuation
[13.593s][info][gc,phases   ] GC(40)   Pre Evacuate Collection Set: 0.4ms
[13.593s][info][gc,phases   ] GC(40)   Merge Heap Roots: 0.4ms
[13.593s][info][gc,phases   ] GC(40)   Evacuate Collection Set: 21.5ms
[13.593s][info][gc,phases   ] GC(40)   Post Evacuate Collection Set: 0.8ms
[13.593s][info][gc,phases   ] GC(40)   Other: 0.1ms
[13.593s][info][gc,heap     ] GC(40) Eden regions: 265->0(612)
[13.593s][info][gc,heap     ] GC(40) Survivor regions: 18->25(36)
[13.593s][info][gc,heap     ] GC(40) Old regions: 1014->1014
[13.593s][info][gc,heap     ] GC(40) Humongous regions: 5->5
[13.593s][info][gc,metaspace] GC(40) Metaspace: 1578K(1664K)->1578K(1664K) NonClass: 1449K(1472K)->1449K(1472K) Class: 129K(192K)->129K(192K)
[13.593s][info][gc          ] GC(40) Pause Young (Prepare Mixed) (G1 Evacuation Pause) 2602M->2086M(3540M) 23.410ms
[13.593s][info][gc,cpu      ] GC(40) User=0.16s Sys=0.00s Real=0.02s
[15.173s][info][gc,start    ] GC(41) Pause Young (Mixed) (G1 Evacuation Pause)
[15.173s][info][gc,task     ] GC(41) Using 10 workers of 10 for evacuation
[15.221s][info][gc,phases   ] GC(41)   Pre Evacuate Collection Set: 0.3ms
[15.222s][info][gc,phases   ] GC(41)   Merge Heap Roots: 0.6ms
[15.222s][info][gc,phases   ] GC(41)   Evacuate Collection Set: 46.8ms
[15.222s][info][gc,phases   ] GC(41)   Post Evacuate Collection Set: 0.9ms
[15.222s][info][gc,phases   ] GC(41)   Other: 0.1ms
[15.222s][info][gc,heap     ] GC(41) Eden regions: 612->0(565)
[15.222s][info][gc,heap     ] GC(41) Survivor regions: 25->44(80)
[15.222s][info][gc,heap     ] GC(41) Old regions: 1014->1014
[15.222s][info][gc,heap     ] GC(41) Humongous regions: 14->14
[15.222s][info][gc,metaspace] GC(41) Metaspace: 1578K(1664K)->1578K(1664K) NonClass: 1449K(1472K)->1449K(1472K) Class: 129K(192K)->129K(192K)
[15.222s][info][gc          ] GC(41) Pause Young (Mixed) (G1 Evacuation Pause) 3328M->2141M(3540M) 49.072ms
[15.222s][info][gc,cpu      ] GC(41) User=0.47s Sys=0.00s Real=0.05s
[16.682s][info][gc,start    ] GC(42) Pause Young (Mixed) (G1 Evacuation Pause)
[16.682s][info][gc,task     ] GC(42) Using 10 workers of 10 for evacuation
[16.737s][info][gc,phases   ] GC(42)   Pre Evacuate Collection Set: 0.3ms
[16.737s][info][gc,phases   ] GC(42)   Merge Heap Roots: 0.6ms
[16.737s][info][gc,phases   ] GC(42)   Evacuate Collection Set: 52.7ms
[16.737s][info][gc,phases   ] GC(42)   Post Evacuate Collection Set: 0.8ms
[16.737s][info][gc,phases   ] GC(42)   Other: 0.1ms
[16.737s][info][gc,heap     ] GC(42) Eden regions: 565->0(549)
[16.737s][info][gc,heap     ] GC(42) Survivor regions: 44->49(77)
[16.737s][info][gc,heap     ] GC(42) Old regions: 1014->1020
[16.737s][info][gc,heap     ] GC(42) Humongous regions: 14->14
[16.737s][info][gc,metaspace] GC(42) Metaspace: 1578K(1664K)->1578K(1664K) NonClass: 1449K(1472K)->1449K(1472K) Class: 129K(192K)->129K(192K)
[16.737s][info][gc          ] GC(42) Pause Young (Mixed) (G1 Evacuation Pause) 3271M->2163M(3540M) 54.863ms
[16.737s][info][gc,cpu      ] GC(42) User=0.47s Sys=0.00s Real=0.05s
[16.836s][info][gc,start    ] GC(43) Pause Young (Concurrent Start) (G1 Evacuation Pause)
[16.836s][info][gc,task     ] GC(43) Using 10 workers of 10 for evacuation
[16.880s][info][gc,phases   ] GC(43)   Pre Evacuate Collection Set: 0.3ms
[16.881s][info][gc,phases   ] GC(43)   Merge Heap Roots: 0.6ms
[16.881s][info][gc,phases   ] GC(43)   Evacuate Collection Set: 42.8ms
[16.881s][info][gc,phases   ] GC(43)   Post Evacuate Collection Set: 0.4ms
[16.881s][info][gc,phases   ] GC(43)   Other: 0.1ms
[16.881s][info][gc,heap     ] GC(43) Eden regions: 39->0(590)
[16.881s][info][gc,heap     ] GC(43) Survivor regions: 49->5(11)
[16.881s][info][gc,heap     ] GC(43) Old regions: 1020->1067
[16.881s][info][gc,heap     ] GC(43) Humongous regions: 14->14
[16.881s][info][gc,metaspace] GC(43) Metaspace: 1578K(1664K)->1578K(1664K) NonClass: 1449K(1472K)->1449K(1472K) Class: 129K(192K)->129K(192K)
[16.881s][info][gc          ] GC(43) Pause Young (Concurrent Start) (G1 Evacuation Pause) 2241M->2171M(3540M) 44.496ms
[16.881s][info][gc,cpu      ] GC(43) User=0.31s Sys=0.00s Real=0.04s
[16.881s][info][gc          ] GC(44) Concurrent Mark Cycle
[16.881s][info][gc,marking  ] GC(44) Concurrent Scan Root Regions
[16.902s][info][gc,marking  ] GC(44) Concurrent Scan Root Regions 21.335ms
[16.902s][info][gc,marking  ] GC(44) Concurrent Mark
[16.902s][info][gc,marking  ] GC(44) Concurrent Mark From Roots
[16.902s][info][gc,task     ] GC(44) Using 3 workers of 3 for marking
[16.980s][info][gc,marking  ] GC(44) Concurrent Mark From Roots 77.824ms
[16.980s][info][gc,marking  ] GC(44) Concurrent Preclean
[16.980s][info][gc,marking  ] GC(44) Concurrent Preclean 0.023ms
[16.980s][info][gc,start    ] GC(44) Pause Remark
[16.982s][info][gc          ] GC(44) Pause Remark 2243M->2233M(3724M) 1.794ms
[16.982s][info][gc,cpu      ] GC(44) User=0.00s Sys=0.00s Real=0.00s
[16.982s][info][gc,marking  ] GC(44) Concurrent Mark 79.934ms
[16.982s][info][gc,marking  ] GC(44) Concurrent Rebuild Remembered Sets and Scrub Regions
[17.032s][info][gc,marking  ] GC(44) Concurrent Rebuild Remembered Sets and Scrub Regions 49.583ms
[17.032s][info][gc,start    ] GC(44) Pause Cleanup
[17.032s][info][gc          ] GC(44) Pause Cleanup 2266M->2266M(3724M) 0.373ms
[17.032s][info][gc,cpu      ] GC(44) User=0.00s Sys=0.00s Real=0.00s
[17.032s][info][gc,marking  ] GC(44) Concurrent Clear Claimed Marks
[17.032s][info][gc,marking  ] GC(44) Concurrent Clear Claimed Marks 0.031ms
[17.032s][info][gc,marking  ] GC(44) Concurrent Cleanup for Next Mark
[17.037s][info][gc,marking  ] GC(44) Concurrent Cleanup for Next Mark 4.501ms
[17.037s][info][gc          ] GC(44) Concurrent Mark Cycle 156.186ms
[18.410s][info][gc,start    ] GC(45) Pause Young (Prepare Mixed) (G1 Evacuation Pause)
[18.410s][info][gc,task     ] GC(45) Using 10 workers of 10 for evacuation
[18.433s][info][gc,phases   ] GC(45)   Pre Evacuate Collection Set: 0.4ms
[18.433s][info][gc,phases   ] GC(45)   Merge Heap Roots: 0.5ms
[18.433s][info][gc,phases   ] GC(45)   Evacuate Collection Set: 21.4ms
[18.433s][info][gc,phases   ] GC(45)   Post Evacuate Collection Set: 0.8ms
[18.433s][info][gc,phases   ] GC(45)   Other: 0.1ms
[18.433s][info][gc,heap     ] GC(45) Eden regions: 585->0(662)
[18.433s][info][gc,heap     ] GC(45) Survivor regions: 5->15(74)
[18.433s][info][gc,heap     ] GC(45) Old regions: 1067->1067
[18.433s][info][gc,heap     ] GC(45) Humongous regions: 9->9
[18.433s][info][gc,metaspace] GC(45) Metaspace: 1578K(1664K)->1578K(1664K) NonClass: 1449K(1472K)->1449K(1472K) Class: 129K(192K)->129K(192K)
[18.433s][info][gc          ] GC(45) Pause Young (Prepare Mixed) (G1 Evacuation Pause) 3331M->2180M(3724M) 23.448ms
[18.433s][info][gc,cpu      ] GC(45) User=0.31s Sys=0.00s Real=0.02s
[20.127s][info][gc,start    ] GC(46) Pause Young (Mixed) (G1 Evacuation Pause)
[20.127s][info][gc,task     ] GC(46) Using 10 workers of 10 for evacuation
[20.164s][info][gc,phases   ] GC(46)   Pre Evacuate Collection Set: 0.3ms
[20.164s][info][gc,phases   ] GC(46)   Merge Heap Roots: 0.5ms
[20.164s][info][gc,phases   ] GC(46)   Evacuate Collection Set: 34.3ms
[20.164s][info][gc,phases   ] GC(46)   Post Evacuate Collection Set: 0.9ms
[20.164s][info][gc,phases   ] GC(46)   Other: 0.1ms
[20.164s][info][gc,heap     ] GC(46) Eden regions: 662->0(635)
[20.164s][info][gc,heap     ] GC(46) Survivor regions: 15->29(85)
[20.164s][info][gc,heap     ] GC(46) Old regions: 1067->1066
[20.164s][info][gc,heap     ] GC(46) Humongous regions: 9->9
[20.164s][info][gc,metaspace] GC(46) Metaspace: 1578K(1664K)->1578K(1664K) NonClass: 1449K(1472K)->1449K(1472K) Class: 129K(192K)->129K(192K)
[20.164s][info][gc          ] GC(46) Pause Young (Mixed) (G1 Evacuation Pause) 3504M->2207M(3724M) 36.435ms
[20.164s][info][gc,cpu      ] GC(46) User=0.47s Sys=0.00s Real=0.04s
[21.201s][info][gc,start    ] GC(47) Pause Young (Concurrent Start) (G1 Evacuation Pause)
[21.201s][info][gc,task     ] GC(47) Using 10 workers of 10 for evacuation
[21.238s][info][gc,phases   ] GC(47)   Pre Evacuate Collection Set: 0.3ms
[21.238s][info][gc,phases   ] GC(47)   Merge Heap Roots: 0.5ms
[21.238s][info][gc,phases   ] GC(47)   Evacuate Collection Set: 34.8ms
[21.238s][info][gc,phases   ] GC(47)   Post Evacuate Collection Set: 0.8ms
[21.238s][info][gc,phases   ] GC(47)   Other: 0.1ms
[21.238s][info][gc,heap     ] GC(47) Eden regions: 400->0(617)
[21.238s][info][gc,heap     ] GC(47) Survivor regions: 29->38(54)
[21.238s][info][gc,heap     ] GC(47) Old regions: 1066->1066
[21.238s][info][gc,heap     ] GC(47) Humongous regions: 9->9
[21.238s][info][gc,metaspace] GC(47) Metaspace: 1578K(1664K)->1578K(1664K) NonClass: 1449K(1472K)->1449K(1472K) Class: 129K(192K)->129K(192K)
[21.238s][info][gc          ] GC(47) Pause Young (Concurrent Start) (G1 Evacuation Pause) 3007M->2224M(3724M) 36.782ms
[21.238s][info][gc,cpu      ] GC(47) User=0.31s Sys=0.00s Real=0.04s
[21.238s][info][gc          ] GC(48) Concurrent Mark Cycle
[21.238s][info][gc,marking  ] GC(48) Concurrent Scan Root Regions
[21.250s][info][gc,marking  ] GC(48) Concurrent Scan Root Regions 11.753ms
[21.250s][info][gc,marking  ] GC(48) Concurrent Mark
[21.250s][info][gc,marking  ] GC(48) Concurrent Mark From Roots
[21.250s][info][gc,task     ] GC(48) Using 3 workers of 3 for marking
[21.381s][info][gc,marking  ] GC(48) Concurrent Mark From Roots 130.939ms
[21.381s][info][gc,marking  ] GC(48) Concurrent Preclean
[21.381s][info][gc,marking  ] GC(48) Concurrent Preclean 0.018ms
[21.381s][info][gc,start    ] GC(48) Pause Remark
[21.382s][info][gc          ] GC(48) Pause Remark 2318M->2318M(3868M) 1.398ms
[21.382s][info][gc,cpu      ] GC(48) User=0.02s Sys=0.00s Real=0.00s
[21.383s][info][gc,marking  ] GC(48) Concurrent Mark 132.632ms
[21.383s][info][gc,marking  ] GC(48) Concurrent Rebuild Remembered Sets and Scrub Regions
[21.457s][info][gc,marking  ] GC(48) Concurrent Rebuild Remembered Sets and Scrub Regions 74.179ms
[21.457s][info][gc,start    ] GC(48) Pause Cleanup
[21.457s][info][gc          ] GC(48) Pause Cleanup 2360M->2360M(3868M) 0.365ms
[21.457s][info][gc,cpu      ] GC(48) User=0.00s Sys=0.00s Real=0.00s
[21.457s][info][gc,marking  ] GC(48) Concurrent Clear Claimed Marks
[21.457s][info][gc,marking  ] GC(48) Concurrent Clear Claimed Marks 0.032ms
[21.457s][info][gc,marking  ] GC(48) Concurrent Cleanup for Next Mark
[21.462s][info][gc,marking  ] GC(48) Concurrent Cleanup for Next Mark 4.459ms
[21.462s][info][gc          ] GC(48) Concurrent Mark Cycle 223.778ms
[22.806s][info][gc,start    ] GC(49) Pause Young (Prepare Mixed) (G1 Evacuation Pause)
[22.806s][info][gc,task     ] GC(49) Using 10 workers of 10 for evacuation
[22.854s][info][gc,phases   ] GC(49)   Pre Evacuate Collection Set: 0.3ms
[22.854s][info][gc,phases   ] GC(49)   Merge Heap Roots: 0.9ms
[22.854s][info][gc,phases   ] GC(49)   Evacuate Collection Set: 45.6ms
[22.854s][info][gc,phases   ] GC(49)   Post Evacuate Collection Set: 1.0ms
[22.854s][info][gc,phases   ] GC(49)   Other: 0.1ms
[22.854s][info][gc,heap     ] GC(49) Eden regions: 583->0(661)
[22.854s][info][gc,heap     ] GC(49) Survivor regions: 38->50(78)
[22.854s][info][gc,heap     ] GC(49) Old regions: 1066->1066
[22.854s][info][gc,heap     ] GC(49) Humongous regions: 9->9
[22.854s][info][gc,metaspace] GC(49) Metaspace: 1586K(1664K)->1586K(1664K) NonClass: 1457K(1472K)->1457K(1472K) Class: 129K(192K)->129K(192K)
[22.854s][info][gc          ] GC(49) Pause Young (Prepare Mixed) (G1 Evacuation Pause) 3390M->2248M(3868M) 48.124ms
[22.855s][info][gc,cpu      ] GC(49) User=0.47s Sys=0.00s Real=0.05s
[24.592s][info][gc,start    ] GC(50) Pause Young (Mixed) (G1 Evacuation Pause)
[24.592s][info][gc,task     ] GC(50) Using 10 workers of 10 for evacuation
[24.662s][info][gc,phases   ] GC(50)   Pre Evacuate Collection Set: 0.3ms
[24.662s][info][gc,phases   ] GC(50)   Merge Heap Roots: 0.8ms
[24.662s][info][gc,phases   ] GC(50)   Evacuate Collection Set: 67.8ms
[24.662s][info][gc,phases   ] GC(50)   Post Evacuate Collection Set: 1.0ms
[24.662s][info][gc,phases   ] GC(50)   Other: 0.1ms
[24.662s][info][gc,heap     ] GC(50) Eden regions: 661->0(632)
[24.662s][info][gc,heap     ] GC(50) Survivor regions: 50->50(89)
[24.662s][info][gc,heap     ] GC(50) Old regions: 1066->1078
[24.662s][info][gc,heap     ] GC(50) Humongous regions: 26->26
[24.662s][info][gc,metaspace] GC(50) Metaspace: 1586K(1664K)->1586K(1664K) NonClass: 1457K(1472K)->1457K(1472K) Class: 129K(192K)->129K(192K)
[24.662s][info][gc          ] GC(50) Pause Young (Mixed) (G1 Evacuation Pause) 3604M->2306M(3868M) 70.379ms
[24.662s][info][gc,cpu      ] GC(50) User=0.66s Sys=0.00s Real=0.07s
[26.411s][info][gc,start    ] GC(51) Pause Young (Concurrent Start) (G1 Evacuation Pause)
[26.411s][info][gc,task     ] GC(51) Using 10 workers of 10 for evacuation
[26.490s][info][gc,phases   ] GC(51)   Pre Evacuate Collection Set: 0.3ms
[26.490s][info][gc,phases   ] GC(51)   Merge Heap Roots: 1.2ms
[26.490s][info][gc,phases   ] GC(51)   Evacuate Collection Set: 76.3ms
[26.490s][info][gc,phases   ] GC(51)   Post Evacuate Collection Set: 1.0ms
[26.490s][info][gc,phases   ] GC(51)   Other: 0.2ms
[26.490s][info][gc,heap     ] GC(51) Eden regions: 616->0(606)
[26.490s][info][gc,heap     ] GC(51) Survivor regions: 50->56(84)
[26.490s][info][gc,heap     ] GC(51) Old regions: 1078->1092
[26.490s][info][gc,heap     ] GC(51) Humongous regions: 26->26
[26.490s][info][gc,metaspace] GC(51) Metaspace: 1586K(1664K)->1586K(1664K) NonClass: 1457K(1472K)->1457K(1472K) Class: 129K(192K)->129K(192K)
[26.490s][info][gc          ] GC(51) Pause Young (Concurrent Start) (G1 Evacuation Pause) 3538M->2346M(3868M) 79.234ms
[26.490s][info][gc,cpu      ] GC(51) User=0.78s Sys=0.00s Real=0.08s
[26.490s][info][gc          ] GC(52) Concurrent Mark Cycle
[26.490s][info][gc,marking  ] GC(52) Concurrent Scan Root Regions
[26.527s][info][gc,marking  ] GC(52) Concurrent Scan Root Regions 37.439ms
[26.528s][info][gc,marking  ] GC(52) Concurrent Mark
[26.528s][info][gc,marking  ] GC(52) Concurrent Mark From Roots
[26.528s][info][gc,task     ] GC(52) Using 3 workers of 3 for marking
[26.678s][info][gc,marking  ] GC(52) Concurrent Mark From Roots 150.033ms
[26.678s][info][gc,marking  ] GC(52) Concurrent Preclean
[26.678s][info][gc,marking  ] GC(52) Concurrent Preclean 0.028ms
[26.678s][info][gc,start    ] GC(52) Pause Remark
[26.679s][info][gc          ] GC(52) Pause Remark 2477M->2459M(4096M) 1.719ms
[26.680s][info][gc,cpu      ] GC(52) User=0.00s Sys=0.00s Real=0.00s
[26.680s][info][gc,marking  ] GC(52) Concurrent Mark 152.113ms
[26.680s][info][gc,marking  ] GC(52) Concurrent Rebuild Remembered Sets and Scrub Regions
[26.745s][info][gc,start    ] GC(53) Pause Young (Normal) (G1 Evacuation Pause)
[26.745s][info][gc,task     ] GC(53) Using 10 workers of 10 for evacuation
[26.802s][info][gc,phases   ] GC(53)   Pre Evacuate Collection Set: 0.2ms
[26.802s][info][gc,phases   ] GC(53)   Merge Heap Roots: 1.0ms
[26.802s][info][gc,phases   ] GC(53)   Evacuate Collection Set: 55.4ms
[26.802s][info][gc,phases   ] GC(53)   Post Evacuate Collection Set: 0.7ms
[26.802s][info][gc,phases   ] GC(53)   Other: 0.1ms
[26.802s][info][gc,heap     ] GC(53) Eden regions: 85->0(716)
[26.802s][info][gc,heap     ] GC(53) Survivor regions: 56->5(18)
[26.802s][info][gc,heap     ] GC(53) Old regions: 1092->1147
[26.802s][info][gc,heap     ] GC(53) Humongous regions: 17->17
[26.802s][info][gc,metaspace] GC(53) Metaspace: 1586K(1664K)->1586K(1664K) NonClass: 1457K(1472K)->1457K(1472K) Class: 129K(192K)->129K(192K)
[26.802s][info][gc          ] GC(53) Pause Young (Normal) (G1 Evacuation Pause) 2498M->2337M(4096M) 57.736ms
[26.802s][info][gc,cpu      ] GC(53) User=0.47s Sys=0.00s Real=0.06s
[26.834s][info][gc,marking  ] GC(52) Concurrent Rebuild Remembered Sets and Scrub Regions 154.504ms
[26.834s][info][gc,start    ] GC(52) Pause Cleanup
[26.835s][info][gc          ] GC(52) Pause Cleanup 2355M->2355M(4096M) 0.426ms
[26.835s][info][gc,cpu      ] GC(52) User=0.00s Sys=0.02s Real=0.00s
[26.835s][info][gc,marking  ] GC(52) Concurrent Clear Claimed Marks
[26.835s][info][gc,marking  ] GC(52) Concurrent Clear Claimed Marks 0.053ms
[26.835s][info][gc,marking  ] GC(52) Concurrent Cleanup for Next Mark
[26.840s][info][gc,marking  ] GC(52) Concurrent Cleanup for Next Mark 5.049ms
[26.840s][info][gc          ] GC(52) Concurrent Mark Cycle 349.930ms
[28.814s][info][gc,start    ] GC(54) Pause Young (Prepare Mixed) (G1 Evacuation Pause)
[28.814s][info][gc,task     ] GC(54) Using 10 workers of 10 for evacuation
[28.849s][info][gc,phases   ] GC(54)   Pre Evacuate Collection Set: 0.3ms
[28.849s][info][gc,phases   ] GC(54)   Merge Heap Roots: 0.8ms
[28.849s][info][gc,phases   ] GC(54)   Evacuate Collection Set: 31.9ms
[28.849s][info][gc,phases   ] GC(54)   Post Evacuate Collection Set: 1.2ms
[28.849s][info][gc,phases   ] GC(54)   Other: 0.1ms
[28.849s][info][gc,heap     ] GC(54) Eden regions: 716->0(747)
[28.849s][info][gc,heap     ] GC(54) Survivor regions: 5->17(91)
[28.849s][info][gc,heap     ] GC(54) Old regions: 1147->1147
[28.849s][info][gc,heap     ] GC(54) Humongous regions: 17->17
[28.849s][info][gc,metaspace] GC(54) Metaspace: 1586K(1664K)->1586K(1664K) NonClass: 1457K(1472K)->1457K(1472K) Class: 129K(192K)->129K(192K)
[28.849s][info][gc          ] GC(54) Pause Young (Prepare Mixed) (G1 Evacuation Pause) 3769M->2360M(4096M) 34.571ms
[28.849s][info][gc,cpu      ] GC(54) User=0.31s Sys=0.00s Real=0.03s
[31.576s][info][gc,heap,exit] Heap
[31.576s][info][gc,heap,exit]  garbage-first heap   total 4194304K, used 3887226K [0x0000000700000000, 0x0000000800000000)
[31.576s][info][gc,heap,exit]   region size 2048K, 703 young (1439744K), 17 survivors (34816K)
[31.576s][info][gc,heap,exit]  Metaspace       used 1733K, committed 1856K, reserved 1114112K
[31.576s][info][gc,heap,exit]   class space    used 147K, committed 192K, reserved 1048576K
