[0.009s][info][gc,init] CardTable entry size: 512
[0.009s][info][gc     ] Using G1
[0.018s][info][gc,init] Version: 21.0.5+9-LTS-239 (release)
[0.019s][info][gc,init] CPUs: 12 total, 12 available
[0.019s][info][gc,init] Memory: 16190M
[0.019s][info][gc,init] Large Page Support: Disabled
[0.019s][info][gc,init] NUMA Support: Disabled
[0.019s][info][gc,init] Compressed Oops: Enabled (Zero based)
[0.019s][info][gc,init] Heap Region Size: 2M
[0.019s][info][gc,init] Heap Min Capacity: 2G
[0.019s][info][gc,init] Heap Initial Capacity: 2G
[0.019s][info][gc,init] Heap Max Capacity: 4G
[0.019s][info][gc,init] Pre-touch: Disabled
[0.019s][info][gc,init] Parallel Workers: 10
[0.019s][info][gc,init] Concurrent Workers: 3
[0.019s][info][gc,init] Concurrent Refinement Workers: 10
[0.019s][info][gc,init] Periodic GC: Disabled
[0.028s][info][gc,metaspace] CDS archive(s) mapped at: [0x0000020c84000000-0x0000020c84c90000-0x0000020c84c90000), size 13172736, SharedBaseAddress: 0x0000020c84000000, ArchiveRelocationMode: 1.
[0.028s][info][gc,metaspace] Compressed class space mapped at: 0x0000020c85000000-0x0000020cc5000000, reserved size: 1073741824
[0.028s][info][gc,metaspace] Narrow klass base: 0x0000020c84000000, Narrow klass shift: 0, Narrow klass range: 0x100000000
[0.470s][info][gc,start    ] GC(0) Pause Young (Normal) (G1 Evacuation Pause)
[0.470s][info][gc,task     ] GC(0) Using 10 workers of 10 for evacuation
[0.474s][info][gc,phases   ] GC(0)   Pre Evacuate Collection Set: 0.2ms
[0.474s][info][gc,phases   ] GC(0)   Merge Heap Roots: 0.2ms
[0.474s][info][gc,phases   ] GC(0)   Evacuate Collection Set: 3.1ms
[0.474s][info][gc,phases   ] GC(0)   Post Evacuate Collection Set: 0.5ms
[0.475s][info][gc,phases   ] GC(0)   Other: 0.8ms
[0.475s][info][gc,heap     ] GC(0) Eden regions: 51->0(44)
[0.475s][info][gc,heap     ] GC(0) Survivor regions: 0->7(7)
[0.475s][info][gc,heap     ] GC(0) Old regions: 0->4
[0.475s][info][gc,heap     ] GC(0) Humongous regions: 1->0
[0.475s][info][gc,metaspace] GC(0) Metaspace: 1310K(1472K)->1310K(1472K) NonClass: 1213K(1280K)->1213K(1280K) Class: 97K(192K)->97K(192K)
[0.475s][info][gc          ] GC(0) Pause Young (Normal) (G1 Evacuation Pause) 104M->21M(2048M) 5.102ms
[0.475s][info][gc,cpu      ] GC(0) User=0.05s Sys=0.00s Real=0.01s
[0.592s][info][gc,start    ] GC(1) Pause Young (Normal) (G1 Evacuation Pause)
[0.592s][info][gc,task     ] GC(1) Using 10 workers of 10 for evacuation
[0.596s][info][gc,phases   ] GC(1)   Pre Evacuate Collection Set: 0.3ms
[0.596s][info][gc,phases   ] GC(1)   Merge Heap Roots: 0.1ms
[0.596s][info][gc,phases   ] GC(1)   Evacuate Collection Set: 3.6ms
[0.596s][info][gc,phases   ] GC(1)   Post Evacuate Collection Set: 0.5ms
[0.596s][info][gc,phases   ] GC(1)   Other: 0.1ms
[0.596s][info][gc,heap     ] GC(1) Eden regions: 44->0(44)
[0.596s][info][gc,heap     ] GC(1) Survivor regions: 7->7(7)
[0.596s][info][gc,heap     ] GC(1) Old regions: 4->13
[0.596s][info][gc,heap     ] GC(1) Humongous regions: 0->0
[0.596s][info][gc,metaspace] GC(1) Metaspace: 1313K(1472K)->1313K(1472K) NonClass: 1216K(1280K)->1216K(1280K) Class: 97K(192K)->97K(192K)
[0.596s][info][gc          ] GC(1) Pause Young (Normal) (G1 Evacuation Pause) 109M->38M(2048M) 4.878ms
[0.596s][info][gc,cpu      ] GC(1) User=0.11s Sys=0.05s Real=0.01s
[0.908s][info][gc,start    ] GC(2) Pause Young (Normal) (G1 Evacuation Pause)
[0.908s][info][gc,task     ] GC(2) Using 10 workers of 10 for evacuation
[0.914s][info][gc,phases   ] GC(2)   Pre Evacuate Collection Set: 0.3ms
[0.914s][info][gc,phases   ] GC(2)   Merge Heap Roots: 0.1ms
[0.914s][info][gc,phases   ] GC(2)   Evacuate Collection Set: 5.0ms
[0.914s][info][gc,phases   ] GC(2)   Post Evacuate Collection Set: 0.4ms
[0.914s][info][gc,phases   ] GC(2)   Other: 0.1ms
[0.914s][info][gc,heap     ] GC(2) Eden regions: 44->0(45)
[0.914s][info][gc,heap     ] GC(2) Survivor regions: 7->6(7)
[0.914s][info][gc,heap     ] GC(2) Old regions: 13->20
[0.914s][info][gc,heap     ] GC(2) Humongous regions: 0->0
[0.914s][info][gc,metaspace] GC(2) Metaspace: 1704K(1856K)->1704K(1856K) NonClass: 1524K(1600K)->1524K(1600K) Class: 180K(256K)->180K(256K)
[0.914s][info][gc          ] GC(2) Pause Young (Normal) (G1 Evacuation Pause) 126M->50M(2048M) 6.213ms
[0.914s][info][gc,cpu      ] GC(2) User=0.00s Sys=0.00s Real=0.01s
[1.046s][info][gc,start    ] GC(3) Pause Young (Normal) (G1 Evacuation Pause)
[1.046s][info][gc,task     ] GC(3) Using 10 workers of 10 for evacuation
[1.053s][info][gc,phases   ] GC(3)   Pre Evacuate Collection Set: 0.2ms
[1.053s][info][gc,phases   ] GC(3)   Merge Heap Roots: 0.1ms
[1.053s][info][gc,phases   ] GC(3)   Evacuate Collection Set: 6.3ms
[1.053s][info][gc,phases   ] GC(3)   Post Evacuate Collection Set: 0.3ms
[1.053s][info][gc,phases   ] GC(3)   Other: 0.1ms
[1.053s][info][gc,heap     ] GC(3) Eden regions: 45->0(85)
[1.053s][info][gc,heap     ] GC(3) Survivor regions: 6->4(7)
[1.053s][info][gc,heap     ] GC(3) Old regions: 20->25
[1.053s][info][gc,heap     ] GC(3) Humongous regions: 1->1
[1.053s][info][gc,metaspace] GC(3) Metaspace: 1707K(1856K)->1707K(1856K) NonClass: 1527K(1600K)->1527K(1600K) Class: 180K(256K)->180K(256K)
[1.053s][info][gc          ] GC(3) Pause Young (Normal) (G1 Evacuation Pause) 142M->57M(2048M) 7.332ms
[1.053s][info][gc,cpu      ] GC(3) User=0.12s Sys=0.03s Real=0.01s
[1.207s][info][gc,start    ] GC(4) Pause Young (Normal) (G1 Evacuation Pause)
[1.207s][info][gc,task     ] GC(4) Using 10 workers of 10 for evacuation
[1.216s][info][gc,phases   ] GC(4)   Pre Evacuate Collection Set: 0.2ms
[1.216s][info][gc,phases   ] GC(4)   Merge Heap Roots: 0.1ms
[1.216s][info][gc,phases   ] GC(4)   Evacuate Collection Set: 8.6ms
[1.216s][info][gc,phases   ] GC(4)   Post Evacuate Collection Set: 0.3ms
[1.216s][info][gc,phases   ] GC(4)   Other: 0.1ms
[1.216s][info][gc,heap     ] GC(4) Eden regions: 85->0(134)
[1.216s][info][gc,heap     ] GC(4) Survivor regions: 4->8(12)
[1.216s][info][gc,heap     ] GC(4) Old regions: 25->25
[1.216s][info][gc,heap     ] GC(4) Humongous regions: 1->1
[1.216s][info][gc,metaspace] GC(4) Metaspace: 1715K(1920K)->1715K(1920K) NonClass: 1535K(1664K)->1535K(1664K) Class: 180K(256K)->180K(256K)
[1.216s][info][gc          ] GC(4) Pause Young (Normal) (G1 Evacuation Pause) 227M->65M(2048M) 9.629ms
[1.216s][info][gc,cpu      ] GC(4) User=0.00s Sys=0.00s Real=0.01s
[1.379s][info][gc,heap,exit] Heap
[1.379s][info][gc,heap,exit]  garbage-first heap   total 2097152K, used 149033K [0x0000000700000000, 0x0000000800000000)
[1.379s][info][gc,heap,exit]   region size 2048K, 47 young (96256K), 8 survivors (16384K)
[1.379s][info][gc,heap,exit]  Metaspace       used 1879K, committed 1984K, reserved 1114112K
[1.379s][info][gc,heap,exit]   class space    used 198K, committed 256K, reserved 1048576K
