[0.013s][info][gc,init] CardTable entry size: 512
[0.014s][info][gc     ] Using G1
[0.025s][info][gc,init] Version: 21.0.5+9-LTS-239 (release)
[0.025s][info][gc,init] CPUs: 12 total, 12 available
[0.025s][info][gc,init] Memory: 16190M
[0.025s][info][gc,init] Large Page Support: Disabled
[0.025s][info][gc,init] NUMA Support: Disabled
[0.025s][info][gc,init] Compressed Oops: Enabled (Zero based)
[0.025s][info][gc,init] Heap Region Size: 2M
[0.025s][info][gc,init] Heap Min Capacity: 2G
[0.025s][info][gc,init] Heap Initial Capacity: 2G
[0.025s][info][gc,init] Heap Max Capacity: 4G
[0.025s][info][gc,init] Pre-touch: Disabled
[0.025s][info][gc,init] Parallel Workers: 10
[0.025s][info][gc,init] Concurrent Workers: 3
[0.026s][info][gc,init] Concurrent Refinement Workers: 10
[0.026s][info][gc,init] Periodic GC: Disabled
[0.043s][info][gc,metaspace] CDS archive(s) mapped at: [0x0000022ccb000000-0x0000022ccbc90000-0x0000022ccbc90000), size 13172736, SharedBaseAddress: 0x0000022ccb000000, ArchiveRelocationMode: 1.
[0.043s][info][gc,metaspace] Compressed class space mapped at: 0x0000022ccc000000-0x0000022d0c000000, reserved size: 1073741824
[0.043s][info][gc,metaspace] Narrow klass base: 0x0000022ccb000000, Narrow klass shift: 0, Narrow klass range: 0x100000000
[0.479s][info][gc,start    ] GC(0) Pause Young (Normal) (G1 Evacuation Pause)
[0.480s][info][gc,task     ] GC(0) Using 10 workers of 10 for evacuation
[0.484s][info][gc,phases   ] GC(0)   Pre Evacuate Collection Set: 0.2ms
[0.484s][info][gc,phases   ] GC(0)   Merge Heap Roots: 0.1ms
[0.484s][info][gc,phases   ] GC(0)   Evacuate Collection Set: 3.6ms
[0.484s][info][gc,phases   ] GC(0)   Post Evacuate Collection Set: 0.5ms
[0.485s][info][gc,phases   ] GC(0)   Other: 0.6ms
[0.485s][info][gc,heap     ] GC(0) Eden regions: 51->0(44)
[0.485s][info][gc,heap     ] GC(0) Survivor regions: 0->7(7)
[0.485s][info][gc,heap     ] GC(0) Old regions: 0->4
[0.485s][info][gc,heap     ] GC(0) Humongous regions: 1->0
[0.485s][info][gc,metaspace] GC(0) Metaspace: 1317K(1472K)->1317K(1472K) NonClass: 1219K(1280K)->1219K(1280K) Class: 97K(192K)->97K(192K)
[0.485s][info][gc          ] GC(0) Pause Young (Normal) (G1 Evacuation Pause) 104M->20M(2048M) 5.537ms
[0.485s][info][gc,cpu      ] GC(0) User=0.00s Sys=0.00s Real=0.01s
[0.619s][info][gc,start    ] GC(1) Pause Young (Normal) (G1 Evacuation Pause)
[0.619s][info][gc,task     ] GC(1) Using 10 workers of 10 for evacuation
[0.624s][info][gc,phases   ] GC(1)   Pre Evacuate Collection Set: 0.3ms
[0.624s][info][gc,phases   ] GC(1)   Merge Heap Roots: 0.1ms
[0.624s][info][gc,phases   ] GC(1)   Evacuate Collection Set: 3.9ms
[0.624s][info][gc,phases   ] GC(1)   Post Evacuate Collection Set: 0.5ms
[0.624s][info][gc,phases   ] GC(1)   Other: 0.1ms
[0.624s][info][gc,heap     ] GC(1) Eden regions: 44->0(44)
[0.624s][info][gc,heap     ] GC(1) Survivor regions: 7->7(7)
[0.624s][info][gc,heap     ] GC(1) Old regions: 4->12
[0.624s][info][gc,heap     ] GC(1) Humongous regions: 0->0
[0.624s][info][gc,metaspace] GC(1) Metaspace: 1320K(1472K)->1320K(1472K) NonClass: 1223K(1280K)->1223K(1280K) Class: 97K(192K)->97K(192K)
[0.624s][info][gc          ] GC(1) Pause Young (Normal) (G1 Evacuation Pause) 108M->37M(2048M) 5.099ms
[0.624s][info][gc,cpu      ] GC(1) User=0.00s Sys=0.00s Real=0.00s
[0.691s][info][gc,start    ] GC(2) Pause Young (Normal) (G1 Evacuation Pause)
[0.691s][info][gc,task     ] GC(2) Using 10 workers of 10 for evacuation
[0.697s][info][gc,phases   ] GC(2)   Pre Evacuate Collection Set: 0.2ms
[0.697s][info][gc,phases   ] GC(2)   Merge Heap Roots: 0.1ms
[0.697s][info][gc,phases   ] GC(2)   Evacuate Collection Set: 4.5ms
[0.697s][info][gc,phases   ] GC(2)   Post Evacuate Collection Set: 1.0ms
[0.697s][info][gc,phases   ] GC(2)   Other: 0.1ms
[0.697s][info][gc,heap     ] GC(2) Eden regions: 44->0(44)
[0.697s][info][gc,heap     ] GC(2) Survivor regions: 7->7(7)
[0.697s][info][gc,heap     ] GC(2) Old regions: 12->21
[0.697s][info][gc,heap     ] GC(2) Humongous regions: 0->0
[0.697s][info][gc,metaspace] GC(2) Metaspace: 1321K(1472K)->1321K(1472K) NonClass: 1224K(1280K)->1224K(1280K) Class: 97K(192K)->97K(192K)
[0.697s][info][gc          ] GC(2) Pause Young (Normal) (G1 Evacuation Pause) 125M->54M(2048M) 6.182ms
[0.697s][info][gc,cpu      ] GC(2) User=0.06s Sys=0.11s Real=0.01s
[0.759s][info][gc,start    ] GC(3) Pause Young (Normal) (G1 Evacuation Pause)
[0.759s][info][gc,task     ] GC(3) Using 10 workers of 10 for evacuation
[0.764s][info][gc,phases   ] GC(3)   Pre Evacuate Collection Set: 0.3ms
[0.764s][info][gc,phases   ] GC(3)   Merge Heap Roots: 0.1ms
[0.764s][info][gc,phases   ] GC(3)   Evacuate Collection Set: 3.5ms
[0.764s][info][gc,phases   ] GC(3)   Post Evacuate Collection Set: 0.5ms
[0.764s][info][gc,phases   ] GC(3)   Other: 0.1ms
[0.764s][info][gc,heap     ] GC(3) Eden regions: 44->0(61)
[0.764s][info][gc,heap     ] GC(3) Survivor regions: 7->7(7)
[0.764s][info][gc,heap     ] GC(3) Old regions: 21->29
[0.764s][info][gc,heap     ] GC(3) Humongous regions: 0->0
[0.764s][info][gc,metaspace] GC(3) Metaspace: 1321K(1472K)->1321K(1472K) NonClass: 1224K(1280K)->1224K(1280K) Class: 97K(192K)->97K(192K)
[0.764s][info][gc          ] GC(3) Pause Young (Normal) (G1 Evacuation Pause) 142M->71M(2048M) 4.783ms
[0.764s][info][gc,cpu      ] GC(3) User=0.00s Sys=0.00s Real=0.01s
[0.848s][info][gc,start    ] GC(4) Pause Young (Normal) (G1 Evacuation Pause)
[0.848s][info][gc,task     ] GC(4) Using 10 workers of 10 for evacuation
[0.854s][info][gc,phases   ] GC(4)   Pre Evacuate Collection Set: 0.3ms
[0.854s][info][gc,phases   ] GC(4)   Merge Heap Roots: 0.1ms
[0.854s][info][gc,phases   ] GC(4)   Evacuate Collection Set: 5.2ms
[0.854s][info][gc,phases   ] GC(4)   Post Evacuate Collection Set: 0.5ms
[0.854s][info][gc,phases   ] GC(4)   Other: 0.1ms
[0.854s][info][gc,heap     ] GC(4) Eden regions: 61->0(76)
[0.854s][info][gc,heap     ] GC(4) Survivor regions: 7->9(9)
[0.854s][info][gc,heap     ] GC(4) Old regions: 29->39
[0.854s][info][gc,heap     ] GC(4) Humongous regions: 0->0
[0.854s][info][gc,metaspace] GC(4) Metaspace: 1321K(1472K)->1321K(1472K) NonClass: 1224K(1280K)->1224K(1280K) Class: 97K(192K)->97K(192K)
[0.854s][info][gc          ] GC(4) Pause Young (Normal) (G1 Evacuation Pause) 193M->95M(2048M) 6.428ms
[0.854s][info][gc,cpu      ] GC(4) User=0.05s Sys=0.11s Real=0.01s
[0.961s][info][gc,start    ] GC(5) Pause Young (Normal) (G1 Evacuation Pause)
[0.961s][info][gc,task     ] GC(5) Using 10 workers of 10 for evacuation
[0.970s][info][gc,phases   ] GC(5)   Pre Evacuate Collection Set: 0.2ms
[0.970s][info][gc,phases   ] GC(5)   Merge Heap Roots: 0.1ms
[0.970s][info][gc,phases   ] GC(5)   Evacuate Collection Set: 7.6ms
[0.970s][info][gc,phases   ] GC(5)   Post Evacuate Collection Set: 0.5ms
[0.970s][info][gc,phases   ] GC(5)   Other: 0.1ms
[0.970s][info][gc,heap     ] GC(5) Eden regions: 76->0(85)
[0.970s][info][gc,heap     ] GC(5) Survivor regions: 9->11(11)
[0.970s][info][gc,heap     ] GC(5) Old regions: 39->52
[0.970s][info][gc,heap     ] GC(5) Humongous regions: 0->0
[0.970s][info][gc,metaspace] GC(5) Metaspace: 1321K(1472K)->1321K(1472K) NonClass: 1224K(1280K)->1224K(1280K) Class: 97K(192K)->97K(192K)
[0.970s][info][gc          ] GC(5) Pause Young (Normal) (G1 Evacuation Pause) 247M->125M(2048M) 8.704ms
[0.970s][info][gc,cpu      ] GC(5) User=0.00s Sys=0.00s Real=0.01s
[1.080s][info][gc,start    ] GC(6) Pause Young (Normal) (G1 Evacuation Pause)
[1.080s][info][gc,task     ] GC(6) Using 10 workers of 10 for evacuation
[1.089s][info][gc,phases   ] GC(6)   Pre Evacuate Collection Set: 0.2ms
[1.089s][info][gc,phases   ] GC(6)   Merge Heap Roots: 0.1ms
[1.089s][info][gc,phases   ] GC(6)   Evacuate Collection Set: 7.3ms
[1.089s][info][gc,phases   ] GC(6)   Post Evacuate Collection Set: 0.6ms
[1.089s][info][gc,phases   ] GC(6)   Other: 0.1ms
[1.089s][info][gc,heap     ] GC(6) Eden regions: 85->0(114)
[1.089s][info][gc,heap     ] GC(6) Survivor regions: 11->12(12)
[1.089s][info][gc,heap     ] GC(6) Old regions: 52->68
[1.089s][info][gc,heap     ] GC(6) Humongous regions: 1->0
[1.089s][info][gc,metaspace] GC(6) Metaspace: 1321K(1472K)->1321K(1472K) NonClass: 1224K(1280K)->1224K(1280K) Class: 97K(192K)->97K(192K)
[1.089s][info][gc          ] GC(6) Pause Young (Normal) (G1 Evacuation Pause) 297M->158M(2048M) 8.644ms
[1.089s][info][gc,cpu      ] GC(6) User=0.09s Sys=0.06s Real=0.01s
[1.246s][info][gc,start    ] GC(7) Pause Young (Normal) (G1 Evacuation Pause)
[1.246s][info][gc,task     ] GC(7) Using 10 workers of 10 for evacuation
[1.258s][info][gc,phases   ] GC(7)   Pre Evacuate Collection Set: 0.3ms
[1.258s][info][gc,phases   ] GC(7)   Merge Heap Roots: 0.1ms
[1.258s][info][gc,phases   ] GC(7)   Evacuate Collection Set: 10.8ms
[1.258s][info][gc,phases   ] GC(7)   Post Evacuate Collection Set: 0.5ms
[1.258s][info][gc,phases   ] GC(7)   Other: 0.1ms
[1.258s][info][gc,heap     ] GC(7) Eden regions: 114->0(149)
[1.258s][info][gc,heap     ] GC(7) Survivor regions: 12->16(16)
[1.258s][info][gc,heap     ] GC(7) Old regions: 68->86
[1.258s][info][gc,heap     ] GC(7) Humongous regions: 0->0
[1.258s][info][gc,metaspace] GC(7) Metaspace: 1321K(1472K)->1321K(1472K) NonClass: 1224K(1280K)->1224K(1280K) Class: 97K(192K)->97K(192K)
[1.258s][info][gc          ] GC(7) Pause Young (Normal) (G1 Evacuation Pause) 386M->203M(2048M) 12.102ms
[1.258s][info][gc,cpu      ] GC(7) User=0.03s Sys=0.00s Real=0.01s
[1.458s][info][gc,start    ] GC(8) Pause Young (Normal) (G1 Evacuation Pause)
[1.458s][info][gc,task     ] GC(8) Using 10 workers of 10 for evacuation
[1.474s][info][gc,phases   ] GC(8)   Pre Evacuate Collection Set: 0.2ms
[1.474s][info][gc,phases   ] GC(8)   Merge Heap Roots: 0.1ms
[1.474s][info][gc,phases   ] GC(8)   Evacuate Collection Set: 14.6ms
[1.474s][info][gc,phases   ] GC(8)   Post Evacuate Collection Set: 0.5ms
[1.474s][info][gc,phases   ] GC(8)   Other: 0.1ms
[1.474s][info][gc,heap     ] GC(8) Eden regions: 149->0(175)
[1.474s][info][gc,heap     ] GC(8) Survivor regions: 16->21(21)
[1.474s][info][gc,heap     ] GC(8) Old regions: 86->111
[1.474s][info][gc,heap     ] GC(8) Humongous regions: 1->0
[1.474s][info][gc,metaspace] GC(8) Metaspace: 1321K(1472K)->1321K(1472K) NonClass: 1224K(1280K)->1224K(1280K) Class: 97K(192K)->97K(192K)
[1.474s][info][gc          ] GC(8) Pause Young (Normal) (G1 Evacuation Pause) 503M->263M(2048M) 15.785ms
[1.474s][info][gc,cpu      ] GC(8) User=0.11s Sys=0.05s Real=0.02s
[1.699s][info][gc,start    ] GC(9) Pause Young (Normal) (G1 Evacuation Pause)
[1.699s][info][gc,task     ] GC(9) Using 10 workers of 10 for evacuation
[1.718s][info][gc,phases   ] GC(9)   Pre Evacuate Collection Set: 0.3ms
[1.718s][info][gc,phases   ] GC(9)   Merge Heap Roots: 0.1ms
[1.718s][info][gc,phases   ] GC(9)   Evacuate Collection Set: 17.7ms
[1.718s][info][gc,phases   ] GC(9)   Post Evacuate Collection Set: 0.6ms
[1.718s][info][gc,phases   ] GC(9)   Other: 0.1ms
[1.718s][info][gc,heap     ] GC(9) Eden regions: 175->0(204)
[1.718s][info][gc,heap     ] GC(9) Survivor regions: 21->25(25)
[1.718s][info][gc,heap     ] GC(9) Old regions: 111->141
[1.718s][info][gc,heap     ] GC(9) Humongous regions: 0->0
[1.718s][info][gc,metaspace] GC(9) Metaspace: 1321K(1472K)->1321K(1472K) NonClass: 1224K(1280K)->1224K(1280K) Class: 97K(192K)->97K(192K)
[1.718s][info][gc          ] GC(9) Pause Young (Normal) (G1 Evacuation Pause) 613M->331M(2048M) 19.098ms
[1.718s][info][gc,cpu      ] GC(9) User=0.00s Sys=0.16s Real=0.02s
[1.977s][info][gc,start    ] GC(10) Pause Young (Normal) (G1 Evacuation Pause)
[1.977s][info][gc,task     ] GC(10) Using 10 workers of 10 for evacuation
[2.001s][info][gc,phases   ] GC(10)   Pre Evacuate Collection Set: 0.3ms
[2.001s][info][gc,phases   ] GC(10)   Merge Heap Roots: 0.1ms
[2.001s][info][gc,phases   ] GC(10)   Evacuate Collection Set: 22.5ms
[2.001s][info][gc,phases   ] GC(10)   Post Evacuate Collection Set: 0.7ms
[2.001s][info][gc,phases   ] GC(10)   Other: 0.1ms
[2.001s][info][gc,heap     ] GC(10) Eden regions: 204->0(378)
[2.001s][info][gc,heap     ] GC(10) Survivor regions: 25->29(29)
[2.001s][info][gc,heap     ] GC(10) Old regions: 141->178
[2.001s][info][gc,heap     ] GC(10) Humongous regions: 0->0
[2.001s][info][gc,metaspace] GC(10) Metaspace: 1321K(1472K)->1321K(1472K) NonClass: 1224K(1280K)->1224K(1280K) Class: 97K(192K)->97K(192K)
[2.001s][info][gc          ] GC(10) Pause Young (Normal) (G1 Evacuation Pause) 739M->412M(2048M) 24.005ms
[2.001s][info][gc,cpu      ] GC(10) User=0.09s Sys=0.06s Real=0.02s
[2.554s][info][gc,start    ] GC(11) Pause Young (Normal) (G1 Evacuation Pause)
[2.554s][info][gc,task     ] GC(11) Using 10 workers of 10 for evacuation
[2.587s][info][gc,phases   ] GC(11)   Pre Evacuate Collection Set: 0.3ms
[2.587s][info][gc,phases   ] GC(11)   Merge Heap Roots: 0.2ms
[2.587s][info][gc,phases   ] GC(11)   Evacuate Collection Set: 31.8ms
[2.587s][info][gc,phases   ] GC(11)   Post Evacuate Collection Set: 0.9ms
[2.587s][info][gc,phases   ] GC(11)   Other: 0.1ms
[2.587s][info][gc,heap     ] GC(11) Eden regions: 378->0(310)
[2.587s][info][gc,heap     ] GC(11) Survivor regions: 29->51(51)
[2.587s][info][gc,heap     ] GC(11) Old regions: 178->229
[2.587s][info][gc,heap     ] GC(11) Humongous regions: 2->0
[2.587s][info][gc,metaspace] GC(11) Metaspace: 1321K(1472K)->1321K(1472K) NonClass: 1224K(1280K)->1224K(1280K) Class: 97K(192K)->97K(192K)
[2.587s][info][gc          ] GC(11) Pause Young (Normal) (G1 Evacuation Pause) 1172M->559M(2048M) 33.598ms
[2.587s][info][gc,cpu      ] GC(11) User=0.05s Sys=0.28s Real=0.03s
[2.982s][info][gc,start    ] GC(12) Pause Young (Normal) (G1 Evacuation Pause)
[2.982s][info][gc,task     ] GC(12) Using 10 workers of 10 for evacuation
[3.014s][info][gc,phases   ] GC(12)   Pre Evacuate Collection Set: 0.3ms
[3.014s][info][gc,phases   ] GC(12)   Merge Heap Roots: 0.1ms
[3.014s][info][gc,phases   ] GC(12)   Evacuate Collection Set: 31.1ms
[3.014s][info][gc,phases   ] GC(12)   Post Evacuate Collection Set: 0.9ms
[3.014s][info][gc,phases   ] GC(12)   Other: 0.1ms
[3.014s][info][gc,heap     ] GC(12) Eden regions: 310->0(348)
[3.014s][info][gc,heap     ] GC(12) Survivor regions: 51->46(46)
[3.015s][info][gc,heap     ] GC(12) Old regions: 229->295
[3.015s][info][gc,heap     ] GC(12) Humongous regions: 3->0
[3.015s][info][gc,metaspace] GC(12) Metaspace: 1321K(1472K)->1321K(1472K) NonClass: 1224K(1280K)->1224K(1280K) Class: 97K(192K)->97K(192K)
[3.015s][info][gc          ] GC(12) Pause Young (Normal) (G1 Evacuation Pause) 1185M->680M(2048M) 32.760ms
[3.015s][info][gc,cpu      ] GC(12) User=0.02s Sys=0.30s Real=0.03s
[3.457s][info][gc,start    ] GC(13) Pause Young (Normal) (G1 Evacuation Pause)
[3.457s][info][gc,task     ] GC(13) Using 10 workers of 10 for evacuation
[3.487s][info][gc,phases   ] GC(13)   Pre Evacuate Collection Set: 0.3ms
[3.487s][info][gc,phases   ] GC(13)   Merge Heap Roots: 0.1ms
[3.487s][info][gc,phases   ] GC(13)   Evacuate Collection Set: 28.5ms
[3.487s][info][gc,phases   ] GC(13)   Post Evacuate Collection Set: 0.7ms
[3.487s][info][gc,phases   ] GC(13)   Other: 0.1ms
[3.487s][info][gc,heap     ] GC(13) Eden regions: 348->0(395)
[3.487s][info][gc,heap     ] GC(13) Survivor regions: 46->50(50)
[3.487s][info][gc,heap     ] GC(13) Old regions: 295->360
[3.487s][info][gc,heap     ] GC(13) Humongous regions: 6->0
[3.487s][info][gc,metaspace] GC(13) Metaspace: 1321K(1472K)->1321K(1472K) NonClass: 1224K(1280K)->1224K(1280K) Class: 97K(192K)->97K(192K)
[3.487s][info][gc          ] GC(13) Pause Young (Normal) (G1 Evacuation Pause) 1388M->819M(2048M) 29.994ms
[3.487s][info][gc,cpu      ] GC(13) User=0.14s Sys=0.17s Real=0.03s
[3.978s][info][gc,start    ] GC(14) Pause Young (Normal) (G1 Evacuation Pause)
[3.978s][info][gc,task     ] GC(14) Using 10 workers of 10 for evacuation
[4.017s][info][gc,phases   ] GC(14)   Pre Evacuate Collection Set: 0.3ms
[4.017s][info][gc,phases   ] GC(14)   Merge Heap Roots: 0.1ms
[4.017s][info][gc,phases   ] GC(14)   Evacuate Collection Set: 37.4ms
[4.017s][info][gc,phases   ] GC(14)   Post Evacuate Collection Set: 0.8ms
[4.017s][info][gc,phases   ] GC(14)   Other: 0.1ms
[4.017s][info][gc,heap     ] GC(14) Eden regions: 395->0(357)
[4.017s][info][gc,heap     ] GC(14) Survivor regions: 50->56(56)
[4.017s][info][gc,heap     ] GC(14) Old regions: 360->432
[4.017s][info][gc,heap     ] GC(14) Humongous regions: 4->0
[4.017s][info][gc,metaspace] GC(14) Metaspace: 1321K(1472K)->1321K(1472K) NonClass: 1224K(1280K)->1224K(1280K) Class: 97K(192K)->97K(192K)
[4.017s][info][gc          ] GC(14) Pause Young (Normal) (G1 Evacuation Pause) 1617M->975M(2048M) 39.029ms
[4.017s][info][gc,cpu      ] GC(14) User=0.11s Sys=0.20s Real=0.04s
[4.474s][info][gc,start    ] GC(15) Pause Young (Normal) (G1 Evacuation Pause)
[4.474s][info][gc,task     ] GC(15) Using 10 workers of 10 for evacuation
[4.508s][info][gc,phases   ] GC(15)   Pre Evacuate Collection Set: 0.3ms
[4.508s][info][gc,phases   ] GC(15)   Merge Heap Roots: 0.1ms
[4.508s][info][gc,phases   ] GC(15)   Evacuate Collection Set: 33.2ms
[4.508s][info][gc,phases   ] GC(15)   Post Evacuate Collection Set: 0.8ms
[4.508s][info][gc,phases   ] GC(15)   Other: 0.1ms
[4.508s][info][gc,heap     ] GC(15) Eden regions: 357->0(313)
[4.508s][info][gc,heap     ] GC(15) Survivor regions: 56->52(52)
[4.508s][info][gc,heap     ] GC(15) Old regions: 432->507
[4.509s][info][gc,heap     ] GC(15) Humongous regions: 5->0
[4.509s][info][gc,metaspace] GC(15) Metaspace: 1322K(1472K)->1322K(1472K) NonClass: 1225K(1280K)->1225K(1280K) Class: 97K(192K)->97K(192K)
[4.509s][info][gc          ] GC(15) Pause Young (Normal) (G1 Evacuation Pause) 1699M->1117M(2048M) 34.701ms
[4.509s][info][gc,cpu      ] GC(15) User=0.12s Sys=0.34s Real=0.03s
[4.903s][info][gc,start    ] GC(16) Pause Young (Concurrent Start) (G1 Evacuation Pause)
[4.903s][info][gc,task     ] GC(16) Using 10 workers of 10 for evacuation
[4.927s][info][gc,phases   ] GC(16)   Pre Evacuate Collection Set: 0.3ms
[4.927s][info][gc,phases   ] GC(16)   Merge Heap Roots: 0.1ms
[4.927s][info][gc,phases   ] GC(16)   Evacuate Collection Set: 22.8ms
[4.927s][info][gc,phases   ] GC(16)   Post Evacuate Collection Set: 0.8ms
[4.927s][info][gc,phases   ] GC(16)   Other: 0.2ms
[4.927s][info][gc,heap     ] GC(16) Eden regions: 313->0(270)
[4.927s][info][gc,heap     ] GC(16) Survivor regions: 52->46(46)
[4.927s][info][gc,heap     ] GC(16) Old regions: 507->576
[4.927s][info][gc,heap     ] GC(16) Humongous regions: 0->0
[4.927s][info][gc,metaspace] GC(16) Metaspace: 1322K(1472K)->1322K(1472K) NonClass: 1225K(1280K)->1225K(1280K) Class: 97K(192K)->97K(192K)
[4.928s][info][gc          ] GC(16) Pause Young (Concurrent Start) (G1 Evacuation Pause) 1743M->1243M(2048M) 24.402ms
[4.928s][info][gc,cpu      ] GC(16) User=0.12s Sys=0.03s Real=0.02s
[4.928s][info][gc          ] GC(17) Concurrent Mark Cycle
[4.928s][info][gc,marking  ] GC(17) Concurrent Scan Root Regions
[4.930s][info][gc,marking  ] GC(17) Concurrent Scan Root Regions 2.085ms
[4.930s][info][gc,marking  ] GC(17) Concurrent Mark
[4.930s][info][gc,marking  ] GC(17) Concurrent Mark From Roots
[4.930s][info][gc,task     ] GC(17) Using 3 workers of 3 for marking
[4.935s][info][gc,marking  ] GC(17) Concurrent Mark From Roots 5.430ms
[4.935s][info][gc,marking  ] GC(17) Concurrent Preclean
[4.935s][info][gc,marking  ] GC(17) Concurrent Preclean 0.017ms
[4.935s][info][gc,start    ] GC(17) Pause Remark
[4.937s][info][gc          ] GC(17) Pause Remark 1254M->1254M(2094M) 1.985ms
[4.937s][info][gc,cpu      ] GC(17) User=0.00s Sys=0.00s Real=0.00s
[4.937s][info][gc,marking  ] GC(17) Concurrent Mark 7.667ms
[4.937s][info][gc,marking  ] GC(17) Concurrent Rebuild Remembered Sets and Scrub Regions
[4.939s][info][gc,marking  ] GC(17) Concurrent Rebuild Remembered Sets and Scrub Regions 1.170ms
[4.939s][info][gc,start    ] GC(17) Pause Cleanup
[4.939s][info][gc          ] GC(17) Pause Cleanup 1256M->1256M(2094M) 0.232ms
[4.939s][info][gc,cpu      ] GC(17) User=0.00s Sys=0.00s Real=0.00s
[4.939s][info][gc,marking  ] GC(17) Concurrent Clear Claimed Marks
[4.939s][info][gc,marking  ] GC(17) Concurrent Clear Claimed Marks 0.025ms
[4.939s][info][gc,marking  ] GC(17) Concurrent Cleanup for Next Mark
[4.942s][info][gc,marking  ] GC(17) Concurrent Cleanup for Next Mark 3.415ms
[4.943s][info][gc          ] GC(17) Concurrent Mark Cycle 14.934ms
[5.288s][info][gc,start    ] GC(18) Pause Young (Prepare Mixed) (G1 Evacuation Pause)
[5.288s][info][gc,task     ] GC(18) Using 10 workers of 10 for evacuation
[5.308s][info][gc,phases   ] GC(18)   Pre Evacuate Collection Set: 0.3ms
[5.308s][info][gc,phases   ] GC(18)   Merge Heap Roots: 0.1ms
[5.308s][info][gc,phases   ] GC(18)   Evacuate Collection Set: 18.8ms
[5.308s][info][gc,phases   ] GC(18)   Post Evacuate Collection Set: 0.8ms
[5.308s][info][gc,phases   ] GC(18)   Other: 0.1ms
[5.308s][info][gc,heap     ] GC(18) Eden regions: 270->0(249)
[5.308s][info][gc,heap     ] GC(18) Survivor regions: 46->40(40)
[5.308s][info][gc,heap     ] GC(18) Old regions: 576->637
[5.308s][info][gc,heap     ] GC(18) Humongous regions: 3->0
[5.308s][info][gc,metaspace] GC(18) Metaspace: 1322K(1472K)->1322K(1472K) NonClass: 1225K(1280K)->1225K(1280K) Class: 97K(192K)->97K(192K)
[5.308s][info][gc          ] GC(18) Pause Young (Prepare Mixed) (G1 Evacuation Pause) 1789M->1352M(2094M) 20.314ms
[5.308s][info][gc,cpu      ] GC(18) User=0.05s Sys=0.12s Real=0.02s
[5.623s][info][gc,start    ] GC(19) Pause Young (Mixed) (G1 Evacuation Pause)
[5.623s][info][gc,task     ] GC(19) Using 10 workers of 10 for evacuation
[5.641s][info][gc,phases   ] GC(19)   Pre Evacuate Collection Set: 0.3ms
[5.641s][info][gc,phases   ] GC(19)   Merge Heap Roots: 0.1ms
[5.641s][info][gc,phases   ] GC(19)   Evacuate Collection Set: 17.2ms
[5.641s][info][gc,phases   ] GC(19)   Post Evacuate Collection Set: 0.7ms
[5.641s][info][gc,phases   ] GC(19)   Other: 0.1ms
[5.641s][info][gc,heap     ] GC(19) Eden regions: 249->0(217)
[5.641s][info][gc,heap     ] GC(19) Survivor regions: 40->37(37)
[5.641s][info][gc,heap     ] GC(19) Old regions: 637->687
[5.641s][info][gc,heap     ] GC(19) Humongous regions: 3->0
[5.641s][info][gc,metaspace] GC(19) Metaspace: 1322K(1472K)->1322K(1472K) NonClass: 1225K(1280K)->1225K(1280K) Class: 97K(192K)->97K(192K)
[5.641s][info][gc          ] GC(19) Pause Young (Mixed) (G1 Evacuation Pause) 1856M->1446M(2094M) 18.686ms
[5.641s][info][gc,cpu      ] GC(19) User=0.14s Sys=0.02s Real=0.02s
[5.875s][info][gc,start    ] GC(20) Pause Young (Concurrent Start) (G1 Humongous Allocation)
[5.875s][info][gc,task     ] GC(20) Using 10 workers of 10 for evacuation
[5.891s][info][gc,phases   ] GC(20)   Pre Evacuate Collection Set: 0.3ms
[5.891s][info][gc,phases   ] GC(20)   Merge Heap Roots: 0.2ms
[5.891s][info][gc,phases   ] GC(20)   Evacuate Collection Set: 14.7ms
[5.891s][info][gc,phases   ] GC(20)   Post Evacuate Collection Set: 0.7ms
[5.891s][info][gc,phases   ] GC(20)   Other: 0.2ms
[5.891s][info][gc,heap     ] GC(20) Eden regions: 193->0(190)
[5.891s][info][gc,heap     ] GC(20) Survivor regions: 37->32(32)
[5.891s][info][gc,heap     ] GC(20) Old regions: 687->731
[5.891s][info][gc,heap     ] GC(20) Humongous regions: 0->0
[5.891s][info][gc,metaspace] GC(20) Metaspace: 1322K(1472K)->1322K(1472K) NonClass: 1225K(1280K)->1225K(1280K) Class: 97K(192K)->97K(192K)
[5.891s][info][gc          ] GC(20) Pause Young (Concurrent Start) (G1 Humongous Allocation) 1831M->1525M(2094M) 16.251ms
[5.891s][info][gc,cpu      ] GC(20) User=0.14s Sys=0.02s Real=0.02s
[5.891s][info][gc          ] GC(21) Concurrent Mark Cycle
[5.891s][info][gc,marking  ] GC(21) Concurrent Scan Root Regions
[5.892s][info][gc,marking  ] GC(21) Concurrent Scan Root Regions 0.306ms
[5.892s][info][gc,marking  ] GC(21) Concurrent Mark
[5.892s][info][gc,marking  ] GC(21) Concurrent Mark From Roots
[5.892s][info][gc,task     ] GC(21) Using 3 workers of 3 for marking
[5.895s][info][gc,marking  ] GC(21) Concurrent Mark From Roots 3.805ms
[5.895s][info][gc,marking  ] GC(21) Concurrent Preclean
[5.896s][info][gc,marking  ] GC(21) Concurrent Preclean 0.015ms
[5.896s][info][gc,start    ] GC(21) Pause Remark
[5.898s][info][gc          ] GC(21) Pause Remark 1534M->1534M(2560M) 2.838ms
[5.898s][info][gc,cpu      ] GC(21) User=0.02s Sys=0.00s Real=0.00s
[5.899s][info][gc,marking  ] GC(21) Concurrent Mark 6.955ms
[5.899s][info][gc,marking  ] GC(21) Concurrent Rebuild Remembered Sets and Scrub Regions
[5.900s][info][gc,marking  ] GC(21) Concurrent Rebuild Remembered Sets and Scrub Regions 1.729ms
[5.900s][info][gc,start    ] GC(21) Pause Cleanup
[5.901s][info][gc          ] GC(21) Pause Cleanup 1536M->1536M(2560M) 0.296ms
[5.901s][info][gc,cpu      ] GC(21) User=0.00s Sys=0.00s Real=0.00s
[5.901s][info][gc,marking  ] GC(21) Concurrent Clear Claimed Marks
[5.901s][info][gc,marking  ] GC(21) Concurrent Clear Claimed Marks 0.026ms
[5.901s][info][gc,marking  ] GC(21) Concurrent Cleanup for Next Mark
[5.905s][info][gc,marking  ] GC(21) Concurrent Cleanup for Next Mark 3.740ms
[5.905s][info][gc          ] GC(21) Concurrent Mark Cycle 13.440ms
[6.227s][info][gc,start    ] GC(22) Pause Young (Prepare Mixed) (G1 Evacuation Pause)
[6.227s][info][gc,task     ] GC(22) Using 10 workers of 10 for evacuation
[6.245s][info][gc,phases   ] GC(22)   Pre Evacuate Collection Set: 0.3ms
[6.245s][info][gc,phases   ] GC(22)   Merge Heap Roots: 0.1ms
[6.245s][info][gc,phases   ] GC(22)   Evacuate Collection Set: 16.0ms
[6.245s][info][gc,phases   ] GC(22)   Post Evacuate Collection Set: 0.7ms
[6.245s][info][gc,phases   ] GC(22)   Other: 0.1ms
[6.245s][info][gc,heap     ] GC(22) Eden regions: 190->0(303)
[6.245s][info][gc,heap     ] GC(22) Survivor regions: 32->28(28)
[6.245s][info][gc,heap     ] GC(22) Old regions: 731->773
[6.245s][info][gc,heap     ] GC(22) Humongous regions: 1->0
[6.245s][info][gc,metaspace] GC(22) Metaspace: 1322K(1472K)->1322K(1472K) NonClass: 1225K(1280K)->1225K(1280K) Class: 97K(192K)->97K(192K)
[6.245s][info][gc          ] GC(22) Pause Young (Prepare Mixed) (G1 Evacuation Pause) 1907M->1601M(2560M) 17.436ms
[6.245s][info][gc,cpu      ] GC(22) User=0.14s Sys=0.02s Real=0.02s
[6.633s][info][gc,start    ] GC(23) Pause Young (Mixed) (G1 Evacuation Pause)
[6.633s][info][gc,task     ] GC(23) Using 10 workers of 10 for evacuation
[6.652s][info][gc,phases   ] GC(23)   Pre Evacuate Collection Set: 0.3ms
[6.652s][info][gc,phases   ] GC(23)   Merge Heap Roots: 0.1ms
[6.652s][info][gc,phases   ] GC(23)   Evacuate Collection Set: 17.5ms
[6.652s][info][gc,phases   ] GC(23)   Post Evacuate Collection Set: 0.8ms
[6.652s][info][gc,phases   ] GC(23)   Other: 0.1ms
[6.652s][info][gc,heap     ] GC(23) Eden regions: 303->0(274)
[6.652s][info][gc,heap     ] GC(23) Survivor regions: 28->42(42)
[6.652s][info][gc,heap     ] GC(23) Old regions: 773->816
[6.652s][info][gc,heap     ] GC(23) Humongous regions: 3->0
[6.652s][info][gc,metaspace] GC(23) Metaspace: 1322K(1472K)->1322K(1472K) NonClass: 1225K(1280K)->1225K(1280K) Class: 97K(192K)->97K(192K)
[6.652s][info][gc          ] GC(23) Pause Young (Mixed) (G1 Evacuation Pause) 2213M->1715M(2560M) 19.015ms
[6.652s][info][gc,cpu      ] GC(23) User=0.16s Sys=0.00s Real=0.02s
[6.857s][info][gc,start    ] GC(24) Pause Young (Concurrent Start) (G1 Humongous Allocation)
[6.857s][info][gc,task     ] GC(24) Using 10 workers of 10 for evacuation
[6.873s][info][gc,phases   ] GC(24)   Pre Evacuate Collection Set: 0.3ms
[6.873s][info][gc,phases   ] GC(24)   Merge Heap Roots: 0.1ms
[6.873s][info][gc,phases   ] GC(24)   Evacuate Collection Set: 14.6ms
[6.873s][info][gc,phases   ] GC(24)   Post Evacuate Collection Set: 0.7ms
[6.873s][info][gc,phases   ] GC(24)   Other: 0.2ms
[6.873s][info][gc,heap     ] GC(24) Eden regions: 169->0(256)
[6.873s][info][gc,heap     ] GC(24) Survivor regions: 42->33(40)
[6.873s][info][gc,heap     ] GC(24) Old regions: 816->858
[6.873s][info][gc,heap     ] GC(24) Humongous regions: 0->0
[6.873s][info][gc,metaspace] GC(24) Metaspace: 1322K(1472K)->1322K(1472K) NonClass: 1225K(1280K)->1225K(1280K) Class: 97K(192K)->97K(192K)
[6.873s][info][gc          ] GC(24) Pause Young (Concurrent Start) (G1 Humongous Allocation) 2053M->1780M(2560M) 16.107ms
[6.873s][info][gc,cpu      ] GC(24) User=0.11s Sys=0.05s Real=0.02s
[6.873s][info][gc          ] GC(25) Concurrent Mark Cycle
[6.873s][info][gc,marking  ] GC(25) Concurrent Scan Root Regions
[6.875s][info][gc,marking  ] GC(25) Concurrent Scan Root Regions 1.152ms
[6.875s][info][gc,marking  ] GC(25) Concurrent Mark
[6.875s][info][gc,marking  ] GC(25) Concurrent Mark From Roots
[6.875s][info][gc,task     ] GC(25) Using 3 workers of 3 for marking
[6.879s][info][gc,marking  ] GC(25) Concurrent Mark From Roots 4.879ms
[6.880s][info][gc,marking  ] GC(25) Concurrent Preclean
[6.880s][info][gc,marking  ] GC(25) Concurrent Preclean 0.016ms
[6.880s][info][gc,start    ] GC(25) Pause Remark
[6.882s][info][gc          ] GC(25) Pause Remark 1791M->1791M(2990M) 2.640ms
[6.882s][info][gc,cpu      ] GC(25) User=0.00s Sys=0.00s Real=0.00s
[6.882s][info][gc,marking  ] GC(25) Concurrent Mark 7.797ms
[6.882s][info][gc,marking  ] GC(25) Concurrent Rebuild Remembered Sets and Scrub Regions
[6.884s][info][gc,marking  ] GC(25) Concurrent Rebuild Remembered Sets and Scrub Regions 1.784ms
[6.884s][info][gc,start    ] GC(25) Pause Cleanup
[6.885s][info][gc          ] GC(25) Pause Cleanup 1793M->1793M(2990M) 0.330ms
[6.885s][info][gc,cpu      ] GC(25) User=0.00s Sys=0.00s Real=0.00s
[6.885s][info][gc,marking  ] GC(25) Concurrent Clear Claimed Marks
[6.885s][info][gc,marking  ] GC(25) Concurrent Clear Claimed Marks 0.025ms
[6.885s][info][gc,marking  ] GC(25) Concurrent Cleanup for Next Mark
[6.889s][info][gc,marking  ] GC(25) Concurrent Cleanup for Next Mark 4.050ms
[6.889s][info][gc          ] GC(25) Concurrent Mark Cycle 15.500ms
[7.291s][info][gc,start    ] GC(26) Pause Young (Prepare Mixed) (G1 Evacuation Pause)
[7.292s][info][gc,task     ] GC(26) Using 10 workers of 10 for evacuation
[7.309s][info][gc,phases   ] GC(26)   Pre Evacuate Collection Set: 0.3ms
[7.309s][info][gc,phases   ] GC(26)   Merge Heap Roots: 0.1ms
[7.309s][info][gc,phases   ] GC(26)   Evacuate Collection Set: 16.0ms
[7.309s][info][gc,phases   ] GC(26)   Post Evacuate Collection Set: 0.8ms
[7.309s][info][gc,phases   ] GC(26)   Other: 0.1ms
[7.309s][info][gc,heap     ] GC(26) Eden regions: 256->0(348)
[7.309s][info][gc,heap     ] GC(26) Survivor regions: 33->37(37)
[7.309s][info][gc,heap     ] GC(26) Old regions: 858->906
[7.309s][info][gc,heap     ] GC(26) Humongous regions: 4->0
[7.309s][info][gc,metaspace] GC(26) Metaspace: 1322K(1472K)->1322K(1472K) NonClass: 1225K(1280K)->1225K(1280K) Class: 97K(192K)->97K(192K)
[7.309s][info][gc          ] GC(26) Pause Young (Prepare Mixed) (G1 Evacuation Pause) 2300M->1885M(2990M) 17.524ms
[7.309s][info][gc,cpu      ] GC(26) User=0.14s Sys=0.02s Real=0.02s
[7.953s][info][gc,start    ] GC(27) Pause Young (Mixed) (G1 Evacuation Pause)
[7.953s][info][gc,task     ] GC(27) Using 10 workers of 10 for evacuation
[7.976s][info][gc,phases   ] GC(27)   Pre Evacuate Collection Set: 0.3ms
[7.976s][info][gc,phases   ] GC(27)   Merge Heap Roots: 0.1ms
[7.976s][info][gc,phases   ] GC(27)   Evacuate Collection Set: 21.4ms
[7.976s][info][gc,phases   ] GC(27)   Post Evacuate Collection Set: 0.5ms
[7.976s][info][gc,phases   ] GC(27)   Other: 0.1ms
[7.976s][info][gc,heap     ] GC(27) Eden regions: 348->0(340)
[7.976s][info][gc,heap     ] GC(27) Survivor regions: 37->35(49)
[7.976s][info][gc,heap     ] GC(27) Old regions: 906->942
[7.976s][info][gc,heap     ] GC(27) Humongous regions: 4->3
[7.976s][info][gc,metaspace] GC(27) Metaspace: 1635K(1856K)->1635K(1856K) NonClass: 1481K(1600K)->1481K(1600K) Class: 154K(256K)->154K(256K)
[7.976s][info][gc          ] GC(27) Pause Young (Mixed) (G1 Evacuation Pause) 2589M->1959M(2990M) 22.595ms
[7.976s][info][gc,cpu      ] GC(27) User=0.16s Sys=0.00s Real=0.02s
[8.406s][info][gc,start    ] GC(28) Pause Young (Concurrent Start) (G1 Evacuation Pause)
[8.406s][info][gc,task     ] GC(28) Using 10 workers of 10 for evacuation
[8.431s][info][gc,phases   ] GC(28)   Pre Evacuate Collection Set: 0.3ms
[8.431s][info][gc,phases   ] GC(28)   Merge Heap Roots: 0.2ms
[8.431s][info][gc,phases   ] GC(28)   Evacuate Collection Set: 23.9ms
[8.431s][info][gc,phases   ] GC(28)   Post Evacuate Collection Set: 0.7ms
[8.431s][info][gc,phases   ] GC(28)   Other: 0.2ms
[8.431s][info][gc,heap     ] GC(28) Eden regions: 340->0(348)
[8.432s][info][gc,heap     ] GC(28) Survivor regions: 35->14(47)
[8.432s][info][gc,heap     ] GC(28) Old regions: 942->977
[8.432s][info][gc,heap     ] GC(28) Humongous regions: 6->6
[8.432s][info][gc,metaspace] GC(28) Metaspace: 1635K(1856K)->1635K(1856K) NonClass: 1481K(1600K)->1481K(1600K) Class: 154K(256K)->154K(256K)
[8.432s][info][gc          ] GC(28) Pause Young (Concurrent Start) (G1 Evacuation Pause) 2645M->1992M(2990M) 25.583ms
[8.432s][info][gc,cpu      ] GC(28) User=0.31s Sys=0.00s Real=0.03s
[8.432s][info][gc          ] GC(29) Concurrent Mark Cycle
[8.432s][info][gc,marking  ] GC(29) Concurrent Scan Root Regions
[8.445s][info][gc,marking  ] GC(29) Concurrent Scan Root Regions 13.725ms
[8.445s][info][gc,marking  ] GC(29) Concurrent Mark
[8.445s][info][gc,marking  ] GC(29) Concurrent Mark From Roots
[8.445s][info][gc,task     ] GC(29) Using 3 workers of 3 for marking
[8.457s][info][gc,marking  ] GC(29) Concurrent Mark From Roots 11.515ms
[8.457s][info][gc,marking  ] GC(29) Concurrent Preclean
[8.457s][info][gc,marking  ] GC(29) Concurrent Preclean 0.042ms
[8.457s][info][gc,start    ] GC(29) Pause Remark
[8.460s][info][gc          ] GC(29) Pause Remark 2026M->2024M(3378M) 2.422ms
[8.460s][info][gc,cpu      ] GC(29) User=0.00s Sys=0.00s Real=0.00s
[8.460s][info][gc,marking  ] GC(29) Concurrent Mark 14.264ms
[8.460s][info][gc,marking  ] GC(29) Concurrent Rebuild Remembered Sets and Scrub Regions
[8.477s][info][gc,marking  ] GC(29) Concurrent Rebuild Remembered Sets and Scrub Regions 17.472ms
[8.477s][info][gc,start    ] GC(29) Pause Cleanup
[8.478s][info][gc          ] GC(29) Pause Cleanup 2047M->2047M(3378M) 0.379ms
[8.478s][info][gc,cpu      ] GC(29) User=0.00s Sys=0.00s Real=0.00s
[8.478s][info][gc,marking  ] GC(29) Concurrent Clear Claimed Marks
[8.478s][info][gc,marking  ] GC(29) Concurrent Clear Claimed Marks 0.029ms
[8.478s][info][gc,marking  ] GC(29) Concurrent Cleanup for Next Mark
[8.483s][info][gc,marking  ] GC(29) Concurrent Cleanup for Next Mark 4.941ms
[8.483s][info][gc          ] GC(29) Concurrent Mark Cycle 51.309ms
[8.537s][info][gc,start    ] GC(30) Pause Young (Prepare Mixed) (G1 Evacuation Pause)
[8.537s][info][gc,task     ] GC(30) Using 10 workers of 10 for evacuation
[8.552s][info][gc,phases   ] GC(30)   Pre Evacuate Collection Set: 0.2ms
[8.552s][info][gc,phases   ] GC(30)   Merge Heap Roots: 0.4ms
[8.552s][info][gc,phases   ] GC(30)   Evacuate Collection Set: 14.0ms
[8.552s][info][gc,phases   ] GC(30)   Post Evacuate Collection Set: 0.3ms
[8.552s][info][gc,phases   ] GC(30)   Other: 0.1ms
[8.552s][info][gc,heap     ] GC(30) Eden regions: 70->0(490)
[8.552s][info][gc,heap     ] GC(30) Survivor regions: 14->3(11)
[8.552s][info][gc,heap     ] GC(30) Old regions: 977->991
[8.552s][info][gc,heap     ] GC(30) Humongous regions: 5->5
[8.552s][info][gc,metaspace] GC(30) Metaspace: 1635K(1856K)->1635K(1856K) NonClass: 1481K(1600K)->1481K(1600K) Class: 154K(256K)->154K(256K)
[8.552s][info][gc          ] GC(30) Pause Young (Prepare Mixed) (G1 Evacuation Pause) 2130M->1996M(3378M) 15.331ms
[8.552s][info][gc,cpu      ] GC(30) User=0.16s Sys=0.00s Real=0.02s
[8.766s][info][gc,start    ] GC(31) Pause Young (Mixed) (G1 Evacuation Pause)
[8.766s][info][gc,task     ] GC(31) Using 10 workers of 10 for evacuation
[8.777s][info][gc,phases   ] GC(31)   Pre Evacuate Collection Set: 0.2ms
[8.777s][info][gc,phases   ] GC(31)   Merge Heap Roots: 0.2ms
[8.777s][info][gc,phases   ] GC(31)   Evacuate Collection Set: 10.0ms
[8.777s][info][gc,phases   ] GC(31)   Post Evacuate Collection Set: 0.6ms
[8.777s][info][gc,phases   ] GC(31)   Other: 0.1ms
[8.777s][info][gc,heap     ] GC(31) Eden regions: 156->0(502)
[8.777s][info][gc,heap     ] GC(31) Survivor regions: 3->8(20)
[8.777s][info][gc,heap     ] GC(31) Old regions: 991->991
[8.777s][info][gc,heap     ] GC(31) Humongous regions: 5->5
[8.777s][info][gc,metaspace] GC(31) Metaspace: 1635K(1856K)->1635K(1856K) NonClass: 1481K(1600K)->1481K(1600K) Class: 154K(256K)->154K(256K)
[8.777s][info][gc          ] GC(31) Pause Young (Mixed) (G1 Evacuation Pause) 2308M->2006M(3408M) 11.376ms
[8.777s][info][gc,cpu      ] GC(31) User=0.16s Sys=0.00s Real=0.01s
[8.904s][info][gc,start    ] GC(32) Pause Young (Mixed) (G1 Evacuation Pause)
[8.904s][info][gc,task     ] GC(32) Using 10 workers of 10 for evacuation
[8.916s][info][gc,phases   ] GC(32)   Pre Evacuate Collection Set: 0.2ms
[8.916s][info][gc,phases   ] GC(32)   Merge Heap Roots: 0.2ms
[8.916s][info][gc,phases   ] GC(32)   Evacuate Collection Set: 11.0ms
[8.916s][info][gc,phases   ] GC(32)   Post Evacuate Collection Set: 0.4ms
[8.916s][info][gc,phases   ] GC(32)   Other: 0.1ms
[8.916s][info][gc,heap     ] GC(32) Eden regions: 77->0(502)
[8.916s][info][gc,heap     ] GC(32) Survivor regions: 8->8(11)
[8.916s][info][gc,heap     ] GC(32) Old regions: 991->993
[8.916s][info][gc,heap     ] GC(32) Humongous regions: 5->5
[8.916s][info][gc,metaspace] GC(32) Metaspace: 1654K(1856K)->1654K(1856K) NonClass: 1499K(1600K)->1499K(1600K) Class: 155K(256K)->155K(256K)
[8.916s][info][gc          ] GC(32) Pause Young (Mixed) (G1 Evacuation Pause) 2160M->2010M(3408M) 12.159ms
[8.916s][info][gc,cpu      ] GC(32) User=0.14s Sys=0.02s Real=0.01s
[9.574s][info][gc,start    ] GC(33) Pause Young (Mixed) (G1 Evacuation Pause)
[9.574s][info][gc,task     ] GC(33) Using 10 workers of 10 for evacuation
[9.604s][info][gc,phases   ] GC(33)   Pre Evacuate Collection Set: 0.2ms
[9.604s][info][gc,phases   ] GC(33)   Merge Heap Roots: 0.4ms
[9.604s][info][gc,phases   ] GC(33)   Evacuate Collection Set: 28.3ms
[9.604s][info][gc,phases   ] GC(33)   Post Evacuate Collection Set: 0.5ms
[9.604s][info][gc,phases   ] GC(33)   Other: 0.1ms
[9.604s][info][gc,heap     ] GC(33) Eden regions: 502->0(337)
[9.604s][info][gc,heap     ] GC(33) Survivor regions: 8->24(64)
[9.604s][info][gc,heap     ] GC(33) Old regions: 993->993
[9.604s][info][gc,heap     ] GC(33) Humongous regions: 10->10
[9.604s][info][gc,metaspace] GC(33) Metaspace: 1656K(1856K)->1656K(1856K) NonClass: 1501K(1600K)->1501K(1600K) Class: 155K(256K)->155K(256K)
[9.604s][info][gc          ] GC(33) Pause Young (Mixed) (G1 Evacuation Pause) 3024M->2052M(3408M) 29.814ms
[9.604s][info][gc,cpu      ] GC(33) User=0.31s Sys=0.00s Real=0.03s
[9.680s][info][gc,start    ] GC(34) Pause Young (Normal) (G1 Evacuation Pause)
[9.680s][info][gc,task     ] GC(34) Using 10 workers of 10 for evacuation
[9.706s][info][gc,phases   ] GC(34)   Pre Evacuate Collection Set: 0.2ms
[9.707s][info][gc,phases   ] GC(34)   Merge Heap Roots: 0.3ms
[9.707s][info][gc,phases   ] GC(34)   Evacuate Collection Set: 25.5ms
[9.707s][info][gc,phases   ] GC(34)   Post Evacuate Collection Set: 0.3ms
[9.707s][info][gc,phases   ] GC(34)   Other: 0.1ms
[9.707s][info][gc,heap     ] GC(34) Eden regions: 61->0(81)
[9.707s][info][gc,heap     ] GC(34) Survivor regions: 24->4(11)
[9.707s][info][gc,heap     ] GC(34) Old regions: 993->1016
[9.707s][info][gc,heap     ] GC(34) Humongous regions: 10->10
[9.707s][info][gc,metaspace] GC(34) Metaspace: 1656K(1856K)->1656K(1856K) NonClass: 1501K(1600K)->1501K(1600K) Class: 155K(256K)->155K(256K)
[9.707s][info][gc          ] GC(34) Pause Young (Normal) (G1 Evacuation Pause) 2174M->2057M(3408M) 26.693ms
[9.707s][info][gc,cpu      ] GC(34) User=0.16s Sys=0.00s Real=0.03s
[10.007s][info][gc,start    ] GC(35) Pause Young (Normal) (G1 Evacuation Pause)
[10.008s][info][gc,task     ] GC(35) Using 10 workers of 10 for evacuation
[10.020s][info][gc,phases   ] GC(35)   Pre Evacuate Collection Set: 0.2ms
[10.020s][info][gc,phases   ] GC(35)   Merge Heap Roots: 0.3ms
[10.020s][info][gc,phases   ] GC(35)   Evacuate Collection Set: 11.4ms
[10.020s][info][gc,phases   ] GC(35)   Post Evacuate Collection Set: 0.5ms
[10.020s][info][gc,phases   ] GC(35)   Other: 0.1ms
[10.020s][info][gc,heap     ] GC(35) Eden regions: 229->0(391)
[10.020s][info][gc,heap     ] GC(35) Survivor regions: 4->8(30)
[10.020s][info][gc,heap     ] GC(35) Old regions: 1016->1016
[10.020s][info][gc,heap     ] GC(35) Humongous regions: 10->10
[10.020s][info][gc,metaspace] GC(35) Metaspace: 1656K(1856K)->1656K(1856K) NonClass: 1501K(1600K)->1501K(1600K) Class: 155K(256K)->155K(256K)
[10.020s][info][gc          ] GC(35) Pause Young (Normal) (G1 Evacuation Pause) 2515M->2067M(3408M) 12.755ms
[10.020s][info][gc,cpu      ] GC(35) User=0.00s Sys=0.00s Real=0.01s
[10.211s][info][gc,start    ] GC(36) Pause Young (Normal) (G1 Evacuation Pause)
[10.211s][info][gc,task     ] GC(36) Using 10 workers of 10 for evacuation
[10.227s][info][gc,phases   ] GC(36)   Pre Evacuate Collection Set: 0.2ms
[10.227s][info][gc,phases   ] GC(36)   Merge Heap Roots: 0.2ms
[10.228s][info][gc,phases   ] GC(36)   Evacuate Collection Set: 15.6ms
[10.228s][info][gc,phases   ] GC(36)   Post Evacuate Collection Set: 0.4ms
[10.228s][info][gc,phases   ] GC(36)   Other: 0.1ms
[10.228s][info][gc,heap     ] GC(36) Eden regions: 139->0(566)
[10.228s][info][gc,heap     ] GC(36) Survivor regions: 8->13(19)
[10.228s][info][gc,heap     ] GC(36) Old regions: 1016->1016
[10.228s][info][gc,heap     ] GC(36) Humongous regions: 10->10
[10.228s][info][gc,metaspace] GC(36) Metaspace: 1656K(1856K)->1656K(1856K) NonClass: 1501K(1600K)->1501K(1600K) Class: 155K(256K)->155K(256K)
[10.228s][info][gc          ] GC(36) Pause Young (Normal) (G1 Evacuation Pause) 2345M->2075M(3408M) 16.861ms
[10.228s][info][gc,cpu      ] GC(36) User=0.16s Sys=0.00s Real=0.02s
[10.956s][info][gc,start    ] GC(37) Pause Young (Normal) (G1 Evacuation Pause)
[10.956s][info][gc,task     ] GC(37) Using 10 workers of 10 for evacuation
[10.990s][info][gc,phases   ] GC(37)   Pre Evacuate Collection Set: 0.5ms
[10.990s][info][gc,phases   ] GC(37)   Merge Heap Roots: 0.5ms
[10.990s][info][gc,phases   ] GC(37)   Evacuate Collection Set: 31.9ms
[10.990s][info][gc,phases   ] GC(37)   Post Evacuate Collection Set: 0.5ms
[10.990s][info][gc,phases   ] GC(37)   Other: 0.1ms
[10.990s][info][gc,heap     ] GC(37) Eden regions: 176->0(558)
[10.990s][info][gc,heap     ] GC(37) Survivor regions: 13->17(24)
[10.990s][info][gc,heap     ] GC(37) Old regions: 1016->1016
[10.990s][info][gc,heap     ] GC(37) Humongous regions: 10->10
[10.990s][info][gc,metaspace] GC(37) Metaspace: 1656K(1856K)->1656K(1856K) NonClass: 1501K(1600K)->1501K(1600K) Class: 155K(256K)->155K(256K)
[10.990s][info][gc          ] GC(37) Pause Young (Normal) (G1 Evacuation Pause) 2427M->2085M(3408M) 33.914ms
[10.990s][info][gc,cpu      ] GC(37) User=0.19s Sys=0.00s Real=0.03s
[11.443s][info][gc,start    ] GC(38) Pause Young (Concurrent Start) (G1 Evacuation Pause)
[11.443s][info][gc,task     ] GC(38) Using 10 workers of 10 for evacuation
[11.469s][info][gc,phases   ] GC(38)   Pre Evacuate Collection Set: 0.3ms
[11.469s][info][gc,phases   ] GC(38)   Merge Heap Roots: 0.3ms
[11.469s][info][gc,phases   ] GC(38)   Evacuate Collection Set: 24.9ms
[11.469s][info][gc,phases   ] GC(38)   Post Evacuate Collection Set: 0.7ms
[11.469s][info][gc,phases   ] GC(38)   Other: 0.1ms
[11.469s][info][gc,heap     ] GC(38) Eden regions: 225->0(546)
[11.469s][info][gc,heap     ] GC(38) Survivor regions: 17->23(31)
[11.469s][info][gc,heap     ] GC(38) Old regions: 1016->1016
[11.469s][info][gc,heap     ] GC(38) Humongous regions: 10->10
[11.469s][info][gc,metaspace] GC(38) Metaspace: 1656K(1856K)->1656K(1856K) NonClass: 1501K(1600K)->1501K(1600K) Class: 155K(256K)->155K(256K)
[11.469s][info][gc          ] GC(38) Pause Young (Concurrent Start) (G1 Evacuation Pause) 2535M->2095M(3408M) 26.682ms
[11.469s][info][gc,cpu      ] GC(38) User=0.31s Sys=0.00s Real=0.03s
[11.469s][info][gc          ] GC(39) Concurrent Mark Cycle
[11.469s][info][gc,marking  ] GC(39) Concurrent Scan Root Regions
[11.481s][info][gc,marking  ] GC(39) Concurrent Scan Root Regions 11.173ms
[11.481s][info][gc,marking  ] GC(39) Concurrent Mark
[11.481s][info][gc,marking  ] GC(39) Concurrent Mark From Roots
[11.481s][info][gc,task     ] GC(39) Using 3 workers of 3 for marking
[11.593s][info][gc,marking  ] GC(39) Concurrent Mark From Roots 112.656ms
[11.593s][info][gc,marking  ] GC(39) Concurrent Preclean
[11.593s][info][gc,marking  ] GC(39) Concurrent Preclean 0.038ms
[11.593s][info][gc,start    ] GC(39) Pause Remark
[11.596s][info][gc          ] GC(39) Pause Remark 2225M->2215M(3698M) 2.303ms
[11.596s][info][gc,cpu      ] GC(39) User=0.00s Sys=0.00s Real=0.00s
[11.596s][info][gc,marking  ] GC(39) Concurrent Mark 115.332ms
[11.596s][info][gc,marking  ] GC(39) Concurrent Rebuild Remembered Sets and Scrub Regions
[11.661s][info][gc,marking  ] GC(39) Concurrent Rebuild Remembered Sets and Scrub Regions 65.063ms
[11.661s][info][gc,start    ] GC(39) Pause Cleanup
[11.662s][info][gc          ] GC(39) Pause Cleanup 2284M->2284M(3698M) 0.389ms
[11.662s][info][gc,cpu      ] GC(39) User=0.00s Sys=0.00s Real=0.00s
[11.662s][info][gc,marking  ] GC(39) Concurrent Clear Claimed Marks
[11.662s][info][gc,marking  ] GC(39) Concurrent Clear Claimed Marks 0.039ms
[11.662s][info][gc,marking  ] GC(39) Concurrent Cleanup for Next Mark
[11.667s][info][gc,marking  ] GC(39) Concurrent Cleanup for Next Mark 5.328ms
[11.667s][info][gc          ] GC(39) Concurrent Mark Cycle 197.824ms
[11.969s][info][gc,start    ] GC(40) Pause Young (Prepare Mixed) (G1 Evacuation Pause)
[11.969s][info][gc,task     ] GC(40) Using 10 workers of 10 for evacuation
[11.998s][info][gc,phases   ] GC(40)   Pre Evacuate Collection Set: 0.2ms
[11.998s][info][gc,phases   ] GC(40)   Merge Heap Roots: 0.6ms
[11.998s][info][gc,phases   ] GC(40)   Evacuate Collection Set: 28.3ms
[11.998s][info][gc,phases   ] GC(40)   Post Evacuate Collection Set: 0.6ms
[11.999s][info][gc,phases   ] GC(40)   Other: 0.1ms
[11.999s][info][gc,heap     ] GC(40) Eden regions: 319->0(673)
[11.999s][info][gc,heap     ] GC(40) Survivor regions: 23->31(43)
[11.999s][info][gc,heap     ] GC(40) Old regions: 1016->1016
[11.999s][info][gc,heap     ] GC(40) Humongous regions: 5->5
[11.999s][info][gc,metaspace] GC(40) Metaspace: 1656K(1856K)->1656K(1856K) NonClass: 1501K(1600K)->1501K(1600K) Class: 155K(256K)->155K(256K)
[11.999s][info][gc          ] GC(40) Pause Young (Prepare Mixed) (G1 Evacuation Pause) 2723M->2102M(3698M) 30.037ms
[11.999s][info][gc,cpu      ] GC(40) User=0.30s Sys=0.02s Real=0.03s
[12.934s][info][gc,start    ] GC(41) Pause Young (Mixed) (G1 Evacuation Pause)
[12.934s][info][gc,task     ] GC(41) Using 10 workers of 10 for evacuation
[12.993s][info][gc,phases   ] GC(41)   Pre Evacuate Collection Set: 0.2ms
[12.993s][info][gc,phases   ] GC(41)   Merge Heap Roots: 0.7ms
[12.993s][info][gc,phases   ] GC(41)   Evacuate Collection Set: 56.3ms
[12.993s][info][gc,phases   ] GC(41)   Post Evacuate Collection Set: 1.0ms
[12.993s][info][gc,phases   ] GC(41)   Other: 0.2ms
[12.993s][info][gc,heap     ] GC(41) Eden regions: 673->0(653)
[12.993s][info][gc,heap     ] GC(41) Survivor regions: 31->50(88)
[12.993s][info][gc,heap     ] GC(41) Old regions: 1016->1014
[12.993s][info][gc,heap     ] GC(41) Humongous regions: 14->14
[12.993s][info][gc,metaspace] GC(41) Metaspace: 1656K(1856K)->1656K(1856K) NonClass: 1501K(1600K)->1501K(1600K) Class: 155K(256K)->155K(256K)
[12.993s][info][gc          ] GC(41) Pause Young (Mixed) (G1 Evacuation Pause) 3466M->2154M(3752M) 58.722ms
[12.993s][info][gc,cpu      ] GC(41) User=0.62s Sys=0.00s Real=0.06s
[13.051s][info][gc,start    ] GC(42) Pause Young (Concurrent Start) (G1 Evacuation Pause)
[13.051s][info][gc,task     ] GC(42) Using 10 workers of 10 for evacuation
[13.099s][info][gc,phases   ] GC(42)   Pre Evacuate Collection Set: 0.3ms
[13.099s][info][gc,phases   ] GC(42)   Merge Heap Roots: 0.5ms
[13.099s][info][gc,phases   ] GC(42)   Evacuate Collection Set: 46.1ms
[13.099s][info][gc,phases   ] GC(42)   Post Evacuate Collection Set: 0.4ms
[13.099s][info][gc,phases   ] GC(42)   Other: 0.1ms
[13.099s][info][gc,heap     ] GC(42) Eden regions: 43->0(694)
[13.099s][info][gc,heap     ] GC(42) Survivor regions: 50->5(12)
[13.099s][info][gc,heap     ] GC(42) Old regions: 1014->1063
[13.099s][info][gc,heap     ] GC(42) Humongous regions: 14->14
[13.099s][info][gc,metaspace] GC(42) Metaspace: 1656K(1856K)->1656K(1856K) NonClass: 1501K(1600K)->1501K(1600K) Class: 155K(256K)->155K(256K)
[13.099s][info][gc          ] GC(42) Pause Young (Concurrent Start) (G1 Evacuation Pause) 2240M->2164M(3752M) 47.635ms
[13.099s][info][gc,cpu      ] GC(42) User=0.45s Sys=0.02s Real=0.05s
[13.099s][info][gc          ] GC(43) Concurrent Mark Cycle
[13.099s][info][gc,marking  ] GC(43) Concurrent Scan Root Regions
[13.135s][info][gc,marking  ] GC(43) Concurrent Scan Root Regions 35.904ms
[13.135s][info][gc,marking  ] GC(43) Concurrent Mark
[13.135s][info][gc,marking  ] GC(43) Concurrent Mark From Roots
[13.135s][info][gc,task     ] GC(43) Using 3 workers of 3 for marking
[13.246s][info][gc,marking  ] GC(43) Concurrent Mark From Roots 110.689ms
[13.246s][info][gc,marking  ] GC(43) Concurrent Preclean
[13.246s][info][gc,marking  ] GC(43) Concurrent Preclean 0.023ms
[13.246s][info][gc,start    ] GC(43) Pause Remark
[13.247s][info][gc          ] GC(43) Pause Remark 2334M->2324M(3878M) 1.348ms
[13.247s][info][gc,cpu      ] GC(43) User=0.00s Sys=0.00s Real=0.00s
[13.247s][info][gc,marking  ] GC(43) Concurrent Mark 112.353ms
[13.247s][info][gc,marking  ] GC(43) Concurrent Rebuild Remembered Sets and Scrub Regions
[13.332s][info][gc,marking  ] GC(43) Concurrent Rebuild Remembered Sets and Scrub Regions 84.603ms
[13.332s][info][gc,start    ] GC(43) Pause Cleanup
[13.333s][info][gc          ] GC(43) Pause Cleanup 2416M->2416M(3878M) 0.370ms
[13.333s][info][gc,cpu      ] GC(43) User=0.00s Sys=0.00s Real=0.00s
[13.333s][info][gc,marking  ] GC(43) Concurrent Clear Claimed Marks
[13.333s][info][gc,marking  ] GC(43) Concurrent Clear Claimed Marks 0.040ms
[13.333s][info][gc,marking  ] GC(43) Concurrent Cleanup for Next Mark
[13.338s][info][gc,marking  ] GC(43) Concurrent Cleanup for Next Mark 5.386ms
[13.338s][info][gc          ] GC(43) Concurrent Mark Cycle 239.128ms
[14.087s][info][gc,start    ] GC(44) Pause Young (Prepare Mixed) (G1 Evacuation Pause)
[14.087s][info][gc,task     ] GC(44) Using 10 workers of 10 for evacuation
[14.115s][info][gc,phases   ] GC(44)   Pre Evacuate Collection Set: 0.3ms
[14.115s][info][gc,phases   ] GC(44)   Merge Heap Roots: 0.7ms
[14.115s][info][gc,phases   ] GC(44)   Evacuate Collection Set: 26.4ms
[14.115s][info][gc,phases   ] GC(44)   Post Evacuate Collection Set: 0.7ms
[14.115s][info][gc,phases   ] GC(44)   Other: 0.1ms
[14.115s][info][gc,heap     ] GC(44) Eden regions: 691->0(729)
[14.115s][info][gc,heap     ] GC(44) Survivor regions: 5->20(87)
[14.116s][info][gc,heap     ] GC(44) Old regions: 1063->1063
[14.116s][info][gc,heap     ] GC(44) Humongous regions: 9->9
[14.116s][info][gc,metaspace] GC(44) Metaspace: 1656K(1856K)->1656K(1856K) NonClass: 1501K(1600K)->1501K(1600K) Class: 155K(256K)->155K(256K)
[14.116s][info][gc          ] GC(44) Pause Young (Prepare Mixed) (G1 Evacuation Pause) 3536M->2182M(3878M) 28.480ms
[14.116s][info][gc,cpu      ] GC(44) User=0.16s Sys=0.00s Real=0.03s
[15.106s][info][gc,start    ] GC(45) Pause Young (Mixed) (G1 Evacuation Pause)
[15.106s][info][gc,task     ] GC(45) Using 10 workers of 10 for evacuation
[15.149s][info][gc,phases   ] GC(45)   Pre Evacuate Collection Set: 0.2ms
[15.149s][info][gc,phases   ] GC(45)   Merge Heap Roots: 0.6ms
[15.149s][info][gc,phases   ] GC(45)   Evacuate Collection Set: 40.5ms
[15.149s][info][gc,phases   ] GC(45)   Post Evacuate Collection Set: 0.8ms
[15.149s][info][gc,phases   ] GC(45)   Other: 0.1ms
[15.149s][info][gc,heap     ] GC(45) Eden regions: 729->0(697)
[15.149s][info][gc,heap     ] GC(45) Survivor regions: 20->36(94)
[15.149s][info][gc,heap     ] GC(45) Old regions: 1063->1063
[15.149s][info][gc,heap     ] GC(45) Humongous regions: 9->9
[15.149s][info][gc,metaspace] GC(45) Metaspace: 1656K(1856K)->1656K(1856K) NonClass: 1501K(1600K)->1501K(1600K) Class: 155K(256K)->155K(256K)
[15.149s][info][gc          ] GC(45) Pause Young (Mixed) (G1 Evacuation Pause) 3640M->2213M(3878M) 42.484ms
[15.149s][info][gc,cpu      ] GC(45) User=0.33s Sys=0.00s Real=0.04s
[15.961s][info][gc,start    ] GC(46) Pause Young (Concurrent Start) (G1 Evacuation Pause)
[15.961s][info][gc,task     ] GC(46) Using 10 workers of 10 for evacuation
[16.009s][info][gc,phases   ] GC(46)   Pre Evacuate Collection Set: 0.3ms
[16.009s][info][gc,phases   ] GC(46)   Merge Heap Roots: 0.7ms
[16.009s][info][gc,phases   ] GC(46)   Evacuate Collection Set: 46.3ms
[16.009s][info][gc,phases   ] GC(46)   Post Evacuate Collection Set: 0.8ms
[16.009s][info][gc,phases   ] GC(46)   Other: 0.1ms
[16.009s][info][gc,heap     ] GC(46) Eden regions: 602->0(673)
[16.009s][info][gc,heap     ] GC(46) Survivor regions: 36->48(80)
[16.009s][info][gc,heap     ] GC(46) Old regions: 1063->1063
[16.009s][info][gc,heap     ] GC(46) Humongous regions: 9->9
[16.009s][info][gc,metaspace] GC(46) Metaspace: 1657K(1856K)->1657K(1856K) NonClass: 1502K(1600K)->1502K(1600K) Class: 155K(256K)->155K(256K)
[16.009s][info][gc          ] GC(46) Pause Young (Concurrent Start) (G1 Evacuation Pause) 3417M->2237M(3878M) 48.586ms
[16.009s][info][gc,cpu      ] GC(46) User=0.47s Sys=0.00s Real=0.05s
[16.009s][info][gc          ] GC(47) Concurrent Mark Cycle
[16.009s][info][gc,marking  ] GC(47) Concurrent Scan Root Regions
[16.030s][info][gc,marking  ] GC(47) Concurrent Scan Root Regions 20.789ms
[16.030s][info][gc,marking  ] GC(47) Concurrent Mark
[16.030s][info][gc,marking  ] GC(47) Concurrent Mark From Roots
[16.030s][info][gc,task     ] GC(47) Using 3 workers of 3 for marking
[16.211s][info][gc,marking  ] GC(47) Concurrent Mark From Roots 181.359ms
[16.212s][info][gc,marking  ] GC(47) Concurrent Preclean
[16.212s][info][gc,marking  ] GC(47) Concurrent Preclean 0.022ms
[16.212s][info][gc,start    ] GC(47) Pause Remark
[16.213s][info][gc          ] GC(47) Pause Remark 2466M->2466M(4096M) 1.637ms
[16.213s][info][gc,cpu      ] GC(47) User=0.00s Sys=0.00s Real=0.00s
[16.213s][info][gc,marking  ] GC(47) Concurrent Mark 183.309ms
[16.213s][info][gc,marking  ] GC(47) Concurrent Rebuild Remembered Sets and Scrub Regions
[16.334s][info][gc,marking  ] GC(47) Concurrent Rebuild Remembered Sets and Scrub Regions 120.819ms
[16.334s][info][gc,start    ] GC(47) Pause Cleanup
[16.335s][info][gc          ] GC(47) Pause Cleanup 2602M->2602M(4096M) 0.421ms
[16.335s][info][gc,cpu      ] GC(47) User=0.00s Sys=0.00s Real=0.00s
[16.335s][info][gc,marking  ] GC(47) Concurrent Clear Claimed Marks
[16.335s][info][gc,marking  ] GC(47) Concurrent Clear Claimed Marks 0.039ms
[16.335s][info][gc,marking  ] GC(47) Concurrent Cleanup for Next Mark
[16.341s][info][gc,marking  ] GC(47) Concurrent Cleanup for Next Mark 6.086ms
[16.341s][info][gc          ] GC(47) Concurrent Mark Cycle 331.958ms
[17.006s][info][gc,start    ] GC(48) Pause Young (Prepare Mixed) (G1 Evacuation Pause)
[17.006s][info][gc,task     ] GC(48) Using 10 workers of 10 for evacuation
[17.066s][info][gc,phases   ] GC(48)   Pre Evacuate Collection Set: 0.2ms
[17.066s][info][gc,phases   ] GC(48)   Merge Heap Roots: 1.1ms
[17.066s][info][gc,phases   ] GC(48)   Evacuate Collection Set: 57.3ms
[17.066s][info][gc,phases   ] GC(48)   Post Evacuate Collection Set: 0.8ms
[17.066s][info][gc,phases   ] GC(48)   Other: 0.1ms
[17.066s][info][gc,heap     ] GC(48) Eden regions: 668->0(752)
[17.066s][info][gc,heap     ] GC(48) Survivor regions: 48->60(90)
[17.066s][info][gc,heap     ] GC(48) Old regions: 1063->1064
[17.066s][info][gc,heap     ] GC(48) Humongous regions: 9->9
[17.066s][info][gc,metaspace] GC(48) Metaspace: 1660K(1856K)->1660K(1856K) NonClass: 1505K(1600K)->1505K(1600K) Class: 155K(256K)->155K(256K)
[17.066s][info][gc          ] GC(48) Pause Young (Prepare Mixed) (G1 Evacuation Pause) 3573M->2263M(4096M) 59.888ms
[17.066s][info][gc,cpu      ] GC(48) User=0.62s Sys=0.00s Real=0.06s
[18.130s][info][gc,start    ] GC(49) Pause Young (Mixed) (G1 Evacuation Pause)
[18.130s][info][gc,task     ] GC(49) Using 10 workers of 10 for evacuation
[18.224s][info][gc,phases   ] GC(49)   Pre Evacuate Collection Set: 0.2ms
[18.224s][info][gc,phases   ] GC(49)   Merge Heap Roots: 1.1ms
[18.224s][info][gc,phases   ] GC(49)   Evacuate Collection Set: 91.5ms
[18.224s][info][gc,phases   ] GC(49)   Post Evacuate Collection Set: 1.0ms
[18.224s][info][gc,phases   ] GC(49)   Other: 0.1ms
[18.224s][info][gc,heap     ] GC(49) Eden regions: 752->0(713)
[18.224s][info][gc,heap     ] GC(49) Survivor regions: 60->65(102)
[18.224s][info][gc,heap     ] GC(49) Old regions: 1064->1076
[18.224s][info][gc,heap     ] GC(49) Humongous regions: 26->26
[18.224s][info][gc,metaspace] GC(49) Metaspace: 1662K(1856K)->1662K(1856K) NonClass: 1507K(1600K)->1507K(1600K) Class: 155K(256K)->155K(256K)
[18.224s][info][gc          ] GC(49) Pause Young (Mixed) (G1 Evacuation Pause) 3801M->2333M(4096M) 94.171ms
[18.224s][info][gc,cpu      ] GC(49) User=0.94s Sys=0.00s Real=0.10s
[19.217s][info][gc,start    ] GC(50) Pause Young (Concurrent Start) (G1 Evacuation Pause)
[19.217s][info][gc,task     ] GC(50) Using 10 workers of 10 for evacuation
[19.308s][info][gc,phases   ] GC(50)   Pre Evacuate Collection Set: 0.4ms
[19.308s][info][gc,phases   ] GC(50)   Merge Heap Roots: 1.2ms
[19.308s][info][gc,phases   ] GC(50)   Evacuate Collection Set: 88.6ms
[19.308s][info][gc,phases   ] GC(50)   Post Evacuate Collection Set: 0.9ms
[19.308s][info][gc,phases   ] GC(50)   Other: 0.1ms
[19.308s][info][gc,heap     ] GC(50) Eden regions: 713->0(698)
[19.308s][info][gc,heap     ] GC(50) Survivor regions: 65->64(98)
[19.308s][info][gc,heap     ] GC(50) Old regions: 1076->1093
[19.308s][info][gc,heap     ] GC(50) Humongous regions: 26->26
[19.308s][info][gc,metaspace] GC(50) Metaspace: 1662K(1856K)->1662K(1856K) NonClass: 1507K(1600K)->1507K(1600K) Class: 155K(256K)->155K(256K)
[19.308s][info][gc          ] GC(50) Pause Young (Concurrent Start) (G1 Evacuation Pause) 3759M->2365M(4096M) 91.514ms
[19.308s][info][gc,cpu      ] GC(50) User=0.94s Sys=0.00s Real=0.09s
[19.308s][info][gc          ] GC(51) Concurrent Mark Cycle
[19.308s][info][gc,marking  ] GC(51) Concurrent Scan Root Regions
[19.371s][info][gc,marking  ] GC(51) Concurrent Scan Root Regions 62.853ms
[19.371s][info][gc,marking  ] GC(51) Concurrent Mark
[19.371s][info][gc,marking  ] GC(51) Concurrent Mark From Roots
[19.371s][info][gc,task     ] GC(51) Using 3 workers of 3 for marking
[19.613s][info][gc,marking  ] GC(51) Concurrent Mark From Roots 241.355ms
[19.613s][info][gc,marking  ] GC(51) Concurrent Preclean
[19.613s][info][gc,marking  ] GC(51) Concurrent Preclean 0.027ms
[19.613s][info][gc,start    ] GC(51) Pause Remark
[19.614s][info][gc          ] GC(51) Pause Remark 2716M->2698M(4096M) 0.781ms
[19.614s][info][gc,cpu      ] GC(51) User=0.00s Sys=0.00s Real=0.00s
[19.614s][info][gc,marking  ] GC(51) Concurrent Mark 242.523ms
[19.614s][info][gc,marking  ] GC(51) Concurrent Rebuild Remembered Sets and Scrub Regions
[19.721s][info][gc,start    ] GC(52) Pause Young (Normal) (G1 Evacuation Pause)
[19.721s][info][gc,task     ] GC(52) Using 10 workers of 10 for evacuation
[19.788s][info][gc,phases   ] GC(52)   Pre Evacuate Collection Set: 0.2ms
[19.788s][info][gc,phases   ] GC(52)   Merge Heap Roots: 1.2ms
[19.788s][info][gc,phases   ] GC(52)   Evacuate Collection Set: 64.2ms
[19.788s][info][gc,phases   ] GC(52)   Post Evacuate Collection Set: 1.0ms
[19.788s][info][gc,phases   ] GC(52)   Other: 0.1ms
[19.788s][info][gc,heap     ] GC(52) Eden regions: 237->0(745)
[19.788s][info][gc,heap     ] GC(52) Survivor regions: 64->20(38)
[19.788s][info][gc,heap     ] GC(52) Old regions: 1093->1143
[19.788s][info][gc,heap     ] GC(52) Humongous regions: 17->17
[19.788s][info][gc,metaspace] GC(52) Metaspace: 1664K(1856K)->1664K(1856K) NonClass: 1509K(1600K)->1509K(1600K) Class: 155K(256K)->155K(256K)
[19.788s][info][gc          ] GC(52) Pause Young (Normal) (G1 Evacuation Pause) 2821M->2360M(4096M) 66.948ms
[19.788s][info][gc,cpu      ] GC(52) User=0.62s Sys=0.00s Real=0.07s
[19.841s][info][gc,marking  ] GC(51) Concurrent Rebuild Remembered Sets and Scrub Regions 227.553ms
[19.842s][info][gc,start    ] GC(51) Pause Cleanup
[19.842s][info][gc          ] GC(51) Pause Cleanup 2424M->2424M(4096M) 0.443ms
[19.842s][info][gc,cpu      ] GC(51) User=0.00s Sys=0.00s Real=0.00s
[19.842s][info][gc,marking  ] GC(51) Concurrent Clear Claimed Marks
[19.842s][info][gc,marking  ] GC(51) Concurrent Clear Claimed Marks 0.043ms
[19.842s][info][gc,marking  ] GC(51) Concurrent Cleanup for Next Mark
[19.847s][info][gc,marking  ] GC(51) Concurrent Cleanup for Next Mark 5.166ms
[19.847s][info][gc          ] GC(51) Concurrent Mark Cycle 539.052ms
[21.414s][info][gc,start    ] GC(53) Pause Young (Prepare Mixed) (G1 Evacuation Pause)
[21.415s][info][gc,task     ] GC(53) Using 10 workers of 10 for evacuation
[21.526s][info][gc,phases   ] GC(53)   Pre Evacuate Collection Set: 0.4ms
[21.526s][info][gc,phases   ] GC(53)   Merge Heap Roots: 1.2ms
[21.526s][info][gc,phases   ] GC(53)   Evacuate Collection Set: 108.2ms
[21.526s][info][gc,phases   ] GC(53)   Post Evacuate Collection Set: 1.2ms
[21.526s][info][gc,phases   ] GC(53)   Other: 0.1ms
[21.526s][info][gc,heap     ] GC(53) Eden regions: 745->0(609)
[21.526s][info][gc,heap     ] GC(53) Survivor regions: 20->75(96)
[21.526s][info][gc,heap     ] GC(53) Old regions: 1143->1143
[21.526s][info][gc,heap     ] GC(53) Humongous regions: 43->43
[21.526s][info][gc,metaspace] GC(53) Metaspace: 1758K(1920K)->1758K(1920K) NonClass: 1591K(1664K)->1591K(1664K) Class: 167K(256K)->167K(256K)
[21.526s][info][gc          ] GC(53) Pause Young (Prepare Mixed) (G1 Evacuation Pause) 3902M->2521M(4096M) 111.345ms
[21.526s][info][gc,cpu      ] GC(53) User=1.09s Sys=0.00s Real=0.11s
[22.036s][info][gc,heap,exit] Heap
[22.036s][info][gc,heap,exit]  garbage-first heap   total 4194304K, used 2606080K [0x0000000700000000, 0x0000000800000000)
[22.036s][info][gc,heap,exit]   region size 2048K, 81 young (165888K), 75 survivors (153600K)
[22.036s][info][gc,heap,exit]  Metaspace       used 1818K, committed 1984K, reserved 1114112K
[22.037s][info][gc,heap,exit]   class space    used 173K, committed 256K, reserved 1048576K
