[0.012s][info][gc,init] CardTable entry size: 512
[0.013s][info][gc     ] Using Parallel
[0.023s][info][gc,init] Version: 21.0.5+9-LTS-239 (release)
[0.023s][info][gc,init] CPUs: 12 total, 12 available
[0.023s][info][gc,init] Memory: 16190M
[0.023s][info][gc,init] Large Page Support: Disabled
[0.023s][info][gc,init] NUMA Support: Disabled
[0.023s][info][gc,init] Compressed Oops: Enabled (Zero based)
[0.023s][info][gc,init] Alignments: Space 512K, Generation 512K, Heap 2M
[0.023s][info][gc,init] Heap Min Capacity: 2G
[0.023s][info][gc,init] Heap Initial Capacity: 2G
[0.023s][info][gc,init] Heap Max Capacity: 4G
[0.023s][info][gc,init] Pre-touch: Disabled
[0.023s][info][gc,init] Parallel Workers: 10
[0.044s][info][gc,metaspace] CDS archive(s) mapped at: [0x0000020d0f000000-0x0000020d0fc90000-0x0000020d0fc90000), size 13172736, SharedBaseAddress: 0x0000020d0f000000, ArchiveRelocationMode: 1.
[0.044s][info][gc,metaspace] Compressed class space mapped at: 0x0000020d10000000-0x0000020d50000000, reserved size: 1073741824
[0.044s][info][gc,metaspace] Narrow klass base: 0x0000020d0f000000, Narrow klass shift: 0, Narrow klass range: 0x100000000
[0.832s][info][gc,start    ] GC(0) Pause Young (Allocation Failure)
[0.850s][info][gc,heap     ] GC(0) PSYoungGen: 524800K(611840K)->87038K(611840K) Eden: 524800K(524800K)->0K(524800K) From: 0K(87040K)->87038K(87040K)
[0.850s][info][gc,heap     ] GC(0) ParOldGen: 0K(1398272K)->8690K(1398272K)
[0.850s][info][gc,metaspace] GC(0) Metaspace: 1313K(1472K)->1313K(1472K) NonClass: 1215K(1280K)->1215K(1280K) Class: 97K(192K)->97K(192K)
[0.850s][info][gc          ] GC(0) Pause Young (Allocation Failure) 512M->93M(1963M) 17.888ms
[0.850s][info][gc,cpu      ] GC(0) User=0.06s Sys=0.09s Real=0.02s
[1.187s][info][gc,start    ] GC(1) Pause Young (Allocation Failure)
[1.218s][info][gc,heap     ] GC(1) PSYoungGen: 611838K(611840K)->87035K(1136640K) Eden: 524800K(524800K)->0K(1049600K) From: 87038K(87040K)->87035K(87040K)
[1.218s][info][gc,heap     ] GC(1) ParOldGen: 8690K(1398272K)->109289K(1398272K)
[1.218s][info][gc,metaspace] GC(1) Metaspace: 1314K(1472K)->1314K(1472K) NonClass: 1216K(1280K)->1216K(1280K) Class: 97K(192K)->97K(192K)
[1.218s][info][gc          ] GC(1) Pause Young (Allocation Failure) 605M->191M(2475M) 31.611ms
[1.219s][info][gc,cpu      ] GC(1) User=0.11s Sys=0.20s Real=0.03s
[2.076s][info][gc,start    ] GC(2) Pause Young (Allocation Failure)
[2.127s][info][gc,heap     ] GC(2) PSYoungGen: 1136635K(1136640K)->87034K(1136640K) Eden: 1049600K(1049600K)->0K(1049600K) From: 87035K(87040K)->87034K(87040K)
[2.127s][info][gc,heap     ] GC(2) ParOldGen: 109289K(1398272K)->289161K(1398272K)
[2.127s][info][gc,metaspace] GC(2) Metaspace: 1617K(1792K)->1617K(1792K) NonClass: 1464K(1536K)->1464K(1536K) Class: 153K(256K)->153K(256K)
[2.127s][info][gc          ] GC(2) Pause Young (Allocation Failure) 1216M->367M(2475M) 51.711ms
[2.127s][info][gc,cpu      ] GC(2) User=0.11s Sys=0.36s Real=0.05s
[2.830s][info][gc,start    ] GC(3) Pause Young (Allocation Failure)
[2.880s][info][gc,heap     ] GC(3) PSYoungGen: 1136634K(1136640K)->87039K(1310720K) Eden: 1049600K(1049600K)->0K(1223680K) From: 87034K(87040K)->87039K(87040K)
[2.880s][info][gc,heap     ] GC(3) ParOldGen: 289161K(1398272K)->334938K(1398272K)
[2.880s][info][gc,metaspace] GC(3) Metaspace: 1646K(1792K)->1646K(1792K) NonClass: 1491K(1536K)->1491K(1536K) Class: 154K(256K)->154K(256K)
[2.880s][info][gc          ] GC(3) Pause Young (Allocation Failure) 1392M->412M(2645M) 49.699ms
[2.880s][info][gc,cpu      ] GC(3) User=0.16s Sys=0.31s Real=0.05s
[3.707s][info][gc,start    ] GC(4) Pause Young (Allocation Failure)
[3.758s][info][gc,heap     ] GC(4) PSYoungGen: 1310719K(1310720K)->87029K(1310720K) Eden: 1223680K(1223680K)->0K(1223680K) From: 87039K(87040K)->87029K(87040K)
[3.758s][info][gc,heap     ] GC(4) ParOldGen: 334938K(1398272K)->378031K(1398272K)
[3.758s][info][gc,metaspace] GC(4) Metaspace: 1646K(1792K)->1646K(1792K) NonClass: 1492K(1536K)->1492K(1536K) Class: 154K(256K)->154K(256K)
[3.758s][info][gc          ] GC(4) Pause Young (Allocation Failure) 1607M->454M(2645M) 51.649ms
[3.759s][info][gc,cpu      ] GC(4) User=0.48s Sys=0.14s Real=0.05s
[4.756s][info][gc,heap,exit] Heap
[4.757s][info][gc,heap,exit]  PSYoungGen      total 1310720K, used 1141032K [0x00000007aab00000, 0x0000000800000000, 0x0000000800000000)
[4.757s][info][gc,heap,exit]   eden space 1223680K, 86% used [0x00000007aab00000,0x00000007eb04cbe0,0x00000007f5600000)
[4.757s][info][gc,heap,exit]   from space 87040K, 99% used [0x00000007f5600000,0x00000007faafd6d0,0x00000007fab00000)
[4.757s][info][gc,heap,exit]   to   space 87040K, 0% used [0x00000007fab00000,0x00000007fab00000,0x0000000800000000)
[4.757s][info][gc,heap,exit]  ParOldGen       total 1398272K, used 378031K [0x0000000700000000, 0x0000000755580000, 0x00000007aab00000)
[4.757s][info][gc,heap,exit]   object space 1398272K, 27% used [0x0000000700000000,0x000000071712bf28,0x0000000755580000)
[4.757s][info][gc,heap,exit]  Metaspace       used 1819K, committed 1984K, reserved 1114112K
[4.757s][info][gc,heap,exit]   class space    used 173K, committed 256K, reserved 1048576K
