[0.009s][info][gc,init] CardTable entry size: 512
[0.009s][info][gc     ] Using Parallel
[0.015s][info][gc,init] Version: 21.0.5+9-LTS-239 (release)
[0.016s][info][gc,init] CPUs: 12 total, 12 available
[0.016s][info][gc,init] Memory: 16190M
[0.016s][info][gc,init] Large Page Support: Disabled
[0.016s][info][gc,init] NUMA Support: Disabled
[0.016s][info][gc,init] Compressed Oops: Enabled (Zero based)
[0.016s][info][gc,init] Alignments: Space 512K, Generation 512K, Heap 2M
[0.016s][info][gc,init] Heap Min Capacity: 2G
[0.016s][info][gc,init] Heap Initial Capacity: 2G
[0.016s][info][gc,init] Heap Max Capacity: 4G
[0.016s][info][gc,init] Pre-touch: Disabled
[0.016s][info][gc,init] Parallel Workers: 10
[0.025s][info][gc,metaspace] CDS archive(s) mapped at: [0x00000150db000000-0x00000150dbc90000-0x00000150dbc90000), size 13172736, SharedBaseAddress: 0x00000150db000000, ArchiveRelocationMode: 1.
[0.025s][info][gc,metaspace] Compressed class space mapped at: 0x00000150dc000000-0x000001511c000000, reserved size: 1073741824
[0.025s][info][gc,metaspace] Narrow klass base: 0x00000150db000000, Narrow klass shift: 0, Narrow klass range: 0x100000000
[0.817s][info][gc,start    ] GC(0) Pause Young (Allocation Failure)
[0.834s][info][gc,heap     ] GC(0) PSYoungGen: 524800K(611840K)->87033K(611840K) Eden: 524800K(524800K)->0K(524800K) From: 0K(87040K)->87033K(87040K)
[0.834s][info][gc,heap     ] GC(0) ParOldGen: 0K(1398272K)->6693K(1398272K)
[0.834s][info][gc,metaspace] GC(0) Metaspace: 1319K(1472K)->1319K(1472K) NonClass: 1221K(1280K)->1221K(1280K) Class: 97K(192K)->97K(192K)
[0.834s][info][gc          ] GC(0) Pause Young (Allocation Failure) 512M->91M(1963M) 17.764ms
[0.834s][info][gc,cpu      ] GC(0) User=0.09s Sys=0.06s Real=0.02s
[1.183s][info][gc,start    ] GC(1) Pause Young (Allocation Failure)
[1.214s][info][gc,heap     ] GC(1) PSYoungGen: 611833K(611840K)->87029K(1136640K) Eden: 524800K(524800K)->0K(1049600K) From: 87033K(87040K)->87029K(87040K)
[1.214s][info][gc,heap     ] GC(1) ParOldGen: 6693K(1398272K)->106831K(1398272K)
[1.214s][info][gc,metaspace] GC(1) Metaspace: 1320K(1472K)->1320K(1472K) NonClass: 1222K(1280K)->1222K(1280K) Class: 97K(192K)->97K(192K)
[1.215s][info][gc          ] GC(1) Pause Young (Allocation Failure) 604M->189M(2475M) 31.379ms
[1.215s][info][gc,cpu      ] GC(1) User=0.16s Sys=0.16s Real=0.03s
[2.169s][info][gc,start    ] GC(2) Pause Young (Allocation Failure)
[2.220s][info][gc,heap     ] GC(2) PSYoungGen: 1136629K(1136640K)->87031K(1136640K) Eden: 1049600K(1049600K)->0K(1049600K) From: 87029K(87040K)->87031K(87040K)
[2.220s][info][gc,heap     ] GC(2) ParOldGen: 106831K(1398272K)->290005K(1398272K)
[2.220s][info][gc,metaspace] GC(2) Metaspace: 1547K(1664K)->1547K(1664K) NonClass: 1420K(1472K)->1420K(1472K) Class: 127K(192K)->127K(192K)
[2.220s][info][gc          ] GC(2) Pause Young (Allocation Failure) 1214M->368M(2475M) 51.260ms
[2.220s][info][gc,cpu      ] GC(2) User=0.27s Sys=0.20s Real=0.05s
[3.533s][info][gc,start    ] GC(3) Pause Young (Allocation Failure)
[3.577s][info][gc,heap     ] GC(3) PSYoungGen: 1136631K(1136640K)->87026K(1310720K) Eden: 1049600K(1049600K)->0K(1223680K) From: 87031K(87040K)->87026K(87040K)
[3.577s][info][gc,heap     ] GC(3) ParOldGen: 290005K(1398272K)->333857K(1398272K)
[3.577s][info][gc,metaspace] GC(3) Metaspace: 1558K(1664K)->1558K(1664K) NonClass: 1431K(1472K)->1431K(1472K) Class: 127K(192K)->127K(192K)
[3.577s][info][gc          ] GC(3) Pause Young (Allocation Failure) 1393M->411M(2645M) 44.475ms
[3.577s][info][gc,cpu      ] GC(3) User=0.20s Sys=0.27s Real=0.04s
[5.093s][info][gc,start    ] GC(4) Pause Young (Allocation Failure)
[5.147s][info][gc,heap     ] GC(4) PSYoungGen: 1310706K(1310720K)->87033K(1310720K) Eden: 1223680K(1223680K)->0K(1223680K) From: 87026K(87040K)->87033K(87040K)
[5.147s][info][gc,heap     ] GC(4) ParOldGen: 333857K(1398272K)->378234K(1398272K)
[5.147s][info][gc,metaspace] GC(4) Metaspace: 1558K(1664K)->1558K(1664K) NonClass: 1431K(1472K)->1431K(1472K) Class: 127K(192K)->127K(192K)
[5.147s][info][gc          ] GC(4) Pause Young (Allocation Failure) 1606M->454M(2645M) 53.425ms
[5.147s][info][gc,cpu      ] GC(4) User=0.22s Sys=0.25s Real=0.05s
[6.725s][info][gc,heap,exit] Heap
[6.725s][info][gc,heap,exit]  PSYoungGen      total 1310720K, used 1100540K [0x00000007aab00000, 0x0000000800000000, 0x0000000800000000)
[6.725s][info][gc,heap,exit]   eden space 1223680K, 82% used [0x00000007aab00000,0x00000007e88c0e40,0x00000007f5600000)
[6.725s][info][gc,heap,exit]   from space 87040K, 99% used [0x00000007f5600000,0x00000007faafe570,0x00000007fab00000)
[6.725s][info][gc,heap,exit]   to   space 87040K, 0% used [0x00000007fab00000,0x00000007fab00000,0x0000000800000000)
[6.725s][info][gc,heap,exit]  ParOldGen       total 1398272K, used 378234K [0x0000000700000000, 0x0000000755580000, 0x00000007aab00000)
[6.725s][info][gc,heap,exit]   object space 1398272K, 27% used [0x0000000700000000,0x000000071715e888,0x0000000755580000)
[6.725s][info][gc,heap,exit]  Metaspace       used 1726K, committed 1856K, reserved 1114112K
[6.725s][info][gc,heap,exit]   class space    used 146K, committed 192K, reserved 1048576K
