[0.010s][info][gc,init] CardTable entry size: 512
[0.010s][info][gc     ] Using Parallel
[0.017s][info][gc,init] Version: 21.0.5+9-LTS-239 (release)
[0.017s][info][gc,init] CPUs: 12 total, 12 available
[0.017s][info][gc,init] Memory: 16190M
[0.017s][info][gc,init] Large Page Support: Disabled
[0.017s][info][gc,init] NUMA Support: Disabled
[0.017s][info][gc,init] Compressed Oops: Enabled (Zero based)
[0.017s][info][gc,init] Alignments: Space 512K, Generation 512K, Heap 2M
[0.017s][info][gc,init] Heap Min Capacity: 2G
[0.017s][info][gc,init] Heap Initial Capacity: 2G
[0.017s][info][gc,init] Heap Max Capacity: 4G
[0.017s][info][gc,init] Pre-touch: Disabled
[0.017s][info][gc,init] Parallel Workers: 10
[0.027s][info][gc,metaspace] CDS archive(s) mapped at: [0x0000018288000000-0x0000018288c90000-0x0000018288c90000), size 13172736, SharedBaseAddress: 0x0000018288000000, ArchiveRelocationMode: 1.
[0.027s][info][gc,metaspace] Compressed class space mapped at: 0x0000018289000000-0x00000182c9000000, reserved size: 1073741824
[0.027s][info][gc,metaspace] Narrow klass base: 0x0000018288000000, Narrow klass shift: 0, Narrow klass range: 0x100000000
[0.815s][info][gc,start    ] GC(0) Pause Young (Allocation Failure)
[0.833s][info][gc,heap     ] GC(0) PSYoungGen: 524800K(611840K)->87027K(611840K) Eden: 524800K(524800K)->0K(524800K) From: 0K(87040K)->87027K(87040K)
[0.833s][info][gc,heap     ] GC(0) ParOldGen: 0K(1398272K)->8712K(1398272K)
[0.833s][info][gc,metaspace] GC(0) Metaspace: 1318K(1472K)->1318K(1472K) NonClass: 1220K(1280K)->1220K(1280K) Class: 97K(192K)->97K(192K)
[0.833s][info][gc          ] GC(0) Pause Young (Allocation Failure) 512M->93M(1963M) 18.412ms
[0.833s][info][gc,cpu      ] GC(0) User=0.11s Sys=0.05s Real=0.02s
[1.169s][info][gc,start    ] GC(1) Pause Young (Allocation Failure)
[1.201s][info][gc,heap     ] GC(1) PSYoungGen: 611827K(611840K)->87026K(1136640K) Eden: 524800K(524800K)->0K(1049600K) From: 87027K(87040K)->87026K(87040K)
[1.201s][info][gc,heap     ] GC(1) ParOldGen: 8712K(1398272K)->109554K(1398272K)
[1.201s][info][gc,metaspace] GC(1) Metaspace: 1319K(1472K)->1319K(1472K) NonClass: 1222K(1280K)->1222K(1280K) Class: 97K(192K)->97K(192K)
[1.201s][info][gc          ] GC(1) Pause Young (Allocation Failure) 605M->191M(2475M) 31.821ms
[1.201s][info][gc,cpu      ] GC(1) User=0.09s Sys=0.22s Real=0.03s
[1.937s][info][gc,start    ] GC(2) Pause Young (Allocation Failure)
[1.990s][info][gc,heap     ] GC(2) PSYoungGen: 1136626K(1136640K)->87031K(1136640K) Eden: 1049600K(1049600K)->0K(1049600K) From: 87026K(87040K)->87031K(87040K)
[1.990s][info][gc,heap     ] GC(2) ParOldGen: 109554K(1398272K)->315170K(1398272K)
[1.990s][info][gc,metaspace] GC(2) Metaspace: 1319K(1472K)->1319K(1472K) NonClass: 1222K(1280K)->1222K(1280K) Class: 97K(192K)->97K(192K)
[1.990s][info][gc          ] GC(2) Pause Young (Allocation Failure) 1216M->392M(2475M) 52.918ms
[1.990s][info][gc,cpu      ] GC(2) User=0.12s Sys=0.34s Real=0.05s
[2.619s][info][gc,start    ] GC(3) Pause Young (Allocation Failure)
[2.671s][info][gc,heap     ] GC(3) PSYoungGen: 1136631K(1136640K)->87034K(1310720K) Eden: 1049600K(1049600K)->0K(1223680K) From: 87031K(87040K)->87034K(87040K)
[2.671s][info][gc,heap     ] GC(3) ParOldGen: 315170K(1398272K)->521364K(1398272K)
[2.671s][info][gc,metaspace] GC(3) Metaspace: 1319K(1472K)->1319K(1472K) NonClass: 1222K(1280K)->1222K(1280K) Class: 97K(192K)->97K(192K)
[2.671s][info][gc          ] GC(3) Pause Young (Allocation Failure) 1417M->594M(2645M) 52.226ms
[2.671s][info][gc,cpu      ] GC(3) User=0.06s Sys=0.41s Real=0.05s
[3.594s][info][gc,start    ] GC(4) Pause Young (Allocation Failure)
[3.647s][info][gc,heap     ] GC(4) PSYoungGen: 1310714K(1310720K)->87031K(1310720K) Eden: 1223680K(1223680K)->0K(1223680K) From: 87034K(87040K)->87031K(87040K)
[3.647s][info][gc,heap     ] GC(4) ParOldGen: 521364K(1398272K)->675956K(1398272K)
[3.647s][info][gc,metaspace] GC(4) Metaspace: 1575K(1664K)->1575K(1664K) NonClass: 1439K(1472K)->1439K(1472K) Class: 135K(192K)->135K(192K)
[3.647s][info][gc          ] GC(4) Pause Young (Allocation Failure) 1789M->745M(2645M) 52.918ms
[3.647s][info][gc,cpu      ] GC(4) User=0.12s Sys=0.34s Real=0.05s
[4.383s][info][gc,start    ] GC(5) Pause Young (Allocation Failure)
[4.424s][info][gc,heap     ] GC(5) PSYoungGen: 1310711K(1310720K)->87038K(751616K) Eden: 1223680K(1223680K)->0K(664576K) From: 87031K(87040K)->87038K(87040K)
[4.424s][info][gc,heap     ] GC(5) ParOldGen: 675956K(1398272K)->719451K(1398272K)
[4.424s][info][gc,metaspace] GC(5) Metaspace: 1576K(1664K)->1576K(1664K) NonClass: 1440K(1472K)->1440K(1472K) Class: 135K(192K)->135K(192K)
[4.424s][info][gc          ] GC(5) Pause Young (Allocation Failure) 1940M->787M(2099M) 40.538ms
[4.424s][info][gc,cpu      ] GC(5) User=0.17s Sys=0.16s Real=0.04s
[4.816s][info][gc,start    ] GC(6) Pause Young (Allocation Failure)
[4.849s][info][gc,heap     ] GC(6) PSYoungGen: 751614K(751616K)->113544K(1031168K) Eden: 664576K(664576K)->0K(664576K) From: 87038K(87040K)->113544K(366592K)
[4.849s][info][gc,heap     ] GC(6) ParOldGen: 719451K(1398272K)->720235K(1398272K)
[4.849s][info][gc,metaspace] GC(6) Metaspace: 1576K(1664K)->1576K(1664K) NonClass: 1440K(1472K)->1440K(1472K) Class: 135K(192K)->135K(192K)
[4.849s][info][gc          ] GC(6) Pause Young (Allocation Failure) 1436M->814M(2372M) 33.886ms
[4.850s][info][gc,cpu      ] GC(6) User=0.30s Sys=0.02s Real=0.03s
[5.240s][info][gc,start    ] GC(7) Pause Young (Allocation Failure)
[5.281s][info][gc,heap     ] GC(7) PSYoungGen: 778120K(1031168K)->131244K(1013248K) Eden: 664576K(664576K)->0K(666112K) From: 113544K(366592K)->131244K(347136K)
[5.281s][info][gc,heap     ] GC(7) ParOldGen: 720235K(1398272K)->720267K(1398272K)
[5.281s][info][gc,metaspace] GC(7) Metaspace: 1576K(1664K)->1576K(1664K) NonClass: 1440K(1472K)->1440K(1472K) Class: 135K(192K)->135K(192K)
[5.281s][info][gc          ] GC(7) Pause Young (Allocation Failure) 1463M->831M(2355M) 41.577ms
[5.281s][info][gc,cpu      ] GC(7) User=0.47s Sys=0.00s Real=0.04s
[5.689s][info][gc,start    ] GC(8) Pause Young (Allocation Failure)
[5.740s][info][gc,heap     ] GC(8) PSYoungGen: 797356K(1013248K)->74272K(1022976K) Eden: 666112K(666112K)->0K(666112K) From: 131244K(347136K)->74272K(356864K)
[5.740s][info][gc,heap     ] GC(8) ParOldGen: 720267K(1398272K)->802364K(1398272K)
[5.740s][info][gc,metaspace] GC(8) Metaspace: 1595K(1728K)->1595K(1728K) NonClass: 1458K(1536K)->1458K(1536K) Class: 136K(192K)->136K(192K)
[5.740s][info][gc          ] GC(8) Pause Young (Allocation Failure) 1482M->856M(2364M) 51.527ms
[5.740s][info][gc,cpu      ] GC(8) User=0.45s Sys=0.02s Real=0.05s
[6.133s][info][gc,start    ] GC(9) Pause Young (Allocation Failure)
[6.178s][info][gc,heap     ] GC(9) PSYoungGen: 740384K(1022976K)->33312K(1027584K) Eden: 666112K(666112K)->0K(668672K) From: 74272K(356864K)->33312K(358912K)
[6.179s][info][gc,heap     ] GC(9) ParOldGen: 802364K(1398272K)->859628K(1398272K)
[6.179s][info][gc,metaspace] GC(9) Metaspace: 1595K(1728K)->1595K(1728K) NonClass: 1459K(1536K)->1459K(1536K) Class: 136K(192K)->136K(192K)
[6.179s][info][gc          ] GC(9) Pause Young (Allocation Failure) 1506M->872M(2369M) 45.845ms
[6.179s][info][gc,cpu      ] GC(9) User=0.38s Sys=0.09s Real=0.05s
[6.636s][info][gc,start    ] GC(10) Pause Young (Allocation Failure)
[6.665s][info][gc,heap     ] GC(10) PSYoungGen: 701984K(1027584K)->15616K(684544K) Eden: 668672K(668672K)->0K(668672K) From: 33312K(358912K)->15616K(15872K)
[6.665s][info][gc,heap     ] GC(10) ParOldGen: 859628K(1398272K)->892900K(1398272K)
[6.665s][info][gc,metaspace] GC(10) Metaspace: 1595K(1728K)->1595K(1728K) NonClass: 1459K(1536K)->1459K(1536K) Class: 136K(192K)->136K(192K)
[6.665s][info][gc          ] GC(10) Pause Young (Allocation Failure) 1525M->887M(2034M) 28.762ms
[6.665s][info][gc,cpu      ] GC(10) User=0.31s Sys=0.00s Real=0.03s
[7.088s][info][gc,start    ] GC(11) Pause Young (Allocation Failure)
[7.138s][info][gc,heap     ] GC(11) PSYoungGen: 684288K(684544K)->88768K(1041920K) Eden: 668672K(668672K)->0K(673280K) From: 15616K(15872K)->88768K(368640K)
[7.138s][info][gc,heap     ] GC(11) ParOldGen: 892900K(1398272K)->908332K(1398272K)
[7.138s][info][gc,metaspace] GC(11) Metaspace: 1598K(1728K)->1598K(1728K) NonClass: 1461K(1536K)->1461K(1536K) Class: 136K(192K)->136K(192K)
[7.138s][info][gc          ] GC(11) Pause Young (Allocation Failure) 1540M->973M(2383M) 50.100ms
[7.138s][info][gc,cpu      ] GC(11) User=0.28s Sys=0.06s Real=0.05s
[7.538s][info][gc,start    ] GC(12) Pause Young (Allocation Failure)
[7.587s][info][gc,heap     ] GC(12) PSYoungGen: 762048K(1041920K)->14784K(1029120K) Eden: 673280K(673280K)->0K(673280K) From: 88768K(368640K)->14784K(355840K)
[7.587s][info][gc,heap     ] GC(12) ParOldGen: 908332K(1398272K)->996988K(1398272K)
[7.587s][info][gc,metaspace] GC(12) Metaspace: 1598K(1728K)->1598K(1728K) NonClass: 1461K(1536K)->1461K(1536K) Class: 136K(192K)->136K(192K)
[7.587s][info][gc          ] GC(12) Pause Young (Allocation Failure) 1631M->988M(2370M) 48.552ms
[7.587s][info][gc,cpu      ] GC(12) User=0.47s Sys=0.02s Real=0.05s
[8.264s][info][gc,heap,exit] Heap
[8.264s][info][gc,heap,exit]  PSYoungGen      total 1029120K, used 432453K [0x00000007aab00000, 0x00000007ff380000, 0x0000000800000000)
[8.264s][info][gc,heap,exit]   eden space 673280K, 62% used [0x00000007aab00000,0x00000007c42e1638,0x00000007d3c80000)
[8.264s][info][gc,heap,exit]   from space 355840K, 4% used [0x00000007d3c80000,0x00000007d4af0000,0x00000007e9800000)
[8.264s][info][gc,heap,exit]   to   space 355840K, 0% used [0x00000007e9800000,0x00000007e9800000,0x00000007ff380000)
[8.264s][info][gc,heap,exit]  ParOldGen       total 1398272K, used 996988K [0x0000000700000000, 0x0000000755580000, 0x00000007aab00000)
[8.264s][info][gc,heap,exit]   object space 1398272K, 71% used [0x0000000700000000,0x000000073cd9f0a8,0x0000000755580000)
[8.264s][info][gc,heap,exit]  Metaspace       used 1759K, committed 1920K, reserved 1114112K
[8.264s][info][gc,heap,exit]   class space    used 156K, committed 256K, reserved 1048576K
