[0.012s][info][gc,init] CardTable entry size: 512
[0.012s][info][gc     ] Using Parallel
[0.022s][info][gc,init] Version: 21.0.5+9-LTS-239 (release)
[0.022s][info][gc,init] CPUs: 12 total, 12 available
[0.023s][info][gc,init] Memory: 16190M
[0.023s][info][gc,init] Large Page Support: Disabled
[0.023s][info][gc,init] NUMA Support: Disabled
[0.023s][info][gc,init] Compressed Oops: Enabled (Zero based)
[0.023s][info][gc,init] Alignments: Space 512K, Generation 512K, Heap 2M
[0.023s][info][gc,init] Heap Min Capacity: 2G
[0.023s][info][gc,init] Heap Initial Capacity: 2G
[0.023s][info][gc,init] Heap Max Capacity: 4G
[0.023s][info][gc,init] Pre-touch: Disabled
[0.023s][info][gc,init] Parallel Workers: 10
[0.041s][info][gc,metaspace] CDS archive(s) mapped at: [0x00000202a2000000-0x00000202a2c90000-0x00000202a2c90000), size 13172736, SharedBaseAddress: 0x00000202a2000000, ArchiveRelocationMode: 1.
[0.041s][info][gc,metaspace] Compressed class space mapped at: 0x00000202a3000000-0x00000202e3000000, reserved size: 1073741824
[0.041s][info][gc,metaspace] Narrow klass base: 0x00000202a2000000, Narrow klass shift: 0, Narrow klass range: 0x100000000
[0.844s][info][gc,start    ] GC(0) Pause Young (Allocation Failure)
[0.862s][info][gc,heap     ] GC(0) PSYoungGen: 524800K(611840K)->87037K(611840K) Eden: 524800K(524800K)->0K(524800K) From: 0K(87040K)->87037K(87040K)
[0.862s][info][gc,heap     ] GC(0) ParOldGen: 0K(1398272K)->8758K(1398272K)
[0.862s][info][gc,metaspace] GC(0) Metaspace: 1319K(1472K)->1319K(1472K) NonClass: 1221K(1280K)->1221K(1280K) Class: 97K(192K)->97K(192K)
[0.862s][info][gc          ] GC(0) Pause Young (Allocation Failure) 512M->93M(1963M) 18.463ms
[0.862s][info][gc,cpu      ] GC(0) User=0.09s Sys=0.06s Real=0.02s
[1.189s][info][gc,start    ] GC(1) Pause Young (Allocation Failure)
[1.222s][info][gc,heap     ] GC(1) PSYoungGen: 611837K(611840K)->87028K(1136640K) Eden: 524800K(524800K)->0K(1049600K) From: 87037K(87040K)->87028K(87040K)
[1.222s][info][gc,heap     ] GC(1) ParOldGen: 8758K(1398272K)->109144K(1398272K)
[1.222s][info][gc,metaspace] GC(1) Metaspace: 1320K(1472K)->1320K(1472K) NonClass: 1223K(1280K)->1223K(1280K) Class: 97K(192K)->97K(192K)
[1.222s][info][gc          ] GC(1) Pause Young (Allocation Failure) 606M->191M(2475M) 32.985ms
[1.222s][info][gc,cpu      ] GC(1) User=0.16s Sys=0.16s Real=0.03s
[2.182s][info][gc,start    ] GC(2) Pause Young (Allocation Failure)
[2.234s][info][gc,heap     ] GC(2) PSYoungGen: 1136628K(1136640K)->87032K(1136640K) Eden: 1049600K(1049600K)->0K(1049600K) From: 87028K(87040K)->87032K(87040K)
[2.234s][info][gc,heap     ] GC(2) ParOldGen: 109144K(1398272K)->290814K(1398272K)
[2.234s][info][gc,metaspace] GC(2) Metaspace: 1564K(1664K)->1564K(1664K) NonClass: 1429K(1472K)->1429K(1472K) Class: 135K(192K)->135K(192K)
[2.234s][info][gc          ] GC(2) Pause Young (Allocation Failure) 1216M->368M(2475M) 51.773ms
[2.234s][info][gc,cpu      ] GC(2) User=0.14s Sys=0.33s Real=0.05s
[3.187s][info][gc,start    ] GC(3) Pause Young (Allocation Failure)
[3.234s][info][gc,heap     ] GC(3) PSYoungGen: 1136632K(1136640K)->87030K(1310720K) Eden: 1049600K(1049600K)->0K(1223680K) From: 87032K(87040K)->87030K(87040K)
[3.234s][info][gc,heap     ] GC(3) ParOldGen: 290814K(1398272K)->339467K(1398272K)
[3.234s][info][gc,metaspace] GC(3) Metaspace: 1574K(1664K)->1574K(1664K) NonClass: 1438K(1472K)->1438K(1472K) Class: 135K(192K)->135K(192K)
[3.234s][info][gc          ] GC(3) Pause Young (Allocation Failure) 1393M->416M(2645M) 46.596ms
[3.234s][info][gc,cpu      ] GC(3) User=0.19s Sys=0.28s Real=0.05s
[4.378s][info][gc,start    ] GC(4) Pause Young (Allocation Failure)
[4.429s][info][gc,heap     ] GC(4) PSYoungGen: 1310710K(1310720K)->87037K(1310720K) Eden: 1223680K(1223680K)->0K(1223680K) From: 87030K(87040K)->87037K(87040K)
[4.429s][info][gc,heap     ] GC(4) ParOldGen: 339467K(1398272K)->378916K(1398272K)
[4.429s][info][gc,metaspace] GC(4) Metaspace: 1596K(1728K)->1596K(1728K) NonClass: 1459K(1536K)->1459K(1536K) Class: 136K(192K)->136K(192K)
[4.429s][info][gc          ] GC(4) Pause Young (Allocation Failure) 1611M->455M(2645M) 51.082ms
[4.429s][info][gc,cpu      ] GC(4) User=0.38s Sys=0.09s Real=0.05s
[5.637s][info][gc,heap,exit] Heap
[5.637s][info][gc,heap,exit]  PSYoungGen      total 1310720K, used 1106854K [0x00000007aab00000, 0x0000000800000000, 0x0000000800000000)
[5.637s][info][gc,heap,exit]   eden space 1223680K, 83% used [0x00000007aab00000,0x00000007e8eea540,0x00000007f5600000)
[5.637s][info][gc,heap,exit]   from space 87040K, 99% used [0x00000007f5600000,0x00000007faaff688,0x00000007fab00000)
[5.637s][info][gc,heap,exit]   to   space 87040K, 0% used [0x00000007fab00000,0x00000007fab00000,0x0000000800000000)
[5.637s][info][gc,heap,exit]  ParOldGen       total 1398272K, used 378916K [0x0000000700000000, 0x0000000755580000, 0x00000007aab00000)
[5.637s][info][gc,heap,exit]   object space 1398272K, 27% used [0x0000000700000000,0x0000000717209070,0x0000000755580000)
[5.637s][info][gc,heap,exit]  Metaspace       used 1762K, committed 1920K, reserved 1114112K
[5.637s][info][gc,heap,exit]   class space    used 156K, committed 256K, reserved 1048576K
