[0.011s][info][gc,init] CardTable entry size: 512
[0.011s][info][gc     ] Using Parallel
[0.017s][info][gc,init] Version: 21.0.5+9-LTS-239 (release)
[0.017s][info][gc,init] CPUs: 12 total, 12 available
[0.017s][info][gc,init] Memory: 16190M
[0.017s][info][gc,init] Large Page Support: Disabled
[0.017s][info][gc,init] NUMA Support: Disabled
[0.017s][info][gc,init] Compressed Oops: Enabled (Zero based)
[0.017s][info][gc,init] Alignments: Space 512K, Generation 512K, Heap 2M
[0.017s][info][gc,init] Heap Min Capacity: 2G
[0.017s][info][gc,init] Heap Initial Capacity: 2G
[0.017s][info][gc,init] Heap Max Capacity: 4G
[0.017s][info][gc,init] Pre-touch: Disabled
[0.017s][info][gc,init] Parallel Workers: 10
[0.026s][info][gc,metaspace] CDS archive(s) mapped at: [0x0000027c00000000-0x0000027c00c90000-0x0000027c00c90000), size 13172736, SharedBaseAddress: 0x0000027c00000000, ArchiveRelocationMode: 1.
[0.026s][info][gc,metaspace] Compressed class space mapped at: 0x0000027c01000000-0x0000027c41000000, reserved size: 1073741824
[0.026s][info][gc,metaspace] Narrow klass base: 0x0000027c00000000, Narrow klass shift: 0, Narrow klass range: 0x100000000
[0.927s][info][gc,start    ] GC(0) Pause Young (Allocation Failure)
[0.946s][info][gc,heap     ] GC(0) PSYoungGen: 524800K(611840K)->58358K(611840K) Eden: 524800K(524800K)->0K(524800K) From: 0K(87040K)->58358K(87040K)
[0.946s][info][gc,heap     ] GC(0) ParOldGen: 0K(1398272K)->72K(1398272K)
[0.946s][info][gc,metaspace] GC(0) Metaspace: 1622K(1792K)->1622K(1792K) NonClass: 1468K(1536K)->1468K(1536K) Class: 153K(256K)->153K(256K)
[0.946s][info][gc          ] GC(0) Pause Young (Allocation Failure) 512M->57M(1963M) 18.937ms
[0.946s][info][gc,cpu      ] GC(0) User=0.09s Sys=0.06s Real=0.02s
[1.136s][info][gc,heap,exit] Heap
[1.136s][info][gc,heap,exit]  PSYoungGen      total 611840K, used 257408K [0x00000007aab00000, 0x00000007f5600000, 0x0000000800000000)
[1.136s][info][gc,heap,exit]   eden space 524800K, 37% used [0x00000007aab00000,0x00000007b6d626a8,0x00000007cab80000)
[1.136s][info][gc,heap,exit]   from space 87040K, 67% used [0x00000007cab80000,0x00000007ce47dbb0,0x00000007d0080000)
[1.136s][info][gc,heap,exit]   to   space 87040K, 0% used [0x00000007f0100000,0x00000007f0100000,0x00000007f5600000)
[1.136s][info][gc,heap,exit]  ParOldGen       total 1398272K, used 72K [0x0000000700000000, 0x0000000755580000, 0x00000007aab00000)
[1.136s][info][gc,heap,exit]   object space 1398272K, 0% used [0x0000000700000000,0x0000000700012010,0x0000000755580000)
[1.136s][info][gc,heap,exit]  Metaspace       used 1786K, committed 1920K, reserved 1114112K
[1.136s][info][gc,heap,exit]   class space    used 172K, committed 256K, reserved 1048576K
