[0.009s][info][gc,init] CardTable entry size: 512
[0.010s][info][gc     ] Using Parallel
[0.016s][info][gc,init] Version: 21.0.5+9-LTS-239 (release)
[0.016s][info][gc,init] CPUs: 12 total, 12 available
[0.016s][info][gc,init] Memory: 16190M
[0.016s][info][gc,init] Large Page Support: Disabled
[0.016s][info][gc,init] NUMA Support: Disabled
[0.016s][info][gc,init] Compressed Oops: Enabled (Zero based)
[0.016s][info][gc,init] Alignments: Space 512K, Generation 512K, Heap 2M
[0.016s][info][gc,init] Heap Min Capacity: 2G
[0.016s][info][gc,init] Heap Initial Capacity: 2G
[0.016s][info][gc,init] Heap Max Capacity: 4G
[0.016s][info][gc,init] Pre-touch: Disabled
[0.016s][info][gc,init] Parallel Workers: 10
[0.026s][info][gc,metaspace] CDS archive(s) mapped at: [0x000002554a000000-0x000002554ac90000-0x000002554ac90000), size 13172736, SharedBaseAddress: 0x000002554a000000, ArchiveRelocationMode: 1.
[0.026s][info][gc,metaspace] Compressed class space mapped at: 0x000002554b000000-0x000002558b000000, reserved size: 1073741824
[0.026s][info][gc,metaspace] Narrow klass base: 0x000002554a000000, Narrow klass shift: 0, Narrow klass range: 0x100000000
[0.838s][info][gc,start    ] GC(0) Pause Young (Allocation Failure)
[0.856s][info][gc,heap     ] GC(0) PSYoungGen: 524800K(611840K)->87039K(611840K) Eden: 524800K(524800K)->0K(524800K) From: 0K(87040K)->87039K(87040K)
[0.856s][info][gc,heap     ] GC(0) ParOldGen: 0K(1398272K)->8699K(1398272K)
[0.856s][info][gc,metaspace] GC(0) Metaspace: 1311K(1472K)->1311K(1472K) NonClass: 1214K(1280K)->1214K(1280K) Class: 97K(192K)->97K(192K)
[0.856s][info][gc          ] GC(0) Pause Young (Allocation Failure) 512M->93M(1963M) 17.659ms
[0.856s][info][gc,cpu      ] GC(0) User=0.09s Sys=0.06s Real=0.02s
[1.190s][info][gc,start    ] GC(1) Pause Young (Allocation Failure)
[1.221s][info][gc,heap     ] GC(1) PSYoungGen: 611839K(611840K)->87040K(1136640K) Eden: 524800K(524800K)->0K(1049600K) From: 87039K(87040K)->87040K(87040K)
[1.221s][info][gc,heap     ] GC(1) ParOldGen: 8699K(1398272K)->111253K(1398272K)
[1.221s][info][gc,metaspace] GC(1) Metaspace: 1313K(1472K)->1313K(1472K) NonClass: 1215K(1280K)->1215K(1280K) Class: 97K(192K)->97K(192K)
[1.221s][info][gc          ] GC(1) Pause Young (Allocation Failure) 605M->193M(2475M) 31.857ms
[1.221s][info][gc,cpu      ] GC(1) User=0.11s Sys=0.20s Real=0.03s
[1.961s][info][gc,start    ] GC(2) Pause Young (Allocation Failure)
[2.012s][info][gc,heap     ] GC(2) PSYoungGen: 1136640K(1136640K)->87028K(1136640K) Eden: 1049600K(1049600K)->0K(1049600K) From: 87040K(87040K)->87028K(87040K)
[2.012s][info][gc,heap     ] GC(2) ParOldGen: 111253K(1398272K)->317287K(1398272K)
[2.012s][info][gc,metaspace] GC(2) Metaspace: 1313K(1472K)->1313K(1472K) NonClass: 1215K(1280K)->1215K(1280K) Class: 97K(192K)->97K(192K)
[2.012s][info][gc          ] GC(2) Pause Young (Allocation Failure) 1218M->394M(2475M) 50.351ms
[2.012s][info][gc,cpu      ] GC(2) User=0.11s Sys=0.36s Real=0.05s
[2.647s][info][gc,start    ] GC(3) Pause Young (Allocation Failure)
[2.698s][info][gc,heap     ] GC(3) PSYoungGen: 1136628K(1136640K)->87037K(1310720K) Eden: 1049600K(1049600K)->0K(1223680K) From: 87028K(87040K)->87037K(87040K)
[2.699s][info][gc,heap     ] GC(3) ParOldGen: 317287K(1398272K)->523289K(1398272K)
[2.699s][info][gc,metaspace] GC(3) Metaspace: 1313K(1472K)->1313K(1472K) NonClass: 1215K(1280K)->1215K(1280K) Class: 97K(192K)->97K(192K)
[2.699s][info][gc          ] GC(3) Pause Young (Allocation Failure) 1419M->596M(2645M) 51.066ms
[2.699s][info][gc,cpu      ] GC(3) User=0.08s Sys=0.39s Real=0.05s
[3.612s][info][gc,start    ] GC(4) Pause Young (Allocation Failure)
[3.671s][info][gc,heap     ] GC(4) PSYoungGen: 1310717K(1310720K)->87036K(1310720K) Eden: 1223680K(1223680K)->0K(1223680K) From: 87037K(87040K)->87036K(87040K)
[3.671s][info][gc,heap     ] GC(4) ParOldGen: 523289K(1398272K)->675739K(1398272K)
[3.671s][info][gc,metaspace] GC(4) Metaspace: 1626K(1792K)->1626K(1792K) NonClass: 1473K(1536K)->1473K(1536K) Class: 153K(256K)->153K(256K)
[3.671s][info][gc          ] GC(4) Pause Young (Allocation Failure) 1791M->744M(2645M) 59.719ms
[3.671s][info][gc,cpu      ] GC(4) User=0.12s Sys=0.50s Real=0.06s
[4.451s][info][gc,start    ] GC(5) Pause Young (Allocation Failure)
[4.492s][info][gc,heap     ] GC(5) PSYoungGen: 1310716K(1310720K)->87025K(753664K) Eden: 1223680K(1223680K)->0K(666624K) From: 87036K(87040K)->87025K(87040K)
[4.492s][info][gc,heap     ] GC(5) ParOldGen: 675739K(1398272K)->719356K(1398272K)
[4.492s][info][gc,metaspace] GC(5) Metaspace: 1647K(1792K)->1647K(1792K) NonClass: 1493K(1536K)->1493K(1536K) Class: 154K(256K)->154K(256K)
[4.492s][info][gc          ] GC(5) Pause Young (Allocation Failure) 1939M->787M(2101M) 41.006ms
[4.492s][info][gc,cpu      ] GC(5) User=0.33s Sys=0.14s Real=0.04s
[4.922s][info][gc,start    ] GC(6) Pause Young (Allocation Failure)
[4.957s][info][gc,heap     ] GC(6) PSYoungGen: 753649K(753664K)->113143K(1032192K) Eden: 666624K(666624K)->0K(666624K) From: 87025K(87040K)->113143K(365568K)
[4.957s][info][gc,heap     ] GC(6) ParOldGen: 719356K(1398272K)->720140K(1398272K)
[4.957s][info][gc,metaspace] GC(6) Metaspace: 1648K(1792K)->1648K(1792K) NonClass: 1493K(1536K)->1493K(1536K) Class: 154K(256K)->154K(256K)
[4.957s][info][gc          ] GC(6) Pause Young (Allocation Failure) 1438M->813M(2373M) 34.656ms
[4.957s][info][gc,cpu      ] GC(6) User=0.31s Sys=0.00s Real=0.03s
[5.377s][info][gc,start    ] GC(7) Pause Young (Allocation Failure)
[5.419s][info][gc,heap     ] GC(7) PSYoungGen: 779767K(1032192K)->130494K(1015296K) Eden: 666624K(666624K)->0K(668160K) From: 113143K(365568K)->130494K(347136K)
[5.419s][info][gc,heap     ] GC(7) ParOldGen: 720140K(1398272K)->720188K(1398272K)
[5.419s][info][gc,metaspace] GC(7) Metaspace: 1648K(1792K)->1648K(1792K) NonClass: 1493K(1536K)->1493K(1536K) Class: 154K(256K)->154K(256K)
[5.419s][info][gc          ] GC(7) Pause Young (Allocation Failure) 1464M->830M(2357M) 41.858ms
[5.419s][info][gc,cpu      ] GC(7) User=0.30s Sys=0.00s Real=0.04s
[5.864s][info][gc,start    ] GC(8) Pause Young (Allocation Failure)
[5.915s][info][gc,heap     ] GC(8) PSYoungGen: 798654K(1015296K)->65184K(1024512K) Eden: 668160K(668160K)->0K(668160K) From: 130494K(347136K)->65184K(356352K)
[5.915s][info][gc,heap     ] GC(8) ParOldGen: 720188K(1398272K)->802234K(1398272K)
[5.915s][info][gc,metaspace] GC(8) Metaspace: 1648K(1792K)->1648K(1792K) NonClass: 1494K(1536K)->1494K(1536K) Class: 154K(256K)->154K(256K)
[5.915s][info][gc          ] GC(8) Pause Young (Allocation Failure) 1483M->847M(2366M) 51.392ms
[5.915s][info][gc,cpu      ] GC(8) User=0.44s Sys=0.03s Real=0.05s
[6.342s][info][gc,start    ] GC(9) Pause Young (Allocation Failure)
[6.389s][info][gc,heap     ] GC(9) PSYoungGen: 733344K(1024512K)->33024K(1027584K) Eden: 668160K(668160K)->0K(667648K) From: 65184K(356352K)->33024K(359936K)
[6.389s][info][gc,heap     ] GC(9) ParOldGen: 802234K(1398272K)->850650K(1398272K)
[6.389s][info][gc,metaspace] GC(9) Metaspace: 1648K(1792K)->1648K(1792K) NonClass: 1494K(1536K)->1494K(1536K) Class: 154K(256K)->154K(256K)
[6.389s][info][gc          ] GC(9) Pause Young (Allocation Failure) 1499M->862M(2369M) 47.198ms
[6.389s][info][gc,cpu      ] GC(9) User=0.34s Sys=0.12s Real=0.05s
[6.830s][info][gc,start    ] GC(10) Pause Young (Allocation Failure)
[6.859s][info][gc,heap     ] GC(10) PSYoungGen: 700672K(1027584K)->16192K(684032K) Eden: 667648K(667648K)->0K(667648K) From: 33024K(359936K)->16192K(16384K)
[6.859s][info][gc,heap     ] GC(10) ParOldGen: 850650K(1398272K)->883626K(1398272K)
[6.859s][info][gc,metaspace] GC(10) Metaspace: 1650K(1792K)->1650K(1792K) NonClass: 1496K(1536K)->1496K(1536K) Class: 154K(256K)->154K(256K)
[6.859s][info][gc          ] GC(10) Pause Young (Allocation Failure) 1514M->878M(2033M) 29.133ms
[6.859s][info][gc,cpu      ] GC(10) User=0.30s Sys=0.02s Real=0.03s
[7.306s][info][gc,start    ] GC(11) Pause Young (Allocation Failure)
[7.357s][info][gc,heap     ] GC(11) PSYoungGen: 683840K(684032K)->137664K(1050112K) Eden: 667648K(667648K)->0K(681472K) From: 16192K(16384K)->137664K(368640K)
[7.357s][info][gc,heap     ] GC(11) ParOldGen: 883626K(1398272K)->899658K(1398272K)
[7.357s][info][gc,metaspace] GC(11) Metaspace: 1656K(1792K)->1656K(1792K) NonClass: 1501K(1536K)->1501K(1536K) Class: 154K(256K)->154K(256K)
[7.357s][info][gc          ] GC(11) Pause Young (Allocation Failure) 1530M->1013M(2391M) 51.350ms
[7.357s][info][gc,cpu      ] GC(11) User=0.47s Sys=0.00s Real=0.05s
[7.822s][info][gc,start    ] GC(12) Pause Young (Allocation Failure)
[7.875s][info][gc,heap     ] GC(12) PSYoungGen: 819136K(1050112K)->14688K(1029120K) Eden: 681472K(681472K)->0K(681472K) From: 137664K(368640K)->14688K(347648K)
[7.875s][info][gc,heap     ] GC(12) ParOldGen: 899658K(1398272K)->1037282K(1398272K)
[7.875s][info][gc,metaspace] GC(12) Metaspace: 1656K(1792K)->1656K(1792K) NonClass: 1501K(1536K)->1501K(1536K) Class: 154K(256K)->154K(256K)
[7.875s][info][gc          ] GC(12) Pause Young (Allocation Failure) 1678M->1027M(2370M) 53.235ms
[7.875s][info][gc,cpu      ] GC(12) User=0.61s Sys=0.00s Real=0.05s
[8.595s][info][gc,heap,exit] Heap
[8.595s][info][gc,heap,exit]  PSYoungGen      total 1029120K, used 468384K [0x00000007aab00000, 0x00000007fee80000, 0x0000000800000000)
[8.595s][info][gc,heap,exit]   eden space 681472K, 66% used [0x00000007aab00000,0x00000007c66101e0,0x00000007d4480000)
[8.595s][info][gc,heap,exit]   from space 347648K, 4% used [0x00000007d4480000,0x00000007d52d8000,0x00000007e9800000)
[8.595s][info][gc,heap,exit]   to   space 349184K, 0% used [0x00000007e9980000,0x00000007e9980000,0x00000007fee80000)
[8.595s][info][gc,heap,exit]  ParOldGen       total 1398272K, used 1037282K [0x0000000700000000, 0x0000000755580000, 0x00000007aab00000)
[8.595s][info][gc,heap,exit]   object space 1398272K, 74% used [0x0000000700000000,0x000000073f4f8bb0,0x0000000755580000)
[8.595s][info][gc,heap,exit]  Metaspace       used 1821K, committed 1984K, reserved 1114112K
[8.595s][info][gc,heap,exit]   class space    used 173K, committed 256K, reserved 1048576K
