[0.012s][info][gc,init] CardTable entry size: 512
[0.012s][info][gc     ] Using G1
[0.024s][info][gc,init] Version: 21.0.5+9-LTS-239 (release)
[0.024s][info][gc,init] CPUs: 12 total, 12 available
[0.024s][info][gc,init] Memory: 16190M
[0.024s][info][gc,init] Large Page Support: Disabled
[0.024s][info][gc,init] NUMA Support: Disabled
[0.024s][info][gc,init] Compressed Oops: Enabled (Zero based)
[0.024s][info][gc,init] Heap Region Size: 2M
[0.024s][info][gc,init] Heap Min Capacity: 2G
[0.024s][info][gc,init] Heap Initial Capacity: 2G
[0.024s][info][gc,init] Heap Max Capacity: 4G
[0.024s][info][gc,init] Pre-touch: Disabled
[0.024s][info][gc,init] Parallel Workers: 10
[0.024s][info][gc,init] Concurrent Workers: 3
[0.025s][info][gc,init] Concurrent Refinement Workers: 10
[0.025s][info][gc,init] Periodic GC: Disabled
[0.041s][info][gc,metaspace] CDS archive(s) mapped at: [0x0000025ae2000000-0x0000025ae2c90000-0x0000025ae2c90000), size 13172736, SharedBaseAddress: 0x0000025ae2000000, ArchiveRelocationMode: 1.
[0.041s][info][gc,metaspace] Compressed class space mapped at: 0x0000025ae3000000-0x0000025b23000000, reserved size: 1073741824
[0.041s][info][gc,metaspace] Narrow klass base: 0x0000025ae2000000, Narrow klass shift: 0, Narrow klass range: 0x100000000
[0.468s][info][gc,start    ] GC(0) Pause Young (Normal) (G1 Evacuation Pause)
[0.468s][info][gc,task     ] GC(0) Using 10 workers of 10 for evacuation
[0.473s][info][gc,phases   ] GC(0)   Pre Evacuate Collection Set: 0.2ms
[0.473s][info][gc,phases   ] GC(0)   Merge Heap Roots: 0.1ms
[0.473s][info][gc,phases   ] GC(0)   Evacuate Collection Set: 3.7ms
[0.473s][info][gc,phases   ] GC(0)   Post Evacuate Collection Set: 0.5ms
[0.473s][info][gc,phases   ] GC(0)   Other: 0.7ms
[0.473s][info][gc,heap     ] GC(0) Eden regions: 51->0(44)
[0.473s][info][gc,heap     ] GC(0) Survivor regions: 0->7(7)
[0.473s][info][gc,heap     ] GC(0) Old regions: 0->4
[0.473s][info][gc,heap     ] GC(0) Humongous regions: 1->0
[0.473s][info][gc,metaspace] GC(0) Metaspace: 1310K(1472K)->1310K(1472K) NonClass: 1212K(1280K)->1212K(1280K) Class: 97K(192K)->97K(192K)
[0.473s][info][gc          ] GC(0) Pause Young (Normal) (G1 Evacuation Pause) 104M->21M(2048M) 5.553ms
[0.473s][info][gc,cpu      ] GC(0) User=0.00s Sys=0.00s Real=0.01s
[0.601s][info][gc,start    ] GC(1) Pause Young (Normal) (G1 Evacuation Pause)
[0.601s][info][gc,task     ] GC(1) Using 10 workers of 10 for evacuation
[0.606s][info][gc,phases   ] GC(1)   Pre Evacuate Collection Set: 0.3ms
[0.606s][info][gc,phases   ] GC(1)   Merge Heap Roots: 0.1ms
[0.606s][info][gc,phases   ] GC(1)   Evacuate Collection Set: 3.6ms
[0.606s][info][gc,phases   ] GC(1)   Post Evacuate Collection Set: 0.5ms
[0.606s][info][gc,phases   ] GC(1)   Other: 0.1ms
[0.606s][info][gc,heap     ] GC(1) Eden regions: 44->0(44)
[0.606s][info][gc,heap     ] GC(1) Survivor regions: 7->7(7)
[0.606s][info][gc,heap     ] GC(1) Old regions: 4->12
[0.606s][info][gc,heap     ] GC(1) Humongous regions: 0->0
[0.606s][info][gc,metaspace] GC(1) Metaspace: 1312K(1472K)->1312K(1472K) NonClass: 1214K(1280K)->1214K(1280K) Class: 97K(192K)->97K(192K)
[0.606s][info][gc          ] GC(1) Pause Young (Normal) (G1 Evacuation Pause) 109M->37M(2048M) 4.791ms
[0.606s][info][gc,cpu      ] GC(1) User=0.12s Sys=0.05s Real=0.00s
[0.672s][info][gc,start    ] GC(2) Pause Young (Normal) (G1 Evacuation Pause)
[0.672s][info][gc,task     ] GC(2) Using 10 workers of 10 for evacuation
[0.677s][info][gc,phases   ] GC(2)   Pre Evacuate Collection Set: 0.3ms
[0.677s][info][gc,phases   ] GC(2)   Merge Heap Roots: 0.1ms
[0.677s][info][gc,phases   ] GC(2)   Evacuate Collection Set: 3.8ms
[0.677s][info][gc,phases   ] GC(2)   Post Evacuate Collection Set: 0.4ms
[0.677s][info][gc,phases   ] GC(2)   Other: 0.1ms
[0.677s][info][gc,heap     ] GC(2) Eden regions: 44->0(44)
[0.677s][info][gc,heap     ] GC(2) Survivor regions: 7->7(7)
[0.677s][info][gc,heap     ] GC(2) Old regions: 12->21
[0.677s][info][gc,heap     ] GC(2) Humongous regions: 0->0
[0.677s][info][gc,metaspace] GC(2) Metaspace: 1313K(1472K)->1313K(1472K) NonClass: 1215K(1280K)->1215K(1280K) Class: 97K(192K)->97K(192K)
[0.677s][info][gc          ] GC(2) Pause Young (Normal) (G1 Evacuation Pause) 125M->55M(2048M) 5.012ms
[0.677s][info][gc,cpu      ] GC(2) User=0.00s Sys=0.00s Real=0.01s
[0.737s][info][gc,start    ] GC(3) Pause Young (Normal) (G1 Evacuation Pause)
[0.737s][info][gc,task     ] GC(3) Using 10 workers of 10 for evacuation
[0.742s][info][gc,phases   ] GC(3)   Pre Evacuate Collection Set: 0.3ms
[0.742s][info][gc,phases   ] GC(3)   Merge Heap Roots: 0.2ms
[0.742s][info][gc,phases   ] GC(3)   Evacuate Collection Set: 4.0ms
[0.742s][info][gc,phases   ] GC(3)   Post Evacuate Collection Set: 0.4ms
[0.742s][info][gc,phases   ] GC(3)   Other: 0.1ms
[0.742s][info][gc,heap     ] GC(3) Eden regions: 44->0(61)
[0.742s][info][gc,heap     ] GC(3) Survivor regions: 7->7(7)
[0.742s][info][gc,heap     ] GC(3) Old regions: 21->30
[0.742s][info][gc,heap     ] GC(3) Humongous regions: 0->0
[0.742s][info][gc,metaspace] GC(3) Metaspace: 1313K(1472K)->1313K(1472K) NonClass: 1215K(1280K)->1215K(1280K) Class: 97K(192K)->97K(192K)
[0.742s][info][gc          ] GC(3) Pause Young (Normal) (G1 Evacuation Pause) 143M->72M(2048M) 5.183ms
[0.742s][info][gc,cpu      ] GC(3) User=0.00s Sys=0.00s Real=0.01s
[0.825s][info][gc,start    ] GC(4) Pause Young (Normal) (G1 Evacuation Pause)
[0.825s][info][gc,task     ] GC(4) Using 10 workers of 10 for evacuation
[0.831s][info][gc,phases   ] GC(4)   Pre Evacuate Collection Set: 0.3ms
[0.831s][info][gc,phases   ] GC(4)   Merge Heap Roots: 0.1ms
[0.831s][info][gc,phases   ] GC(4)   Evacuate Collection Set: 5.3ms
[0.831s][info][gc,phases   ] GC(4)   Post Evacuate Collection Set: 0.6ms
[0.831s][info][gc,phases   ] GC(4)   Other: 0.1ms
[0.831s][info][gc,heap     ] GC(4) Eden regions: 61->0(76)
[0.831s][info][gc,heap     ] GC(4) Survivor regions: 7->9(9)
[0.831s][info][gc,heap     ] GC(4) Old regions: 30->40
[0.831s][info][gc,heap     ] GC(4) Humongous regions: 0->0
[0.831s][info][gc,metaspace] GC(4) Metaspace: 1313K(1472K)->1313K(1472K) NonClass: 1215K(1280K)->1215K(1280K) Class: 97K(192K)->97K(192K)
[0.831s][info][gc          ] GC(4) Pause Young (Normal) (G1 Evacuation Pause) 194M->97M(2048M) 6.593ms
[0.831s][info][gc,cpu      ] GC(4) User=0.00s Sys=0.00s Real=0.01s
[0.935s][info][gc,start    ] GC(5) Pause Young (Normal) (G1 Evacuation Pause)
[0.935s][info][gc,task     ] GC(5) Using 10 workers of 10 for evacuation
[0.943s][info][gc,phases   ] GC(5)   Pre Evacuate Collection Set: 0.2ms
[0.943s][info][gc,phases   ] GC(5)   Merge Heap Roots: 0.1ms
[0.943s][info][gc,phases   ] GC(5)   Evacuate Collection Set: 7.0ms
[0.943s][info][gc,phases   ] GC(5)   Post Evacuate Collection Set: 0.5ms
[0.943s][info][gc,phases   ] GC(5)   Other: 0.1ms
[0.943s][info][gc,heap     ] GC(5) Eden regions: 76->0(85)
[0.944s][info][gc,heap     ] GC(5) Survivor regions: 9->11(11)
[0.944s][info][gc,heap     ] GC(5) Old regions: 40->52
[0.944s][info][gc,heap     ] GC(5) Humongous regions: 0->0
[0.944s][info][gc,metaspace] GC(5) Metaspace: 1313K(1472K)->1313K(1472K) NonClass: 1215K(1280K)->1215K(1280K) Class: 97K(192K)->97K(192K)
[0.944s][info][gc          ] GC(5) Pause Young (Normal) (G1 Evacuation Pause) 249M->125M(2048M) 8.164ms
[0.944s][info][gc,cpu      ] GC(5) User=0.00s Sys=0.00s Real=0.01s
[1.055s][info][gc,start    ] GC(6) Pause Young (Normal) (G1 Evacuation Pause)
[1.055s][info][gc,task     ] GC(6) Using 10 workers of 10 for evacuation
[1.064s][info][gc,phases   ] GC(6)   Pre Evacuate Collection Set: 0.3ms
[1.064s][info][gc,phases   ] GC(6)   Merge Heap Roots: 0.1ms
[1.064s][info][gc,phases   ] GC(6)   Evacuate Collection Set: 8.0ms
[1.064s][info][gc,phases   ] GC(6)   Post Evacuate Collection Set: 0.6ms
[1.064s][info][gc,phases   ] GC(6)   Other: 0.1ms
[1.064s][info][gc,heap     ] GC(6) Eden regions: 85->0(114)
[1.064s][info][gc,heap     ] GC(6) Survivor regions: 11->12(12)
[1.064s][info][gc,heap     ] GC(6) Old regions: 52->68
[1.064s][info][gc,heap     ] GC(6) Humongous regions: 1->0
[1.064s][info][gc,metaspace] GC(6) Metaspace: 1313K(1472K)->1313K(1472K) NonClass: 1215K(1280K)->1215K(1280K) Class: 97K(192K)->97K(192K)
[1.064s][info][gc          ] GC(6) Pause Young (Normal) (G1 Evacuation Pause) 297M->159M(2048M) 9.355ms
[1.064s][info][gc,cpu      ] GC(6) User=0.16s Sys=0.00s Real=0.01s
[1.218s][info][gc,start    ] GC(7) Pause Young (Normal) (G1 Evacuation Pause)
[1.218s][info][gc,task     ] GC(7) Using 10 workers of 10 for evacuation
[1.230s][info][gc,phases   ] GC(7)   Pre Evacuate Collection Set: 0.3ms
[1.230s][info][gc,phases   ] GC(7)   Merge Heap Roots: 0.1ms
[1.230s][info][gc,phases   ] GC(7)   Evacuate Collection Set: 10.8ms
[1.230s][info][gc,phases   ] GC(7)   Post Evacuate Collection Set: 0.6ms
[1.230s][info][gc,phases   ] GC(7)   Other: 0.1ms
[1.230s][info][gc,heap     ] GC(7) Eden regions: 114->0(149)
[1.230s][info][gc,heap     ] GC(7) Survivor regions: 12->16(16)
[1.230s][info][gc,heap     ] GC(7) Old regions: 68->87
[1.230s][info][gc,heap     ] GC(7) Humongous regions: 0->0
[1.230s][info][gc,metaspace] GC(7) Metaspace: 1313K(1472K)->1313K(1472K) NonClass: 1215K(1280K)->1215K(1280K) Class: 97K(192K)->97K(192K)
[1.230s][info][gc          ] GC(7) Pause Young (Normal) (G1 Evacuation Pause) 387M->204M(2048M) 12.149ms
[1.231s][info][gc,cpu      ] GC(7) User=0.05s Sys=0.11s Real=0.01s
[1.429s][info][gc,start    ] GC(8) Pause Young (Normal) (G1 Evacuation Pause)
[1.429s][info][gc,task     ] GC(8) Using 10 workers of 10 for evacuation
[1.444s][info][gc,phases   ] GC(8)   Pre Evacuate Collection Set: 0.2ms
[1.444s][info][gc,phases   ] GC(8)   Merge Heap Roots: 0.1ms
[1.444s][info][gc,phases   ] GC(8)   Evacuate Collection Set: 13.9ms
[1.444s][info][gc,phases   ] GC(8)   Post Evacuate Collection Set: 0.6ms
[1.444s][info][gc,phases   ] GC(8)   Other: 0.1ms
[1.444s][info][gc,heap     ] GC(8) Eden regions: 149->0(175)
[1.444s][info][gc,heap     ] GC(8) Survivor regions: 16->21(21)
[1.444s][info][gc,heap     ] GC(8) Old regions: 87->111
[1.444s][info][gc,heap     ] GC(8) Humongous regions: 1->0
[1.444s][info][gc,metaspace] GC(8) Metaspace: 1313K(1472K)->1313K(1472K) NonClass: 1215K(1280K)->1215K(1280K) Class: 97K(192K)->97K(192K)
[1.444s][info][gc          ] GC(8) Pause Young (Normal) (G1 Evacuation Pause) 504M->262M(2048M) 15.239ms
[1.444s][info][gc,cpu      ] GC(8) User=0.08s Sys=0.08s Real=0.02s
[1.672s][info][gc,start    ] GC(9) Pause Young (Normal) (G1 Evacuation Pause)
[1.672s][info][gc,task     ] GC(9) Using 10 workers of 10 for evacuation
[1.689s][info][gc,phases   ] GC(9)   Pre Evacuate Collection Set: 0.2ms
[1.689s][info][gc,phases   ] GC(9)   Merge Heap Roots: 0.1ms
[1.689s][info][gc,phases   ] GC(9)   Evacuate Collection Set: 16.4ms
[1.689s][info][gc,phases   ] GC(9)   Post Evacuate Collection Set: 0.7ms
[1.689s][info][gc,phases   ] GC(9)   Other: 0.1ms
[1.689s][info][gc,heap     ] GC(9) Eden regions: 175->0(204)
[1.689s][info][gc,heap     ] GC(9) Survivor regions: 21->25(25)
[1.689s][info][gc,heap     ] GC(9) Old regions: 111->141
[1.689s][info][gc,heap     ] GC(9) Humongous regions: 0->0
[1.689s][info][gc,metaspace] GC(9) Metaspace: 1313K(1472K)->1313K(1472K) NonClass: 1215K(1280K)->1215K(1280K) Class: 97K(192K)->97K(192K)
[1.689s][info][gc          ] GC(9) Pause Young (Normal) (G1 Evacuation Pause) 612M->330M(2048M) 17.711ms
[1.689s][info][gc,cpu      ] GC(9) User=0.05s Sys=0.11s Real=0.02s
[1.947s][info][gc,start    ] GC(10) Pause Young (Normal) (G1 Evacuation Pause)
[1.947s][info][gc,task     ] GC(10) Using 10 workers of 10 for evacuation
[1.968s][info][gc,phases   ] GC(10)   Pre Evacuate Collection Set: 0.2ms
[1.968s][info][gc,phases   ] GC(10)   Merge Heap Roots: 0.1ms
[1.968s][info][gc,phases   ] GC(10)   Evacuate Collection Set: 19.7ms
[1.968s][info][gc,phases   ] GC(10)   Post Evacuate Collection Set: 0.6ms
[1.968s][info][gc,phases   ] GC(10)   Other: 0.1ms
[1.968s][info][gc,heap     ] GC(10) Eden regions: 204->0(381)
[1.968s][info][gc,heap     ] GC(10) Survivor regions: 25->29(29)
[1.968s][info][gc,heap     ] GC(10) Old regions: 141->176
[1.968s][info][gc,heap     ] GC(10) Humongous regions: 0->0
[1.968s][info][gc,metaspace] GC(10) Metaspace: 1313K(1472K)->1313K(1472K) NonClass: 1215K(1280K)->1215K(1280K) Class: 97K(192K)->97K(192K)
[1.968s][info][gc          ] GC(10) Pause Young (Normal) (G1 Evacuation Pause) 738M->409M(2048M) 20.975ms
[1.968s][info][gc,cpu      ] GC(10) User=0.02s Sys=0.16s Real=0.02s
[2.517s][info][gc,start    ] GC(11) Pause Young (Normal) (G1 Evacuation Pause)
[2.517s][info][gc,task     ] GC(11) Using 10 workers of 10 for evacuation
[2.548s][info][gc,phases   ] GC(11)   Pre Evacuate Collection Set: 0.3ms
[2.548s][info][gc,phases   ] GC(11)   Merge Heap Roots: 0.2ms
[2.548s][info][gc,phases   ] GC(11)   Evacuate Collection Set: 29.8ms
[2.548s][info][gc,phases   ] GC(11)   Post Evacuate Collection Set: 0.9ms
[2.548s][info][gc,phases   ] GC(11)   Other: 0.1ms
[2.548s][info][gc,heap     ] GC(11) Eden regions: 381->0(312)
[2.548s][info][gc,heap     ] GC(11) Survivor regions: 29->52(52)
[2.548s][info][gc,heap     ] GC(11) Old regions: 176->228
[2.548s][info][gc,heap     ] GC(11) Humongous regions: 2->0
[2.548s][info][gc,metaspace] GC(11) Metaspace: 1313K(1472K)->1313K(1472K) NonClass: 1215K(1280K)->1215K(1280K) Class: 97K(192K)->97K(192K)
[2.548s][info][gc          ] GC(11) Pause Young (Normal) (G1 Evacuation Pause) 1175M->559M(2048M) 31.388ms
[2.548s][info][gc,cpu      ] GC(11) User=0.02s Sys=0.30s Real=0.03s
[2.934s][info][gc,start    ] GC(12) Pause Young (Normal) (G1 Evacuation Pause)
[2.934s][info][gc,task     ] GC(12) Using 10 workers of 10 for evacuation
[2.965s][info][gc,phases   ] GC(12)   Pre Evacuate Collection Set: 0.3ms
[2.965s][info][gc,phases   ] GC(12)   Merge Heap Roots: 0.1ms
[2.965s][info][gc,phases   ] GC(12)   Evacuate Collection Set: 30.4ms
[2.965s][info][gc,phases   ] GC(12)   Post Evacuate Collection Set: 0.7ms
[2.965s][info][gc,phases   ] GC(12)   Other: 0.1ms
[2.965s][info][gc,heap     ] GC(12) Eden regions: 312->0(355)
[2.965s][info][gc,heap     ] GC(12) Survivor regions: 52->46(46)
[2.965s][info][gc,heap     ] GC(12) Old regions: 228->296
[2.966s][info][gc,heap     ] GC(12) Humongous regions: 3->0
[2.966s][info][gc,metaspace] GC(12) Metaspace: 1313K(1472K)->1313K(1472K) NonClass: 1215K(1280K)->1215K(1280K) Class: 97K(192K)->97K(192K)
[2.966s][info][gc          ] GC(12) Pause Young (Normal) (G1 Evacuation Pause) 1189M->682M(2048M) 31.834ms
[2.966s][info][gc,cpu      ] GC(12) User=0.05s Sys=0.27s Real=0.03s
[3.417s][info][gc,start    ] GC(13) Pause Young (Normal) (G1 Evacuation Pause)
[3.417s][info][gc,task     ] GC(13) Using 10 workers of 10 for evacuation
[3.447s][info][gc,phases   ] GC(13)   Pre Evacuate Collection Set: 0.3ms
[3.447s][info][gc,phases   ] GC(13)   Merge Heap Roots: 0.2ms
[3.447s][info][gc,phases   ] GC(13)   Evacuate Collection Set: 28.6ms
[3.447s][info][gc,phases   ] GC(13)   Post Evacuate Collection Set: 0.7ms
[3.447s][info][gc,phases   ] GC(13)   Other: 0.1ms
[3.447s][info][gc,heap     ] GC(13) Eden regions: 355->0(397)
[3.447s][info][gc,heap     ] GC(13) Survivor regions: 46->51(51)
[3.447s][info][gc,heap     ] GC(13) Old regions: 296->362
[3.447s][info][gc,heap     ] GC(13) Humongous regions: 8->0
[3.447s][info][gc,metaspace] GC(13) Metaspace: 1313K(1472K)->1313K(1472K) NonClass: 1215K(1280K)->1215K(1280K) Class: 97K(192K)->97K(192K)
[3.447s][info][gc          ] GC(13) Pause Young (Normal) (G1 Evacuation Pause) 1408M->824M(2048M) 30.099ms
[3.447s][info][gc,cpu      ] GC(13) User=0.03s Sys=0.14s Real=0.03s
[3.932s][info][gc,start    ] GC(14) Pause Young (Normal) (G1 Evacuation Pause)
[3.932s][info][gc,task     ] GC(14) Using 10 workers of 10 for evacuation
[3.970s][info][gc,phases   ] GC(14)   Pre Evacuate Collection Set: 0.3ms
[3.970s][info][gc,phases   ] GC(14)   Merge Heap Roots: 0.2ms
[3.970s][info][gc,phases   ] GC(14)   Evacuate Collection Set: 37.2ms
[3.970s][info][gc,phases   ] GC(14)   Post Evacuate Collection Set: 0.8ms
[3.970s][info][gc,phases   ] GC(14)   Other: 0.1ms
[3.970s][info][gc,heap     ] GC(14) Eden regions: 397->0(357)
[3.970s][info][gc,heap     ] GC(14) Survivor regions: 51->56(56)
[3.970s][info][gc,heap     ] GC(14) Old regions: 362->434
[3.970s][info][gc,heap     ] GC(14) Humongous regions: 2->0
[3.970s][info][gc,metaspace] GC(14) Metaspace: 1313K(1472K)->1313K(1472K) NonClass: 1215K(1280K)->1215K(1280K) Class: 97K(192K)->97K(192K)
[3.970s][info][gc          ] GC(14) Pause Young (Normal) (G1 Evacuation Pause) 1622M->979M(2048M) 38.848ms
[3.970s][info][gc,cpu      ] GC(14) User=0.08s Sys=0.23s Real=0.04s
[4.425s][info][gc,start    ] GC(15) Pause Young (Normal) (G1 Evacuation Pause)
[4.425s][info][gc,task     ] GC(15) Using 10 workers of 10 for evacuation
[4.458s][info][gc,phases   ] GC(15)   Pre Evacuate Collection Set: 0.3ms
[4.458s][info][gc,phases   ] GC(15)   Merge Heap Roots: 0.1ms
[4.458s][info][gc,phases   ] GC(15)   Evacuate Collection Set: 32.5ms
[4.458s][info][gc,phases   ] GC(15)   Post Evacuate Collection Set: 0.8ms
[4.459s][info][gc,phases   ] GC(15)   Other: 0.1ms
[4.459s][info][gc,heap     ] GC(15) Eden regions: 357->0(312)
[4.459s][info][gc,heap     ] GC(15) Survivor regions: 56->52(52)
[4.459s][info][gc,heap     ] GC(15) Old regions: 434->508
[4.459s][info][gc,heap     ] GC(15) Humongous regions: 5->0
[4.459s][info][gc,metaspace] GC(15) Metaspace: 1314K(1472K)->1314K(1472K) NonClass: 1216K(1280K)->1216K(1280K) Class: 97K(192K)->97K(192K)
[4.459s][info][gc          ] GC(15) Pause Young (Normal) (G1 Evacuation Pause) 1703M->1119M(2048M) 34.065ms
[4.459s][info][gc,cpu      ] GC(15) User=0.14s Sys=0.17s Real=0.03s
[4.845s][info][gc,start    ] GC(16) Pause Young (Concurrent Start) (G1 Evacuation Pause)
[4.845s][info][gc,task     ] GC(16) Using 10 workers of 10 for evacuation
[4.870s][info][gc,phases   ] GC(16)   Pre Evacuate Collection Set: 0.3ms
[4.870s][info][gc,phases   ] GC(16)   Merge Heap Roots: 0.2ms
[4.870s][info][gc,phases   ] GC(16)   Evacuate Collection Set: 22.8ms
[4.870s][info][gc,phases   ] GC(16)   Post Evacuate Collection Set: 0.8ms
[4.870s][info][gc,phases   ] GC(16)   Other: 0.2ms
[4.870s][info][gc,heap     ] GC(16) Eden regions: 312->0(269)
[4.870s][info][gc,heap     ] GC(16) Survivor regions: 52->46(46)
[4.870s][info][gc,heap     ] GC(16) Old regions: 508->577
[4.870s][info][gc,heap     ] GC(16) Humongous regions: 0->0
[4.870s][info][gc,metaspace] GC(16) Metaspace: 1314K(1472K)->1314K(1472K) NonClass: 1216K(1280K)->1216K(1280K) Class: 97K(192K)->97K(192K)
[4.870s][info][gc          ] GC(16) Pause Young (Concurrent Start) (G1 Evacuation Pause) 1743M->1245M(2048M) 24.476ms
[4.870s][info][gc,cpu      ] GC(16) User=0.05s Sys=0.12s Real=0.03s
[4.870s][info][gc          ] GC(17) Concurrent Mark Cycle
[4.870s][info][gc,marking  ] GC(17) Concurrent Scan Root Regions
[4.872s][info][gc,marking  ] GC(17) Concurrent Scan Root Regions 1.899ms
[4.872s][info][gc,marking  ] GC(17) Concurrent Mark
[4.872s][info][gc,marking  ] GC(17) Concurrent Mark From Roots
[4.872s][info][gc,task     ] GC(17) Using 3 workers of 3 for marking
[4.877s][info][gc,marking  ] GC(17) Concurrent Mark From Roots 5.613ms
[4.878s][info][gc,marking  ] GC(17) Concurrent Preclean
[4.878s][info][gc,marking  ] GC(17) Concurrent Preclean 0.016ms
[4.878s][info][gc,start    ] GC(17) Pause Remark
[4.880s][info][gc          ] GC(17) Pause Remark 1258M->1258M(2100M) 2.172ms
[4.880s][info][gc,cpu      ] GC(17) User=0.00s Sys=0.00s Real=0.00s
[4.880s][info][gc,marking  ] GC(17) Concurrent Mark 8.094ms
[4.880s][info][gc,marking  ] GC(17) Concurrent Rebuild Remembered Sets and Scrub Regions
[4.881s][info][gc,marking  ] GC(17) Concurrent Rebuild Remembered Sets and Scrub Regions 1.147ms
[4.881s][info][gc,start    ] GC(17) Pause Cleanup
[4.881s][info][gc          ] GC(17) Pause Cleanup 1260M->1260M(2100M) 0.230ms
[4.881s][info][gc,cpu      ] GC(17) User=0.00s Sys=0.00s Real=0.00s
[4.882s][info][gc,marking  ] GC(17) Concurrent Clear Claimed Marks
[4.882s][info][gc,marking  ] GC(17) Concurrent Clear Claimed Marks 0.025ms
[4.882s][info][gc,marking  ] GC(17) Concurrent Cleanup for Next Mark
[4.885s][info][gc,marking  ] GC(17) Concurrent Cleanup for Next Mark 3.160ms
[4.885s][info][gc          ] GC(17) Concurrent Mark Cycle 14.920ms
[5.222s][info][gc,start    ] GC(18) Pause Young (Prepare Mixed) (G1 Evacuation Pause)
[5.222s][info][gc,task     ] GC(18) Using 10 workers of 10 for evacuation
[5.243s][info][gc,phases   ] GC(18)   Pre Evacuate Collection Set: 0.3ms
[5.243s][info][gc,phases   ] GC(18)   Merge Heap Roots: 0.1ms
[5.243s][info][gc,phases   ] GC(18)   Evacuate Collection Set: 19.3ms
[5.243s][info][gc,phases   ] GC(18)   Post Evacuate Collection Set: 0.8ms
[5.243s][info][gc,phases   ] GC(18)   Other: 0.1ms
[5.243s][info][gc,heap     ] GC(18) Eden regions: 269->0(250)
[5.243s][info][gc,heap     ] GC(18) Survivor regions: 46->40(40)
[5.243s][info][gc,heap     ] GC(18) Old regions: 577->637
[5.243s][info][gc,heap     ] GC(18) Humongous regions: 3->0
[5.243s][info][gc,metaspace] GC(18) Metaspace: 1314K(1472K)->1314K(1472K) NonClass: 1216K(1280K)->1216K(1280K) Class: 97K(192K)->97K(192K)
[5.243s][info][gc          ] GC(18) Pause Young (Prepare Mixed) (G1 Evacuation Pause) 1789M->1352M(2100M) 20.785ms
[5.243s][info][gc,cpu      ] GC(18) User=0.11s Sys=0.05s Real=0.02s
[5.553s][info][gc,start    ] GC(19) Pause Young (Mixed) (G1 Evacuation Pause)
[5.553s][info][gc,task     ] GC(19) Using 10 workers of 10 for evacuation
[5.571s][info][gc,phases   ] GC(19)   Pre Evacuate Collection Set: 0.3ms
[5.572s][info][gc,phases   ] GC(19)   Merge Heap Roots: 0.2ms
[5.572s][info][gc,phases   ] GC(19)   Evacuate Collection Set: 17.3ms
[5.572s][info][gc,phases   ] GC(19)   Post Evacuate Collection Set: 0.6ms
[5.572s][info][gc,phases   ] GC(19)   Other: 0.1ms
[5.572s][info][gc,heap     ] GC(19) Eden regions: 250->0(219)
[5.572s][info][gc,heap     ] GC(19) Survivor regions: 40->37(37)
[5.572s][info][gc,heap     ] GC(19) Old regions: 637->687
[5.572s][info][gc,heap     ] GC(19) Humongous regions: 3->0
[5.572s][info][gc,metaspace] GC(19) Metaspace: 1314K(1472K)->1314K(1472K) NonClass: 1216K(1280K)->1216K(1280K) Class: 97K(192K)->97K(192K)
[5.572s][info][gc          ] GC(19) Pause Young (Mixed) (G1 Evacuation Pause) 1858M->1447M(2100M) 18.745ms
[5.572s][info][gc,cpu      ] GC(19) User=0.08s Sys=0.08s Real=0.02s
[5.791s][info][gc,start    ] GC(20) Pause Young (Concurrent Start) (G1 Humongous Allocation)
[5.791s][info][gc,task     ] GC(20) Using 10 workers of 10 for evacuation
[5.806s][info][gc,phases   ] GC(20)   Pre Evacuate Collection Set: 0.3ms
[5.806s][info][gc,phases   ] GC(20)   Merge Heap Roots: 0.1ms
[5.806s][info][gc,phases   ] GC(20)   Evacuate Collection Set: 13.9ms
[5.806s][info][gc,phases   ] GC(20)   Post Evacuate Collection Set: 0.7ms
[5.806s][info][gc,phases   ] GC(20)   Other: 0.2ms
[5.806s][info][gc,heap     ] GC(20) Eden regions: 180->0(194)
[5.806s][info][gc,heap     ] GC(20) Survivor regions: 37->32(32)
[5.806s][info][gc,heap     ] GC(20) Old regions: 687->728
[5.806s][info][gc,heap     ] GC(20) Humongous regions: 0->0
[5.806s][info][gc,metaspace] GC(20) Metaspace: 1314K(1472K)->1314K(1472K) NonClass: 1216K(1280K)->1216K(1280K) Class: 97K(192K)->97K(192K)
[5.806s][info][gc          ] GC(20) Pause Young (Concurrent Start) (G1 Humongous Allocation) 1806M->1519M(2100M) 15.431ms
[5.806s][info][gc,cpu      ] GC(20) User=0.00s Sys=0.00s Real=0.01s
[5.806s][info][gc          ] GC(21) Concurrent Mark Cycle
[5.806s][info][gc,marking  ] GC(21) Concurrent Scan Root Regions
[5.807s][info][gc,marking  ] GC(21) Concurrent Scan Root Regions 0.390ms
[5.807s][info][gc,marking  ] GC(21) Concurrent Mark
[5.807s][info][gc,marking  ] GC(21) Concurrent Mark From Roots
[5.807s][info][gc,task     ] GC(21) Using 3 workers of 3 for marking
[5.811s][info][gc,marking  ] GC(21) Concurrent Mark From Roots 3.965ms
[5.811s][info][gc,marking  ] GC(21) Concurrent Preclean
[5.811s][info][gc,marking  ] GC(21) Concurrent Preclean 0.015ms
[5.811s][info][gc,start    ] GC(21) Pause Remark
[5.814s][info][gc          ] GC(21) Pause Remark 1528M->1528M(2550M) 2.964ms
[5.814s][info][gc,cpu      ] GC(21) User=0.00s Sys=0.00s Real=0.00s
[5.814s][info][gc,marking  ] GC(21) Concurrent Mark 7.256ms
[5.814s][info][gc,marking  ] GC(21) Concurrent Rebuild Remembered Sets and Scrub Regions
[5.816s][info][gc,marking  ] GC(21) Concurrent Rebuild Remembered Sets and Scrub Regions 1.592ms
[5.816s][info][gc,start    ] GC(21) Pause Cleanup
[5.816s][info][gc          ] GC(21) Pause Cleanup 1530M->1530M(2550M) 0.295ms
[5.816s][info][gc,cpu      ] GC(21) User=0.00s Sys=0.00s Real=0.00s
[5.816s][info][gc,marking  ] GC(21) Concurrent Clear Claimed Marks
[5.816s][info][gc,marking  ] GC(21) Concurrent Clear Claimed Marks 0.027ms
[5.816s][info][gc,marking  ] GC(21) Concurrent Cleanup for Next Mark
[5.820s][info][gc,marking  ] GC(21) Concurrent Cleanup for Next Mark 3.489ms
[5.820s][info][gc          ] GC(21) Concurrent Mark Cycle 13.433ms
[6.146s][info][gc,start    ] GC(22) Pause Young (Prepare Mixed) (G1 Evacuation Pause)
[6.146s][info][gc,task     ] GC(22) Using 10 workers of 10 for evacuation
[6.164s][info][gc,phases   ] GC(22)   Pre Evacuate Collection Set: 0.3ms
[6.164s][info][gc,phases   ] GC(22)   Merge Heap Roots: 0.1ms
[6.164s][info][gc,phases   ] GC(22)   Evacuate Collection Set: 16.9ms
[6.164s][info][gc,phases   ] GC(22)   Post Evacuate Collection Set: 0.8ms
[6.164s][info][gc,phases   ] GC(22)   Other: 0.1ms
[6.164s][info][gc,heap     ] GC(22) Eden regions: 194->0(302)
[6.164s][info][gc,heap     ] GC(22) Survivor regions: 32->29(29)
[6.164s][info][gc,heap     ] GC(22) Old regions: 728->770
[6.164s][info][gc,heap     ] GC(22) Humongous regions: 1->0
[6.164s][info][gc,metaspace] GC(22) Metaspace: 1314K(1472K)->1314K(1472K) NonClass: 1216K(1280K)->1216K(1280K) Class: 97K(192K)->97K(192K)
[6.165s][info][gc          ] GC(22) Pause Young (Prepare Mixed) (G1 Evacuation Pause) 1909M->1596M(2550M) 18.482ms
[6.165s][info][gc,cpu      ] GC(22) User=0.16s Sys=0.00s Real=0.02s
[6.540s][info][gc,start    ] GC(23) Pause Young (Mixed) (G1 Evacuation Pause)
[6.540s][info][gc,task     ] GC(23) Using 10 workers of 10 for evacuation
[6.559s][info][gc,phases   ] GC(23)   Pre Evacuate Collection Set: 0.3ms
[6.559s][info][gc,phases   ] GC(23)   Merge Heap Roots: 0.1ms
[6.559s][info][gc,phases   ] GC(23)   Evacuate Collection Set: 17.6ms
[6.559s][info][gc,phases   ] GC(23)   Post Evacuate Collection Set: 0.8ms
[6.559s][info][gc,phases   ] GC(23)   Other: 0.1ms
[6.559s][info][gc,heap     ] GC(23) Eden regions: 302->0(271)
[6.559s][info][gc,heap     ] GC(23) Survivor regions: 29->42(42)
[6.559s][info][gc,heap     ] GC(23) Old regions: 770->816
[6.559s][info][gc,heap     ] GC(23) Humongous regions: 3->0
[6.559s][info][gc,metaspace] GC(23) Metaspace: 1314K(1472K)->1314K(1472K) NonClass: 1216K(1280K)->1216K(1280K) Class: 97K(192K)->97K(192K)
[6.559s][info][gc          ] GC(23) Pause Young (Mixed) (G1 Evacuation Pause) 2206M->1714M(2550M) 19.180ms
[6.559s][info][gc,cpu      ] GC(23) User=0.30s Sys=0.02s Real=0.02s
[6.759s][info][gc,start    ] GC(24) Pause Young (Concurrent Start) (G1 Humongous Allocation)
[6.759s][info][gc,task     ] GC(24) Using 10 workers of 10 for evacuation
[6.775s][info][gc,phases   ] GC(24)   Pre Evacuate Collection Set: 0.3ms
[6.775s][info][gc,phases   ] GC(24)   Merge Heap Roots: 0.1ms
[6.775s][info][gc,phases   ] GC(24)   Evacuate Collection Set: 14.1ms
[6.775s][info][gc,phases   ] GC(24)   Post Evacuate Collection Set: 0.6ms
[6.775s][info][gc,phases   ] GC(24)   Other: 0.1ms
[6.775s][info][gc,heap     ] GC(24) Eden regions: 166->0(255)
[6.775s][info][gc,heap     ] GC(24) Survivor regions: 42->33(40)
[6.775s][info][gc,heap     ] GC(24) Old regions: 816->856
[6.775s][info][gc,heap     ] GC(24) Humongous regions: 0->0
[6.775s][info][gc,metaspace] GC(24) Metaspace: 1314K(1472K)->1314K(1472K) NonClass: 1216K(1280K)->1216K(1280K) Class: 97K(192K)->97K(192K)
[6.775s][info][gc          ] GC(24) Pause Young (Concurrent Start) (G1 Humongous Allocation) 2046M->1776M(2550M) 15.594ms
[6.775s][info][gc,cpu      ] GC(24) User=0.16s Sys=0.00s Real=0.02s
[6.775s][info][gc          ] GC(25) Concurrent Mark Cycle
[6.775s][info][gc,marking  ] GC(25) Concurrent Scan Root Regions
[6.776s][info][gc,marking  ] GC(25) Concurrent Scan Root Regions 0.961ms
[6.776s][info][gc,marking  ] GC(25) Concurrent Mark
[6.776s][info][gc,marking  ] GC(25) Concurrent Mark From Roots
[6.776s][info][gc,task     ] GC(25) Using 3 workers of 3 for marking
[6.781s][info][gc,marking  ] GC(25) Concurrent Mark From Roots 4.743ms
[6.781s][info][gc,marking  ] GC(25) Concurrent Preclean
[6.781s][info][gc,marking  ] GC(25) Concurrent Preclean 0.017ms
[6.781s][info][gc,start    ] GC(25) Pause Remark
[6.783s][info][gc          ] GC(25) Pause Remark 1787M->1787M(2984M) 2.512ms
[6.783s][info][gc,cpu      ] GC(25) User=0.00s Sys=0.00s Real=0.00s
[6.784s][info][gc,marking  ] GC(25) Concurrent Mark 7.514ms
[6.784s][info][gc,marking  ] GC(25) Concurrent Rebuild Remembered Sets and Scrub Regions
[6.785s][info][gc,marking  ] GC(25) Concurrent Rebuild Remembered Sets and Scrub Regions 1.613ms
[6.785s][info][gc,start    ] GC(25) Pause Cleanup
[6.786s][info][gc          ] GC(25) Pause Cleanup 1789M->1789M(2984M) 0.293ms
[6.786s][info][gc,cpu      ] GC(25) User=0.00s Sys=0.00s Real=0.00s
[6.786s][info][gc,marking  ] GC(25) Concurrent Clear Claimed Marks
[6.786s][info][gc,marking  ] GC(25) Concurrent Clear Claimed Marks 0.026ms
[6.786s][info][gc,marking  ] GC(25) Concurrent Cleanup for Next Mark
[6.790s][info][gc,marking  ] GC(25) Concurrent Cleanup for Next Mark 3.962ms
[6.790s][info][gc          ] GC(25) Concurrent Mark Cycle 14.860ms
[7.191s][info][gc,start    ] GC(26) Pause Young (Prepare Mixed) (G1 Evacuation Pause)
[7.191s][info][gc,task     ] GC(26) Using 10 workers of 10 for evacuation
[7.209s][info][gc,phases   ] GC(26)   Pre Evacuate Collection Set: 0.3ms
[7.209s][info][gc,phases   ] GC(26)   Merge Heap Roots: 0.2ms
[7.209s][info][gc,phases   ] GC(26)   Evacuate Collection Set: 16.2ms
[7.209s][info][gc,phases   ] GC(26)   Post Evacuate Collection Set: 0.7ms
[7.209s][info][gc,phases   ] GC(26)   Other: 0.1ms
[7.209s][info][gc,heap     ] GC(26) Eden regions: 255->0(350)
[7.209s][info][gc,heap     ] GC(26) Survivor regions: 33->36(36)
[7.209s][info][gc,heap     ] GC(26) Old regions: 856->903
[7.209s][info][gc,heap     ] GC(26) Humongous regions: 4->0
[7.209s][info][gc,metaspace] GC(26) Metaspace: 1314K(1472K)->1314K(1472K) NonClass: 1216K(1280K)->1216K(1280K) Class: 97K(192K)->97K(192K)
[7.209s][info][gc          ] GC(26) Pause Young (Prepare Mixed) (G1 Evacuation Pause) 2294M->1877M(2984M) 17.664ms
[7.209s][info][gc,cpu      ] GC(26) User=0.05s Sys=0.11s Real=0.02s
[7.850s][info][gc,start    ] GC(27) Pause Young (Mixed) (G1 Evacuation Pause)
[7.850s][info][gc,task     ] GC(27) Using 10 workers of 10 for evacuation
[7.872s][info][gc,phases   ] GC(27)   Pre Evacuate Collection Set: 0.2ms
[7.872s][info][gc,phases   ] GC(27)   Merge Heap Roots: 0.1ms
[7.872s][info][gc,phases   ] GC(27)   Evacuate Collection Set: 20.9ms
[7.872s][info][gc,phases   ] GC(27)   Post Evacuate Collection Set: 0.4ms
[7.872s][info][gc,phases   ] GC(27)   Other: 0.1ms
[7.872s][info][gc,heap     ] GC(27) Eden regions: 350->0(341)
[7.872s][info][gc,heap     ] GC(27) Survivor regions: 36->36(49)
[7.872s][info][gc,heap     ] GC(27) Old regions: 903->939
[7.872s][info][gc,heap     ] GC(27) Humongous regions: 4->3
[7.872s][info][gc,metaspace] GC(27) Metaspace: 1646K(1792K)->1646K(1792K) NonClass: 1492K(1536K)->1492K(1536K) Class: 154K(256K)->154K(256K)
[7.872s][info][gc          ] GC(27) Pause Young (Mixed) (G1 Evacuation Pause) 2585M->1953M(2984M) 22.075ms
[7.872s][info][gc,cpu      ] GC(27) User=0.28s Sys=0.03s Real=0.02s
[8.340s][info][gc,start    ] GC(28) Pause Young (Concurrent Start) (G1 Evacuation Pause)
[8.340s][info][gc,task     ] GC(28) Using 10 workers of 10 for evacuation
[8.365s][info][gc,phases   ] GC(28)   Pre Evacuate Collection Set: 0.3ms
[8.365s][info][gc,phases   ] GC(28)   Merge Heap Roots: 0.2ms
[8.365s][info][gc,phases   ] GC(28)   Evacuate Collection Set: 23.3ms
[8.365s][info][gc,phases   ] GC(28)   Post Evacuate Collection Set: 0.6ms
[8.365s][info][gc,phases   ] GC(28)   Other: 0.1ms
[8.365s][info][gc,heap     ] GC(28) Eden regions: 341->0(350)
[8.365s][info][gc,heap     ] GC(28) Survivor regions: 36->14(48)
[8.365s][info][gc,heap     ] GC(28) Old regions: 939->973
[8.365s][info][gc,heap     ] GC(28) Humongous regions: 6->6
[8.365s][info][gc,metaspace] GC(28) Metaspace: 1646K(1792K)->1646K(1792K) NonClass: 1492K(1536K)->1492K(1536K) Class: 154K(256K)->154K(256K)
[8.365s][info][gc          ] GC(28) Pause Young (Concurrent Start) (G1 Evacuation Pause) 2641M->1985M(2984M) 24.657ms
[8.365s][info][gc,cpu      ] GC(28) User=0.16s Sys=0.00s Real=0.02s
[8.365s][info][gc          ] GC(29) Concurrent Mark Cycle
[8.365s][info][gc,marking  ] GC(29) Concurrent Scan Root Regions
[8.378s][info][gc,marking  ] GC(29) Concurrent Scan Root Regions 13.412ms
[8.379s][info][gc,marking  ] GC(29) Concurrent Mark
[8.379s][info][gc,marking  ] GC(29) Concurrent Mark From Roots
[8.379s][info][gc,task     ] GC(29) Using 3 workers of 3 for marking
[8.391s][info][gc,marking  ] GC(29) Concurrent Mark From Roots 12.262ms
[8.391s][info][gc,marking  ] GC(29) Concurrent Preclean
[8.391s][info][gc,marking  ] GC(29) Concurrent Preclean 0.026ms
[8.391s][info][gc,start    ] GC(29) Pause Remark
[8.393s][info][gc          ] GC(29) Pause Remark 2020M->2018M(3368M) 2.397ms
[8.393s][info][gc,cpu      ] GC(29) User=0.00s Sys=0.00s Real=0.00s
[8.394s][info][gc,marking  ] GC(29) Concurrent Mark 15.013ms
[8.394s][info][gc,marking  ] GC(29) Concurrent Rebuild Remembered Sets and Scrub Regions
[8.411s][info][gc,marking  ] GC(29) Concurrent Rebuild Remembered Sets and Scrub Regions 17.936ms
[8.412s][info][gc,start    ] GC(29) Pause Cleanup
[8.412s][info][gc          ] GC(29) Pause Cleanup 2042M->2042M(3368M) 0.355ms
[8.412s][info][gc,cpu      ] GC(29) User=0.00s Sys=0.00s Real=0.00s
[8.412s][info][gc,marking  ] GC(29) Concurrent Clear Claimed Marks
[8.412s][info][gc,marking  ] GC(29) Concurrent Clear Claimed Marks 0.037ms
[8.412s][info][gc,marking  ] GC(29) Concurrent Cleanup for Next Mark
[8.417s][info][gc,marking  ] GC(29) Concurrent Cleanup for Next Mark 4.405ms
[8.417s][info][gc          ] GC(29) Concurrent Mark Cycle 51.641ms
[8.469s][info][gc,start    ] GC(30) Pause Young (Prepare Mixed) (G1 Evacuation Pause)
[8.469s][info][gc,task     ] GC(30) Using 10 workers of 10 for evacuation
[8.485s][info][gc,phases   ] GC(30)   Pre Evacuate Collection Set: 0.2ms
[8.485s][info][gc,phases   ] GC(30)   Merge Heap Roots: 0.5ms
[8.485s][info][gc,phases   ] GC(30)   Evacuate Collection Set: 14.7ms
[8.485s][info][gc,phases   ] GC(30)   Post Evacuate Collection Set: 0.4ms
[8.485s][info][gc,phases   ] GC(30)   Other: 0.1ms
[8.485s][info][gc,heap     ] GC(30) Eden regions: 70->0(491)
[8.485s][info][gc,heap     ] GC(30) Survivor regions: 14->4(11)
[8.485s][info][gc,heap     ] GC(30) Old regions: 973->988
[8.485s][info][gc,heap     ] GC(30) Humongous regions: 5->5
[8.485s][info][gc,metaspace] GC(30) Metaspace: 1646K(1792K)->1646K(1792K) NonClass: 1492K(1536K)->1492K(1536K) Class: 154K(256K)->154K(256K)
[8.485s][info][gc          ] GC(30) Pause Young (Prepare Mixed) (G1 Evacuation Pause) 2123M->1991M(3368M) 16.122ms
[8.485s][info][gc,cpu      ] GC(30) User=0.16s Sys=0.00s Real=0.02s
[8.698s][info][gc,start    ] GC(31) Pause Young (Mixed) (G1 Evacuation Pause)
[8.698s][info][gc,task     ] GC(31) Using 10 workers of 10 for evacuation
[8.710s][info][gc,phases   ] GC(31)   Pre Evacuate Collection Set: 0.3ms
[8.710s][info][gc,phases   ] GC(31)   Merge Heap Roots: 0.2ms
[8.710s][info][gc,phases   ] GC(31)   Evacuate Collection Set: 10.1ms
[8.710s][info][gc,phases   ] GC(31)   Post Evacuate Collection Set: 0.7ms
[8.710s][info][gc,phases   ] GC(31)   Other: 0.1ms
[8.710s][info][gc,heap     ] GC(31) Eden regions: 147->0(503)
[8.710s][info][gc,heap     ] GC(31) Survivor regions: 4->8(19)
[8.710s][info][gc,heap     ] GC(31) Old regions: 988->988
[8.710s][info][gc,heap     ] GC(31) Humongous regions: 5->5
[8.710s][info][gc,metaspace] GC(31) Metaspace: 1646K(1792K)->1646K(1792K) NonClass: 1492K(1536K)->1492K(1536K) Class: 154K(256K)->154K(256K)
[8.710s][info][gc          ] GC(31) Pause Young (Mixed) (G1 Evacuation Pause) 2285M->1999M(3398M) 11.694ms
[8.710s][info][gc,cpu      ] GC(31) User=0.00s Sys=0.00s Real=0.01s
[8.812s][info][gc,start    ] GC(32) Pause Young (Mixed) (G1 Evacuation Pause)
[8.812s][info][gc,task     ] GC(32) Using 10 workers of 10 for evacuation
[8.823s][info][gc,phases   ] GC(32)   Pre Evacuate Collection Set: 0.2ms
[8.823s][info][gc,phases   ] GC(32)   Merge Heap Roots: 0.2ms
[8.823s][info][gc,phases   ] GC(32)   Evacuate Collection Set: 9.6ms
[8.823s][info][gc,phases   ] GC(32)   Post Evacuate Collection Set: 0.4ms
[8.823s][info][gc,phases   ] GC(32)   Other: 0.1ms
[8.823s][info][gc,heap     ] GC(32) Eden regions: 76->0(504)
[8.823s][info][gc,heap     ] GC(32) Survivor regions: 8->8(11)
[8.823s][info][gc,heap     ] GC(32) Old regions: 988->990
[8.823s][info][gc,heap     ] GC(32) Humongous regions: 5->5
[8.823s][info][gc,metaspace] GC(32) Metaspace: 1646K(1792K)->1646K(1792K) NonClass: 1492K(1536K)->1492K(1536K) Class: 154K(256K)->154K(256K)
[8.823s][info][gc          ] GC(32) Pause Young (Mixed) (G1 Evacuation Pause) 2151M->2003M(3398M) 10.740ms
[8.823s][info][gc,cpu      ] GC(32) User=0.09s Sys=0.00s Real=0.01s
[9.526s][info][gc,start    ] GC(33) Pause Young (Mixed) (G1 Evacuation Pause)
[9.526s][info][gc,task     ] GC(33) Using 10 workers of 10 for evacuation
[9.555s][info][gc,phases   ] GC(33)   Pre Evacuate Collection Set: 0.2ms
[9.555s][info][gc,phases   ] GC(33)   Merge Heap Roots: 0.5ms
[9.555s][info][gc,phases   ] GC(33)   Evacuate Collection Set: 28.0ms
[9.555s][info][gc,phases   ] GC(33)   Post Evacuate Collection Set: 0.6ms
[9.555s][info][gc,phases   ] GC(33)   Other: 0.1ms
[9.555s][info][gc,heap     ] GC(33) Eden regions: 504->0(347)
[9.555s][info][gc,heap     ] GC(33) Survivor regions: 8->24(64)
[9.555s][info][gc,heap     ] GC(33) Old regions: 990->990
[9.555s][info][gc,heap     ] GC(33) Humongous regions: 10->10
[9.555s][info][gc,metaspace] GC(33) Metaspace: 1646K(1792K)->1646K(1792K) NonClass: 1492K(1536K)->1492K(1536K) Class: 154K(256K)->154K(256K)
[9.555s][info][gc          ] GC(33) Pause Young (Mixed) (G1 Evacuation Pause) 3021M->2045M(3398M) 29.639ms
[9.555s][info][gc,cpu      ] GC(33) User=0.16s Sys=0.00s Real=0.03s
[9.637s][info][gc,start    ] GC(34) Pause Young (Normal) (G1 Evacuation Pause)
[9.637s][info][gc,task     ] GC(34) Using 10 workers of 10 for evacuation
[9.661s][info][gc,phases   ] GC(34)   Pre Evacuate Collection Set: 0.2ms
[9.661s][info][gc,phases   ] GC(34)   Merge Heap Roots: 0.4ms
[9.661s][info][gc,phases   ] GC(34)   Evacuate Collection Set: 23.3ms
[9.661s][info][gc,phases   ] GC(34)   Post Evacuate Collection Set: 0.4ms
[9.661s][info][gc,phases   ] GC(34)   Other: 0.1ms
[9.661s][info][gc,heap     ] GC(34) Eden regions: 60->0(80)
[9.661s][info][gc,heap     ] GC(34) Survivor regions: 24->4(11)
[9.661s][info][gc,heap     ] GC(34) Old regions: 990->1013
[9.661s][info][gc,heap     ] GC(34) Humongous regions: 10->10
[9.661s][info][gc,metaspace] GC(34) Metaspace: 1646K(1792K)->1646K(1792K) NonClass: 1492K(1536K)->1492K(1536K) Class: 154K(256K)->154K(256K)
[9.661s][info][gc          ] GC(34) Pause Young (Normal) (G1 Evacuation Pause) 2165M->2052M(3398M) 24.601ms
[9.661s][info][gc,cpu      ] GC(34) User=0.16s Sys=0.00s Real=0.02s
[9.988s][info][gc,start    ] GC(35) Pause Young (Normal) (G1 Evacuation Pause)
[9.989s][info][gc,task     ] GC(35) Using 10 workers of 10 for evacuation
[10.001s][info][gc,phases   ] GC(35)   Pre Evacuate Collection Set: 0.3ms
[10.001s][info][gc,phases   ] GC(35)   Merge Heap Roots: 0.3ms
[10.001s][info][gc,phases   ] GC(35)   Evacuate Collection Set: 11.4ms
[10.001s][info][gc,phases   ] GC(35)   Post Evacuate Collection Set: 0.6ms
[10.001s][info][gc,phases   ] GC(35)   Other: 0.1ms
[10.001s][info][gc,heap     ] GC(35) Eden regions: 240->0(454)
[10.001s][info][gc,heap     ] GC(35) Survivor regions: 4->9(31)
[10.001s][info][gc,heap     ] GC(35) Old regions: 1013->1013
[10.001s][info][gc,heap     ] GC(35) Humongous regions: 10->10
[10.001s][info][gc,metaspace] GC(35) Metaspace: 1646K(1792K)->1646K(1792K) NonClass: 1492K(1536K)->1492K(1536K) Class: 154K(256K)->154K(256K)
[10.001s][info][gc          ] GC(35) Pause Young (Normal) (G1 Evacuation Pause) 2532M->2062M(3398M) 12.822ms
[10.001s][info][gc,cpu      ] GC(35) User=0.16s Sys=0.00s Real=0.01s
[10.197s][info][gc,start    ] GC(36) Pause Young (Normal) (G1 Evacuation Pause)
[10.197s][info][gc,task     ] GC(36) Using 10 workers of 10 for evacuation
[10.213s][info][gc,phases   ] GC(36)   Pre Evacuate Collection Set: 0.2ms
[10.213s][info][gc,phases   ] GC(36)   Merge Heap Roots: 0.3ms
[10.213s][info][gc,phases   ] GC(36)   Evacuate Collection Set: 14.6ms
[10.213s][info][gc,phases   ] GC(36)   Post Evacuate Collection Set: 0.4ms
[10.213s][info][gc,phases   ] GC(36)   Other: 0.3ms
[10.213s][info][gc,heap     ] GC(36) Eden regions: 147->0(566)
[10.213s][info][gc,heap     ] GC(36) Survivor regions: 9->12(20)
[10.213s][info][gc,heap     ] GC(36) Old regions: 1013->1013
[10.213s][info][gc,heap     ] GC(36) Humongous regions: 10->10
[10.213s][info][gc,metaspace] GC(36) Metaspace: 1647K(1792K)->1647K(1792K) NonClass: 1492K(1536K)->1492K(1536K) Class: 154K(256K)->154K(256K)
[10.213s][info][gc          ] GC(36) Pause Young (Normal) (G1 Evacuation Pause) 2356M->2069M(3398M) 16.076ms
[10.213s][info][gc,cpu      ] GC(36) User=0.02s Sys=0.02s Real=0.02s
[10.500s][info][gc,start    ] GC(37) Pause Young (Normal) (G1 Evacuation Pause)
[10.500s][info][gc,task     ] GC(37) Using 10 workers of 10 for evacuation
[10.521s][info][gc,phases   ] GC(37)   Pre Evacuate Collection Set: 0.2ms
[10.521s][info][gc,phases   ] GC(37)   Merge Heap Roots: 0.3ms
[10.521s][info][gc,phases   ] GC(37)   Evacuate Collection Set: 19.4ms
[10.521s][info][gc,phases   ] GC(37)   Post Evacuate Collection Set: 0.4ms
[10.521s][info][gc,phases   ] GC(37)   Other: 0.1ms
[10.521s][info][gc,heap     ] GC(37) Eden regions: 214->0(554)
[10.521s][info][gc,heap     ] GC(37) Survivor regions: 12->18(29)
[10.521s][info][gc,heap     ] GC(37) Old regions: 1013->1013
[10.521s][info][gc,heap     ] GC(37) Humongous regions: 10->10
[10.521s][info][gc,metaspace] GC(37) Metaspace: 1647K(1792K)->1647K(1792K) NonClass: 1492K(1536K)->1492K(1536K) Class: 154K(256K)->154K(256K)
[10.521s][info][gc          ] GC(37) Pause Young (Normal) (G1 Evacuation Pause) 2497M->2080M(3398M) 20.662ms
[10.521s][info][gc,cpu      ] GC(37) User=0.16s Sys=0.00s Real=0.02s
[10.885s][info][gc,start    ] GC(38) Pause Young (Concurrent Start) (G1 Evacuation Pause)
[10.885s][info][gc,task     ] GC(38) Using 10 workers of 10 for evacuation
[10.909s][info][gc,phases   ] GC(38)   Pre Evacuate Collection Set: 0.3ms
[10.909s][info][gc,phases   ] GC(38)   Merge Heap Roots: 0.4ms
[10.909s][info][gc,phases   ] GC(38)   Evacuate Collection Set: 23.5ms
[10.909s][info][gc,phases   ] GC(38)   Post Evacuate Collection Set: 0.5ms
[10.909s][info][gc,phases   ] GC(38)   Other: 0.1ms
[10.909s][info][gc,heap     ] GC(38) Eden regions: 269->0(540)
[10.910s][info][gc,heap     ] GC(38) Survivor regions: 18->25(36)
[10.910s][info][gc,heap     ] GC(38) Old regions: 1013->1013
[10.910s][info][gc,heap     ] GC(38) Humongous regions: 10->10
[10.910s][info][gc,metaspace] GC(38) Metaspace: 1647K(1792K)->1647K(1792K) NonClass: 1493K(1536K)->1493K(1536K) Class: 154K(256K)->154K(256K)
[10.910s][info][gc          ] GC(38) Pause Young (Concurrent Start) (G1 Evacuation Pause) 2618M->2094M(3398M) 25.031ms
[10.910s][info][gc,cpu      ] GC(38) User=0.16s Sys=0.02s Real=0.03s
[10.910s][info][gc          ] GC(39) Concurrent Mark Cycle
[10.910s][info][gc,marking  ] GC(39) Concurrent Scan Root Regions
[10.921s][info][gc,marking  ] GC(39) Concurrent Scan Root Regions 11.307ms
[10.921s][info][gc,marking  ] GC(39) Concurrent Mark
[10.921s][info][gc,marking  ] GC(39) Concurrent Mark From Roots
[10.921s][info][gc,task     ] GC(39) Using 3 workers of 3 for marking
[11.020s][info][gc,marking  ] GC(39) Concurrent Mark From Roots 98.632ms
[11.020s][info][gc,marking  ] GC(39) Concurrent Preclean
[11.020s][info][gc,marking  ] GC(39) Concurrent Preclean 0.034ms
[11.020s][info][gc,start    ] GC(39) Pause Remark
[11.022s][info][gc          ] GC(39) Pause Remark 2223M->2213M(3694M) 2.151ms
[11.022s][info][gc,cpu      ] GC(39) User=0.00s Sys=0.00s Real=0.00s
[11.022s][info][gc,marking  ] GC(39) Concurrent Mark 101.115ms
[11.022s][info][gc,marking  ] GC(39) Concurrent Rebuild Remembered Sets and Scrub Regions
[11.079s][info][gc,marking  ] GC(39) Concurrent Rebuild Remembered Sets and Scrub Regions 56.927ms
[11.079s][info][gc,start    ] GC(39) Pause Cleanup
[11.080s][info][gc          ] GC(39) Pause Cleanup 2277M->2277M(3694M) 0.380ms
[11.080s][info][gc,cpu      ] GC(39) User=0.00s Sys=0.00s Real=0.00s
[11.080s][info][gc,marking  ] GC(39) Concurrent Clear Claimed Marks
[11.080s][info][gc,marking  ] GC(39) Concurrent Clear Claimed Marks 0.036ms
[11.080s][info][gc,marking  ] GC(39) Concurrent Cleanup for Next Mark
[11.085s][info][gc,marking  ] GC(39) Concurrent Cleanup for Next Mark 5.311ms
[11.085s][info][gc          ] GC(39) Concurrent Mark Cycle 175.555ms
[11.473s][info][gc,start    ] GC(40) Pause Young (Prepare Mixed) (G1 Evacuation Pause)
[11.473s][info][gc,task     ] GC(40) Using 10 workers of 10 for evacuation
[11.517s][info][gc,phases   ] GC(40)   Pre Evacuate Collection Set: 0.2ms
[11.517s][info][gc,phases   ] GC(40)   Merge Heap Roots: 0.7ms
[11.517s][info][gc,phases   ] GC(40)   Evacuate Collection Set: 43.0ms
[11.518s][info][gc,phases   ] GC(40)   Post Evacuate Collection Set: 0.6ms
[11.518s][info][gc,phases   ] GC(40)   Other: 0.1ms
[11.518s][info][gc,heap     ] GC(40) Eden regions: 358->0(653)
[11.518s][info][gc,heap     ] GC(40) Survivor regions: 25->37(48)
[11.518s][info][gc,heap     ] GC(40) Old regions: 1013->1013
[11.518s][info][gc,heap     ] GC(40) Humongous regions: 14->14
[11.518s][info][gc,metaspace] GC(40) Metaspace: 1647K(1792K)->1647K(1792K) NonClass: 1493K(1536K)->1493K(1536K) Class: 154K(256K)->154K(256K)
[11.518s][info][gc          ] GC(40) Pause Young (Prepare Mixed) (G1 Evacuation Pause) 2818M->2126M(3694M) 45.020ms
[11.518s][info][gc,cpu      ] GC(40) User=0.47s Sys=0.00s Real=0.05s
[12.416s][info][gc,start    ] GC(41) Pause Young (Mixed) (G1 Evacuation Pause)
[12.416s][info][gc,task     ] GC(41) Using 10 workers of 10 for evacuation
[12.471s][info][gc,phases   ] GC(41)   Pre Evacuate Collection Set: 0.3ms
[12.471s][info][gc,phases   ] GC(41)   Merge Heap Roots: 0.6ms
[12.471s][info][gc,phases   ] GC(41)   Evacuate Collection Set: 53.6ms
[12.471s][info][gc,phases   ] GC(41)   Post Evacuate Collection Set: 0.8ms
[12.471s][info][gc,phases   ] GC(41)   Other: 0.2ms
[12.471s][info][gc,heap     ] GC(41) Eden regions: 653->0(625)
[12.471s][info][gc,heap     ] GC(41) Survivor regions: 37->52(87)
[12.471s][info][gc,heap     ] GC(41) Old regions: 1013->1011
[12.471s][info][gc,heap     ] GC(41) Humongous regions: 14->14
[12.471s][info][gc,metaspace] GC(41) Metaspace: 1647K(1792K)->1647K(1792K) NonClass: 1493K(1536K)->1493K(1536K) Class: 154K(256K)->154K(256K)
[12.471s][info][gc          ] GC(41) Pause Young (Mixed) (G1 Evacuation Pause) 3432M->2152M(3694M) 55.730ms
[12.471s][info][gc,cpu      ] GC(41) User=0.47s Sys=0.00s Real=0.05s
[12.524s][info][gc,start    ] GC(42) Pause Young (Concurrent Start) (G1 Evacuation Pause)
[12.524s][info][gc,task     ] GC(42) Using 10 workers of 10 for evacuation
[12.573s][info][gc,phases   ] GC(42)   Pre Evacuate Collection Set: 0.3ms
[12.573s][info][gc,phases   ] GC(42)   Merge Heap Roots: 0.6ms
[12.573s][info][gc,phases   ] GC(42)   Evacuate Collection Set: 47.1ms
[12.573s][info][gc,phases   ] GC(42)   Post Evacuate Collection Set: 0.3ms
[12.573s][info][gc,phases   ] GC(42)   Other: 0.1ms
[12.573s][info][gc,heap     ] GC(42) Eden regions: 40->0(667)
[12.573s][info][gc,heap     ] GC(42) Survivor regions: 52->5(12)
[12.573s][info][gc,heap     ] GC(42) Old regions: 1011->1063
[12.573s][info][gc,heap     ] GC(42) Humongous regions: 14->14
[12.573s][info][gc,metaspace] GC(42) Metaspace: 1647K(1792K)->1647K(1792K) NonClass: 1493K(1536K)->1493K(1536K) Class: 154K(256K)->154K(256K)
[12.573s][info][gc          ] GC(42) Pause Young (Concurrent Start) (G1 Evacuation Pause) 2232M->2164M(3694M) 48.619ms
[12.573s][info][gc,cpu      ] GC(42) User=0.62s Sys=0.00s Real=0.05s
[12.573s][info][gc          ] GC(43) Concurrent Mark Cycle
[12.573s][info][gc,marking  ] GC(43) Concurrent Scan Root Regions
[12.608s][info][gc,marking  ] GC(43) Concurrent Scan Root Regions 35.351ms
[12.608s][info][gc,marking  ] GC(43) Concurrent Mark
[12.608s][info][gc,marking  ] GC(43) Concurrent Mark From Roots
[12.608s][info][gc,task     ] GC(43) Using 3 workers of 3 for marking
[12.719s][info][gc,marking  ] GC(43) Concurrent Mark From Roots 110.178ms
[12.719s][info][gc,marking  ] GC(43) Concurrent Preclean
[12.719s][info][gc,marking  ] GC(43) Concurrent Preclean 0.023ms
[12.719s][info][gc,start    ] GC(43) Pause Remark
[12.720s][info][gc          ] GC(43) Pause Remark 2330M->2320M(3868M) 1.569ms
[12.720s][info][gc,cpu      ] GC(43) User=0.00s Sys=0.00s Real=0.00s
[12.720s][info][gc,marking  ] GC(43) Concurrent Mark 112.042ms
[12.720s][info][gc,marking  ] GC(43) Concurrent Rebuild Remembered Sets and Scrub Regions
[12.808s][info][gc,marking  ] GC(43) Concurrent Rebuild Remembered Sets and Scrub Regions 87.573ms
[12.808s][info][gc,start    ] GC(43) Pause Cleanup
[12.809s][info][gc          ] GC(43) Pause Cleanup 2414M->2414M(3868M) 0.420ms
[12.809s][info][gc,cpu      ] GC(43) User=0.00s Sys=0.00s Real=0.00s
[12.809s][info][gc,marking  ] GC(43) Concurrent Clear Claimed Marks
[12.809s][info][gc,marking  ] GC(43) Concurrent Clear Claimed Marks 0.043ms
[12.809s][info][gc,marking  ] GC(43) Concurrent Cleanup for Next Mark
[12.814s][info][gc,marking  ] GC(43) Concurrent Cleanup for Next Mark 5.742ms
[12.815s][info][gc          ] GC(43) Concurrent Mark Cycle 241.655ms
[13.542s][info][gc,start    ] GC(44) Pause Young (Prepare Mixed) (G1 Evacuation Pause)
[13.542s][info][gc,task     ] GC(44) Using 10 workers of 10 for evacuation
[13.570s][info][gc,phases   ] GC(44)   Pre Evacuate Collection Set: 0.2ms
[13.570s][info][gc,phases   ] GC(44)   Merge Heap Roots: 0.6ms
[13.570s][info][gc,phases   ] GC(44)   Evacuate Collection Set: 26.0ms
[13.570s][info][gc,phases   ] GC(44)   Post Evacuate Collection Set: 0.7ms
[13.570s][info][gc,phases   ] GC(44)   Other: 0.2ms
[13.570s][info][gc,heap     ] GC(44) Eden regions: 662->0(726)
[13.570s][info][gc,heap     ] GC(44) Survivor regions: 5->19(84)
[13.570s][info][gc,heap     ] GC(44) Old regions: 1063->1063
[13.570s][info][gc,heap     ] GC(44) Humongous regions: 9->9
[13.570s][info][gc,metaspace] GC(44) Metaspace: 1647K(1792K)->1647K(1792K) NonClass: 1493K(1536K)->1493K(1536K) Class: 154K(256K)->154K(256K)
[13.570s][info][gc          ] GC(44) Pause Young (Prepare Mixed) (G1 Evacuation Pause) 3478M->2180M(3868M) 28.025ms
[13.570s][info][gc,cpu      ] GC(44) User=0.16s Sys=0.00s Real=0.03s
[14.557s][info][gc,start    ] GC(45) Pause Young (Mixed) (G1 Evacuation Pause)
[14.557s][info][gc,task     ] GC(45) Using 10 workers of 10 for evacuation
[14.599s][info][gc,phases   ] GC(45)   Pre Evacuate Collection Set: 0.3ms
[14.599s][info][gc,phases   ] GC(45)   Merge Heap Roots: 0.7ms
[14.599s][info][gc,phases   ] GC(45)   Evacuate Collection Set: 40.0ms
[14.599s][info][gc,phases   ] GC(45)   Post Evacuate Collection Set: 0.7ms
[14.599s][info][gc,phases   ] GC(45)   Other: 0.1ms
[14.599s][info][gc,heap     ] GC(45) Eden regions: 726->0(697)
[14.599s][info][gc,heap     ] GC(45) Survivor regions: 19->34(94)
[14.599s][info][gc,heap     ] GC(45) Old regions: 1063->1062
[14.599s][info][gc,heap     ] GC(45) Humongous regions: 9->9
[14.599s][info][gc,metaspace] GC(45) Metaspace: 1647K(1792K)->1647K(1792K) NonClass: 1493K(1536K)->1493K(1536K) Class: 154K(256K)->154K(256K)
[14.599s][info][gc          ] GC(45) Pause Young (Mixed) (G1 Evacuation Pause) 3632M->2208M(3868M) 42.050ms
[14.599s][info][gc,cpu      ] GC(45) User=0.30s Sys=0.02s Real=0.04s
[15.534s][info][gc,start    ] GC(46) Pause Young (Concurrent Start) (G1 Evacuation Pause)
[15.534s][info][gc,task     ] GC(46) Using 10 workers of 10 for evacuation
[15.584s][info][gc,phases   ] GC(46)   Pre Evacuate Collection Set: 0.3ms
[15.584s][info][gc,phases   ] GC(46)   Merge Heap Roots: 0.8ms
[15.584s][info][gc,phases   ] GC(46)   Evacuate Collection Set: 48.3ms
[15.584s][info][gc,phases   ] GC(46)   Post Evacuate Collection Set: 0.8ms
[15.584s][info][gc,phases   ] GC(46)   Other: 0.1ms
[15.584s][info][gc,heap     ] GC(46) Eden regions: 677->0(667)
[15.584s][info][gc,heap     ] GC(46) Survivor regions: 34->49(89)
[15.584s][info][gc,heap     ] GC(46) Old regions: 1062->1062
[15.584s][info][gc,heap     ] GC(46) Humongous regions: 9->9
[15.584s][info][gc,metaspace] GC(46) Metaspace: 1647K(1792K)->1647K(1792K) NonClass: 1493K(1536K)->1493K(1536K) Class: 154K(256K)->154K(256K)
[15.584s][info][gc          ] GC(46) Pause Young (Concurrent Start) (G1 Evacuation Pause) 3562M->2238M(3868M) 50.604ms
[15.585s][info][gc,cpu      ] GC(46) User=0.47s Sys=0.00s Real=0.05s
[15.585s][info][gc          ] GC(47) Concurrent Mark Cycle
[15.585s][info][gc,marking  ] GC(47) Concurrent Scan Root Regions
[15.610s][info][gc,marking  ] GC(47) Concurrent Scan Root Regions 24.990ms
[15.610s][info][gc,marking  ] GC(47) Concurrent Mark
[15.610s][info][gc,marking  ] GC(47) Concurrent Mark From Roots
[15.610s][info][gc,task     ] GC(47) Using 3 workers of 3 for marking
[15.810s][info][gc,marking  ] GC(47) Concurrent Mark From Roots 199.855ms
[15.810s][info][gc,marking  ] GC(47) Concurrent Preclean
[15.810s][info][gc,marking  ] GC(47) Concurrent Preclean 0.024ms
[15.810s][info][gc,start    ] GC(47) Pause Remark
[15.811s][info][gc          ] GC(47) Pause Remark 2490M->2490M(4096M) 1.751ms
[15.811s][info][gc,cpu      ] GC(47) User=0.00s Sys=0.00s Real=0.00s
[15.812s][info][gc,marking  ] GC(47) Concurrent Mark 201.926ms
[15.812s][info][gc,marking  ] GC(47) Concurrent Rebuild Remembered Sets and Scrub Regions
[15.929s][info][gc,marking  ] GC(47) Concurrent Rebuild Remembered Sets and Scrub Regions 117.702ms
[15.929s][info][gc,start    ] GC(47) Pause Cleanup
[15.930s][info][gc          ] GC(47) Pause Cleanup 2618M->2618M(4096M) 0.436ms
[15.930s][info][gc,cpu      ] GC(47) User=0.00s Sys=0.00s Real=0.00s
[15.930s][info][gc,marking  ] GC(47) Concurrent Clear Claimed Marks
[15.930s][info][gc,marking  ] GC(47) Concurrent Clear Claimed Marks 0.039ms
[15.930s][info][gc,marking  ] GC(47) Concurrent Cleanup for Next Mark
[15.936s][info][gc,marking  ] GC(47) Concurrent Cleanup for Next Mark 5.780ms
[15.936s][info][gc          ] GC(47) Concurrent Mark Cycle 351.341ms
[16.586s][info][gc,start    ] GC(48) Pause Young (Prepare Mixed) (G1 Evacuation Pause)
[16.586s][info][gc,task     ] GC(48) Using 10 workers of 10 for evacuation
[16.646s][info][gc,phases   ] GC(48)   Pre Evacuate Collection Set: 0.2ms
[16.646s][info][gc,phases   ] GC(48)   Merge Heap Roots: 1.1ms
[16.646s][info][gc,phases   ] GC(48)   Evacuate Collection Set: 58.5ms
[16.646s][info][gc,phases   ] GC(48)   Post Evacuate Collection Set: 0.9ms
[16.647s][info][gc,phases   ] GC(48)   Other: 0.1ms
[16.647s][info][gc,heap     ] GC(48) Eden regions: 662->0(765)
[16.647s][info][gc,heap     ] GC(48) Survivor regions: 49->46(89)
[16.647s][info][gc,heap     ] GC(48) Old regions: 1062->1079
[16.647s][info][gc,heap     ] GC(48) Humongous regions: 9->9
[16.647s][info][gc,metaspace] GC(48) Metaspace: 1647K(1792K)->1647K(1792K) NonClass: 1493K(1536K)->1493K(1536K) Class: 154K(256K)->154K(256K)
[16.647s][info][gc          ] GC(48) Pause Young (Prepare Mixed) (G1 Evacuation Pause) 3562M->2266M(4096M) 61.083ms
[16.647s][info][gc,cpu      ] GC(48) User=0.61s Sys=0.00s Real=0.06s
[17.768s][info][gc,start    ] GC(49) Pause Young (Mixed) (G1 Evacuation Pause)
[17.768s][info][gc,task     ] GC(49) Using 10 workers of 10 for evacuation
[17.855s][info][gc,phases   ] GC(49)   Pre Evacuate Collection Set: 0.3ms
[17.855s][info][gc,phases   ] GC(49)   Merge Heap Roots: 1.3ms
[17.855s][info][gc,phases   ] GC(49)   Evacuate Collection Set: 83.5ms
[17.855s][info][gc,phases   ] GC(49)   Post Evacuate Collection Set: 1.0ms
[17.855s][info][gc,phases   ] GC(49)   Other: 0.2ms
[17.855s][info][gc,heap     ] GC(49) Eden regions: 765->0(706)
[17.855s][info][gc,heap     ] GC(49) Survivor regions: 46->68(102)
[17.855s][info][gc,heap     ] GC(49) Old regions: 1079->1077
[17.855s][info][gc,heap     ] GC(49) Humongous regions: 26->26
[17.855s][info][gc,metaspace] GC(49) Metaspace: 1651K(1792K)->1651K(1792K) NonClass: 1497K(1536K)->1497K(1536K) Class: 154K(256K)->154K(256K)
[17.855s][info][gc          ] GC(49) Pause Young (Mixed) (G1 Evacuation Pause) 3830M->2341M(4096M) 86.568ms
[17.855s][info][gc,cpu      ] GC(49) User=0.92s Sys=0.02s Real=0.09s
[18.873s][info][gc,start    ] GC(50) Pause Young (Concurrent Start) (G1 Evacuation Pause)
[18.873s][info][gc,task     ] GC(50) Using 10 workers of 10 for evacuation
[18.967s][info][gc,phases   ] GC(50)   Pre Evacuate Collection Set: 0.3ms
[18.967s][info][gc,phases   ] GC(50)   Merge Heap Roots: 1.3ms
[18.967s][info][gc,phases   ] GC(50)   Evacuate Collection Set: 91.7ms
[18.967s][info][gc,phases   ] GC(50)   Post Evacuate Collection Set: 1.0ms
[18.967s][info][gc,phases   ] GC(50)   Other: 0.1ms
[18.967s][info][gc,heap     ] GC(50) Eden regions: 706->0(707)
[18.967s][info][gc,heap     ] GC(50) Survivor regions: 68->52(97)
[18.967s][info][gc,heap     ] GC(50) Old regions: 1077->1108
[18.967s][info][gc,heap     ] GC(50) Humongous regions: 26->26
[18.967s][info][gc,metaspace] GC(50) Metaspace: 1652K(1792K)->1652K(1792K) NonClass: 1498K(1536K)->1498K(1536K) Class: 154K(256K)->154K(256K)
[18.967s][info][gc          ] GC(50) Pause Young (Concurrent Start) (G1 Evacuation Pause) 3753M->2371M(4096M) 94.728ms
[18.967s][info][gc,cpu      ] GC(50) User=0.94s Sys=0.00s Real=0.09s
[18.967s][info][gc          ] GC(51) Concurrent Mark Cycle
[18.967s][info][gc,marking  ] GC(51) Concurrent Scan Root Regions
[19.025s][info][gc,marking  ] GC(51) Concurrent Scan Root Regions 57.755ms
[19.025s][info][gc,marking  ] GC(51) Concurrent Mark
[19.025s][info][gc,marking  ] GC(51) Concurrent Mark From Roots
[19.025s][info][gc,task     ] GC(51) Using 3 workers of 3 for marking
[19.252s][info][gc,marking  ] GC(51) Concurrent Mark From Roots 226.970ms
[19.252s][info][gc,marking  ] GC(51) Concurrent Preclean
[19.252s][info][gc,marking  ] GC(51) Concurrent Preclean 0.025ms
[19.252s][info][gc,start    ] GC(51) Pause Remark
[19.253s][info][gc          ] GC(51) Pause Remark 2665M->2647M(4096M) 0.748ms
[19.253s][info][gc,cpu      ] GC(51) User=0.00s Sys=0.00s Real=0.00s
[19.253s][info][gc,marking  ] GC(51) Concurrent Mark 228.030ms
[19.253s][info][gc,marking  ] GC(51) Concurrent Rebuild Remembered Sets and Scrub Regions
[19.432s][info][gc,marking  ] GC(51) Concurrent Rebuild Remembered Sets and Scrub Regions 179.084ms
[19.433s][info][gc,start    ] GC(51) Pause Cleanup
[19.433s][info][gc          ] GC(51) Pause Cleanup 2833M->2833M(4096M) 0.520ms
[19.433s][info][gc,cpu      ] GC(51) User=0.00s Sys=0.00s Real=0.00s
[19.433s][info][gc,marking  ] GC(51) Concurrent Clear Claimed Marks
[19.433s][info][gc,marking  ] GC(51) Concurrent Clear Claimed Marks 0.043ms
[19.433s][info][gc,marking  ] GC(51) Concurrent Cleanup for Next Mark
[19.438s][info][gc,marking  ] GC(51) Concurrent Cleanup for Next Mark 4.968ms
[19.438s][info][gc          ] GC(51) Concurrent Mark Cycle 470.993ms
[19.464s][info][gc,start    ] GC(52) Pause Young (Prepare Mixed) (G1 Evacuation Pause)
[19.464s][info][gc,task     ] GC(52) Using 10 workers of 10 for evacuation
[19.523s][info][gc,phases   ] GC(52)   Pre Evacuate Collection Set: 0.2ms
[19.523s][info][gc,phases   ] GC(52)   Merge Heap Roots: 1.4ms
[19.523s][info][gc,phases   ] GC(52)   Evacuate Collection Set: 56.1ms
[19.523s][info][gc,phases   ] GC(52)   Post Evacuate Collection Set: 0.7ms
[19.523s][info][gc,phases   ] GC(52)   Other: 0.1ms
[19.523s][info][gc,heap     ] GC(52) Eden regions: 258->0(742)
[19.523s][info][gc,heap     ] GC(52) Survivor regions: 52->20(39)
[19.523s][info][gc,heap     ] GC(52) Old regions: 1108->1146
[19.523s][info][gc,heap     ] GC(52) Humongous regions: 17->17
[19.523s][info][gc,metaspace] GC(52) Metaspace: 1653K(1792K)->1653K(1792K) NonClass: 1499K(1536K)->1499K(1536K) Class: 154K(256K)->154K(256K)
[19.523s][info][gc          ] GC(52) Pause Young (Prepare Mixed) (G1 Evacuation Pause) 2869M->2366M(4096M) 58.775ms
[19.523s][info][gc,cpu      ] GC(52) User=0.47s Sys=0.00s Real=0.06s
[21.903s][info][gc,heap,exit] Heap
[21.903s][info][gc,heap,exit]  garbage-first heap   total 4194304K, used 3659776K [0x0000000700000000, 0x0000000800000000)
[21.903s][info][gc,heap,exit]   region size 2048K, 592 young (1212416K), 20 survivors (40960K)
[21.903s][info][gc,heap,exit]  Metaspace       used 1821K, committed 1984K, reserved 1114112K
[21.903s][info][gc,heap,exit]   class space    used 173K, committed 256K, reserved 1048576K
