[0.011s][info][gc,init] CardTable entry size: 512
[0.011s][info][gc     ] Using G1
[0.020s][info][gc,init] Version: 21.0.5+9-LTS-239 (release)
[0.020s][info][gc,init] CPUs: 12 total, 12 available
[0.020s][info][gc,init] Memory: 16190M
[0.020s][info][gc,init] Large Page Support: Disabled
[0.020s][info][gc,init] NUMA Support: Disabled
[0.020s][info][gc,init] Compressed Oops: Enabled (Zero based)
[0.020s][info][gc,init] Heap Region Size: 2M
[0.020s][info][gc,init] Heap Min Capacity: 2G
[0.020s][info][gc,init] Heap Initial Capacity: 2G
[0.020s][info][gc,init] Heap Max Capacity: 4G
[0.020s][info][gc,init] Pre-touch: Disabled
[0.020s][info][gc,init] Parallel Workers: 10
[0.020s][info][gc,init] Concurrent Workers: 3
[0.021s][info][gc,init] Concurrent Refinement Workers: 10
[0.021s][info][gc,init] Periodic GC: Disabled
[0.030s][info][gc,metaspace] CDS archive(s) mapped at: [0x000002a312000000-0x000002a312c90000-0x000002a312c90000), size 13172736, SharedBaseAddress: 0x000002a312000000, ArchiveRelocationMode: 1.
[0.030s][info][gc,metaspace] Compressed class space mapped at: 0x000002a313000000-0x000002a353000000, reserved size: 1073741824
[0.030s][info][gc,metaspace] Narrow klass base: 0x000002a312000000, Narrow klass shift: 0, Narrow klass range: 0x100000000
[0.482s][info][gc,start    ] GC(0) Pause Young (Normal) (G1 Evacuation Pause)
[0.483s][info][gc,task     ] GC(0) Using 10 workers of 10 for evacuation
[0.488s][info][gc,phases   ] GC(0)   Pre Evacuate Collection Set: 0.2ms
[0.488s][info][gc,phases   ] GC(0)   Merge Heap Roots: 0.2ms
[0.488s][info][gc,phases   ] GC(0)   Evacuate Collection Set: 3.4ms
[0.488s][info][gc,phases   ] GC(0)   Post Evacuate Collection Set: 0.5ms
[0.488s][info][gc,phases   ] GC(0)   Other: 1.1ms
[0.488s][info][gc,heap     ] GC(0) Eden regions: 51->0(44)
[0.488s][info][gc,heap     ] GC(0) Survivor regions: 0->7(7)
[0.488s][info][gc,heap     ] GC(0) Old regions: 0->4
[0.488s][info][gc,heap     ] GC(0) Humongous regions: 1->0
[0.488s][info][gc,metaspace] GC(0) Metaspace: 1310K(1472K)->1310K(1472K) NonClass: 1212K(1280K)->1212K(1280K) Class: 97K(192K)->97K(192K)
[0.488s][info][gc          ] GC(0) Pause Young (Normal) (G1 Evacuation Pause) 104M->21M(2048M) 5.692ms
[0.488s][info][gc,cpu      ] GC(0) User=0.03s Sys=0.02s Real=0.01s
[0.625s][info][gc,start    ] GC(1) Pause Young (Normal) (G1 Evacuation Pause)
[0.625s][info][gc,task     ] GC(1) Using 10 workers of 10 for evacuation
[0.629s][info][gc,phases   ] GC(1)   Pre Evacuate Collection Set: 0.2ms
[0.629s][info][gc,phases   ] GC(1)   Merge Heap Roots: 0.1ms
[0.629s][info][gc,phases   ] GC(1)   Evacuate Collection Set: 3.2ms
[0.629s][info][gc,phases   ] GC(1)   Post Evacuate Collection Set: 0.5ms
[0.629s][info][gc,phases   ] GC(1)   Other: 0.1ms
[0.629s][info][gc,heap     ] GC(1) Eden regions: 44->0(44)
[0.629s][info][gc,heap     ] GC(1) Survivor regions: 7->7(7)
[0.629s][info][gc,heap     ] GC(1) Old regions: 4->13
[0.629s][info][gc,heap     ] GC(1) Humongous regions: 0->0
[0.629s][info][gc,metaspace] GC(1) Metaspace: 1313K(1472K)->1313K(1472K) NonClass: 1216K(1280K)->1216K(1280K) Class: 97K(192K)->97K(192K)
[0.629s][info][gc          ] GC(1) Pause Young (Normal) (G1 Evacuation Pause) 109M->38M(2048M) 4.279ms
[0.629s][info][gc,cpu      ] GC(1) User=0.00s Sys=0.00s Real=0.00s
[0.951s][info][gc,start    ] GC(2) Pause Young (Normal) (G1 Evacuation Pause)
[0.951s][info][gc,task     ] GC(2) Using 10 workers of 10 for evacuation
[0.957s][info][gc,phases   ] GC(2)   Pre Evacuate Collection Set: 0.3ms
[0.957s][info][gc,phases   ] GC(2)   Merge Heap Roots: 0.1ms
[0.957s][info][gc,phases   ] GC(2)   Evacuate Collection Set: 4.9ms
[0.957s][info][gc,phases   ] GC(2)   Post Evacuate Collection Set: 0.6ms
[0.957s][info][gc,phases   ] GC(2)   Other: 0.1ms
[0.957s][info][gc,heap     ] GC(2) Eden regions: 44->0(45)
[0.957s][info][gc,heap     ] GC(2) Survivor regions: 7->6(7)
[0.957s][info][gc,heap     ] GC(2) Old regions: 13->19
[0.957s][info][gc,heap     ] GC(2) Humongous regions: 0->0
[0.957s][info][gc,metaspace] GC(2) Metaspace: 1525K(1664K)->1525K(1664K) NonClass: 1399K(1472K)->1399K(1472K) Class: 125K(192K)->125K(192K)
[0.957s][info][gc          ] GC(2) Pause Young (Normal) (G1 Evacuation Pause) 126M->48M(2048M) 6.329ms
[0.957s][info][gc,cpu      ] GC(2) User=0.02s Sys=0.02s Real=0.01s
[1.116s][info][gc,start    ] GC(3) Pause Young (Normal) (G1 Evacuation Pause)
[1.116s][info][gc,task     ] GC(3) Using 10 workers of 10 for evacuation
[1.123s][info][gc,phases   ] GC(3)   Pre Evacuate Collection Set: 0.3ms
[1.123s][info][gc,phases   ] GC(3)   Merge Heap Roots: 0.1ms
[1.123s][info][gc,phases   ] GC(3)   Evacuate Collection Set: 5.6ms
[1.123s][info][gc,phases   ] GC(3)   Post Evacuate Collection Set: 0.5ms
[1.123s][info][gc,phases   ] GC(3)   Other: 0.1ms
[1.123s][info][gc,heap     ] GC(3) Eden regions: 45->0(83)
[1.123s][info][gc,heap     ] GC(3) Survivor regions: 6->3(7)
[1.123s][info][gc,heap     ] GC(3) Old regions: 19->24
[1.123s][info][gc,heap     ] GC(3) Humongous regions: 1->1
[1.123s][info][gc,metaspace] GC(3) Metaspace: 1547K(1664K)->1547K(1664K) NonClass: 1420K(1472K)->1420K(1472K) Class: 127K(192K)->127K(192K)
[1.123s][info][gc          ] GC(3) Pause Young (Normal) (G1 Evacuation Pause) 140M->55M(2048M) 6.836ms
[1.123s][info][gc,cpu      ] GC(3) User=0.00s Sys=0.00s Real=0.01s
[1.426s][info][gc,start    ] GC(4) Pause Young (Normal) (G1 Evacuation Pause)
[1.426s][info][gc,task     ] GC(4) Using 10 workers of 10 for evacuation
[1.434s][info][gc,phases   ] GC(4)   Pre Evacuate Collection Set: 0.3ms
[1.434s][info][gc,phases   ] GC(4)   Merge Heap Roots: 0.2ms
[1.434s][info][gc,phases   ] GC(4)   Evacuate Collection Set: 7.4ms
[1.434s][info][gc,phases   ] GC(4)   Post Evacuate Collection Set: 0.5ms
[1.434s][info][gc,phases   ] GC(4)   Other: 0.1ms
[1.434s][info][gc,heap     ] GC(4) Eden regions: 83->0(135)
[1.434s][info][gc,heap     ] GC(4) Survivor regions: 3->8(11)
[1.434s][info][gc,heap     ] GC(4) Old regions: 24->24
[1.434s][info][gc,heap     ] GC(4) Humongous regions: 1->1
[1.434s][info][gc,metaspace] GC(4) Metaspace: 1555K(1664K)->1555K(1664K) NonClass: 1428K(1472K)->1428K(1472K) Class: 127K(192K)->127K(192K)
[1.435s][info][gc          ] GC(4) Pause Young (Normal) (G1 Evacuation Pause) 221M->64M(2048M) 8.667ms
[1.435s][info][gc,cpu      ] GC(4) User=0.00s Sys=0.00s Real=0.01s
[1.672s][info][gc,heap,exit] Heap
[1.672s][info][gc,heap,exit]  garbage-first heap   total 2097152K, used 141566K [0x0000000700000000, 0x0000000800000000)
[1.672s][info][gc,heap,exit]   region size 2048K, 43 young (88064K), 8 survivors (16384K)
[1.672s][info][gc,heap,exit]  Metaspace       used 1713K, committed 1856K, reserved 1114112K
[1.672s][info][gc,heap,exit]   class space    used 146K, committed 192K, reserved 1048576K
