[0.011s][info][gc,init] CardTable entry size: 512
[0.011s][info][gc     ] Using G1
[0.021s][info][gc,init] Version: 21.0.5+9-LTS-239 (release)
[0.021s][info][gc,init] CPUs: 12 total, 12 available
[0.021s][info][gc,init] Memory: 16190M
[0.021s][info][gc,init] Large Page Support: Disabled
[0.021s][info][gc,init] NUMA Support: Disabled
[0.021s][info][gc,init] Compressed Oops: Enabled (Zero based)
[0.021s][info][gc,init] Heap Region Size: 2M
[0.021s][info][gc,init] Heap Min Capacity: 2G
[0.021s][info][gc,init] Heap Initial Capacity: 2G
[0.021s][info][gc,init] Heap Max Capacity: 4G
[0.021s][info][gc,init] Pre-touch: Disabled
[0.021s][info][gc,init] Parallel Workers: 10
[0.021s][info][gc,init] Concurrent Workers: 3
[0.022s][info][gc,init] Concurrent Refinement Workers: 10
[0.022s][info][gc,init] Periodic GC: Disabled
[0.030s][info][gc,metaspace] CDS archive(s) mapped at: [0x000001a8d2000000-0x000001a8d2c90000-0x000001a8d2c90000), size 13172736, SharedBaseAddress: 0x000001a8d2000000, ArchiveRelocationMode: 1.
[0.031s][info][gc,metaspace] Compressed class space mapped at: 0x000001a8d3000000-0x000001a913000000, reserved size: 1073741824
[0.031s][info][gc,metaspace] Narrow klass base: 0x000001a8d2000000, Narrow klass shift: 0, Narrow klass range: 0x100000000
[0.532s][info][gc,start    ] GC(0) Pause Young (Normal) (G1 Evacuation Pause)
[0.533s][info][gc,task     ] GC(0) Using 10 workers of 10 for evacuation
[0.537s][info][gc,phases   ] GC(0)   Pre Evacuate Collection Set: 0.2ms
[0.537s][info][gc,phases   ] GC(0)   Merge Heap Roots: 0.1ms
[0.537s][info][gc,phases   ] GC(0)   Evacuate Collection Set: 3.8ms
[0.537s][info][gc,phases   ] GC(0)   Post Evacuate Collection Set: 0.5ms
[0.537s][info][gc,phases   ] GC(0)   Other: 1.0ms
[0.537s][info][gc,heap     ] GC(0) Eden regions: 51->0(44)
[0.537s][info][gc,heap     ] GC(0) Survivor regions: 0->7(7)
[0.537s][info][gc,heap     ] GC(0) Old regions: 0->4
[0.538s][info][gc,heap     ] GC(0) Humongous regions: 1->0
[0.538s][info][gc,metaspace] GC(0) Metaspace: 1317K(1472K)->1317K(1472K) NonClass: 1219K(1280K)->1219K(1280K) Class: 97K(192K)->97K(192K)
[0.538s][info][gc          ] GC(0) Pause Young (Normal) (G1 Evacuation Pause) 104M->21M(2048M) 5.973ms
[0.538s][info][gc,cpu      ] GC(0) User=0.00s Sys=0.00s Real=0.01s
[0.701s][info][gc,start    ] GC(1) Pause Young (Normal) (G1 Evacuation Pause)
[0.701s][info][gc,task     ] GC(1) Using 10 workers of 10 for evacuation
[0.706s][info][gc,phases   ] GC(1)   Pre Evacuate Collection Set: 0.3ms
[0.706s][info][gc,phases   ] GC(1)   Merge Heap Roots: 0.1ms
[0.706s][info][gc,phases   ] GC(1)   Evacuate Collection Set: 4.0ms
[0.706s][info][gc,phases   ] GC(1)   Post Evacuate Collection Set: 0.4ms
[0.706s][info][gc,phases   ] GC(1)   Other: 0.1ms
[0.706s][info][gc,heap     ] GC(1) Eden regions: 44->0(44)
[0.706s][info][gc,heap     ] GC(1) Survivor regions: 7->7(7)
[0.706s][info][gc,heap     ] GC(1) Old regions: 4->12
[0.706s][info][gc,heap     ] GC(1) Humongous regions: 0->0
[0.706s][info][gc,metaspace] GC(1) Metaspace: 1319K(1472K)->1319K(1472K) NonClass: 1221K(1280K)->1221K(1280K) Class: 97K(192K)->97K(192K)
[0.706s][info][gc          ] GC(1) Pause Young (Normal) (G1 Evacuation Pause) 109M->37M(2048M) 5.051ms
[0.706s][info][gc,cpu      ] GC(1) User=0.00s Sys=0.00s Real=0.00s
[0.774s][info][gc,start    ] GC(2) Pause Young (Normal) (G1 Evacuation Pause)
[0.774s][info][gc,task     ] GC(2) Using 10 workers of 10 for evacuation
[0.779s][info][gc,phases   ] GC(2)   Pre Evacuate Collection Set: 0.2ms
[0.779s][info][gc,phases   ] GC(2)   Merge Heap Roots: 0.1ms
[0.779s][info][gc,phases   ] GC(2)   Evacuate Collection Set: 4.5ms
[0.779s][info][gc,phases   ] GC(2)   Post Evacuate Collection Set: 0.4ms
[0.779s][info][gc,phases   ] GC(2)   Other: 0.1ms
[0.779s][info][gc,heap     ] GC(2) Eden regions: 44->0(44)
[0.779s][info][gc,heap     ] GC(2) Survivor regions: 7->7(7)
[0.779s][info][gc,heap     ] GC(2) Old regions: 12->21
[0.779s][info][gc,heap     ] GC(2) Humongous regions: 0->0
[0.779s][info][gc,metaspace] GC(2) Metaspace: 1320K(1472K)->1320K(1472K) NonClass: 1222K(1280K)->1222K(1280K) Class: 97K(192K)->97K(192K)
[0.779s][info][gc          ] GC(2) Pause Young (Normal) (G1 Evacuation Pause) 125M->55M(2048M) 5.505ms
[0.779s][info][gc,cpu      ] GC(2) User=0.14s Sys=0.00s Real=0.00s
[0.842s][info][gc,start    ] GC(3) Pause Young (Normal) (G1 Evacuation Pause)
[0.842s][info][gc,task     ] GC(3) Using 10 workers of 10 for evacuation
[0.847s][info][gc,phases   ] GC(3)   Pre Evacuate Collection Set: 0.3ms
[0.847s][info][gc,phases   ] GC(3)   Merge Heap Roots: 0.1ms
[0.847s][info][gc,phases   ] GC(3)   Evacuate Collection Set: 4.4ms
[0.847s][info][gc,phases   ] GC(3)   Post Evacuate Collection Set: 0.6ms
[0.847s][info][gc,phases   ] GC(3)   Other: 0.1ms
[0.847s][info][gc,heap     ] GC(3) Eden regions: 44->0(61)
[0.847s][info][gc,heap     ] GC(3) Survivor regions: 7->7(7)
[0.847s][info][gc,heap     ] GC(3) Old regions: 21->30
[0.847s][info][gc,heap     ] GC(3) Humongous regions: 0->0
[0.847s][info][gc,metaspace] GC(3) Metaspace: 1320K(1472K)->1320K(1472K) NonClass: 1222K(1280K)->1222K(1280K) Class: 97K(192K)->97K(192K)
[0.847s][info][gc          ] GC(3) Pause Young (Normal) (G1 Evacuation Pause) 143M->72M(2048M) 5.650ms
[0.847s][info][gc,cpu      ] GC(3) User=0.02s Sys=0.00s Real=0.00s
[0.931s][info][gc,start    ] GC(4) Pause Young (Normal) (G1 Evacuation Pause)
[0.931s][info][gc,task     ] GC(4) Using 10 workers of 10 for evacuation
[0.939s][info][gc,phases   ] GC(4)   Pre Evacuate Collection Set: 0.3ms
[0.939s][info][gc,phases   ] GC(4)   Merge Heap Roots: 0.1ms
[0.939s][info][gc,phases   ] GC(4)   Evacuate Collection Set: 6.7ms
[0.939s][info][gc,phases   ] GC(4)   Post Evacuate Collection Set: 0.5ms
[0.939s][info][gc,phases   ] GC(4)   Other: 0.1ms
[0.939s][info][gc,heap     ] GC(4) Eden regions: 61->0(76)
[0.939s][info][gc,heap     ] GC(4) Survivor regions: 7->9(9)
[0.939s][info][gc,heap     ] GC(4) Old regions: 30->40
[0.939s][info][gc,heap     ] GC(4) Humongous regions: 0->0
[0.939s][info][gc,metaspace] GC(4) Metaspace: 1320K(1472K)->1320K(1472K) NonClass: 1222K(1280K)->1222K(1280K) Class: 97K(192K)->97K(192K)
[0.939s][info][gc          ] GC(4) Pause Young (Normal) (G1 Evacuation Pause) 193M->96M(2048M) 7.815ms
[0.939s][info][gc,cpu      ] GC(4) User=0.03s Sys=0.03s Real=0.01s
[1.043s][info][gc,start    ] GC(5) Pause Young (Normal) (G1 Evacuation Pause)
[1.043s][info][gc,task     ] GC(5) Using 10 workers of 10 for evacuation
[1.051s][info][gc,phases   ] GC(5)   Pre Evacuate Collection Set: 0.3ms
[1.051s][info][gc,phases   ] GC(5)   Merge Heap Roots: 0.1ms
[1.051s][info][gc,phases   ] GC(5)   Evacuate Collection Set: 7.2ms
[1.051s][info][gc,phases   ] GC(5)   Post Evacuate Collection Set: 0.5ms
[1.051s][info][gc,phases   ] GC(5)   Other: 0.1ms
[1.051s][info][gc,heap     ] GC(5) Eden regions: 76->0(85)
[1.052s][info][gc,heap     ] GC(5) Survivor regions: 9->11(11)
[1.052s][info][gc,heap     ] GC(5) Old regions: 40->53
[1.052s][info][gc,heap     ] GC(5) Humongous regions: 0->0
[1.052s][info][gc,metaspace] GC(5) Metaspace: 1320K(1472K)->1320K(1472K) NonClass: 1222K(1280K)->1222K(1280K) Class: 97K(192K)->97K(192K)
[1.052s][info][gc          ] GC(5) Pause Young (Normal) (G1 Evacuation Pause) 248M->126M(2048M) 8.457ms
[1.052s][info][gc,cpu      ] GC(5) User=0.09s Sys=0.06s Real=0.01s
[1.165s][info][gc,start    ] GC(6) Pause Young (Normal) (G1 Evacuation Pause)
[1.165s][info][gc,task     ] GC(6) Using 10 workers of 10 for evacuation
[1.174s][info][gc,phases   ] GC(6)   Pre Evacuate Collection Set: 0.3ms
[1.174s][info][gc,phases   ] GC(6)   Merge Heap Roots: 0.1ms
[1.174s][info][gc,phases   ] GC(6)   Evacuate Collection Set: 7.7ms
[1.174s][info][gc,phases   ] GC(6)   Post Evacuate Collection Set: 0.5ms
[1.174s][info][gc,phases   ] GC(6)   Other: 0.1ms
[1.174s][info][gc,heap     ] GC(6) Eden regions: 85->0(114)
[1.174s][info][gc,heap     ] GC(6) Survivor regions: 11->12(12)
[1.174s][info][gc,heap     ] GC(6) Old regions: 53->68
[1.174s][info][gc,heap     ] GC(6) Humongous regions: 1->0
[1.174s][info][gc,metaspace] GC(6) Metaspace: 1320K(1472K)->1320K(1472K) NonClass: 1222K(1280K)->1222K(1280K) Class: 97K(192K)->97K(192K)
[1.174s][info][gc          ] GC(6) Pause Young (Normal) (G1 Evacuation Pause) 298M->159M(2048M) 9.005ms
[1.174s][info][gc,cpu      ] GC(6) User=0.08s Sys=0.08s Real=0.01s
[1.333s][info][gc,start    ] GC(7) Pause Young (Normal) (G1 Evacuation Pause)
[1.333s][info][gc,task     ] GC(7) Using 10 workers of 10 for evacuation
[1.348s][info][gc,phases   ] GC(7)   Pre Evacuate Collection Set: 0.2ms
[1.348s][info][gc,phases   ] GC(7)   Merge Heap Roots: 0.1ms
[1.348s][info][gc,phases   ] GC(7)   Evacuate Collection Set: 13.6ms
[1.348s][info][gc,phases   ] GC(7)   Post Evacuate Collection Set: 1.0ms
[1.348s][info][gc,phases   ] GC(7)   Other: 0.2ms
[1.348s][info][gc,heap     ] GC(7) Eden regions: 114->0(148)
[1.348s][info][gc,heap     ] GC(7) Survivor regions: 12->16(16)
[1.348s][info][gc,heap     ] GC(7) Old regions: 68->86
[1.348s][info][gc,heap     ] GC(7) Humongous regions: 0->0
[1.348s][info][gc,metaspace] GC(7) Metaspace: 1320K(1472K)->1320K(1472K) NonClass: 1222K(1280K)->1222K(1280K) Class: 97K(192K)->97K(192K)
[1.348s][info][gc          ] GC(7) Pause Young (Normal) (G1 Evacuation Pause) 387M->203M(2048M) 15.595ms
[1.348s][info][gc,cpu      ] GC(7) User=0.03s Sys=0.11s Real=0.02s
[1.578s][info][gc,start    ] GC(8) Pause Young (Normal) (G1 Evacuation Pause)
[1.578s][info][gc,task     ] GC(8) Using 10 workers of 10 for evacuation
[1.594s][info][gc,phases   ] GC(8)   Pre Evacuate Collection Set: 0.3ms
[1.594s][info][gc,phases   ] GC(8)   Merge Heap Roots: 0.2ms
[1.594s][info][gc,phases   ] GC(8)   Evacuate Collection Set: 15.0ms
[1.594s][info][gc,phases   ] GC(8)   Post Evacuate Collection Set: 0.6ms
[1.594s][info][gc,phases   ] GC(8)   Other: 0.1ms
[1.594s][info][gc,heap     ] GC(8) Eden regions: 148->0(173)
[1.594s][info][gc,heap     ] GC(8) Survivor regions: 16->21(21)
[1.594s][info][gc,heap     ] GC(8) Old regions: 86->111
[1.594s][info][gc,heap     ] GC(8) Humongous regions: 1->0
[1.594s][info][gc,metaspace] GC(8) Metaspace: 1320K(1472K)->1320K(1472K) NonClass: 1222K(1280K)->1222K(1280K) Class: 97K(192K)->97K(192K)
[1.594s][info][gc          ] GC(8) Pause Young (Normal) (G1 Evacuation Pause) 501M->262M(2048M) 16.304ms
[1.594s][info][gc,cpu      ] GC(8) User=0.00s Sys=0.16s Real=0.02s
[1.819s][info][gc,start    ] GC(9) Pause Young (Normal) (G1 Evacuation Pause)
[1.819s][info][gc,task     ] GC(9) Using 10 workers of 10 for evacuation
[1.837s][info][gc,phases   ] GC(9)   Pre Evacuate Collection Set: 0.3ms
[1.837s][info][gc,phases   ] GC(9)   Merge Heap Roots: 0.1ms
[1.837s][info][gc,phases   ] GC(9)   Evacuate Collection Set: 17.0ms
[1.837s][info][gc,phases   ] GC(9)   Post Evacuate Collection Set: 0.7ms
[1.837s][info][gc,phases   ] GC(9)   Other: 0.1ms
[1.837s][info][gc,heap     ] GC(9) Eden regions: 173->0(214)
[1.837s][info][gc,heap     ] GC(9) Survivor regions: 21->25(25)
[1.837s][info][gc,heap     ] GC(9) Old regions: 111->140
[1.837s][info][gc,heap     ] GC(9) Humongous regions: 0->0
[1.837s][info][gc,metaspace] GC(9) Metaspace: 1320K(1472K)->1320K(1472K) NonClass: 1222K(1280K)->1222K(1280K) Class: 97K(192K)->97K(192K)
[1.837s][info][gc          ] GC(9) Pause Young (Normal) (G1 Evacuation Pause) 608M->329M(2048M) 18.593ms
[1.837s][info][gc,cpu      ] GC(9) User=0.06s Sys=0.09s Real=0.02s
[2.115s][info][gc,start    ] GC(10) Pause Young (Normal) (G1 Evacuation Pause)
[2.115s][info][gc,task     ] GC(10) Using 10 workers of 10 for evacuation
[2.138s][info][gc,phases   ] GC(10)   Pre Evacuate Collection Set: 0.3ms
[2.138s][info][gc,phases   ] GC(10)   Merge Heap Roots: 0.1ms
[2.138s][info][gc,phases   ] GC(10)   Evacuate Collection Set: 21.9ms
[2.138s][info][gc,phases   ] GC(10)   Post Evacuate Collection Set: 0.6ms
[2.138s][info][gc,phases   ] GC(10)   Other: 0.1ms
[2.138s][info][gc,heap     ] GC(10) Eden regions: 214->0(268)
[2.138s][info][gc,heap     ] GC(10) Survivor regions: 25->30(30)
[2.138s][info][gc,heap     ] GC(10) Old regions: 140->177
[2.138s][info][gc,heap     ] GC(10) Humongous regions: 0->0
[2.138s][info][gc,metaspace] GC(10) Metaspace: 1320K(1472K)->1320K(1472K) NonClass: 1222K(1280K)->1222K(1280K) Class: 97K(192K)->97K(192K)
[2.138s][info][gc          ] GC(10) Pause Young (Normal) (G1 Evacuation Pause) 757M->412M(2048M) 23.238ms
[2.138s][info][gc,cpu      ] GC(10) User=0.02s Sys=0.11s Real=0.02s
[2.484s][info][gc,start    ] GC(11) Pause Young (Normal) (G1 Evacuation Pause)
[2.484s][info][gc,task     ] GC(11) Using 10 workers of 10 for evacuation
[2.508s][info][gc,phases   ] GC(11)   Pre Evacuate Collection Set: 0.3ms
[2.508s][info][gc,phases   ] GC(11)   Merge Heap Roots: 0.1ms
[2.508s][info][gc,phases   ] GC(11)   Evacuate Collection Set: 23.5ms
[2.508s][info][gc,phases   ] GC(11)   Post Evacuate Collection Set: 0.6ms
[2.508s][info][gc,phases   ] GC(11)   Other: 0.1ms
[2.508s][info][gc,heap     ] GC(11) Eden regions: 268->0(375)
[2.508s][info][gc,heap     ] GC(11) Survivor regions: 30->38(38)
[2.508s][info][gc,heap     ] GC(11) Old regions: 177->221
[2.508s][info][gc,heap     ] GC(11) Humongous regions: 0->0
[2.508s][info][gc,metaspace] GC(11) Metaspace: 1320K(1472K)->1320K(1472K) NonClass: 1222K(1280K)->1222K(1280K) Class: 97K(192K)->97K(192K)
[2.509s][info][gc          ] GC(11) Pause Young (Normal) (G1 Evacuation Pause) 948M->517M(2048M) 24.929ms
[2.509s][info][gc,cpu      ] GC(11) User=0.00s Sys=0.16s Real=0.03s
[3.023s][info][gc,start    ] GC(12) Pause Young (Normal) (G1 Evacuation Pause)
[3.023s][info][gc,task     ] GC(12) Using 10 workers of 10 for evacuation
[3.059s][info][gc,phases   ] GC(12)   Pre Evacuate Collection Set: 0.3ms
[3.059s][info][gc,phases   ] GC(12)   Merge Heap Roots: 0.1ms
[3.059s][info][gc,phases   ] GC(12)   Evacuate Collection Set: 34.8ms
[3.059s][info][gc,phases   ] GC(12)   Post Evacuate Collection Set: 0.8ms
[3.060s][info][gc,phases   ] GC(12)   Other: 0.1ms
[3.060s][info][gc,heap     ] GC(12) Eden regions: 375->0(362)
[3.060s][info][gc,heap     ] GC(12) Survivor regions: 38->52(52)
[3.060s][info][gc,heap     ] GC(12) Old regions: 221->281
[3.060s][info][gc,heap     ] GC(12) Humongous regions: 4->0
[3.060s][info][gc,metaspace] GC(12) Metaspace: 1320K(1472K)->1320K(1472K) NonClass: 1222K(1280K)->1222K(1280K) Class: 97K(192K)->97K(192K)
[3.060s][info][gc          ] GC(12) Pause Young (Normal) (G1 Evacuation Pause) 1275M->665M(2048M) 36.351ms
[3.060s][info][gc,cpu      ] GC(12) User=0.02s Sys=0.30s Real=0.04s
[3.519s][info][gc,start    ] GC(13) Pause Young (Normal) (G1 Evacuation Pause)
[3.519s][info][gc,task     ] GC(13) Using 10 workers of 10 for evacuation
[3.551s][info][gc,phases   ] GC(13)   Pre Evacuate Collection Set: 0.3ms
[3.551s][info][gc,phases   ] GC(13)   Merge Heap Roots: 0.1ms
[3.551s][info][gc,phases   ] GC(13)   Evacuate Collection Set: 30.0ms
[3.551s][info][gc,phases   ] GC(13)   Post Evacuate Collection Set: 0.8ms
[3.551s][info][gc,phases   ] GC(13)   Other: 0.1ms
[3.551s][info][gc,heap     ] GC(13) Eden regions: 362->0(388)
[3.551s][info][gc,heap     ] GC(13) Survivor regions: 52->52(52)
[3.551s][info][gc,heap     ] GC(13) Old regions: 281->353
[3.551s][info][gc,heap     ] GC(13) Humongous regions: 7->0
[3.551s][info][gc,metaspace] GC(13) Metaspace: 1320K(1472K)->1320K(1472K) NonClass: 1222K(1280K)->1222K(1280K) Class: 97K(192K)->97K(192K)
[3.551s][info][gc          ] GC(13) Pause Young (Normal) (G1 Evacuation Pause) 1403M->809M(2048M) 31.524ms
[3.551s][info][gc,cpu      ] GC(13) User=0.08s Sys=0.22s Real=0.03s
[4.036s][info][gc,start    ] GC(14) Pause Young (Normal) (G1 Evacuation Pause)
[4.036s][info][gc,task     ] GC(14) Using 10 workers of 10 for evacuation
[4.074s][info][gc,phases   ] GC(14)   Pre Evacuate Collection Set: 0.2ms
[4.074s][info][gc,phases   ] GC(14)   Merge Heap Roots: 0.1ms
[4.074s][info][gc,phases   ] GC(14)   Evacuate Collection Set: 36.5ms
[4.074s][info][gc,phases   ] GC(14)   Post Evacuate Collection Set: 0.7ms
[4.074s][info][gc,phases   ] GC(14)   Other: 0.1ms
[4.074s][info][gc,heap     ] GC(14) Eden regions: 388->0(356)
[4.074s][info][gc,heap     ] GC(14) Survivor regions: 52->55(55)
[4.074s][info][gc,heap     ] GC(14) Old regions: 353->427
[4.074s][info][gc,heap     ] GC(14) Humongous regions: 4->0
[4.074s][info][gc,metaspace] GC(14) Metaspace: 1320K(1472K)->1320K(1472K) NonClass: 1222K(1280K)->1222K(1280K) Class: 97K(192K)->97K(192K)
[4.074s][info][gc          ] GC(14) Pause Young (Normal) (G1 Evacuation Pause) 1593M->962M(2048M) 37.932ms
[4.074s][info][gc,cpu      ] GC(14) User=0.08s Sys=0.23s Real=0.04s
[4.528s][info][gc,start    ] GC(15) Pause Young (Normal) (G1 Evacuation Pause)
[4.528s][info][gc,task     ] GC(15) Using 10 workers of 10 for evacuation
[4.562s][info][gc,phases   ] GC(15)   Pre Evacuate Collection Set: 0.3ms
[4.562s][info][gc,phases   ] GC(15)   Merge Heap Roots: 0.2ms
[4.562s][info][gc,phases   ] GC(15)   Evacuate Collection Set: 32.3ms
[4.562s][info][gc,phases   ] GC(15)   Post Evacuate Collection Set: 0.8ms
[4.562s][info][gc,phases   ] GC(15)   Other: 0.1ms
[4.562s][info][gc,heap     ] GC(15) Eden regions: 356->0(316)
[4.562s][info][gc,heap     ] GC(15) Survivor regions: 55->52(52)
[4.562s][info][gc,heap     ] GC(15) Old regions: 427->500
[4.562s][info][gc,heap     ] GC(15) Humongous regions: 5->0
[4.562s][info][gc,metaspace] GC(15) Metaspace: 1321K(1472K)->1321K(1472K) NonClass: 1223K(1280K)->1223K(1280K) Class: 97K(192K)->97K(192K)
[4.562s][info][gc          ] GC(15) Pause Young (Normal) (G1 Evacuation Pause) 1684M->1103M(2048M) 33.870ms
[4.562s][info][gc,cpu      ] GC(15) User=0.12s Sys=0.28s Real=0.03s
[4.959s][info][gc,start    ] GC(16) Pause Young (Concurrent Start) (G1 Evacuation Pause)
[4.959s][info][gc,task     ] GC(16) Using 10 workers of 10 for evacuation
[4.985s][info][gc,phases   ] GC(16)   Pre Evacuate Collection Set: 0.3ms
[4.985s][info][gc,phases   ] GC(16)   Merge Heap Roots: 0.1ms
[4.985s][info][gc,phases   ] GC(16)   Evacuate Collection Set: 24.6ms
[4.985s][info][gc,phases   ] GC(16)   Post Evacuate Collection Set: 0.8ms
[4.985s][info][gc,phases   ] GC(16)   Other: 0.2ms
[4.985s][info][gc,heap     ] GC(16) Eden regions: 316->0(275)
[4.985s][info][gc,heap     ] GC(16) Survivor regions: 52->46(46)
[4.985s][info][gc,heap     ] GC(16) Old regions: 500->569
[4.985s][info][gc,heap     ] GC(16) Humongous regions: 0->0
[4.985s][info][gc,metaspace] GC(16) Metaspace: 1321K(1472K)->1321K(1472K) NonClass: 1223K(1280K)->1223K(1280K) Class: 97K(192K)->97K(192K)
[4.985s][info][gc          ] GC(16) Pause Young (Concurrent Start) (G1 Evacuation Pause) 1735M->1229M(2048M) 26.233ms
[4.985s][info][gc,cpu      ] GC(16) User=0.19s Sys=0.12s Real=0.03s
[4.985s][info][gc          ] GC(17) Concurrent Mark Cycle
[4.986s][info][gc,marking  ] GC(17) Concurrent Scan Root Regions
[4.988s][info][gc,marking  ] GC(17) Concurrent Scan Root Regions 2.157ms
[4.988s][info][gc,marking  ] GC(17) Concurrent Mark
[4.988s][info][gc,marking  ] GC(17) Concurrent Mark From Roots
[4.988s][info][gc,task     ] GC(17) Using 3 workers of 3 for marking
[4.993s][info][gc,marking  ] GC(17) Concurrent Mark From Roots 5.628ms
[4.993s][info][gc,marking  ] GC(17) Concurrent Preclean
[4.993s][info][gc,marking  ] GC(17) Concurrent Preclean 0.016ms
[4.994s][info][gc,start    ] GC(17) Pause Remark
[4.995s][info][gc          ] GC(17) Pause Remark 1241M->1241M(2070M) 1.756ms
[4.995s][info][gc,cpu      ] GC(17) User=0.00s Sys=0.00s Real=0.00s
[4.995s][info][gc,marking  ] GC(17) Concurrent Mark 7.640ms
[4.995s][info][gc,marking  ] GC(17) Concurrent Rebuild Remembered Sets and Scrub Regions
[4.997s][info][gc,marking  ] GC(17) Concurrent Rebuild Remembered Sets and Scrub Regions 1.149ms
[4.997s][info][gc,start    ] GC(17) Pause Cleanup
[4.997s][info][gc          ] GC(17) Pause Cleanup 1242M->1242M(2070M) 0.234ms
[4.997s][info][gc,cpu      ] GC(17) User=0.00s Sys=0.00s Real=0.00s
[4.997s][info][gc,marking  ] GC(17) Concurrent Clear Claimed Marks
[4.997s][info][gc,marking  ] GC(17) Concurrent Clear Claimed Marks 0.025ms
[4.997s][info][gc,marking  ] GC(17) Concurrent Cleanup for Next Mark
[5.000s][info][gc,marking  ] GC(17) Concurrent Cleanup for Next Mark 3.114ms
[5.000s][info][gc          ] GC(17) Concurrent Mark Cycle 14.823ms
[5.348s][info][gc,start    ] GC(18) Pause Young (Prepare Mixed) (G1 Evacuation Pause)
[5.348s][info][gc,task     ] GC(18) Using 10 workers of 10 for evacuation
[5.368s][info][gc,phases   ] GC(18)   Pre Evacuate Collection Set: 0.3ms
[5.368s][info][gc,phases   ] GC(18)   Merge Heap Roots: 0.1ms
[5.368s][info][gc,phases   ] GC(18)   Evacuate Collection Set: 19.1ms
[5.368s][info][gc,phases   ] GC(18)   Post Evacuate Collection Set: 0.8ms
[5.368s][info][gc,phases   ] GC(18)   Other: 0.1ms
[5.368s][info][gc,heap     ] GC(18) Eden regions: 275->0(245)
[5.368s][info][gc,heap     ] GC(18) Survivor regions: 46->41(41)
[5.368s][info][gc,heap     ] GC(18) Old regions: 569->628
[5.368s][info][gc,heap     ] GC(18) Humongous regions: 3->1
[5.368s][info][gc,metaspace] GC(18) Metaspace: 1321K(1472K)->1321K(1472K) NonClass: 1223K(1280K)->1223K(1280K) Class: 97K(192K)->97K(192K)
[5.368s][info][gc          ] GC(18) Pause Young (Prepare Mixed) (G1 Evacuation Pause) 1785M->1339M(2070M) 20.608ms
[5.368s][info][gc,cpu      ] GC(18) User=0.06s Sys=0.09s Real=0.02s
[5.673s][info][gc,start    ] GC(19) Pause Young (Mixed) (G1 Evacuation Pause)
[5.673s][info][gc,task     ] GC(19) Using 10 workers of 10 for evacuation
[5.692s][info][gc,phases   ] GC(19)   Pre Evacuate Collection Set: 0.3ms
[5.692s][info][gc,phases   ] GC(19)   Merge Heap Roots: 0.1ms
[5.692s][info][gc,phases   ] GC(19)   Evacuate Collection Set: 17.6ms
[5.692s][info][gc,phases   ] GC(19)   Post Evacuate Collection Set: 0.7ms
[5.692s][info][gc,phases   ] GC(19)   Other: 0.1ms
[5.692s][info][gc,heap     ] GC(19) Eden regions: 245->0(213)
[5.692s][info][gc,heap     ] GC(19) Survivor regions: 41->36(36)
[5.692s][info][gc,heap     ] GC(19) Old regions: 628->682
[5.692s][info][gc,heap     ] GC(19) Humongous regions: 3->0
[5.692s][info][gc,metaspace] GC(19) Metaspace: 1321K(1472K)->1321K(1472K) NonClass: 1223K(1280K)->1223K(1280K) Class: 97K(192K)->97K(192K)
[5.692s][info][gc          ] GC(19) Pause Young (Mixed) (G1 Evacuation Pause) 1833M->1434M(2070M) 19.078ms
[5.692s][info][gc,cpu      ] GC(19) User=0.11s Sys=0.05s Real=0.02s
[5.701s][info][gc,start    ] GC(20) Pause Young (Concurrent Start) (G1 Humongous Allocation)
[5.701s][info][gc,task     ] GC(20) Using 10 workers of 10 for evacuation
[5.710s][info][gc,phases   ] GC(20)   Pre Evacuate Collection Set: 0.3ms
[5.710s][info][gc,phases   ] GC(20)   Merge Heap Roots: 0.2ms
[5.710s][info][gc,phases   ] GC(20)   Evacuate Collection Set: 7.3ms
[5.710s][info][gc,phases   ] GC(20)   Post Evacuate Collection Set: 0.6ms
[5.710s][info][gc,phases   ] GC(20)   Other: 0.2ms
[5.710s][info][gc,heap     ] GC(20) Eden regions: 8->0(217)
[5.710s][info][gc,heap     ] GC(20) Survivor regions: 36->2(32)
[5.710s][info][gc,heap     ] GC(20) Old regions: 682->718
[5.710s][info][gc,heap     ] GC(20) Humongous regions: 0->0
[5.710s][info][gc,metaspace] GC(20) Metaspace: 1321K(1472K)->1321K(1472K) NonClass: 1223K(1280K)->1223K(1280K) Class: 97K(192K)->97K(192K)
[5.710s][info][gc          ] GC(20) Pause Young (Concurrent Start) (G1 Humongous Allocation) 1449M->1438M(2070M) 8.794ms
[5.710s][info][gc,cpu      ] GC(20) User=0.00s Sys=0.00s Real=0.01s
[5.710s][info][gc          ] GC(21) Concurrent Mark Cycle
[5.710s][info][gc,marking  ] GC(21) Concurrent Scan Root Regions
[5.710s][info][gc,marking  ] GC(21) Concurrent Scan Root Regions 0.239ms
[5.710s][info][gc,marking  ] GC(21) Concurrent Mark
[5.710s][info][gc,marking  ] GC(21) Concurrent Mark From Roots
[5.710s][info][gc,task     ] GC(21) Using 3 workers of 3 for marking
[5.714s][info][gc,marking  ] GC(21) Concurrent Mark From Roots 4.049ms
[5.714s][info][gc,marking  ] GC(21) Concurrent Preclean
[5.714s][info][gc,marking  ] GC(21) Concurrent Preclean 0.015ms
[5.715s][info][gc,start    ] GC(21) Pause Remark
[5.717s][info][gc          ] GC(21) Pause Remark 1446M->1446M(2414M) 2.340ms
[5.717s][info][gc,cpu      ] GC(21) User=0.00s Sys=0.00s Real=0.00s
[5.717s][info][gc,marking  ] GC(21) Concurrent Mark 6.678ms
[5.717s][info][gc,marking  ] GC(21) Concurrent Rebuild Remembered Sets and Scrub Regions
[5.718s][info][gc,marking  ] GC(21) Concurrent Rebuild Remembered Sets and Scrub Regions 1.353ms
[5.719s][info][gc,start    ] GC(21) Pause Cleanup
[5.719s][info][gc          ] GC(21) Pause Cleanup 1448M->1448M(2414M) 0.282ms
[5.719s][info][gc,cpu      ] GC(21) User=0.00s Sys=0.00s Real=0.00s
[5.719s][info][gc,marking  ] GC(21) Concurrent Clear Claimed Marks
[5.719s][info][gc,marking  ] GC(21) Concurrent Clear Claimed Marks 0.026ms
[5.719s][info][gc,marking  ] GC(21) Concurrent Cleanup for Next Mark
[5.722s][info][gc,marking  ] GC(21) Concurrent Cleanup for Next Mark 3.058ms
[5.722s][info][gc          ] GC(21) Concurrent Mark Cycle 12.044ms
[6.067s][info][gc,start    ] GC(22) Pause Young (Prepare Mixed) (G1 Evacuation Pause)
[6.067s][info][gc,task     ] GC(22) Using 10 workers of 10 for evacuation
[6.077s][info][gc,phases   ] GC(22)   Pre Evacuate Collection Set: 0.3ms
[6.077s][info][gc,phases   ] GC(22)   Merge Heap Roots: 0.1ms
[6.077s][info][gc,phases   ] GC(22)   Evacuate Collection Set: 8.7ms
[6.077s][info][gc,phases   ] GC(22)   Post Evacuate Collection Set: 0.6ms
[6.077s][info][gc,phases   ] GC(22)   Other: 0.1ms
[6.077s][info][gc,heap     ] GC(22) Eden regions: 217->0(294)
[6.077s][info][gc,heap     ] GC(22) Survivor regions: 2->28(28)
[6.077s][info][gc,heap     ] GC(22) Old regions: 718->734
[6.077s][info][gc,heap     ] GC(22) Humongous regions: 2->0
[6.077s][info][gc,metaspace] GC(22) Metaspace: 1321K(1472K)->1321K(1472K) NonClass: 1223K(1280K)->1223K(1280K) Class: 97K(192K)->97K(192K)
[6.077s][info][gc          ] GC(22) Pause Young (Prepare Mixed) (G1 Evacuation Pause) 1876M->1523M(2414M) 10.101ms
[6.077s][info][gc,cpu      ] GC(22) User=0.06s Sys=0.00s Real=0.01s
[6.511s][info][gc,start    ] GC(23) Pause Young (Mixed) (G1 Evacuation Pause)
[6.511s][info][gc,task     ] GC(23) Using 10 workers of 10 for evacuation
[6.529s][info][gc,phases   ] GC(23)   Pre Evacuate Collection Set: 0.2ms
[6.529s][info][gc,phases   ] GC(23)   Merge Heap Roots: 0.1ms
[6.529s][info][gc,phases   ] GC(23)   Evacuate Collection Set: 17.1ms
[6.529s][info][gc,phases   ] GC(23)   Post Evacuate Collection Set: 0.4ms
[6.529s][info][gc,phases   ] GC(23)   Other: 0.1ms
[6.529s][info][gc,heap     ] GC(23) Eden regions: 294->0(260)
[6.529s][info][gc,heap     ] GC(23) Survivor regions: 28->41(41)
[6.529s][info][gc,heap     ] GC(23) Old regions: 734->777
[6.529s][info][gc,heap     ] GC(23) Humongous regions: 1->0
[6.529s][info][gc,metaspace] GC(23) Metaspace: 1321K(1472K)->1321K(1472K) NonClass: 1223K(1280K)->1223K(1280K) Class: 97K(192K)->97K(192K)
[6.529s][info][gc          ] GC(23) Pause Young (Mixed) (G1 Evacuation Pause) 2113M->1635M(2414M) 18.095ms
[6.529s][info][gc,cpu      ] GC(23) User=0.16s Sys=0.00s Real=0.02s
[6.665s][info][gc,start    ] GC(24) Pause Young (Concurrent Start) (G1 Humongous Allocation)
[6.665s][info][gc,task     ] GC(24) Using 10 workers of 10 for evacuation
[6.680s][info][gc,phases   ] GC(24)   Pre Evacuate Collection Set: 0.2ms
[6.680s][info][gc,phases   ] GC(24)   Merge Heap Roots: 0.1ms
[6.680s][info][gc,phases   ] GC(24)   Evacuate Collection Set: 13.6ms
[6.680s][info][gc,phases   ] GC(24)   Post Evacuate Collection Set: 0.5ms
[6.680s][info][gc,phases   ] GC(24)   Other: 0.2ms
[6.680s][info][gc,heap     ] GC(24) Eden regions: 93->0(250)
[6.680s][info][gc,heap     ] GC(24) Survivor regions: 41->19(38)
[6.680s][info][gc,heap     ] GC(24) Old regions: 777->818
[6.680s][info][gc,heap     ] GC(24) Humongous regions: 0->0
[6.680s][info][gc,metaspace] GC(24) Metaspace: 1321K(1472K)->1321K(1472K) NonClass: 1223K(1280K)->1223K(1280K) Class: 97K(192K)->97K(192K)
[6.680s][info][gc          ] GC(24) Pause Young (Concurrent Start) (G1 Humongous Allocation) 1821M->1672M(2414M) 14.879ms
[6.680s][info][gc,cpu      ] GC(24) User=0.12s Sys=0.00s Real=0.01s
[6.680s][info][gc          ] GC(25) Concurrent Mark Cycle
[6.680s][info][gc,marking  ] GC(25) Concurrent Scan Root Regions
[6.682s][info][gc,marking  ] GC(25) Concurrent Scan Root Regions 1.740ms
[6.682s][info][gc,marking  ] GC(25) Concurrent Mark
[6.682s][info][gc,marking  ] GC(25) Concurrent Mark From Roots
[6.682s][info][gc,task     ] GC(25) Using 3 workers of 3 for marking
[6.687s][info][gc,marking  ] GC(25) Concurrent Mark From Roots 5.549ms
[6.687s][info][gc,marking  ] GC(25) Concurrent Preclean
[6.687s][info][gc,marking  ] GC(25) Concurrent Preclean 0.015ms
[6.688s][info][gc,start    ] GC(25) Pause Remark
[6.690s][info][gc          ] GC(25) Pause Remark 1683M->1683M(2810M) 2.374ms
[6.690s][info][gc,cpu      ] GC(25) User=0.00s Sys=0.00s Real=0.00s
[6.690s][info][gc,marking  ] GC(25) Concurrent Mark 8.178ms
[6.690s][info][gc,marking  ] GC(25) Concurrent Rebuild Remembered Sets and Scrub Regions
[6.692s][info][gc,marking  ] GC(25) Concurrent Rebuild Remembered Sets and Scrub Regions 1.698ms
[6.692s][info][gc,start    ] GC(25) Pause Cleanup
[6.692s][info][gc          ] GC(25) Pause Cleanup 1685M->1685M(2810M) 0.269ms
[6.692s][info][gc,cpu      ] GC(25) User=0.00s Sys=0.00s Real=0.00s
[6.692s][info][gc,marking  ] GC(25) Concurrent Clear Claimed Marks
[6.692s][info][gc,marking  ] GC(25) Concurrent Clear Claimed Marks 0.026ms
[6.692s][info][gc,marking  ] GC(25) Concurrent Cleanup for Next Mark
[6.696s][info][gc,marking  ] GC(25) Concurrent Cleanup for Next Mark 3.749ms
[6.696s][info][gc          ] GC(25) Concurrent Mark Cycle 16.004ms
[7.099s][info][gc,start    ] GC(26) Pause Young (Prepare Mixed) (G1 Evacuation Pause)
[7.099s][info][gc,task     ] GC(26) Using 10 workers of 10 for evacuation
[7.113s][info][gc,phases   ] GC(26)   Pre Evacuate Collection Set: 0.3ms
[7.113s][info][gc,phases   ] GC(26)   Merge Heap Roots: 0.1ms
[7.113s][info][gc,phases   ] GC(26)   Evacuate Collection Set: 12.9ms
[7.113s][info][gc,phases   ] GC(26)   Post Evacuate Collection Set: 0.8ms
[7.113s][info][gc,phases   ] GC(26)   Other: 0.1ms
[7.113s][info][gc,heap     ] GC(26) Eden regions: 250->0(336)
[7.113s][info][gc,heap     ] GC(26) Survivor regions: 19->34(34)
[7.113s][info][gc,heap     ] GC(26) Old regions: 818->851
[7.113s][info][gc,heap     ] GC(26) Humongous regions: 2->0
[7.113s][info][gc,metaspace] GC(26) Metaspace: 1321K(1472K)->1321K(1472K) NonClass: 1223K(1280K)->1223K(1280K) Class: 97K(192K)->97K(192K)
[7.113s][info][gc          ] GC(26) Pause Young (Prepare Mixed) (G1 Evacuation Pause) 2176M->1769M(2810M) 14.356ms
[7.113s][info][gc,cpu      ] GC(26) User=0.16s Sys=0.00s Real=0.01s
[7.526s][info][gc,start    ] GC(27) Pause Young (Mixed) (G1 Evacuation Pause)
[7.526s][info][gc,task     ] GC(27) Using 10 workers of 10 for evacuation
[7.547s][info][gc,phases   ] GC(27)   Pre Evacuate Collection Set: 0.3ms
[7.547s][info][gc,phases   ] GC(27)   Merge Heap Roots: 0.2ms
[7.547s][info][gc,phases   ] GC(27)   Evacuate Collection Set: 19.9ms
[7.547s][info][gc,phases   ] GC(27)   Post Evacuate Collection Set: 0.9ms
[7.547s][info][gc,phases   ] GC(27)   Other: 0.1ms
[7.547s][info][gc,heap     ] GC(27) Eden regions: 336->0(299)
[7.547s][info][gc,heap     ] GC(27) Survivor regions: 34->47(47)
[7.547s][info][gc,heap     ] GC(27) Old regions: 851->905
[7.547s][info][gc,heap     ] GC(27) Humongous regions: 5->0
[7.547s][info][gc,metaspace] GC(27) Metaspace: 1321K(1472K)->1321K(1472K) NonClass: 1223K(1280K)->1223K(1280K) Class: 97K(192K)->97K(192K)
[7.547s][info][gc          ] GC(27) Pause Young (Mixed) (G1 Evacuation Pause) 2451M->1902M(2810M) 21.598ms
[7.547s][info][gc,cpu      ] GC(27) User=0.31s Sys=0.00s Real=0.02s
[8.111s][info][gc,start    ] GC(28) Pause Young (Concurrent Start) (G1 Evacuation Pause)
[8.111s][info][gc,task     ] GC(28) Using 10 workers of 10 for evacuation
[8.135s][info][gc,phases   ] GC(28)   Pre Evacuate Collection Set: 0.3ms
[8.135s][info][gc,phases   ] GC(28)   Merge Heap Roots: 0.1ms
[8.135s][info][gc,phases   ] GC(28)   Evacuate Collection Set: 22.2ms
[8.135s][info][gc,phases   ] GC(28)   Post Evacuate Collection Set: 0.6ms
[8.135s][info][gc,phases   ] GC(28)   Other: 0.2ms
[8.135s][info][gc,heap     ] GC(28) Eden regions: 299->0(294)
[8.135s][info][gc,heap     ] GC(28) Survivor regions: 47->24(44)
[8.135s][info][gc,heap     ] GC(28) Old regions: 905->952
[8.135s][info][gc,heap     ] GC(28) Humongous regions: 3->3
[8.135s][info][gc,metaspace] GC(28) Metaspace: 1713K(1920K)->1713K(1920K) NonClass: 1533K(1664K)->1533K(1664K) Class: 179K(256K)->179K(256K)
[8.135s][info][gc          ] GC(28) Pause Young (Concurrent Start) (G1 Evacuation Pause) 2506M->1957M(2810M) 23.644ms
[8.135s][info][gc,cpu      ] GC(28) User=0.16s Sys=0.00s Real=0.02s
[8.135s][info][gc          ] GC(29) Concurrent Mark Cycle
[8.135s][info][gc,marking  ] GC(29) Concurrent Scan Root Regions
[8.142s][info][gc,marking  ] GC(29) Concurrent Scan Root Regions 7.080ms
[8.142s][info][gc,marking  ] GC(29) Concurrent Mark
[8.142s][info][gc,marking  ] GC(29) Concurrent Mark From Roots
[8.142s][info][gc,task     ] GC(29) Using 3 workers of 3 for marking
[8.151s][info][gc,marking  ] GC(29) Concurrent Mark From Roots 8.735ms
[8.151s][info][gc,marking  ] GC(29) Concurrent Preclean
[8.151s][info][gc,marking  ] GC(29) Concurrent Preclean 0.025ms
[8.151s][info][gc,start    ] GC(29) Pause Remark
[8.154s][info][gc          ] GC(29) Pause Remark 1983M->1981M(3304M) 2.941ms
[8.154s][info][gc,cpu      ] GC(29) User=0.00s Sys=0.00s Real=0.00s
[8.155s][info][gc,marking  ] GC(29) Concurrent Mark 12.536ms
[8.155s][info][gc,marking  ] GC(29) Concurrent Rebuild Remembered Sets and Scrub Regions
[8.163s][info][gc,marking  ] GC(29) Concurrent Rebuild Remembered Sets and Scrub Regions 8.112ms
[8.163s][info][gc,start    ] GC(29) Pause Cleanup
[8.163s][info][gc          ] GC(29) Pause Cleanup 1995M->1995M(3304M) 0.357ms
[8.163s][info][gc,cpu      ] GC(29) User=0.00s Sys=0.00s Real=0.00s
[8.165s][info][gc,marking  ] GC(29) Concurrent Clear Claimed Marks
[8.165s][info][gc,marking  ] GC(29) Concurrent Clear Claimed Marks 0.035ms
[8.165s][info][gc,marking  ] GC(29) Concurrent Cleanup for Next Mark
[8.171s][info][gc,marking  ] GC(29) Concurrent Cleanup for Next Mark 5.921ms
[8.171s][info][gc          ] GC(29) Concurrent Mark Cycle 36.543ms
[8.507s][info][gc,start    ] GC(30) Pause Young (Prepare Mixed) (G1 Evacuation Pause)
[8.507s][info][gc,task     ] GC(30) Using 10 workers of 10 for evacuation
[8.529s][info][gc,phases   ] GC(30)   Pre Evacuate Collection Set: 0.3ms
[8.529s][info][gc,phases   ] GC(30)   Merge Heap Roots: 0.2ms
[8.529s][info][gc,phases   ] GC(30)   Evacuate Collection Set: 20.7ms
[8.529s][info][gc,phases   ] GC(30)   Post Evacuate Collection Set: 0.5ms
[8.529s][info][gc,phases   ] GC(30)   Other: 0.1ms
[8.529s][info][gc,heap     ] GC(30) Eden regions: 294->0(454)
[8.529s][info][gc,heap     ] GC(30) Survivor regions: 24->13(40)
[8.529s][info][gc,heap     ] GC(30) Old regions: 952->975
[8.529s][info][gc,heap     ] GC(30) Humongous regions: 5->5
[8.529s][info][gc,metaspace] GC(30) Metaspace: 1715K(1920K)->1715K(1920K) NonClass: 1535K(1664K)->1535K(1664K) Class: 179K(256K)->179K(256K)
[8.529s][info][gc          ] GC(30) Pause Young (Prepare Mixed) (G1 Evacuation Pause) 2549M->1984M(3304M) 22.078ms
[8.529s][info][gc,cpu      ] GC(30) User=0.20s Sys=0.00s Real=0.02s
[8.609s][info][gc,start    ] GC(31) Pause Young (Mixed) (G1 Evacuation Pause)
[8.609s][info][gc,task     ] GC(31) Using 10 workers of 10 for evacuation
[8.623s][info][gc,phases   ] GC(31)   Pre Evacuate Collection Set: 0.2ms
[8.623s][info][gc,phases   ] GC(31)   Merge Heap Roots: 0.4ms
[8.623s][info][gc,phases   ] GC(31)   Evacuate Collection Set: 13.0ms
[8.623s][info][gc,phases   ] GC(31)   Post Evacuate Collection Set: 0.3ms
[8.623s][info][gc,phases   ] GC(31)   Other: 0.1ms
[8.623s][info][gc,heap     ] GC(31) Eden regions: 69->0(455)
[8.623s][info][gc,heap     ] GC(31) Survivor regions: 13->4(11)
[8.623s][info][gc,heap     ] GC(31) Old regions: 975->987
[8.623s][info][gc,heap     ] GC(31) Humongous regions: 5->5
[8.623s][info][gc,metaspace] GC(31) Metaspace: 1715K(1920K)->1715K(1920K) NonClass: 1535K(1664K)->1535K(1664K) Class: 179K(256K)->179K(256K)
[8.623s][info][gc          ] GC(31) Pause Young (Mixed) (G1 Evacuation Pause) 2122M->1990M(3304M) 14.355ms
[8.623s][info][gc,cpu      ] GC(31) User=0.00s Sys=0.00s Real=0.01s
[8.817s][info][gc,start    ] GC(32) Pause Young (Mixed) (G1 Evacuation Pause)
[8.817s][info][gc,task     ] GC(32) Using 10 workers of 10 for evacuation
[8.828s][info][gc,phases   ] GC(32)   Pre Evacuate Collection Set: 0.2ms
[8.828s][info][gc,phases   ] GC(32)   Merge Heap Roots: 0.3ms
[8.828s][info][gc,phases   ] GC(32)   Evacuate Collection Set: 10.0ms
[8.828s][info][gc,phases   ] GC(32)   Post Evacuate Collection Set: 0.4ms
[8.828s][info][gc,phases   ] GC(32)   Other: 0.1ms
[8.829s][info][gc,heap     ] GC(32) Eden regions: 161->0(257)
[8.829s][info][gc,heap     ] GC(32) Survivor regions: 4->8(21)
[8.829s][info][gc,heap     ] GC(32) Old regions: 987->988
[8.829s][info][gc,heap     ] GC(32) Humongous regions: 5->5
[8.829s][info][gc,metaspace] GC(32) Metaspace: 1715K(1920K)->1715K(1920K) NonClass: 1535K(1664K)->1535K(1664K) Class: 179K(256K)->179K(256K)
[8.829s][info][gc          ] GC(32) Pause Young (Mixed) (G1 Evacuation Pause) 2312M->2000M(3304M) 11.319ms
[8.829s][info][gc,cpu      ] GC(32) User=0.16s Sys=0.00s Real=0.01s
[8.916s][info][gc,start    ] GC(33) Pause Young (Mixed) (G1 Evacuation Pause)
[8.916s][info][gc,task     ] GC(33) Using 10 workers of 10 for evacuation
[8.927s][info][gc,phases   ] GC(33)   Pre Evacuate Collection Set: 0.2ms
[8.927s][info][gc,phases   ] GC(33)   Merge Heap Roots: 0.2ms
[8.927s][info][gc,phases   ] GC(33)   Evacuate Collection Set: 10.2ms
[8.927s][info][gc,phases   ] GC(33)   Post Evacuate Collection Set: 0.3ms
[8.927s][info][gc,phases   ] GC(33)   Other: 0.1ms
[8.927s][info][gc,heap     ] GC(33) Eden regions: 74->0(458)
[8.927s][info][gc,heap     ] GC(33) Survivor regions: 8->8(11)
[8.927s][info][gc,heap     ] GC(33) Old regions: 988->990
[8.927s][info][gc,heap     ] GC(33) Humongous regions: 5->5
[8.928s][info][gc,metaspace] GC(33) Metaspace: 1730K(1920K)->1730K(1920K) NonClass: 1550K(1664K)->1550K(1664K) Class: 180K(256K)->180K(256K)
[8.928s][info][gc          ] GC(33) Pause Young (Mixed) (G1 Evacuation Pause) 2148M->2004M(3304M) 11.274ms
[8.928s][info][gc,cpu      ] GC(33) User=0.16s Sys=0.00s Real=0.01s
[9.519s][info][gc,start    ] GC(34) Pause Young (Mixed) (G1 Evacuation Pause)
[9.519s][info][gc,task     ] GC(34) Using 10 workers of 10 for evacuation
[9.549s][info][gc,phases   ] GC(34)   Pre Evacuate Collection Set: 0.2ms
[9.549s][info][gc,phases   ] GC(34)   Merge Heap Roots: 0.4ms
[9.549s][info][gc,phases   ] GC(34)   Evacuate Collection Set: 29.0ms
[9.549s][info][gc,phases   ] GC(34)   Post Evacuate Collection Set: 0.5ms
[9.549s][info][gc,phases   ] GC(34)   Other: 0.1ms
[9.549s][info][gc,heap     ] GC(34) Eden regions: 458->0(492)
[9.549s][info][gc,heap     ] GC(34) Survivor regions: 8->23(59)
[9.549s][info][gc,heap     ] GC(34) Old regions: 990->990
[9.549s][info][gc,heap     ] GC(34) Humongous regions: 10->10
[9.549s][info][gc,metaspace] GC(34) Metaspace: 1734K(1920K)->1734K(1920K) NonClass: 1553K(1664K)->1553K(1664K) Class: 180K(256K)->180K(256K)
[9.549s][info][gc          ] GC(34) Pause Young (Mixed) (G1 Evacuation Pause) 2930M->2044M(3304M) 30.563ms
[9.549s][info][gc,cpu      ] GC(34) User=0.31s Sys=0.00s Real=0.03s
[9.616s][info][gc,start    ] GC(35) Pause Young (Normal) (G1 Evacuation Pause)
[9.616s][info][gc,task     ] GC(35) Using 10 workers of 10 for evacuation
[9.641s][info][gc,phases   ] GC(35)   Pre Evacuate Collection Set: 0.2ms
[9.641s][info][gc,phases   ] GC(35)   Merge Heap Roots: 0.3ms
[9.641s][info][gc,phases   ] GC(35)   Evacuate Collection Set: 23.6ms
[9.641s][info][gc,phases   ] GC(35)   Post Evacuate Collection Set: 0.3ms
[9.641s][info][gc,phases   ] GC(35)   Other: 0.1ms
[9.641s][info][gc,heap     ] GC(35) Eden regions: 59->0(512)
[9.641s][info][gc,heap     ] GC(35) Survivor regions: 23->4(11)
[9.641s][info][gc,heap     ] GC(35) Old regions: 990->1012
[9.641s][info][gc,heap     ] GC(35) Humongous regions: 10->10
[9.641s][info][gc,metaspace] GC(35) Metaspace: 1734K(1920K)->1734K(1920K) NonClass: 1553K(1664K)->1553K(1664K) Class: 180K(256K)->180K(256K)
[9.641s][info][gc          ] GC(35) Pause Young (Normal) (G1 Evacuation Pause) 2162M->2050M(3304M) 24.792ms
[9.641s][info][gc,cpu      ] GC(35) User=0.31s Sys=0.00s Real=0.02s
[9.932s][info][gc,start    ] GC(36) Pause Young (Normal) (G1 Evacuation Pause)
[9.932s][info][gc,task     ] GC(36) Using 10 workers of 10 for evacuation
[9.945s][info][gc,phases   ] GC(36)   Pre Evacuate Collection Set: 0.2ms
[9.945s][info][gc,phases   ] GC(36)   Merge Heap Roots: 0.3ms
[9.946s][info][gc,phases   ] GC(36)   Evacuate Collection Set: 12.0ms
[9.946s][info][gc,phases   ] GC(36)   Post Evacuate Collection Set: 0.4ms
[9.946s][info][gc,phases   ] GC(36)   Other: 0.1ms
[9.946s][info][gc,heap     ] GC(36) Eden regions: 239->0(524)
[9.946s][info][gc,heap     ] GC(36) Survivor regions: 4->9(31)
[9.946s][info][gc,heap     ] GC(36) Old regions: 1012->1012
[9.946s][info][gc,heap     ] GC(36) Humongous regions: 10->10
[9.946s][info][gc,metaspace] GC(36) Metaspace: 1734K(1920K)->1734K(1920K) NonClass: 1553K(1664K)->1553K(1664K) Class: 180K(256K)->180K(256K)
[9.946s][info][gc          ] GC(36) Pause Young (Normal) (G1 Evacuation Pause) 2528M->2060M(3304M) 13.306ms
[9.946s][info][gc,cpu      ] GC(36) User=0.16s Sys=0.00s Real=0.01s
[10.123s][info][gc,start    ] GC(37) Pause Young (Concurrent Start) (G1 Evacuation Pause)
[10.123s][info][gc,task     ] GC(37) Using 10 workers of 10 for evacuation
[10.138s][info][gc,phases   ] GC(37)   Pre Evacuate Collection Set: 0.3ms
[10.138s][info][gc,phases   ] GC(37)   Merge Heap Roots: 0.3ms
[10.138s][info][gc,phases   ] GC(37)   Evacuate Collection Set: 14.3ms
[10.138s][info][gc,phases   ] GC(37)   Post Evacuate Collection Set: 0.5ms
[10.138s][info][gc,phases   ] GC(37)   Other: 0.1ms
[10.139s][info][gc,heap     ] GC(37) Eden regions: 147->0(520)
[10.139s][info][gc,heap     ] GC(37) Survivor regions: 9->13(20)
[10.139s][info][gc,heap     ] GC(37) Old regions: 1012->1012
[10.139s][info][gc,heap     ] GC(37) Humongous regions: 10->10
[10.139s][info][gc,metaspace] GC(37) Metaspace: 1734K(1920K)->1734K(1920K) NonClass: 1553K(1664K)->1553K(1664K) Class: 180K(256K)->180K(256K)
[10.139s][info][gc          ] GC(37) Pause Young (Concurrent Start) (G1 Evacuation Pause) 2354M->2068M(3304M) 15.795ms
[10.139s][info][gc,cpu      ] GC(37) User=0.00s Sys=0.02s Real=0.02s
[10.139s][info][gc          ] GC(38) Concurrent Mark Cycle
[10.139s][info][gc,marking  ] GC(38) Concurrent Scan Root Regions
[10.145s][info][gc,marking  ] GC(38) Concurrent Scan Root Regions 6.747ms
[10.145s][info][gc,marking  ] GC(38) Concurrent Mark
[10.146s][info][gc,marking  ] GC(38) Concurrent Mark From Roots
[10.146s][info][gc,task     ] GC(38) Using 3 workers of 3 for marking
[10.250s][info][gc,marking  ] GC(38) Concurrent Mark From Roots 104.971ms
[10.251s][info][gc,marking  ] GC(38) Concurrent Preclean
[10.251s][info][gc,marking  ] GC(38) Concurrent Preclean 0.029ms
[10.251s][info][gc,start    ] GC(38) Pause Remark
[10.253s][info][gc          ] GC(38) Pause Remark 2204M->2194M(3660M) 2.642ms
[10.253s][info][gc,cpu      ] GC(38) User=0.00s Sys=0.00s Real=0.00s
[10.254s][info][gc,marking  ] GC(38) Concurrent Mark 108.775ms
[10.254s][info][gc,marking  ] GC(38) Concurrent Rebuild Remembered Sets and Scrub Regions
[10.314s][info][gc,marking  ] GC(38) Concurrent Rebuild Remembered Sets and Scrub Regions 59.971ms
[10.314s][info][gc,start    ] GC(38) Pause Cleanup
[10.315s][info][gc          ] GC(38) Pause Cleanup 2266M->2266M(3660M) 0.395ms
[10.315s][info][gc,cpu      ] GC(38) User=0.00s Sys=0.00s Real=0.00s
[10.316s][info][gc,marking  ] GC(38) Concurrent Clear Claimed Marks
[10.316s][info][gc,marking  ] GC(38) Concurrent Clear Claimed Marks 0.037ms
[10.316s][info][gc,marking  ] GC(38) Concurrent Cleanup for Next Mark
[10.323s][info][gc,marking  ] GC(38) Concurrent Cleanup for Next Mark 6.479ms
[10.323s][info][gc          ] GC(38) Concurrent Mark Cycle 184.235ms
[10.408s][info][gc,start    ] GC(39) Pause Young (Prepare Mixed) (G1 Evacuation Pause)
[10.409s][info][gc,task     ] GC(39) Using 10 workers of 10 for evacuation
[10.429s][info][gc,phases   ] GC(39)   Pre Evacuate Collection Set: 0.2ms
[10.429s][info][gc,phases   ] GC(39)   Merge Heap Roots: 0.4ms
[10.429s][info][gc,phases   ] GC(39)   Evacuate Collection Set: 19.4ms
[10.429s][info][gc,phases   ] GC(39)   Post Evacuate Collection Set: 0.5ms
[10.429s][info][gc,phases   ] GC(39)   Other: 0.1ms
[10.429s][info][gc,heap     ] GC(39) Eden regions: 174->0(685)
[10.429s][info][gc,heap     ] GC(39) Survivor regions: 13->18(24)
[10.429s][info][gc,heap     ] GC(39) Old regions: 1012->1012
[10.429s][info][gc,heap     ] GC(39) Humongous regions: 5->5
[10.429s][info][gc,metaspace] GC(39) Metaspace: 1734K(1920K)->1734K(1920K) NonClass: 1553K(1664K)->1553K(1664K) Class: 180K(256K)->180K(256K)
[10.429s][info][gc          ] GC(39) Pause Young (Prepare Mixed) (G1 Evacuation Pause) 2406M->2070M(3660M) 20.879ms
[10.429s][info][gc,cpu      ] GC(39) User=0.16s Sys=0.00s Real=0.02s
[11.273s][info][gc,start    ] GC(40) Pause Young (Mixed) (G1 Evacuation Pause)
[11.273s][info][gc,task     ] GC(40) Using 10 workers of 10 for evacuation
[11.311s][info][gc,phases   ] GC(40)   Pre Evacuate Collection Set: 0.2ms
[11.311s][info][gc,phases   ] GC(40)   Merge Heap Roots: 0.5ms
[11.311s][info][gc,phases   ] GC(40)   Evacuate Collection Set: 36.0ms
[11.311s][info][gc,phases   ] GC(40)   Post Evacuate Collection Set: 1.1ms
[11.311s][info][gc,phases   ] GC(40)   Other: 0.1ms
[11.311s][info][gc,heap     ] GC(40) Eden regions: 685->0(694)
[11.311s][info][gc,heap     ] GC(40) Survivor regions: 18->35(88)
[11.311s][info][gc,heap     ] GC(40) Old regions: 1012->1010
[11.311s][info][gc,heap     ] GC(40) Humongous regions: 5->5
[11.311s][info][gc,metaspace] GC(40) Metaspace: 1735K(1920K)->1735K(1920K) NonClass: 1554K(1664K)->1554K(1664K) Class: 180K(256K)->180K(256K)
[11.311s][info][gc          ] GC(40) Pause Young (Mixed) (G1 Evacuation Pause) 3440M->2097M(3748M) 38.388ms
[11.311s][info][gc,cpu      ] GC(40) User=0.45s Sys=0.02s Real=0.04s
[11.319s][info][gc,start    ] GC(41) Pause Young (Concurrent Start) (G1 Humongous Allocation)
[11.319s][info][gc,task     ] GC(41) Using 10 workers of 10 for evacuation
[11.347s][info][gc,phases   ] GC(41)   Pre Evacuate Collection Set: 0.3ms
[11.347s][info][gc,phases   ] GC(41)   Merge Heap Roots: 0.4ms
[11.348s][info][gc,phases   ] GC(41)   Evacuate Collection Set: 27.3ms
[11.348s][info][gc,phases   ] GC(41)   Post Evacuate Collection Set: 0.4ms
[11.348s][info][gc,phases   ] GC(41)   Other: 0.1ms
[11.348s][info][gc,heap     ] GC(41) Eden regions: 12->0(721)
[11.348s][info][gc,heap     ] GC(41) Survivor regions: 35->5(12)
[11.348s][info][gc,heap     ] GC(41) Old regions: 1010->1043
[11.348s][info][gc,heap     ] GC(41) Humongous regions: 5->5
[11.348s][info][gc,metaspace] GC(41) Metaspace: 1735K(1920K)->1735K(1920K) NonClass: 1554K(1664K)->1554K(1664K) Class: 180K(256K)->180K(256K)
[11.348s][info][gc          ] GC(41) Pause Young (Concurrent Start) (G1 Humongous Allocation) 2120M->2105M(3748M) 28.748ms
[11.348s][info][gc,cpu      ] GC(41) User=0.31s Sys=0.00s Real=0.03s
[11.348s][info][gc          ] GC(42) Concurrent Mark Cycle
[11.348s][info][gc,marking  ] GC(42) Concurrent Scan Root Regions
[11.365s][info][gc,marking  ] GC(42) Concurrent Scan Root Regions 17.531ms
[11.365s][info][gc,marking  ] GC(42) Concurrent Mark
[11.365s][info][gc,marking  ] GC(42) Concurrent Mark From Roots
[11.365s][info][gc,task     ] GC(42) Using 3 workers of 3 for marking
[11.504s][info][gc,marking  ] GC(42) Concurrent Mark From Roots 139.019ms
[11.505s][info][gc,marking  ] GC(42) Concurrent Preclean
[11.505s][info][gc,marking  ] GC(42) Concurrent Preclean 0.029ms
[11.505s][info][gc,start    ] GC(42) Pause Remark
[11.506s][info][gc          ] GC(42) Pause Remark 2275M->2275M(3794M) 1.316ms
[11.506s][info][gc,cpu      ] GC(42) User=0.00s Sys=0.00s Real=0.00s
[11.506s][info][gc,marking  ] GC(42) Concurrent Mark 141.101ms
[11.507s][info][gc,marking  ] GC(42) Concurrent Rebuild Remembered Sets and Scrub Regions
[11.596s][info][gc,marking  ] GC(42) Concurrent Rebuild Remembered Sets and Scrub Regions 89.615ms
[11.596s][info][gc,start    ] GC(42) Pause Cleanup
[11.597s][info][gc          ] GC(42) Pause Cleanup 2384M->2384M(3794M) 0.391ms
[11.597s][info][gc,cpu      ] GC(42) User=0.00s Sys=0.00s Real=0.00s
[11.598s][info][gc,marking  ] GC(42) Concurrent Clear Claimed Marks
[11.598s][info][gc,marking  ] GC(42) Concurrent Clear Claimed Marks 0.037ms
[11.598s][info][gc,marking  ] GC(42) Concurrent Cleanup for Next Mark
[11.604s][info][gc,marking  ] GC(42) Concurrent Cleanup for Next Mark 5.515ms
[11.604s][info][gc          ] GC(42) Concurrent Mark Cycle 255.954ms
[12.317s][info][gc,start    ] GC(43) Pause Young (Prepare Mixed) (G1 Evacuation Pause)
[12.317s][info][gc,task     ] GC(43) Using 10 workers of 10 for evacuation
[12.354s][info][gc,phases   ] GC(43)   Pre Evacuate Collection Set: 0.2ms
[12.354s][info][gc,phases   ] GC(43)   Merge Heap Roots: 0.8ms
[12.354s][info][gc,phases   ] GC(43)   Evacuate Collection Set: 35.6ms
[12.354s][info][gc,phases   ] GC(43)   Post Evacuate Collection Set: 0.6ms
[12.355s][info][gc,phases   ] GC(43)   Other: 0.1ms
[12.355s][info][gc,heap     ] GC(43) Eden regions: 720->0(698)
[12.355s][info][gc,heap     ] GC(43) Survivor regions: 5->23(91)
[12.355s][info][gc,heap     ] GC(43) Old regions: 1043->1043
[12.355s][info][gc,heap     ] GC(43) Humongous regions: 14->14
[12.355s][info][gc,metaspace] GC(43) Metaspace: 1736K(1920K)->1736K(1920K) NonClass: 1555K(1664K)->1555K(1664K) Class: 180K(256K)->180K(256K)
[12.355s][info][gc          ] GC(43) Pause Young (Prepare Mixed) (G1 Evacuation Pause) 3563M->2158M(3794M) 37.713ms
[12.355s][info][gc,cpu      ] GC(43) User=0.31s Sys=0.00s Real=0.04s
[13.203s][info][gc,start    ] GC(44) Pause Young (Mixed) (G1 Evacuation Pause)
[13.203s][info][gc,task     ] GC(44) Using 10 workers of 10 for evacuation
[13.250s][info][gc,phases   ] GC(44)   Pre Evacuate Collection Set: 0.2ms
[13.250s][info][gc,phases   ] GC(44)   Merge Heap Roots: 0.5ms
[13.250s][info][gc,phases   ] GC(44)   Evacuate Collection Set: 44.8ms
[13.250s][info][gc,phases   ] GC(44)   Post Evacuate Collection Set: 0.7ms
[13.250s][info][gc,phases   ] GC(44)   Other: 0.1ms
[13.250s][info][gc,heap     ] GC(44) Eden regions: 698->0(669)
[13.250s][info][gc,heap     ] GC(44) Survivor regions: 23->38(91)
[13.250s][info][gc,heap     ] GC(44) Old regions: 1043->1042
[13.250s][info][gc,heap     ] GC(44) Humongous regions: 14->14
[13.250s][info][gc,metaspace] GC(44) Metaspace: 1736K(1920K)->1736K(1920K) NonClass: 1555K(1664K)->1555K(1664K) Class: 180K(256K)->180K(256K)
[13.250s][info][gc          ] GC(44) Pause Young (Mixed) (G1 Evacuation Pause) 3554M->2187M(3794M) 46.762ms
[13.250s][info][gc,cpu      ] GC(44) User=0.47s Sys=0.00s Real=0.05s
[13.314s][info][gc,start    ] GC(45) Pause Young (Concurrent Start) (G1 Evacuation Pause)
[13.315s][info][gc,task     ] GC(45) Using 10 workers of 10 for evacuation
[13.357s][info][gc,phases   ] GC(45)   Pre Evacuate Collection Set: 0.3ms
[13.357s][info][gc,phases   ] GC(45)   Merge Heap Roots: 0.4ms
[13.357s][info][gc,phases   ] GC(45)   Evacuate Collection Set: 41.4ms
[13.357s][info][gc,phases   ] GC(45)   Post Evacuate Collection Set: 0.4ms
[13.357s][info][gc,phases   ] GC(45)   Other: 0.1ms
[13.357s][info][gc,heap     ] GC(45) Eden regions: 56->0(698)
[13.357s][info][gc,heap     ] GC(45) Survivor regions: 38->5(12)
[13.357s][info][gc,heap     ] GC(45) Old regions: 1042->1079
[13.357s][info][gc,heap     ] GC(45) Humongous regions: 14->14
[13.357s][info][gc,metaspace] GC(45) Metaspace: 1736K(1920K)->1736K(1920K) NonClass: 1555K(1664K)->1555K(1664K) Class: 180K(256K)->180K(256K)
[13.357s][info][gc          ] GC(45) Pause Young (Concurrent Start) (G1 Evacuation Pause) 2299M->2196M(3794M) 43.030ms
[13.358s][info][gc,cpu      ] GC(45) User=0.31s Sys=0.02s Real=0.04s
[13.358s][info][gc          ] GC(46) Concurrent Mark Cycle
[13.358s][info][gc,marking  ] GC(46) Concurrent Scan Root Regions
[13.392s][info][gc,marking  ] GC(46) Concurrent Scan Root Regions 33.982ms
[13.392s][info][gc,marking  ] GC(46) Concurrent Mark
[13.392s][info][gc,marking  ] GC(46) Concurrent Mark From Roots
[13.392s][info][gc,task     ] GC(46) Using 3 workers of 3 for marking
[13.578s][info][gc,marking  ] GC(46) Concurrent Mark From Roots 186.148ms
[13.578s][info][gc,marking  ] GC(46) Concurrent Preclean
[13.578s][info][gc,marking  ] GC(46) Concurrent Preclean 0.029ms
[13.578s][info][gc,start    ] GC(46) Pause Remark
[13.580s][info][gc          ] GC(46) Pause Remark 2473M->2463M(4096M) 2.162ms
[13.580s][info][gc,cpu      ] GC(46) User=0.00s Sys=0.00s Real=0.00s
[13.581s][info][gc,marking  ] GC(46) Concurrent Mark 189.420ms
[13.581s][info][gc,marking  ] GC(46) Concurrent Rebuild Remembered Sets and Scrub Regions
[13.698s][info][gc,marking  ] GC(46) Concurrent Rebuild Remembered Sets and Scrub Regions 117.114ms
[13.698s][info][gc,start    ] GC(46) Pause Cleanup
[13.699s][info][gc          ] GC(46) Pause Cleanup 2598M->2598M(4096M) 0.459ms
[13.699s][info][gc,cpu      ] GC(46) User=0.00s Sys=0.00s Real=0.00s
[13.701s][info][gc,marking  ] GC(46) Concurrent Clear Claimed Marks
[13.701s][info][gc,marking  ] GC(46) Concurrent Clear Claimed Marks 0.041ms
[13.701s][info][gc,marking  ] GC(46) Concurrent Cleanup for Next Mark
[13.707s][info][gc,marking  ] GC(46) Concurrent Cleanup for Next Mark 6.644ms
[13.707s][info][gc          ] GC(46) Concurrent Mark Cycle 349.795ms
[14.300s][info][gc,start    ] GC(47) Pause Young (Prepare Mixed) (G1 Evacuation Pause)
[14.301s][info][gc,task     ] GC(47) Using 10 workers of 10 for evacuation
[14.328s][info][gc,phases   ] GC(47)   Pre Evacuate Collection Set: 0.2ms
[14.328s][info][gc,phases   ] GC(47)   Merge Heap Roots: 0.8ms
[14.328s][info][gc,phases   ] GC(47)   Evacuate Collection Set: 25.8ms
[14.328s][info][gc,phases   ] GC(47)   Post Evacuate Collection Set: 0.7ms
[14.328s][info][gc,phases   ] GC(47)   Other: 0.1ms
[14.328s][info][gc,heap     ] GC(47) Eden regions: 691->0(808)
[14.328s][info][gc,heap     ] GC(47) Survivor regions: 5->18(87)
[14.328s][info][gc,heap     ] GC(47) Old regions: 1079->1079
[14.328s][info][gc,heap     ] GC(47) Humongous regions: 9->9
[14.328s][info][gc,metaspace] GC(47) Metaspace: 1736K(1920K)->1736K(1920K) NonClass: 1555K(1664K)->1555K(1664K) Class: 180K(256K)->180K(256K)
[14.328s][info][gc          ] GC(47) Pause Young (Prepare Mixed) (G1 Evacuation Pause) 3568M->2210M(4096M) 27.912ms
[14.328s][info][gc,cpu      ] GC(47) User=0.30s Sys=0.02s Real=0.03s
[15.318s][info][gc,start    ] GC(48) Pause Young (Mixed) (G1 Evacuation Pause)
[15.318s][info][gc,task     ] GC(48) Using 10 workers of 10 for evacuation
[15.364s][info][gc,phases   ] GC(48)   Pre Evacuate Collection Set: 0.3ms
[15.364s][info][gc,phases   ] GC(48)   Merge Heap Roots: 0.7ms
[15.364s][info][gc,phases   ] GC(48)   Evacuate Collection Set: 44.0ms
[15.364s][info][gc,phases   ] GC(48)   Post Evacuate Collection Set: 0.8ms
[15.364s][info][gc,phases   ] GC(48)   Other: 0.2ms
[15.364s][info][gc,heap     ] GC(48) Eden regions: 808->0(788)
[15.364s][info][gc,heap     ] GC(48) Survivor regions: 18->35(104)
[15.364s][info][gc,heap     ] GC(48) Old regions: 1079->1078
[15.364s][info][gc,heap     ] GC(48) Humongous regions: 9->9
[15.364s][info][gc,metaspace] GC(48) Metaspace: 1736K(1920K)->1736K(1920K) NonClass: 1555K(1664K)->1555K(1664K) Class: 180K(256K)->180K(256K)
[15.364s][info][gc          ] GC(48) Pause Young (Mixed) (G1 Evacuation Pause) 3826M->2242M(4096M) 46.301ms
[15.364s][info][gc,cpu      ] GC(48) User=0.45s Sys=0.00s Real=0.05s
[15.829s][info][gc,start    ] GC(49) Pause Young (Concurrent Start) (G1 Evacuation Pause)
[15.829s][info][gc,task     ] GC(49) Using 10 workers of 10 for evacuation
[15.874s][info][gc,phases   ] GC(49)   Pre Evacuate Collection Set: 0.3ms
[15.874s][info][gc,phases   ] GC(49)   Merge Heap Roots: 0.7ms
[15.874s][info][gc,phases   ] GC(49)   Evacuate Collection Set: 43.1ms
[15.874s][info][gc,phases   ] GC(49)   Post Evacuate Collection Set: 0.6ms
[15.874s][info][gc,phases   ] GC(49)   Other: 0.1ms
[15.874s][info][gc,heap     ] GC(49) Eden regions: 382->0(786)
[15.874s][info][gc,heap     ] GC(49) Survivor regions: 35->28(53)
[15.874s][info][gc,heap     ] GC(49) Old regions: 1078->1094
[15.874s][info][gc,heap     ] GC(49) Humongous regions: 9->9
[15.874s][info][gc,metaspace] GC(49) Metaspace: 1737K(1920K)->1737K(1920K) NonClass: 1556K(1664K)->1556K(1664K) Class: 180K(256K)->180K(256K)
[15.874s][info][gc          ] GC(49) Pause Young (Concurrent Start) (G1 Evacuation Pause) 3006M->2260M(4096M) 45.147ms
[15.874s][info][gc,cpu      ] GC(49) User=0.47s Sys=0.00s Real=0.05s
[15.874s][info][gc          ] GC(50) Concurrent Mark Cycle
[15.874s][info][gc,marking  ] GC(50) Concurrent Scan Root Regions
[15.897s][info][gc,marking  ] GC(50) Concurrent Scan Root Regions 22.358ms
[15.897s][info][gc,marking  ] GC(50) Concurrent Mark
[15.897s][info][gc,marking  ] GC(50) Concurrent Mark From Roots
[15.897s][info][gc,task     ] GC(50) Using 3 workers of 3 for marking
[16.157s][info][gc,marking  ] GC(50) Concurrent Mark From Roots 259.929ms
[16.157s][info][gc,marking  ] GC(50) Concurrent Preclean
[16.157s][info][gc,marking  ] GC(50) Concurrent Preclean 0.029ms
[16.157s][info][gc,start    ] GC(50) Pause Remark
[16.158s][info][gc          ] GC(50) Pause Remark 2612M->2612M(4096M) 0.745ms
[16.158s][info][gc,cpu      ] GC(50) User=0.00s Sys=0.00s Real=0.00s
[16.160s][info][gc,marking  ] GC(50) Concurrent Mark 262.931ms
[16.160s][info][gc,marking  ] GC(50) Concurrent Rebuild Remembered Sets and Scrub Regions
[16.312s][info][gc,marking  ] GC(50) Concurrent Rebuild Remembered Sets and Scrub Regions 151.758ms
[16.312s][info][gc,start    ] GC(50) Pause Cleanup
[16.312s][info][gc          ] GC(50) Pause Cleanup 2798M->2798M(4096M) 0.549ms
[16.312s][info][gc,cpu      ] GC(50) User=0.00s Sys=0.00s Real=0.00s
[16.314s][info][gc,marking  ] GC(50) Concurrent Clear Claimed Marks
[16.314s][info][gc,marking  ] GC(50) Concurrent Clear Claimed Marks 0.040ms
[16.314s][info][gc,marking  ] GC(50) Concurrent Cleanup for Next Mark
[16.320s][info][gc,marking  ] GC(50) Concurrent Cleanup for Next Mark 5.349ms
[16.320s][info][gc          ] GC(50) Concurrent Mark Cycle 445.214ms
[16.546s][info][gc,start    ] GC(51) Pause Young (Prepare Mixed) (G1 Evacuation Pause)
[16.546s][info][gc,task     ] GC(51) Using 10 workers of 10 for evacuation
[16.624s][info][gc,phases   ] GC(51)   Pre Evacuate Collection Set: 0.3ms
[16.624s][info][gc,phases   ] GC(51)   Merge Heap Roots: 1.6ms
[16.624s][info][gc,phases   ] GC(51)   Evacuate Collection Set: 75.1ms
[16.624s][info][gc,phases   ] GC(51)   Post Evacuate Collection Set: 0.8ms
[16.624s][info][gc,phases   ] GC(51)   Other: 0.1ms
[16.624s][info][gc,heap     ] GC(51) Eden regions: 400->0(739)
[16.624s][info][gc,heap     ] GC(51) Survivor regions: 28->43(54)
[16.624s][info][gc,heap     ] GC(51) Old regions: 1094->1094
[16.624s][info][gc,heap     ] GC(51) Humongous regions: 26->26
[16.624s][info][gc,metaspace] GC(51) Metaspace: 1737K(1920K)->1737K(1920K) NonClass: 1556K(1664K)->1556K(1664K) Class: 180K(256K)->180K(256K)
[16.624s][info][gc          ] GC(51) Pause Young (Prepare Mixed) (G1 Evacuation Pause) 3094M->2323M(4096M) 78.171ms
[16.624s][info][gc,cpu      ] GC(51) User=0.78s Sys=0.00s Real=0.08s
[17.709s][info][gc,start    ] GC(52) Pause Young (Mixed) (G1 Evacuation Pause)
[17.710s][info][gc,task     ] GC(52) Using 10 workers of 10 for evacuation
[17.852s][info][gc,phases   ] GC(52)   Pre Evacuate Collection Set: 0.3ms
[17.852s][info][gc,phases   ] GC(52)   Merge Heap Roots: 1.3ms
[17.852s][info][gc,phases   ] GC(52)   Evacuate Collection Set: 139.3ms
[17.852s][info][gc,phases   ] GC(52)   Post Evacuate Collection Set: 1.2ms
[17.852s][info][gc,phases   ] GC(52)   Other: 0.1ms
[17.852s][info][gc,heap     ] GC(52) Eden regions: 739->0(711)
[17.852s][info][gc,heap     ] GC(52) Survivor regions: 43->58(98)
[17.852s][info][gc,heap     ] GC(52) Old regions: 1094->1092
[17.852s][info][gc,heap     ] GC(52) Humongous regions: 26->26
[17.852s][info][gc,metaspace] GC(52) Metaspace: 1739K(1920K)->1739K(1920K) NonClass: 1558K(1664K)->1558K(1664K) Class: 180K(256K)->180K(256K)
[17.852s][info][gc          ] GC(52) Pause Young (Mixed) (G1 Evacuation Pause) 3801M->2350M(4096M) 142.626ms
[17.852s][info][gc,cpu      ] GC(52) User=0.88s Sys=0.00s Real=0.14s
[19.287s][info][gc,start    ] GC(53) Pause Young (Concurrent Start) (G1 Evacuation Pause)
[19.287s][info][gc,task     ] GC(53) Using 10 workers of 10 for evacuation
[19.392s][info][gc,phases   ] GC(53)   Pre Evacuate Collection Set: 0.4ms
[19.392s][info][gc,phases   ] GC(53)   Merge Heap Roots: 1.1ms
[19.392s][info][gc,phases   ] GC(53)   Evacuate Collection Set: 102.5ms
[19.392s][info][gc,phases   ] GC(53)   Post Evacuate Collection Set: 1.1ms
[19.392s][info][gc,phases   ] GC(53)   Other: 0.2ms
[19.392s][info][gc,heap     ] GC(53) Eden regions: 711->0(701)
[19.393s][info][gc,heap     ] GC(53) Survivor regions: 58->54(97)
[19.393s][info][gc,heap     ] GC(53) Old regions: 1092->1110
[19.393s][info][gc,heap     ] GC(53) Humongous regions: 26->26
[19.393s][info][gc,metaspace] GC(53) Metaspace: 1741K(1920K)->1741K(1920K) NonClass: 1560K(1664K)->1560K(1664K) Class: 180K(256K)->180K(256K)
[19.393s][info][gc          ] GC(53) Pause Young (Concurrent Start) (G1 Evacuation Pause) 3772M->2377M(4096M) 105.948ms
[19.393s][info][gc          ] GC(54) Concurrent Mark Cycle
[19.393s][info][gc,cpu      ] GC(53) User=1.03s Sys=0.00s Real=0.11s
[19.393s][info][gc,marking  ] GC(54) Concurrent Scan Root Regions
[19.460s][info][gc,marking  ] GC(54) Concurrent Scan Root Regions 66.754ms
[19.460s][info][gc,marking  ] GC(54) Concurrent Mark
[19.460s][info][gc,marking  ] GC(54) Concurrent Mark From Roots
[19.460s][info][gc,task     ] GC(54) Using 3 workers of 3 for marking
[19.772s][info][gc,marking  ] GC(54) Concurrent Mark From Roots 311.962ms
[19.772s][info][gc,marking  ] GC(54) Concurrent Preclean
[19.772s][info][gc,marking  ] GC(54) Concurrent Preclean 0.031ms
[19.772s][info][gc,start    ] GC(54) Pause Remark
[19.773s][info][gc          ] GC(54) Pause Remark 2827M->2809M(4096M) 0.724ms
[19.773s][info][gc,cpu      ] GC(54) User=0.00s Sys=0.00s Real=0.00s
[19.773s][info][gc,marking  ] GC(54) Concurrent Mark 313.210ms
[19.773s][info][gc,marking  ] GC(54) Concurrent Rebuild Remembered Sets and Scrub Regions
[19.917s][info][gc,start    ] GC(55) Pause Young (Normal) (G1 Evacuation Pause)
[19.917s][info][gc,task     ] GC(55) Using 10 workers of 10 for evacuation
[19.991s][info][gc,phases   ] GC(55)   Pre Evacuate Collection Set: 0.3ms
[19.991s][info][gc,phases   ] GC(55)   Merge Heap Roots: 1.1ms
[19.991s][info][gc,phases   ] GC(55)   Evacuate Collection Set: 71.6ms
[19.991s][info][gc,phases   ] GC(55)   Post Evacuate Collection Set: 1.0ms
[19.991s][info][gc,phases   ] GC(55)   Other: 0.1ms
[19.991s][info][gc,heap     ] GC(55) Eden regions: 270->0(736)
[19.991s][info][gc,heap     ] GC(55) Survivor regions: 54->21(41)
[19.991s][info][gc,heap     ] GC(55) Old regions: 1110->1150
[19.991s][info][gc,heap     ] GC(55) Humongous regions: 17->17
[19.991s][info][gc,metaspace] GC(55) Metaspace: 1742K(1920K)->1742K(1920K) NonClass: 1561K(1664K)->1561K(1664K) Class: 180K(256K)->180K(256K)
[19.991s][info][gc          ] GC(55) Pause Young (Normal) (G1 Evacuation Pause) 2899M->2375M(4096M) 74.559ms
[19.991s][info][gc,cpu      ] GC(55) User=0.72s Sys=0.00s Real=0.08s
[20.043s][info][gc,marking  ] GC(54) Concurrent Rebuild Remembered Sets and Scrub Regions 269.840ms
[20.043s][info][gc,start    ] GC(54) Pause Cleanup
[20.044s][info][gc          ] GC(54) Pause Cleanup 2430M->2430M(4096M) 0.606ms
[20.044s][info][gc,cpu      ] GC(54) User=0.00s Sys=0.00s Real=0.00s
[20.044s][info][gc,marking  ] GC(54) Concurrent Clear Claimed Marks
[20.044s][info][gc,marking  ] GC(54) Concurrent Clear Claimed Marks 0.041ms
[20.044s][info][gc,marking  ] GC(54) Concurrent Cleanup for Next Mark
[20.049s][info][gc,marking  ] GC(54) Concurrent Cleanup for Next Mark 5.337ms
[20.049s][info][gc          ] GC(54) Concurrent Mark Cycle 656.442ms
[21.493s][info][gc,heap,exit] Heap
[21.493s][info][gc,heap,exit]  garbage-first heap   total 4194304K, used 3150850K [0x0000000700000000, 0x0000000800000000)
[21.493s][info][gc,heap,exit]   region size 2048K, 341 young (698368K), 21 survivors (43008K)
[21.493s][info][gc,heap,exit]  Metaspace       used 1914K, committed 2048K, reserved 1114112K
[21.493s][info][gc,heap,exit]   class space    used 199K, committed 256K, reserved 1048576K
