[0.011s][info][gc,init] CardTable entry size: 512
[0.012s][info][gc     ] Using G1
[0.021s][info][gc,init] Version: 21.0.5+9-LTS-239 (release)
[0.021s][info][gc,init] CPUs: 12 total, 12 available
[0.021s][info][gc,init] Memory: 16190M
[0.021s][info][gc,init] Large Page Support: Disabled
[0.021s][info][gc,init] NUMA Support: Disabled
[0.021s][info][gc,init] Compressed Oops: Enabled (Zero based)
[0.022s][info][gc,init] Heap Region Size: 2M
[0.022s][info][gc,init] Heap Min Capacity: 2G
[0.022s][info][gc,init] Heap Initial Capacity: 2G
[0.022s][info][gc,init] Heap Max Capacity: 4G
[0.022s][info][gc,init] Pre-touch: Disabled
[0.022s][info][gc,init] Parallel Workers: 10
[0.022s][info][gc,init] Concurrent Workers: 3
[0.022s][info][gc,init] Concurrent Refinement Workers: 10
[0.022s][info][gc,init] Periodic GC: Disabled
[0.029s][info][gc,metaspace] CDS archive(s) mapped at: [0x00000246d1000000-0x00000246d1c90000-0x00000246d1c90000), size 13172736, SharedBaseAddress: 0x00000246d1000000, ArchiveRelocationMode: 1.
[0.029s][info][gc,metaspace] Compressed class space mapped at: 0x00000246d2000000-0x0000024712000000, reserved size: 1073741824
[0.029s][info][gc,metaspace] Narrow klass base: 0x00000246d1000000, Narrow klass shift: 0, Narrow klass range: 0x100000000
[0.457s][info][gc,start    ] GC(0) Pause Young (Normal) (G1 Evacuation Pause)
[0.459s][info][gc,task     ] GC(0) Using 10 workers of 10 for evacuation
[0.464s][info][gc,phases   ] GC(0)   Pre Evacuate Collection Set: 0.2ms
[0.464s][info][gc,phases   ] GC(0)   Merge Heap Roots: 0.1ms
[0.464s][info][gc,phases   ] GC(0)   Evacuate Collection Set: 3.6ms
[0.464s][info][gc,phases   ] GC(0)   Post Evacuate Collection Set: 0.5ms
[0.464s][info][gc,phases   ] GC(0)   Other: 1.9ms
[0.464s][info][gc,heap     ] GC(0) Eden regions: 51->0(44)
[0.464s][info][gc,heap     ] GC(0) Survivor regions: 0->7(7)
[0.464s][info][gc,heap     ] GC(0) Old regions: 0->4
[0.464s][info][gc,heap     ] GC(0) Humongous regions: 1->0
[0.464s][info][gc,metaspace] GC(0) Metaspace: 1315K(1472K)->1315K(1472K) NonClass: 1218K(1280K)->1218K(1280K) Class: 97K(192K)->97K(192K)
[0.464s][info][gc          ] GC(0) Pause Young (Normal) (G1 Evacuation Pause) 104M->20M(2048M) 6.667ms
[0.464s][info][gc,cpu      ] GC(0) User=0.00s Sys=0.00s Real=0.01s
[0.604s][info][gc,start    ] GC(1) Pause Young (Normal) (G1 Evacuation Pause)
[0.604s][info][gc,task     ] GC(1) Using 10 workers of 10 for evacuation
[0.609s][info][gc,phases   ] GC(1)   Pre Evacuate Collection Set: 0.2ms
[0.609s][info][gc,phases   ] GC(1)   Merge Heap Roots: 0.1ms
[0.609s][info][gc,phases   ] GC(1)   Evacuate Collection Set: 4.2ms
[0.609s][info][gc,phases   ] GC(1)   Post Evacuate Collection Set: 0.4ms
[0.609s][info][gc,phases   ] GC(1)   Other: 0.1ms
[0.609s][info][gc,heap     ] GC(1) Eden regions: 44->0(44)
[0.609s][info][gc,heap     ] GC(1) Survivor regions: 7->7(7)
[0.609s][info][gc,heap     ] GC(1) Old regions: 4->12
[0.609s][info][gc,heap     ] GC(1) Humongous regions: 0->0
[0.609s][info][gc,metaspace] GC(1) Metaspace: 1319K(1472K)->1319K(1472K) NonClass: 1221K(1280K)->1221K(1280K) Class: 97K(192K)->97K(192K)
[0.609s][info][gc          ] GC(1) Pause Young (Normal) (G1 Evacuation Pause) 108M->37M(2048M) 5.252ms
[0.609s][info][gc,cpu      ] GC(1) User=0.00s Sys=0.00s Real=0.00s
[0.682s][info][gc,start    ] GC(2) Pause Young (Normal) (G1 Evacuation Pause)
[0.682s][info][gc,task     ] GC(2) Using 10 workers of 10 for evacuation
[0.687s][info][gc,phases   ] GC(2)   Pre Evacuate Collection Set: 0.3ms
[0.687s][info][gc,phases   ] GC(2)   Merge Heap Roots: 0.1ms
[0.687s][info][gc,phases   ] GC(2)   Evacuate Collection Set: 4.0ms
[0.687s][info][gc,phases   ] GC(2)   Post Evacuate Collection Set: 0.4ms
[0.687s][info][gc,phases   ] GC(2)   Other: 0.1ms
[0.687s][info][gc,heap     ] GC(2) Eden regions: 44->0(44)
[0.687s][info][gc,heap     ] GC(2) Survivor regions: 7->7(7)
[0.687s][info][gc,heap     ] GC(2) Old regions: 12->21
[0.687s][info][gc,heap     ] GC(2) Humongous regions: 0->0
[0.687s][info][gc,metaspace] GC(2) Metaspace: 1320K(1472K)->1320K(1472K) NonClass: 1222K(1280K)->1222K(1280K) Class: 97K(192K)->97K(192K)
[0.687s][info][gc          ] GC(2) Pause Young (Normal) (G1 Evacuation Pause) 125M->55M(2048M) 5.144ms
[0.687s][info][gc,cpu      ] GC(2) User=0.00s Sys=0.00s Real=0.01s
[0.749s][info][gc,start    ] GC(3) Pause Young (Normal) (G1 Evacuation Pause)
[0.749s][info][gc,task     ] GC(3) Using 10 workers of 10 for evacuation
[0.754s][info][gc,phases   ] GC(3)   Pre Evacuate Collection Set: 0.3ms
[0.754s][info][gc,phases   ] GC(3)   Merge Heap Roots: 0.2ms
[0.754s][info][gc,phases   ] GC(3)   Evacuate Collection Set: 4.1ms
[0.754s][info][gc,phases   ] GC(3)   Post Evacuate Collection Set: 0.5ms
[0.754s][info][gc,phases   ] GC(3)   Other: 0.1ms
[0.754s][info][gc,heap     ] GC(3) Eden regions: 44->0(59)
[0.754s][info][gc,heap     ] GC(3) Survivor regions: 7->7(7)
[0.754s][info][gc,heap     ] GC(3) Old regions: 21->30
[0.754s][info][gc,heap     ] GC(3) Humongous regions: 0->0
[0.754s][info][gc,metaspace] GC(3) Metaspace: 1320K(1472K)->1320K(1472K) NonClass: 1222K(1280K)->1222K(1280K) Class: 97K(192K)->97K(192K)
[0.754s][info][gc          ] GC(3) Pause Young (Normal) (G1 Evacuation Pause) 143M->72M(2048M) 5.376ms
[0.754s][info][gc,cpu      ] GC(3) User=0.00s Sys=0.00s Real=0.00s
[0.838s][info][gc,start    ] GC(4) Pause Young (Normal) (G1 Evacuation Pause)
[0.838s][info][gc,task     ] GC(4) Using 10 workers of 10 for evacuation
[0.844s][info][gc,phases   ] GC(4)   Pre Evacuate Collection Set: 0.2ms
[0.844s][info][gc,phases   ] GC(4)   Merge Heap Roots: 0.1ms
[0.844s][info][gc,phases   ] GC(4)   Evacuate Collection Set: 5.2ms
[0.844s][info][gc,phases   ] GC(4)   Post Evacuate Collection Set: 0.5ms
[0.844s][info][gc,phases   ] GC(4)   Other: 0.1ms
[0.844s][info][gc,heap     ] GC(4) Eden regions: 59->0(91)
[0.844s][info][gc,heap     ] GC(4) Survivor regions: 7->9(9)
[0.844s][info][gc,heap     ] GC(4) Old regions: 30->39
[0.844s][info][gc,heap     ] GC(4) Humongous regions: 0->0
[0.844s][info][gc,metaspace] GC(4) Metaspace: 1320K(1472K)->1320K(1472K) NonClass: 1222K(1280K)->1222K(1280K) Class: 97K(192K)->97K(192K)
[0.844s][info][gc          ] GC(4) Pause Young (Normal) (G1 Evacuation Pause) 190M->95M(2048M) 6.345ms
[0.844s][info][gc,cpu      ] GC(4) User=0.00s Sys=0.00s Real=0.01s
[0.978s][info][gc,start    ] GC(5) Pause Young (Normal) (G1 Evacuation Pause)
[0.978s][info][gc,task     ] GC(5) Using 10 workers of 10 for evacuation
[0.987s][info][gc,phases   ] GC(5)   Pre Evacuate Collection Set: 0.3ms
[0.987s][info][gc,phases   ] GC(5)   Merge Heap Roots: 0.1ms
[0.987s][info][gc,phases   ] GC(5)   Evacuate Collection Set: 7.7ms
[0.987s][info][gc,phases   ] GC(5)   Post Evacuate Collection Set: 0.6ms
[0.987s][info][gc,phases   ] GC(5)   Other: 0.1ms
[0.987s][info][gc,heap     ] GC(5) Eden regions: 91->0(93)
[0.987s][info][gc,heap     ] GC(5) Survivor regions: 9->13(13)
[0.987s][info][gc,heap     ] GC(5) Old regions: 39->53
[0.987s][info][gc,heap     ] GC(5) Humongous regions: 0->0
[0.987s][info][gc,metaspace] GC(5) Metaspace: 1320K(1472K)->1320K(1472K) NonClass: 1222K(1280K)->1222K(1280K) Class: 97K(192K)->97K(192K)
[0.987s][info][gc          ] GC(5) Pause Young (Normal) (G1 Evacuation Pause) 277M->131M(2048M) 8.965ms
[0.987s][info][gc,cpu      ] GC(5) User=0.00s Sys=0.00s Real=0.01s
[1.111s][info][gc,start    ] GC(6) Pause Young (Normal) (G1 Evacuation Pause)
[1.111s][info][gc,task     ] GC(6) Using 10 workers of 10 for evacuation
[1.121s][info][gc,phases   ] GC(6)   Pre Evacuate Collection Set: 0.3ms
[1.121s][info][gc,phases   ] GC(6)   Merge Heap Roots: 0.1ms
[1.121s][info][gc,phases   ] GC(6)   Evacuate Collection Set: 9.2ms
[1.121s][info][gc,phases   ] GC(6)   Post Evacuate Collection Set: 0.6ms
[1.121s][info][gc,phases   ] GC(6)   Other: 0.1ms
[1.121s][info][gc,heap     ] GC(6) Eden regions: 93->0(112)
[1.121s][info][gc,heap     ] GC(6) Survivor regions: 13->14(14)
[1.121s][info][gc,heap     ] GC(6) Old regions: 53->71
[1.121s][info][gc,heap     ] GC(6) Humongous regions: 1->0
[1.121s][info][gc,metaspace] GC(6) Metaspace: 1320K(1472K)->1320K(1472K) NonClass: 1222K(1280K)->1222K(1280K) Class: 97K(192K)->97K(192K)
[1.121s][info][gc          ] GC(6) Pause Young (Normal) (G1 Evacuation Pause) 319M->169M(2048M) 10.575ms
[1.121s][info][gc,cpu      ] GC(6) User=0.08s Sys=0.09s Real=0.01s
[1.267s][info][gc,start    ] GC(7) Pause Young (Normal) (G1 Evacuation Pause)
[1.267s][info][gc,task     ] GC(7) Using 10 workers of 10 for evacuation
[1.279s][info][gc,phases   ] GC(7)   Pre Evacuate Collection Set: 0.3ms
[1.279s][info][gc,phases   ] GC(7)   Merge Heap Roots: 0.1ms
[1.279s][info][gc,phases   ] GC(7)   Evacuate Collection Set: 10.8ms
[1.279s][info][gc,phases   ] GC(7)   Post Evacuate Collection Set: 0.7ms
[1.279s][info][gc,phases   ] GC(7)   Other: 0.1ms
[1.279s][info][gc,heap     ] GC(7) Eden regions: 112->0(140)
[1.279s][info][gc,heap     ] GC(7) Survivor regions: 14->16(16)
[1.279s][info][gc,heap     ] GC(7) Old regions: 71->91
[1.279s][info][gc,heap     ] GC(7) Humongous regions: 0->0
[1.279s][info][gc,metaspace] GC(7) Metaspace: 1320K(1472K)->1320K(1472K) NonClass: 1222K(1280K)->1222K(1280K) Class: 97K(192K)->97K(192K)
[1.279s][info][gc          ] GC(7) Pause Young (Normal) (G1 Evacuation Pause) 393M->213M(2048M) 12.284ms
[1.279s][info][gc,cpu      ] GC(7) User=0.06s Sys=0.09s Real=0.01s
[1.462s][info][gc,start    ] GC(8) Pause Young (Normal) (G1 Evacuation Pause)
[1.462s][info][gc,task     ] GC(8) Using 10 workers of 10 for evacuation
[1.476s][info][gc,phases   ] GC(8)   Pre Evacuate Collection Set: 0.3ms
[1.476s][info][gc,phases   ] GC(8)   Merge Heap Roots: 0.1ms
[1.476s][info][gc,phases   ] GC(8)   Evacuate Collection Set: 13.4ms
[1.476s][info][gc,phases   ] GC(8)   Post Evacuate Collection Set: 0.7ms
[1.476s][info][gc,phases   ] GC(8)   Other: 0.1ms
[1.476s][info][gc,heap     ] GC(8) Eden regions: 140->0(176)
[1.476s][info][gc,heap     ] GC(8) Survivor regions: 16->20(20)
[1.476s][info][gc,heap     ] GC(8) Old regions: 91->116
[1.476s][info][gc,heap     ] GC(8) Humongous regions: 1->0
[1.476s][info][gc,metaspace] GC(8) Metaspace: 1320K(1472K)->1320K(1472K) NonClass: 1222K(1280K)->1222K(1280K) Class: 97K(192K)->97K(192K)
[1.476s][info][gc          ] GC(8) Pause Young (Normal) (G1 Evacuation Pause) 495M->270M(2048M) 14.766ms
[1.476s][info][gc,cpu      ] GC(8) User=0.06s Sys=0.09s Real=0.02s
[1.711s][info][gc,start    ] GC(9) Pause Young (Normal) (G1 Evacuation Pause)
[1.711s][info][gc,task     ] GC(9) Using 10 workers of 10 for evacuation
[1.729s][info][gc,phases   ] GC(9)   Pre Evacuate Collection Set: 0.2ms
[1.729s][info][gc,phases   ] GC(9)   Merge Heap Roots: 0.1ms
[1.729s][info][gc,phases   ] GC(9)   Evacuate Collection Set: 16.1ms
[1.729s][info][gc,phases   ] GC(9)   Post Evacuate Collection Set: 0.6ms
[1.729s][info][gc,phases   ] GC(9)   Other: 0.1ms
[1.729s][info][gc,heap     ] GC(9) Eden regions: 176->0(214)
[1.729s][info][gc,heap     ] GC(9) Survivor regions: 20->25(25)
[1.729s][info][gc,heap     ] GC(9) Old regions: 116->145
[1.729s][info][gc,heap     ] GC(9) Humongous regions: 0->0
[1.729s][info][gc,metaspace] GC(9) Metaspace: 1320K(1472K)->1320K(1472K) NonClass: 1222K(1280K)->1222K(1280K) Class: 97K(192K)->97K(192K)
[1.729s][info][gc          ] GC(9) Pause Young (Normal) (G1 Evacuation Pause) 622M->338M(2048M) 17.527ms
[1.729s][info][gc,cpu      ] GC(9) User=0.05s Sys=0.11s Real=0.02s
[2.009s][info][gc,start    ] GC(10) Pause Young (Normal) (G1 Evacuation Pause)
[2.009s][info][gc,task     ] GC(10) Using 10 workers of 10 for evacuation
[2.033s][info][gc,phases   ] GC(10)   Pre Evacuate Collection Set: 0.3ms
[2.033s][info][gc,phases   ] GC(10)   Merge Heap Roots: 0.1ms
[2.033s][info][gc,phases   ] GC(10)   Evacuate Collection Set: 22.5ms
[2.033s][info][gc,phases   ] GC(10)   Post Evacuate Collection Set: 0.6ms
[2.033s][info][gc,phases   ] GC(10)   Other: 0.1ms
[2.033s][info][gc,heap     ] GC(10) Eden regions: 214->0(253)
[2.033s][info][gc,heap     ] GC(10) Survivor regions: 25->30(30)
[2.033s][info][gc,heap     ] GC(10) Old regions: 145->181
[2.033s][info][gc,heap     ] GC(10) Humongous regions: 0->0
[2.033s][info][gc,metaspace] GC(10) Metaspace: 1320K(1472K)->1320K(1472K) NonClass: 1222K(1280K)->1222K(1280K) Class: 97K(192K)->97K(192K)
[2.033s][info][gc          ] GC(10) Pause Young (Normal) (G1 Evacuation Pause) 766M->420M(2048M) 23.811ms
[2.033s][info][gc,cpu      ] GC(10) User=0.03s Sys=0.12s Real=0.02s
[2.394s][info][gc,start    ] GC(11) Pause Young (Normal) (G1 Evacuation Pause)
[2.394s][info][gc,task     ] GC(11) Using 10 workers of 10 for evacuation
[2.419s][info][gc,phases   ] GC(11)   Pre Evacuate Collection Set: 0.3ms
[2.419s][info][gc,phases   ] GC(11)   Merge Heap Roots: 0.1ms
[2.419s][info][gc,phases   ] GC(11)   Evacuate Collection Set: 23.7ms
[2.419s][info][gc,phases   ] GC(11)   Post Evacuate Collection Set: 0.6ms
[2.419s][info][gc,phases   ] GC(11)   Other: 0.1ms
[2.419s][info][gc,heap     ] GC(11) Eden regions: 253->0(299)
[2.419s][info][gc,heap     ] GC(11) Survivor regions: 30->36(36)
[2.419s][info][gc,heap     ] GC(11) Old regions: 181->225
[2.419s][info][gc,heap     ] GC(11) Humongous regions: 0->0
[2.419s][info][gc,metaspace] GC(11) Metaspace: 1320K(1472K)->1320K(1472K) NonClass: 1222K(1280K)->1222K(1280K) Class: 97K(192K)->97K(192K)
[2.419s][info][gc          ] GC(11) Pause Young (Normal) (G1 Evacuation Pause) 926M->520M(2048M) 24.999ms
[2.419s][info][gc,cpu      ] GC(11) User=0.03s Sys=0.28s Real=0.03s
[2.831s][info][gc,start    ] GC(12) Pause Young (Normal) (G1 Evacuation Pause)
[2.831s][info][gc,task     ] GC(12) Using 10 workers of 10 for evacuation
[2.863s][info][gc,phases   ] GC(12)   Pre Evacuate Collection Set: 0.3ms
[2.863s][info][gc,phases   ] GC(12)   Merge Heap Roots: 0.1ms
[2.863s][info][gc,phases   ] GC(12)   Evacuate Collection Set: 31.5ms
[2.863s][info][gc,phases   ] GC(12)   Post Evacuate Collection Set: 0.6ms
[2.863s][info][gc,phases   ] GC(12)   Other: 0.1ms
[2.863s][info][gc,heap     ] GC(12) Eden regions: 299->0(359)
[2.863s][info][gc,heap     ] GC(12) Survivor regions: 36->42(42)
[2.863s][info][gc,heap     ] GC(12) Old regions: 225->279
[2.863s][info][gc,heap     ] GC(12) Humongous regions: 2->0
[2.863s][info][gc,metaspace] GC(12) Metaspace: 1320K(1472K)->1320K(1472K) NonClass: 1222K(1280K)->1222K(1280K) Class: 97K(192K)->97K(192K)
[2.863s][info][gc          ] GC(12) Pause Young (Normal) (G1 Evacuation Pause) 1122M->640M(2048M) 32.782ms
[2.863s][info][gc,cpu      ] GC(12) User=0.09s Sys=0.22s Real=0.03s
[3.515s][info][gc,start    ] GC(13) Pause Young (Normal) (G1 Evacuation Pause)
[3.515s][info][gc,task     ] GC(13) Using 10 workers of 10 for evacuation
[3.549s][info][gc,phases   ] GC(13)   Pre Evacuate Collection Set: 0.2ms
[3.549s][info][gc,phases   ] GC(13)   Merge Heap Roots: 0.1ms
[3.549s][info][gc,phases   ] GC(13)   Evacuate Collection Set: 33.7ms
[3.549s][info][gc,phases   ] GC(13)   Post Evacuate Collection Set: 0.5ms
[3.549s][info][gc,phases   ] GC(13)   Other: 0.1ms
[3.549s][info][gc,heap     ] GC(13) Eden regions: 359->0(394)
[3.549s][info][gc,heap     ] GC(13) Survivor regions: 42->51(51)
[3.549s][info][gc,heap     ] GC(13) Old regions: 279->332
[3.550s][info][gc,heap     ] GC(13) Humongous regions: 5->0
[3.550s][info][gc,metaspace] GC(13) Metaspace: 1613K(1728K)->1613K(1728K) NonClass: 1460K(1472K)->1460K(1472K) Class: 153K(256K)->153K(256K)
[3.550s][info][gc          ] GC(13) Pause Young (Normal) (G1 Evacuation Pause) 1368M->765M(2048M) 34.827ms
[3.550s][info][gc,cpu      ] GC(13) User=0.09s Sys=0.22s Real=0.03s
[4.255s][info][gc,start    ] GC(14) Pause Young (Normal) (G1 Evacuation Pause)
[4.255s][info][gc,task     ] GC(14) Using 10 workers of 10 for evacuation
[4.293s][info][gc,phases   ] GC(14)   Pre Evacuate Collection Set: 0.2ms
[4.293s][info][gc,phases   ] GC(14)   Merge Heap Roots: 0.2ms
[4.293s][info][gc,phases   ] GC(14)   Evacuate Collection Set: 37.5ms
[4.293s][info][gc,phases   ] GC(14)   Post Evacuate Collection Set: 0.6ms
[4.294s][info][gc,phases   ] GC(14)   Other: 0.1ms
[4.294s][info][gc,heap     ] GC(14) Eden regions: 394->0(443)
[4.294s][info][gc,heap     ] GC(14) Survivor regions: 51->18(56)
[4.294s][info][gc,heap     ] GC(14) Old regions: 332->383
[4.294s][info][gc,heap     ] GC(14) Humongous regions: 6->6
[4.294s][info][gc,metaspace] GC(14) Metaspace: 1642K(1792K)->1642K(1792K) NonClass: 1488K(1536K)->1488K(1536K) Class: 154K(256K)->154K(256K)
[4.294s][info][gc          ] GC(14) Pause Young (Normal) (G1 Evacuation Pause) 1565M->811M(2048M) 39.086ms
[4.294s][info][gc,cpu      ] GC(14) User=0.14s Sys=0.17s Real=0.04s
[4.423s][info][gc,start    ] GC(15) Pause Young (Normal) (G1 Evacuation Pause)
[4.423s][info][gc,task     ] GC(15) Using 10 workers of 10 for evacuation
[4.443s][info][gc,phases   ] GC(15)   Pre Evacuate Collection Set: 0.2ms
[4.443s][info][gc,phases   ] GC(15)   Merge Heap Roots: 0.1ms
[4.444s][info][gc,phases   ] GC(15)   Evacuate Collection Set: 19.8ms
[4.444s][info][gc,phases   ] GC(15)   Post Evacuate Collection Set: 0.3ms
[4.444s][info][gc,phases   ] GC(15)   Other: 0.1ms
[4.444s][info][gc,heap     ] GC(15) Eden regions: 33->0(471)
[4.444s][info][gc,heap     ] GC(15) Survivor regions: 18->3(7)
[4.444s][info][gc,heap     ] GC(15) Old regions: 383->400
[4.444s][info][gc,heap     ] GC(15) Humongous regions: 6->6
[4.444s][info][gc,metaspace] GC(15) Metaspace: 1642K(1792K)->1642K(1792K) NonClass: 1488K(1536K)->1488K(1536K) Class: 154K(256K)->154K(256K)
[4.444s][info][gc          ] GC(15) Pause Young (Normal) (G1 Evacuation Pause) 877M->816M(2048M) 20.976ms
[4.444s][info][gc,cpu      ] GC(15) User=0.19s Sys=0.12s Real=0.02s
[4.927s][info][gc,start    ] GC(16) Pause Young (Normal) (G1 Evacuation Pause)
[4.928s][info][gc,task     ] GC(16) Using 10 workers of 10 for evacuation
[4.940s][info][gc,phases   ] GC(16)   Pre Evacuate Collection Set: 0.3ms
[4.940s][info][gc,phases   ] GC(16)   Merge Heap Roots: 0.3ms
[4.940s][info][gc,phases   ] GC(16)   Evacuate Collection Set: 11.8ms
[4.940s][info][gc,phases   ] GC(16)   Post Evacuate Collection Set: 0.5ms
[4.941s][info][gc,phases   ] GC(16)   Other: 0.1ms
[4.941s][info][gc,heap     ] GC(16) Eden regions: 195->0(489)
[4.941s][info][gc,heap     ] GC(16) Survivor regions: 3->9(25)
[4.941s][info][gc,heap     ] GC(16) Old regions: 400->400
[4.941s][info][gc,heap     ] GC(16) Humongous regions: 6->6
[4.941s][info][gc,metaspace] GC(16) Metaspace: 1642K(1792K)->1642K(1792K) NonClass: 1488K(1536K)->1488K(1536K) Class: 154K(256K)->154K(256K)
[4.941s][info][gc          ] GC(16) Pause Young (Normal) (G1 Evacuation Pause) 1206M->828M(2048M) 13.159ms
[4.941s][info][gc,cpu      ] GC(16) User=0.00s Sys=0.00s Real=0.01s
[5.278s][info][gc,start    ] GC(17) Pause Young (Normal) (G1 Evacuation Pause)
[5.278s][info][gc,task     ] GC(17) Using 10 workers of 10 for evacuation
[5.294s][info][gc,phases   ] GC(17)   Pre Evacuate Collection Set: 0.2ms
[5.294s][info][gc,phases   ] GC(17)   Merge Heap Roots: 0.2ms
[5.294s][info][gc,phases   ] GC(17)   Evacuate Collection Set: 14.4ms
[5.294s][info][gc,phases   ] GC(17)   Post Evacuate Collection Set: 0.5ms
[5.294s][info][gc,phases   ] GC(17)   Other: 0.2ms
[5.294s][info][gc,heap     ] GC(17) Eden regions: 156->0(504)
[5.294s][info][gc,heap     ] GC(17) Survivor regions: 9->14(21)
[5.294s][info][gc,heap     ] GC(17) Old regions: 400->400
[5.294s][info][gc,heap     ] GC(17) Humongous regions: 6->6
[5.294s][info][gc,metaspace] GC(17) Metaspace: 1643K(1792K)->1643K(1792K) NonClass: 1489K(1536K)->1489K(1536K) Class: 154K(256K)->154K(256K)
[5.294s][info][gc          ] GC(17) Pause Young (Normal) (G1 Evacuation Pause) 1140M->837M(2048M) 15.934ms
[5.294s][info][gc,cpu      ] GC(17) User=0.14s Sys=0.02s Real=0.02s
[5.694s][info][gc,start    ] GC(18) Pause Young (Normal) (G1 Evacuation Pause)
[5.694s][info][gc,task     ] GC(18) Using 10 workers of 10 for evacuation
[5.722s][info][gc,phases   ] GC(18)   Pre Evacuate Collection Set: 0.2ms
[5.722s][info][gc,phases   ] GC(18)   Merge Heap Roots: 0.4ms
[5.722s][info][gc,phases   ] GC(18)   Evacuate Collection Set: 27.1ms
[5.722s][info][gc,phases   ] GC(18)   Post Evacuate Collection Set: 0.5ms
[5.722s][info][gc,phases   ] GC(18)   Other: 0.1ms
[5.722s][info][gc,heap     ] GC(18) Eden regions: 208->0(504)
[5.722s][info][gc,heap     ] GC(18) Survivor regions: 14->22(28)
[5.722s][info][gc,heap     ] GC(18) Old regions: 400->400
[5.722s][info][gc,heap     ] GC(18) Humongous regions: 11->11
[5.722s][info][gc,metaspace] GC(18) Metaspace: 1643K(1792K)->1643K(1792K) NonClass: 1489K(1536K)->1489K(1536K) Class: 154K(256K)->154K(256K)
[5.722s][info][gc          ] GC(18) Pause Young (Normal) (G1 Evacuation Pause) 1263M->865M(2048M) 28.554ms
[5.722s][info][gc,cpu      ] GC(18) User=0.12s Sys=0.03s Real=0.03s
[5.899s][info][gc,start    ] GC(19) Pause Young (Normal) (G1 Evacuation Pause)
[5.899s][info][gc,task     ] GC(19) Using 10 workers of 10 for evacuation
[5.929s][info][gc,phases   ] GC(19)   Pre Evacuate Collection Set: 0.2ms
[5.929s][info][gc,phases   ] GC(19)   Merge Heap Roots: 0.3ms
[5.929s][info][gc,phases   ] GC(19)   Evacuate Collection Set: 28.6ms
[5.929s][info][gc,phases   ] GC(19)   Post Evacuate Collection Set: 0.4ms
[5.929s][info][gc,phases   ] GC(19)   Other: 0.1ms
[5.929s][info][gc,heap     ] GC(19) Eden regions: 125->0(511)
[5.929s][info][gc,heap     ] GC(19) Survivor regions: 22->14(19)
[5.929s][info][gc,heap     ] GC(19) Old regions: 400->413
[5.929s][info][gc,heap     ] GC(19) Humongous regions: 11->11
[5.929s][info][gc,metaspace] GC(19) Metaspace: 1643K(1792K)->1643K(1792K) NonClass: 1489K(1536K)->1489K(1536K) Class: 154K(256K)->154K(256K)
[5.929s][info][gc          ] GC(19) Pause Young (Normal) (G1 Evacuation Pause) 1115M->873M(2048M) 29.799ms
[5.929s][info][gc,cpu      ] GC(19) User=0.31s Sys=0.00s Real=0.03s
[6.396s][info][gc,start    ] GC(20) Pause Young (Normal) (G1 Evacuation Pause)
[6.396s][info][gc,task     ] GC(20) Using 10 workers of 10 for evacuation
[6.421s][info][gc,phases   ] GC(20)   Pre Evacuate Collection Set: 0.2ms
[6.421s][info][gc,phases   ] GC(20)   Merge Heap Roots: 0.4ms
[6.421s][info][gc,phases   ] GC(20)   Evacuate Collection Set: 24.4ms
[6.421s][info][gc,phases   ] GC(20)   Post Evacuate Collection Set: 0.5ms
[6.421s][info][gc,phases   ] GC(20)   Other: 0.1ms
[6.421s][info][gc,heap     ] GC(20) Eden regions: 318->0(504)
[6.421s][info][gc,heap     ] GC(20) Survivor regions: 14->22(42)
[6.421s][info][gc,heap     ] GC(20) Old regions: 413->413
[6.421s][info][gc,heap     ] GC(20) Humongous regions: 11->11
[6.421s][info][gc,metaspace] GC(20) Metaspace: 1643K(1792K)->1643K(1792K) NonClass: 1489K(1536K)->1489K(1536K) Class: 154K(256K)->154K(256K)
[6.421s][info][gc          ] GC(20) Pause Young (Normal) (G1 Evacuation Pause) 1509M->889M(2048M) 25.828ms
[6.421s][info][gc,cpu      ] GC(20) User=0.16s Sys=0.00s Real=0.03s
[7.096s][info][gc,start    ] GC(21) Pause Young (Normal) (G1 Evacuation Pause)
[7.096s][info][gc,task     ] GC(21) Using 10 workers of 10 for evacuation
[7.134s][info][gc,phases   ] GC(21)   Pre Evacuate Collection Set: 0.2ms
[7.134s][info][gc,phases   ] GC(21)   Merge Heap Roots: 0.4ms
[7.134s][info][gc,phases   ] GC(21)   Evacuate Collection Set: 36.3ms
[7.134s][info][gc,phases   ] GC(21)   Post Evacuate Collection Set: 0.6ms
[7.134s][info][gc,phases   ] GC(21)   Other: 0.2ms
[7.134s][info][gc,heap     ] GC(21) Eden regions: 504->0(476)
[7.134s][info][gc,heap     ] GC(21) Survivor regions: 22->36(66)
[7.134s][info][gc,heap     ] GC(21) Old regions: 413->413
[7.134s][info][gc,heap     ] GC(21) Humongous regions: 11->11
[7.134s][info][gc,metaspace] GC(21) Metaspace: 1643K(1792K)->1643K(1792K) NonClass: 1489K(1536K)->1489K(1536K) Class: 154K(256K)->154K(256K)
[7.134s][info][gc          ] GC(21) Pause Young (Normal) (G1 Evacuation Pause) 1897M->918M(2048M) 37.939ms
[7.134s][info][gc,cpu      ] GC(21) User=0.42s Sys=0.05s Real=0.04s
[7.802s][info][gc,start    ] GC(22) Pause Young (Normal) (G1 Evacuation Pause)
[7.802s][info][gc,task     ] GC(22) Using 10 workers of 10 for evacuation
[7.847s][info][gc,phases   ] GC(22)   Pre Evacuate Collection Set: 0.2ms
[7.847s][info][gc,phases   ] GC(22)   Merge Heap Roots: 0.4ms
[7.847s][info][gc,phases   ] GC(22)   Evacuate Collection Set: 42.7ms
[7.847s][info][gc,phases   ] GC(22)   Post Evacuate Collection Set: 0.8ms
[7.847s][info][gc,phases   ] GC(22)   Other: 0.1ms
[7.847s][info][gc,heap     ] GC(22) Eden regions: 476->0(462)
[7.847s][info][gc,heap     ] GC(22) Survivor regions: 36->39(64)
[7.847s][info][gc,heap     ] GC(22) Old regions: 413->421
[7.847s][info][gc,heap     ] GC(22) Humongous regions: 11->11
[7.847s][info][gc,metaspace] GC(22) Metaspace: 1644K(1792K)->1644K(1792K) NonClass: 1489K(1536K)->1489K(1536K) Class: 154K(256K)->154K(256K)
[7.847s][info][gc          ] GC(22) Pause Young (Normal) (G1 Evacuation Pause) 1870M->940M(2048M) 44.507ms
[7.847s][info][gc,cpu      ] GC(22) User=0.31s Sys=0.00s Real=0.05s
[7.973s][info][gc,start    ] GC(23) Pause Young (Normal) (G1 Evacuation Pause)
[7.974s][info][gc,task     ] GC(23) Using 10 workers of 10 for evacuation
[8.009s][info][gc,phases   ] GC(23)   Pre Evacuate Collection Set: 0.2ms
[8.009s][info][gc,phases   ] GC(23)   Merge Heap Roots: 0.9ms
[8.009s][info][gc,phases   ] GC(23)   Evacuate Collection Set: 33.8ms
[8.009s][info][gc,phases   ] GC(23)   Post Evacuate Collection Set: 0.5ms
[8.009s][info][gc,phases   ] GC(23)   Other: 0.1ms
[8.009s][info][gc,heap     ] GC(23) Eden regions: 101->0(492)
[8.009s][info][gc,heap     ] GC(23) Survivor regions: 39->5(18)
[8.009s][info][gc,heap     ] GC(23) Old regions: 421->459
[8.009s][info][gc,heap     ] GC(23) Humongous regions: 11->11
[8.009s][info][gc,metaspace] GC(23) Metaspace: 1645K(1792K)->1645K(1792K) NonClass: 1491K(1536K)->1491K(1536K) Class: 154K(256K)->154K(256K)
[8.009s][info][gc          ] GC(23) Pause Young (Normal) (G1 Evacuation Pause) 1142M->949M(2048M) 35.705ms
[8.009s][info][gc,cpu      ] GC(23) User=0.31s Sys=0.00s Real=0.04s
[8.029s][info][gc,start    ] GC(24) Pause Young (Concurrent Start) (G1 Humongous Allocation)
[8.030s][info][gc,task     ] GC(24) Using 10 workers of 10 for evacuation
[8.037s][info][gc,phases   ] GC(24)   Pre Evacuate Collection Set: 0.2ms
[8.037s][info][gc,phases   ] GC(24)   Merge Heap Roots: 0.1ms
[8.037s][info][gc,phases   ] GC(24)   Evacuate Collection Set: 6.2ms
[8.037s][info][gc,phases   ] GC(24)   Post Evacuate Collection Set: 0.3ms
[8.037s][info][gc,phases   ] GC(24)   Other: 0.1ms
[8.037s][info][gc,heap     ] GC(24) Eden regions: 16->0(494)
[8.037s][info][gc,heap     ] GC(24) Survivor regions: 5->4(63)
[8.037s][info][gc,heap     ] GC(24) Old regions: 459->459
[8.037s][info][gc,heap     ] GC(24) Humongous regions: 11->11
[8.037s][info][gc,metaspace] GC(24) Metaspace: 1645K(1792K)->1645K(1792K) NonClass: 1491K(1536K)->1491K(1536K) Class: 154K(256K)->154K(256K)
[8.037s][info][gc          ] GC(24) Pause Young (Concurrent Start) (G1 Humongous Allocation) 980M->947M(2048M) 7.279ms
[8.037s][info][gc,cpu      ] GC(24) User=0.16s Sys=0.00s Real=0.01s
[8.037s][info][gc          ] GC(25) Concurrent Mark Cycle
[8.037s][info][gc,marking  ] GC(25) Concurrent Scan Root Regions
[8.039s][info][gc,marking  ] GC(25) Concurrent Scan Root Regions 1.667ms
[8.039s][info][gc,marking  ] GC(25) Concurrent Mark
[8.039s][info][gc,marking  ] GC(25) Concurrent Mark From Roots
[8.039s][info][gc,task     ] GC(25) Using 3 workers of 3 for marking
[8.211s][info][gc,marking  ] GC(25) Concurrent Mark From Roots 172.784ms
[8.211s][info][gc,marking  ] GC(25) Concurrent Preclean
[8.211s][info][gc,marking  ] GC(25) Concurrent Preclean 0.021ms
[8.212s][info][gc,start    ] GC(25) Pause Remark
[8.213s][info][gc          ] GC(25) Pause Remark 1127M->1115M(2048M) 1.154ms
[8.213s][info][gc,cpu      ] GC(25) User=0.00s Sys=0.00s Real=0.00s
[8.213s][info][gc,marking  ] GC(25) Concurrent Mark 174.272ms
[8.213s][info][gc,marking  ] GC(25) Concurrent Rebuild Remembered Sets and Scrub Regions
[8.304s][info][gc,marking  ] GC(25) Concurrent Rebuild Remembered Sets and Scrub Regions 91.318ms
[8.304s][info][gc,start    ] GC(25) Pause Cleanup
[8.305s][info][gc          ] GC(25) Pause Cleanup 1213M->1213M(2048M) 0.239ms
[8.305s][info][gc,cpu      ] GC(25) User=0.00s Sys=0.00s Real=0.00s
[8.305s][info][gc,marking  ] GC(25) Concurrent Clear Claimed Marks
[8.305s][info][gc,marking  ] GC(25) Concurrent Clear Claimed Marks 0.036ms
[8.305s][info][gc,marking  ] GC(25) Concurrent Cleanup for Next Mark
[8.309s][info][gc,marking  ] GC(25) Concurrent Cleanup for Next Mark 3.763ms
[8.309s][info][gc          ] GC(25) Concurrent Mark Cycle 271.791ms
[8.791s][info][gc,start    ] GC(26) Pause Young (Prepare Mixed) (G1 Evacuation Pause)
[8.791s][info][gc,task     ] GC(26) Using 10 workers of 10 for evacuation
[8.823s][info][gc,phases   ] GC(26)   Pre Evacuate Collection Set: 0.2ms
[8.823s][info][gc,phases   ] GC(26)   Merge Heap Roots: 0.7ms
[8.823s][info][gc,phases   ] GC(26)   Evacuate Collection Set: 30.2ms
[8.823s][info][gc,phases   ] GC(26)   Post Evacuate Collection Set: 0.6ms
[8.823s][info][gc,phases   ] GC(26)   Other: 0.1ms
[8.823s][info][gc,heap     ] GC(26) Eden regions: 494->0(461)
[8.823s][info][gc,heap     ] GC(26) Survivor regions: 4->19(63)
[8.823s][info][gc,heap     ] GC(26) Old regions: 459->459
[8.823s][info][gc,heap     ] GC(26) Humongous regions: 14->14
[8.823s][info][gc,metaspace] GC(26) Metaspace: 1645K(1792K)->1645K(1792K) NonClass: 1491K(1536K)->1491K(1536K) Class: 154K(256K)->154K(256K)
[8.823s][info][gc          ] GC(26) Pause Young (Prepare Mixed) (G1 Evacuation Pause) 1941M->982M(2048M) 32.106ms
[8.823s][info][gc,cpu      ] GC(26) User=0.30s Sys=0.02s Real=0.03s
[9.662s][info][gc,heap,exit] Heap
[9.662s][info][gc,heap,exit]  garbage-first heap   total 2097152K, used 1509610K [0x0000000700000000, 0x0000000800000000)
[9.662s][info][gc,heap,exit]   region size 2048K, 244 young (499712K), 19 survivors (38912K)
[9.662s][info][gc,heap,exit]  Metaspace       used 1809K, committed 1984K, reserved 1114112K
[9.662s][info][gc,heap,exit]   class space    used 173K, committed 256K, reserved 1048576K
