[0.014s][info][gc,init] CardTable entry size: 512
[0.015s][info][gc     ] Using G1
[0.023s][info][gc,init] Version: 21.0.5+9-LTS-239 (release)
[0.023s][info][gc,init] CPUs: 12 total, 12 available
[0.023s][info][gc,init] Memory: 16190M
[0.023s][info][gc,init] Large Page Support: Disabled
[0.023s][info][gc,init] NUMA Support: Disabled
[0.023s][info][gc,init] Compressed Oops: Enabled (Zero based)
[0.023s][info][gc,init] Heap Region Size: 2M
[0.023s][info][gc,init] Heap Min Capacity: 2G
[0.023s][info][gc,init] Heap Initial Capacity: 2G
[0.023s][info][gc,init] Heap Max Capacity: 4G
[0.023s][info][gc,init] Pre-touch: Disabled
[0.023s][info][gc,init] Parallel Workers: 10
[0.023s][info][gc,init] Concurrent Workers: 3
[0.023s][info][gc,init] Concurrent Refinement Workers: 10
[0.023s][info][gc,init] Periodic GC: Disabled
[0.031s][info][gc,metaspace] CDS archive(s) mapped at: [0x0000023b98000000-0x0000023b98c90000-0x0000023b98c90000), size 13172736, SharedBaseAddress: 0x0000023b98000000, ArchiveRelocationMode: 1.
[0.031s][info][gc,metaspace] Compressed class space mapped at: 0x0000023b99000000-0x0000023bd9000000, reserved size: 1073741824
[0.031s][info][gc,metaspace] Narrow klass base: 0x0000023b98000000, Narrow klass shift: 0, Narrow klass range: 0x100000000
[0.476s][info][gc,start    ] GC(0) Pause Young (Normal) (G1 Evacuation Pause)
[0.478s][info][gc,task     ] GC(0) Using 10 workers of 10 for evacuation
[0.482s][info][gc,phases   ] GC(0)   Pre Evacuate Collection Set: 0.2ms
[0.482s][info][gc,phases   ] GC(0)   Merge Heap Roots: 0.2ms
[0.482s][info][gc,phases   ] GC(0)   Evacuate Collection Set: 3.2ms
[0.482s][info][gc,phases   ] GC(0)   Post Evacuate Collection Set: 0.5ms
[0.482s][info][gc,phases   ] GC(0)   Other: 1.8ms
[0.482s][info][gc,heap     ] GC(0) Eden regions: 51->0(44)
[0.482s][info][gc,heap     ] GC(0) Survivor regions: 0->7(7)
[0.482s][info][gc,heap     ] GC(0) Old regions: 0->4
[0.482s][info][gc,heap     ] GC(0) Humongous regions: 1->0
[0.482s][info][gc,metaspace] GC(0) Metaspace: 1316K(1472K)->1316K(1472K) NonClass: 1218K(1280K)->1218K(1280K) Class: 97K(192K)->97K(192K)
[0.482s][info][gc          ] GC(0) Pause Young (Normal) (G1 Evacuation Pause) 103M->21M(2048M) 6.268ms
[0.482s][info][gc,cpu      ] GC(0) User=0.00s Sys=0.00s Real=0.01s
[0.583s][info][gc,start    ] GC(1) Pause Young (Normal) (G1 Evacuation Pause)
[0.583s][info][gc,task     ] GC(1) Using 10 workers of 10 for evacuation
[0.587s][info][gc,phases   ] GC(1)   Pre Evacuate Collection Set: 0.2ms
[0.587s][info][gc,phases   ] GC(1)   Merge Heap Roots: 0.1ms
[0.587s][info][gc,phases   ] GC(1)   Evacuate Collection Set: 3.4ms
[0.587s][info][gc,phases   ] GC(1)   Post Evacuate Collection Set: 0.4ms
[0.587s][info][gc,phases   ] GC(1)   Other: 0.1ms
[0.587s][info][gc,heap     ] GC(1) Eden regions: 44->0(44)
[0.587s][info][gc,heap     ] GC(1) Survivor regions: 7->7(7)
[0.587s][info][gc,heap     ] GC(1) Old regions: 4->13
[0.587s][info][gc,heap     ] GC(1) Humongous regions: 0->0
[0.587s][info][gc,metaspace] GC(1) Metaspace: 1319K(1472K)->1319K(1472K) NonClass: 1222K(1280K)->1222K(1280K) Class: 97K(192K)->97K(192K)
[0.587s][info][gc          ] GC(1) Pause Young (Normal) (G1 Evacuation Pause) 109M->38M(2048M) 4.489ms
[0.587s][info][gc,cpu      ] GC(1) User=0.00s Sys=0.00s Real=0.01s
[0.653s][info][gc,start    ] GC(2) Pause Young (Normal) (G1 Evacuation Pause)
[0.653s][info][gc,task     ] GC(2) Using 10 workers of 10 for evacuation
[0.658s][info][gc,phases   ] GC(2)   Pre Evacuate Collection Set: 0.3ms
[0.658s][info][gc,phases   ] GC(2)   Merge Heap Roots: 0.1ms
[0.658s][info][gc,phases   ] GC(2)   Evacuate Collection Set: 4.4ms
[0.658s][info][gc,phases   ] GC(2)   Post Evacuate Collection Set: 0.4ms
[0.658s][info][gc,phases   ] GC(2)   Other: 0.1ms
[0.658s][info][gc,heap     ] GC(2) Eden regions: 44->0(44)
[0.658s][info][gc,heap     ] GC(2) Survivor regions: 7->7(7)
[0.658s][info][gc,heap     ] GC(2) Old regions: 13->22
[0.658s][info][gc,heap     ] GC(2) Humongous regions: 0->0
[0.658s][info][gc,metaspace] GC(2) Metaspace: 1321K(1472K)->1321K(1472K) NonClass: 1223K(1280K)->1223K(1280K) Class: 97K(192K)->97K(192K)
[0.659s][info][gc          ] GC(2) Pause Young (Normal) (G1 Evacuation Pause) 126M->56M(2048M) 5.590ms
[0.659s][info][gc,cpu      ] GC(2) User=0.03s Sys=0.12s Real=0.01s
[0.724s][info][gc,start    ] GC(3) Pause Young (Normal) (G1 Evacuation Pause)
[0.724s][info][gc,task     ] GC(3) Using 10 workers of 10 for evacuation
[0.729s][info][gc,phases   ] GC(3)   Pre Evacuate Collection Set: 0.3ms
[0.729s][info][gc,phases   ] GC(3)   Merge Heap Roots: 0.1ms
[0.729s][info][gc,phases   ] GC(3)   Evacuate Collection Set: 3.7ms
[0.729s][info][gc,phases   ] GC(3)   Post Evacuate Collection Set: 0.4ms
[0.729s][info][gc,phases   ] GC(3)   Other: 0.1ms
[0.729s][info][gc,heap     ] GC(3) Eden regions: 44->0(60)
[0.729s][info][gc,heap     ] GC(3) Survivor regions: 7->7(7)
[0.729s][info][gc,heap     ] GC(3) Old regions: 22->30
[0.729s][info][gc,heap     ] GC(3) Humongous regions: 0->0
[0.729s][info][gc,metaspace] GC(3) Metaspace: 1321K(1472K)->1321K(1472K) NonClass: 1223K(1280K)->1223K(1280K) Class: 97K(192K)->97K(192K)
[0.729s][info][gc          ] GC(3) Pause Young (Normal) (G1 Evacuation Pause) 144M->73M(2048M) 4.776ms
[0.729s][info][gc,cpu      ] GC(3) User=0.00s Sys=0.00s Real=0.01s
[0.851s][info][gc,start    ] GC(4) Pause Young (Normal) (G1 Evacuation Pause)
[0.851s][info][gc,task     ] GC(4) Using 10 workers of 10 for evacuation
[0.857s][info][gc,phases   ] GC(4)   Pre Evacuate Collection Set: 0.3ms
[0.857s][info][gc,phases   ] GC(4)   Merge Heap Roots: 0.1ms
[0.857s][info][gc,phases   ] GC(4)   Evacuate Collection Set: 5.1ms
[0.857s][info][gc,phases   ] GC(4)   Post Evacuate Collection Set: 0.4ms
[0.857s][info][gc,phases   ] GC(4)   Other: 0.1ms
[0.857s][info][gc,heap     ] GC(4) Eden regions: 60->0(91)
[0.857s][info][gc,heap     ] GC(4) Survivor regions: 7->9(9)
[0.857s][info][gc,heap     ] GC(4) Old regions: 30->40
[0.857s][info][gc,heap     ] GC(4) Humongous regions: 0->0
[0.857s][info][gc,metaspace] GC(4) Metaspace: 1321K(1472K)->1321K(1472K) NonClass: 1223K(1280K)->1223K(1280K) Class: 97K(192K)->97K(192K)
[0.857s][info][gc          ] GC(4) Pause Young (Normal) (G1 Evacuation Pause) 193M->96M(2048M) 6.253ms
[0.857s][info][gc,cpu      ] GC(4) User=0.00s Sys=0.00s Real=0.01s
[0.995s][info][gc,start    ] GC(5) Pause Young (Normal) (G1 Evacuation Pause)
[0.995s][info][gc,task     ] GC(5) Using 10 workers of 10 for evacuation
[1.004s][info][gc,phases   ] GC(5)   Pre Evacuate Collection Set: 0.3ms
[1.004s][info][gc,phases   ] GC(5)   Merge Heap Roots: 0.1ms
[1.004s][info][gc,phases   ] GC(5)   Evacuate Collection Set: 7.5ms
[1.004s][info][gc,phases   ] GC(5)   Post Evacuate Collection Set: 0.5ms
[1.004s][info][gc,phases   ] GC(5)   Other: 0.1ms
[1.004s][info][gc,heap     ] GC(5) Eden regions: 91->0(93)
[1.004s][info][gc,heap     ] GC(5) Survivor regions: 9->13(13)
[1.004s][info][gc,heap     ] GC(5) Old regions: 40->53
[1.004s][info][gc,heap     ] GC(5) Humongous regions: 0->0
[1.004s][info][gc,metaspace] GC(5) Metaspace: 1321K(1472K)->1321K(1472K) NonClass: 1223K(1280K)->1223K(1280K) Class: 97K(192K)->97K(192K)
[1.004s][info][gc          ] GC(5) Pause Young (Normal) (G1 Evacuation Pause) 278M->131M(2048M) 8.754ms
[1.004s][info][gc,cpu      ] GC(5) User=0.06s Sys=0.09s Real=0.01s
[1.133s][info][gc,start    ] GC(6) Pause Young (Normal) (G1 Evacuation Pause)
[1.133s][info][gc,task     ] GC(6) Using 10 workers of 10 for evacuation
[1.143s][info][gc,phases   ] GC(6)   Pre Evacuate Collection Set: 0.2ms
[1.143s][info][gc,phases   ] GC(6)   Merge Heap Roots: 0.1ms
[1.143s][info][gc,phases   ] GC(6)   Evacuate Collection Set: 9.5ms
[1.143s][info][gc,phases   ] GC(6)   Post Evacuate Collection Set: 0.5ms
[1.143s][info][gc,phases   ] GC(6)   Other: 0.1ms
[1.143s][info][gc,heap     ] GC(6) Eden regions: 93->0(126)
[1.143s][info][gc,heap     ] GC(6) Survivor regions: 13->14(14)
[1.143s][info][gc,heap     ] GC(6) Old regions: 53->71
[1.143s][info][gc,heap     ] GC(6) Humongous regions: 1->0
[1.143s][info][gc,metaspace] GC(6) Metaspace: 1321K(1472K)->1321K(1472K) NonClass: 1223K(1280K)->1223K(1280K) Class: 97K(192K)->97K(192K)
[1.143s][info][gc          ] GC(6) Pause Young (Normal) (G1 Evacuation Pause) 319M->168M(2048M) 10.735ms
[1.144s][info][gc,cpu      ] GC(6) User=0.11s Sys=0.05s Real=0.01s
[1.329s][info][gc,start    ] GC(7) Pause Young (Normal) (G1 Evacuation Pause)
[1.329s][info][gc,task     ] GC(7) Using 10 workers of 10 for evacuation
[1.342s][info][gc,phases   ] GC(7)   Pre Evacuate Collection Set: 0.2ms
[1.342s][info][gc,phases   ] GC(7)   Merge Heap Roots: 0.1ms
[1.342s][info][gc,phases   ] GC(7)   Evacuate Collection Set: 11.9ms
[1.342s][info][gc,phases   ] GC(7)   Post Evacuate Collection Set: 0.4ms
[1.342s][info][gc,phases   ] GC(7)   Other: 0.1ms
[1.342s][info][gc,heap     ] GC(7) Eden regions: 126->0(146)
[1.342s][info][gc,heap     ] GC(7) Survivor regions: 14->18(18)
[1.342s][info][gc,heap     ] GC(7) Old regions: 71->92
[1.342s][info][gc,heap     ] GC(7) Humongous regions: 0->0
[1.342s][info][gc,metaspace] GC(7) Metaspace: 1321K(1472K)->1321K(1472K) NonClass: 1223K(1280K)->1223K(1280K) Class: 97K(192K)->97K(192K)
[1.342s][info][gc          ] GC(7) Pause Young (Normal) (G1 Evacuation Pause) 420M->219M(2048M) 12.951ms
[1.342s][info][gc,cpu      ] GC(7) User=0.00s Sys=0.05s Real=0.01s
[1.541s][info][gc,start    ] GC(8) Pause Young (Normal) (G1 Evacuation Pause)
[1.541s][info][gc,task     ] GC(8) Using 10 workers of 10 for evacuation
[1.557s][info][gc,phases   ] GC(8)   Pre Evacuate Collection Set: 0.3ms
[1.557s][info][gc,phases   ] GC(8)   Merge Heap Roots: 0.1ms
[1.557s][info][gc,phases   ] GC(8)   Evacuate Collection Set: 14.9ms
[1.557s][info][gc,phases   ] GC(8)   Post Evacuate Collection Set: 0.6ms
[1.557s][info][gc,phases   ] GC(8)   Other: 0.1ms
[1.557s][info][gc,heap     ] GC(8) Eden regions: 146->0(166)
[1.557s][info][gc,heap     ] GC(8) Survivor regions: 18->21(21)
[1.557s][info][gc,heap     ] GC(8) Old regions: 92->118
[1.557s][info][gc,heap     ] GC(8) Humongous regions: 1->0
[1.557s][info][gc,metaspace] GC(8) Metaspace: 1321K(1472K)->1321K(1472K) NonClass: 1223K(1280K)->1223K(1280K) Class: 97K(192K)->97K(192K)
[1.557s][info][gc          ] GC(8) Pause Young (Normal) (G1 Evacuation Pause) 513M->276M(2048M) 16.149ms
[1.557s][info][gc,cpu      ] GC(8) User=0.06s Sys=0.09s Real=0.02s
[1.783s][info][gc,start    ] GC(9) Pause Young (Normal) (G1 Evacuation Pause)
[1.783s][info][gc,task     ] GC(9) Using 10 workers of 10 for evacuation
[1.800s][info][gc,phases   ] GC(9)   Pre Evacuate Collection Set: 0.3ms
[1.800s][info][gc,phases   ] GC(9)   Merge Heap Roots: 0.1ms
[1.800s][info][gc,phases   ] GC(9)   Evacuate Collection Set: 15.2ms
[1.800s][info][gc,phases   ] GC(9)   Post Evacuate Collection Set: 0.6ms
[1.800s][info][gc,phases   ] GC(9)   Other: 0.1ms
[1.800s][info][gc,heap     ] GC(9) Eden regions: 166->0(216)
[1.800s][info][gc,heap     ] GC(9) Survivor regions: 21->24(24)
[1.800s][info][gc,heap     ] GC(9) Old regions: 118->147
[1.800s][info][gc,heap     ] GC(9) Humongous regions: 0->0
[1.800s][info][gc,metaspace] GC(9) Metaspace: 1321K(1472K)->1321K(1472K) NonClass: 1223K(1280K)->1223K(1280K) Class: 97K(192K)->97K(192K)
[1.800s][info][gc          ] GC(9) Pause Young (Normal) (G1 Evacuation Pause) 608M->341M(2048M) 16.456ms
[1.800s][info][gc,cpu      ] GC(9) User=0.05s Sys=0.11s Real=0.02s
[2.100s][info][gc,start    ] GC(10) Pause Young (Normal) (G1 Evacuation Pause)
[2.100s][info][gc,task     ] GC(10) Using 10 workers of 10 for evacuation
[2.122s][info][gc,phases   ] GC(10)   Pre Evacuate Collection Set: 0.3ms
[2.122s][info][gc,phases   ] GC(10)   Merge Heap Roots: 0.1ms
[2.122s][info][gc,phases   ] GC(10)   Evacuate Collection Set: 21.0ms
[2.122s][info][gc,phases   ] GC(10)   Post Evacuate Collection Set: 0.6ms
[2.122s][info][gc,phases   ] GC(10)   Other: 0.1ms
[2.122s][info][gc,heap     ] GC(10) Eden regions: 216->0(268)
[2.122s][info][gc,heap     ] GC(10) Survivor regions: 24->30(30)
[2.122s][info][gc,heap     ] GC(10) Old regions: 147->183
[2.122s][info][gc,heap     ] GC(10) Humongous regions: 0->0
[2.122s][info][gc,metaspace] GC(10) Metaspace: 1321K(1472K)->1321K(1472K) NonClass: 1223K(1280K)->1223K(1280K) Class: 97K(192K)->97K(192K)
[2.122s][info][gc          ] GC(10) Pause Young (Normal) (G1 Evacuation Pause) 773M->425M(2048M) 22.415ms
[2.122s][info][gc,cpu      ] GC(10) User=0.02s Sys=0.14s Real=0.02s
[2.481s][info][gc,start    ] GC(11) Pause Young (Normal) (G1 Evacuation Pause)
[2.481s][info][gc,task     ] GC(11) Using 10 workers of 10 for evacuation
[2.506s][info][gc,phases   ] GC(11)   Pre Evacuate Collection Set: 0.3ms
[2.506s][info][gc,phases   ] GC(11)   Merge Heap Roots: 0.2ms
[2.506s][info][gc,phases   ] GC(11)   Evacuate Collection Set: 23.8ms
[2.506s][info][gc,phases   ] GC(11)   Post Evacuate Collection Set: 0.7ms
[2.506s][info][gc,phases   ] GC(11)   Other: 0.1ms
[2.506s][info][gc,heap     ] GC(11) Eden regions: 268->0(328)
[2.506s][info][gc,heap     ] GC(11) Survivor regions: 30->38(38)
[2.506s][info][gc,heap     ] GC(11) Old regions: 183->228
[2.506s][info][gc,heap     ] GC(11) Humongous regions: 1->0
[2.506s][info][gc,metaspace] GC(11) Metaspace: 1321K(1472K)->1321K(1472K) NonClass: 1223K(1280K)->1223K(1280K) Class: 97K(192K)->97K(192K)
[2.506s][info][gc          ] GC(11) Pause Young (Normal) (G1 Evacuation Pause) 963M->530M(2048M) 25.272ms
[2.506s][info][gc,cpu      ] GC(11) User=0.08s Sys=0.23s Real=0.03s
[2.949s][info][gc,start    ] GC(12) Pause Young (Normal) (G1 Evacuation Pause)
[2.949s][info][gc,task     ] GC(12) Using 10 workers of 10 for evacuation
[2.983s][info][gc,phases   ] GC(12)   Pre Evacuate Collection Set: 0.3ms
[2.983s][info][gc,phases   ] GC(12)   Merge Heap Roots: 0.1ms
[2.983s][info][gc,phases   ] GC(12)   Evacuate Collection Set: 32.8ms
[2.983s][info][gc,phases   ] GC(12)   Post Evacuate Collection Set: 0.7ms
[2.983s][info][gc,phases   ] GC(12)   Other: 0.1ms
[2.983s][info][gc,heap     ] GC(12) Eden regions: 328->0(340)
[2.983s][info][gc,heap     ] GC(12) Survivor regions: 38->46(46)
[2.983s][info][gc,heap     ] GC(12) Old regions: 228->285
[2.983s][info][gc,heap     ] GC(12) Humongous regions: 2->0
[2.983s][info][gc,metaspace] GC(12) Metaspace: 1321K(1472K)->1321K(1472K) NonClass: 1223K(1280K)->1223K(1280K) Class: 97K(192K)->97K(192K)
[2.983s][info][gc          ] GC(12) Pause Young (Normal) (G1 Evacuation Pause) 1190M->661M(2048M) 34.307ms
[2.983s][info][gc,cpu      ] GC(12) User=0.06s Sys=0.25s Real=0.03s
[3.427s][info][gc,start    ] GC(13) Pause Young (Normal) (G1 Evacuation Pause)
[3.427s][info][gc,task     ] GC(13) Using 10 workers of 10 for evacuation
[3.457s][info][gc,phases   ] GC(13)   Pre Evacuate Collection Set: 0.3ms
[3.457s][info][gc,phases   ] GC(13)   Merge Heap Roots: 0.2ms
[3.457s][info][gc,phases   ] GC(13)   Evacuate Collection Set: 28.8ms
[3.457s][info][gc,phases   ] GC(13)   Post Evacuate Collection Set: 0.7ms
[3.457s][info][gc,phases   ] GC(13)   Other: 0.1ms
[3.457s][info][gc,heap     ] GC(13) Eden regions: 340->0(392)
[3.457s][info][gc,heap     ] GC(13) Survivor regions: 46->49(49)
[3.457s][info][gc,heap     ] GC(13) Old regions: 285->349
[3.457s][info][gc,heap     ] GC(13) Humongous regions: 8->0
[3.457s][info][gc,metaspace] GC(13) Metaspace: 1321K(1472K)->1321K(1472K) NonClass: 1223K(1280K)->1223K(1280K) Class: 97K(192K)->97K(192K)
[3.457s][info][gc          ] GC(13) Pause Young (Normal) (G1 Evacuation Pause) 1357M->794M(2048M) 30.392ms
[3.457s][info][gc,cpu      ] GC(13) User=0.06s Sys=0.25s Real=0.03s
[3.960s][info][gc,start    ] GC(14) Pause Young (Normal) (G1 Evacuation Pause)
[3.960s][info][gc,task     ] GC(14) Using 10 workers of 10 for evacuation
[3.999s][info][gc,phases   ] GC(14)   Pre Evacuate Collection Set: 0.4ms
[3.999s][info][gc,phases   ] GC(14)   Merge Heap Roots: 0.1ms
[3.999s][info][gc,phases   ] GC(14)   Evacuate Collection Set: 37.9ms
[3.999s][info][gc,phases   ] GC(14)   Post Evacuate Collection Set: 1.0ms
[3.999s][info][gc,phases   ] GC(14)   Other: 0.1ms
[3.999s][info][gc,heap     ] GC(14) Eden regions: 392->0(356)
[3.999s][info][gc,heap     ] GC(14) Survivor regions: 49->56(56)
[3.999s][info][gc,heap     ] GC(14) Old regions: 349->421
[3.999s][info][gc,heap     ] GC(14) Humongous regions: 4->0
[3.999s][info][gc,metaspace] GC(14) Metaspace: 1321K(1472K)->1321K(1472K) NonClass: 1223K(1280K)->1223K(1280K) Class: 97K(192K)->97K(192K)
[3.999s][info][gc          ] GC(14) Pause Young (Normal) (G1 Evacuation Pause) 1586M->952M(2048M) 39.691ms
[3.999s][info][gc,cpu      ] GC(14) User=0.11s Sys=0.19s Real=0.04s
[4.463s][info][gc,start    ] GC(15) Pause Young (Normal) (G1 Evacuation Pause)
[4.463s][info][gc,task     ] GC(15) Using 10 workers of 10 for evacuation
[4.492s][info][gc,phases   ] GC(15)   Pre Evacuate Collection Set: 0.3ms
[4.492s][info][gc,phases   ] GC(15)   Merge Heap Roots: 0.2ms
[4.492s][info][gc,phases   ] GC(15)   Evacuate Collection Set: 27.8ms
[4.492s][info][gc,phases   ] GC(15)   Post Evacuate Collection Set: 0.7ms
[4.492s][info][gc,phases   ] GC(15)   Other: 0.1ms
[4.492s][info][gc,heap     ] GC(15) Eden regions: 356->0(321)
[4.492s][info][gc,heap     ] GC(15) Survivor regions: 56->52(52)
[4.492s][info][gc,heap     ] GC(15) Old regions: 421->494
[4.492s][info][gc,heap     ] GC(15) Humongous regions: 5->0
[4.492s][info][gc,metaspace] GC(15) Metaspace: 1322K(1472K)->1322K(1472K) NonClass: 1224K(1280K)->1224K(1280K) Class: 97K(192K)->97K(192K)
[4.492s][info][gc          ] GC(15) Pause Young (Normal) (G1 Evacuation Pause) 1674M->1091M(2048M) 29.261ms
[4.492s][info][gc,cpu      ] GC(15) User=0.06s Sys=0.23s Real=0.03s
[4.906s][info][gc,start    ] GC(16) Pause Young (Concurrent Start) (G1 Evacuation Pause)
[4.906s][info][gc,task     ] GC(16) Using 10 workers of 10 for evacuation
[4.933s][info][gc,phases   ] GC(16)   Pre Evacuate Collection Set: 0.3ms
[4.933s][info][gc,phases   ] GC(16)   Merge Heap Roots: 0.1ms
[4.933s][info][gc,phases   ] GC(16)   Evacuate Collection Set: 25.1ms
[4.933s][info][gc,phases   ] GC(16)   Post Evacuate Collection Set: 0.7ms
[4.933s][info][gc,phases   ] GC(16)   Other: 0.2ms
[4.933s][info][gc,heap     ] GC(16) Eden regions: 321->0(279)
[4.933s][info][gc,heap     ] GC(16) Survivor regions: 52->47(47)
[4.933s][info][gc,heap     ] GC(16) Old regions: 494->563
[4.933s][info][gc,heap     ] GC(16) Humongous regions: 0->0
[4.933s][info][gc,metaspace] GC(16) Metaspace: 1322K(1472K)->1322K(1472K) NonClass: 1224K(1280K)->1224K(1280K) Class: 97K(192K)->97K(192K)
[4.933s][info][gc          ] GC(16) Pause Young (Concurrent Start) (G1 Evacuation Pause) 1733M->1219M(2048M) 26.656ms
[4.933s][info][gc,cpu      ] GC(16) User=0.08s Sys=0.23s Real=0.03s
[4.933s][info][gc          ] GC(17) Concurrent Mark Cycle
[4.933s][info][gc,marking  ] GC(17) Concurrent Scan Root Regions
[4.935s][info][gc,marking  ] GC(17) Concurrent Scan Root Regions 1.900ms
[4.935s][info][gc,marking  ] GC(17) Concurrent Mark
[4.935s][info][gc,marking  ] GC(17) Concurrent Mark From Roots
[4.935s][info][gc,task     ] GC(17) Using 3 workers of 3 for marking
[4.940s][info][gc,marking  ] GC(17) Concurrent Mark From Roots 5.519ms
[4.941s][info][gc,marking  ] GC(17) Concurrent Preclean
[4.941s][info][gc,marking  ] GC(17) Concurrent Preclean 0.016ms
[4.941s][info][gc,start    ] GC(17) Pause Remark
[4.942s][info][gc          ] GC(17) Pause Remark 1231M->1231M(2054M) 1.768ms
[4.942s][info][gc,cpu      ] GC(17) User=0.00s Sys=0.00s Real=0.00s
[4.942s][info][gc,marking  ] GC(17) Concurrent Mark 7.544ms
[4.943s][info][gc,marking  ] GC(17) Concurrent Rebuild Remembered Sets and Scrub Regions
[4.944s][info][gc,marking  ] GC(17) Concurrent Rebuild Remembered Sets and Scrub Regions 1.124ms
[4.944s][info][gc,start    ] GC(17) Pause Cleanup
[4.944s][info][gc          ] GC(17) Pause Cleanup 1232M->1232M(2054M) 0.226ms
[4.944s][info][gc,cpu      ] GC(17) User=0.00s Sys=0.00s Real=0.00s
[4.944s][info][gc,marking  ] GC(17) Concurrent Clear Claimed Marks
[4.944s][info][gc,marking  ] GC(17) Concurrent Clear Claimed Marks 0.025ms
[4.944s][info][gc,marking  ] GC(17) Concurrent Cleanup for Next Mark
[4.947s][info][gc,marking  ] GC(17) Concurrent Cleanup for Next Mark 3.109ms
[4.947s][info][gc          ] GC(17) Concurrent Mark Cycle 14.284ms
[5.302s][info][gc,start    ] GC(18) Pause Young (Prepare Mixed) (G1 Evacuation Pause)
[5.302s][info][gc,task     ] GC(18) Using 10 workers of 10 for evacuation
[5.323s][info][gc,phases   ] GC(18)   Pre Evacuate Collection Set: 0.3ms
[5.323s][info][gc,phases   ] GC(18)   Merge Heap Roots: 0.2ms
[5.323s][info][gc,phases   ] GC(18)   Evacuate Collection Set: 19.4ms
[5.323s][info][gc,phases   ] GC(18)   Post Evacuate Collection Set: 0.7ms
[5.323s][info][gc,phases   ] GC(18)   Other: 0.1ms
[5.323s][info][gc,heap     ] GC(18) Eden regions: 279->0(243)
[5.323s][info][gc,heap     ] GC(18) Survivor regions: 47->41(41)
[5.323s][info][gc,heap     ] GC(18) Old regions: 563->625
[5.323s][info][gc,heap     ] GC(18) Humongous regions: 2->0
[5.323s][info][gc,metaspace] GC(18) Metaspace: 1322K(1472K)->1322K(1472K) NonClass: 1224K(1280K)->1224K(1280K) Class: 97K(192K)->97K(192K)
[5.323s][info][gc          ] GC(18) Pause Young (Prepare Mixed) (G1 Evacuation Pause) 1781M->1331M(2054M) 20.887ms
[5.323s][info][gc,cpu      ] GC(18) User=0.06s Sys=0.09s Real=0.02s
[5.635s][info][gc,start    ] GC(19) Pause Young (Mixed) (G1 Evacuation Pause)
[5.635s][info][gc,task     ] GC(19) Using 10 workers of 10 for evacuation
[5.655s][info][gc,phases   ] GC(19)   Pre Evacuate Collection Set: 0.3ms
[5.655s][info][gc,phases   ] GC(19)   Merge Heap Roots: 0.1ms
[5.655s][info][gc,phases   ] GC(19)   Evacuate Collection Set: 18.1ms
[5.655s][info][gc,phases   ] GC(19)   Post Evacuate Collection Set: 0.7ms
[5.655s][info][gc,phases   ] GC(19)   Other: 0.1ms
[5.655s][info][gc,heap     ] GC(19) Eden regions: 243->0(210)
[5.655s][info][gc,heap     ] GC(19) Survivor regions: 41->36(36)
[5.655s][info][gc,heap     ] GC(19) Old regions: 625->678
[5.655s][info][gc,heap     ] GC(19) Humongous regions: 2->0
[5.655s][info][gc,metaspace] GC(19) Metaspace: 1322K(1472K)->1322K(1472K) NonClass: 1224K(1280K)->1224K(1280K) Class: 97K(192K)->97K(192K)
[5.655s][info][gc          ] GC(19) Pause Young (Mixed) (G1 Evacuation Pause) 1821M->1426M(2054M) 19.560ms
[5.655s][info][gc,cpu      ] GC(19) User=0.09s Sys=0.03s Real=0.02s
[5.656s][info][gc,start    ] GC(20) Pause Young (Concurrent Start) (G1 Humongous Allocation)
[5.656s][info][gc,task     ] GC(20) Using 10 workers of 10 for evacuation
[5.664s][info][gc,phases   ] GC(20)   Pre Evacuate Collection Set: 0.3ms
[5.665s][info][gc,phases   ] GC(20)   Merge Heap Roots: 0.2ms
[5.665s][info][gc,phases   ] GC(20)   Evacuate Collection Set: 7.3ms
[5.665s][info][gc,phases   ] GC(20)   Post Evacuate Collection Set: 0.6ms
[5.665s][info][gc,phases   ] GC(20)   Other: 0.2ms
[5.665s][info][gc,heap     ] GC(20) Eden regions: 1->0(201)
[5.665s][info][gc,heap     ] GC(20) Survivor regions: 36->1(31)
[5.665s][info][gc,heap     ] GC(20) Old regions: 678->713
[5.665s][info][gc,heap     ] GC(20) Humongous regions: 0->0
[5.665s][info][gc,metaspace] GC(20) Metaspace: 1322K(1472K)->1322K(1472K) NonClass: 1224K(1280K)->1224K(1280K) Class: 97K(192K)->97K(192K)
[5.665s][info][gc          ] GC(20) Pause Young (Concurrent Start) (G1 Humongous Allocation) 1427M->1426M(2054M) 8.778ms
[5.665s][info][gc,cpu      ] GC(20) User=0.16s Sys=0.00s Real=0.01s
[5.665s][info][gc          ] GC(21) Concurrent Mark Cycle
[5.665s][info][gc,marking  ] GC(21) Concurrent Scan Root Regions
[5.665s][info][gc,marking  ] GC(21) Concurrent Scan Root Regions 0.255ms
[5.665s][info][gc,marking  ] GC(21) Concurrent Mark
[5.665s][info][gc,marking  ] GC(21) Concurrent Mark From Roots
[5.665s][info][gc,task     ] GC(21) Using 3 workers of 3 for marking
[5.669s][info][gc,marking  ] GC(21) Concurrent Mark From Roots 3.915ms
[5.669s][info][gc,marking  ] GC(21) Concurrent Preclean
[5.669s][info][gc,marking  ] GC(21) Concurrent Preclean 0.020ms
[5.669s][info][gc,start    ] GC(21) Pause Remark
[5.672s][info][gc          ] GC(21) Pause Remark 1434M->1434M(2394M) 2.807ms
[5.672s][info][gc,cpu      ] GC(21) User=0.00s Sys=0.00s Real=0.00s
[5.672s][info][gc,marking  ] GC(21) Concurrent Mark 7.009ms
[5.672s][info][gc,marking  ] GC(21) Concurrent Rebuild Remembered Sets and Scrub Regions
[5.674s][info][gc,marking  ] GC(21) Concurrent Rebuild Remembered Sets and Scrub Regions 1.516ms
[5.674s][info][gc,start    ] GC(21) Pause Cleanup
[5.674s][info][gc          ] GC(21) Pause Cleanup 1435M->1435M(2394M) 0.274ms
[5.674s][info][gc,cpu      ] GC(21) User=0.00s Sys=0.00s Real=0.00s
[5.674s][info][gc,marking  ] GC(21) Concurrent Clear Claimed Marks
[5.674s][info][gc,marking  ] GC(21) Concurrent Clear Claimed Marks 0.025ms
[5.674s][info][gc,marking  ] GC(21) Concurrent Cleanup for Next Mark
[5.677s][info][gc,marking  ] GC(21) Concurrent Cleanup for Next Mark 3.305ms
[5.678s][info][gc          ] GC(21) Concurrent Mark Cycle 12.781ms
[6.005s][info][gc,start    ] GC(22) Pause Young (Prepare Mixed) (G1 Evacuation Pause)
[6.005s][info][gc,task     ] GC(22) Using 10 workers of 10 for evacuation
[6.014s][info][gc,phases   ] GC(22)   Pre Evacuate Collection Set: 0.3ms
[6.014s][info][gc,phases   ] GC(22)   Merge Heap Roots: 0.1ms
[6.015s][info][gc,phases   ] GC(22)   Evacuate Collection Set: 7.7ms
[6.015s][info][gc,phases   ] GC(22)   Post Evacuate Collection Set: 0.8ms
[6.015s][info][gc,phases   ] GC(22)   Other: 0.1ms
[6.015s][info][gc,heap     ] GC(22) Eden regions: 201->0(277)
[6.015s][info][gc,heap     ] GC(22) Survivor regions: 1->26(26)
[6.015s][info][gc,heap     ] GC(22) Old regions: 713->728
[6.015s][info][gc,heap     ] GC(22) Humongous regions: 2->1
[6.015s][info][gc,metaspace] GC(22) Metaspace: 1322K(1472K)->1322K(1472K) NonClass: 1224K(1280K)->1224K(1280K) Class: 97K(192K)->97K(192K)
[6.015s][info][gc          ] GC(22) Pause Young (Prepare Mixed) (G1 Evacuation Pause) 1832M->1508M(2394M) 9.190ms
[6.015s][info][gc,cpu      ] GC(22) User=0.00s Sys=0.00s Real=0.01s
[6.370s][info][gc,start    ] GC(23) Pause Young (Mixed) (G1 Evacuation Pause)
[6.370s][info][gc,task     ] GC(23) Using 10 workers of 10 for evacuation
[6.388s][info][gc,phases   ] GC(23)   Pre Evacuate Collection Set: 0.3ms
[6.388s][info][gc,phases   ] GC(23)   Merge Heap Roots: 0.1ms
[6.388s][info][gc,phases   ] GC(23)   Evacuate Collection Set: 16.5ms
[6.388s][info][gc,phases   ] GC(23)   Post Evacuate Collection Set: 0.8ms
[6.388s][info][gc,phases   ] GC(23)   Other: 0.1ms
[6.388s][info][gc,heap     ] GC(23) Eden regions: 277->0(251)
[6.388s][info][gc,heap     ] GC(23) Survivor regions: 26->38(38)
[6.388s][info][gc,heap     ] GC(23) Old regions: 728->768
[6.388s][info][gc,heap     ] GC(23) Humongous regions: 2->1
[6.388s][info][gc,metaspace] GC(23) Metaspace: 1322K(1472K)->1322K(1472K) NonClass: 1224K(1280K)->1224K(1280K) Class: 97K(192K)->97K(192K)
[6.388s][info][gc          ] GC(23) Pause Young (Mixed) (G1 Evacuation Pause) 2064M->1613M(2394M) 18.002ms
[6.388s][info][gc,cpu      ] GC(23) User=0.16s Sys=0.00s Real=0.02s
[6.402s][info][gc,start    ] GC(24) Pause Young (Concurrent Start) (G1 Humongous Allocation)
[6.402s][info][gc,task     ] GC(24) Using 10 workers of 10 for evacuation
[6.411s][info][gc,phases   ] GC(24)   Pre Evacuate Collection Set: 0.3ms
[6.411s][info][gc,phases   ] GC(24)   Merge Heap Roots: 0.2ms
[6.411s][info][gc,phases   ] GC(24)   Evacuate Collection Set: 7.8ms
[6.411s][info][gc,phases   ] GC(24)   Post Evacuate Collection Set: 0.6ms
[6.411s][info][gc,phases   ] GC(24)   Other: 0.2ms
[6.412s][info][gc,heap     ] GC(24) Eden regions: 12->0(256)
[6.412s][info][gc,heap     ] GC(24) Survivor regions: 38->3(37)
[6.412s][info][gc,heap     ] GC(24) Old regions: 768->807
[6.412s][info][gc,heap     ] GC(24) Humongous regions: 1->1
[6.412s][info][gc,metaspace] GC(24) Metaspace: 1322K(1472K)->1322K(1472K) NonClass: 1224K(1280K)->1224K(1280K) Class: 97K(192K)->97K(192K)
[6.412s][info][gc          ] GC(24) Pause Young (Concurrent Start) (G1 Humongous Allocation) 1637M->1619M(2394M) 9.283ms
[6.412s][info][gc,cpu      ] GC(24) User=0.16s Sys=0.00s Real=0.01s
[6.412s][info][gc          ] GC(25) Concurrent Mark Cycle
[6.412s][info][gc,marking  ] GC(25) Concurrent Scan Root Regions
[6.412s][info][gc,marking  ] GC(25) Concurrent Scan Root Regions 0.222ms
[6.412s][info][gc,marking  ] GC(25) Concurrent Mark
[6.412s][info][gc,marking  ] GC(25) Concurrent Mark From Roots
[6.412s][info][gc,task     ] GC(25) Using 3 workers of 3 for marking
[6.417s][info][gc,marking  ] GC(25) Concurrent Mark From Roots 4.784ms
[6.417s][info][gc,marking  ] GC(25) Concurrent Preclean
[6.417s][info][gc,marking  ] GC(25) Concurrent Preclean 0.014ms
[6.417s][info][gc,start    ] GC(25) Pause Remark
[6.419s][info][gc          ] GC(25) Pause Remark 1629M->1627M(2718M) 2.138ms
[6.419s][info][gc,cpu      ] GC(25) User=0.00s Sys=0.00s Real=0.00s
[6.419s][info][gc,marking  ] GC(25) Concurrent Mark 7.181ms
[6.419s][info][gc,marking  ] GC(25) Concurrent Rebuild Remembered Sets and Scrub Regions
[6.421s][info][gc,marking  ] GC(25) Concurrent Rebuild Remembered Sets and Scrub Regions 1.494ms
[6.421s][info][gc,start    ] GC(25) Pause Cleanup
[6.421s][info][gc          ] GC(25) Pause Cleanup 1628M->1628M(2718M) 0.291ms
[6.421s][info][gc,cpu      ] GC(25) User=0.00s Sys=0.00s Real=0.00s
[6.421s][info][gc,marking  ] GC(25) Concurrent Clear Claimed Marks
[6.421s][info][gc,marking  ] GC(25) Concurrent Clear Claimed Marks 0.024ms
[6.421s][info][gc,marking  ] GC(25) Concurrent Cleanup for Next Mark
[6.425s][info][gc,marking  ] GC(25) Concurrent Cleanup for Next Mark 3.942ms
[6.425s][info][gc          ] GC(25) Concurrent Mark Cycle 13.525ms
[6.830s][info][gc,start    ] GC(26) Pause Young (Prepare Mixed) (G1 Evacuation Pause)
[6.830s][info][gc,task     ] GC(26) Using 10 workers of 10 for evacuation
[6.842s][info][gc,phases   ] GC(26)   Pre Evacuate Collection Set: 0.2ms
[6.842s][info][gc,phases   ] GC(26)   Merge Heap Roots: 0.1ms
[6.842s][info][gc,phases   ] GC(26)   Evacuate Collection Set: 10.2ms
[6.842s][info][gc,phases   ] GC(26)   Post Evacuate Collection Set: 0.8ms
[6.842s][info][gc,phases   ] GC(26)   Other: 0.1ms
[6.842s][info][gc,heap     ] GC(26) Eden regions: 256->0(320)
[6.842s][info][gc,heap     ] GC(26) Survivor regions: 3->33(33)
[6.842s][info][gc,heap     ] GC(26) Old regions: 807->826
[6.842s][info][gc,heap     ] GC(26) Humongous regions: 3->0
[6.842s][info][gc,metaspace] GC(26) Metaspace: 1322K(1472K)->1322K(1472K) NonClass: 1224K(1280K)->1224K(1280K) Class: 97K(192K)->97K(192K)
[6.842s][info][gc          ] GC(26) Pause Young (Prepare Mixed) (G1 Evacuation Pause) 2135M->1717M(2718M) 11.902ms
[6.842s][info][gc,cpu      ] GC(26) User=0.00s Sys=0.00s Real=0.01s
[7.249s][info][gc,start    ] GC(27) Pause Young (Mixed) (G1 Evacuation Pause)
[7.249s][info][gc,task     ] GC(27) Using 10 workers of 10 for evacuation
[7.270s][info][gc,phases   ] GC(27)   Pre Evacuate Collection Set: 0.3ms
[7.270s][info][gc,phases   ] GC(27)   Merge Heap Roots: 0.1ms
[7.270s][info][gc,phases   ] GC(27)   Evacuate Collection Set: 19.6ms
[7.270s][info][gc,phases   ] GC(27)   Post Evacuate Collection Set: 0.8ms
[7.270s][info][gc,phases   ] GC(27)   Other: 0.1ms
[7.270s][info][gc,heap     ] GC(27) Eden regions: 320->0(286)
[7.270s][info][gc,heap     ] GC(27) Survivor regions: 33->45(45)
[7.270s][info][gc,heap     ] GC(27) Old regions: 826->878
[7.270s][info][gc,heap     ] GC(27) Humongous regions: 4->0
[7.270s][info][gc,metaspace] GC(27) Metaspace: 1322K(1472K)->1322K(1472K) NonClass: 1224K(1280K)->1224K(1280K) Class: 97K(192K)->97K(192K)
[7.270s][info][gc          ] GC(27) Pause Young (Mixed) (G1 Evacuation Pause) 2365M->1844M(2718M) 21.130ms
[7.270s][info][gc,cpu      ] GC(27) User=0.31s Sys=0.00s Real=0.02s
[7.911s][info][gc,start    ] GC(28) Pause Young (Concurrent Start) (G1 Evacuation Pause)
[7.911s][info][gc,task     ] GC(28) Using 10 workers of 10 for evacuation
[7.932s][info][gc,phases   ] GC(28)   Pre Evacuate Collection Set: 0.3ms
[7.932s][info][gc,phases   ] GC(28)   Merge Heap Roots: 0.1ms
[7.932s][info][gc,phases   ] GC(28)   Evacuate Collection Set: 19.9ms
[7.932s][info][gc,phases   ] GC(28)   Post Evacuate Collection Set: 0.5ms
[7.932s][info][gc,phases   ] GC(28)   Other: 0.2ms
[7.932s][info][gc,heap     ] GC(28) Eden regions: 286->0(262)
[7.932s][info][gc,heap     ] GC(28) Survivor regions: 45->42(42)
[7.932s][info][gc,heap     ] GC(28) Old regions: 878->928
[7.932s][info][gc,heap     ] GC(28) Humongous regions: 2->1
[7.932s][info][gc,metaspace] GC(28) Metaspace: 1529K(1664K)->1529K(1664K) NonClass: 1403K(1472K)->1403K(1472K) Class: 125K(192K)->125K(192K)
[7.932s][info][gc          ] GC(28) Pause Young (Concurrent Start) (G1 Evacuation Pause) 2420M->1940M(2718M) 21.260ms
[7.932s][info][gc,cpu      ] GC(28) User=0.16s Sys=0.00s Real=0.02s
[7.932s][info][gc          ] GC(29) Concurrent Mark Cycle
[7.932s][info][gc,marking  ] GC(29) Concurrent Scan Root Regions
[7.934s][info][gc,marking  ] GC(29) Concurrent Scan Root Regions 1.802ms
[7.934s][info][gc,marking  ] GC(29) Concurrent Mark
[7.934s][info][gc,marking  ] GC(29) Concurrent Mark From Roots
[7.934s][info][gc,task     ] GC(29) Using 3 workers of 3 for marking
[7.939s][info][gc,marking  ] GC(29) Concurrent Mark From Roots 4.926ms
[7.939s][info][gc,marking  ] GC(29) Concurrent Preclean
[7.939s][info][gc,marking  ] GC(29) Concurrent Preclean 0.017ms
[7.939s][info][gc,start    ] GC(29) Pause Remark
[7.942s][info][gc          ] GC(29) Pause Remark 1946M->1946M(3248M) 2.646ms
[7.942s][info][gc,cpu      ] GC(29) User=0.00s Sys=0.00s Real=0.00s
[7.942s][info][gc,marking  ] GC(29) Concurrent Mark 7.840ms
[7.942s][info][gc,marking  ] GC(29) Concurrent Rebuild Remembered Sets and Scrub Regions
[7.945s][info][gc,marking  ] GC(29) Concurrent Rebuild Remembered Sets and Scrub Regions 2.865ms
[7.945s][info][gc,start    ] GC(29) Pause Cleanup
[7.945s][info][gc          ] GC(29) Pause Cleanup 1948M->1948M(3248M) 0.269ms
[7.945s][info][gc,cpu      ] GC(29) User=0.00s Sys=0.00s Real=0.00s
[7.945s][info][gc,marking  ] GC(29) Concurrent Clear Claimed Marks
[7.945s][info][gc,marking  ] GC(29) Concurrent Clear Claimed Marks 0.028ms
[7.945s][info][gc,marking  ] GC(29) Concurrent Cleanup for Next Mark
[7.950s][info][gc,marking  ] GC(29) Concurrent Cleanup for Next Mark 4.619ms
[7.950s][info][gc          ] GC(29) Concurrent Mark Cycle 17.804ms
[8.666s][info][gc,start    ] GC(30) Pause Young (Prepare Mixed) (G1 Evacuation Pause)
[8.666s][info][gc,task     ] GC(30) Using 10 workers of 10 for evacuation
[8.687s][info][gc,phases   ] GC(30)   Pre Evacuate Collection Set: 0.3ms
[8.687s][info][gc,phases   ] GC(30)   Merge Heap Roots: 0.1ms
[8.688s][info][gc,phases   ] GC(30)   Evacuate Collection Set: 20.5ms
[8.688s][info][gc,phases   ] GC(30)   Post Evacuate Collection Set: 0.7ms
[8.688s][info][gc,phases   ] GC(30)   Other: 0.1ms
[8.688s][info][gc,heap     ] GC(30) Eden regions: 262->0(433)
[8.688s][info][gc,heap     ] GC(30) Survivor regions: 42->12(38)
[8.688s][info][gc,heap     ] GC(30) Old regions: 928->970
[8.688s][info][gc,heap     ] GC(30) Humongous regions: 3->3
[8.688s][info][gc,metaspace] GC(30) Metaspace: 1536K(1664K)->1536K(1664K) NonClass: 1410K(1472K)->1410K(1472K) Class: 125K(192K)->125K(192K)
[8.688s][info][gc          ] GC(30) Pause Young (Prepare Mixed) (G1 Evacuation Pause) 2468M->1968M(3248M) 21.956ms
[8.688s][info][gc,cpu      ] GC(30) User=0.16s Sys=0.00s Real=0.02s
[8.952s][info][gc,start    ] GC(31) Pause Young (Mixed) (G1 Evacuation Pause)
[8.952s][info][gc,task     ] GC(31) Using 10 workers of 10 for evacuation
[8.967s][info][gc,phases   ] GC(31)   Pre Evacuate Collection Set: 0.3ms
[8.967s][info][gc,phases   ] GC(31)   Merge Heap Roots: 0.3ms
[8.967s][info][gc,phases   ] GC(31)   Evacuate Collection Set: 13.5ms
[8.967s][info][gc,phases   ] GC(31)   Post Evacuate Collection Set: 0.6ms
[8.967s][info][gc,phases   ] GC(31)   Other: 0.1ms
[8.967s][info][gc,heap     ] GC(31) Eden regions: 111->0(432)
[8.967s][info][gc,heap     ] GC(31) Survivor regions: 12->6(16)
[8.967s][info][gc,heap     ] GC(31) Old regions: 970->981
[8.967s][info][gc,heap     ] GC(31) Humongous regions: 6->6
[8.967s][info][gc,metaspace] GC(31) Metaspace: 1536K(1664K)->1536K(1664K) NonClass: 1410K(1472K)->1410K(1472K) Class: 125K(192K)->125K(192K)
[8.967s][info][gc          ] GC(31) Pause Young (Mixed) (G1 Evacuation Pause) 2196M->1984M(3248M) 15.064ms
[8.967s][info][gc,cpu      ] GC(31) User=0.16s Sys=0.00s Real=0.01s
[9.220s][info][gc,start    ] GC(32) Pause Young (Mixed) (G1 Evacuation Pause)
[9.221s][info][gc,task     ] GC(32) Using 10 workers of 10 for evacuation
[9.232s][info][gc,phases   ] GC(32)   Pre Evacuate Collection Set: 0.3ms
[9.232s][info][gc,phases   ] GC(32)   Merge Heap Roots: 0.3ms
[9.232s][info][gc,phases   ] GC(32)   Evacuate Collection Set: 10.2ms
[9.232s][info][gc,phases   ] GC(32)   Post Evacuate Collection Set: 0.6ms
[9.232s][info][gc,phases   ] GC(32)   Other: 0.1ms
[9.232s][info][gc,heap     ] GC(32) Eden regions: 109->0(337)
[9.232s][info][gc,heap     ] GC(32) Survivor regions: 6->10(15)
[9.232s][info][gc,heap     ] GC(32) Old regions: 981->981
[9.232s][info][gc,heap     ] GC(32) Humongous regions: 6->6
[9.232s][info][gc,metaspace] GC(32) Metaspace: 1536K(1664K)->1536K(1664K) NonClass: 1410K(1472K)->1410K(1472K) Class: 125K(192K)->125K(192K)
[9.232s][info][gc          ] GC(32) Pause Young (Mixed) (G1 Evacuation Pause) 2202M->1993M(3248M) 11.608ms
[9.232s][info][gc,cpu      ] GC(32) User=0.00s Sys=0.00s Real=0.01s
[9.553s][info][gc,start    ] GC(33) Pause Young (Mixed) (G1 Evacuation Pause)
[9.553s][info][gc,task     ] GC(33) Using 10 workers of 10 for evacuation
[9.567s][info][gc,phases   ] GC(33)   Pre Evacuate Collection Set: 0.3ms
[9.567s][info][gc,phases   ] GC(33)   Merge Heap Roots: 0.2ms
[9.567s][info][gc,phases   ] GC(33)   Evacuate Collection Set: 13.1ms
[9.567s][info][gc,phases   ] GC(33)   Post Evacuate Collection Set: 0.5ms
[9.567s][info][gc,phases   ] GC(33)   Other: 0.1ms
[9.567s][info][gc,heap     ] GC(33) Eden regions: 137->0(433)
[9.567s][info][gc,heap     ] GC(33) Survivor regions: 10->15(19)
[9.567s][info][gc,heap     ] GC(33) Old regions: 981->982
[9.567s][info][gc,heap     ] GC(33) Humongous regions: 6->6
[9.567s][info][gc,metaspace] GC(33) Metaspace: 1536K(1664K)->1536K(1664K) NonClass: 1410K(1472K)->1410K(1472K) Class: 125K(192K)->125K(192K)
[9.567s][info][gc          ] GC(33) Pause Young (Mixed) (G1 Evacuation Pause) 2267M->2004M(3248M) 14.403ms
[9.567s][info][gc,cpu      ] GC(33) User=0.16s Sys=0.00s Real=0.01s
[10.640s][info][gc,start    ] GC(34) Pause Young (Mixed) (G1 Evacuation Pause)
[10.640s][info][gc,task     ] GC(34) Using 10 workers of 10 for evacuation
[10.671s][info][gc,phases   ] GC(34)   Pre Evacuate Collection Set: 0.3ms
[10.671s][info][gc,phases   ] GC(34)   Merge Heap Roots: 0.3ms
[10.671s][info][gc,phases   ] GC(34)   Evacuate Collection Set: 29.4ms
[10.671s][info][gc,phases   ] GC(34)   Post Evacuate Collection Set: 0.8ms
[10.671s][info][gc,phases   ] GC(34)   Other: 0.1ms
[10.671s][info][gc,heap     ] GC(34) Eden regions: 433->0(457)
[10.671s][info][gc,heap     ] GC(34) Survivor regions: 15->30(56)
[10.671s][info][gc,heap     ] GC(34) Old regions: 982->981
[10.671s][info][gc,heap     ] GC(34) Humongous regions: 11->11
[10.671s][info][gc,metaspace] GC(34) Metaspace: 1558K(1664K)->1558K(1664K) NonClass: 1431K(1472K)->1431K(1472K) Class: 127K(192K)->127K(192K)
[10.671s][info][gc          ] GC(34) Pause Young (Mixed) (G1 Evacuation Pause) 2880M->2042M(3248M) 31.116ms
[10.671s][info][gc,cpu      ] GC(34) User=0.31s Sys=0.00s Real=0.03s
[10.794s][info][gc,start    ] GC(35) Pause Young (Normal) (G1 Evacuation Pause)
[10.795s][info][gc,task     ] GC(35) Using 10 workers of 10 for evacuation
[10.821s][info][gc,phases   ] GC(35)   Pre Evacuate Collection Set: 0.3ms
[10.821s][info][gc,phases   ] GC(35)   Merge Heap Roots: 0.3ms
[10.821s][info][gc,phases   ] GC(35)   Evacuate Collection Set: 25.1ms
[10.821s][info][gc,phases   ] GC(35)   Post Evacuate Collection Set: 0.5ms
[10.821s][info][gc,phases   ] GC(35)   Other: 0.1ms
[10.821s][info][gc,heap     ] GC(35) Eden regions: 51->0(476)
[10.821s][info][gc,heap     ] GC(35) Survivor regions: 30->5(11)
[10.821s][info][gc,heap     ] GC(35) Old regions: 981->1010
[10.821s][info][gc,heap     ] GC(35) Humongous regions: 11->11
[10.821s][info][gc,metaspace] GC(35) Metaspace: 1558K(1664K)->1558K(1664K) NonClass: 1431K(1472K)->1431K(1472K) Class: 127K(192K)->127K(192K)
[10.821s][info][gc          ] GC(35) Pause Young (Normal) (G1 Evacuation Pause) 2144M->2050M(3248M) 26.481ms
[10.821s][info][gc,cpu      ] GC(35) User=0.31s Sys=0.00s Real=0.03s
[11.395s][info][gc,start    ] GC(36) Pause Young (Normal) (G1 Evacuation Pause)
[11.395s][info][gc,task     ] GC(36) Using 10 workers of 10 for evacuation
[11.408s][info][gc,phases   ] GC(36)   Pre Evacuate Collection Set: 0.3ms
[11.408s][info][gc,phases   ] GC(36)   Merge Heap Roots: 0.3ms
[11.408s][info][gc,phases   ] GC(36)   Evacuate Collection Set: 11.5ms
[11.408s][info][gc,phases   ] GC(36)   Post Evacuate Collection Set: 0.7ms
[11.408s][info][gc,phases   ] GC(36)   Other: 0.1ms
[11.408s][info][gc,heap     ] GC(36) Eden regions: 236->0(492)
[11.408s][info][gc,heap     ] GC(36) Survivor regions: 5->9(31)
[11.408s][info][gc,heap     ] GC(36) Old regions: 1010->1010
[11.408s][info][gc,heap     ] GC(36) Humongous regions: 11->11
[11.408s][info][gc,metaspace] GC(36) Metaspace: 1558K(1664K)->1558K(1664K) NonClass: 1431K(1472K)->1431K(1472K) Class: 127K(192K)->127K(192K)
[11.408s][info][gc          ] GC(36) Pause Young (Normal) (G1 Evacuation Pause) 2522M->2059M(3248M) 13.067ms
[11.408s][info][gc,cpu      ] GC(36) User=0.02s Sys=0.00s Real=0.01s
[11.812s][info][gc,start    ] GC(37) Pause Young (Normal) (G1 Evacuation Pause)
[11.812s][info][gc,task     ] GC(37) Using 10 workers of 10 for evacuation
[11.827s][info][gc,phases   ] GC(37)   Pre Evacuate Collection Set: 0.3ms
[11.827s][info][gc,phases   ] GC(37)   Merge Heap Roots: 0.3ms
[11.827s][info][gc,phases   ] GC(37)   Evacuate Collection Set: 13.4ms
[11.827s][info][gc,phases   ] GC(37)   Post Evacuate Collection Set: 0.7ms
[11.827s][info][gc,phases   ] GC(37)   Other: 0.1ms
[11.827s][info][gc,heap     ] GC(37) Eden regions: 169->0(491)
[11.827s][info][gc,heap     ] GC(37) Survivor regions: 9->15(23)
[11.827s][info][gc,heap     ] GC(37) Old regions: 1010->1010
[11.827s][info][gc,heap     ] GC(37) Humongous regions: 11->11
[11.827s][info][gc,metaspace] GC(37) Metaspace: 1558K(1664K)->1558K(1664K) NonClass: 1431K(1472K)->1431K(1472K) Class: 127K(192K)->127K(192K)
[11.827s][info][gc          ] GC(37) Pause Young (Normal) (G1 Evacuation Pause) 2397M->2069M(3248M) 14.914ms
[11.827s][info][gc,cpu      ] GC(37) User=0.14s Sys=0.00s Real=0.01s
[12.337s][info][gc,start    ] GC(38) Pause Young (Concurrent Start) (G1 Evacuation Pause)
[12.337s][info][gc,task     ] GC(38) Using 10 workers of 10 for evacuation
[12.357s][info][gc,phases   ] GC(38)   Pre Evacuate Collection Set: 0.4ms
[12.357s][info][gc,phases   ] GC(38)   Merge Heap Roots: 0.3ms
[12.357s][info][gc,phases   ] GC(38)   Evacuate Collection Set: 18.2ms
[12.357s][info][gc,phases   ] GC(38)   Post Evacuate Collection Set: 0.7ms
[12.357s][info][gc,phases   ] GC(38)   Other: 0.2ms
[12.357s][info][gc,heap     ] GC(38) Eden regions: 208->0(481)
[12.357s][info][gc,heap     ] GC(38) Survivor regions: 15->20(28)
[12.357s][info][gc,heap     ] GC(38) Old regions: 1010->1010
[12.357s][info][gc,heap     ] GC(38) Humongous regions: 11->11
[12.357s][info][gc,metaspace] GC(38) Metaspace: 1558K(1664K)->1558K(1664K) NonClass: 1431K(1472K)->1431K(1472K) Class: 127K(192K)->127K(192K)
[12.357s][info][gc          ] GC(38) Pause Young (Concurrent Start) (G1 Evacuation Pause) 2485M->2079M(3248M) 19.978ms
[12.357s][info][gc,cpu      ] GC(38) User=0.14s Sys=0.02s Real=0.02s
[12.357s][info][gc          ] GC(39) Concurrent Mark Cycle
[12.357s][info][gc,marking  ] GC(39) Concurrent Scan Root Regions
[12.362s][info][gc,marking  ] GC(39) Concurrent Scan Root Regions 4.831ms
[12.362s][info][gc,marking  ] GC(39) Concurrent Mark
[12.362s][info][gc,marking  ] GC(39) Concurrent Mark From Roots
[12.362s][info][gc,task     ] GC(39) Using 3 workers of 3 for marking
[12.416s][info][gc,marking  ] GC(39) Concurrent Mark From Roots 54.109ms
[12.416s][info][gc,marking  ] GC(39) Concurrent Preclean
[12.416s][info][gc,marking  ] GC(39) Concurrent Preclean 0.023ms
[12.416s][info][gc,start    ] GC(39) Pause Remark
[12.418s][info][gc          ] GC(39) Pause Remark 2123M->2111M(3524M) 2.201ms
[12.418s][info][gc,cpu      ] GC(39) User=0.00s Sys=0.00s Real=0.00s
[12.418s][info][gc,marking  ] GC(39) Concurrent Mark 56.652ms
[12.418s][info][gc,marking  ] GC(39) Concurrent Rebuild Remembered Sets and Scrub Regions
[12.452s][info][gc,marking  ] GC(39) Concurrent Rebuild Remembered Sets and Scrub Regions 33.727ms
[12.452s][info][gc,start    ] GC(39) Pause Cleanup
[12.453s][info][gc          ] GC(39) Pause Cleanup 2131M->2131M(3524M) 0.368ms
[12.453s][info][gc,cpu      ] GC(39) User=0.00s Sys=0.00s Real=0.00s
[12.453s][info][gc,marking  ] GC(39) Concurrent Clear Claimed Marks
[12.453s][info][gc,marking  ] GC(39) Concurrent Clear Claimed Marks 0.031ms
[12.453s][info][gc,marking  ] GC(39) Concurrent Cleanup for Next Mark
[12.458s][info][gc,marking  ] GC(39) Concurrent Cleanup for Next Mark 4.913ms
[12.458s][info][gc          ] GC(39) Concurrent Mark Cycle 100.962ms
[13.120s][info][gc,start    ] GC(40) Pause Young (Prepare Mixed) (G1 Evacuation Pause)
[13.120s][info][gc,task     ] GC(40) Using 10 workers of 10 for evacuation
[13.145s][info][gc,phases   ] GC(40)   Pre Evacuate Collection Set: 0.3ms
[13.145s][info][gc,phases   ] GC(40)   Merge Heap Roots: 0.5ms
[13.145s][info][gc,phases   ] GC(40)   Evacuate Collection Set: 23.2ms
[13.145s][info][gc,phases   ] GC(40)   Post Evacuate Collection Set: 0.8ms
[13.145s][info][gc,phases   ] GC(40)   Other: 0.1ms
[13.145s][info][gc,heap     ] GC(40) Eden regions: 281->0(602)
[13.145s][info][gc,heap     ] GC(40) Survivor regions: 20->28(38)
[13.145s][info][gc,heap     ] GC(40) Old regions: 1010->1010
[13.145s][info][gc,heap     ] GC(40) Humongous regions: 5->5
[13.145s][info][gc,metaspace] GC(40) Metaspace: 1558K(1664K)->1558K(1664K) NonClass: 1431K(1472K)->1431K(1472K) Class: 127K(192K)->127K(192K)
[13.145s][info][gc          ] GC(40) Pause Young (Prepare Mixed) (G1 Evacuation Pause) 2629M->2084M(3524M) 25.080ms
[13.145s][info][gc,cpu      ] GC(40) User=0.31s Sys=0.00s Real=0.02s
[14.643s][info][gc,start    ] GC(41) Pause Young (Mixed) (G1 Evacuation Pause)
[14.643s][info][gc,task     ] GC(41) Using 10 workers of 10 for evacuation
[14.692s][info][gc,phases   ] GC(41)   Pre Evacuate Collection Set: 0.3ms
[14.692s][info][gc,phases   ] GC(41)   Merge Heap Roots: 0.6ms
[14.692s][info][gc,phases   ] GC(41)   Evacuate Collection Set: 47.5ms
[14.692s][info][gc,phases   ] GC(41)   Post Evacuate Collection Set: 0.8ms
[14.692s][info][gc,phases   ] GC(41)   Other: 0.2ms
[14.692s][info][gc,heap     ] GC(41) Eden regions: 602->0(561)
[14.692s][info][gc,heap     ] GC(41) Survivor regions: 28->45(79)
[14.692s][info][gc,heap     ] GC(41) Old regions: 1010->1008
[14.692s][info][gc,heap     ] GC(41) Humongous regions: 14->14
[14.692s][info][gc,metaspace] GC(41) Metaspace: 1558K(1664K)->1558K(1664K) NonClass: 1431K(1472K)->1431K(1472K) Class: 127K(192K)->127K(192K)
[14.692s][info][gc          ] GC(41) Pause Young (Mixed) (G1 Evacuation Pause) 3306M->2131M(3524M) 49.600ms
[14.692s][info][gc,cpu      ] GC(41) User=0.47s Sys=0.00s Real=0.05s
[14.799s][info][gc,start    ] GC(42) Pause Young (Concurrent Start) (G1 Evacuation Pause)
[14.799s][info][gc,task     ] GC(42) Using 10 workers of 10 for evacuation
[14.840s][info][gc,phases   ] GC(42)   Pre Evacuate Collection Set: 0.3ms
[14.840s][info][gc,phases   ] GC(42)   Merge Heap Roots: 0.5ms
[14.840s][info][gc,phases   ] GC(42)   Evacuate Collection Set: 40.0ms
[14.840s][info][gc,phases   ] GC(42)   Post Evacuate Collection Set: 0.5ms
[14.840s][info][gc,phases   ] GC(42)   Other: 0.2ms
[14.840s][info][gc,heap     ] GC(42) Eden regions: 43->0(597)
[14.840s][info][gc,heap     ] GC(42) Survivor regions: 45->5(11)
[14.840s][info][gc,heap     ] GC(42) Old regions: 1008->1052
[14.840s][info][gc,heap     ] GC(42) Humongous regions: 14->14
[14.840s][info][gc,metaspace] GC(42) Metaspace: 1558K(1664K)->1558K(1664K) NonClass: 1431K(1472K)->1431K(1472K) Class: 127K(192K)->127K(192K)
[14.840s][info][gc          ] GC(42) Pause Young (Concurrent Start) (G1 Evacuation Pause) 2217M->2140M(3524M) 41.801ms
[14.841s][info][gc,cpu      ] GC(42) User=0.31s Sys=0.00s Real=0.04s
[14.841s][info][gc          ] GC(43) Concurrent Mark Cycle
[14.841s][info][gc,marking  ] GC(43) Concurrent Scan Root Regions
[14.860s][info][gc,marking  ] GC(43) Concurrent Scan Root Regions 19.154ms
[14.860s][info][gc,marking  ] GC(43) Concurrent Mark
[14.860s][info][gc,marking  ] GC(43) Concurrent Mark From Roots
[14.860s][info][gc,task     ] GC(43) Using 3 workers of 3 for marking
[14.921s][info][gc,marking  ] GC(43) Concurrent Mark From Roots 60.902ms
[14.921s][info][gc,marking  ] GC(43) Concurrent Preclean
[14.921s][info][gc,marking  ] GC(43) Concurrent Preclean 0.018ms
[14.921s][info][gc,start    ] GC(43) Pause Remark
[14.922s][info][gc          ] GC(43) Pause Remark 2201M->2191M(3658M) 1.663ms
[14.923s][info][gc,cpu      ] GC(43) User=0.00s Sys=0.00s Real=0.00s
[14.923s][info][gc,marking  ] GC(43) Concurrent Mark 62.843ms
[14.923s][info][gc,marking  ] GC(43) Concurrent Rebuild Remembered Sets and Scrub Regions
[14.970s][info][gc,marking  ] GC(43) Concurrent Rebuild Remembered Sets and Scrub Regions 47.188ms
[14.970s][info][gc,start    ] GC(43) Pause Cleanup
[14.970s][info][gc          ] GC(43) Pause Cleanup 2219M->2219M(3658M) 0.414ms
[14.970s][info][gc,cpu      ] GC(43) User=0.00s Sys=0.00s Real=0.00s
[14.971s][info][gc,marking  ] GC(43) Concurrent Clear Claimed Marks
[14.971s][info][gc,marking  ] GC(43) Concurrent Clear Claimed Marks 0.034ms
[14.971s][info][gc,marking  ] GC(43) Concurrent Cleanup for Next Mark
[14.976s][info][gc,marking  ] GC(43) Concurrent Cleanup for Next Mark 5.568ms
[14.976s][info][gc          ] GC(43) Concurrent Mark Cycle 135.669ms
[16.383s][info][gc,start    ] GC(44) Pause Young (Prepare Mixed) (G1 Evacuation Pause)
[16.383s][info][gc,task     ] GC(44) Using 10 workers of 10 for evacuation
[16.406s][info][gc,phases   ] GC(44)   Pre Evacuate Collection Set: 0.3ms
[16.406s][info][gc,phases   ] GC(44)   Merge Heap Roots: 0.5ms
[16.406s][info][gc,phases   ] GC(44)   Evacuate Collection Set: 21.5ms
[16.406s][info][gc,phases   ] GC(44)   Post Evacuate Collection Set: 0.9ms
[16.406s][info][gc,phases   ] GC(44)   Other: 0.1ms
[16.406s][info][gc,heap     ] GC(44) Eden regions: 594->0(644)
[16.406s][info][gc,heap     ] GC(44) Survivor regions: 5->16(75)
[16.407s][info][gc,heap     ] GC(44) Old regions: 1052->1052
[16.407s][info][gc,heap     ] GC(44) Humongous regions: 9->9
[16.407s][info][gc,metaspace] GC(44) Metaspace: 1558K(1664K)->1558K(1664K) NonClass: 1431K(1472K)->1431K(1472K) Class: 127K(192K)->127K(192K)
[16.407s][info][gc          ] GC(44) Pause Young (Prepare Mixed) (G1 Evacuation Pause) 3318M->2152M(3658M) 23.452ms
[16.407s][info][gc,cpu      ] GC(44) User=0.16s Sys=0.00s Real=0.02s
[18.002s][info][gc,start    ] GC(45) Pause Young (Mixed) (G1 Evacuation Pause)
[18.002s][info][gc,task     ] GC(45) Using 10 workers of 10 for evacuation
[18.040s][info][gc,phases   ] GC(45)   Pre Evacuate Collection Set: 0.3ms
[18.040s][info][gc,phases   ] GC(45)   Merge Heap Roots: 0.5ms
[18.040s][info][gc,phases   ] GC(45)   Evacuate Collection Set: 35.8ms
[18.040s][info][gc,phases   ] GC(45)   Post Evacuate Collection Set: 0.8ms
[18.040s][info][gc,phases   ] GC(45)   Other: 0.1ms
[18.040s][info][gc,heap     ] GC(45) Eden regions: 644->0(615)
[18.040s][info][gc,heap     ] GC(45) Survivor regions: 16->31(83)
[18.040s][info][gc,heap     ] GC(45) Old regions: 1052->1051
[18.040s][info][gc,heap     ] GC(45) Humongous regions: 9->9
[18.040s][info][gc,metaspace] GC(45) Metaspace: 1558K(1664K)->1558K(1664K) NonClass: 1431K(1472K)->1431K(1472K) Class: 127K(192K)->127K(192K)
[18.040s][info][gc          ] GC(45) Pause Young (Mixed) (G1 Evacuation Pause) 3440M->2180M(3658M) 37.776ms
[18.040s][info][gc,cpu      ] GC(45) User=0.31s Sys=0.00s Real=0.04s
[19.521s][info][gc,start    ] GC(46) Pause Young (Concurrent Start) (G1 Evacuation Pause)
[19.521s][info][gc,task     ] GC(46) Using 10 workers of 10 for evacuation
[19.562s][info][gc,phases   ] GC(46)   Pre Evacuate Collection Set: 0.4ms
[19.562s][info][gc,phases   ] GC(46)   Merge Heap Roots: 0.6ms
[19.562s][info][gc,phases   ] GC(46)   Evacuate Collection Set: 38.6ms
[19.562s][info][gc,phases   ] GC(46)   Post Evacuate Collection Set: 0.9ms
[19.562s][info][gc,phases   ] GC(46)   Other: 0.2ms
[19.562s][info][gc,heap     ] GC(46) Eden regions: 609->0(591)
[19.562s][info][gc,heap     ] GC(46) Survivor regions: 31->43(80)
[19.562s][info][gc,heap     ] GC(46) Old regions: 1051->1051
[19.562s][info][gc,heap     ] GC(46) Humongous regions: 9->9
[19.562s][info][gc,metaspace] GC(46) Metaspace: 1558K(1664K)->1558K(1664K) NonClass: 1431K(1472K)->1431K(1472K) Class: 127K(192K)->127K(192K)
[19.562s][info][gc          ] GC(46) Pause Young (Concurrent Start) (G1 Evacuation Pause) 3398M->2204M(3658M) 40.959ms
[19.562s][info][gc,cpu      ] GC(46) User=0.31s Sys=0.00s Real=0.04s
[19.562s][info][gc          ] GC(47) Concurrent Mark Cycle
[19.562s][info][gc,marking  ] GC(47) Concurrent Scan Root Regions
[19.575s][info][gc,marking  ] GC(47) Concurrent Scan Root Regions 13.089ms
[19.575s][info][gc,marking  ] GC(47) Concurrent Mark
[19.575s][info][gc,marking  ] GC(47) Concurrent Mark From Roots
[19.575s][info][gc,task     ] GC(47) Using 3 workers of 3 for marking
[19.679s][info][gc,marking  ] GC(47) Concurrent Mark From Roots 103.907ms
[19.679s][info][gc,marking  ] GC(47) Concurrent Preclean
[19.679s][info][gc,marking  ] GC(47) Concurrent Preclean 0.026ms
[19.679s][info][gc,start    ] GC(47) Pause Remark
[19.681s][info][gc          ] GC(47) Pause Remark 2282M->2282M(3808M) 1.585ms
[19.681s][info][gc,cpu      ] GC(47) User=0.00s Sys=0.00s Real=0.00s
[19.681s][info][gc,marking  ] GC(47) Concurrent Mark 105.894ms
[19.681s][info][gc,marking  ] GC(47) Concurrent Rebuild Remembered Sets and Scrub Regions
[19.747s][info][gc,marking  ] GC(47) Concurrent Rebuild Remembered Sets and Scrub Regions 66.147ms
[19.747s][info][gc,start    ] GC(47) Pause Cleanup
[19.748s][info][gc          ] GC(47) Pause Cleanup 2320M->2320M(3808M) 0.400ms
[19.748s][info][gc,cpu      ] GC(47) User=0.00s Sys=0.00s Real=0.00s
[19.748s][info][gc,marking  ] GC(47) Concurrent Clear Claimed Marks
[19.748s][info][gc,marking  ] GC(47) Concurrent Clear Claimed Marks 0.031ms
[19.748s][info][gc,marking  ] GC(47) Concurrent Cleanup for Next Mark
[19.753s][info][gc,marking  ] GC(47) Concurrent Cleanup for Next Mark 4.980ms
[19.753s][info][gc          ] GC(47) Concurrent Mark Cycle 191.005ms
[21.067s][info][gc,start    ] GC(48) Pause Young (Prepare Mixed) (G1 Evacuation Pause)
[21.067s][info][gc,task     ] GC(48) Using 10 workers of 10 for evacuation
[21.118s][info][gc,phases   ] GC(48)   Pre Evacuate Collection Set: 0.3ms
[21.118s][info][gc,phases   ] GC(48)   Merge Heap Roots: 0.8ms
[21.118s][info][gc,phases   ] GC(48)   Evacuate Collection Set: 48.5ms
[21.118s][info][gc,phases   ] GC(48)   Post Evacuate Collection Set: 1.0ms
[21.118s][info][gc,phases   ] GC(48)   Other: 0.1ms
[21.118s][info][gc,heap     ] GC(48) Eden regions: 587->0(651)
[21.118s][info][gc,heap     ] GC(48) Survivor regions: 43->41(79)
[21.118s][info][gc,heap     ] GC(48) Old regions: 1051->1066
[21.118s][info][gc,heap     ] GC(48) Humongous regions: 9->9
[21.118s][info][gc,metaspace] GC(48) Metaspace: 1559K(1664K)->1559K(1664K) NonClass: 1431K(1472K)->1431K(1472K) Class: 127K(192K)->127K(192K)
[21.118s][info][gc          ] GC(48) Pause Young (Prepare Mixed) (G1 Evacuation Pause) 3378M->2229M(3808M) 50.961ms
[21.118s][info][gc,cpu      ] GC(48) User=0.47s Sys=0.00s Real=0.05s
[22.716s][info][gc,start    ] GC(49) Pause Young (Mixed) (G1 Evacuation Pause)
[22.716s][info][gc,task     ] GC(49) Using 10 workers of 10 for evacuation
[22.770s][info][gc,phases   ] GC(49)   Pre Evacuate Collection Set: 0.3ms
[22.770s][info][gc,phases   ] GC(49)   Merge Heap Roots: 1.0ms
[22.770s][info][gc,phases   ] GC(49)   Evacuate Collection Set: 51.1ms
[22.770s][info][gc,phases   ] GC(49)   Post Evacuate Collection Set: 1.0ms
[22.770s][info][gc,phases   ] GC(49)   Other: 0.1ms
[22.770s][info][gc,heap     ] GC(49) Eden regions: 651->0(623)
[22.770s][info][gc,heap     ] GC(49) Survivor regions: 41->55(87)
[22.770s][info][gc,heap     ] GC(49) Old regions: 1066->1066
[22.770s][info][gc,heap     ] GC(49) Humongous regions: 9->9
[22.770s][info][gc,metaspace] GC(49) Metaspace: 1566K(1664K)->1566K(1664K) NonClass: 1439K(1472K)->1439K(1472K) Class: 127K(192K)->127K(192K)
[22.770s][info][gc          ] GC(49) Pause Young (Mixed) (G1 Evacuation Pause) 3531M->2258M(3808M) 53.755ms
[22.770s][info][gc,cpu      ] GC(49) User=0.62s Sys=0.00s Real=0.05s
[24.418s][info][gc,start    ] GC(50) Pause Young (Mixed) (G1 Evacuation Pause)
[24.418s][info][gc,task     ] GC(50) Using 10 workers of 10 for evacuation
[24.504s][info][gc,phases   ] GC(50)   Pre Evacuate Collection Set: 0.2ms
[24.504s][info][gc,phases   ] GC(50)   Merge Heap Roots: 1.0ms
[24.504s][info][gc,phases   ] GC(50)   Evacuate Collection Set: 84.4ms
[24.504s][info][gc,phases   ] GC(50)   Post Evacuate Collection Set: 1.0ms
[24.504s][info][gc,phases   ] GC(50)   Other: 0.1ms
[24.504s][info][gc,heap     ] GC(50) Eden regions: 623->0(581)
[24.504s][info][gc,heap     ] GC(50) Survivor regions: 55->61(85)
[24.504s][info][gc,heap     ] GC(50) Old regions: 1066->1079
[24.505s][info][gc,heap     ] GC(50) Humongous regions: 26->26
[24.505s][info][gc,metaspace] GC(50) Metaspace: 1566K(1664K)->1566K(1664K) NonClass: 1439K(1472K)->1439K(1472K) Class: 127K(192K)->127K(192K)
[24.505s][info][gc          ] GC(50) Pause Young (Mixed) (G1 Evacuation Pause) 3538M->2329M(3808M) 86.975ms
[24.505s][info][gc,cpu      ] GC(50) User=0.94s Sys=0.00s Real=0.09s
[25.048s][info][gc,start    ] GC(51) Pause Young (Concurrent Start) (G1 Evacuation Pause)
[25.048s][info][gc,task     ] GC(51) Using 10 workers of 10 for evacuation
[25.117s][info][gc,phases   ] GC(51)   Pre Evacuate Collection Set: 0.3ms
[25.117s][info][gc,phases   ] GC(51)   Merge Heap Roots: 1.0ms
[25.117s][info][gc,phases   ] GC(51)   Evacuate Collection Set: 67.4ms
[25.117s][info][gc,phases   ] GC(51)   Post Evacuate Collection Set: 0.6ms
[25.117s][info][gc,phases   ] GC(51)   Other: 0.1ms
[25.117s][info][gc,heap     ] GC(51) Eden regions: 219->0(631)
[25.117s][info][gc,heap     ] GC(51) Survivor regions: 61->6(35)
[25.117s][info][gc,heap     ] GC(51) Old regions: 1079->1139
[25.117s][info][gc,heap     ] GC(51) Humongous regions: 26->26
[25.117s][info][gc,metaspace] GC(51) Metaspace: 1566K(1664K)->1566K(1664K) NonClass: 1439K(1472K)->1439K(1472K) Class: 127K(192K)->127K(192K)
[25.117s][info][gc          ] GC(51) Pause Young (Concurrent Start) (G1 Evacuation Pause) 2767M->2341M(3808M) 69.683ms
[25.117s][info][gc,cpu      ] GC(51) User=0.67s Sys=0.00s Real=0.07s
[25.117s][info][gc          ] GC(52) Concurrent Mark Cycle
[25.117s][info][gc,marking  ] GC(52) Concurrent Scan Root Regions
[25.158s][info][gc,marking  ] GC(52) Concurrent Scan Root Regions 40.483ms
[25.158s][info][gc,marking  ] GC(52) Concurrent Mark
[25.158s][info][gc,marking  ] GC(52) Concurrent Mark From Roots
[25.158s][info][gc,task     ] GC(52) Using 3 workers of 3 for marking
[25.312s][info][gc,marking  ] GC(52) Concurrent Mark From Roots 154.018ms
[25.312s][info][gc,marking  ] GC(52) Concurrent Preclean
[25.312s][info][gc,marking  ] GC(52) Concurrent Preclean 0.018ms
[25.312s][info][gc,start    ] GC(52) Pause Remark
[25.314s][info][gc          ] GC(52) Pause Remark 2470M->2452M(4090M) 2.293ms
[25.314s][info][gc,cpu      ] GC(52) User=0.00s Sys=0.00s Real=0.00s
[25.314s][info][gc,marking  ] GC(52) Concurrent Mark 156.583ms
[25.314s][info][gc,marking  ] GC(52) Concurrent Rebuild Remembered Sets and Scrub Regions
[25.431s][info][gc,marking  ] GC(52) Concurrent Rebuild Remembered Sets and Scrub Regions 116.440ms
[25.431s][info][gc,start    ] GC(52) Pause Cleanup
[25.431s][info][gc          ] GC(52) Pause Cleanup 2522M->2522M(4090M) 0.422ms
[25.431s][info][gc,cpu      ] GC(52) User=0.00s Sys=0.00s Real=0.00s
[25.432s][info][gc,marking  ] GC(52) Concurrent Clear Claimed Marks
[25.432s][info][gc,marking  ] GC(52) Concurrent Clear Claimed Marks 0.042ms
[25.432s][info][gc,marking  ] GC(52) Concurrent Cleanup for Next Mark
[25.437s][info][gc,marking  ] GC(52) Concurrent Cleanup for Next Mark 5.572ms
[25.437s][info][gc          ] GC(52) Concurrent Mark Cycle 319.982ms
[26.776s][info][gc,start    ] GC(53) Pause Young (Prepare Mixed) (G1 Evacuation Pause)
[26.777s][info][gc,task     ] GC(53) Using 10 workers of 10 for evacuation
[26.803s][info][gc,phases   ] GC(53)   Pre Evacuate Collection Set: 0.3ms
[26.803s][info][gc,phases   ] GC(53)   Merge Heap Roots: 0.6ms
[26.803s][info][gc,phases   ] GC(53)   Evacuate Collection Set: 24.7ms
[26.803s][info][gc,phases   ] GC(53)   Post Evacuate Collection Set: 0.9ms
[26.803s][info][gc,phases   ] GC(53)   Other: 0.1ms
[26.803s][info][gc,heap     ] GC(53) Eden regions: 624->0(750)
[26.803s][info][gc,heap     ] GC(53) Survivor regions: 6->18(79)
[26.803s][info][gc,heap     ] GC(53) Old regions: 1139->1139
[26.803s][info][gc,heap     ] GC(53) Humongous regions: 17->17
[26.803s][info][gc,metaspace] GC(53) Metaspace: 1566K(1664K)->1566K(1664K) NonClass: 1439K(1472K)->1439K(1472K) Class: 127K(192K)->127K(192K)
[26.803s][info][gc          ] GC(53) Pause Young (Prepare Mixed) (G1 Evacuation Pause) 3571M->2345M(4090M) 26.846ms
[26.803s][info][gc,cpu      ] GC(53) User=0.31s Sys=0.00s Real=0.03s
[28.744s][info][gc,start    ] GC(54) Pause Young (Mixed) (G1 Evacuation Pause)
[28.744s][info][gc,task     ] GC(54) Using 10 workers of 10 for evacuation
[28.789s][info][gc,phases   ] GC(54)   Pre Evacuate Collection Set: 0.4ms
[28.789s][info][gc,phases   ] GC(54)   Merge Heap Roots: 0.6ms
[28.789s][info][gc,phases   ] GC(54)   Evacuate Collection Set: 43.4ms
[28.789s][info][gc,phases   ] GC(54)   Post Evacuate Collection Set: 1.1ms
[28.789s][info][gc,phases   ] GC(54)   Other: 0.1ms
[28.790s][info][gc,heap     ] GC(54) Eden regions: 750->0(723)
[28.790s][info][gc,heap     ] GC(54) Survivor regions: 18->33(96)
[28.790s][info][gc,heap     ] GC(54) Old regions: 1139->1136
[28.790s][info][gc,heap     ] GC(54) Humongous regions: 17->17
[28.790s][info][gc,metaspace] GC(54) Metaspace: 1566K(1664K)->1566K(1664K) NonClass: 1439K(1472K)->1439K(1472K) Class: 127K(192K)->127K(192K)
[28.790s][info][gc          ] GC(54) Pause Young (Mixed) (G1 Evacuation Pause) 3845M->2369M(4090M) 45.828ms
[28.790s][info][gc,cpu      ] GC(54) User=0.47s Sys=0.00s Real=0.04s
[29.695s][info][gc,start    ] GC(55) Pause Young (Concurrent Start) (G1 Humongous Allocation)
[29.695s][info][gc,task     ] GC(55) Using 10 workers of 10 for evacuation
[29.742s][info][gc,phases   ] GC(55)   Pre Evacuate Collection Set: 0.3ms
[29.742s][info][gc,phases   ] GC(55)   Merge Heap Roots: 0.6ms
[29.742s][info][gc,phases   ] GC(55)   Evacuate Collection Set: 45.1ms
[29.742s][info][gc,phases   ] GC(55)   Post Evacuate Collection Set: 0.9ms
[29.742s][info][gc,phases   ] GC(55)   Other: 0.2ms
[29.742s][info][gc,heap     ] GC(55) Eden regions: 299->0(707)
[29.742s][info][gc,heap     ] GC(55) Survivor regions: 33->41(95)
[29.742s][info][gc,heap     ] GC(55) Old regions: 1136->1136
[29.742s][info][gc,heap     ] GC(55) Humongous regions: 17->17
[29.742s][info][gc,metaspace] GC(55) Metaspace: 1670K(1792K)->1670K(1792K) NonClass: 1530K(1600K)->1530K(1600K) Class: 139K(192K)->139K(192K)
[29.742s][info][gc          ] GC(55) Pause Young (Concurrent Start) (G1 Humongous Allocation) 2967M->2386M(4090M) 47.384ms
[29.742s][info][gc,cpu      ] GC(55) User=0.47s Sys=0.00s Real=0.05s
[29.742s][info][gc          ] GC(56) Concurrent Mark Cycle
[29.742s][info][gc,marking  ] GC(56) Concurrent Scan Root Regions
[29.762s][info][gc,marking  ] GC(56) Concurrent Scan Root Regions 19.517ms
[29.762s][info][gc,marking  ] GC(56) Concurrent Mark
[29.762s][info][gc,marking  ] GC(56) Concurrent Mark From Roots
[29.762s][info][gc,task     ] GC(56) Using 3 workers of 3 for marking
[30.018s][info][gc,marking  ] GC(56) Concurrent Mark From Roots 255.881ms
[30.018s][info][gc,marking  ] GC(56) Concurrent Preclean
[30.018s][info][gc,marking  ] GC(56) Concurrent Preclean 0.038ms
[30.018s][info][gc,start    ] GC(56) Pause Remark
[30.019s][info][gc          ] GC(56) Pause Remark 2524M->2524M(4096M) 0.998ms
[30.019s][info][gc,cpu      ] GC(56) User=0.00s Sys=0.00s Real=0.00s
[30.019s][info][gc,marking  ] GC(56) Concurrent Mark 257.246ms
[30.019s][info][gc,marking  ] GC(56) Concurrent Rebuild Remembered Sets and Scrub Regions
[30.193s][info][gc,marking  ] GC(56) Concurrent Rebuild Remembered Sets and Scrub Regions 173.456ms
[30.193s][info][gc,start    ] GC(56) Pause Cleanup
[30.193s][info][gc          ] GC(56) Pause Cleanup 2527M->2527M(4096M) 0.439ms
[30.193s][info][gc,cpu      ] GC(56) User=0.00s Sys=0.00s Real=0.00s
[30.193s][info][gc,marking  ] GC(56) Concurrent Clear Claimed Marks
[30.193s][info][gc,marking  ] GC(56) Concurrent Clear Claimed Marks 0.031ms
[30.193s][info][gc,marking  ] GC(56) Concurrent Cleanup for Next Mark
[30.199s][info][gc,marking  ] GC(56) Concurrent Cleanup for Next Mark 5.104ms
[30.199s][info][gc          ] GC(56) Concurrent Mark Cycle 456.386ms
[30.539s][info][gc,heap,exit] Heap
[30.539s][info][gc,heap,exit]  garbage-first heap   total 4194304K, used 2599370K [0x0000000700000000, 0x0000000800000000)
[30.539s][info][gc,heap,exit]   region size 2048K, 85 young (174080K), 41 survivors (83968K)
[30.539s][info][gc,heap,exit]  Metaspace       used 1734K, committed 1856K, reserved 1114112K
[30.539s][info][gc,heap,exit]   class space    used 146K, committed 192K, reserved 1048576K
