[0.009s][info][gc,init] CardTable entry size: 512
[0.010s][info][gc     ] Using G1
[0.019s][info][gc,init] Version: 21.0.5+9-LTS-239 (release)
[0.019s][info][gc,init] CPUs: 12 total, 12 available
[0.019s][info][gc,init] Memory: 16190M
[0.019s][info][gc,init] Large Page Support: Disabled
[0.019s][info][gc,init] NUMA Support: Disabled
[0.019s][info][gc,init] Compressed Oops: Enabled (Zero based)
[0.019s][info][gc,init] Heap Region Size: 2M
[0.019s][info][gc,init] Heap Min Capacity: 2G
[0.019s][info][gc,init] Heap Initial Capacity: 2G
[0.019s][info][gc,init] Heap Max Capacity: 4G
[0.019s][info][gc,init] Pre-touch: Disabled
[0.019s][info][gc,init] Parallel Workers: 10
[0.019s][info][gc,init] Concurrent Workers: 3
[0.019s][info][gc,init] Concurrent Refinement Workers: 10
[0.019s][info][gc,init] Periodic GC: Disabled
[0.028s][info][gc,metaspace] CDS archive(s) mapped at: [0x0000018280000000-0x0000018280c90000-0x0000018280c90000), size 13172736, SharedBaseAddress: 0x0000018280000000, ArchiveRelocationMode: 1.
[0.028s][info][gc,metaspace] Compressed class space mapped at: 0x0000018281000000-0x00000182c1000000, reserved size: 1073741824
[0.028s][info][gc,metaspace] Narrow klass base: 0x0000018280000000, Narrow klass shift: 0, Narrow klass range: 0x100000000
[0.477s][info][gc,start    ] GC(0) Pause Young (Normal) (G1 Evacuation Pause)
[0.478s][info][gc,task     ] GC(0) Using 10 workers of 10 for evacuation
[0.482s][info][gc,phases   ] GC(0)   Pre Evacuate Collection Set: 0.2ms
[0.482s][info][gc,phases   ] GC(0)   Merge Heap Roots: 0.1ms
[0.482s][info][gc,phases   ] GC(0)   Evacuate Collection Set: 2.9ms
[0.482s][info][gc,phases   ] GC(0)   Post Evacuate Collection Set: 0.4ms
[0.482s][info][gc,phases   ] GC(0)   Other: 1.1ms
[0.482s][info][gc,heap     ] GC(0) Eden regions: 51->0(44)
[0.482s][info][gc,heap     ] GC(0) Survivor regions: 0->7(7)
[0.482s][info][gc,heap     ] GC(0) Old regions: 0->4
[0.482s][info][gc,heap     ] GC(0) Humongous regions: 1->0
[0.482s][info][gc,metaspace] GC(0) Metaspace: 1315K(1472K)->1315K(1472K) NonClass: 1218K(1280K)->1218K(1280K) Class: 97K(192K)->97K(192K)
[0.482s][info][gc          ] GC(0) Pause Young (Normal) (G1 Evacuation Pause) 104M->21M(2048M) 5.098ms
[0.482s][info][gc,cpu      ] GC(0) User=0.00s Sys=0.00s Real=0.01s
[0.617s][info][gc,start    ] GC(1) Pause Young (Normal) (G1 Evacuation Pause)
[0.617s][info][gc,task     ] GC(1) Using 10 workers of 10 for evacuation
[0.622s][info][gc,phases   ] GC(1)   Pre Evacuate Collection Set: 0.2ms
[0.622s][info][gc,phases   ] GC(1)   Merge Heap Roots: 0.1ms
[0.622s][info][gc,phases   ] GC(1)   Evacuate Collection Set: 3.6ms
[0.622s][info][gc,phases   ] GC(1)   Post Evacuate Collection Set: 0.4ms
[0.622s][info][gc,phases   ] GC(1)   Other: 0.1ms
[0.622s][info][gc,heap     ] GC(1) Eden regions: 44->0(44)
[0.622s][info][gc,heap     ] GC(1) Survivor regions: 7->7(7)
[0.622s][info][gc,heap     ] GC(1) Old regions: 4->13
[0.622s][info][gc,heap     ] GC(1) Humongous regions: 0->0
[0.622s][info][gc,metaspace] GC(1) Metaspace: 1319K(1472K)->1319K(1472K) NonClass: 1221K(1280K)->1221K(1280K) Class: 97K(192K)->97K(192K)
[0.622s][info][gc          ] GC(1) Pause Young (Normal) (G1 Evacuation Pause) 109M->39M(2048M) 4.592ms
[0.622s][info][gc,cpu      ] GC(1) User=0.00s Sys=0.00s Real=0.00s
[0.689s][info][gc,start    ] GC(2) Pause Young (Normal) (G1 Evacuation Pause)
[0.689s][info][gc,task     ] GC(2) Using 10 workers of 10 for evacuation
[0.694s][info][gc,phases   ] GC(2)   Pre Evacuate Collection Set: 0.2ms
[0.694s][info][gc,phases   ] GC(2)   Merge Heap Roots: 0.1ms
[0.694s][info][gc,phases   ] GC(2)   Evacuate Collection Set: 4.3ms
[0.694s][info][gc,phases   ] GC(2)   Post Evacuate Collection Set: 0.3ms
[0.694s][info][gc,phases   ] GC(2)   Other: 0.1ms
[0.694s][info][gc,heap     ] GC(2) Eden regions: 44->0(44)
[0.694s][info][gc,heap     ] GC(2) Survivor regions: 7->7(7)
[0.694s][info][gc,heap     ] GC(2) Old regions: 13->22
[0.694s][info][gc,heap     ] GC(2) Humongous regions: 0->0
[0.694s][info][gc,metaspace] GC(2) Metaspace: 1320K(1472K)->1320K(1472K) NonClass: 1222K(1280K)->1222K(1280K) Class: 97K(192K)->97K(192K)
[0.694s][info][gc          ] GC(2) Pause Young (Normal) (G1 Evacuation Pause) 127M->57M(2048M) 5.369ms
[0.694s][info][gc,cpu      ] GC(2) User=0.00s Sys=0.00s Real=0.00s
[0.756s][info][gc,start    ] GC(3) Pause Young (Normal) (G1 Evacuation Pause)
[0.756s][info][gc,task     ] GC(3) Using 10 workers of 10 for evacuation
[0.761s][info][gc,phases   ] GC(3)   Pre Evacuate Collection Set: 0.3ms
[0.761s][info][gc,phases   ] GC(3)   Merge Heap Roots: 0.1ms
[0.761s][info][gc,phases   ] GC(3)   Evacuate Collection Set: 4.3ms
[0.761s][info][gc,phases   ] GC(3)   Post Evacuate Collection Set: 0.5ms
[0.761s][info][gc,phases   ] GC(3)   Other: 0.1ms
[0.761s][info][gc,heap     ] GC(3) Eden regions: 44->0(59)
[0.761s][info][gc,heap     ] GC(3) Survivor regions: 7->7(7)
[0.761s][info][gc,heap     ] GC(3) Old regions: 22->31
[0.761s][info][gc,heap     ] GC(3) Humongous regions: 0->0
[0.761s][info][gc,metaspace] GC(3) Metaspace: 1320K(1472K)->1320K(1472K) NonClass: 1222K(1280K)->1222K(1280K) Class: 97K(192K)->97K(192K)
[0.761s][info][gc          ] GC(3) Pause Young (Normal) (G1 Evacuation Pause) 145M->75M(2048M) 5.534ms
[0.761s][info][gc,cpu      ] GC(3) User=0.00s Sys=0.00s Real=0.01s
[0.842s][info][gc,start    ] GC(4) Pause Young (Normal) (G1 Evacuation Pause)
[0.842s][info][gc,task     ] GC(4) Using 10 workers of 10 for evacuation
[0.848s][info][gc,phases   ] GC(4)   Pre Evacuate Collection Set: 0.3ms
[0.848s][info][gc,phases   ] GC(4)   Merge Heap Roots: 0.1ms
[0.848s][info][gc,phases   ] GC(4)   Evacuate Collection Set: 5.0ms
[0.848s][info][gc,phases   ] GC(4)   Post Evacuate Collection Set: 0.5ms
[0.848s][info][gc,phases   ] GC(4)   Other: 0.1ms
[0.848s][info][gc,heap     ] GC(4) Eden regions: 59->0(75)
[0.848s][info][gc,heap     ] GC(4) Survivor regions: 7->9(9)
[0.848s][info][gc,heap     ] GC(4) Old regions: 31->42
[0.848s][info][gc,heap     ] GC(4) Humongous regions: 0->0
[0.848s][info][gc,metaspace] GC(4) Metaspace: 1320K(1472K)->1320K(1472K) NonClass: 1222K(1280K)->1222K(1280K) Class: 97K(192K)->97K(192K)
[0.848s][info][gc          ] GC(4) Pause Young (Normal) (G1 Evacuation Pause) 193M->101M(2048M) 6.228ms
[0.848s][info][gc,cpu      ] GC(4) User=0.11s Sys=0.05s Real=0.01s
[0.957s][info][gc,start    ] GC(5) Pause Young (Normal) (G1 Evacuation Pause)
[0.957s][info][gc,task     ] GC(5) Using 10 workers of 10 for evacuation
[0.965s][info][gc,phases   ] GC(5)   Pre Evacuate Collection Set: 0.2ms
[0.965s][info][gc,phases   ] GC(5)   Merge Heap Roots: 0.1ms
[0.965s][info][gc,phases   ] GC(5)   Evacuate Collection Set: 6.4ms
[0.965s][info][gc,phases   ] GC(5)   Post Evacuate Collection Set: 0.5ms
[0.965s][info][gc,phases   ] GC(5)   Other: 0.1ms
[0.965s][info][gc,heap     ] GC(5) Eden regions: 75->0(84)
[0.965s][info][gc,heap     ] GC(5) Survivor regions: 9->11(11)
[0.965s][info][gc,heap     ] GC(5) Old regions: 42->55
[0.965s][info][gc,heap     ] GC(5) Humongous regions: 0->0
[0.965s][info][gc,metaspace] GC(5) Metaspace: 1320K(1472K)->1320K(1472K) NonClass: 1222K(1280K)->1222K(1280K) Class: 97K(192K)->97K(192K)
[0.965s][info][gc          ] GC(5) Pause Young (Normal) (G1 Evacuation Pause) 251M->130M(2048M) 7.589ms
[0.965s][info][gc,cpu      ] GC(5) User=0.00s Sys=0.00s Real=0.01s
[1.078s][info][gc,start    ] GC(6) Pause Young (Normal) (G1 Evacuation Pause)
[1.078s][info][gc,task     ] GC(6) Using 10 workers of 10 for evacuation
[1.088s][info][gc,phases   ] GC(6)   Pre Evacuate Collection Set: 0.2ms
[1.088s][info][gc,phases   ] GC(6)   Merge Heap Roots: 0.1ms
[1.088s][info][gc,phases   ] GC(6)   Evacuate Collection Set: 8.8ms
[1.088s][info][gc,phases   ] GC(6)   Post Evacuate Collection Set: 0.5ms
[1.088s][info][gc,phases   ] GC(6)   Other: 0.1ms
[1.088s][info][gc,heap     ] GC(6) Eden regions: 84->0(132)
[1.088s][info][gc,heap     ] GC(6) Survivor regions: 11->12(12)
[1.088s][info][gc,heap     ] GC(6) Old regions: 55->71
[1.088s][info][gc,heap     ] GC(6) Humongous regions: 1->0
[1.088s][info][gc,metaspace] GC(6) Metaspace: 1320K(1472K)->1320K(1472K) NonClass: 1222K(1280K)->1222K(1280K) Class: 97K(192K)->97K(192K)
[1.088s][info][gc          ] GC(6) Pause Young (Normal) (G1 Evacuation Pause) 300M->165M(2048M) 9.978ms
[1.088s][info][gc,cpu      ] GC(6) User=0.00s Sys=0.00s Real=0.01s
[1.281s][info][gc,start    ] GC(7) Pause Young (Normal) (G1 Evacuation Pause)
[1.282s][info][gc,task     ] GC(7) Using 10 workers of 10 for evacuation
[1.295s][info][gc,phases   ] GC(7)   Pre Evacuate Collection Set: 0.3ms
[1.295s][info][gc,phases   ] GC(7)   Merge Heap Roots: 0.1ms
[1.295s][info][gc,phases   ] GC(7)   Evacuate Collection Set: 12.6ms
[1.295s][info][gc,phases   ] GC(7)   Post Evacuate Collection Set: 0.6ms
[1.295s][info][gc,phases   ] GC(7)   Other: 0.1ms
[1.295s][info][gc,heap     ] GC(7) Eden regions: 132->0(142)
[1.295s][info][gc,heap     ] GC(7) Survivor regions: 12->18(18)
[1.295s][info][gc,heap     ] GC(7) Old regions: 71->93
[1.295s][info][gc,heap     ] GC(7) Humongous regions: 0->0
[1.295s][info][gc,metaspace] GC(7) Metaspace: 1320K(1472K)->1320K(1472K) NonClass: 1222K(1280K)->1222K(1280K) Class: 97K(192K)->97K(192K)
[1.295s][info][gc          ] GC(7) Pause Young (Normal) (G1 Evacuation Pause) 429M->220M(2048M) 13.860ms
[1.295s][info][gc,cpu      ] GC(7) User=0.00s Sys=0.00s Real=0.01s
[1.476s][info][gc,start    ] GC(8) Pause Young (Normal) (G1 Evacuation Pause)
[1.476s][info][gc,task     ] GC(8) Using 10 workers of 10 for evacuation
[1.492s][info][gc,phases   ] GC(8)   Pre Evacuate Collection Set: 0.3ms
[1.492s][info][gc,phases   ] GC(8)   Merge Heap Roots: 0.1ms
[1.492s][info][gc,phases   ] GC(8)   Evacuate Collection Set: 14.3ms
[1.492s][info][gc,phases   ] GC(8)   Post Evacuate Collection Set: 0.6ms
[1.492s][info][gc,phases   ] GC(8)   Other: 0.1ms
[1.492s][info][gc,heap     ] GC(8) Eden regions: 142->0(170)
[1.492s][info][gc,heap     ] GC(8) Survivor regions: 18->20(20)
[1.492s][info][gc,heap     ] GC(8) Old regions: 93->121
[1.492s][info][gc,heap     ] GC(8) Humongous regions: 1->0
[1.492s][info][gc,metaspace] GC(8) Metaspace: 1320K(1472K)->1320K(1472K) NonClass: 1222K(1280K)->1222K(1280K) Class: 97K(192K)->97K(192K)
[1.492s][info][gc          ] GC(8) Pause Young (Normal) (G1 Evacuation Pause) 506M->280M(2048M) 15.620ms
[1.492s][info][gc,cpu      ] GC(8) User=0.11s Sys=0.05s Real=0.02s
[1.720s][info][gc,start    ] GC(9) Pause Young (Normal) (G1 Evacuation Pause)
[1.720s][info][gc,task     ] GC(9) Using 10 workers of 10 for evacuation
[1.737s][info][gc,phases   ] GC(9)   Pre Evacuate Collection Set: 0.3ms
[1.737s][info][gc,phases   ] GC(9)   Merge Heap Roots: 0.1ms
[1.737s][info][gc,phases   ] GC(9)   Evacuate Collection Set: 15.5ms
[1.737s][info][gc,phases   ] GC(9)   Post Evacuate Collection Set: 0.7ms
[1.737s][info][gc,phases   ] GC(9)   Other: 0.1ms
[1.737s][info][gc,heap     ] GC(9) Eden regions: 170->0(193)
[1.737s][info][gc,heap     ] GC(9) Survivor regions: 20->24(24)
[1.737s][info][gc,heap     ] GC(9) Old regions: 121->152
[1.737s][info][gc,heap     ] GC(9) Humongous regions: 0->0
[1.737s][info][gc,metaspace] GC(9) Metaspace: 1320K(1472K)->1320K(1472K) NonClass: 1222K(1280K)->1222K(1280K) Class: 97K(192K)->97K(192K)
[1.737s][info][gc          ] GC(9) Pause Young (Normal) (G1 Evacuation Pause) 620M->351M(2048M) 16.969ms
[1.737s][info][gc,cpu      ] GC(9) User=0.00s Sys=0.16s Real=0.02s
[1.988s][info][gc,start    ] GC(10) Pause Young (Normal) (G1 Evacuation Pause)
[1.988s][info][gc,task     ] GC(10) Using 10 workers of 10 for evacuation
[2.009s][info][gc,phases   ] GC(10)   Pre Evacuate Collection Set: 0.3ms
[2.009s][info][gc,phases   ] GC(10)   Merge Heap Roots: 0.1ms
[2.009s][info][gc,phases   ] GC(10)   Evacuate Collection Set: 20.4ms
[2.009s][info][gc,phases   ] GC(10)   Post Evacuate Collection Set: 0.8ms
[2.009s][info][gc,phases   ] GC(10)   Other: 0.1ms
[2.009s][info][gc,heap     ] GC(10) Eden regions: 193->0(252)
[2.009s][info][gc,heap     ] GC(10) Survivor regions: 24->28(28)
[2.009s][info][gc,heap     ] GC(10) Old regions: 152->187
[2.009s][info][gc,heap     ] GC(10) Humongous regions: 0->0
[2.010s][info][gc,metaspace] GC(10) Metaspace: 1320K(1472K)->1320K(1472K) NonClass: 1222K(1280K)->1222K(1280K) Class: 97K(192K)->97K(192K)
[2.010s][info][gc          ] GC(10) Pause Young (Normal) (G1 Evacuation Pause) 737M->429M(2048M) 21.870ms
[2.010s][info][gc,cpu      ] GC(10) User=0.03s Sys=0.12s Real=0.02s
[2.355s][info][gc,start    ] GC(11) Pause Young (Normal) (G1 Evacuation Pause)
[2.355s][info][gc,task     ] GC(11) Using 10 workers of 10 for evacuation
[2.381s][info][gc,phases   ] GC(11)   Pre Evacuate Collection Set: 0.2ms
[2.381s][info][gc,phases   ] GC(11)   Merge Heap Roots: 0.1ms
[2.381s][info][gc,phases   ] GC(11)   Evacuate Collection Set: 24.3ms
[2.381s][info][gc,phases   ] GC(11)   Post Evacuate Collection Set: 1.0ms
[2.381s][info][gc,phases   ] GC(11)   Other: 0.1ms
[2.381s][info][gc,heap     ] GC(11) Eden regions: 252->0(306)
[2.381s][info][gc,heap     ] GC(11) Survivor regions: 28->35(35)
[2.381s][info][gc,heap     ] GC(11) Old regions: 187->233
[2.381s][info][gc,heap     ] GC(11) Humongous regions: 1->0
[2.381s][info][gc,metaspace] GC(11) Metaspace: 1320K(1472K)->1320K(1472K) NonClass: 1222K(1280K)->1222K(1280K) Class: 97K(192K)->97K(192K)
[2.381s][info][gc          ] GC(11) Pause Young (Normal) (G1 Evacuation Pause) 935M->535M(2130M) 26.048ms
[2.381s][info][gc,cpu      ] GC(11) User=0.02s Sys=0.30s Real=0.03s
[2.794s][info][gc,start    ] GC(12) Pause Young (Normal) (G1 Evacuation Pause)
[2.794s][info][gc,task     ] GC(12) Using 10 workers of 10 for evacuation
[2.823s][info][gc,phases   ] GC(12)   Pre Evacuate Collection Set: 0.3ms
[2.823s][info][gc,phases   ] GC(12)   Merge Heap Roots: 0.1ms
[2.823s][info][gc,phases   ] GC(12)   Evacuate Collection Set: 28.0ms
[2.823s][info][gc,phases   ] GC(12)   Post Evacuate Collection Set: 0.8ms
[2.823s][info][gc,phases   ] GC(12)   Other: 0.1ms
[2.823s][info][gc,heap     ] GC(12) Eden regions: 306->0(541)
[2.823s][info][gc,heap     ] GC(12) Survivor regions: 35->43(43)
[2.823s][info][gc,heap     ] GC(12) Old regions: 233->289
[2.823s][info][gc,heap     ] GC(12) Humongous regions: 2->0
[2.823s][info][gc,metaspace] GC(12) Metaspace: 1320K(1472K)->1320K(1472K) NonClass: 1222K(1280K)->1222K(1280K) Class: 97K(192K)->97K(192K)
[2.823s][info][gc          ] GC(12) Pause Young (Normal) (G1 Evacuation Pause) 1151M->663M(2130M) 29.552ms
[2.824s][info][gc,cpu      ] GC(12) User=0.06s Sys=0.25s Real=0.03s
[3.639s][info][gc,start    ] GC(13) Pause Young (Normal) (G1 Evacuation Pause)
[3.639s][info][gc,task     ] GC(13) Using 10 workers of 10 for evacuation
[3.684s][info][gc,phases   ] GC(13)   Pre Evacuate Collection Set: 0.3ms
[3.684s][info][gc,phases   ] GC(13)   Merge Heap Roots: 0.2ms
[3.684s][info][gc,phases   ] GC(13)   Evacuate Collection Set: 43.2ms
[3.684s][info][gc,phases   ] GC(13)   Post Evacuate Collection Set: 0.9ms
[3.684s][info][gc,phases   ] GC(13)   Other: 0.1ms
[3.684s][info][gc,heap     ] GC(13) Eden regions: 541->0(379)
[3.684s][info][gc,heap     ] GC(13) Survivor regions: 43->73(73)
[3.684s][info][gc,heap     ] GC(13) Old regions: 289->372
[3.684s][info][gc,heap     ] GC(13) Humongous regions: 12->0
[3.684s][info][gc,metaspace] GC(13) Metaspace: 1320K(1472K)->1320K(1472K) NonClass: 1222K(1280K)->1222K(1280K) Class: 97K(192K)->97K(192K)
[3.684s][info][gc          ] GC(13) Pause Young (Normal) (G1 Evacuation Pause) 1769M->888M(2130M) 44.903ms
[3.684s][info][gc,cpu      ] GC(13) User=0.02s Sys=0.45s Real=0.05s
[4.169s][info][gc,start    ] GC(14) Pause Young (Normal) (G1 Evacuation Pause)
[4.169s][info][gc,task     ] GC(14) Using 10 workers of 10 for evacuation
[4.203s][info][gc,phases   ] GC(14)   Pre Evacuate Collection Set: 0.3ms
[4.203s][info][gc,phases   ] GC(14)   Merge Heap Roots: 0.2ms
[4.203s][info][gc,phases   ] GC(14)   Evacuate Collection Set: 31.8ms
[4.203s][info][gc,phases   ] GC(14)   Post Evacuate Collection Set: 0.8ms
[4.203s][info][gc,phases   ] GC(14)   Other: 0.1ms
[4.203s][info][gc,heap     ] GC(14) Eden regions: 379->0(346)
[4.203s][info][gc,heap     ] GC(14) Survivor regions: 73->57(57)
[4.203s][info][gc,heap     ] GC(14) Old regions: 372->466
[4.203s][info][gc,heap     ] GC(14) Humongous regions: 3->0
[4.203s][info][gc,metaspace] GC(14) Metaspace: 1321K(1472K)->1321K(1472K) NonClass: 1223K(1280K)->1223K(1280K) Class: 97K(192K)->97K(192K)
[4.203s][info][gc          ] GC(14) Pause Young (Normal) (G1 Evacuation Pause) 1652M->1045M(2130M) 33.426ms
[4.203s][info][gc,cpu      ] GC(14) User=0.12s Sys=0.20s Real=0.03s
[4.642s][info][gc,start    ] GC(15) Pause Young (Normal) (G1 Evacuation Pause)
[4.642s][info][gc,task     ] GC(15) Using 10 workers of 10 for evacuation
[4.668s][info][gc,phases   ] GC(15)   Pre Evacuate Collection Set: 0.3ms
[4.668s][info][gc,phases   ] GC(15)   Merge Heap Roots: 0.1ms
[4.668s][info][gc,phases   ] GC(15)   Evacuate Collection Set: 24.5ms
[4.668s][info][gc,phases   ] GC(15)   Post Evacuate Collection Set: 0.7ms
[4.668s][info][gc,phases   ] GC(15)   Other: 0.1ms
[4.668s][info][gc,heap     ] GC(15) Eden regions: 346->0(309)
[4.668s][info][gc,heap     ] GC(15) Survivor regions: 57->51(51)
[4.668s][info][gc,heap     ] GC(15) Old regions: 466->545
[4.668s][info][gc,heap     ] GC(15) Humongous regions: 2->0
[4.668s][info][gc,metaspace] GC(15) Metaspace: 1321K(1472K)->1321K(1472K) NonClass: 1223K(1280K)->1223K(1280K) Class: 97K(192K)->97K(192K)
[4.668s][info][gc          ] GC(15) Pause Young (Normal) (G1 Evacuation Pause) 1741M->1190M(2130M) 25.920ms
[4.668s][info][gc,cpu      ] GC(15) User=0.08s Sys=0.08s Real=0.02s
[5.030s][info][gc,start    ] GC(16) Pause Young (Concurrent Start) (G1 Humongous Allocation)
[5.030s][info][gc,task     ] GC(16) Using 10 workers of 10 for evacuation
[5.052s][info][gc,phases   ] GC(16)   Pre Evacuate Collection Set: 0.3ms
[5.052s][info][gc,phases   ] GC(16)   Merge Heap Roots: 0.1ms
[5.052s][info][gc,phases   ] GC(16)   Evacuate Collection Set: 20.8ms
[5.052s][info][gc,phases   ] GC(16)   Post Evacuate Collection Set: 0.8ms
[5.052s][info][gc,phases   ] GC(16)   Other: 0.2ms
[5.052s][info][gc,heap     ] GC(16) Eden regions: 282->0(271)
[5.052s][info][gc,heap     ] GC(16) Survivor regions: 51->45(45)
[5.052s][info][gc,heap     ] GC(16) Old regions: 545->611
[5.052s][info][gc,heap     ] GC(16) Humongous regions: 0->0
[5.052s][info][gc,metaspace] GC(16) Metaspace: 1321K(1472K)->1321K(1472K) NonClass: 1223K(1280K)->1223K(1280K) Class: 97K(192K)->97K(192K)
[5.052s][info][gc          ] GC(16) Pause Young (Concurrent Start) (G1 Humongous Allocation) 1753M->1310M(2130M) 22.445ms
[5.052s][info][gc,cpu      ] GC(16) User=0.28s Sys=0.02s Real=0.02s
[5.052s][info][gc          ] GC(17) Concurrent Mark Cycle
[5.052s][info][gc,marking  ] GC(17) Concurrent Scan Root Regions
[5.054s][info][gc,marking  ] GC(17) Concurrent Scan Root Regions 2.189ms
[5.054s][info][gc,marking  ] GC(17) Concurrent Mark
[5.054s][info][gc,marking  ] GC(17) Concurrent Mark From Roots
[5.054s][info][gc,task     ] GC(17) Using 3 workers of 3 for marking
[5.060s][info][gc,marking  ] GC(17) Concurrent Mark From Roots 5.835ms
[5.060s][info][gc,marking  ] GC(17) Concurrent Preclean
[5.060s][info][gc,marking  ] GC(17) Concurrent Preclean 0.016ms
[5.061s][info][gc,start    ] GC(17) Pause Remark
[5.063s][info][gc          ] GC(17) Pause Remark 1323M->1323M(2210M) 2.353ms
[5.063s][info][gc,cpu      ] GC(17) User=0.02s Sys=0.00s Real=0.00s
[5.063s][info][gc,marking  ] GC(17) Concurrent Mark 8.519ms
[5.063s][info][gc,marking  ] GC(17) Concurrent Rebuild Remembered Sets and Scrub Regions
[5.064s][info][gc,marking  ] GC(17) Concurrent Rebuild Remembered Sets and Scrub Regions 1.129ms
[5.064s][info][gc,start    ] GC(17) Pause Cleanup
[5.065s][info][gc          ] GC(17) Pause Cleanup 1325M->1325M(2210M) 0.236ms
[5.065s][info][gc,cpu      ] GC(17) User=0.00s Sys=0.00s Real=0.00s
[5.065s][info][gc,marking  ] GC(17) Concurrent Clear Claimed Marks
[5.065s][info][gc,marking  ] GC(17) Concurrent Clear Claimed Marks 0.024ms
[5.065s][info][gc,marking  ] GC(17) Concurrent Cleanup for Next Mark
[5.068s][info][gc,marking  ] GC(17) Concurrent Cleanup for Next Mark 3.396ms
[5.068s][info][gc          ] GC(17) Concurrent Mark Cycle 15.946ms
[5.432s][info][gc,start    ] GC(18) Pause Young (Prepare Mixed) (G1 Evacuation Pause)
[5.432s][info][gc,task     ] GC(18) Using 10 workers of 10 for evacuation
[5.452s][info][gc,phases   ] GC(18)   Pre Evacuate Collection Set: 0.3ms
[5.452s][info][gc,phases   ] GC(18)   Merge Heap Roots: 0.1ms
[5.452s][info][gc,phases   ] GC(18)   Evacuate Collection Set: 19.1ms
[5.452s][info][gc,phases   ] GC(18)   Post Evacuate Collection Set: 0.8ms
[5.453s][info][gc,phases   ] GC(18)   Other: 0.1ms
[5.453s][info][gc,heap     ] GC(18) Eden regions: 271->0(261)
[5.453s][info][gc,heap     ] GC(18) Survivor regions: 45->40(40)
[5.453s][info][gc,heap     ] GC(18) Old regions: 611->671
[5.453s][info][gc,heap     ] GC(18) Humongous regions: 4->0
[5.453s][info][gc,metaspace] GC(18) Metaspace: 1321K(1472K)->1321K(1472K) NonClass: 1223K(1280K)->1223K(1280K) Class: 97K(192K)->97K(192K)
[5.453s][info][gc          ] GC(18) Pause Young (Prepare Mixed) (G1 Evacuation Pause) 1860M->1421M(2210M) 20.600ms
[5.453s][info][gc,cpu      ] GC(18) User=0.16s Sys=0.00s Real=0.02s
[5.788s][info][gc,start    ] GC(19) Pause Young (Mixed) (G1 Evacuation Pause)
[5.788s][info][gc,task     ] GC(19) Using 10 workers of 10 for evacuation
[5.809s][info][gc,phases   ] GC(19)   Pre Evacuate Collection Set: 0.3ms
[5.809s][info][gc,phases   ] GC(19)   Merge Heap Roots: 0.1ms
[5.809s][info][gc,phases   ] GC(19)   Evacuate Collection Set: 19.7ms
[5.809s][info][gc,phases   ] GC(19)   Post Evacuate Collection Set: 0.8ms
[5.809s][info][gc,phases   ] GC(19)   Other: 0.1ms
[5.809s][info][gc,heap     ] GC(19) Eden regions: 261->0(225)
[5.809s][info][gc,heap     ] GC(19) Survivor regions: 40->38(38)
[5.809s][info][gc,heap     ] GC(19) Old regions: 671->728
[5.809s][info][gc,heap     ] GC(19) Humongous regions: 3->0
[5.809s][info][gc,metaspace] GC(19) Metaspace: 1321K(1472K)->1321K(1472K) NonClass: 1223K(1280K)->1223K(1280K) Class: 97K(192K)->97K(192K)
[5.809s][info][gc          ] GC(19) Pause Young (Mixed) (G1 Evacuation Pause) 1949M->1530M(2210M) 21.223ms
[5.809s][info][gc,cpu      ] GC(19) User=0.14s Sys=0.00s Real=0.02s
[6.098s][info][gc,start    ] GC(20) Pause Young (Concurrent Start) (G1 Humongous Allocation)
[6.098s][info][gc,task     ] GC(20) Using 10 workers of 10 for evacuation
[6.115s][info][gc,phases   ] GC(20)   Pre Evacuate Collection Set: 0.3ms
[6.115s][info][gc,phases   ] GC(20)   Merge Heap Roots: 0.1ms
[6.115s][info][gc,phases   ] GC(20)   Evacuate Collection Set: 16.0ms
[6.115s][info][gc,phases   ] GC(20)   Post Evacuate Collection Set: 0.7ms
[6.115s][info][gc,phases   ] GC(20)   Other: 0.2ms
[6.115s][info][gc,heap     ] GC(20) Eden regions: 222->0(194)
[6.115s][info][gc,heap     ] GC(20) Survivor regions: 38->33(33)
[6.115s][info][gc,heap     ] GC(20) Old regions: 728->780
[6.115s][info][gc,heap     ] GC(20) Humongous regions: 0->0
[6.115s][info][gc,metaspace] GC(20) Metaspace: 1321K(1472K)->1321K(1472K) NonClass: 1223K(1280K)->1223K(1280K) Class: 97K(192K)->97K(192K)
[6.115s][info][gc          ] GC(20) Pause Young (Concurrent Start) (G1 Humongous Allocation) 1974M->1624M(2210M) 17.591ms
[6.115s][info][gc,cpu      ] GC(20) User=0.16s Sys=0.00s Real=0.02s
[6.115s][info][gc          ] GC(21) Concurrent Mark Cycle
[6.115s][info][gc,marking  ] GC(21) Concurrent Scan Root Regions
[6.116s][info][gc,marking  ] GC(21) Concurrent Scan Root Regions 0.293ms
[6.116s][info][gc,marking  ] GC(21) Concurrent Mark
[6.116s][info][gc,marking  ] GC(21) Concurrent Mark From Roots
[6.116s][info][gc,task     ] GC(21) Using 3 workers of 3 for marking
[6.120s][info][gc,marking  ] GC(21) Concurrent Mark From Roots 4.030ms
[6.120s][info][gc,marking  ] GC(21) Concurrent Preclean
[6.120s][info][gc,marking  ] GC(21) Concurrent Preclean 0.014ms
[6.120s][info][gc,start    ] GC(21) Pause Remark
[6.123s][info][gc          ] GC(21) Pause Remark 1633M->1633M(2728M) 3.082ms
[6.123s][info][gc,cpu      ] GC(21) User=0.00s Sys=0.00s Real=0.00s
[6.123s][info][gc,marking  ] GC(21) Concurrent Mark 7.381ms
[6.123s][info][gc,marking  ] GC(21) Concurrent Rebuild Remembered Sets and Scrub Regions
[6.125s][info][gc,marking  ] GC(21) Concurrent Rebuild Remembered Sets and Scrub Regions 1.485ms
[6.125s][info][gc,start    ] GC(21) Pause Cleanup
[6.125s][info][gc          ] GC(21) Pause Cleanup 1635M->1635M(2728M) 0.288ms
[6.125s][info][gc,cpu      ] GC(21) User=0.00s Sys=0.00s Real=0.00s
[6.125s][info][gc,marking  ] GC(21) Concurrent Clear Claimed Marks
[6.125s][info][gc,marking  ] GC(21) Concurrent Clear Claimed Marks 0.039ms
[6.125s][info][gc,marking  ] GC(21) Concurrent Cleanup for Next Mark
[6.129s][info][gc,marking  ] GC(21) Concurrent Cleanup for Next Mark 3.716ms
[6.129s][info][gc          ] GC(21) Concurrent Mark Cycle 13.628ms
[6.466s][info][gc,start    ] GC(22) Pause Young (Prepare Mixed) (G1 Evacuation Pause)
[6.466s][info][gc,task     ] GC(22) Using 10 workers of 10 for evacuation
[6.484s][info][gc,phases   ] GC(22)   Pre Evacuate Collection Set: 0.2ms
[6.484s][info][gc,phases   ] GC(22)   Merge Heap Roots: 0.2ms
[6.484s][info][gc,phases   ] GC(22)   Evacuate Collection Set: 17.2ms
[6.484s][info][gc,phases   ] GC(22)   Post Evacuate Collection Set: 0.7ms
[6.484s][info][gc,phases   ] GC(22)   Other: 0.1ms
[6.484s][info][gc,heap     ] GC(22) Eden regions: 194->0(323)
[6.484s][info][gc,heap     ] GC(22) Survivor regions: 33->29(29)
[6.484s][info][gc,heap     ] GC(22) Old regions: 780->823
[6.484s][info][gc,heap     ] GC(22) Humongous regions: 3->0
[6.484s][info][gc,metaspace] GC(22) Metaspace: 1321K(1472K)->1321K(1472K) NonClass: 1223K(1280K)->1223K(1280K) Class: 97K(192K)->97K(192K)
[6.485s][info][gc          ] GC(22) Pause Young (Prepare Mixed) (G1 Evacuation Pause) 2018M->1702M(2728M) 18.670ms
[6.485s][info][gc,cpu      ] GC(22) User=0.17s Sys=0.00s Real=0.02s
[6.916s][info][gc,start    ] GC(23) Pause Young (Mixed) (G1 Evacuation Pause)
[6.916s][info][gc,task     ] GC(23) Using 10 workers of 10 for evacuation
[6.936s][info][gc,phases   ] GC(23)   Pre Evacuate Collection Set: 0.3ms
[6.936s][info][gc,phases   ] GC(23)   Merge Heap Roots: 0.2ms
[6.936s][info][gc,phases   ] GC(23)   Evacuate Collection Set: 19.3ms
[6.937s][info][gc,phases   ] GC(23)   Post Evacuate Collection Set: 0.8ms
[6.937s][info][gc,phases   ] GC(23)   Other: 0.1ms
[6.937s][info][gc,heap     ] GC(23) Eden regions: 323->0(286)
[6.937s][info][gc,heap     ] GC(23) Survivor regions: 29->44(44)
[6.937s][info][gc,heap     ] GC(23) Old regions: 823->875
[6.937s][info][gc,heap     ] GC(23) Humongous regions: 4->0
[6.937s][info][gc,metaspace] GC(23) Metaspace: 1321K(1472K)->1321K(1472K) NonClass: 1223K(1280K)->1223K(1280K) Class: 97K(192K)->97K(192K)
[6.937s][info][gc          ] GC(23) Pause Young (Mixed) (G1 Evacuation Pause) 2356M->1837M(2728M) 20.942ms
[6.937s][info][gc,cpu      ] GC(23) User=0.12s Sys=0.03s Real=0.02s
[7.101s][info][gc,start    ] GC(24) Pause Young (Concurrent Start) (G1 Humongous Allocation)
[7.101s][info][gc,task     ] GC(24) Using 10 workers of 10 for evacuation
[7.116s][info][gc,phases   ] GC(24)   Pre Evacuate Collection Set: 0.3ms
[7.116s][info][gc,phases   ] GC(24)   Merge Heap Roots: 0.1ms
[7.116s][info][gc,phases   ] GC(24)   Evacuate Collection Set: 14.0ms
[7.116s][info][gc,phases   ] GC(24)   Post Evacuate Collection Set: 0.7ms
[7.116s][info][gc,phases   ] GC(24)   Other: 0.2ms
[7.116s][info][gc,heap     ] GC(24) Eden regions: 136->0(274)
[7.116s][info][gc,heap     ] GC(24) Survivor regions: 44->28(42)
[7.116s][info][gc,heap     ] GC(24) Old regions: 875->919
[7.116s][info][gc,heap     ] GC(24) Humongous regions: 0->0
[7.116s][info][gc,metaspace] GC(24) Metaspace: 1321K(1472K)->1321K(1472K) NonClass: 1223K(1280K)->1223K(1280K) Class: 97K(192K)->97K(192K)
[7.116s][info][gc          ] GC(24) Pause Young (Concurrent Start) (G1 Humongous Allocation) 2108M->1892M(2728M) 15.552ms
[7.116s][info][gc,cpu      ] GC(24) User=0.16s Sys=0.00s Real=0.01s
[7.116s][info][gc          ] GC(25) Concurrent Mark Cycle
[7.116s][info][gc,marking  ] GC(25) Concurrent Scan Root Regions
[7.117s][info][gc,marking  ] GC(25) Concurrent Scan Root Regions 0.394ms
[7.117s][info][gc,marking  ] GC(25) Concurrent Mark
[7.117s][info][gc,marking  ] GC(25) Concurrent Mark From Roots
[7.117s][info][gc,task     ] GC(25) Using 3 workers of 3 for marking
[7.121s][info][gc,marking  ] GC(25) Concurrent Mark From Roots 4.477ms
[7.121s][info][gc,marking  ] GC(25) Concurrent Preclean
[7.121s][info][gc,marking  ] GC(25) Concurrent Preclean 0.014ms
[7.121s][info][gc,start    ] GC(25) Pause Remark
[7.124s][info][gc          ] GC(25) Pause Remark 1902M->1902M(3174M) 2.692ms
[7.124s][info][gc,cpu      ] GC(25) User=0.00s Sys=0.00s Real=0.00s
[7.124s][info][gc,marking  ] GC(25) Concurrent Mark 7.495ms
[7.124s][info][gc,marking  ] GC(25) Concurrent Rebuild Remembered Sets and Scrub Regions
[7.126s][info][gc,marking  ] GC(25) Concurrent Rebuild Remembered Sets and Scrub Regions 1.930ms
[7.126s][info][gc,start    ] GC(25) Pause Cleanup
[7.127s][info][gc          ] GC(25) Pause Cleanup 1904M->1904M(3174M) 0.318ms
[7.127s][info][gc,cpu      ] GC(25) User=0.00s Sys=0.00s Real=0.00s
[7.127s][info][gc,marking  ] GC(25) Concurrent Clear Claimed Marks
[7.127s][info][gc,marking  ] GC(25) Concurrent Clear Claimed Marks 0.024ms
[7.127s][info][gc,marking  ] GC(25) Concurrent Cleanup for Next Mark
[7.131s][info][gc,marking  ] GC(25) Concurrent Cleanup for Next Mark 4.363ms
[7.131s][info][gc          ] GC(25) Concurrent Mark Cycle 14.981ms
[7.747s][info][gc,start    ] GC(26) Pause Young (Prepare Mixed) (G1 Evacuation Pause)
[7.747s][info][gc,task     ] GC(26) Using 10 workers of 10 for evacuation
[7.765s][info][gc,phases   ] GC(26)   Pre Evacuate Collection Set: 0.3ms
[7.765s][info][gc,phases   ] GC(26)   Merge Heap Roots: 0.1ms
[7.765s][info][gc,phases   ] GC(26)   Evacuate Collection Set: 16.8ms
[7.765s][info][gc,phases   ] GC(26)   Post Evacuate Collection Set: 0.8ms
[7.765s][info][gc,phases   ] GC(26)   Other: 0.1ms
[7.765s][info][gc,heap     ] GC(26) Eden regions: 274->0(382)
[7.765s][info][gc,heap     ] GC(26) Survivor regions: 28->32(38)
[7.765s][info][gc,heap     ] GC(26) Old regions: 919->947
[7.765s][info][gc,heap     ] GC(26) Humongous regions: 4->3
[7.765s][info][gc,metaspace] GC(26) Metaspace: 1580K(1664K)->1580K(1664K) NonClass: 1444K(1472K)->1444K(1472K) Class: 135K(192K)->135K(192K)
[7.765s][info][gc          ] GC(26) Pause Young (Prepare Mixed) (G1 Evacuation Pause) 2448M->1961M(3174M) 18.351ms
[7.765s][info][gc,cpu      ] GC(26) User=0.14s Sys=0.02s Real=0.02s
[8.252s][info][gc,start    ] GC(27) Pause Young (Mixed) (G1 Evacuation Pause)
[8.252s][info][gc,task     ] GC(27) Using 10 workers of 10 for evacuation
[8.278s][info][gc,phases   ] GC(27)   Pre Evacuate Collection Set: 0.3ms
[8.278s][info][gc,phases   ] GC(27)   Merge Heap Roots: 0.2ms
[8.278s][info][gc,phases   ] GC(27)   Evacuate Collection Set: 24.4ms
[8.278s][info][gc,phases   ] GC(27)   Post Evacuate Collection Set: 0.7ms
[8.278s][info][gc,phases   ] GC(27)   Other: 0.1ms
[8.278s][info][gc,heap     ] GC(27) Eden regions: 382->0(393)
[8.278s][info][gc,heap     ] GC(27) Survivor regions: 32->16(52)
[8.278s][info][gc,heap     ] GC(27) Old regions: 947->975
[8.278s][info][gc,heap     ] GC(27) Humongous regions: 6->6
[8.278s][info][gc,metaspace] GC(27) Metaspace: 1580K(1664K)->1580K(1664K) NonClass: 1444K(1472K)->1444K(1472K) Class: 135K(192K)->135K(192K)
[8.278s][info][gc          ] GC(27) Pause Young (Mixed) (G1 Evacuation Pause) 2731M->1992M(3174M) 25.961ms
[8.278s][info][gc,cpu      ] GC(27) User=0.16s Sys=0.00s Real=0.03s
[8.363s][info][gc,start    ] GC(28) Pause Young (Concurrent Start) (G1 Evacuation Pause)
[8.363s][info][gc,task     ] GC(28) Using 10 workers of 10 for evacuation
[8.378s][info][gc,phases   ] GC(28)   Pre Evacuate Collection Set: 0.3ms
[8.378s][info][gc,phases   ] GC(28)   Merge Heap Roots: 0.3ms
[8.379s][info][gc,phases   ] GC(28)   Evacuate Collection Set: 13.9ms
[8.379s][info][gc,phases   ] GC(28)   Post Evacuate Collection Set: 0.4ms
[8.379s][info][gc,phases   ] GC(28)   Other: 0.2ms
[8.379s][info][gc,heap     ] GC(28) Eden regions: 63->0(412)
[8.379s][info][gc,heap     ] GC(28) Survivor regions: 16->3(10)
[8.379s][info][gc,heap     ] GC(28) Old regions: 975->991
[8.379s][info][gc,heap     ] GC(28) Humongous regions: 6->6
[8.379s][info][gc,metaspace] GC(28) Metaspace: 1580K(1664K)->1580K(1664K) NonClass: 1444K(1472K)->1444K(1472K) Class: 135K(192K)->135K(192K)
[8.379s][info][gc          ] GC(28) Pause Young (Concurrent Start) (G1 Evacuation Pause) 2118M->1997M(3174M) 15.409ms
[8.379s][info][gc,cpu      ] GC(28) User=0.16s Sys=0.00s Real=0.02s
[8.379s][info][gc          ] GC(29) Concurrent Mark Cycle
[8.379s][info][gc,marking  ] GC(29) Concurrent Scan Root Regions
[8.387s][info][gc,marking  ] GC(29) Concurrent Scan Root Regions 8.380ms
[8.387s][info][gc,marking  ] GC(29) Concurrent Mark
[8.387s][info][gc,marking  ] GC(29) Concurrent Mark From Roots
[8.387s][info][gc,task     ] GC(29) Using 3 workers of 3 for marking
[8.412s][info][gc,marking  ] GC(29) Concurrent Mark From Roots 24.646ms
[8.412s][info][gc,marking  ] GC(29) Concurrent Preclean
[8.412s][info][gc,marking  ] GC(29) Concurrent Preclean 0.020ms
[8.412s][info][gc,start    ] GC(29) Pause Remark
[8.414s][info][gc          ] GC(29) Pause Remark 2045M->2039M(3404M) 2.203ms
[8.414s][info][gc,cpu      ] GC(29) User=0.00s Sys=0.00s Real=0.00s
[8.414s][info][gc,marking  ] GC(29) Concurrent Mark 27.204ms
[8.415s][info][gc,marking  ] GC(29) Concurrent Rebuild Remembered Sets and Scrub Regions
[8.433s][info][gc,marking  ] GC(29) Concurrent Rebuild Remembered Sets and Scrub Regions 18.966ms
[8.434s][info][gc,start    ] GC(29) Pause Cleanup
[8.434s][info][gc          ] GC(29) Pause Cleanup 2065M->2065M(3404M) 0.361ms
[8.434s][info][gc,cpu      ] GC(29) User=0.00s Sys=0.00s Real=0.00s
[8.434s][info][gc,marking  ] GC(29) Concurrent Clear Claimed Marks
[8.434s][info][gc,marking  ] GC(29) Concurrent Clear Claimed Marks 0.029ms
[8.434s][info][gc,marking  ] GC(29) Concurrent Cleanup for Next Mark
[8.439s][info][gc,marking  ] GC(29) Concurrent Cleanup for Next Mark 4.407ms
[8.439s][info][gc          ] GC(29) Concurrent Mark Cycle 59.767ms
[8.637s][info][gc,start    ] GC(30) Pause Young (Prepare Mixed) (G1 Evacuation Pause)
[8.637s][info][gc,task     ] GC(30) Using 10 workers of 10 for evacuation
[8.647s][info][gc,phases   ] GC(30)   Pre Evacuate Collection Set: 0.3ms
[8.647s][info][gc,phases   ] GC(30)   Merge Heap Roots: 0.2ms
[8.647s][info][gc,phases   ] GC(30)   Evacuate Collection Set: 8.9ms
[8.647s][info][gc,phases   ] GC(30)   Post Evacuate Collection Set: 0.6ms
[8.647s][info][gc,phases   ] GC(30)   Other: 0.1ms
[8.647s][info][gc,heap     ] GC(30) Eden regions: 175->0(505)
[8.647s][info][gc,heap     ] GC(30) Survivor regions: 3->8(23)
[8.647s][info][gc,heap     ] GC(30) Old regions: 991->991
[8.647s][info][gc,heap     ] GC(30) Humongous regions: 3->3
[8.647s][info][gc,metaspace] GC(30) Metaspace: 1580K(1664K)->1580K(1664K) NonClass: 1444K(1472K)->1444K(1472K) Class: 135K(192K)->135K(192K)
[8.647s][info][gc          ] GC(30) Pause Young (Prepare Mixed) (G1 Evacuation Pause) 2341M->2002M(3404M) 10.396ms
[8.647s][info][gc,cpu      ] GC(30) User=0.16s Sys=0.00s Real=0.01s
[8.858s][info][gc,start    ] GC(31) Pause Young (Mixed) (G1 Evacuation Pause)
[8.858s][info][gc,task     ] GC(31) Using 10 workers of 10 for evacuation
[8.871s][info][gc,phases   ] GC(31)   Pre Evacuate Collection Set: 0.2ms
[8.871s][info][gc,phases   ] GC(31)   Merge Heap Roots: 0.2ms
[8.872s][info][gc,phases   ] GC(31)   Evacuate Collection Set: 12.2ms
[8.872s][info][gc,phases   ] GC(31)   Post Evacuate Collection Set: 0.6ms
[8.872s][info][gc,phases   ] GC(31)   Other: 0.1ms
[8.872s][info][gc,heap     ] GC(31) Eden regions: 167->0(506)
[8.872s][info][gc,heap     ] GC(31) Survivor regions: 8->14(22)
[8.872s][info][gc,heap     ] GC(31) Old regions: 991->991
[8.872s][info][gc,heap     ] GC(31) Humongous regions: 3->3
[8.872s][info][gc,metaspace] GC(31) Metaspace: 1580K(1664K)->1580K(1664K) NonClass: 1444K(1472K)->1444K(1472K) Class: 135K(192K)->135K(192K)
[8.872s][info][gc          ] GC(31) Pause Young (Mixed) (G1 Evacuation Pause) 2336M->2014M(3404M) 13.627ms
[8.872s][info][gc,cpu      ] GC(31) User=0.16s Sys=0.00s Real=0.01s
[8.962s][info][gc,start    ] GC(32) Pause Young (Mixed) (G1 Evacuation Pause)
[8.962s][info][gc,task     ] GC(32) Using 10 workers of 10 for evacuation
[8.976s][info][gc,phases   ] GC(32)   Pre Evacuate Collection Set: 0.2ms
[8.976s][info][gc,phases   ] GC(32)   Merge Heap Roots: 0.2ms
[8.976s][info][gc,phases   ] GC(32)   Evacuate Collection Set: 12.8ms
[8.976s][info][gc,phases   ] GC(32)   Post Evacuate Collection Set: 0.5ms
[8.976s][info][gc,phases   ] GC(32)   Other: 0.1ms
[8.976s][info][gc,heap     ] GC(32) Eden regions: 71->0(506)
[8.976s][info][gc,heap     ] GC(32) Survivor regions: 14->8(11)
[8.976s][info][gc,heap     ] GC(32) Old regions: 991->998
[8.976s][info][gc,heap     ] GC(32) Humongous regions: 3->3
[8.976s][info][gc,metaspace] GC(32) Metaspace: 1580K(1664K)->1580K(1664K) NonClass: 1444K(1472K)->1444K(1472K) Class: 135K(192K)->135K(192K)
[8.976s][info][gc          ] GC(32) Pause Young (Mixed) (G1 Evacuation Pause) 2156M->2017M(3404M) 14.141ms
[8.976s][info][gc,cpu      ] GC(32) User=0.16s Sys=0.00s Real=0.01s
[9.641s][info][gc,start    ] GC(33) Pause Young (Mixed) (G1 Evacuation Pause)
[9.641s][info][gc,task     ] GC(33) Using 10 workers of 10 for evacuation
[9.670s][info][gc,phases   ] GC(33)   Pre Evacuate Collection Set: 0.3ms
[9.670s][info][gc,phases   ] GC(33)   Merge Heap Roots: 0.4ms
[9.670s][info][gc,phases   ] GC(33)   Evacuate Collection Set: 27.1ms
[9.670s][info][gc,phases   ] GC(33)   Post Evacuate Collection Set: 0.8ms
[9.670s][info][gc,phases   ] GC(33)   Other: 0.1ms
[9.670s][info][gc,heap     ] GC(33) Eden regions: 506->0(513)
[9.670s][info][gc,heap     ] GC(33) Survivor regions: 8->24(65)
[9.670s][info][gc,heap     ] GC(33) Old regions: 998->998
[9.670s][info][gc,heap     ] GC(33) Humongous regions: 8->8
[9.670s][info][gc,metaspace] GC(33) Metaspace: 1580K(1664K)->1580K(1664K) NonClass: 1444K(1472K)->1444K(1472K) Class: 135K(192K)->135K(192K)
[9.670s][info][gc          ] GC(33) Pause Young (Mixed) (G1 Evacuation Pause) 3039M->2058M(3404M) 28.905ms
[9.670s][info][gc,cpu      ] GC(33) User=0.16s Sys=0.00s Real=0.03s
[9.748s][info][gc,start    ] GC(34) Pause Young (Normal) (G1 Evacuation Pause)
[9.749s][info][gc,task     ] GC(34) Using 10 workers of 10 for evacuation
[9.773s][info][gc,phases   ] GC(34)   Pre Evacuate Collection Set: 0.3ms
[9.773s][info][gc,phases   ] GC(34)   Merge Heap Roots: 0.3ms
[9.773s][info][gc,phases   ] GC(34)   Evacuate Collection Set: 23.1ms
[9.773s][info][gc,phases   ] GC(34)   Post Evacuate Collection Set: 0.5ms
[9.773s][info][gc,phases   ] GC(34)   Other: 0.1ms
[9.773s][info][gc,heap     ] GC(34) Eden regions: 61->0(390)
[9.773s][info][gc,heap     ] GC(34) Survivor regions: 24->4(11)
[9.773s][info][gc,heap     ] GC(34) Old regions: 998->1021
[9.773s][info][gc,heap     ] GC(34) Humongous regions: 8->8
[9.773s][info][gc,metaspace] GC(34) Metaspace: 1580K(1664K)->1580K(1664K) NonClass: 1444K(1472K)->1444K(1472K) Class: 135K(192K)->135K(192K)
[9.773s][info][gc          ] GC(34) Pause Young (Normal) (G1 Evacuation Pause) 2180M->2064M(3404M) 24.488ms
[9.773s][info][gc,cpu      ] GC(34) User=0.31s Sys=0.00s Real=0.02s
[10.148s][info][gc,start    ] GC(35) Pause Young (Normal) (G1 Evacuation Pause)
[10.149s][info][gc,task     ] GC(35) Using 10 workers of 10 for evacuation
[10.165s][info][gc,phases   ] GC(35)   Pre Evacuate Collection Set: 1.0ms
[10.165s][info][gc,phases   ] GC(35)   Merge Heap Roots: 0.3ms
[10.165s][info][gc,phases   ] GC(35)   Evacuate Collection Set: 13.4ms
[10.165s][info][gc,phases   ] GC(35)   Post Evacuate Collection Set: 0.7ms
[10.165s][info][gc,phases   ] GC(35)   Other: 0.7ms
[10.165s][info][gc,heap     ] GC(35) Eden regions: 288->0(542)
[10.165s][info][gc,heap     ] GC(35) Survivor regions: 4->10(37)
[10.165s][info][gc,heap     ] GC(35) Old regions: 1021->1021
[10.165s][info][gc,heap     ] GC(35) Humongous regions: 8->8
[10.165s][info][gc,metaspace] GC(35) Metaspace: 1580K(1664K)->1580K(1664K) NonClass: 1444K(1472K)->1444K(1472K) Class: 135K(192K)->135K(192K)
[10.165s][info][gc          ] GC(35) Pause Young (Normal) (G1 Evacuation Pause) 2640M->2077M(3404M) 16.341ms
[10.165s][info][gc,cpu      ] GC(35) User=0.16s Sys=0.00s Real=0.02s
[10.467s][info][gc,start    ] GC(36) Pause Young (Normal) (G1 Evacuation Pause)
[10.467s][info][gc,task     ] GC(36) Using 10 workers of 10 for evacuation
[10.485s][info][gc,phases   ] GC(36)   Pre Evacuate Collection Set: 0.3ms
[10.485s][info][gc,phases   ] GC(36)   Merge Heap Roots: 0.3ms
[10.485s][info][gc,phases   ] GC(36)   Evacuate Collection Set: 16.7ms
[10.485s][info][gc,phases   ] GC(36)   Post Evacuate Collection Set: 0.6ms
[10.485s][info][gc,phases   ] GC(36)   Other: 0.1ms
[10.485s][info][gc,heap     ] GC(36) Eden regions: 191->0(552)
[10.485s][info][gc,heap     ] GC(36) Survivor regions: 10->16(26)
[10.485s][info][gc,heap     ] GC(36) Old regions: 1021->1021
[10.485s][info][gc,heap     ] GC(36) Humongous regions: 8->8
[10.485s][info][gc,metaspace] GC(36) Metaspace: 1600K(1728K)->1600K(1728K) NonClass: 1463K(1536K)->1463K(1536K) Class: 136K(192K)->136K(192K)
[10.485s][info][gc          ] GC(36) Pause Young (Normal) (G1 Evacuation Pause) 2459M->2089M(3404M) 18.266ms
[10.485s][info][gc,cpu      ] GC(36) User=0.31s Sys=0.00s Real=0.02s
[10.848s][info][gc,start    ] GC(37) Pause Young (Concurrent Start) (G1 Evacuation Pause)
[10.848s][info][gc,task     ] GC(37) Using 10 workers of 10 for evacuation
[10.870s][info][gc,phases   ] GC(37)   Pre Evacuate Collection Set: 0.3ms
[10.870s][info][gc,phases   ] GC(37)   Merge Heap Roots: 0.3ms
[10.870s][info][gc,phases   ] GC(37)   Evacuate Collection Set: 21.2ms
[10.870s][info][gc,phases   ] GC(37)   Post Evacuate Collection Set: 0.6ms
[10.870s][info][gc,phases   ] GC(37)   Other: 0.1ms
[10.870s][info][gc,heap     ] GC(37) Eden regions: 248->0(541)
[10.870s][info][gc,heap     ] GC(37) Survivor regions: 16->23(33)
[10.870s][info][gc,heap     ] GC(37) Old regions: 1021->1021
[10.870s][info][gc,heap     ] GC(37) Humongous regions: 8->8
[10.870s][info][gc,metaspace] GC(37) Metaspace: 1600K(1728K)->1600K(1728K) NonClass: 1463K(1536K)->1463K(1536K) Class: 136K(192K)->136K(192K)
[10.870s][info][gc          ] GC(37) Pause Young (Concurrent Start) (G1 Evacuation Pause) 2585M->2102M(3404M) 22.675ms
[10.870s][info][gc,cpu      ] GC(37) User=0.16s Sys=0.00s Real=0.02s
[10.870s][info][gc          ] GC(38) Concurrent Mark Cycle
[10.870s][info][gc,marking  ] GC(38) Concurrent Scan Root Regions
[10.879s][info][gc,marking  ] GC(38) Concurrent Scan Root Regions 9.075ms
[10.879s][info][gc,marking  ] GC(38) Concurrent Mark
[10.879s][info][gc,marking  ] GC(38) Concurrent Mark From Roots
[10.879s][info][gc,task     ] GC(38) Using 3 workers of 3 for marking
[10.978s][info][gc,marking  ] GC(38) Concurrent Mark From Roots 98.628ms
[10.978s][info][gc,marking  ] GC(38) Concurrent Preclean
[10.978s][info][gc,marking  ] GC(38) Concurrent Preclean 0.025ms
[10.978s][info][gc,start    ] GC(38) Pause Remark
[10.981s][info][gc          ] GC(38) Pause Remark 2241M->2235M(3730M) 2.365ms
[10.981s][info][gc,cpu      ] GC(38) User=0.00s Sys=0.00s Real=0.00s
[10.981s][info][gc,marking  ] GC(38) Concurrent Mark 101.337ms
[10.981s][info][gc,marking  ] GC(38) Concurrent Rebuild Remembered Sets and Scrub Regions
[11.028s][info][gc,marking  ] GC(38) Concurrent Rebuild Remembered Sets and Scrub Regions 47.663ms
[11.029s][info][gc,start    ] GC(38) Pause Cleanup
[11.029s][info][gc          ] GC(38) Pause Cleanup 2288M->2288M(3730M) 0.361ms
[11.029s][info][gc,cpu      ] GC(38) User=0.00s Sys=0.00s Real=0.00s
[11.029s][info][gc,marking  ] GC(38) Concurrent Clear Claimed Marks
[11.029s][info][gc,marking  ] GC(38) Concurrent Clear Claimed Marks 0.030ms
[11.029s][info][gc,marking  ] GC(38) Concurrent Cleanup for Next Mark
[11.034s][info][gc,marking  ] GC(38) Concurrent Cleanup for Next Mark 5.025ms
[11.034s][info][gc          ] GC(38) Concurrent Mark Cycle 163.889ms
[11.280s][info][gc,start    ] GC(39) Pause Young (Prepare Mixed) (G1 Evacuation Pause)
[11.280s][info][gc,task     ] GC(39) Using 10 workers of 10 for evacuation
[11.326s][info][gc,phases   ] GC(39)   Pre Evacuate Collection Set: 0.3ms
[11.326s][info][gc,phases   ] GC(39)   Merge Heap Roots: 0.6ms
[11.326s][info][gc,phases   ] GC(39)   Evacuate Collection Set: 44.1ms
[11.326s][info][gc,phases   ] GC(39)   Post Evacuate Collection Set: 0.8ms
[11.326s][info][gc,phases   ] GC(39)   Other: 0.1ms
[11.326s][info][gc,heap     ] GC(39) Eden regions: 248->0(682)
[11.326s][info][gc,heap     ] GC(39) Survivor regions: 23->22(34)
[11.326s][info][gc,heap     ] GC(39) Old regions: 1021->1031
[11.326s][info][gc,heap     ] GC(39) Humongous regions: 14->14
[11.326s][info][gc,metaspace] GC(39) Metaspace: 1600K(1728K)->1600K(1728K) NonClass: 1463K(1536K)->1463K(1536K) Class: 136K(192K)->136K(192K)
[11.326s][info][gc          ] GC(39) Pause Young (Prepare Mixed) (G1 Evacuation Pause) 2610M->2133M(3730M) 46.363ms
[11.326s][info][gc,cpu      ] GC(39) User=0.47s Sys=0.00s Real=0.05s
[12.397s][info][gc,start    ] GC(40) Pause Young (Mixed) (G1 Evacuation Pause)
[12.398s][info][gc,task     ] GC(40) Using 10 workers of 10 for evacuation
[12.447s][info][gc,phases   ] GC(40)   Pre Evacuate Collection Set: 0.3ms
[12.447s][info][gc,phases   ] GC(40)   Merge Heap Roots: 0.6ms
[12.447s][info][gc,phases   ] GC(40)   Evacuate Collection Set: 47.0ms
[12.447s][info][gc,phases   ] GC(40)   Post Evacuate Collection Set: 0.9ms
[12.447s][info][gc,phases   ] GC(40)   Other: 0.2ms
[12.447s][info][gc,heap     ] GC(40) Eden regions: 682->0(648)
[12.447s][info][gc,heap     ] GC(40) Survivor regions: 22->40(88)
[12.447s][info][gc,heap     ] GC(40) Old regions: 1031->1029
[12.447s][info][gc,heap     ] GC(40) Humongous regions: 14->14
[12.447s][info][gc,metaspace] GC(40) Metaspace: 1601K(1728K)->1601K(1728K) NonClass: 1464K(1536K)->1464K(1536K) Class: 136K(192K)->136K(192K)
[12.447s][info][gc          ] GC(40) Pause Young (Mixed) (G1 Evacuation Pause) 3497M->2164M(3730M) 49.279ms
[12.447s][info][gc,cpu      ] GC(40) User=0.47s Sys=0.00s Real=0.05s
[12.518s][info][gc,start    ] GC(41) Pause Young (Concurrent Start) (G1 Evacuation Pause)
[12.518s][info][gc,task     ] GC(41) Using 10 workers of 10 for evacuation
[12.563s][info][gc,phases   ] GC(41)   Pre Evacuate Collection Set: 0.3ms
[12.563s][info][gc,phases   ] GC(41)   Merge Heap Roots: 0.4ms
[12.563s][info][gc,phases   ] GC(41)   Evacuate Collection Set: 42.8ms
[12.563s][info][gc,phases   ] GC(41)   Post Evacuate Collection Set: 0.5ms
[12.563s][info][gc,phases   ] GC(41)   Other: 0.1ms
[12.563s][info][gc,heap     ] GC(41) Eden regions: 53->0(680)
[12.563s][info][gc,heap     ] GC(41) Survivor regions: 40->5(12)
[12.563s][info][gc,heap     ] GC(41) Old regions: 1029->1067
[12.563s][info][gc,heap     ] GC(41) Humongous regions: 14->14
[12.563s][info][gc,metaspace] GC(41) Metaspace: 1601K(1728K)->1601K(1728K) NonClass: 1464K(1536K)->1464K(1536K) Class: 136K(192K)->136K(192K)
[12.563s][info][gc          ] GC(41) Pause Young (Concurrent Start) (G1 Evacuation Pause) 2270M->2172M(3730M) 44.486ms
[12.563s][info][gc,cpu      ] GC(41) User=0.47s Sys=0.00s Real=0.05s
[12.563s][info][gc          ] GC(42) Concurrent Mark Cycle
[12.563s][info][gc,marking  ] GC(42) Concurrent Scan Root Regions
[12.586s][info][gc,marking  ] GC(42) Concurrent Scan Root Regions 23.587ms
[12.587s][info][gc,marking  ] GC(42) Concurrent Mark
[12.587s][info][gc,marking  ] GC(42) Concurrent Mark From Roots
[12.587s][info][gc,task     ] GC(42) Using 3 workers of 3 for marking
[12.682s][info][gc,marking  ] GC(42) Concurrent Mark From Roots 95.222ms
[12.682s][info][gc,marking  ] GC(42) Concurrent Preclean
[12.682s][info][gc,marking  ] GC(42) Concurrent Preclean 0.028ms
[12.682s][info][gc,start    ] GC(42) Pause Remark
[12.683s][info][gc          ] GC(42) Pause Remark 2301M->2291M(3820M) 1.314ms
[12.683s][info][gc,cpu      ] GC(42) User=0.00s Sys=0.00s Real=0.00s
[12.683s][info][gc,marking  ] GC(42) Concurrent Mark 96.958ms
[12.683s][info][gc,marking  ] GC(42) Concurrent Rebuild Remembered Sets and Scrub Regions
[12.750s][info][gc,marking  ] GC(42) Concurrent Rebuild Remembered Sets and Scrub Regions 66.861ms
[12.750s][info][gc,start    ] GC(42) Pause Cleanup
[12.751s][info][gc          ] GC(42) Pause Cleanup 2362M->2362M(3820M) 0.387ms
[12.751s][info][gc,cpu      ] GC(42) User=0.00s Sys=0.00s Real=0.00s
[12.751s][info][gc,marking  ] GC(42) Concurrent Clear Claimed Marks
[12.751s][info][gc,marking  ] GC(42) Concurrent Clear Claimed Marks 0.031ms
[12.751s][info][gc,marking  ] GC(42) Concurrent Cleanup for Next Mark
[12.756s][info][gc,marking  ] GC(42) Concurrent Cleanup for Next Mark 4.761ms
[12.756s][info][gc          ] GC(42) Concurrent Mark Cycle 193.004ms
[13.542s][info][gc,start    ] GC(43) Pause Young (Prepare Mixed) (G1 Evacuation Pause)
[13.542s][info][gc,task     ] GC(43) Using 10 workers of 10 for evacuation
[13.570s][info][gc,phases   ] GC(43)   Pre Evacuate Collection Set: 0.3ms
[13.570s][info][gc,phases   ] GC(43)   Merge Heap Roots: 0.6ms
[13.570s][info][gc,phases   ] GC(43)   Evacuate Collection Set: 25.8ms
[13.570s][info][gc,phases   ] GC(43)   Post Evacuate Collection Set: 0.9ms
[13.570s][info][gc,phases   ] GC(43)   Other: 0.1ms
[13.570s][info][gc,heap     ] GC(43) Eden regions: 678->0(702)
[13.570s][info][gc,heap     ] GC(43) Survivor regions: 5->18(86)
[13.570s][info][gc,heap     ] GC(43) Old regions: 1067->1067
[13.570s][info][gc,heap     ] GC(43) Humongous regions: 9->9
[13.570s][info][gc,metaspace] GC(43) Metaspace: 1601K(1728K)->1601K(1728K) NonClass: 1464K(1536K)->1464K(1536K) Class: 136K(192K)->136K(192K)
[13.570s][info][gc          ] GC(43) Pause Young (Prepare Mixed) (G1 Evacuation Pause) 3518M->2186M(3820M) 27.959ms
[13.570s][info][gc,cpu      ] GC(43) User=0.31s Sys=0.00s Real=0.03s
[14.517s][info][gc,start    ] GC(44) Pause Young (Mixed) (G1 Evacuation Pause)
[14.517s][info][gc,task     ] GC(44) Using 10 workers of 10 for evacuation
[14.556s][info][gc,phases   ] GC(44)   Pre Evacuate Collection Set: 0.3ms
[14.556s][info][gc,phases   ] GC(44)   Merge Heap Roots: 0.5ms
[14.556s][info][gc,phases   ] GC(44)   Evacuate Collection Set: 36.9ms
[14.556s][info][gc,phases   ] GC(44)   Post Evacuate Collection Set: 0.9ms
[14.556s][info][gc,phases   ] GC(44)   Other: 0.1ms
[14.556s][info][gc,heap     ] GC(44) Eden regions: 702->0(673)
[14.556s][info][gc,heap     ] GC(44) Survivor regions: 18->33(90)
[14.556s][info][gc,heap     ] GC(44) Old regions: 1067->1066
[14.556s][info][gc,heap     ] GC(44) Humongous regions: 9->9
[14.556s][info][gc,metaspace] GC(44) Metaspace: 1601K(1728K)->1601K(1728K) NonClass: 1465K(1536K)->1465K(1536K) Class: 136K(192K)->136K(192K)
[14.557s][info][gc          ] GC(44) Pause Young (Mixed) (G1 Evacuation Pause) 3590M->2215M(3820M) 39.077ms
[14.557s][info][gc,cpu      ] GC(44) User=0.31s Sys=0.00s Real=0.04s
[15.471s][info][gc,start    ] GC(45) Pause Young (Concurrent Start) (G1 Evacuation Pause)
[15.471s][info][gc,task     ] GC(45) Using 10 workers of 10 for evacuation
[15.518s][info][gc,phases   ] GC(45)   Pre Evacuate Collection Set: 0.3ms
[15.518s][info][gc,phases   ] GC(45)   Merge Heap Roots: 0.6ms
[15.518s][info][gc,phases   ] GC(45)   Evacuate Collection Set: 45.2ms
[15.518s][info][gc,phases   ] GC(45)   Post Evacuate Collection Set: 0.8ms
[15.518s][info][gc,phases   ] GC(45)   Other: 0.2ms
[15.518s][info][gc,heap     ] GC(45) Eden regions: 668->0(649)
[15.518s][info][gc,heap     ] GC(45) Survivor regions: 33->45(88)
[15.518s][info][gc,heap     ] GC(45) Old regions: 1066->1066
[15.518s][info][gc,heap     ] GC(45) Humongous regions: 9->9
[15.518s][info][gc,metaspace] GC(45) Metaspace: 1601K(1728K)->1601K(1728K) NonClass: 1465K(1536K)->1465K(1536K) Class: 136K(192K)->136K(192K)
[15.518s][info][gc          ] GC(45) Pause Young (Concurrent Start) (G1 Evacuation Pause) 3551M->2239M(3820M) 47.383ms
[15.518s][info][gc,cpu      ] GC(45) User=0.47s Sys=0.00s Real=0.05s
[15.518s][info][gc          ] GC(46) Concurrent Mark Cycle
[15.519s][info][gc,marking  ] GC(46) Concurrent Scan Root Regions
[15.537s][info][gc,marking  ] GC(46) Concurrent Scan Root Regions 18.731ms
[15.537s][info][gc,marking  ] GC(46) Concurrent Mark
[15.537s][info][gc,marking  ] GC(46) Concurrent Mark From Roots
[15.537s][info][gc,task     ] GC(46) Using 3 workers of 3 for marking
[15.695s][info][gc,marking  ] GC(46) Concurrent Mark From Roots 158.030ms
[15.695s][info][gc,marking  ] GC(46) Concurrent Preclean
[15.695s][info][gc,marking  ] GC(46) Concurrent Preclean 0.022ms
[15.696s][info][gc,start    ] GC(46) Pause Remark
[15.698s][info][gc          ] GC(46) Pause Remark 2439M->2439M(4068M) 2.146ms
[15.698s][info][gc,cpu      ] GC(46) User=0.00s Sys=0.00s Real=0.00s
[15.698s][info][gc,marking  ] GC(46) Concurrent Mark 160.448ms
[15.698s][info][gc,marking  ] GC(46) Concurrent Rebuild Remembered Sets and Scrub Regions
[15.781s][info][gc,marking  ] GC(46) Concurrent Rebuild Remembered Sets and Scrub Regions 82.956ms
[15.781s][info][gc,start    ] GC(46) Pause Cleanup
[15.781s][info][gc          ] GC(46) Pause Cleanup 2529M->2529M(4068M) 0.396ms
[15.781s][info][gc,cpu      ] GC(46) User=0.00s Sys=0.00s Real=0.00s
[15.781s][info][gc,marking  ] GC(46) Concurrent Clear Claimed Marks
[15.781s][info][gc,marking  ] GC(46) Concurrent Clear Claimed Marks 0.034ms
[15.781s][info][gc,marking  ] GC(46) Concurrent Cleanup for Next Mark
[15.787s][info][gc,marking  ] GC(46) Concurrent Cleanup for Next Mark 5.489ms
[15.787s][info][gc          ] GC(46) Concurrent Mark Cycle 268.495ms
[16.483s][info][gc,start    ] GC(47) Pause Young (Prepare Mixed) (G1 Evacuation Pause)
[16.483s][info][gc,task     ] GC(47) Using 10 workers of 10 for evacuation
[16.542s][info][gc,phases   ] GC(47)   Pre Evacuate Collection Set: 0.4ms
[16.542s][info][gc,phases   ] GC(47)   Merge Heap Roots: 0.9ms
[16.542s][info][gc,phases   ] GC(47)   Evacuate Collection Set: 55.9ms
[16.542s][info][gc,phases   ] GC(47)   Post Evacuate Collection Set: 1.0ms
[16.542s][info][gc,phases   ] GC(47)   Other: 0.1ms
[16.542s][info][gc,heap     ] GC(47) Eden regions: 642->0(738)
[16.542s][info][gc,heap     ] GC(47) Survivor regions: 45->58(86)
[16.542s][info][gc,heap     ] GC(47) Old regions: 1066->1068
[16.542s][info][gc,heap     ] GC(47) Humongous regions: 9->9
[16.542s][info][gc,metaspace] GC(47) Metaspace: 1602K(1728K)->1602K(1728K) NonClass: 1465K(1536K)->1465K(1536K) Class: 136K(192K)->136K(192K)
[16.542s][info][gc          ] GC(47) Pause Young (Prepare Mixed) (G1 Evacuation Pause) 3523M->2268M(4068M) 58.566ms
[16.542s][info][gc,cpu      ] GC(47) User=0.47s Sys=0.00s Real=0.06s
[17.661s][info][gc,start    ] GC(48) Pause Young (Mixed) (G1 Evacuation Pause)
[17.662s][info][gc,task     ] GC(48) Using 10 workers of 10 for evacuation
[17.753s][info][gc,phases   ] GC(48)   Pre Evacuate Collection Set: 0.3ms
[17.753s][info][gc,phases   ] GC(48)   Merge Heap Roots: 1.1ms
[17.753s][info][gc,phases   ] GC(48)   Evacuate Collection Set: 88.3ms
[17.753s][info][gc,phases   ] GC(48)   Post Evacuate Collection Set: 1.2ms
[17.753s][info][gc,phases   ] GC(48)   Other: 0.1ms
[17.753s][info][gc,heap     ] GC(48) Eden regions: 738->0(693)
[17.753s][info][gc,heap     ] GC(48) Survivor regions: 58->66(100)
[17.753s][info][gc,heap     ] GC(48) Old regions: 1068->1080
[17.753s][info][gc,heap     ] GC(48) Humongous regions: 26->26
[17.753s][info][gc,metaspace] GC(48) Metaspace: 1604K(1728K)->1604K(1728K) NonClass: 1467K(1536K)->1467K(1536K) Class: 136K(192K)->136K(192K)
[17.753s][info][gc          ] GC(48) Pause Young (Mixed) (G1 Evacuation Pause) 3778M->2341M(4068M) 91.332ms
[17.753s][info][gc,cpu      ] GC(48) User=0.94s Sys=0.00s Real=0.09s
[18.760s][info][gc,start    ] GC(49) Pause Young (Concurrent Start) (G1 Evacuation Pause)
[18.760s][info][gc,task     ] GC(49) Using 10 workers of 10 for evacuation
[18.848s][info][gc,phases   ] GC(49)   Pre Evacuate Collection Set: 0.3ms
[18.848s][info][gc,phases   ] GC(49)   Merge Heap Roots: 1.1ms
[18.848s][info][gc,phases   ] GC(49)   Evacuate Collection Set: 84.9ms
[18.848s][info][gc,phases   ] GC(49)   Post Evacuate Collection Set: 1.0ms
[18.848s][info][gc,phases   ] GC(49)   Other: 0.2ms
[18.848s][info][gc,heap     ] GC(49) Eden regions: 693->0(692)
[18.848s][info][gc,heap     ] GC(49) Survivor regions: 66->52(95)
[18.848s][info][gc,heap     ] GC(49) Old regions: 1080->1109
[18.848s][info][gc,heap     ] GC(49) Humongous regions: 26->26
[18.848s][info][gc,metaspace] GC(49) Metaspace: 1604K(1728K)->1604K(1728K) NonClass: 1467K(1536K)->1467K(1536K) Class: 136K(192K)->136K(192K)
[18.848s][info][gc          ] GC(49) Pause Young (Concurrent Start) (G1 Evacuation Pause) 3727M->2373M(4068M) 87.846ms
[18.848s][info][gc,cpu      ] GC(49) User=0.94s Sys=0.00s Real=0.09s
[18.848s][info][gc          ] GC(50) Concurrent Mark Cycle
[18.848s][info][gc,marking  ] GC(50) Concurrent Scan Root Regions
[18.889s][info][gc,marking  ] GC(50) Concurrent Scan Root Regions 41.406ms
[18.889s][info][gc,marking  ] GC(50) Concurrent Mark
[18.889s][info][gc,marking  ] GC(50) Concurrent Mark From Roots
[18.889s][info][gc,task     ] GC(50) Using 3 workers of 3 for marking
[19.052s][info][gc,marking  ] GC(50) Concurrent Mark From Roots 162.474ms
[19.052s][info][gc,marking  ] GC(50) Concurrent Preclean
[19.052s][info][gc,marking  ] GC(50) Concurrent Preclean 0.031ms
[19.052s][info][gc,start    ] GC(50) Pause Remark
[19.053s][info][gc          ] GC(50) Pause Remark 2580M->2562M(4096M) 0.853ms
[19.053s][info][gc,cpu      ] GC(50) User=0.00s Sys=0.00s Real=0.00s
[19.053s][info][gc,marking  ] GC(50) Concurrent Mark 163.660ms
[19.053s][info][gc,marking  ] GC(50) Concurrent Rebuild Remembered Sets and Scrub Regions
[19.174s][info][gc,marking  ] GC(50) Concurrent Rebuild Remembered Sets and Scrub Regions 121.466ms
[19.175s][info][gc,start    ] GC(50) Pause Cleanup
[19.175s][info][gc          ] GC(50) Pause Cleanup 2675M->2675M(4096M) 0.443ms
[19.175s][info][gc,cpu      ] GC(50) User=0.00s Sys=0.00s Real=0.00s
[19.175s][info][gc,marking  ] GC(50) Concurrent Clear Claimed Marks
[19.175s][info][gc,marking  ] GC(50) Concurrent Clear Claimed Marks 0.051ms
[19.175s][info][gc,marking  ] GC(50) Concurrent Cleanup for Next Mark
[19.180s][info][gc,marking  ] GC(50) Concurrent Cleanup for Next Mark 5.010ms
[19.180s][info][gc          ] GC(50) Concurrent Mark Cycle 332.579ms
[20.156s][info][gc,start    ] GC(51) Pause Young (Prepare Mixed) (G1 Evacuation Pause)
[20.156s][info][gc,task     ] GC(51) Using 10 workers of 10 for evacuation
[20.218s][info][gc,phases   ] GC(51)   Pre Evacuate Collection Set: 0.3ms
[20.218s][info][gc,phases   ] GC(51)   Merge Heap Roots: 1.1ms
[20.218s][info][gc,phases   ] GC(51)   Evacuate Collection Set: 59.9ms
[20.218s][info][gc,phases   ] GC(51)   Post Evacuate Collection Set: 1.1ms
[20.218s][info][gc,phases   ] GC(51)   Other: 0.1ms
[20.218s][info][gc,heap     ] GC(51) Eden regions: 692->0(701)
[20.218s][info][gc,heap     ] GC(51) Survivor regions: 52->51(93)
[20.218s][info][gc,heap     ] GC(51) Old regions: 1109->1125
[20.218s][info][gc,heap     ] GC(51) Humongous regions: 17->17
[20.218s][info][gc,metaspace] GC(51) Metaspace: 1607K(1728K)->1607K(1728K) NonClass: 1470K(1536K)->1470K(1536K) Class: 136K(192K)->136K(192K)
[20.218s][info][gc          ] GC(51) Pause Young (Prepare Mixed) (G1 Evacuation Pause) 3739M->2385M(4096M) 62.725ms
[20.218s][info][gc,cpu      ] GC(51) User=0.50s Sys=0.00s Real=0.06s
[21.729s][info][gc,heap,exit] Heap
[21.729s][info][gc,heap,exit]  garbage-first heap   total 4194304K, used 3006346K [0x0000000700000000, 0x0000000800000000)
[21.729s][info][gc,heap,exit]   region size 2048K, 294 young (602112K), 51 survivors (104448K)
[21.729s][info][gc,heap,exit]  Metaspace       used 1774K, committed 1984K, reserved 1114112K
[21.729s][info][gc,heap,exit]   class space    used 156K, committed 256K, reserved 1048576K
