[0.010s][info][gc,init] CardTable entry size: 512
[0.010s][info][gc     ] Using G1
[0.021s][info][gc,init] Version: 21.0.5+9-LTS-239 (release)
[0.021s][info][gc,init] CPUs: 12 total, 12 available
[0.021s][info][gc,init] Memory: 16190M
[0.021s][info][gc,init] Large Page Support: Disabled
[0.021s][info][gc,init] NUMA Support: Disabled
[0.021s][info][gc,init] Compressed Oops: Enabled (Zero based)
[0.021s][info][gc,init] Heap Region Size: 2M
[0.021s][info][gc,init] Heap Min Capacity: 2G
[0.021s][info][gc,init] Heap Initial Capacity: 2G
[0.022s][info][gc,init] Heap Max Capacity: 4G
[0.022s][info][gc,init] Pre-touch: Disabled
[0.022s][info][gc,init] Parallel Workers: 10
[0.022s][info][gc,init] Concurrent Workers: 3
[0.022s][info][gc,init] Concurrent Refinement Workers: 10
[0.022s][info][gc,init] Periodic GC: Disabled
[0.032s][info][gc,metaspace] CDS archive(s) mapped at: [0x0000013ac7000000-0x0000013ac7c90000-0x0000013ac7c90000), size 13172736, SharedBaseAddress: 0x0000013ac7000000, ArchiveRelocationMode: 1.
[0.032s][info][gc,metaspace] Compressed class space mapped at: 0x0000013ac8000000-0x0000013b08000000, reserved size: 1073741824
[0.032s][info][gc,metaspace] Narrow klass base: 0x0000013ac7000000, Narrow klass shift: 0, Narrow klass range: 0x100000000
[0.506s][info][gc,start    ] GC(0) Pause Young (Normal) (G1 Evacuation Pause)
[0.507s][info][gc,task     ] GC(0) Using 10 workers of 10 for evacuation
[0.512s][info][gc,phases   ] GC(0)   Pre Evacuate Collection Set: 0.2ms
[0.512s][info][gc,phases   ] GC(0)   Merge Heap Roots: 0.1ms
[0.512s][info][gc,phases   ] GC(0)   Evacuate Collection Set: 4.1ms
[0.513s][info][gc,phases   ] GC(0)   Post Evacuate Collection Set: 0.7ms
[0.513s][info][gc,phases   ] GC(0)   Other: 1.4ms
[0.513s][info][gc,heap     ] GC(0) Eden regions: 51->0(44)
[0.513s][info][gc,heap     ] GC(0) Survivor regions: 0->7(7)
[0.513s][info][gc,heap     ] GC(0) Old regions: 0->4
[0.513s][info][gc,heap     ] GC(0) Humongous regions: 1->0
[0.513s][info][gc,metaspace] GC(0) Metaspace: 1316K(1472K)->1316K(1472K) NonClass: 1218K(1280K)->1218K(1280K) Class: 97K(192K)->97K(192K)
[0.513s][info][gc          ] GC(0) Pause Young (Normal) (G1 Evacuation Pause) 104M->21M(2048M) 6.995ms
[0.513s][info][gc,cpu      ] GC(0) User=0.08s Sys=0.06s Real=0.01s
[0.871s][info][gc,start    ] GC(1) Pause Young (Normal) (G1 Evacuation Pause)
[0.871s][info][gc,task     ] GC(1) Using 10 workers of 10 for evacuation
[0.876s][info][gc,phases   ] GC(1)   Pre Evacuate Collection Set: 0.2ms
[0.876s][info][gc,phases   ] GC(1)   Merge Heap Roots: 0.1ms
[0.876s][info][gc,phases   ] GC(1)   Evacuate Collection Set: 4.8ms
[0.877s][info][gc,phases   ] GC(1)   Post Evacuate Collection Set: 0.4ms
[0.877s][info][gc,phases   ] GC(1)   Other: 0.1ms
[0.877s][info][gc,heap     ] GC(1) Eden regions: 44->0(44)
[0.877s][info][gc,heap     ] GC(1) Survivor regions: 7->7(7)
[0.877s][info][gc,heap     ] GC(1) Old regions: 4->12
[0.877s][info][gc,heap     ] GC(1) Humongous regions: 0->0
[0.877s][info][gc,metaspace] GC(1) Metaspace: 1319K(1472K)->1319K(1472K) NonClass: 1222K(1280K)->1222K(1280K) Class: 97K(192K)->97K(192K)
[0.877s][info][gc          ] GC(1) Pause Young (Normal) (G1 Evacuation Pause) 109M->37M(2048M) 6.012ms
[0.877s][info][gc,cpu      ] GC(1) User=0.00s Sys=0.00s Real=0.01s
[1.232s][info][gc,start    ] GC(2) Pause Young (Normal) (G1 Evacuation Pause)
[1.232s][info][gc,task     ] GC(2) Using 10 workers of 10 for evacuation
[1.238s][info][gc,phases   ] GC(2)   Pre Evacuate Collection Set: 0.2ms
[1.238s][info][gc,phases   ] GC(2)   Merge Heap Roots: 0.1ms
[1.238s][info][gc,phases   ] GC(2)   Evacuate Collection Set: 5.2ms
[1.238s][info][gc,phases   ] GC(2)   Post Evacuate Collection Set: 0.4ms
[1.238s][info][gc,phases   ] GC(2)   Other: 0.1ms
[1.238s][info][gc,heap     ] GC(2) Eden regions: 44->0(45)
[1.238s][info][gc,heap     ] GC(2) Survivor regions: 7->6(7)
[1.238s][info][gc,heap     ] GC(2) Old regions: 12->19
[1.238s][info][gc,heap     ] GC(2) Humongous regions: 0->0
[1.238s][info][gc,metaspace] GC(2) Metaspace: 1567K(1664K)->1567K(1664K) NonClass: 1431K(1472K)->1431K(1472K) Class: 135K(192K)->135K(192K)
[1.238s][info][gc          ] GC(2) Pause Young (Normal) (G1 Evacuation Pause) 125M->49M(2048M) 6.483ms
[1.238s][info][gc,cpu      ] GC(2) User=0.00s Sys=0.00s Real=0.01s
[1.434s][info][gc,start    ] GC(3) Pause Young (Normal) (G1 Evacuation Pause)
[1.434s][info][gc,task     ] GC(3) Using 10 workers of 10 for evacuation
[1.441s][info][gc,phases   ] GC(3)   Pre Evacuate Collection Set: 0.2ms
[1.441s][info][gc,phases   ] GC(3)   Merge Heap Roots: 0.1ms
[1.441s][info][gc,phases   ] GC(3)   Evacuate Collection Set: 6.7ms
[1.441s][info][gc,phases   ] GC(3)   Post Evacuate Collection Set: 0.3ms
[1.441s][info][gc,phases   ] GC(3)   Other: 0.1ms
[1.441s][info][gc,heap     ] GC(3) Eden regions: 45->0(83)
[1.441s][info][gc,heap     ] GC(3) Survivor regions: 6->3(7)
[1.441s][info][gc,heap     ] GC(3) Old regions: 19->25
[1.441s][info][gc,heap     ] GC(3) Humongous regions: 1->1
[1.442s][info][gc,metaspace] GC(3) Metaspace: 1571K(1664K)->1571K(1664K) NonClass: 1435K(1472K)->1435K(1472K) Class: 135K(192K)->135K(192K)
[1.442s][info][gc          ] GC(3) Pause Young (Normal) (G1 Evacuation Pause) 141M->56M(2048M) 7.840ms
[1.442s][info][gc,cpu      ] GC(3) User=0.00s Sys=0.00s Real=0.01s
[1.694s][info][gc,start    ] GC(4) Pause Young (Normal) (G1 Evacuation Pause)
[1.694s][info][gc,task     ] GC(4) Using 10 workers of 10 for evacuation
[1.705s][info][gc,phases   ] GC(4)   Pre Evacuate Collection Set: 0.3ms
[1.705s][info][gc,phases   ] GC(4)   Merge Heap Roots: 0.2ms
[1.705s][info][gc,phases   ] GC(4)   Evacuate Collection Set: 9.6ms
[1.705s][info][gc,phases   ] GC(4)   Post Evacuate Collection Set: 0.4ms
[1.705s][info][gc,phases   ] GC(4)   Other: 0.1ms
[1.705s][info][gc,heap     ] GC(4) Eden regions: 83->0(115)
[1.705s][info][gc,heap     ] GC(4) Survivor regions: 3->8(11)
[1.705s][info][gc,heap     ] GC(4) Old regions: 25->25
[1.705s][info][gc,heap     ] GC(4) Humongous regions: 1->1
[1.705s][info][gc,metaspace] GC(4) Metaspace: 1579K(1664K)->1579K(1664K) NonClass: 1443K(1472K)->1443K(1472K) Class: 135K(192K)->135K(192K)
[1.705s][info][gc          ] GC(4) Pause Young (Normal) (G1 Evacuation Pause) 222M->64M(2048M) 11.150ms
[1.705s][info][gc,cpu      ] GC(4) User=0.11s Sys=0.03s Real=0.01s
[1.934s][info][gc,heap,exit] Heap
[1.934s][info][gc,heap,exit]  garbage-first heap   total 2097152K, used 146414K [0x0000000700000000, 0x0000000800000000)
[1.934s][info][gc,heap,exit]   region size 2048K, 46 young (94208K), 8 survivors (16384K)
[1.934s][info][gc,heap,exit]  Metaspace       used 1747K, committed 1920K, reserved 1114112K
[1.934s][info][gc,heap,exit]   class space    used 155K, committed 256K, reserved 1048576K
