[0.009s][info][gc,init] CardTable entry size: 512
[0.009s][info][gc     ] Using Serial
[0.014s][info][gc,init] Version: 21.0.5+9-LTS-239 (release)
[0.014s][info][gc,init] CPUs: 12 total, 12 available
[0.014s][info][gc,init] Memory: 16190M
[0.014s][info][gc,init] Large Page Support: Disabled
[0.014s][info][gc,init] NUMA Support: Disabled
[0.014s][info][gc,init] Compressed Oops: Enabled (Zero based)
[0.014s][info][gc,init] Heap Min Capacity: 2G
[0.014s][info][gc,init] Heap Initial Capacity: 2G
[0.014s][info][gc,init] Heap Max Capacity: 4G
[0.014s][info][gc,init] Pre-touch: Disabled
[0.022s][info][gc,metaspace] CDS archive(s) mapped at: [0x0000027600000000-0x0000027600c90000-0x0000027600c90000), size 13172736, SharedBaseAddress: 0x0000027600000000, ArchiveRelocationMode: 1.
[0.022s][info][gc,metaspace] Compressed class space mapped at: 0x0000027601000000-0x0000027641000000, reserved size: 1073741824
[0.022s][info][gc,metaspace] Narrow klass base: 0x0000027600000000, Narrow klass shift: 0, Narrow klass range: 0x100000000
[1.230s][info][gc,start    ] GC(0) Pause Young (Allocation Failure)
[1.291s][info][gc,heap     ] GC(0) DefNew: 559232K(629120K)->17643K(629120K) Eden: 559232K(559232K)->0K(559232K) From: 0K(69888K)->17643K(69888K)
[1.291s][info][gc,heap     ] GC(0) Tenured: 0K(1398144K)->0K(1398144K)
[1.291s][info][gc,metaspace] GC(0) Metaspace: 1503K(1600K)->1503K(1600K) NonClass: 1385K(1408K)->1385K(1408K) Class: 118K(192K)->118K(192K)
[1.291s][info][gc          ] GC(0) Pause Young (Allocation Failure) 546M->17M(1979M) 60.670ms
[1.291s][info][gc,cpu      ] GC(0) User=0.05s Sys=0.02s Real=0.06s
[2.200s][info][gc,start    ] GC(1) Pause Young (Allocation Failure)
[2.269s][info][gc,heap     ] GC(1) DefNew: 576875K(629120K)->29811K(629120K) Eden: 559232K(559232K)->0K(559232K) From: 17643K(69888K)->29811K(69888K)
[2.269s][info][gc,heap     ] GC(1) Tenured: 0K(1398144K)->0K(1398144K)
[2.269s][info][gc,metaspace] GC(1) Metaspace: 1506K(1600K)->1506K(1600K) NonClass: 1387K(1408K)->1387K(1408K) Class: 118K(192K)->118K(192K)
[2.269s][info][gc          ] GC(1) Pause Young (Allocation Failure) 563M->29M(1979M) 69.311ms
[2.269s][info][gc,cpu      ] GC(1) User=0.06s Sys=0.00s Real=0.07s
[3.188s][info][gc,start    ] GC(2) Pause Young (Allocation Failure)
[3.267s][info][gc,heap     ] GC(2) DefNew: 589043K(629120K)->42053K(629120K) Eden: 559232K(559232K)->0K(559232K) From: 29811K(69888K)->42053K(69888K)
[3.267s][info][gc,heap     ] GC(2) Tenured: 0K(1398144K)->0K(1398144K)
[3.267s][info][gc,metaspace] GC(2) Metaspace: 1506K(1600K)->1506K(1600K) NonClass: 1387K(1408K)->1387K(1408K) Class: 118K(192K)->118K(192K)
[3.267s][info][gc          ] GC(2) Pause Young (Allocation Failure) 575M->41M(1979M) 78.859ms
[3.267s][info][gc,cpu      ] GC(2) User=0.08s Sys=0.00s Real=0.08s
[4.163s][info][gc,start    ] GC(3) Pause Young (Allocation Failure)
[4.248s][info][gc,heap     ] GC(3) DefNew: 601285K(629120K)->35318K(629120K) Eden: 559232K(559232K)->0K(559232K) From: 42053K(69888K)->35318K(69888K)
[4.248s][info][gc,heap     ] GC(3) Tenured: 0K(1398144K)->16168K(1398144K)
[4.248s][info][gc,metaspace] GC(3) Metaspace: 1506K(1600K)->1506K(1600K) NonClass: 1387K(1408K)->1387K(1408K) Class: 118K(192K)->118K(192K)
[4.248s][info][gc          ] GC(3) Pause Young (Allocation Failure) 587M->50M(1979M) 85.156ms
[4.248s][info][gc,cpu      ] GC(3) User=0.09s Sys=0.00s Real=0.09s
[5.183s][info][gc,start    ] GC(4) Pause Young (Allocation Failure)
[5.264s][info][gc,heap     ] GC(4) DefNew: 594550K(629120K)->33516K(629120K) Eden: 559232K(559232K)->0K(559232K) From: 35318K(69888K)->33516K(69888K)
[5.264s][info][gc,heap     ] GC(4) Tenured: 16168K(1398144K)->27414K(1398144K)
[5.264s][info][gc,metaspace] GC(4) Metaspace: 1506K(1600K)->1506K(1600K) NonClass: 1387K(1408K)->1387K(1408K) Class: 118K(192K)->118K(192K)
[5.264s][info][gc          ] GC(4) Pause Young (Allocation Failure) 596M->59M(1979M) 81.158ms
[5.264s][info][gc,cpu      ] GC(4) User=0.06s Sys=0.00s Real=0.08s
[6.300s][info][gc,start    ] GC(5) Pause Young (Allocation Failure)
[6.376s][info][gc,heap     ] GC(5) DefNew: 592748K(629120K)->41798K(629120K) Eden: 559232K(559232K)->0K(559232K) From: 33516K(69888K)->41798K(69888K)
[6.376s][info][gc,heap     ] GC(5) Tenured: 27414K(1398144K)->27414K(1398144K)
[6.376s][info][gc,metaspace] GC(5) Metaspace: 1506K(1600K)->1506K(1600K) NonClass: 1387K(1408K)->1387K(1408K) Class: 118K(192K)->118K(192K)
[6.376s][info][gc          ] GC(5) Pause Young (Allocation Failure) 605M->67M(1979M) 75.840ms
[6.376s][info][gc,cpu      ] GC(5) User=0.08s Sys=0.00s Real=0.08s
[7.292s][info][gc,start    ] GC(6) Pause Young (Allocation Failure)
[7.385s][info][gc,heap     ] GC(6) DefNew: 601030K(629120K)->43768K(629120K) Eden: 559232K(559232K)->0K(559232K) From: 41798K(69888K)->43768K(69888K)
[7.385s][info][gc,heap     ] GC(6) Tenured: 27414K(1398144K)->37686K(1398144K)
[7.385s][info][gc,metaspace] GC(6) Metaspace: 1506K(1600K)->1506K(1600K) NonClass: 1387K(1408K)->1387K(1408K) Class: 118K(192K)->118K(192K)
[7.385s][info][gc          ] GC(6) Pause Young (Allocation Failure) 613M->79M(1979M) 93.452ms
[7.385s][info][gc,cpu      ] GC(6) User=0.09s Sys=0.00s Real=0.09s
[8.335s][info][gc,start    ] GC(7) Pause Young (Allocation Failure)
[8.419s][info][gc,heap     ] GC(7) DefNew: 603000K(629120K)->41911K(629120K) Eden: 559232K(559232K)->0K(559232K) From: 43768K(69888K)->41911K(69888K)
[8.419s][info][gc,heap     ] GC(7) Tenured: 37686K(1398144K)->47146K(1398144K)
[8.419s][info][gc,metaspace] GC(7) Metaspace: 1506K(1600K)->1506K(1600K) NonClass: 1387K(1408K)->1387K(1408K) Class: 118K(192K)->118K(192K)
[8.419s][info][gc          ] GC(7) Pause Young (Allocation Failure) 625M->86M(1979M) 83.978ms
[8.419s][info][gc,cpu      ] GC(7) User=0.09s Sys=0.00s Real=0.08s
[9.346s][info][gc,start    ] GC(8) Pause Young (Allocation Failure)
[9.430s][info][gc,heap     ] GC(8) DefNew: 601143K(629120K)->40226K(629120K) Eden: 559232K(559232K)->0K(559232K) From: 41911K(69888K)->40226K(69888K)
[9.430s][info][gc,heap     ] GC(8) Tenured: 47146K(1398144K)->56518K(1398144K)
[9.430s][info][gc,metaspace] GC(8) Metaspace: 1506K(1600K)->1506K(1600K) NonClass: 1387K(1408K)->1387K(1408K) Class: 118K(192K)->118K(192K)
[9.430s][info][gc          ] GC(8) Pause Young (Allocation Failure) 633M->94M(1979M) 84.325ms
[9.430s][info][gc,cpu      ] GC(8) User=0.09s Sys=0.00s Real=0.09s
[10.523s][info][gc,heap,exit] Heap
[10.523s][info][gc,heap,exit]  def new generation   total 629120K, used 594327K [0x0000000700000000, 0x000000072aaa0000, 0x0000000755550000)
[10.523s][info][gc,heap,exit]   eden space 559232K,  99% used [0x0000000700000000, 0x0000000721d1d5a8, 0x0000000722220000)
[10.523s][info][gc,heap,exit]   from space 69888K,  57% used [0x0000000726660000, 0x0000000728da89e8, 0x000000072aaa0000)
[10.523s][info][gc,heap,exit]   to   space 69888K,   0% used [0x0000000722220000, 0x0000000722220000, 0x0000000726660000)
[10.523s][info][gc,heap,exit]  tenured generation   total 1398144K, used 56518K [0x0000000755550000, 0x00000007aaab0000, 0x0000000800000000)
[10.523s][info][gc,heap,exit]    the space 1398144K,   4% used [0x0000000755550000, 0x0000000758c81bf8, 0x0000000758c81c00, 0x00000007aaab0000)
[10.523s][info][gc,heap,exit]  Metaspace       used 1701K, committed 1856K, reserved 1114112K
[10.523s][info][gc,heap,exit]   class space    used 144K, committed 192K, reserved 1048576K
