[0.009s][info][gc,init] CardTable entry size: 512
[0.009s][info][gc     ] Using Serial
[0.014s][info][gc,init] Version: 21.0.5+9-LTS-239 (release)
[0.014s][info][gc,init] CPUs: 12 total, 12 available
[0.014s][info][gc,init] Memory: 16190M
[0.014s][info][gc,init] Large Page Support: Disabled
[0.014s][info][gc,init] NUMA Support: Disabled
[0.014s][info][gc,init] Compressed Oops: Enabled (Zero based)
[0.014s][info][gc,init] Heap Min Capacity: 2G
[0.014s][info][gc,init] Heap Initial Capacity: 2G
[0.014s][info][gc,init] Heap Max Capacity: 4G
[0.014s][info][gc,init] Pre-touch: Disabled
[0.021s][info][gc,metaspace] CDS archive(s) mapped at: [0x000002ad59000000-0x000002ad59c90000-0x000002ad59c90000), size 13172736, SharedBaseAddress: 0x000002ad59000000, ArchiveRelocationMode: 1.
[0.022s][info][gc,metaspace] Compressed class space mapped at: 0x000002ad5a000000-0x000002ad9a000000, reserved size: 1073741824
[0.022s][info][gc,metaspace] Narrow klass base: 0x000002ad59000000, Narrow klass shift: 0, Narrow klass range: 0x100000000
[1.256s][info][gc,start    ] GC(0) Pause Young (Allocation Failure)
[1.318s][info][gc,heap     ] GC(0) DefNew: 559232K(629120K)->17630K(629120K) Eden: 559232K(559232K)->0K(559232K) From: 0K(69888K)->17630K(69888K)
[1.318s][info][gc,heap     ] GC(0) Tenured: 0K(1398144K)->0K(1398144K)
[1.318s][info][gc,metaspace] GC(0) Metaspace: 1507K(1600K)->1507K(1600K) NonClass: 1389K(1408K)->1389K(1408K) Class: 118K(192K)->118K(192K)
[1.318s][info][gc          ] GC(0) Pause Young (Allocation Failure) 546M->17M(1979M) 62.166ms
[1.318s][info][gc,cpu      ] GC(0) User=0.06s Sys=0.00s Real=0.06s
[2.234s][info][gc,start    ] GC(1) Pause Young (Allocation Failure)
[2.304s][info][gc,heap     ] GC(1) DefNew: 576862K(629120K)->30044K(629120K) Eden: 559232K(559232K)->0K(559232K) From: 17630K(69888K)->30044K(69888K)
[2.304s][info][gc,heap     ] GC(1) Tenured: 0K(1398144K)->0K(1398144K)
[2.304s][info][gc,metaspace] GC(1) Metaspace: 1510K(1664K)->1510K(1664K) NonClass: 1391K(1472K)->1391K(1472K) Class: 118K(192K)->118K(192K)
[2.304s][info][gc          ] GC(1) Pause Young (Allocation Failure) 563M->29M(1979M) 70.110ms
[2.304s][info][gc,cpu      ] GC(1) User=0.08s Sys=0.00s Real=0.07s
[3.237s][info][gc,start    ] GC(2) Pause Young (Allocation Failure)
[3.316s][info][gc,heap     ] GC(2) DefNew: 589276K(629120K)->42334K(629120K) Eden: 559232K(559232K)->0K(559232K) From: 30044K(69888K)->42334K(69888K)
[3.316s][info][gc,heap     ] GC(2) Tenured: 0K(1398144K)->0K(1398144K)
[3.316s][info][gc,metaspace] GC(2) Metaspace: 1511K(1664K)->1511K(1664K) NonClass: 1393K(1472K)->1393K(1472K) Class: 118K(192K)->118K(192K)
[3.316s][info][gc          ] GC(2) Pause Young (Allocation Failure) 575M->41M(1979M) 79.324ms
[3.316s][info][gc,cpu      ] GC(2) User=0.08s Sys=0.00s Real=0.08s
[4.234s][info][gc,start    ] GC(3) Pause Young (Allocation Failure)
[4.319s][info][gc,heap     ] GC(3) DefNew: 601566K(629120K)->35647K(629120K) Eden: 559232K(559232K)->0K(559232K) From: 42334K(69888K)->35647K(69888K)
[4.319s][info][gc,heap     ] GC(3) Tenured: 0K(1398144K)->16516K(1398144K)
[4.320s][info][gc,metaspace] GC(3) Metaspace: 1511K(1664K)->1511K(1664K) NonClass: 1393K(1472K)->1393K(1472K) Class: 118K(192K)->118K(192K)
[4.320s][info][gc          ] GC(3) Pause Young (Allocation Failure) 587M->50M(1979M) 85.249ms
[4.320s][info][gc,cpu      ] GC(3) User=0.09s Sys=0.00s Real=0.09s
[5.221s][info][gc,start    ] GC(4) Pause Young (Allocation Failure)
[5.301s][info][gc,heap     ] GC(4) DefNew: 594879K(629120K)->33579K(629120K) Eden: 559232K(559232K)->0K(559232K) From: 35647K(69888K)->33579K(69888K)
[5.301s][info][gc,heap     ] GC(4) Tenured: 16516K(1398144K)->27617K(1398144K)
[5.301s][info][gc,metaspace] GC(4) Metaspace: 1511K(1664K)->1511K(1664K) NonClass: 1393K(1472K)->1393K(1472K) Class: 118K(192K)->118K(192K)
[5.301s][info][gc          ] GC(4) Pause Young (Allocation Failure) 597M->59M(1979M) 79.926ms
[5.301s][info][gc,cpu      ] GC(4) User=0.06s Sys=0.02s Real=0.08s
[6.217s][info][gc,start    ] GC(5) Pause Young (Allocation Failure)
[6.290s][info][gc,heap     ] GC(5) DefNew: 592811K(629120K)->42069K(629120K) Eden: 559232K(559232K)->0K(559232K) From: 33579K(69888K)->42069K(69888K)
[6.290s][info][gc,heap     ] GC(5) Tenured: 27617K(1398144K)->27617K(1398144K)
[6.290s][info][gc,metaspace] GC(5) Metaspace: 1511K(1664K)->1511K(1664K) NonClass: 1393K(1472K)->1393K(1472K) Class: 118K(192K)->118K(192K)
[6.290s][info][gc          ] GC(5) Pause Young (Allocation Failure) 605M->68M(1979M) 72.334ms
[6.290s][info][gc,cpu      ] GC(5) User=0.08s Sys=0.00s Real=0.07s
[7.214s][info][gc,start    ] GC(6) Pause Young (Allocation Failure)
[7.306s][info][gc,heap     ] GC(6) DefNew: 601301K(629120K)->43593K(629120K) Eden: 559232K(559232K)->0K(559232K) From: 42069K(69888K)->43593K(69888K)
[7.306s][info][gc,heap     ] GC(6) Tenured: 27617K(1398144K)->37926K(1398144K)
[7.306s][info][gc,metaspace] GC(6) Metaspace: 1511K(1664K)->1511K(1664K) NonClass: 1393K(1472K)->1393K(1472K) Class: 118K(192K)->118K(192K)
[7.306s][info][gc          ] GC(6) Pause Young (Allocation Failure) 614M->79M(1979M) 92.092ms
[7.306s][info][gc,cpu      ] GC(6) User=0.09s Sys=0.00s Real=0.09s
[8.209s][info][gc,start    ] GC(7) Pause Young (Allocation Failure)
[8.292s][info][gc,heap     ] GC(7) DefNew: 602825K(629120K)->42173K(629120K) Eden: 559232K(559232K)->0K(559232K) From: 43593K(69888K)->42173K(69888K)
[8.292s][info][gc,heap     ] GC(7) Tenured: 37926K(1398144K)->47529K(1398144K)
[8.292s][info][gc,metaspace] GC(7) Metaspace: 1511K(1664K)->1511K(1664K) NonClass: 1393K(1472K)->1393K(1472K) Class: 118K(192K)->118K(192K)
[8.292s][info][gc          ] GC(7) Pause Young (Allocation Failure) 625M->87M(1979M) 82.780ms
[8.292s][info][gc,cpu      ] GC(7) User=0.08s Sys=0.00s Real=0.08s
[9.197s][info][gc,start    ] GC(8) Pause Young (Allocation Failure)
[9.279s][info][gc,heap     ] GC(8) DefNew: 601405K(629120K)->40530K(629120K) Eden: 559232K(559232K)->0K(559232K) From: 42173K(69888K)->40530K(69888K)
[9.279s][info][gc,heap     ] GC(8) Tenured: 47529K(1398144K)->56784K(1398144K)
[9.279s][info][gc,metaspace] GC(8) Metaspace: 1511K(1664K)->1511K(1664K) NonClass: 1393K(1472K)->1393K(1472K) Class: 118K(192K)->118K(192K)
[9.279s][info][gc          ] GC(8) Pause Young (Allocation Failure) 633M->95M(1979M) 82.450ms
[9.279s][info][gc,cpu      ] GC(8) User=0.08s Sys=0.00s Real=0.08s
[10.206s][info][gc,start    ] GC(9) Pause Young (Allocation Failure)
[10.287s][info][gc,heap     ] GC(9) DefNew: 599762K(629120K)->39140K(629120K) Eden: 559232K(559232K)->0K(559232K) From: 40530K(69888K)->39140K(69888K)
[10.287s][info][gc,heap     ] GC(9) Tenured: 56784K(1398144K)->65208K(1398144K)
[10.287s][info][gc,metaspace] GC(9) Metaspace: 1511K(1664K)->1511K(1664K) NonClass: 1393K(1472K)->1393K(1472K) Class: 118K(192K)->118K(192K)
[10.287s][info][gc          ] GC(9) Pause Young (Allocation Failure) 641M->101M(1979M) 81.248ms
[10.287s][info][gc,cpu      ] GC(9) User=0.08s Sys=0.00s Real=0.08s
[11.199s][info][gc,start    ] GC(10) Pause Young (Allocation Failure)
[11.282s][info][gc,heap     ] GC(10) DefNew: 598372K(629120K)->29935K(629120K) Eden: 559232K(559232K)->0K(559232K) From: 39140K(69888K)->29935K(69888K)
[11.282s][info][gc,heap     ] GC(10) Tenured: 65208K(1398144K)->81237K(1398144K)
[11.282s][info][gc,metaspace] GC(10) Metaspace: 1511K(1664K)->1511K(1664K) NonClass: 1393K(1472K)->1393K(1472K) Class: 118K(192K)->118K(192K)
[11.282s][info][gc          ] GC(10) Pause Young (Allocation Failure) 648M->108M(1979M) 82.632ms
[11.282s][info][gc,cpu      ] GC(10) User=0.08s Sys=0.00s Real=0.08s
[12.202s][info][gc,start    ] GC(11) Pause Young (Allocation Failure)
[12.283s][info][gc,heap     ] GC(11) DefNew: 589167K(629120K)->37061K(629120K) Eden: 559232K(559232K)->0K(559232K) From: 29935K(69888K)->37061K(69888K)
[12.283s][info][gc,heap     ] GC(11) Tenured: 81237K(1398144K)->81237K(1398144K)
[12.283s][info][gc,metaspace] GC(11) Metaspace: 1511K(1664K)->1511K(1664K) NonClass: 1393K(1472K)->1393K(1472K) Class: 118K(192K)->118K(192K)
[12.283s][info][gc          ] GC(11) Pause Young (Allocation Failure) 654M->115M(1979M) 81.293ms
[12.283s][info][gc,cpu      ] GC(11) User=0.08s Sys=0.00s Real=0.08s
[13.214s][info][gc,start    ] GC(12) Pause Young (Allocation Failure)
[13.304s][info][gc,heap     ] GC(12) DefNew: 596293K(629120K)->36142K(629120K) Eden: 559232K(559232K)->0K(559232K) From: 37061K(69888K)->36142K(69888K)
[13.304s][info][gc,heap     ] GC(12) Tenured: 81237K(1398144K)->89116K(1398144K)
[13.304s][info][gc,metaspace] GC(12) Metaspace: 1513K(1664K)->1513K(1664K) NonClass: 1395K(1472K)->1395K(1472K) Class: 118K(192K)->118K(192K)
[13.304s][info][gc          ] GC(12) Pause Young (Allocation Failure) 661M->122M(1979M) 89.934ms
[13.304s][info][gc,cpu      ] GC(12) User=0.09s Sys=0.00s Real=0.09s
[14.227s][info][gc,start    ] GC(13) Pause Young (Allocation Failure)
[14.316s][info][gc,heap     ] GC(13) DefNew: 595374K(629120K)->35516K(629120K) Eden: 559232K(559232K)->0K(559232K) From: 36142K(69888K)->35516K(69888K)
[14.316s][info][gc,heap     ] GC(13) Tenured: 89116K(1398144K)->96707K(1398144K)
[14.316s][info][gc,metaspace] GC(13) Metaspace: 1513K(1664K)->1513K(1664K) NonClass: 1395K(1472K)->1395K(1472K) Class: 118K(192K)->118K(192K)
[14.316s][info][gc          ] GC(13) Pause Young (Allocation Failure) 668M->129M(1979M) 88.711ms
[14.316s][info][gc,cpu      ] GC(13) User=0.08s Sys=0.00s Real=0.09s
[15.245s][info][gc,start    ] GC(14) Pause Young (Allocation Failure)
[15.333s][info][gc,heap     ] GC(14) DefNew: 594748K(629120K)->34481K(629120K) Eden: 559232K(559232K)->0K(559232K) From: 35516K(69888K)->34481K(69888K)
[15.333s][info][gc,heap     ] GC(14) Tenured: 96707K(1398144K)->103999K(1398144K)
[15.333s][info][gc,metaspace] GC(14) Metaspace: 1518K(1664K)->1518K(1664K) NonClass: 1400K(1472K)->1400K(1472K) Class: 118K(192K)->118K(192K)
[15.333s][info][gc          ] GC(14) Pause Young (Allocation Failure) 675M->135M(1979M) 88.290ms
[15.333s][info][gc,cpu      ] GC(14) User=0.08s Sys=0.00s Real=0.09s
[16.265s][info][gc,start    ] GC(15) Pause Young (Allocation Failure)
[16.364s][info][gc,heap     ] GC(15) DefNew: 593713K(629120K)->57383K(629120K) Eden: 559232K(559232K)->0K(559232K) From: 34481K(69888K)->57383K(69888K)
[16.364s][info][gc,heap     ] GC(15) Tenured: 103999K(1398144K)->103999K(1398144K)
[16.364s][info][gc,metaspace] GC(15) Metaspace: 1518K(1664K)->1518K(1664K) NonClass: 1400K(1472K)->1400K(1472K) Class: 118K(192K)->118K(192K)
[16.364s][info][gc          ] GC(15) Pause Young (Allocation Failure) 681M->157M(1979M) 98.834ms
[16.364s][info][gc,cpu      ] GC(15) User=0.09s Sys=0.00s Real=0.10s
[17.264s][info][gc,start    ] GC(16) Pause Young (Allocation Failure)
[17.366s][info][gc,heap     ] GC(16) DefNew: 616615K(629120K)->36653K(629120K) Eden: 559232K(559232K)->0K(559232K) From: 57383K(69888K)->36653K(69888K)
[17.366s][info][gc,heap     ] GC(16) Tenured: 103999K(1398144K)->131269K(1398144K)
[17.366s][info][gc,metaspace] GC(16) Metaspace: 1518K(1664K)->1518K(1664K) NonClass: 1400K(1472K)->1400K(1472K) Class: 118K(192K)->118K(192K)
[17.366s][info][gc          ] GC(16) Pause Young (Allocation Failure) 703M->163M(1979M) 101.633ms
[17.366s][info][gc,cpu      ] GC(16) User=0.11s Sys=0.00s Real=0.10s
[18.274s][info][gc,start    ] GC(17) Pause Young (Allocation Failure)
[18.352s][info][gc,heap     ] GC(17) DefNew: 595885K(629120K)->36617K(629120K) Eden: 559232K(559232K)->0K(559232K) From: 36653K(69888K)->36617K(69888K)
[18.352s][info][gc,heap     ] GC(17) Tenured: 131269K(1398144K)->137840K(1398144K)
[18.352s][info][gc,metaspace] GC(17) Metaspace: 1518K(1664K)->1518K(1664K) NonClass: 1400K(1472K)->1400K(1472K) Class: 118K(192K)->118K(192K)
[18.352s][info][gc          ] GC(17) Pause Young (Allocation Failure) 710M->170M(1979M) 77.893ms
[18.352s][info][gc,cpu      ] GC(17) User=0.08s Sys=0.00s Real=0.08s
[19.256s][info][gc,start    ] GC(18) Pause Young (Allocation Failure)
[19.338s][info][gc,heap     ] GC(18) DefNew: 595849K(629120K)->20247K(629120K) Eden: 559232K(559232K)->0K(559232K) From: 36617K(69888K)->20247K(69888K)
[19.338s][info][gc,heap     ] GC(18) Tenured: 137840K(1398144K)->160672K(1398144K)
[19.338s][info][gc,metaspace] GC(18) Metaspace: 1518K(1664K)->1518K(1664K) NonClass: 1400K(1472K)->1400K(1472K) Class: 118K(192K)->118K(192K)
[19.338s][info][gc          ] GC(18) Pause Young (Allocation Failure) 716M->176M(1979M) 81.513ms
[19.338s][info][gc,cpu      ] GC(18) User=0.08s Sys=0.00s Real=0.08s
[20.257s][info][gc,start    ] GC(19) Pause Young (Allocation Failure)
[20.337s][info][gc,heap     ] GC(19) DefNew: 579479K(629120K)->25969K(629120K) Eden: 559232K(559232K)->0K(559232K) From: 20247K(69888K)->25969K(69888K)
[20.337s][info][gc,heap     ] GC(19) Tenured: 160672K(1398144K)->160672K(1398144K)
[20.337s][info][gc,metaspace] GC(19) Metaspace: 1519K(1664K)->1519K(1664K) NonClass: 1401K(1472K)->1401K(1472K) Class: 118K(192K)->118K(192K)
[20.337s][info][gc          ] GC(19) Pause Young (Allocation Failure) 722M->182M(1979M) 79.896ms
[20.337s][info][gc,cpu      ] GC(19) User=0.08s Sys=0.00s Real=0.08s
[21.253s][info][gc,start    ] GC(20) Pause Young (Allocation Failure)
[21.342s][info][gc,heap     ] GC(20) DefNew: 585201K(629120K)->33270K(629120K) Eden: 559232K(559232K)->0K(559232K) From: 25969K(69888K)->33270K(69888K)
[21.342s][info][gc,heap     ] GC(20) Tenured: 160672K(1398144K)->160672K(1398144K)
[21.342s][info][gc,metaspace] GC(20) Metaspace: 1519K(1664K)->1519K(1664K) NonClass: 1401K(1472K)->1401K(1472K) Class: 118K(192K)->118K(192K)
[21.342s][info][gc          ] GC(20) Pause Young (Allocation Failure) 728M->189M(1979M) 88.842ms
[21.342s][info][gc,cpu      ] GC(20) User=0.09s Sys=0.00s Real=0.09s
[22.253s][info][gc,start    ] GC(21) Pause Young (Allocation Failure)
[22.345s][info][gc,heap     ] GC(21) DefNew: 592502K(629120K)->39377K(629120K) Eden: 559232K(559232K)->0K(559232K) From: 33270K(69888K)->39377K(69888K)
[22.345s][info][gc,heap     ] GC(21) Tenured: 160672K(1398144K)->160672K(1398144K)
[22.345s][info][gc,metaspace] GC(21) Metaspace: 1519K(1664K)->1519K(1664K) NonClass: 1401K(1472K)->1401K(1472K) Class: 118K(192K)->118K(192K)
[22.345s][info][gc          ] GC(21) Pause Young (Allocation Failure) 735M->195M(1979M) 92.402ms
[22.345s][info][gc,cpu      ] GC(21) User=0.09s Sys=0.02s Real=0.09s
[23.261s][info][gc,start    ] GC(22) Pause Young (Allocation Failure)
[23.360s][info][gc,heap     ] GC(22) DefNew: 598609K(629120K)->38522K(629120K) Eden: 559232K(559232K)->0K(559232K) From: 39377K(69888K)->38522K(69888K)
[23.360s][info][gc,heap     ] GC(22) Tenured: 160672K(1398144K)->167420K(1398144K)
[23.360s][info][gc,metaspace] GC(22) Metaspace: 1519K(1664K)->1519K(1664K) NonClass: 1401K(1472K)->1401K(1472K) Class: 118K(192K)->118K(192K)
[23.360s][info][gc          ] GC(22) Pause Young (Allocation Failure) 741M->201M(1979M) 99.284ms
[23.360s][info][gc,cpu      ] GC(22) User=0.09s Sys=0.00s Real=0.10s
[24.275s][info][gc,start    ] GC(23) Pause Young (Allocation Failure)
[24.375s][info][gc,heap     ] GC(23) DefNew: 597754K(629120K)->37639K(629120K) Eden: 559232K(559232K)->0K(559232K) From: 38522K(69888K)->37639K(69888K)
[24.375s][info][gc,heap     ] GC(23) Tenured: 167420K(1398144K)->173982K(1398144K)
[24.375s][info][gc,metaspace] GC(23) Metaspace: 1519K(1664K)->1519K(1664K) NonClass: 1401K(1472K)->1401K(1472K) Class: 118K(192K)->118K(192K)
[24.375s][info][gc          ] GC(23) Pause Young (Allocation Failure) 747M->206M(1979M) 99.962ms
[24.375s][info][gc,cpu      ] GC(23) User=0.09s Sys=0.00s Real=0.10s
[25.292s][info][gc,start    ] GC(24) Pause Young (Allocation Failure)
[25.394s][info][gc,heap     ] GC(24) DefNew: 596871K(629120K)->38065K(629120K) Eden: 559232K(559232K)->0K(559232K) From: 37639K(69888K)->38065K(69888K)
[25.394s][info][gc,heap     ] GC(24) Tenured: 173982K(1398144K)->180209K(1398144K)
[25.394s][info][gc,metaspace] GC(24) Metaspace: 1519K(1664K)->1519K(1664K) NonClass: 1401K(1472K)->1401K(1472K) Class: 118K(192K)->118K(192K)
[25.395s][info][gc          ] GC(24) Pause Young (Allocation Failure) 752M->213M(1979M) 102.631ms
[25.395s][info][gc,cpu      ] GC(24) User=0.09s Sys=0.00s Real=0.10s
[26.321s][info][gc,start    ] GC(25) Pause Young (Allocation Failure)
[26.424s][info][gc,heap     ] GC(25) DefNew: 597297K(629120K)->38560K(629120K) Eden: 559232K(559232K)->0K(559232K) From: 38065K(69888K)->38560K(69888K)
[26.424s][info][gc,heap     ] GC(25) Tenured: 180209K(1398144K)->186152K(1398144K)
[26.424s][info][gc,metaspace] GC(25) Metaspace: 1520K(1664K)->1520K(1664K) NonClass: 1401K(1472K)->1401K(1472K) Class: 118K(192K)->118K(192K)
[26.424s][info][gc          ] GC(25) Pause Young (Allocation Failure) 759M->219M(1979M) 103.366ms
[26.424s][info][gc,cpu      ] GC(25) User=0.09s Sys=0.00s Real=0.10s
[27.339s][info][gc,start    ] GC(26) Pause Young (Allocation Failure)
[27.447s][info][gc,heap     ] GC(26) DefNew: 597792K(629120K)->37845K(629120K) Eden: 559232K(559232K)->0K(559232K) From: 38560K(69888K)->37845K(69888K)
[27.447s][info][gc,heap     ] GC(26) Tenured: 186152K(1398144K)->193009K(1398144K)
[27.447s][info][gc,metaspace] GC(26) Metaspace: 1520K(1664K)->1520K(1664K) NonClass: 1402K(1472K)->1402K(1472K) Class: 118K(192K)->118K(192K)
[27.447s][info][gc          ] GC(26) Pause Young (Allocation Failure) 765M->225M(1979M) 107.980ms
[27.447s][info][gc,cpu      ] GC(26) User=0.11s Sys=0.00s Real=0.11s
[28.365s][info][gc,start    ] GC(27) Pause Young (Allocation Failure)
[28.469s][info][gc,heap     ] GC(27) DefNew: 597077K(629120K)->37876K(629120K) Eden: 559232K(559232K)->0K(559232K) From: 37845K(69888K)->37876K(69888K)
[28.469s][info][gc,heap     ] GC(27) Tenured: 193009K(1398144K)->199455K(1398144K)
[28.469s][info][gc,metaspace] GC(27) Metaspace: 1520K(1664K)->1520K(1664K) NonClass: 1402K(1472K)->1402K(1472K) Class: 118K(192K)->118K(192K)
[28.469s][info][gc          ] GC(27) Pause Young (Allocation Failure) 771M->231M(1979M) 104.451ms
[28.469s][info][gc,cpu      ] GC(27) User=0.11s Sys=0.00s Real=0.11s
[29.402s][info][gc,start    ] GC(28) Pause Young (Allocation Failure)
[29.506s][info][gc,heap     ] GC(28) DefNew: 597108K(629120K)->38079K(629120K) Eden: 559232K(559232K)->0K(559232K) From: 37876K(69888K)->38079K(69888K)
[29.506s][info][gc,heap     ] GC(28) Tenured: 199455K(1398144K)->205312K(1398144K)
[29.506s][info][gc,metaspace] GC(28) Metaspace: 1520K(1664K)->1520K(1664K) NonClass: 1402K(1472K)->1402K(1472K) Class: 118K(192K)->118K(192K)
[29.506s][info][gc          ] GC(28) Pause Young (Allocation Failure) 777M->237M(1979M) 103.531ms
[29.506s][info][gc,cpu      ] GC(28) User=0.09s Sys=0.00s Real=0.10s
[30.428s][info][gc,start    ] GC(29) Pause Young (Allocation Failure)
[30.533s][info][gc,heap     ] GC(29) DefNew: 597311K(629120K)->38647K(629120K) Eden: 559232K(559232K)->0K(559232K) From: 38079K(69888K)->38647K(69888K)
[30.533s][info][gc,heap     ] GC(29) Tenured: 205312K(1398144K)->210926K(1398144K)
[30.533s][info][gc,metaspace] GC(29) Metaspace: 1520K(1664K)->1520K(1664K) NonClass: 1402K(1472K)->1402K(1472K) Class: 118K(192K)->118K(192K)
[30.533s][info][gc          ] GC(29) Pause Young (Allocation Failure) 783M->243M(1979M) 104.652ms
[30.533s][info][gc,cpu      ] GC(29) User=0.09s Sys=0.00s Real=0.10s
[31.472s][info][gc,start    ] GC(30) Pause Young (Allocation Failure)
[31.577s][info][gc,heap     ] GC(30) DefNew: 597879K(629120K)->38347K(629120K) Eden: 559232K(559232K)->0K(559232K) From: 38647K(69888K)->38347K(69888K)
[31.577s][info][gc,heap     ] GC(30) Tenured: 210926K(1398144K)->217690K(1398144K)
[31.577s][info][gc,metaspace] GC(30) Metaspace: 1520K(1664K)->1520K(1664K) NonClass: 1402K(1472K)->1402K(1472K) Class: 118K(192K)->118K(192K)
[31.577s][info][gc          ] GC(30) Pause Young (Allocation Failure) 789M->250M(1979M) 104.619ms
[31.577s][info][gc,cpu      ] GC(30) User=0.11s Sys=0.00s Real=0.10s
[32.509s][info][gc,start    ] GC(31) Pause Young (Allocation Failure)
[32.612s][info][gc,heap     ] GC(31) DefNew: 597579K(629120K)->38060K(629120K) Eden: 559232K(559232K)->0K(559232K) From: 38347K(69888K)->38060K(69888K)
[32.612s][info][gc,heap     ] GC(31) Tenured: 217690K(1398144K)->223928K(1398144K)
[32.612s][info][gc,metaspace] GC(31) Metaspace: 1520K(1664K)->1520K(1664K) NonClass: 1402K(1472K)->1402K(1472K) Class: 118K(192K)->118K(192K)
[32.612s][info][gc          ] GC(31) Pause Young (Allocation Failure) 796M->255M(1979M) 103.354ms
[32.612s][info][gc,cpu      ] GC(31) User=0.09s Sys=0.00s Real=0.10s
[33.532s][info][gc,start    ] GC(32) Pause Young (Allocation Failure)
[33.635s][info][gc,heap     ] GC(32) DefNew: 597292K(629120K)->37258K(629120K) Eden: 559232K(559232K)->0K(559232K) From: 38060K(69888K)->37258K(69888K)
[33.635s][info][gc,heap     ] GC(32) Tenured: 223928K(1398144K)->230261K(1398144K)
[33.635s][info][gc,metaspace] GC(32) Metaspace: 1520K(1664K)->1520K(1664K) NonClass: 1402K(1472K)->1402K(1472K) Class: 118K(192K)->118K(192K)
[33.635s][info][gc          ] GC(32) Pause Young (Allocation Failure) 801M->261M(1979M) 102.677ms
[33.635s][info][gc,cpu      ] GC(32) User=0.11s Sys=0.00s Real=0.10s
[34.570s][info][gc,start    ] GC(33) Pause Young (Allocation Failure)
[34.675s][info][gc,heap     ] GC(33) DefNew: 596490K(629120K)->36568K(629120K) Eden: 559232K(559232K)->0K(559232K) From: 37258K(69888K)->36568K(69888K)
[34.675s][info][gc,heap     ] GC(33) Tenured: 230261K(1398144K)->236805K(1398144K)
[34.675s][info][gc,metaspace] GC(33) Metaspace: 1520K(1664K)->1520K(1664K) NonClass: 1402K(1472K)->1402K(1472K) Class: 118K(192K)->118K(192K)
[34.675s][info][gc          ] GC(33) Pause Young (Allocation Failure) 807M->266M(1979M) 105.194ms
[34.675s][info][gc,cpu      ] GC(33) User=0.09s Sys=0.00s Real=0.11s
[35.619s][info][gc,start    ] GC(34) Pause Young (Allocation Failure)
[35.725s][info][gc,heap     ] GC(34) DefNew: 595800K(629120K)->36113K(629120K) Eden: 559232K(559232K)->0K(559232K) From: 36568K(69888K)->36113K(69888K)
[35.725s][info][gc,heap     ] GC(34) Tenured: 236805K(1398144K)->242799K(1398144K)
[35.725s][info][gc,metaspace] GC(34) Metaspace: 1520K(1664K)->1520K(1664K) NonClass: 1402K(1472K)->1402K(1472K) Class: 118K(192K)->118K(192K)
[35.725s][info][gc          ] GC(34) Pause Young (Allocation Failure) 813M->272M(1979M) 106.196ms
[35.725s][info][gc,cpu      ] GC(34) User=0.09s Sys=0.02s Real=0.11s
[36.672s][info][gc,start    ] GC(35) Pause Young (Allocation Failure)
[36.776s][info][gc,heap     ] GC(35) DefNew: 595345K(629120K)->35441K(629120K) Eden: 559232K(559232K)->0K(559232K) From: 36113K(69888K)->35441K(69888K)
[36.776s][info][gc,heap     ] GC(35) Tenured: 242799K(1398144K)->248877K(1398144K)
[36.776s][info][gc,metaspace] GC(35) Metaspace: 1520K(1664K)->1520K(1664K) NonClass: 1402K(1472K)->1402K(1472K) Class: 118K(192K)->118K(192K)
[36.776s][info][gc          ] GC(35) Pause Young (Allocation Failure) 818M->277M(1979M) 104.061ms
[36.776s][info][gc,cpu      ] GC(35) User=0.09s Sys=0.02s Real=0.10s
[37.724s][info][gc,start    ] GC(36) Pause Young (Allocation Failure)
[37.828s][info][gc,heap     ] GC(36) DefNew: 594673K(629120K)->35179K(629120K) Eden: 559232K(559232K)->0K(559232K) From: 35441K(69888K)->35179K(69888K)
[37.828s][info][gc,heap     ] GC(36) Tenured: 248877K(1398144K)->254893K(1398144K)
[37.828s][info][gc,metaspace] GC(36) Metaspace: 1521K(1664K)->1521K(1664K) NonClass: 1403K(1472K)->1403K(1472K) Class: 118K(192K)->118K(192K)
[37.828s][info][gc          ] GC(36) Pause Young (Allocation Failure) 823M->283M(1979M) 104.455ms
[37.828s][info][gc,cpu      ] GC(36) User=0.11s Sys=0.00s Real=0.10s
[38.719s][info][gc,start    ] GC(37) Pause Young (Allocation Failure)
[38.820s][info][gc,heap     ] GC(37) DefNew: 575910K(629120K)->34935K(629120K) Eden: 540731K(559232K)->0K(559232K) From: 35179K(69888K)->34935K(69888K)
[38.820s][info][gc,heap     ] GC(37) Tenured: 254893K(1398144K)->260909K(1398144K)
[38.820s][info][gc,metaspace] GC(37) Metaspace: 1523K(1664K)->1523K(1664K) NonClass: 1405K(1472K)->1405K(1472K) Class: 118K(192K)->118K(192K)
[38.820s][info][gc          ] GC(37) Pause Young (Allocation Failure) 811M->288M(1979M) 101.176ms
[38.820s][info][gc,cpu      ] GC(37) User=0.11s Sys=0.00s Real=0.10s
[39.735s][info][gc,start    ] GC(38) Pause Young (Allocation Failure)
[39.869s][info][gc,heap     ] GC(38) DefNew: 594167K(629120K)->69888K(629120K) Eden: 559232K(559232K)->0K(559232K) From: 34935K(69888K)->69888K(69888K)
[39.869s][info][gc,heap     ] GC(38) Tenured: 260909K(1398144K)->263312K(1398144K)
[39.869s][info][gc,metaspace] GC(38) Metaspace: 1523K(1664K)->1523K(1664K) NonClass: 1405K(1472K)->1405K(1472K) Class: 118K(192K)->118K(192K)
[39.869s][info][gc          ] GC(38) Pause Young (Allocation Failure) 835M->325M(1979M) 134.108ms
[39.869s][info][gc,cpu      ] GC(38) User=0.12s Sys=0.02s Real=0.13s
[40.772s][info][gc,start    ] GC(39) Pause Young (Allocation Failure)
[40.894s][info][gc,heap     ] GC(39) DefNew: 629120K(629120K)->6603K(629120K) Eden: 559232K(559232K)->0K(559232K) From: 69888K(69888K)->6603K(69888K)
[40.894s][info][gc,heap     ] GC(39) Tenured: 263312K(1398144K)->332607K(1398144K)
[40.894s][info][gc,metaspace] GC(39) Metaspace: 1523K(1664K)->1523K(1664K) NonClass: 1405K(1472K)->1405K(1472K) Class: 118K(192K)->118K(192K)
[40.894s][info][gc          ] GC(39) Pause Young (Allocation Failure) 871M->331M(1979M) 121.828ms
[40.894s][info][gc,cpu      ] GC(39) User=0.09s Sys=0.02s Real=0.12s
[41.800s][info][gc,start    ] GC(40) Pause Young (Allocation Failure)
[41.889s][info][gc,heap     ] GC(40) DefNew: 565835K(629120K)->12299K(629120K) Eden: 559232K(559232K)->0K(559232K) From: 6603K(69888K)->12299K(69888K)
[41.889s][info][gc,heap     ] GC(40) Tenured: 332607K(1398144K)->332607K(1398144K)
[41.889s][info][gc,metaspace] GC(40) Metaspace: 1523K(1664K)->1523K(1664K) NonClass: 1405K(1472K)->1405K(1472K) Class: 118K(192K)->118K(192K)
[41.889s][info][gc          ] GC(40) Pause Young (Allocation Failure) 877M->336M(1979M) 88.802ms
[41.889s][info][gc,cpu      ] GC(40) User=0.08s Sys=0.02s Real=0.09s
[42.796s][info][gc,start    ] GC(41) Pause Young (Allocation Failure)
[42.890s][info][gc,heap     ] GC(41) DefNew: 571531K(629120K)->17854K(629120K) Eden: 559232K(559232K)->0K(559232K) From: 12299K(69888K)->17854K(69888K)
[42.890s][info][gc,heap     ] GC(41) Tenured: 332607K(1398144K)->332607K(1398144K)
[42.890s][info][gc,metaspace] GC(41) Metaspace: 1523K(1664K)->1523K(1664K) NonClass: 1405K(1472K)->1405K(1472K) Class: 118K(192K)->118K(192K)
[42.890s][info][gc          ] GC(41) Pause Young (Allocation Failure) 882M->342M(1979M) 94.265ms
[42.890s][info][gc,cpu      ] GC(41) User=0.09s Sys=0.00s Real=0.09s
[43.843s][info][gc,start    ] GC(42) Pause Young (Allocation Failure)
[43.963s][info][gc,heap     ] GC(42) DefNew: 577086K(629120K)->23315K(629120K) Eden: 559232K(559232K)->0K(559232K) From: 17854K(69888K)->23315K(69888K)
[43.963s][info][gc,heap     ] GC(42) Tenured: 332607K(1398144K)->332607K(1398144K)
[43.963s][info][gc,metaspace] GC(42) Metaspace: 1523K(1664K)->1523K(1664K) NonClass: 1405K(1472K)->1405K(1472K) Class: 118K(192K)->118K(192K)
[43.963s][info][gc          ] GC(42) Pause Young (Allocation Failure) 888M->347M(1979M) 119.945ms
[43.963s][info][gc,cpu      ] GC(42) User=0.12s Sys=0.00s Real=0.12s
[44.881s][info][gc,start    ] GC(43) Pause Young (Allocation Failure)
[44.984s][info][gc,heap     ] GC(43) DefNew: 582547K(629120K)->28525K(629120K) Eden: 559232K(559232K)->0K(559232K) From: 23315K(69888K)->28525K(69888K)
[44.984s][info][gc,heap     ] GC(43) Tenured: 332607K(1398144K)->332607K(1398144K)
[44.984s][info][gc,metaspace] GC(43) Metaspace: 1523K(1664K)->1523K(1664K) NonClass: 1405K(1472K)->1405K(1472K) Class: 118K(192K)->118K(192K)
[44.984s][info][gc          ] GC(43) Pause Young (Allocation Failure) 893M->352M(1979M) 102.406ms
[44.984s][info][gc,cpu      ] GC(43) User=0.09s Sys=0.00s Real=0.10s
[45.893s][info][gc,start    ] GC(44) Pause Young (Allocation Failure)
[46.005s][info][gc,heap     ] GC(44) DefNew: 587757K(629120K)->33749K(629120K) Eden: 559232K(559232K)->0K(559232K) From: 28525K(69888K)->33749K(69888K)
[46.005s][info][gc,heap     ] GC(44) Tenured: 332607K(1398144K)->332607K(1398144K)
[46.005s][info][gc,metaspace] GC(44) Metaspace: 1523K(1664K)->1523K(1664K) NonClass: 1405K(1472K)->1405K(1472K) Class: 118K(192K)->118K(192K)
[46.005s][info][gc          ] GC(44) Pause Young (Allocation Failure) 898M->357M(1979M) 112.633ms
[46.005s][info][gc,cpu      ] GC(44) User=0.11s Sys=0.00s Real=0.11s
[46.913s][info][gc,start    ] GC(45) Pause Young (Allocation Failure)
[47.027s][info][gc,heap     ] GC(45) DefNew: 592981K(629120K)->38748K(629120K) Eden: 559232K(559232K)->0K(559232K) From: 33749K(69888K)->38748K(69888K)
[47.027s][info][gc,heap     ] GC(45) Tenured: 332607K(1398144K)->332607K(1398144K)
[47.027s][info][gc,metaspace] GC(45) Metaspace: 1523K(1664K)->1523K(1664K) NonClass: 1405K(1472K)->1405K(1472K) Class: 118K(192K)->118K(192K)
[47.027s][info][gc          ] GC(45) Pause Young (Allocation Failure) 903M->362M(1979M) 114.524ms
[47.027s][info][gc,cpu      ] GC(45) User=0.11s Sys=0.00s Real=0.11s
[47.927s][info][gc,start    ] GC(46) Pause Young (Allocation Failure)
[48.050s][info][gc,heap     ] GC(46) DefNew: 597980K(629120K)->38568K(629120K) Eden: 559232K(559232K)->0K(559232K) From: 38748K(69888K)->38568K(69888K)
[48.050s][info][gc,heap     ] GC(46) Tenured: 332607K(1398144K)->338497K(1398144K)
[48.050s][info][gc,metaspace] GC(46) Metaspace: 1524K(1664K)->1524K(1664K) NonClass: 1406K(1472K)->1406K(1472K) Class: 118K(192K)->118K(192K)
[48.050s][info][gc          ] GC(46) Pause Young (Allocation Failure) 908M->368M(1979M) 123.018ms
[48.050s][info][gc,cpu      ] GC(46) User=0.12s Sys=0.00s Real=0.12s
[48.946s][info][gc,start    ] GC(47) Pause Young (Allocation Failure)
[49.069s][info][gc,heap     ] GC(47) DefNew: 597800K(629120K)->38095K(629120K) Eden: 559232K(559232K)->0K(559232K) From: 38568K(69888K)->38095K(69888K)
[49.069s][info][gc,heap     ] GC(47) Tenured: 338497K(1398144K)->344215K(1398144K)
[49.069s][info][gc,metaspace] GC(47) Metaspace: 1524K(1664K)->1524K(1664K) NonClass: 1406K(1472K)->1406K(1472K) Class: 118K(192K)->118K(192K)
[49.069s][info][gc          ] GC(47) Pause Young (Allocation Failure) 914M->373M(1979M) 123.095ms
[49.069s][info][gc,cpu      ] GC(47) User=0.11s Sys=0.00s Real=0.12s
[49.997s][info][gc,start    ] GC(48) Pause Young (Allocation Failure)
[50.123s][info][gc,heap     ] GC(48) DefNew: 597327K(629120K)->37951K(629120K) Eden: 559232K(559232K)->0K(559232K) From: 38095K(69888K)->37951K(69888K)
[50.123s][info][gc,heap     ] GC(48) Tenured: 344215K(1398144K)->349650K(1398144K)
[50.123s][info][gc,metaspace] GC(48) Metaspace: 1524K(1664K)->1524K(1664K) NonClass: 1406K(1472K)->1406K(1472K) Class: 118K(192K)->118K(192K)
[50.123s][info][gc          ] GC(48) Pause Young (Allocation Failure) 919M->378M(1979M) 125.940ms
[50.123s][info][gc,cpu      ] GC(48) User=0.12s Sys=0.00s Real=0.13s
[51.030s][info][gc,start    ] GC(49) Pause Young (Allocation Failure)
[51.153s][info][gc,heap     ] GC(49) DefNew: 597183K(629120K)->37333K(629120K) Eden: 559232K(559232K)->0K(559232K) From: 37951K(69888K)->37333K(69888K)
[51.153s][info][gc,heap     ] GC(49) Tenured: 349650K(1398144K)->355196K(1398144K)
[51.153s][info][gc,metaspace] GC(49) Metaspace: 1524K(1664K)->1524K(1664K) NonClass: 1406K(1472K)->1406K(1472K) Class: 118K(192K)->118K(192K)
[51.153s][info][gc          ] GC(49) Pause Young (Allocation Failure) 924M->383M(1979M) 123.155ms
[51.153s][info][gc,cpu      ] GC(49) User=0.12s Sys=0.00s Real=0.12s
[52.179s][info][gc,heap,exit] Heap
[52.179s][info][gc,heap,exit]  def new generation   total 629120K, used 416428K [0x0000000700000000, 0x000000072aaa0000, 0x0000000755550000)
[52.179s][info][gc,heap,exit]   eden space 559232K,  67% used [0x0000000700000000, 0x0000000717235ce0, 0x0000000722220000)
[52.179s][info][gc,heap,exit]   from space 69888K,  53% used [0x0000000722220000, 0x0000000724695520, 0x0000000726660000)
[52.179s][info][gc,heap,exit]   to   space 69888K,   0% used [0x0000000726660000, 0x0000000726660000, 0x000000072aaa0000)
[52.179s][info][gc,heap,exit]  tenured generation   total 1398144K, used 355196K [0x0000000755550000, 0x00000007aaab0000, 0x0000000800000000)
[52.179s][info][gc,heap,exit]    the space 1398144K,  25% used [0x0000000755550000, 0x000000076b02f1e8, 0x000000076b02f200, 0x00000007aaab0000)
[52.179s][info][gc,heap,exit]  Metaspace       used 1721K, committed 1856K, reserved 1114112K
[52.179s][info][gc,heap,exit]   class space    used 144K, committed 192K, reserved 1048576K
