[0.010s][info][gc,init] CardTable entry size: 512
[0.010s][info][gc     ] Using G1
[0.019s][info][gc,init] Version: 21.0.5+9-LTS-239 (release)
[0.019s][info][gc,init] CPUs: 12 total, 12 available
[0.019s][info][gc,init] Memory: 16190M
[0.019s][info][gc,init] Large Page Support: Disabled
[0.019s][info][gc,init] NUMA Support: Disabled
[0.019s][info][gc,init] Compressed Oops: Enabled (Zero based)
[0.019s][info][gc,init] Heap Region Size: 2M
[0.019s][info][gc,init] Heap Min Capacity: 2G
[0.019s][info][gc,init] Heap Initial Capacity: 2G
[0.019s][info][gc,init] Heap Max Capacity: 4G
[0.019s][info][gc,init] Pre-touch: Disabled
[0.019s][info][gc,init] Parallel Workers: 10
[0.019s][info][gc,init] Concurrent Workers: 3
[0.019s][info][gc,init] Concurrent Refinement Workers: 10
[0.019s][info][gc,init] Periodic GC: Disabled
[0.028s][info][gc,metaspace] CDS archive(s) mapped at: [0x0000023480000000-0x0000023480c90000-0x0000023480c90000), size 13172736, SharedBaseAddress: 0x0000023480000000, ArchiveRelocationMode: 1.
[0.028s][info][gc,metaspace] Compressed class space mapped at: 0x0000023481000000-0x00000234c1000000, reserved size: 1073741824
[0.028s][info][gc,metaspace] Narrow klass base: 0x0000023480000000, Narrow klass shift: 0, Narrow klass range: 0x100000000
[0.458s][info][gc,start    ] GC(0) Pause Young (Normal) (G1 Evacuation Pause)
[0.460s][info][gc,task     ] GC(0) Using 10 workers of 10 for evacuation
[0.465s][info][gc,phases   ] GC(0)   Pre Evacuate Collection Set: 0.2ms
[0.465s][info][gc,phases   ] GC(0)   Merge Heap Roots: 0.1ms
[0.465s][info][gc,phases   ] GC(0)   Evacuate Collection Set: 3.8ms
[0.465s][info][gc,phases   ] GC(0)   Post Evacuate Collection Set: 0.6ms
[0.465s][info][gc,phases   ] GC(0)   Other: 2.5ms
[0.465s][info][gc,heap     ] GC(0) Eden regions: 51->0(44)
[0.465s][info][gc,heap     ] GC(0) Survivor regions: 0->7(7)
[0.465s][info][gc,heap     ] GC(0) Old regions: 0->5
[0.465s][info][gc,heap     ] GC(0) Humongous regions: 1->0
[0.465s][info][gc,metaspace] GC(0) Metaspace: 1315K(1472K)->1315K(1472K) NonClass: 1218K(1280K)->1218K(1280K) Class: 97K(192K)->97K(192K)
[0.465s][info][gc          ] GC(0) Pause Young (Normal) (G1 Evacuation Pause) 104M->22M(2048M) 7.552ms
[0.465s][info][gc,cpu      ] GC(0) User=0.00s Sys=0.00s Real=0.01s
[0.578s][info][gc,start    ] GC(1) Pause Young (Normal) (G1 Evacuation Pause)
[0.578s][info][gc,task     ] GC(1) Using 10 workers of 10 for evacuation
[0.584s][info][gc,phases   ] GC(1)   Pre Evacuate Collection Set: 0.2ms
[0.584s][info][gc,phases   ] GC(1)   Merge Heap Roots: 0.1ms
[0.584s][info][gc,phases   ] GC(1)   Evacuate Collection Set: 4.3ms
[0.584s][info][gc,phases   ] GC(1)   Post Evacuate Collection Set: 0.4ms
[0.584s][info][gc,phases   ] GC(1)   Other: 0.1ms
[0.584s][info][gc,heap     ] GC(1) Eden regions: 44->0(44)
[0.584s][info][gc,heap     ] GC(1) Survivor regions: 7->7(7)
[0.584s][info][gc,heap     ] GC(1) Old regions: 5->13
[0.584s][info][gc,heap     ] GC(1) Humongous regions: 0->0
[0.584s][info][gc,metaspace] GC(1) Metaspace: 1319K(1472K)->1319K(1472K) NonClass: 1221K(1280K)->1221K(1280K) Class: 97K(192K)->97K(192K)
[0.584s][info][gc          ] GC(1) Pause Young (Normal) (G1 Evacuation Pause) 110M->39M(2048M) 5.353ms
[0.584s][info][gc,cpu      ] GC(1) User=0.00s Sys=0.00s Real=0.01s
[0.901s][info][gc,start    ] GC(2) Pause Young (Normal) (G1 Evacuation Pause)
[0.901s][info][gc,task     ] GC(2) Using 10 workers of 10 for evacuation
[0.907s][info][gc,phases   ] GC(2)   Pre Evacuate Collection Set: 0.2ms
[0.907s][info][gc,phases   ] GC(2)   Merge Heap Roots: 0.1ms
[0.907s][info][gc,phases   ] GC(2)   Evacuate Collection Set: 5.5ms
[0.907s][info][gc,phases   ] GC(2)   Post Evacuate Collection Set: 0.4ms
[0.907s][info][gc,phases   ] GC(2)   Other: 0.1ms
[0.907s][info][gc,heap     ] GC(2) Eden regions: 44->0(45)
[0.907s][info][gc,heap     ] GC(2) Survivor regions: 7->6(7)
[0.907s][info][gc,heap     ] GC(2) Old regions: 13->20
[0.908s][info][gc,heap     ] GC(2) Humongous regions: 0->0
[0.908s][info][gc,metaspace] GC(2) Metaspace: 1623K(1856K)->1623K(1856K) NonClass: 1469K(1600K)->1469K(1600K) Class: 154K(256K)->154K(256K)
[0.908s][info][gc          ] GC(2) Pause Young (Normal) (G1 Evacuation Pause) 127M->50M(2048M) 6.563ms
[0.908s][info][gc,cpu      ] GC(2) User=0.02s Sys=0.16s Real=0.01s
[1.367s][info][gc,start    ] GC(3) Pause Young (Normal) (G1 Evacuation Pause)
[1.367s][info][gc,task     ] GC(3) Using 10 workers of 10 for evacuation
[1.374s][info][gc,phases   ] GC(3)   Pre Evacuate Collection Set: 0.2ms
[1.374s][info][gc,phases   ] GC(3)   Merge Heap Roots: 0.1ms
[1.374s][info][gc,phases   ] GC(3)   Evacuate Collection Set: 6.0ms
[1.374s][info][gc,phases   ] GC(3)   Post Evacuate Collection Set: 0.3ms
[1.374s][info][gc,phases   ] GC(3)   Other: 0.1ms
[1.374s][info][gc,heap     ] GC(3) Eden regions: 45->0(83)
[1.374s][info][gc,heap     ] GC(3) Survivor regions: 6->3(7)
[1.374s][info][gc,heap     ] GC(3) Old regions: 20->25
[1.374s][info][gc,heap     ] GC(3) Humongous regions: 1->1
[1.374s][info][gc,metaspace] GC(3) Metaspace: 1625K(1856K)->1625K(1856K) NonClass: 1471K(1600K)->1471K(1600K) Class: 154K(256K)->154K(256K)
[1.374s][info][gc          ] GC(3) Pause Young (Normal) (G1 Evacuation Pause) 142M->57M(2048M) 6.982ms
[1.374s][info][gc,cpu      ] GC(3) User=0.03s Sys=0.03s Real=0.01s
[2.985s][info][gc,start    ] GC(4) Pause Young (Normal) (G1 Evacuation Pause)
[2.985s][info][gc,task     ] GC(4) Using 10 workers of 10 for evacuation
[2.994s][info][gc,phases   ] GC(4)   Pre Evacuate Collection Set: 0.2ms
[2.994s][info][gc,phases   ] GC(4)   Merge Heap Roots: 0.2ms
[2.994s][info][gc,phases   ] GC(4)   Evacuate Collection Set: 7.6ms
[2.994s][info][gc,phases   ] GC(4)   Post Evacuate Collection Set: 0.5ms
[2.994s][info][gc,phases   ] GC(4)   Other: 0.1ms
[2.994s][info][gc,heap     ] GC(4) Eden regions: 83->0(124)
[2.994s][info][gc,heap     ] GC(4) Survivor regions: 3->7(11)
[2.994s][info][gc,heap     ] GC(4) Old regions: 25->25
[2.994s][info][gc,heap     ] GC(4) Humongous regions: 1->1
[2.994s][info][gc,metaspace] GC(4) Metaspace: 1633K(1856K)->1633K(1856K) NonClass: 1479K(1600K)->1479K(1600K) Class: 154K(256K)->154K(256K)
[2.994s][info][gc          ] GC(4) Pause Young (Normal) (G1 Evacuation Pause) 223M->65M(2048M) 8.902ms
[2.994s][info][gc,cpu      ] GC(4) User=0.00s Sys=0.00s Real=0.01s
[3.711s][info][gc,heap,exit] Heap
[3.711s][info][gc,heap,exit]  garbage-first heap   total 2097152K, used 146177K [0x0000000700000000, 0x0000000800000000)
[3.711s][info][gc,heap,exit]   region size 2048K, 44 young (90112K), 7 survivors (14336K)
[3.711s][info][gc,heap,exit]  Metaspace       used 1780K, committed 1920K, reserved 1114112K
[3.711s][info][gc,heap,exit]   class space    used 172K, committed 256K, reserved 1048576K
