[0.014s][info][gc,init] CardTable entry size: 512
[0.014s][info][gc     ] Using G1
[0.026s][info][gc,init] Version: 21.0.5+9-LTS-239 (release)
[0.026s][info][gc,init] CPUs: 12 total, 12 available
[0.026s][info][gc,init] Memory: 16190M
[0.026s][info][gc,init] Large Page Support: Disabled
[0.026s][info][gc,init] NUMA Support: Disabled
[0.026s][info][gc,init] Compressed Oops: Enabled (Zero based)
[0.026s][info][gc,init] Heap Region Size: 2M
[0.026s][info][gc,init] Heap Min Capacity: 2G
[0.026s][info][gc,init] Heap Initial Capacity: 2G
[0.026s][info][gc,init] Heap Max Capacity: 4G
[0.026s][info][gc,init] Pre-touch: Disabled
[0.027s][info][gc,init] Parallel Workers: 10
[0.027s][info][gc,init] Concurrent Workers: 3
[0.027s][info][gc,init] Concurrent Refinement Workers: 10
[0.027s][info][gc,init] Periodic GC: Disabled
[0.045s][info][gc,metaspace] CDS archive(s) mapped at: [0x000001d8cf000000-0x000001d8cfc90000-0x000001d8cfc90000), size 13172736, SharedBaseAddress: 0x000001d8cf000000, ArchiveRelocationMode: 1.
[0.045s][info][gc,metaspace] Compressed class space mapped at: 0x000001d8d0000000-0x000001d910000000, reserved size: 1073741824
[0.045s][info][gc,metaspace] Narrow klass base: 0x000001d8cf000000, Narrow klass shift: 0, Narrow klass range: 0x100000000
[0.472s][info][gc,start    ] GC(0) Pause Young (Normal) (G1 Evacuation Pause)
[0.474s][info][gc,task     ] GC(0) Using 10 workers of 10 for evacuation
[0.478s][info][gc,phases   ] GC(0)   Pre Evacuate Collection Set: 0.2ms
[0.478s][info][gc,phases   ] GC(0)   Merge Heap Roots: 0.1ms
[0.478s][info][gc,phases   ] GC(0)   Evacuate Collection Set: 3.6ms
[0.478s][info][gc,phases   ] GC(0)   Post Evacuate Collection Set: 0.5ms
[0.478s][info][gc,phases   ] GC(0)   Other: 1.2ms
[0.478s][info][gc,heap     ] GC(0) Eden regions: 51->0(44)
[0.478s][info][gc,heap     ] GC(0) Survivor regions: 0->7(7)
[0.478s][info][gc,heap     ] GC(0) Old regions: 0->4
[0.478s][info][gc,heap     ] GC(0) Humongous regions: 1->0
[0.478s][info][gc,metaspace] GC(0) Metaspace: 1316K(1472K)->1316K(1472K) NonClass: 1218K(1280K)->1218K(1280K) Class: 97K(192K)->97K(192K)
[0.478s][info][gc          ] GC(0) Pause Young (Normal) (G1 Evacuation Pause) 104M->21M(2048M) 5.935ms
[0.478s][info][gc,cpu      ] GC(0) User=0.14s Sys=0.05s Real=0.01s
[0.605s][info][gc,start    ] GC(1) Pause Young (Normal) (G1 Evacuation Pause)
[0.605s][info][gc,task     ] GC(1) Using 10 workers of 10 for evacuation
[0.609s][info][gc,phases   ] GC(1)   Pre Evacuate Collection Set: 0.2ms
[0.609s][info][gc,phases   ] GC(1)   Merge Heap Roots: 0.1ms
[0.609s][info][gc,phases   ] GC(1)   Evacuate Collection Set: 4.0ms
[0.609s][info][gc,phases   ] GC(1)   Post Evacuate Collection Set: 0.4ms
[0.610s][info][gc,phases   ] GC(1)   Other: 0.1ms
[0.610s][info][gc,heap     ] GC(1) Eden regions: 44->0(44)
[0.610s][info][gc,heap     ] GC(1) Survivor regions: 7->7(7)
[0.610s][info][gc,heap     ] GC(1) Old regions: 4->12
[0.610s][info][gc,heap     ] GC(1) Humongous regions: 0->0
[0.610s][info][gc,metaspace] GC(1) Metaspace: 1318K(1472K)->1318K(1472K) NonClass: 1220K(1280K)->1220K(1280K) Class: 97K(192K)->97K(192K)
[0.610s][info][gc          ] GC(1) Pause Young (Normal) (G1 Evacuation Pause) 109M->37M(2048M) 5.054ms
[0.610s][info][gc,cpu      ] GC(1) User=0.00s Sys=0.00s Real=0.01s
[0.674s][info][gc,start    ] GC(2) Pause Young (Normal) (G1 Evacuation Pause)
[0.675s][info][gc,task     ] GC(2) Using 10 workers of 10 for evacuation
[0.679s][info][gc,phases   ] GC(2)   Pre Evacuate Collection Set: 0.2ms
[0.679s][info][gc,phases   ] GC(2)   Merge Heap Roots: 0.1ms
[0.679s][info][gc,phases   ] GC(2)   Evacuate Collection Set: 3.8ms
[0.679s][info][gc,phases   ] GC(2)   Post Evacuate Collection Set: 0.4ms
[0.679s][info][gc,phases   ] GC(2)   Other: 0.1ms
[0.679s][info][gc,heap     ] GC(2) Eden regions: 44->0(44)
[0.679s][info][gc,heap     ] GC(2) Survivor regions: 7->7(7)
[0.679s][info][gc,heap     ] GC(2) Old regions: 12->21
[0.679s][info][gc,heap     ] GC(2) Humongous regions: 0->0
[0.679s][info][gc,metaspace] GC(2) Metaspace: 1319K(1472K)->1319K(1472K) NonClass: 1222K(1280K)->1222K(1280K) Class: 97K(192K)->97K(192K)
[0.679s][info][gc          ] GC(2) Pause Young (Normal) (G1 Evacuation Pause) 125M->55M(2048M) 4.776ms
[0.679s][info][gc,cpu      ] GC(2) User=0.09s Sys=0.06s Real=0.00s
[0.739s][info][gc,start    ] GC(3) Pause Young (Normal) (G1 Evacuation Pause)
[0.739s][info][gc,task     ] GC(3) Using 10 workers of 10 for evacuation
[0.744s][info][gc,phases   ] GC(3)   Pre Evacuate Collection Set: 0.3ms
[0.744s][info][gc,phases   ] GC(3)   Merge Heap Roots: 0.1ms
[0.744s][info][gc,phases   ] GC(3)   Evacuate Collection Set: 4.3ms
[0.744s][info][gc,phases   ] GC(3)   Post Evacuate Collection Set: 0.5ms
[0.744s][info][gc,phases   ] GC(3)   Other: 0.1ms
[0.744s][info][gc,heap     ] GC(3) Eden regions: 44->0(60)
[0.744s][info][gc,heap     ] GC(3) Survivor regions: 7->7(7)
[0.744s][info][gc,heap     ] GC(3) Old regions: 21->30
[0.744s][info][gc,heap     ] GC(3) Humongous regions: 0->0
[0.744s][info][gc,metaspace] GC(3) Metaspace: 1319K(1472K)->1319K(1472K) NonClass: 1222K(1280K)->1222K(1280K) Class: 97K(192K)->97K(192K)
[0.745s][info][gc          ] GC(3) Pause Young (Normal) (G1 Evacuation Pause) 143M->72M(2048M) 5.594ms
[0.745s][info][gc,cpu      ] GC(3) User=0.09s Sys=0.08s Real=0.01s
[0.826s][info][gc,start    ] GC(4) Pause Young (Normal) (G1 Evacuation Pause)
[0.826s][info][gc,task     ] GC(4) Using 10 workers of 10 for evacuation
[0.833s][info][gc,phases   ] GC(4)   Pre Evacuate Collection Set: 0.2ms
[0.833s][info][gc,phases   ] GC(4)   Merge Heap Roots: 0.1ms
[0.833s][info][gc,phases   ] GC(4)   Evacuate Collection Set: 5.3ms
[0.833s][info][gc,phases   ] GC(4)   Post Evacuate Collection Set: 0.6ms
[0.833s][info][gc,phases   ] GC(4)   Other: 0.1ms
[0.833s][info][gc,heap     ] GC(4) Eden regions: 60->0(90)
[0.833s][info][gc,heap     ] GC(4) Survivor regions: 7->9(9)
[0.833s][info][gc,heap     ] GC(4) Old regions: 30->40
[0.833s][info][gc,heap     ] GC(4) Humongous regions: 0->0
[0.833s][info][gc,metaspace] GC(4) Metaspace: 1319K(1472K)->1319K(1472K) NonClass: 1222K(1280K)->1222K(1280K) Class: 97K(192K)->97K(192K)
[0.833s][info][gc          ] GC(4) Pause Young (Normal) (G1 Evacuation Pause) 192M->96M(2048M) 6.656ms
[0.833s][info][gc,cpu      ] GC(4) User=0.00s Sys=0.00s Real=0.01s
[0.967s][info][gc,start    ] GC(5) Pause Young (Normal) (G1 Evacuation Pause)
[0.967s][info][gc,task     ] GC(5) Using 10 workers of 10 for evacuation
[0.976s][info][gc,phases   ] GC(5)   Pre Evacuate Collection Set: 0.3ms
[0.976s][info][gc,phases   ] GC(5)   Merge Heap Roots: 0.2ms
[0.976s][info][gc,phases   ] GC(5)   Evacuate Collection Set: 7.9ms
[0.976s][info][gc,phases   ] GC(5)   Post Evacuate Collection Set: 0.6ms
[0.976s][info][gc,phases   ] GC(5)   Other: 0.1ms
[0.976s][info][gc,heap     ] GC(5) Eden regions: 90->0(92)
[0.976s][info][gc,heap     ] GC(5) Survivor regions: 9->13(13)
[0.976s][info][gc,heap     ] GC(5) Old regions: 40->53
[0.976s][info][gc,heap     ] GC(5) Humongous regions: 0->0
[0.976s][info][gc,metaspace] GC(5) Metaspace: 1319K(1472K)->1319K(1472K) NonClass: 1222K(1280K)->1222K(1280K) Class: 97K(192K)->97K(192K)
[0.976s][info][gc          ] GC(5) Pause Young (Normal) (G1 Evacuation Pause) 276M->130M(2048M) 9.266ms
[0.976s][info][gc,cpu      ] GC(5) User=0.06s Sys=0.09s Real=0.01s
[1.099s][info][gc,start    ] GC(6) Pause Young (Normal) (G1 Evacuation Pause)
[1.100s][info][gc,task     ] GC(6) Using 10 workers of 10 for evacuation
[1.110s][info][gc,phases   ] GC(6)   Pre Evacuate Collection Set: 0.3ms
[1.110s][info][gc,phases   ] GC(6)   Merge Heap Roots: 0.2ms
[1.110s][info][gc,phases   ] GC(6)   Evacuate Collection Set: 9.1ms
[1.110s][info][gc,phases   ] GC(6)   Post Evacuate Collection Set: 0.6ms
[1.110s][info][gc,phases   ] GC(6)   Other: 0.1ms
[1.110s][info][gc,heap     ] GC(6) Eden regions: 92->0(117)
[1.110s][info][gc,heap     ] GC(6) Survivor regions: 13->14(14)
[1.110s][info][gc,heap     ] GC(6) Old regions: 53->70
[1.110s][info][gc,heap     ] GC(6) Humongous regions: 1->0
[1.110s][info][gc,metaspace] GC(6) Metaspace: 1319K(1472K)->1319K(1472K) NonClass: 1222K(1280K)->1222K(1280K) Class: 97K(192K)->97K(192K)
[1.110s][info][gc          ] GC(6) Pause Young (Normal) (G1 Evacuation Pause) 316M->167M(2048M) 10.465ms
[1.110s][info][gc,cpu      ] GC(6) User=0.00s Sys=0.00s Real=0.01s
[1.271s][info][gc,start    ] GC(7) Pause Young (Normal) (G1 Evacuation Pause)
[1.271s][info][gc,task     ] GC(7) Using 10 workers of 10 for evacuation
[1.285s][info][gc,phases   ] GC(7)   Pre Evacuate Collection Set: 0.2ms
[1.285s][info][gc,phases   ] GC(7)   Merge Heap Roots: 0.1ms
[1.285s][info][gc,phases   ] GC(7)   Evacuate Collection Set: 13.4ms
[1.285s][info][gc,phases   ] GC(7)   Post Evacuate Collection Set: 0.6ms
[1.285s][info][gc,phases   ] GC(7)   Other: 0.1ms
[1.285s][info][gc,heap     ] GC(7) Eden regions: 117->0(137)
[1.285s][info][gc,heap     ] GC(7) Survivor regions: 14->17(17)
[1.285s][info][gc,heap     ] GC(7) Old regions: 70->90
[1.285s][info][gc,heap     ] GC(7) Humongous regions: 0->0
[1.285s][info][gc,metaspace] GC(7) Metaspace: 1319K(1472K)->1319K(1472K) NonClass: 1222K(1280K)->1222K(1280K) Class: 97K(192K)->97K(192K)
[1.285s][info][gc          ] GC(7) Pause Young (Normal) (G1 Evacuation Pause) 401M->213M(2048M) 14.591ms
[1.285s][info][gc,cpu      ] GC(7) User=0.00s Sys=0.06s Real=0.01s
[1.615s][info][gc,start    ] GC(8) Pause Young (Normal) (G1 Evacuation Pause)
[1.615s][info][gc,task     ] GC(8) Using 10 workers of 10 for evacuation
[1.646s][info][gc,phases   ] GC(8)   Pre Evacuate Collection Set: 0.6ms
[1.646s][info][gc,phases   ] GC(8)   Merge Heap Roots: 0.1ms
[1.646s][info][gc,phases   ] GC(8)   Evacuate Collection Set: 30.1ms
[1.646s][info][gc,phases   ] GC(8)   Post Evacuate Collection Set: 0.4ms
[1.646s][info][gc,phases   ] GC(8)   Other: 0.1ms
[1.646s][info][gc,heap     ] GC(8) Eden regions: 137->0(193)
[1.646s][info][gc,heap     ] GC(8) Survivor regions: 17->20(20)
[1.646s][info][gc,heap     ] GC(8) Old regions: 90->114
[1.646s][info][gc,heap     ] GC(8) Humongous regions: 1->0
[1.646s][info][gc,metaspace] GC(8) Metaspace: 1319K(1472K)->1319K(1472K) NonClass: 1222K(1280K)->1222K(1280K) Class: 97K(192K)->97K(192K)
[1.646s][info][gc          ] GC(8) Pause Young (Normal) (G1 Evacuation Pause) 489M->267M(2048M) 31.642ms
[1.647s][info][gc,cpu      ] GC(8) User=0.03s Sys=0.02s Real=0.03s
[2.025s][info][gc,start    ] GC(9) Pause Young (Normal) (G1 Evacuation Pause)
[2.025s][info][gc,task     ] GC(9) Using 10 workers of 10 for evacuation
[2.044s][info][gc,phases   ] GC(9)   Pre Evacuate Collection Set: 0.2ms
[2.044s][info][gc,phases   ] GC(9)   Merge Heap Roots: 0.1ms
[2.044s][info][gc,phases   ] GC(9)   Evacuate Collection Set: 18.4ms
[2.044s][info][gc,phases   ] GC(9)   Post Evacuate Collection Set: 0.4ms
[2.044s][info][gc,phases   ] GC(9)   Other: 0.1ms
[2.044s][info][gc,heap     ] GC(9) Eden regions: 193->0(213)
[2.044s][info][gc,heap     ] GC(9) Survivor regions: 20->27(27)
[2.044s][info][gc,heap     ] GC(9) Old regions: 114->145
[2.044s][info][gc,heap     ] GC(9) Humongous regions: 0->0
[2.044s][info][gc,metaspace] GC(9) Metaspace: 1319K(1472K)->1319K(1472K) NonClass: 1222K(1280K)->1222K(1280K) Class: 97K(192K)->97K(192K)
[2.044s][info][gc          ] GC(9) Pause Young (Normal) (G1 Evacuation Pause) 653M->343M(2048M) 19.433ms
[2.044s][info][gc,cpu      ] GC(9) User=0.02s Sys=0.12s Real=0.02s
[2.337s][info][gc,start    ] GC(10) Pause Young (Normal) (G1 Evacuation Pause)
[2.337s][info][gc,task     ] GC(10) Using 10 workers of 10 for evacuation
[2.360s][info][gc,phases   ] GC(10)   Pre Evacuate Collection Set: 0.3ms
[2.360s][info][gc,phases   ] GC(10)   Merge Heap Roots: 0.2ms
[2.360s][info][gc,phases   ] GC(10)   Evacuate Collection Set: 21.9ms
[2.360s][info][gc,phases   ] GC(10)   Post Evacuate Collection Set: 0.6ms
[2.360s][info][gc,phases   ] GC(10)   Other: 0.1ms
[2.360s][info][gc,heap     ] GC(10) Eden regions: 213->0(243)
[2.360s][info][gc,heap     ] GC(10) Survivor regions: 27->30(30)
[2.360s][info][gc,heap     ] GC(10) Old regions: 145->183
[2.360s][info][gc,heap     ] GC(10) Humongous regions: 0->0
[2.360s][info][gc,metaspace] GC(10) Metaspace: 1319K(1472K)->1319K(1472K) NonClass: 1222K(1280K)->1222K(1280K) Class: 97K(192K)->97K(192K)
[2.360s][info][gc          ] GC(10) Pause Young (Normal) (G1 Evacuation Pause) 769M->425M(2048M) 23.284ms
[2.360s][info][gc,cpu      ] GC(10) User=0.02s Sys=0.14s Real=0.02s
[2.669s][info][gc,start    ] GC(11) Pause Young (Normal) (G1 Evacuation Pause)
[2.669s][info][gc,task     ] GC(11) Using 10 workers of 10 for evacuation
[2.699s][info][gc,phases   ] GC(11)   Pre Evacuate Collection Set: 0.3ms
[2.699s][info][gc,phases   ] GC(11)   Merge Heap Roots: 0.1ms
[2.699s][info][gc,phases   ] GC(11)   Evacuate Collection Set: 28.2ms
[2.699s][info][gc,phases   ] GC(11)   Post Evacuate Collection Set: 0.7ms
[2.699s][info][gc,phases   ] GC(11)   Other: 0.1ms
[2.699s][info][gc,heap     ] GC(11) Eden regions: 243->0(321)
[2.699s][info][gc,heap     ] GC(11) Survivor regions: 30->35(35)
[2.699s][info][gc,heap     ] GC(11) Old regions: 183->226
[2.699s][info][gc,heap     ] GC(11) Humongous regions: 0->0
[2.699s][info][gc,metaspace] GC(11) Metaspace: 1319K(1472K)->1319K(1472K) NonClass: 1222K(1280K)->1222K(1280K) Class: 97K(192K)->97K(192K)
[2.699s][info][gc          ] GC(11) Pause Young (Normal) (G1 Evacuation Pause) 911M->521M(2048M) 29.658ms
[2.699s][info][gc,cpu      ] GC(11) User=0.06s Sys=0.25s Real=0.03s
[3.253s][info][gc,start    ] GC(12) Pause Young (Normal) (G1 Evacuation Pause)
[3.253s][info][gc,task     ] GC(12) Using 10 workers of 10 for evacuation
[3.290s][info][gc,phases   ] GC(12)   Pre Evacuate Collection Set: 0.3ms
[3.290s][info][gc,phases   ] GC(12)   Merge Heap Roots: 0.2ms
[3.290s][info][gc,phases   ] GC(12)   Evacuate Collection Set: 35.8ms
[3.290s][info][gc,phases   ] GC(12)   Post Evacuate Collection Set: 1.0ms
[3.290s][info][gc,phases   ] GC(12)   Other: 0.1ms
[3.290s][info][gc,heap     ] GC(12) Eden regions: 321->0(350)
[3.290s][info][gc,heap     ] GC(12) Survivor regions: 35->45(45)
[3.290s][info][gc,heap     ] GC(12) Old regions: 226->280
[3.290s][info][gc,heap     ] GC(12) Humongous regions: 3->0
[3.290s][info][gc,metaspace] GC(12) Metaspace: 1319K(1472K)->1319K(1472K) NonClass: 1222K(1280K)->1222K(1280K) Class: 97K(192K)->97K(192K)
[3.290s][info][gc          ] GC(12) Pause Young (Normal) (G1 Evacuation Pause) 1169M->649M(2130M) 37.879ms
[3.291s][info][gc,cpu      ] GC(12) User=0.08s Sys=0.38s Real=0.04s
[3.993s][info][gc,start    ] GC(13) Pause Young (Normal) (G1 Evacuation Pause)
[3.993s][info][gc,task     ] GC(13) Using 10 workers of 10 for evacuation
[4.025s][info][gc,phases   ] GC(13)   Pre Evacuate Collection Set: 0.2ms
[4.025s][info][gc,phases   ] GC(13)   Merge Heap Roots: 0.1ms
[4.025s][info][gc,phases   ] GC(13)   Evacuate Collection Set: 30.3ms
[4.025s][info][gc,phases   ] GC(13)   Post Evacuate Collection Set: 0.6ms
[4.025s][info][gc,phases   ] GC(13)   Other: 0.1ms
[4.025s][info][gc,heap     ] GC(13) Eden regions: 350->0(402)
[4.025s][info][gc,heap     ] GC(13) Survivor regions: 45->50(50)
[4.025s][info][gc,heap     ] GC(13) Old regions: 280->333
[4.025s][info][gc,heap     ] GC(13) Humongous regions: 5->1
[4.025s][info][gc,metaspace] GC(13) Metaspace: 1578K(1664K)->1578K(1664K) NonClass: 1442K(1472K)->1442K(1472K) Class: 136K(192K)->136K(192K)
[4.025s][info][gc          ] GC(13) Pause Young (Normal) (G1 Evacuation Pause) 1359M->767M(2130M) 31.543ms
[4.025s][info][gc,cpu      ] GC(13) User=0.11s Sys=0.20s Real=0.03s
[4.819s][info][gc,start    ] GC(14) Pause Young (Normal) (G1 Evacuation Pause)
[4.819s][info][gc,task     ] GC(14) Using 10 workers of 10 for evacuation
[4.858s][info][gc,phases   ] GC(14)   Pre Evacuate Collection Set: 0.2ms
[4.858s][info][gc,phases   ] GC(14)   Merge Heap Roots: 0.1ms
[4.858s][info][gc,phases   ] GC(14)   Evacuate Collection Set: 38.0ms
[4.858s][info][gc,phases   ] GC(14)   Post Evacuate Collection Set: 0.6ms
[4.858s][info][gc,phases   ] GC(14)   Other: 0.2ms
[4.858s][info][gc,heap     ] GC(14) Eden regions: 402->0(483)
[4.859s][info][gc,heap     ] GC(14) Survivor regions: 50->18(57)
[4.859s][info][gc,heap     ] GC(14) Old regions: 333->383
[4.859s][info][gc,heap     ] GC(14) Humongous regions: 6->6
[4.859s][info][gc,metaspace] GC(14) Metaspace: 1581K(1664K)->1581K(1664K) NonClass: 1444K(1472K)->1444K(1472K) Class: 136K(192K)->136K(192K)
[4.859s][info][gc          ] GC(14) Pause Young (Normal) (G1 Evacuation Pause) 1581M->811M(2130M) 39.515ms
[4.859s][info][gc,cpu      ] GC(14) User=0.19s Sys=0.12s Real=0.04s
[5.033s][info][gc,start    ] GC(15) Pause Young (Normal) (G1 Evacuation Pause)
[5.033s][info][gc,task     ] GC(15) Using 10 workers of 10 for evacuation
[5.052s][info][gc,phases   ] GC(15)   Pre Evacuate Collection Set: 0.2ms
[5.052s][info][gc,phases   ] GC(15)   Merge Heap Roots: 0.2ms
[5.052s][info][gc,phases   ] GC(15)   Evacuate Collection Set: 18.1ms
[5.052s][info][gc,phases   ] GC(15)   Post Evacuate Collection Set: 0.4ms
[5.052s][info][gc,phases   ] GC(15)   Other: 0.1ms
[5.052s][info][gc,heap     ] GC(15) Eden regions: 77->0(513)
[5.052s][info][gc,heap     ] GC(15) Survivor regions: 18->4(12)
[5.052s][info][gc,heap     ] GC(15) Old regions: 383->400
[5.052s][info][gc,heap     ] GC(15) Humongous regions: 6->6
[5.052s][info][gc,metaspace] GC(15) Metaspace: 1581K(1664K)->1581K(1664K) NonClass: 1444K(1472K)->1444K(1472K) Class: 136K(192K)->136K(192K)
[5.052s][info][gc          ] GC(15) Pause Young (Normal) (G1 Evacuation Pause) 965M->816M(2130M) 19.182ms
[5.052s][info][gc,cpu      ] GC(15) User=0.16s Sys=0.00s Real=0.02s
[5.464s][info][gc,start    ] GC(16) Pause Young (Normal) (G1 Evacuation Pause)
[5.464s][info][gc,task     ] GC(16) Using 10 workers of 10 for evacuation
[5.476s][info][gc,phases   ] GC(16)   Pre Evacuate Collection Set: 0.2ms
[5.476s][info][gc,phases   ] GC(16)   Merge Heap Roots: 0.3ms
[5.476s][info][gc,phases   ] GC(16)   Evacuate Collection Set: 10.5ms
[5.476s][info][gc,phases   ] GC(16)   Post Evacuate Collection Set: 0.6ms
[5.476s][info][gc,phases   ] GC(16)   Other: 0.1ms
[5.476s][info][gc,heap     ] GC(16) Eden regions: 200->0(530)
[5.476s][info][gc,heap     ] GC(16) Survivor regions: 4->10(26)
[5.476s][info][gc,heap     ] GC(16) Old regions: 400->400
[5.476s][info][gc,heap     ] GC(16) Humongous regions: 6->6
[5.476s][info][gc,metaspace] GC(16) Metaspace: 1600K(1728K)->1600K(1728K) NonClass: 1462K(1536K)->1462K(1536K) Class: 137K(192K)->137K(192K)
[5.476s][info][gc          ] GC(16) Pause Young (Normal) (G1 Evacuation Pause) 1216M->829M(2130M) 11.872ms
[5.476s][info][gc,cpu      ] GC(16) User=0.12s Sys=0.03s Real=0.01s
[5.981s][info][gc,start    ] GC(17) Pause Young (Normal) (G1 Evacuation Pause)
[5.981s][info][gc,task     ] GC(17) Using 10 workers of 10 for evacuation
[5.999s][info][gc,phases   ] GC(17)   Pre Evacuate Collection Set: 0.3ms
[5.999s][info][gc,phases   ] GC(17)   Merge Heap Roots: 0.3ms
[5.999s][info][gc,phases   ] GC(17)   Evacuate Collection Set: 16.4ms
[5.999s][info][gc,phases   ] GC(17)   Post Evacuate Collection Set: 0.7ms
[5.999s][info][gc,phases   ] GC(17)   Other: 0.1ms
[5.999s][info][gc,heap     ] GC(17) Eden regions: 257->0(537)
[5.999s][info][gc,heap     ] GC(17) Survivor regions: 10->18(34)
[5.999s][info][gc,heap     ] GC(17) Old regions: 400->400
[5.999s][info][gc,heap     ] GC(17) Humongous regions: 6->6
[5.999s][info][gc,metaspace] GC(17) Metaspace: 1600K(1728K)->1600K(1728K) NonClass: 1462K(1536K)->1462K(1536K) Class: 137K(192K)->137K(192K)
[5.999s][info][gc          ] GC(17) Pause Young (Normal) (G1 Evacuation Pause) 1343M->846M(2130M) 17.986ms
[5.999s][info][gc,cpu      ] GC(17) User=0.08s Sys=0.08s Real=0.02s
[6.327s][info][gc,start    ] GC(18) Pause Young (Normal) (G1 Evacuation Pause)
[6.327s][info][gc,task     ] GC(18) Using 10 workers of 10 for evacuation
[6.357s][info][gc,phases   ] GC(18)   Pre Evacuate Collection Set: 0.4ms
[6.357s][info][gc,phases   ] GC(18)   Merge Heap Roots: 0.3ms
[6.357s][info][gc,phases   ] GC(18)   Evacuate Collection Set: 28.5ms
[6.357s][info][gc,phases   ] GC(18)   Post Evacuate Collection Set: 0.7ms
[6.357s][info][gc,phases   ] GC(18)   Other: 0.1ms
[6.357s][info][gc,heap     ] GC(18) Eden regions: 171->0(541)
[6.357s][info][gc,heap     ] GC(18) Survivor regions: 18->15(24)
[6.357s][info][gc,heap     ] GC(18) Old regions: 400->409
[6.357s][info][gc,heap     ] GC(18) Humongous regions: 11->11
[6.357s][info][gc,metaspace] GC(18) Metaspace: 1603K(1728K)->1603K(1728K) NonClass: 1465K(1536K)->1465K(1536K) Class: 137K(192K)->137K(192K)
[6.357s][info][gc          ] GC(18) Pause Young (Normal) (G1 Evacuation Pause) 1198M->868M(2130M) 30.259ms
[6.357s][info][gc,cpu      ] GC(18) User=0.27s Sys=0.03s Real=0.03s
[6.897s][info][gc,start    ] GC(19) Pause Young (Normal) (G1 Evacuation Pause)
[6.897s][info][gc,task     ] GC(19) Using 10 workers of 10 for evacuation
[6.925s][info][gc,phases   ] GC(19)   Pre Evacuate Collection Set: 0.2ms
[6.925s][info][gc,phases   ] GC(19)   Merge Heap Roots: 0.4ms
[6.925s][info][gc,phases   ] GC(19)   Evacuate Collection Set: 26.2ms
[6.925s][info][gc,phases   ] GC(19)   Post Evacuate Collection Set: 0.6ms
[6.925s][info][gc,phases   ] GC(19)   Other: 0.1ms
[6.925s][info][gc,heap     ] GC(19) Eden regions: 256->0(544)
[6.925s][info][gc,heap     ] GC(19) Survivor regions: 15->23(34)
[6.925s][info][gc,heap     ] GC(19) Old regions: 409->409
[6.925s][info][gc,heap     ] GC(19) Humongous regions: 11->11
[6.925s][info][gc,metaspace] GC(19) Metaspace: 1603K(1728K)->1603K(1728K) NonClass: 1465K(1536K)->1465K(1536K) Class: 137K(192K)->137K(192K)
[6.925s][info][gc          ] GC(19) Pause Young (Normal) (G1 Evacuation Pause) 1380M->884M(2130M) 27.859ms
[6.925s][info][gc,cpu      ] GC(19) User=0.16s Sys=0.00s Real=0.03s
[8.075s][info][gc,start    ] GC(20) Pause Young (Normal) (G1 Evacuation Pause)
[8.075s][info][gc,task     ] GC(20) Using 10 workers of 10 for evacuation
[8.114s][info][gc,phases   ] GC(20)   Pre Evacuate Collection Set: 0.3ms
[8.114s][info][gc,phases   ] GC(20)   Merge Heap Roots: 0.3ms
[8.114s][info][gc,phases   ] GC(20)   Evacuate Collection Set: 37.2ms
[8.114s][info][gc,phases   ] GC(20)   Post Evacuate Collection Set: 0.7ms
[8.114s][info][gc,phases   ] GC(20)   Other: 0.1ms
[8.114s][info][gc,heap     ] GC(20) Eden regions: 544->0(515)
[8.114s][info][gc,heap     ] GC(20) Survivor regions: 23->38(71)
[8.114s][info][gc,heap     ] GC(20) Old regions: 409->409
[8.114s][info][gc,heap     ] GC(20) Humongous regions: 11->11
[8.114s][info][gc,metaspace] GC(20) Metaspace: 1603K(1728K)->1603K(1728K) NonClass: 1465K(1536K)->1465K(1536K) Class: 137K(192K)->137K(192K)
[8.114s][info][gc          ] GC(20) Pause Young (Normal) (G1 Evacuation Pause) 1972M->913M(2130M) 38.850ms
[8.114s][info][gc,cpu      ] GC(20) User=0.27s Sys=0.03s Real=0.04s
[9.360s][info][gc,start    ] GC(21) Pause Young (Normal) (G1 Evacuation Pause)
[9.361s][info][gc,task     ] GC(21) Using 10 workers of 10 for evacuation
[9.406s][info][gc,phases   ] GC(21)   Pre Evacuate Collection Set: 0.2ms
[9.406s][info][gc,phases   ] GC(21)   Merge Heap Roots: 0.3ms
[9.406s][info][gc,phases   ] GC(21)   Evacuate Collection Set: 44.2ms
[9.406s][info][gc,phases   ] GC(21)   Post Evacuate Collection Set: 0.8ms
[9.406s][info][gc,phases   ] GC(21)   Other: 0.1ms
[9.406s][info][gc,heap     ] GC(21) Eden regions: 515->0(498)
[9.406s][info][gc,heap     ] GC(21) Survivor regions: 38->43(70)
[9.406s][info][gc,heap     ] GC(21) Old regions: 409->416
[9.406s][info][gc,heap     ] GC(21) Humongous regions: 11->11
[9.406s][info][gc,metaspace] GC(21) Metaspace: 1603K(1728K)->1603K(1728K) NonClass: 1465K(1536K)->1465K(1536K) Class: 137K(192K)->137K(192K)
[9.406s][info][gc          ] GC(21) Pause Young (Normal) (G1 Evacuation Pause) 1943M->938M(2130M) 45.868ms
[9.406s][info][gc,cpu      ] GC(21) User=0.45s Sys=0.02s Real=0.05s
[9.668s][info][gc,start    ] GC(22) Pause Young (Normal) (G1 Evacuation Pause)
[9.668s][info][gc,task     ] GC(22) Using 10 workers of 10 for evacuation
[9.719s][info][gc,phases   ] GC(22)   Pre Evacuate Collection Set: 0.2ms
[9.719s][info][gc,phases   ] GC(22)   Merge Heap Roots: 0.8ms
[9.719s][info][gc,phases   ] GC(22)   Evacuate Collection Set: 49.0ms
[9.719s][info][gc,phases   ] GC(22)   Post Evacuate Collection Set: 0.5ms
[9.719s][info][gc,phases   ] GC(22)   Other: 0.1ms
[9.719s][info][gc,heap     ] GC(22) Eden regions: 111->0(514)
[9.719s][info][gc,heap     ] GC(22) Survivor regions: 43->10(20)
[9.719s][info][gc,heap     ] GC(22) Old regions: 416->457
[9.719s][info][gc,heap     ] GC(22) Humongous regions: 20->20
[9.719s][info][gc,metaspace] GC(22) Metaspace: 1603K(1728K)->1603K(1728K) NonClass: 1465K(1536K)->1465K(1536K) Class: 137K(192K)->137K(192K)
[9.719s][info][gc          ] GC(22) Pause Young (Normal) (G1 Evacuation Pause) 1178M->971M(2130M) 50.934ms
[9.719s][info][gc,cpu      ] GC(22) User=0.42s Sys=0.03s Real=0.05s
[10.829s][info][gc,start    ] GC(23) Pause Young (Normal) (G1 Evacuation Pause)
[10.829s][info][gc,task     ] GC(23) Using 10 workers of 10 for evacuation
[10.860s][info][gc,phases   ] GC(23)   Pre Evacuate Collection Set: 0.2ms
[10.860s][info][gc,phases   ] GC(23)   Merge Heap Roots: 0.4ms
[10.860s][info][gc,phases   ] GC(23)   Evacuate Collection Set: 29.4ms
[10.860s][info][gc,phases   ] GC(23)   Post Evacuate Collection Set: 0.7ms
[10.860s][info][gc,phases   ] GC(23)   Other: 0.1ms
[10.860s][info][gc,heap     ] GC(23) Eden regions: 514->0(492)
[10.860s][info][gc,heap     ] GC(23) Survivor regions: 10->21(66)
[10.860s][info][gc,heap     ] GC(23) Old regions: 457->457
[10.860s][info][gc,heap     ] GC(23) Humongous regions: 20->20
[10.860s][info][gc,metaspace] GC(23) Metaspace: 1603K(1728K)->1603K(1728K) NonClass: 1465K(1536K)->1465K(1536K) Class: 137K(192K)->137K(192K)
[10.860s][info][gc          ] GC(23) Pause Young (Normal) (G1 Evacuation Pause) 1999M->993M(2130M) 31.040ms
[10.860s][info][gc,cpu      ] GC(23) User=0.28s Sys=0.03s Real=0.03s
[11.373s][info][gc,start    ] GC(24) Pause Young (Concurrent Start) (G1 Humongous Allocation)
[11.373s][info][gc,task     ] GC(24) Using 10 workers of 10 for evacuation
[11.411s][info][gc,phases   ] GC(24)   Pre Evacuate Collection Set: 0.3ms
[11.411s][info][gc,phases   ] GC(24)   Merge Heap Roots: 0.3ms
[11.411s][info][gc,phases   ] GC(24)   Evacuate Collection Set: 36.1ms
[11.411s][info][gc,phases   ] GC(24)   Post Evacuate Collection Set: 0.7ms
[11.411s][info][gc,phases   ] GC(24)   Other: 0.2ms
[11.411s][info][gc,heap     ] GC(24) Eden regions: 152->0(471)
[11.411s][info][gc,heap     ] GC(24) Survivor regions: 21->30(65)
[11.411s][info][gc,heap     ] GC(24) Old regions: 457->457
[11.411s][info][gc,heap     ] GC(24) Humongous regions: 23->23
[11.411s][info][gc,metaspace] GC(24) Metaspace: 1701K(1920K)->1701K(1920K) NonClass: 1551K(1664K)->1551K(1664K) Class: 149K(256K)->149K(256K)
[11.411s][info][gc          ] GC(24) Pause Young (Concurrent Start) (G1 Humongous Allocation) 1302M->1017M(2130M) 37.918ms
[11.411s][info][gc,cpu      ] GC(24) User=0.31s Sys=0.00s Real=0.04s
[11.411s][info][gc          ] GC(25) Concurrent Mark Cycle
[11.411s][info][gc,marking  ] GC(25) Concurrent Scan Root Regions
[11.437s][info][gc,marking  ] GC(25) Concurrent Scan Root Regions 26.037ms
[11.437s][info][gc,marking  ] GC(25) Concurrent Mark
[11.437s][info][gc,marking  ] GC(25) Concurrent Mark From Roots
[11.437s][info][gc,task     ] GC(25) Using 3 workers of 3 for marking
[11.554s][info][gc,marking  ] GC(25) Concurrent Mark From Roots 117.151ms
[11.554s][info][gc,marking  ] GC(25) Concurrent Preclean
[11.554s][info][gc,marking  ] GC(25) Concurrent Preclean 0.039ms
[11.554s][info][gc,start    ] GC(25) Pause Remark
[11.556s][info][gc          ] GC(25) Pause Remark 1079M->1055M(2130M) 1.775ms
[11.556s][info][gc,cpu      ] GC(25) User=0.00s Sys=0.00s Real=0.00s
[11.556s][info][gc,marking  ] GC(25) Concurrent Mark 119.382ms
[11.556s][info][gc,marking  ] GC(25) Concurrent Rebuild Remembered Sets and Scrub Regions
[11.638s][info][gc,marking  ] GC(25) Concurrent Rebuild Remembered Sets and Scrub Regions 81.140ms
[11.638s][info][gc,start    ] GC(25) Pause Cleanup
[11.638s][info][gc          ] GC(25) Pause Cleanup 1056M->1056M(2130M) 0.576ms
[11.638s][info][gc,cpu      ] GC(25) User=0.00s Sys=0.00s Real=0.00s
[11.639s][info][gc,marking  ] GC(25) Concurrent Clear Claimed Marks
[11.639s][info][gc,marking  ] GC(25) Concurrent Clear Claimed Marks 0.035ms
[11.639s][info][gc,marking  ] GC(25) Concurrent Cleanup for Next Mark
[11.642s][info][gc,marking  ] GC(25) Concurrent Cleanup for Next Mark 3.771ms
[11.642s][info][gc          ] GC(25) Concurrent Mark Cycle 231.626ms
[11.806s][info][gc,heap,exit] Heap
[11.806s][info][gc,heap,exit]  garbage-first heap   total 2181120K, used 1088966K [0x0000000700000000, 0x0000000800000000)
[11.806s][info][gc,heap,exit]   region size 2048K, 47 young (96256K), 30 survivors (61440K)
[11.806s][info][gc,heap,exit]  Metaspace       used 1760K, committed 1920K, reserved 1114112K
[11.806s][info][gc,heap,exit]   class space    used 156K, committed 256K, reserved 1048576K
