[0.011s][info][gc,init] CardTable entry size: 512
[0.011s][info][gc     ] Using G1
[0.023s][info][gc,init] Version: 21.0.5+9-LTS-239 (release)
[0.023s][info][gc,init] CPUs: 12 total, 12 available
[0.023s][info][gc,init] Memory: 16190M
[0.023s][info][gc,init] Large Page Support: Disabled
[0.023s][info][gc,init] NUMA Support: Disabled
[0.023s][info][gc,init] Compressed Oops: Enabled (Zero based)
[0.023s][info][gc,init] Heap Region Size: 2M
[0.023s][info][gc,init] Heap Min Capacity: 2G
[0.023s][info][gc,init] Heap Initial Capacity: 2G
[0.024s][info][gc,init] Heap Max Capacity: 4G
[0.024s][info][gc,init] Pre-touch: Disabled
[0.024s][info][gc,init] Parallel Workers: 10
[0.024s][info][gc,init] Concurrent Workers: 3
[0.024s][info][gc,init] Concurrent Refinement Workers: 10
[0.024s][info][gc,init] Periodic GC: Disabled
[0.041s][info][gc,metaspace] CDS archive(s) mapped at: [0x0000026aa6000000-0x0000026aa6c90000-0x0000026aa6c90000), size 13172736, SharedBaseAddress: 0x0000026aa6000000, ArchiveRelocationMode: 1.
[0.041s][info][gc,metaspace] Compressed class space mapped at: 0x0000026aa7000000-0x0000026ae7000000, reserved size: 1073741824
[0.041s][info][gc,metaspace] Narrow klass base: 0x0000026aa6000000, Narrow klass shift: 0, Narrow klass range: 0x100000000
[0.470s][info][gc,start    ] GC(0) Pause Young (Normal) (G1 Evacuation Pause)
[0.471s][info][gc,task     ] GC(0) Using 10 workers of 10 for evacuation
[0.476s][info][gc,phases   ] GC(0)   Pre Evacuate Collection Set: 0.2ms
[0.476s][info][gc,phases   ] GC(0)   Merge Heap Roots: 0.2ms
[0.476s][info][gc,phases   ] GC(0)   Evacuate Collection Set: 3.7ms
[0.476s][info][gc,phases   ] GC(0)   Post Evacuate Collection Set: 0.5ms
[0.476s][info][gc,phases   ] GC(0)   Other: 0.6ms
[0.476s][info][gc,heap     ] GC(0) Eden regions: 51->0(44)
[0.476s][info][gc,heap     ] GC(0) Survivor regions: 0->7(7)
[0.476s][info][gc,heap     ] GC(0) Old regions: 0->4
[0.476s][info][gc,heap     ] GC(0) Humongous regions: 1->0
[0.476s][info][gc,metaspace] GC(0) Metaspace: 1312K(1472K)->1312K(1472K) NonClass: 1214K(1280K)->1214K(1280K) Class: 97K(192K)->97K(192K)
[0.476s][info][gc          ] GC(0) Pause Young (Normal) (G1 Evacuation Pause) 104M->21M(2048M) 5.557ms
[0.476s][info][gc,cpu      ] GC(0) User=0.00s Sys=0.00s Real=0.01s
[0.568s][info][gc,start    ] GC(1) Pause Young (Normal) (G1 Evacuation Pause)
[0.568s][info][gc,task     ] GC(1) Using 10 workers of 10 for evacuation
[0.573s][info][gc,phases   ] GC(1)   Pre Evacuate Collection Set: 0.2ms
[0.573s][info][gc,phases   ] GC(1)   Merge Heap Roots: 0.1ms
[0.573s][info][gc,phases   ] GC(1)   Evacuate Collection Set: 4.0ms
[0.573s][info][gc,phases   ] GC(1)   Post Evacuate Collection Set: 0.4ms
[0.573s][info][gc,phases   ] GC(1)   Other: 0.1ms
[0.573s][info][gc,heap     ] GC(1) Eden regions: 44->0(44)
[0.573s][info][gc,heap     ] GC(1) Survivor regions: 7->7(7)
[0.573s][info][gc,heap     ] GC(1) Old regions: 4->13
[0.573s][info][gc,heap     ] GC(1) Humongous regions: 0->0
[0.573s][info][gc,metaspace] GC(1) Metaspace: 1314K(1472K)->1314K(1472K) NonClass: 1216K(1280K)->1216K(1280K) Class: 97K(192K)->97K(192K)
[0.573s][info][gc          ] GC(1) Pause Young (Normal) (G1 Evacuation Pause) 109M->38M(2048M) 5.037ms
[0.573s][info][gc,cpu      ] GC(1) User=0.00s Sys=0.00s Real=0.00s
[0.636s][info][gc,start    ] GC(2) Pause Young (Normal) (G1 Evacuation Pause)
[0.636s][info][gc,task     ] GC(2) Using 10 workers of 10 for evacuation
[0.641s][info][gc,phases   ] GC(2)   Pre Evacuate Collection Set: 0.2ms
[0.641s][info][gc,phases   ] GC(2)   Merge Heap Roots: 0.1ms
[0.641s][info][gc,phases   ] GC(2)   Evacuate Collection Set: 4.5ms
[0.641s][info][gc,phases   ] GC(2)   Post Evacuate Collection Set: 0.4ms
[0.641s][info][gc,phases   ] GC(2)   Other: 0.1ms
[0.641s][info][gc,heap     ] GC(2) Eden regions: 44->0(44)
[0.641s][info][gc,heap     ] GC(2) Survivor regions: 7->7(7)
[0.641s][info][gc,heap     ] GC(2) Old regions: 13->21
[0.641s][info][gc,heap     ] GC(2) Humongous regions: 0->0
[0.641s][info][gc,metaspace] GC(2) Metaspace: 1315K(1472K)->1315K(1472K) NonClass: 1218K(1280K)->1218K(1280K) Class: 97K(192K)->97K(192K)
[0.641s][info][gc          ] GC(2) Pause Young (Normal) (G1 Evacuation Pause) 126M->55M(2048M) 5.613ms
[0.641s][info][gc,cpu      ] GC(2) User=0.05s Sys=0.14s Real=0.01s
[0.705s][info][gc,start    ] GC(3) Pause Young (Normal) (G1 Evacuation Pause)
[0.705s][info][gc,task     ] GC(3) Using 10 workers of 10 for evacuation
[0.710s][info][gc,phases   ] GC(3)   Pre Evacuate Collection Set: 0.2ms
[0.710s][info][gc,phases   ] GC(3)   Merge Heap Roots: 0.1ms
[0.710s][info][gc,phases   ] GC(3)   Evacuate Collection Set: 4.0ms
[0.710s][info][gc,phases   ] GC(3)   Post Evacuate Collection Set: 0.5ms
[0.710s][info][gc,phases   ] GC(3)   Other: 0.1ms
[0.710s][info][gc,heap     ] GC(3) Eden regions: 44->0(59)
[0.710s][info][gc,heap     ] GC(3) Survivor regions: 7->7(7)
[0.710s][info][gc,heap     ] GC(3) Old regions: 21->30
[0.710s][info][gc,heap     ] GC(3) Humongous regions: 0->0
[0.710s][info][gc,metaspace] GC(3) Metaspace: 1315K(1472K)->1315K(1472K) NonClass: 1218K(1280K)->1218K(1280K) Class: 97K(192K)->97K(192K)
[0.710s][info][gc          ] GC(3) Pause Young (Normal) (G1 Evacuation Pause) 143M->72M(2048M) 5.121ms
[0.710s][info][gc,cpu      ] GC(3) User=0.00s Sys=0.00s Real=0.01s
[0.804s][info][gc,start    ] GC(4) Pause Young (Normal) (G1 Evacuation Pause)
[0.804s][info][gc,task     ] GC(4) Using 10 workers of 10 for evacuation
[0.810s][info][gc,phases   ] GC(4)   Pre Evacuate Collection Set: 0.3ms
[0.810s][info][gc,phases   ] GC(4)   Merge Heap Roots: 0.2ms
[0.810s][info][gc,phases   ] GC(4)   Evacuate Collection Set: 5.2ms
[0.810s][info][gc,phases   ] GC(4)   Post Evacuate Collection Set: 0.6ms
[0.810s][info][gc,phases   ] GC(4)   Other: 0.1ms
[0.810s][info][gc,heap     ] GC(4) Eden regions: 59->0(72)
[0.810s][info][gc,heap     ] GC(4) Survivor regions: 7->9(9)
[0.810s][info][gc,heap     ] GC(4) Old regions: 30->39
[0.810s][info][gc,heap     ] GC(4) Humongous regions: 0->0
[0.811s][info][gc,metaspace] GC(4) Metaspace: 1316K(1472K)->1316K(1472K) NonClass: 1219K(1280K)->1219K(1280K) Class: 97K(192K)->97K(192K)
[0.811s][info][gc          ] GC(4) Pause Young (Normal) (G1 Evacuation Pause) 190M->95M(2048M) 6.558ms
[0.811s][info][gc,cpu      ] GC(4) User=0.09s Sys=0.06s Real=0.01s
[0.905s][info][gc,start    ] GC(5) Pause Young (Normal) (G1 Evacuation Pause)
[0.905s][info][gc,task     ] GC(5) Using 10 workers of 10 for evacuation
[0.913s][info][gc,phases   ] GC(5)   Pre Evacuate Collection Set: 0.3ms
[0.913s][info][gc,phases   ] GC(5)   Merge Heap Roots: 0.1ms
[0.913s][info][gc,phases   ] GC(5)   Evacuate Collection Set: 6.7ms
[0.913s][info][gc,phases   ] GC(5)   Post Evacuate Collection Set: 0.6ms
[0.913s][info][gc,phases   ] GC(5)   Other: 0.1ms
[0.913s][info][gc,heap     ] GC(5) Eden regions: 72->0(116)
[0.913s][info][gc,heap     ] GC(5) Survivor regions: 9->11(11)
[0.913s][info][gc,heap     ] GC(5) Old regions: 39->52
[0.913s][info][gc,heap     ] GC(5) Humongous regions: 0->0
[0.913s][info][gc,metaspace] GC(5) Metaspace: 1316K(1472K)->1316K(1472K) NonClass: 1219K(1280K)->1219K(1280K) Class: 97K(192K)->97K(192K)
[0.913s][info][gc          ] GC(5) Pause Young (Normal) (G1 Evacuation Pause) 239M->124M(2048M) 7.925ms
[0.913s][info][gc,cpu      ] GC(5) User=0.00s Sys=0.00s Real=0.01s
[1.078s][info][gc,start    ] GC(6) Pause Young (Normal) (G1 Evacuation Pause)
[1.078s][info][gc,task     ] GC(6) Using 10 workers of 10 for evacuation
[1.088s][info][gc,phases   ] GC(6)   Pre Evacuate Collection Set: 0.3ms
[1.088s][info][gc,phases   ] GC(6)   Merge Heap Roots: 0.2ms
[1.088s][info][gc,phases   ] GC(6)   Evacuate Collection Set: 9.3ms
[1.088s][info][gc,phases   ] GC(6)   Post Evacuate Collection Set: 0.6ms
[1.088s][info][gc,phases   ] GC(6)   Other: 0.1ms
[1.088s][info][gc,heap     ] GC(6) Eden regions: 116->0(115)
[1.088s][info][gc,heap     ] GC(6) Survivor regions: 11->16(16)
[1.088s][info][gc,heap     ] GC(6) Old regions: 52->70
[1.088s][info][gc,heap     ] GC(6) Humongous regions: 1->0
[1.088s][info][gc,metaspace] GC(6) Metaspace: 1316K(1472K)->1316K(1472K) NonClass: 1219K(1280K)->1219K(1280K) Class: 97K(192K)->97K(192K)
[1.088s][info][gc          ] GC(6) Pause Young (Normal) (G1 Evacuation Pause) 358M->170M(2048M) 10.721ms
[1.088s][info][gc,cpu      ] GC(6) User=0.00s Sys=0.00s Real=0.01s
[1.231s][info][gc,start    ] GC(7) Pause Young (Normal) (G1 Evacuation Pause)
[1.231s][info][gc,task     ] GC(7) Using 10 workers of 10 for evacuation
[1.243s][info][gc,phases   ] GC(7)   Pre Evacuate Collection Set: 0.3ms
[1.243s][info][gc,phases   ] GC(7)   Merge Heap Roots: 0.1ms
[1.243s][info][gc,phases   ] GC(7)   Evacuate Collection Set: 10.6ms
[1.243s][info][gc,phases   ] GC(7)   Post Evacuate Collection Set: 0.6ms
[1.243s][info][gc,phases   ] GC(7)   Other: 0.1ms
[1.243s][info][gc,heap     ] GC(7) Eden regions: 115->0(141)
[1.243s][info][gc,heap     ] GC(7) Survivor regions: 16->17(17)
[1.243s][info][gc,heap     ] GC(7) Old regions: 70->92
[1.243s][info][gc,heap     ] GC(7) Humongous regions: 0->0
[1.243s][info][gc,metaspace] GC(7) Metaspace: 1316K(1472K)->1316K(1472K) NonClass: 1219K(1280K)->1219K(1280K) Class: 97K(192K)->97K(192K)
[1.243s][info][gc          ] GC(7) Pause Young (Normal) (G1 Evacuation Pause) 400M->216M(2048M) 11.871ms
[1.243s][info][gc,cpu      ] GC(7) User=0.00s Sys=0.02s Real=0.01s
[1.419s][info][gc,start    ] GC(8) Pause Young (Normal) (G1 Evacuation Pause)
[1.419s][info][gc,task     ] GC(8) Using 10 workers of 10 for evacuation
[1.433s][info][gc,phases   ] GC(8)   Pre Evacuate Collection Set: 0.3ms
[1.433s][info][gc,phases   ] GC(8)   Merge Heap Roots: 0.1ms
[1.433s][info][gc,phases   ] GC(8)   Evacuate Collection Set: 13.4ms
[1.433s][info][gc,phases   ] GC(8)   Post Evacuate Collection Set: 0.7ms
[1.433s][info][gc,phases   ] GC(8)   Other: 0.1ms
[1.433s][info][gc,heap     ] GC(8) Eden regions: 141->0(190)
[1.433s][info][gc,heap     ] GC(8) Survivor regions: 17->20(20)
[1.434s][info][gc,heap     ] GC(8) Old regions: 92->116
[1.434s][info][gc,heap     ] GC(8) Humongous regions: 1->0
[1.434s][info][gc,metaspace] GC(8) Metaspace: 1316K(1472K)->1316K(1472K) NonClass: 1219K(1280K)->1219K(1280K) Class: 97K(192K)->97K(192K)
[1.434s][info][gc          ] GC(8) Pause Young (Normal) (G1 Evacuation Pause) 500M->270M(2048M) 14.816ms
[1.434s][info][gc,cpu      ] GC(8) User=0.02s Sys=0.00s Real=0.02s
[1.685s][info][gc,start    ] GC(9) Pause Young (Normal) (G1 Evacuation Pause)
[1.685s][info][gc,task     ] GC(9) Using 10 workers of 10 for evacuation
[1.703s][info][gc,phases   ] GC(9)   Pre Evacuate Collection Set: 0.3ms
[1.703s][info][gc,phases   ] GC(9)   Merge Heap Roots: 0.2ms
[1.703s][info][gc,phases   ] GC(9)   Evacuate Collection Set: 16.3ms
[1.703s][info][gc,phases   ] GC(9)   Post Evacuate Collection Set: 0.7ms
[1.703s][info][gc,phases   ] GC(9)   Other: 0.1ms
[1.703s][info][gc,heap     ] GC(9) Eden regions: 190->0(204)
[1.703s][info][gc,heap     ] GC(9) Survivor regions: 20->27(27)
[1.703s][info][gc,heap     ] GC(9) Old regions: 116->147
[1.703s][info][gc,heap     ] GC(9) Humongous regions: 0->0
[1.703s][info][gc,metaspace] GC(9) Metaspace: 1316K(1472K)->1316K(1472K) NonClass: 1219K(1280K)->1219K(1280K) Class: 97K(192K)->97K(192K)
[1.703s][info][gc          ] GC(9) Pause Young (Normal) (G1 Evacuation Pause) 650M->346M(2048M) 17.903ms
[1.703s][info][gc,cpu      ] GC(9) User=0.08s Sys=0.08s Real=0.02s
[1.947s][info][gc,start    ] GC(10) Pause Young (Normal) (G1 Evacuation Pause)
[1.947s][info][gc,task     ] GC(10) Using 10 workers of 10 for evacuation
[1.969s][info][gc,phases   ] GC(10)   Pre Evacuate Collection Set: 0.3ms
[1.969s][info][gc,phases   ] GC(10)   Merge Heap Roots: 0.2ms
[1.969s][info][gc,phases   ] GC(10)   Evacuate Collection Set: 20.7ms
[1.969s][info][gc,phases   ] GC(10)   Post Evacuate Collection Set: 0.7ms
[1.969s][info][gc,phases   ] GC(10)   Other: 0.1ms
[1.969s][info][gc,heap     ] GC(10) Eden regions: 204->0(247)
[1.969s][info][gc,heap     ] GC(10) Survivor regions: 27->29(29)
[1.969s][info][gc,heap     ] GC(10) Old regions: 147->184
[1.969s][info][gc,heap     ] GC(10) Humongous regions: 0->0
[1.969s][info][gc,metaspace] GC(10) Metaspace: 1316K(1472K)->1316K(1472K) NonClass: 1219K(1280K)->1219K(1280K) Class: 97K(192K)->97K(192K)
[1.969s][info][gc          ] GC(10) Pause Young (Normal) (G1 Evacuation Pause) 754M->425M(2048M) 22.157ms
[1.969s][info][gc,cpu      ] GC(10) User=0.17s Sys=0.14s Real=0.02s
[2.269s][info][gc,start    ] GC(11) Pause Young (Normal) (G1 Evacuation Pause)
[2.269s][info][gc,task     ] GC(11) Using 10 workers of 10 for evacuation
[2.292s][info][gc,phases   ] GC(11)   Pre Evacuate Collection Set: 0.3ms
[2.292s][info][gc,phases   ] GC(11)   Merge Heap Roots: 0.1ms
[2.292s][info][gc,phases   ] GC(11)   Evacuate Collection Set: 22.0ms
[2.292s][info][gc,phases   ] GC(11)   Post Evacuate Collection Set: 0.7ms
[2.292s][info][gc,phases   ] GC(11)   Other: 0.1ms
[2.292s][info][gc,heap     ] GC(11) Eden regions: 247->0(322)
[2.292s][info][gc,heap     ] GC(11) Survivor regions: 29->35(35)
[2.292s][info][gc,heap     ] GC(11) Old regions: 184->227
[2.292s][info][gc,heap     ] GC(11) Humongous regions: 0->0
[2.292s][info][gc,metaspace] GC(11) Metaspace: 1316K(1472K)->1316K(1472K) NonClass: 1219K(1280K)->1219K(1280K) Class: 97K(192K)->97K(192K)
[2.292s][info][gc          ] GC(11) Pause Young (Normal) (G1 Evacuation Pause) 919M->522M(2048M) 23.408ms
[2.292s][info][gc,cpu      ] GC(11) User=0.06s Sys=0.09s Real=0.02s
[2.706s][info][gc,start    ] GC(12) Pause Young (Normal) (G1 Evacuation Pause)
[2.706s][info][gc,task     ] GC(12) Using 10 workers of 10 for evacuation
[2.739s][info][gc,phases   ] GC(12)   Pre Evacuate Collection Set: 0.3ms
[2.739s][info][gc,phases   ] GC(12)   Merge Heap Roots: 0.1ms
[2.739s][info][gc,phases   ] GC(12)   Evacuate Collection Set: 31.5ms
[2.739s][info][gc,phases   ] GC(12)   Post Evacuate Collection Set: 0.8ms
[2.739s][info][gc,phases   ] GC(12)   Other: 0.1ms
[2.739s][info][gc,heap     ] GC(12) Eden regions: 322->0(369)
[2.739s][info][gc,heap     ] GC(12) Survivor regions: 35->45(45)
[2.739s][info][gc,heap     ] GC(12) Old regions: 227->280
[2.739s][info][gc,heap     ] GC(12) Humongous regions: 3->0
[2.739s][info][gc,metaspace] GC(12) Metaspace: 1316K(1472K)->1316K(1472K) NonClass: 1219K(1280K)->1219K(1280K) Class: 97K(192K)->97K(192K)
[2.739s][info][gc          ] GC(12) Pause Young (Normal) (G1 Evacuation Pause) 1172M->649M(2048M) 33.030ms
[2.739s][info][gc,cpu      ] GC(12) User=0.06s Sys=0.25s Real=0.03s
[3.215s][info][gc,start    ] GC(13) Pause Young (Normal) (G1 Evacuation Pause)
[3.215s][info][gc,task     ] GC(13) Using 10 workers of 10 for evacuation
[3.247s][info][gc,phases   ] GC(13)   Pre Evacuate Collection Set: 0.3ms
[3.247s][info][gc,phases   ] GC(13)   Merge Heap Roots: 0.1ms
[3.247s][info][gc,phases   ] GC(13)   Evacuate Collection Set: 31.0ms
[3.247s][info][gc,phases   ] GC(13)   Post Evacuate Collection Set: 0.7ms
[3.247s][info][gc,phases   ] GC(13)   Other: 0.1ms
[3.247s][info][gc,heap     ] GC(13) Eden regions: 369->0(387)
[3.247s][info][gc,heap     ] GC(13) Survivor regions: 45->52(52)
[3.247s][info][gc,heap     ] GC(13) Old regions: 280->346
[3.247s][info][gc,heap     ] GC(13) Humongous regions: 8->0
[3.247s][info][gc,metaspace] GC(13) Metaspace: 1316K(1472K)->1316K(1472K) NonClass: 1219K(1280K)->1219K(1280K) Class: 97K(192K)->97K(192K)
[3.247s][info][gc          ] GC(13) Pause Young (Normal) (G1 Evacuation Pause) 1403M->794M(2048M) 32.377ms
[3.247s][info][gc,cpu      ] GC(13) User=0.03s Sys=0.36s Real=0.03s
[3.714s][info][gc,start    ] GC(14) Pause Young (Normal) (G1 Evacuation Pause)
[3.714s][info][gc,task     ] GC(14) Using 10 workers of 10 for evacuation
[3.752s][info][gc,phases   ] GC(14)   Pre Evacuate Collection Set: 0.3ms
[3.752s][info][gc,phases   ] GC(14)   Merge Heap Roots: 0.1ms
[3.752s][info][gc,phases   ] GC(14)   Evacuate Collection Set: 36.1ms
[3.752s][info][gc,phases   ] GC(14)   Post Evacuate Collection Set: 0.8ms
[3.752s][info][gc,phases   ] GC(14)   Other: 0.1ms
[3.752s][info][gc,heap     ] GC(14) Eden regions: 387->0(356)
[3.752s][info][gc,heap     ] GC(14) Survivor regions: 52->55(55)
[3.752s][info][gc,heap     ] GC(14) Old regions: 346->420
[3.752s][info][gc,heap     ] GC(14) Humongous regions: 4->0
[3.752s][info][gc,metaspace] GC(14) Metaspace: 1316K(1472K)->1316K(1472K) NonClass: 1219K(1280K)->1219K(1280K) Class: 97K(192K)->97K(192K)
[3.752s][info][gc          ] GC(14) Pause Young (Normal) (G1 Evacuation Pause) 1576M->949M(2048M) 37.676ms
[3.752s][info][gc,cpu      ] GC(14) User=0.09s Sys=0.38s Real=0.04s
[4.184s][info][gc,start    ] GC(15) Pause Young (Normal) (G1 Evacuation Pause)
[4.184s][info][gc,task     ] GC(15) Using 10 workers of 10 for evacuation
[4.212s][info][gc,phases   ] GC(15)   Pre Evacuate Collection Set: 0.3ms
[4.213s][info][gc,phases   ] GC(15)   Merge Heap Roots: 0.1ms
[4.213s][info][gc,phases   ] GC(15)   Evacuate Collection Set: 26.9ms
[4.213s][info][gc,phases   ] GC(15)   Post Evacuate Collection Set: 0.8ms
[4.213s][info][gc,phases   ] GC(15)   Other: 0.1ms
[4.213s][info][gc,heap     ] GC(15) Eden regions: 356->0(320)
[4.213s][info][gc,heap     ] GC(15) Survivor regions: 55->52(52)
[4.213s][info][gc,heap     ] GC(15) Old regions: 420->494
[4.213s][info][gc,heap     ] GC(15) Humongous regions: 5->0
[4.213s][info][gc,metaspace] GC(15) Metaspace: 1317K(1472K)->1317K(1472K) NonClass: 1220K(1280K)->1220K(1280K) Class: 97K(192K)->97K(192K)
[4.213s][info][gc          ] GC(15) Pause Young (Normal) (G1 Evacuation Pause) 1671M->1090M(2048M) 28.451ms
[4.213s][info][gc,cpu      ] GC(15) User=0.08s Sys=0.09s Real=0.03s
[4.600s][info][gc,start    ] GC(16) Pause Young (Concurrent Start) (G1 Evacuation Pause)
[4.600s][info][gc,task     ] GC(16) Using 10 workers of 10 for evacuation
[4.629s][info][gc,phases   ] GC(16)   Pre Evacuate Collection Set: 0.3ms
[4.629s][info][gc,phases   ] GC(16)   Merge Heap Roots: 0.1ms
[4.629s][info][gc,phases   ] GC(16)   Evacuate Collection Set: 27.8ms
[4.629s][info][gc,phases   ] GC(16)   Post Evacuate Collection Set: 0.7ms
[4.629s][info][gc,phases   ] GC(16)   Other: 0.1ms
[4.629s][info][gc,heap     ] GC(16) Eden regions: 320->0(279)
[4.629s][info][gc,heap     ] GC(16) Survivor regions: 52->47(47)
[4.629s][info][gc,heap     ] GC(16) Old regions: 494->562
[4.629s][info][gc,heap     ] GC(16) Humongous regions: 0->0
[4.629s][info][gc,metaspace] GC(16) Metaspace: 1317K(1472K)->1317K(1472K) NonClass: 1220K(1280K)->1220K(1280K) Class: 97K(192K)->97K(192K)
[4.629s][info][gc          ] GC(16) Pause Young (Concurrent Start) (G1 Evacuation Pause) 1730M->1217M(2048M) 29.258ms
[4.630s][info][gc,cpu      ] GC(16) User=0.09s Sys=0.20s Real=0.03s
[4.630s][info][gc          ] GC(17) Concurrent Mark Cycle
[4.630s][info][gc,marking  ] GC(17) Concurrent Scan Root Regions
[4.632s][info][gc,marking  ] GC(17) Concurrent Scan Root Regions 2.248ms
[4.632s][info][gc,marking  ] GC(17) Concurrent Mark
[4.632s][info][gc,marking  ] GC(17) Concurrent Mark From Roots
[4.632s][info][gc,task     ] GC(17) Using 3 workers of 3 for marking
[4.638s][info][gc,marking  ] GC(17) Concurrent Mark From Roots 5.893ms
[4.638s][info][gc,marking  ] GC(17) Concurrent Preclean
[4.638s][info][gc,marking  ] GC(17) Concurrent Preclean 0.036ms
[4.638s][info][gc,start    ] GC(17) Pause Remark
[4.640s][info][gc          ] GC(17) Pause Remark 1229M->1229M(2054M) 2.060ms
[4.640s][info][gc,cpu      ] GC(17) User=0.00s Sys=0.00s Real=0.00s
[4.640s][info][gc,marking  ] GC(17) Concurrent Mark 8.313ms
[4.640s][info][gc,marking  ] GC(17) Concurrent Rebuild Remembered Sets and Scrub Regions
[4.641s][info][gc,marking  ] GC(17) Concurrent Rebuild Remembered Sets and Scrub Regions 1.224ms
[4.642s][info][gc,start    ] GC(17) Pause Cleanup
[4.642s][info][gc          ] GC(17) Pause Cleanup 1232M->1232M(2054M) 0.242ms
[4.642s][info][gc,cpu      ] GC(17) User=0.00s Sys=0.00s Real=0.00s
[4.642s][info][gc,marking  ] GC(17) Concurrent Clear Claimed Marks
[4.642s][info][gc,marking  ] GC(17) Concurrent Clear Claimed Marks 0.026ms
[4.642s][info][gc,marking  ] GC(17) Concurrent Cleanup for Next Mark
[4.645s][info][gc,marking  ] GC(17) Concurrent Cleanup for Next Mark 3.021ms
[4.645s][info][gc          ] GC(17) Concurrent Mark Cycle 15.451ms
[4.977s][info][gc,start    ] GC(18) Pause Young (Prepare Mixed) (G1 Evacuation Pause)
[4.977s][info][gc,task     ] GC(18) Using 10 workers of 10 for evacuation
[4.998s][info][gc,phases   ] GC(18)   Pre Evacuate Collection Set: 0.2ms
[4.998s][info][gc,phases   ] GC(18)   Merge Heap Roots: 0.1ms
[4.998s][info][gc,phases   ] GC(18)   Evacuate Collection Set: 19.9ms
[4.998s][info][gc,phases   ] GC(18)   Post Evacuate Collection Set: 0.8ms
[4.998s][info][gc,phases   ] GC(18)   Other: 0.1ms
[4.998s][info][gc,heap     ] GC(18) Eden regions: 279->0(244)
[4.998s][info][gc,heap     ] GC(18) Survivor regions: 47->41(41)
[4.998s][info][gc,heap     ] GC(18) Old regions: 562->623
[4.998s][info][gc,heap     ] GC(18) Humongous regions: 2->0
[4.998s][info][gc,metaspace] GC(18) Metaspace: 1317K(1472K)->1317K(1472K) NonClass: 1220K(1280K)->1220K(1280K) Class: 97K(192K)->97K(192K)
[4.998s][info][gc          ] GC(18) Pause Young (Prepare Mixed) (G1 Evacuation Pause) 1779M->1327M(2054M) 21.427ms
[4.998s][info][gc,cpu      ] GC(18) User=0.06s Sys=0.09s Real=0.02s
[5.297s][info][gc,start    ] GC(19) Pause Young (Mixed) (G1 Evacuation Pause)
[5.297s][info][gc,task     ] GC(19) Using 10 workers of 10 for evacuation
[5.316s][info][gc,phases   ] GC(19)   Pre Evacuate Collection Set: 0.3ms
[5.316s][info][gc,phases   ] GC(19)   Merge Heap Roots: 0.1ms
[5.316s][info][gc,phases   ] GC(19)   Evacuate Collection Set: 18.2ms
[5.316s][info][gc,phases   ] GC(19)   Post Evacuate Collection Set: 0.7ms
[5.316s][info][gc,phases   ] GC(19)   Other: 0.1ms
[5.316s][info][gc,heap     ] GC(19) Eden regions: 244->0(213)
[5.316s][info][gc,heap     ] GC(19) Survivor regions: 41->36(36)
[5.316s][info][gc,heap     ] GC(19) Old regions: 623->674
[5.316s][info][gc,heap     ] GC(19) Humongous regions: 2->0
[5.317s][info][gc,metaspace] GC(19) Metaspace: 1317K(1472K)->1317K(1472K) NonClass: 1220K(1280K)->1220K(1280K) Class: 97K(192K)->97K(192K)
[5.317s][info][gc          ] GC(19) Pause Young (Mixed) (G1 Evacuation Pause) 1819M->1419M(2054M) 19.636ms
[5.317s][info][gc,cpu      ] GC(19) User=0.11s Sys=0.05s Real=0.02s
[5.320s][info][gc,start    ] GC(20) Pause Young (Concurrent Start) (G1 Humongous Allocation)
[5.320s][info][gc,task     ] GC(20) Using 10 workers of 10 for evacuation
[5.329s][info][gc,phases   ] GC(20)   Pre Evacuate Collection Set: 0.3ms
[5.329s][info][gc,phases   ] GC(20)   Merge Heap Roots: 0.2ms
[5.329s][info][gc,phases   ] GC(20)   Evacuate Collection Set: 7.5ms
[5.329s][info][gc,phases   ] GC(20)   Post Evacuate Collection Set: 0.6ms
[5.329s][info][gc,phases   ] GC(20)   Other: 0.2ms
[5.329s][info][gc,heap     ] GC(20) Eden regions: 4->0(221)
[5.329s][info][gc,heap     ] GC(20) Survivor regions: 36->1(32)
[5.329s][info][gc,heap     ] GC(20) Old regions: 674->710
[5.329s][info][gc,heap     ] GC(20) Humongous regions: 0->0
[5.329s][info][gc,metaspace] GC(20) Metaspace: 1317K(1472K)->1317K(1472K) NonClass: 1220K(1280K)->1220K(1280K) Class: 97K(192K)->97K(192K)
[5.329s][info][gc          ] GC(20) Pause Young (Concurrent Start) (G1 Humongous Allocation) 1425M->1420M(2054M) 8.962ms
[5.329s][info][gc,cpu      ] GC(20) User=0.09s Sys=0.06s Real=0.01s
[5.329s][info][gc          ] GC(21) Concurrent Mark Cycle
[5.329s][info][gc,marking  ] GC(21) Concurrent Scan Root Regions
[5.330s][info][gc,marking  ] GC(21) Concurrent Scan Root Regions 0.251ms
[5.330s][info][gc,marking  ] GC(21) Concurrent Mark
[5.330s][info][gc,marking  ] GC(21) Concurrent Mark From Roots
[5.330s][info][gc,task     ] GC(21) Using 3 workers of 3 for marking
[5.334s][info][gc,marking  ] GC(21) Concurrent Mark From Roots 3.783ms
[5.334s][info][gc,marking  ] GC(21) Concurrent Preclean
[5.334s][info][gc,marking  ] GC(21) Concurrent Preclean 0.013ms
[5.334s][info][gc,start    ] GC(21) Pause Remark
[5.336s][info][gc          ] GC(21) Pause Remark 1428M->1428M(2384M) 2.498ms
[5.336s][info][gc,cpu      ] GC(21) User=0.00s Sys=0.00s Real=0.00s
[5.336s][info][gc,marking  ] GC(21) Concurrent Mark 6.569ms
[5.336s][info][gc,marking  ] GC(21) Concurrent Rebuild Remembered Sets and Scrub Regions
[5.338s][info][gc,marking  ] GC(21) Concurrent Rebuild Remembered Sets and Scrub Regions 1.366ms
[5.338s][info][gc,start    ] GC(21) Pause Cleanup
[5.338s][info][gc          ] GC(21) Pause Cleanup 1430M->1430M(2384M) 0.271ms
[5.338s][info][gc,cpu      ] GC(21) User=0.00s Sys=0.00s Real=0.00s
[5.338s][info][gc,marking  ] GC(21) Concurrent Clear Claimed Marks
[5.338s][info][gc,marking  ] GC(21) Concurrent Clear Claimed Marks 0.025ms
[5.338s][info][gc,marking  ] GC(21) Concurrent Cleanup for Next Mark
[5.342s][info][gc,marking  ] GC(21) Concurrent Cleanup for Next Mark 3.588ms
[5.342s][info][gc          ] GC(21) Concurrent Mark Cycle 12.395ms
[5.679s][info][gc,start    ] GC(22) Pause Young (Prepare Mixed) (G1 Evacuation Pause)
[5.679s][info][gc,task     ] GC(22) Using 10 workers of 10 for evacuation
[5.689s][info][gc,phases   ] GC(22)   Pre Evacuate Collection Set: 0.3ms
[5.689s][info][gc,phases   ] GC(22)   Merge Heap Roots: 0.1ms
[5.689s][info][gc,phases   ] GC(22)   Evacuate Collection Set: 8.9ms
[5.689s][info][gc,phases   ] GC(22)   Post Evacuate Collection Set: 0.6ms
[5.689s][info][gc,phases   ] GC(22)   Other: 0.1ms
[5.689s][info][gc,heap     ] GC(22) Eden regions: 221->0(289)
[5.689s][info][gc,heap     ] GC(22) Survivor regions: 1->28(28)
[5.689s][info][gc,heap     ] GC(22) Old regions: 710->728
[5.689s][info][gc,heap     ] GC(22) Humongous regions: 2->0
[5.689s][info][gc,metaspace] GC(22) Metaspace: 1317K(1472K)->1317K(1472K) NonClass: 1220K(1280K)->1220K(1280K) Class: 97K(192K)->97K(192K)
[5.689s][info][gc          ] GC(22) Pause Young (Prepare Mixed) (G1 Evacuation Pause) 1866M->1511M(2384M) 10.315ms
[5.689s][info][gc,cpu      ] GC(22) User=0.14s Sys=0.02s Real=0.01s
[6.042s][info][gc,start    ] GC(23) Pause Young (Mixed) (G1 Evacuation Pause)
[6.042s][info][gc,task     ] GC(23) Using 10 workers of 10 for evacuation
[6.061s][info][gc,phases   ] GC(23)   Pre Evacuate Collection Set: 0.3ms
[6.061s][info][gc,phases   ] GC(23)   Merge Heap Roots: 0.1ms
[6.061s][info][gc,phases   ] GC(23)   Evacuate Collection Set: 17.3ms
[6.061s][info][gc,phases   ] GC(23)   Post Evacuate Collection Set: 0.7ms
[6.061s][info][gc,phases   ] GC(23)   Other: 0.1ms
[6.061s][info][gc,heap     ] GC(23) Eden regions: 289->0(255)
[6.061s][info][gc,heap     ] GC(23) Survivor regions: 28->40(40)
[6.061s][info][gc,heap     ] GC(23) Old regions: 728->773
[6.061s][info][gc,heap     ] GC(23) Humongous regions: 2->0
[6.061s][info][gc,metaspace] GC(23) Metaspace: 1317K(1472K)->1317K(1472K) NonClass: 1220K(1280K)->1220K(1280K) Class: 97K(192K)->97K(192K)
[6.061s][info][gc          ] GC(23) Pause Young (Mixed) (G1 Evacuation Pause) 2093M->1624M(2384M) 18.767ms
[6.061s][info][gc,cpu      ] GC(23) User=0.31s Sys=0.00s Real=0.02s
[6.219s][info][gc,start    ] GC(24) Pause Young (Concurrent Start) (G1 Humongous Allocation)
[6.219s][info][gc,task     ] GC(24) Using 10 workers of 10 for evacuation
[6.233s][info][gc,phases   ] GC(24)   Pre Evacuate Collection Set: 0.3ms
[6.233s][info][gc,phases   ] GC(24)   Merge Heap Roots: 0.1ms
[6.233s][info][gc,phases   ] GC(24)   Evacuate Collection Set: 12.7ms
[6.233s][info][gc,phases   ] GC(24)   Post Evacuate Collection Set: 0.7ms
[6.233s][info][gc,phases   ] GC(24)   Other: 0.2ms
[6.233s][info][gc,heap     ] GC(24) Eden regions: 132->0(240)
[6.233s][info][gc,heap     ] GC(24) Survivor regions: 40->26(37)
[6.234s][info][gc,heap     ] GC(24) Old regions: 773->812
[6.234s][info][gc,heap     ] GC(24) Humongous regions: 0->0
[6.234s][info][gc,metaspace] GC(24) Metaspace: 1317K(1472K)->1317K(1472K) NonClass: 1220K(1280K)->1220K(1280K) Class: 97K(192K)->97K(192K)
[6.234s][info][gc          ] GC(24) Pause Young (Concurrent Start) (G1 Humongous Allocation) 1887M->1674M(2384M) 14.220ms
[6.234s][info][gc,cpu      ] GC(24) User=0.16s Sys=0.00s Real=0.01s
[6.234s][info][gc          ] GC(25) Concurrent Mark Cycle
[6.234s][info][gc,marking  ] GC(25) Concurrent Scan Root Regions
[6.235s][info][gc,marking  ] GC(25) Concurrent Scan Root Regions 0.985ms
[6.235s][info][gc,marking  ] GC(25) Concurrent Mark
[6.235s][info][gc,marking  ] GC(25) Concurrent Mark From Roots
[6.235s][info][gc,task     ] GC(25) Using 3 workers of 3 for marking
[6.239s][info][gc,marking  ] GC(25) Concurrent Mark From Roots 4.746ms
[6.239s][info][gc,marking  ] GC(25) Concurrent Preclean
[6.239s][info][gc,marking  ] GC(25) Concurrent Preclean 0.014ms
[6.240s][info][gc,start    ] GC(25) Pause Remark
[6.242s][info][gc          ] GC(25) Pause Remark 1685M->1685M(2814M) 2.591ms
[6.242s][info][gc,cpu      ] GC(25) User=0.00s Sys=0.00s Real=0.00s
[6.242s][info][gc,marking  ] GC(25) Concurrent Mark 7.644ms
[6.242s][info][gc,marking  ] GC(25) Concurrent Rebuild Remembered Sets and Scrub Regions
[6.244s][info][gc,marking  ] GC(25) Concurrent Rebuild Remembered Sets and Scrub Regions 1.661ms
[6.244s][info][gc,start    ] GC(25) Pause Cleanup
[6.244s][info][gc          ] GC(25) Pause Cleanup 1687M->1687M(2814M) 0.295ms
[6.244s][info][gc,cpu      ] GC(25) User=0.00s Sys=0.00s Real=0.00s
[6.245s][info][gc,marking  ] GC(25) Concurrent Clear Claimed Marks
[6.245s][info][gc,marking  ] GC(25) Concurrent Clear Claimed Marks 0.026ms
[6.245s][info][gc,marking  ] GC(25) Concurrent Cleanup for Next Mark
[6.248s][info][gc,marking  ] GC(25) Concurrent Cleanup for Next Mark 3.815ms
[6.248s][info][gc          ] GC(25) Concurrent Mark Cycle 14.788ms
[6.629s][info][gc,start    ] GC(26) Pause Young (Prepare Mixed) (G1 Evacuation Pause)
[6.629s][info][gc,task     ] GC(26) Using 10 workers of 10 for evacuation
[6.645s][info][gc,phases   ] GC(26)   Pre Evacuate Collection Set: 0.3ms
[6.645s][info][gc,phases   ] GC(26)   Merge Heap Roots: 0.1ms
[6.645s][info][gc,phases   ] GC(26)   Evacuate Collection Set: 14.4ms
[6.645s][info][gc,phases   ] GC(26)   Post Evacuate Collection Set: 0.7ms
[6.645s][info][gc,phases   ] GC(26)   Other: 0.1ms
[6.645s][info][gc,heap     ] GC(26) Eden regions: 240->0(336)
[6.645s][info][gc,heap     ] GC(26) Survivor regions: 26->34(34)
[6.645s][info][gc,heap     ] GC(26) Old regions: 812->850
[6.645s][info][gc,heap     ] GC(26) Humongous regions: 2->0
[6.645s][info][gc,metaspace] GC(26) Metaspace: 1317K(1472K)->1317K(1472K) NonClass: 1220K(1280K)->1220K(1280K) Class: 97K(192K)->97K(192K)
[6.645s][info][gc          ] GC(26) Pause Young (Prepare Mixed) (G1 Evacuation Pause) 2158M->1767M(2814M) 15.885ms
[6.645s][info][gc,cpu      ] GC(26) User=0.16s Sys=0.00s Real=0.02s
[7.045s][info][gc,start    ] GC(27) Pause Young (Mixed) (G1 Evacuation Pause)
[7.045s][info][gc,task     ] GC(27) Using 10 workers of 10 for evacuation
[7.067s][info][gc,phases   ] GC(27)   Pre Evacuate Collection Set: 0.3ms
[7.067s][info][gc,phases   ] GC(27)   Merge Heap Roots: 0.1ms
[7.067s][info][gc,phases   ] GC(27)   Evacuate Collection Set: 20.6ms
[7.067s][info][gc,phases   ] GC(27)   Post Evacuate Collection Set: 0.7ms
[7.067s][info][gc,phases   ] GC(27)   Other: 0.1ms
[7.067s][info][gc,heap     ] GC(27) Eden regions: 336->0(300)
[7.067s][info][gc,heap     ] GC(27) Survivor regions: 34->47(47)
[7.067s][info][gc,heap     ] GC(27) Old regions: 850->904
[7.067s][info][gc,heap     ] GC(27) Humongous regions: 5->0
[7.067s][info][gc,metaspace] GC(27) Metaspace: 1317K(1472K)->1317K(1472K) NonClass: 1220K(1280K)->1220K(1280K) Class: 97K(192K)->97K(192K)
[7.067s][info][gc          ] GC(27) Pause Young (Mixed) (G1 Evacuation Pause) 2449M->1900M(2814M) 21.968ms
[7.067s][info][gc,cpu      ] GC(27) User=0.16s Sys=0.00s Real=0.02s
[7.701s][info][gc,start    ] GC(28) Pause Young (Concurrent Start) (G1 Evacuation Pause)
[7.702s][info][gc,task     ] GC(28) Using 10 workers of 10 for evacuation
[7.724s][info][gc,phases   ] GC(28)   Pre Evacuate Collection Set: 0.3ms
[7.724s][info][gc,phases   ] GC(28)   Merge Heap Roots: 0.1ms
[7.724s][info][gc,phases   ] GC(28)   Evacuate Collection Set: 21.2ms
[7.724s][info][gc,phases   ] GC(28)   Post Evacuate Collection Set: 0.5ms
[7.724s][info][gc,phases   ] GC(28)   Other: 0.1ms
[7.724s][info][gc,heap     ] GC(28) Eden regions: 300->0(294)
[7.724s][info][gc,heap     ] GC(28) Survivor regions: 47->26(44)
[7.724s][info][gc,heap     ] GC(28) Old regions: 904->951
[7.724s][info][gc,heap     ] GC(28) Humongous regions: 3->3
[7.724s][info][gc,metaspace] GC(28) Metaspace: 1635K(1856K)->1635K(1856K) NonClass: 1481K(1600K)->1481K(1600K) Class: 154K(256K)->154K(256K)
[7.724s][info][gc          ] GC(28) Pause Young (Concurrent Start) (G1 Evacuation Pause) 2506M->1956M(2814M) 22.484ms
[7.724s][info][gc,cpu      ] GC(28) User=0.16s Sys=0.00s Real=0.02s
[7.724s][info][gc          ] GC(29) Concurrent Mark Cycle
[7.724s][info][gc,marking  ] GC(29) Concurrent Scan Root Regions
[7.731s][info][gc,marking  ] GC(29) Concurrent Scan Root Regions 6.861ms
[7.731s][info][gc,marking  ] GC(29) Concurrent Mark
[7.731s][info][gc,marking  ] GC(29) Concurrent Mark From Roots
[7.731s][info][gc,task     ] GC(29) Using 3 workers of 3 for marking
[7.739s][info][gc,marking  ] GC(29) Concurrent Mark From Roots 7.559ms
[7.739s][info][gc,marking  ] GC(29) Concurrent Preclean
[7.739s][info][gc,marking  ] GC(29) Concurrent Preclean 0.020ms
[7.739s][info][gc,start    ] GC(29) Pause Remark
[7.742s][info][gc          ] GC(29) Pause Remark 1981M->1979M(3308M) 2.837ms
[7.742s][info][gc,cpu      ] GC(29) User=0.00s Sys=0.00s Real=0.00s
[7.742s][info][gc,marking  ] GC(29) Concurrent Mark 10.679ms
[7.742s][info][gc,marking  ] GC(29) Concurrent Rebuild Remembered Sets and Scrub Regions
[7.749s][info][gc,marking  ] GC(29) Concurrent Rebuild Remembered Sets and Scrub Regions 7.734ms
[7.750s][info][gc,start    ] GC(29) Pause Cleanup
[7.750s][info][gc          ] GC(29) Pause Cleanup 1989M->1989M(3308M) 0.322ms
[7.750s][info][gc,cpu      ] GC(29) User=0.00s Sys=0.00s Real=0.00s
[7.750s][info][gc,marking  ] GC(29) Concurrent Clear Claimed Marks
[7.750s][info][gc,marking  ] GC(29) Concurrent Clear Claimed Marks 0.036ms
[7.750s][info][gc,marking  ] GC(29) Concurrent Cleanup for Next Mark
[7.756s][info][gc,marking  ] GC(29) Concurrent Cleanup for Next Mark 5.590ms
[7.756s][info][gc          ] GC(29) Concurrent Mark Cycle 31.618ms
[8.136s][info][gc,start    ] GC(30) Pause Young (Prepare Mixed) (G1 Evacuation Pause)
[8.137s][info][gc,task     ] GC(30) Using 10 workers of 10 for evacuation
[8.158s][info][gc,phases   ] GC(30)   Pre Evacuate Collection Set: 0.2ms
[8.158s][info][gc,phases   ] GC(30)   Merge Heap Roots: 0.2ms
[8.158s][info][gc,phases   ] GC(30)   Evacuate Collection Set: 20.6ms
[8.158s][info][gc,phases   ] GC(30)   Post Evacuate Collection Set: 0.5ms
[8.158s][info][gc,phases   ] GC(30)   Other: 0.1ms
[8.158s][info][gc,heap     ] GC(30) Eden regions: 294->0(460)
[8.158s][info][gc,heap     ] GC(30) Survivor regions: 26->13(40)
[8.158s][info][gc,heap     ] GC(30) Old regions: 951->975
[8.158s][info][gc,heap     ] GC(30) Humongous regions: 5->5
[8.158s][info][gc,metaspace] GC(30) Metaspace: 1635K(1856K)->1635K(1856K) NonClass: 1481K(1600K)->1481K(1600K) Class: 154K(256K)->154K(256K)
[8.158s][info][gc          ] GC(30) Pause Young (Prepare Mixed) (G1 Evacuation Pause) 2548M->1984M(3308M) 21.893ms
[8.158s][info][gc,cpu      ] GC(30) User=0.31s Sys=0.00s Real=0.02s
[8.250s][info][gc,start    ] GC(31) Pause Young (Mixed) (G1 Evacuation Pause)
[8.250s][info][gc,task     ] GC(31) Using 10 workers of 10 for evacuation
[8.265s][info][gc,phases   ] GC(31)   Pre Evacuate Collection Set: 0.2ms
[8.265s][info][gc,phases   ] GC(31)   Merge Heap Roots: 0.4ms
[8.265s][info][gc,phases   ] GC(31)   Evacuate Collection Set: 13.5ms
[8.265s][info][gc,phases   ] GC(31)   Post Evacuate Collection Set: 0.4ms
[8.265s][info][gc,phases   ] GC(31)   Other: 0.1ms
[8.265s][info][gc,heap     ] GC(31) Eden regions: 69->0(462)
[8.265s][info][gc,heap     ] GC(31) Survivor regions: 13->3(11)
[8.265s][info][gc,heap     ] GC(31) Old regions: 975->987
[8.265s][info][gc,heap     ] GC(31) Humongous regions: 5->5
[8.265s][info][gc,metaspace] GC(31) Metaspace: 1635K(1856K)->1635K(1856K) NonClass: 1481K(1600K)->1481K(1600K) Class: 154K(256K)->154K(256K)
[8.265s][info][gc          ] GC(31) Pause Young (Mixed) (G1 Evacuation Pause) 2122M->1988M(3308M) 14.876ms
[8.265s][info][gc,cpu      ] GC(31) User=0.16s Sys=0.00s Real=0.02s
[8.498s][info][gc,start    ] GC(32) Pause Young (Mixed) (G1 Evacuation Pause)
[8.498s][info][gc,task     ] GC(32) Using 10 workers of 10 for evacuation
[8.509s][info][gc,phases   ] GC(32)   Pre Evacuate Collection Set: 0.2ms
[8.509s][info][gc,phases   ] GC(32)   Merge Heap Roots: 0.2ms
[8.509s][info][gc,phases   ] GC(32)   Evacuate Collection Set: 10.1ms
[8.509s][info][gc,phases   ] GC(32)   Post Evacuate Collection Set: 0.4ms
[8.509s][info][gc,phases   ] GC(32)   Other: 0.1ms
[8.509s][info][gc,heap     ] GC(32) Eden regions: 177->0(250)
[8.509s][info][gc,heap     ] GC(32) Survivor regions: 3->9(23)
[8.509s][info][gc,heap     ] GC(32) Old regions: 987->988
[8.509s][info][gc,heap     ] GC(32) Humongous regions: 5->5
[8.509s][info][gc,metaspace] GC(32) Metaspace: 1635K(1856K)->1635K(1856K) NonClass: 1481K(1600K)->1481K(1600K) Class: 154K(256K)->154K(256K)
[8.509s][info][gc          ] GC(32) Pause Young (Mixed) (G1 Evacuation Pause) 2342M->2002M(3308M) 11.260ms
[8.509s][info][gc,cpu      ] GC(32) User=0.00s Sys=0.00s Real=0.01s
[8.599s][info][gc,start    ] GC(33) Pause Young (Mixed) (G1 Evacuation Pause)
[8.599s][info][gc,task     ] GC(33) Using 10 workers of 10 for evacuation
[8.610s][info][gc,phases   ] GC(33)   Pre Evacuate Collection Set: 0.2ms
[8.610s][info][gc,phases   ] GC(33)   Merge Heap Roots: 0.2ms
[8.610s][info][gc,phases   ] GC(33)   Evacuate Collection Set: 10.1ms
[8.610s][info][gc,phases   ] GC(33)   Post Evacuate Collection Set: 0.4ms
[8.610s][info][gc,phases   ] GC(33)   Other: 0.1ms
[8.611s][info][gc,heap     ] GC(33) Eden regions: 73->0(464)
[8.611s][info][gc,heap     ] GC(33) Survivor regions: 9->3(11)
[8.611s][info][gc,heap     ] GC(33) Old regions: 988->996
[8.611s][info][gc,heap     ] GC(33) Humongous regions: 5->5
[8.611s][info][gc,metaspace] GC(33) Metaspace: 1635K(1856K)->1635K(1856K) NonClass: 1481K(1600K)->1481K(1600K) Class: 154K(256K)->154K(256K)
[8.611s][info][gc          ] GC(33) Pause Young (Mixed) (G1 Evacuation Pause) 2148M->2006M(3308M) 11.224ms
[8.611s][info][gc,cpu      ] GC(33) User=0.16s Sys=0.00s Real=0.01s
[9.251s][info][gc,start    ] GC(34) Pause Young (Mixed) (G1 Evacuation Pause)
[9.252s][info][gc,task     ] GC(34) Using 10 workers of 10 for evacuation
[9.277s][info][gc,phases   ] GC(34)   Pre Evacuate Collection Set: 0.2ms
[9.277s][info][gc,phases   ] GC(34)   Merge Heap Roots: 0.4ms
[9.277s][info][gc,phases   ] GC(34)   Evacuate Collection Set: 23.8ms
[9.277s][info][gc,phases   ] GC(34)   Post Evacuate Collection Set: 0.5ms
[9.277s][info][gc,phases   ] GC(34)   Other: 0.1ms
[9.277s][info][gc,heap     ] GC(34) Eden regions: 464->0(496)
[9.277s][info][gc,heap     ] GC(34) Survivor regions: 3->18(59)
[9.277s][info][gc,heap     ] GC(34) Old regions: 996->996
[9.277s][info][gc,heap     ] GC(34) Humongous regions: 10->10
[9.277s][info][gc,metaspace] GC(34) Metaspace: 1656K(1856K)->1656K(1856K) NonClass: 1500K(1600K)->1500K(1600K) Class: 155K(256K)->155K(256K)
[9.277s][info][gc          ] GC(34) Pause Young (Mixed) (G1 Evacuation Pause) 2944M->2046M(3308M) 25.377ms
[9.277s][info][gc,cpu      ] GC(34) User=0.16s Sys=0.00s Real=0.03s
[9.357s][info][gc,start    ] GC(35) Pause Young (Normal) (G1 Evacuation Pause)
[9.357s][info][gc,task     ] GC(35) Using 10 workers of 10 for evacuation
[9.378s][info][gc,phases   ] GC(35)   Pre Evacuate Collection Set: 0.2ms
[9.378s][info][gc,phases   ] GC(35)   Merge Heap Roots: 0.3ms
[9.378s][info][gc,phases   ] GC(35)   Evacuate Collection Set: 19.9ms
[9.378s][info][gc,phases   ] GC(35)   Post Evacuate Collection Set: 0.3ms
[9.378s][info][gc,phases   ] GC(35)   Other: 0.1ms
[9.378s][info][gc,heap     ] GC(35) Eden regions: 64->0(517)
[9.378s][info][gc,heap     ] GC(35) Survivor regions: 18->3(11)
[9.378s][info][gc,heap     ] GC(35) Old regions: 996->1014
[9.378s][info][gc,heap     ] GC(35) Humongous regions: 10->10
[9.378s][info][gc,metaspace] GC(35) Metaspace: 1656K(1856K)->1656K(1856K) NonClass: 1500K(1600K)->1500K(1600K) Class: 155K(256K)->155K(256K)
[9.378s][info][gc          ] GC(35) Pause Young (Normal) (G1 Evacuation Pause) 2174M->2052M(3308M) 21.132ms
[9.378s][info][gc,cpu      ] GC(35) User=0.16s Sys=0.00s Real=0.02s
[9.677s][info][gc,start    ] GC(36) Pause Young (Normal) (G1 Evacuation Pause)
[9.677s][info][gc,task     ] GC(36) Using 10 workers of 10 for evacuation
[9.690s][info][gc,phases   ] GC(36)   Pre Evacuate Collection Set: 0.2ms
[9.690s][info][gc,phases   ] GC(36)   Merge Heap Roots: 0.3ms
[9.690s][info][gc,phases   ] GC(36)   Evacuate Collection Set: 11.4ms
[9.690s][info][gc,phases   ] GC(36)   Post Evacuate Collection Set: 0.5ms
[9.690s][info][gc,phases   ] GC(36)   Other: 0.1ms
[9.690s][info][gc,heap     ] GC(36) Eden regions: 230->0(530)
[9.690s][info][gc,heap     ] GC(36) Survivor regions: 3->8(30)
[9.690s][info][gc,heap     ] GC(36) Old regions: 1014->1014
[9.690s][info][gc,heap     ] GC(36) Humongous regions: 10->10
[9.690s][info][gc,metaspace] GC(36) Metaspace: 1656K(1856K)->1656K(1856K) NonClass: 1500K(1600K)->1500K(1600K) Class: 155K(256K)->155K(256K)
[9.690s][info][gc          ] GC(36) Pause Young (Normal) (G1 Evacuation Pause) 2512M->2062M(3308M) 12.760ms
[9.690s][info][gc,cpu      ] GC(36) User=0.16s Sys=0.00s Real=0.01s
[9.923s][info][gc,start    ] GC(37) Pause Young (Concurrent Start) (G1 Evacuation Pause)
[9.923s][info][gc,task     ] GC(37) Using 10 workers of 10 for evacuation
[9.939s][info][gc,phases   ] GC(37)   Pre Evacuate Collection Set: 0.3ms
[9.939s][info][gc,phases   ] GC(37)   Merge Heap Roots: 0.3ms
[9.939s][info][gc,phases   ] GC(37)   Evacuate Collection Set: 14.6ms
[9.939s][info][gc,phases   ] GC(37)   Post Evacuate Collection Set: 0.4ms
[9.939s][info][gc,phases   ] GC(37)   Other: 0.1ms
[9.939s][info][gc,heap     ] GC(37) Eden regions: 174->0(518)
[9.939s][info][gc,heap     ] GC(37) Survivor regions: 8->14(23)
[9.939s][info][gc,heap     ] GC(37) Old regions: 1014->1014
[9.939s][info][gc,heap     ] GC(37) Humongous regions: 10->10
[9.939s][info][gc,metaspace] GC(37) Metaspace: 1656K(1856K)->1656K(1856K) NonClass: 1500K(1600K)->1500K(1600K) Class: 155K(256K)->155K(256K)
[9.939s][info][gc          ] GC(37) Pause Young (Concurrent Start) (G1 Evacuation Pause) 2410M->2073M(3308M) 15.899ms
[9.939s][info][gc,cpu      ] GC(37) User=0.16s Sys=0.00s Real=0.02s
[9.939s][info][gc          ] GC(38) Concurrent Mark Cycle
[9.939s][info][gc,marking  ] GC(38) Concurrent Scan Root Regions
[9.945s][info][gc,marking  ] GC(38) Concurrent Scan Root Regions 5.740ms
[9.945s][info][gc,marking  ] GC(38) Concurrent Mark
[9.945s][info][gc,marking  ] GC(38) Concurrent Mark From Roots
[9.945s][info][gc,task     ] GC(38) Using 3 workers of 3 for marking
[10.043s][info][gc,marking  ] GC(38) Concurrent Mark From Roots 97.848ms
[10.043s][info][gc,marking  ] GC(38) Concurrent Preclean
[10.043s][info][gc,marking  ] GC(38) Concurrent Preclean 0.029ms
[10.043s][info][gc,start    ] GC(38) Pause Remark
[10.045s][info][gc          ] GC(38) Pause Remark 2196M->2186M(3650M) 2.283ms
[10.045s][info][gc,cpu      ] GC(38) User=0.00s Sys=0.00s Real=0.00s
[10.045s][info][gc,marking  ] GC(38) Concurrent Mark 100.458ms
[10.045s][info][gc,marking  ] GC(38) Concurrent Rebuild Remembered Sets and Scrub Regions
[10.103s][info][gc,marking  ] GC(38) Concurrent Rebuild Remembered Sets and Scrub Regions 58.128ms
[10.104s][info][gc,start    ] GC(38) Pause Cleanup
[10.104s][info][gc          ] GC(38) Pause Cleanup 2253M->2253M(3650M) 0.365ms
[10.104s][info][gc,cpu      ] GC(38) User=0.00s Sys=0.00s Real=0.00s
[10.104s][info][gc,marking  ] GC(38) Concurrent Clear Claimed Marks
[10.104s][info][gc,marking  ] GC(38) Concurrent Clear Claimed Marks 0.043ms
[10.104s][info][gc,marking  ] GC(38) Concurrent Cleanup for Next Mark
[10.110s][info][gc,marking  ] GC(38) Concurrent Cleanup for Next Mark 5.744ms
[10.110s][info][gc          ] GC(38) Concurrent Mark Cycle 170.948ms
[10.218s][info][gc,start    ] GC(39) Pause Young (Prepare Mixed) (G1 Evacuation Pause)
[10.218s][info][gc,task     ] GC(39) Using 10 workers of 10 for evacuation
[10.238s][info][gc,phases   ] GC(39)   Pre Evacuate Collection Set: 0.2ms
[10.238s][info][gc,phases   ] GC(39)   Merge Heap Roots: 0.4ms
[10.238s][info][gc,phases   ] GC(39)   Evacuate Collection Set: 18.8ms
[10.238s][info][gc,phases   ] GC(39)   Post Evacuate Collection Set: 0.4ms
[10.238s][info][gc,phases   ] GC(39)   Other: 0.3ms
[10.238s][info][gc,heap     ] GC(39) Eden regions: 170->0(680)
[10.238s][info][gc,heap     ] GC(39) Survivor regions: 14->16(23)
[10.238s][info][gc,heap     ] GC(39) Old regions: 1014->1016
[10.238s][info][gc,heap     ] GC(39) Humongous regions: 5->5
[10.238s][info][gc,metaspace] GC(39) Metaspace: 1656K(1856K)->1656K(1856K) NonClass: 1501K(1600K)->1501K(1600K) Class: 155K(256K)->155K(256K)
[10.239s][info][gc          ] GC(39) Pause Young (Prepare Mixed) (G1 Evacuation Pause) 2403M->2072M(3650M) 20.418ms
[10.239s][info][gc,cpu      ] GC(39) User=0.16s Sys=0.00s Real=0.02s
[11.188s][info][gc,start    ] GC(40) Pause Young (Mixed) (G1 Evacuation Pause)
[11.188s][info][gc,task     ] GC(40) Using 10 workers of 10 for evacuation
[11.237s][info][gc,phases   ] GC(40)   Pre Evacuate Collection Set: 0.2ms
[11.237s][info][gc,phases   ] GC(40)   Merge Heap Roots: 0.7ms
[11.237s][info][gc,phases   ] GC(40)   Evacuate Collection Set: 46.4ms
[11.237s][info][gc,phases   ] GC(40)   Post Evacuate Collection Set: 1.1ms
[11.237s][info][gc,phases   ] GC(40)   Other: 0.6ms
[11.237s][info][gc,heap     ] GC(40) Eden regions: 680->0(675)
[11.237s][info][gc,heap     ] GC(40) Survivor regions: 16->36(87)
[11.237s][info][gc,heap     ] GC(40) Old regions: 1016->1013
[11.237s][info][gc,heap     ] GC(40) Humongous regions: 14->14
[11.237s][info][gc,metaspace] GC(40) Metaspace: 1656K(1856K)->1656K(1856K) NonClass: 1501K(1600K)->1501K(1600K) Class: 155K(256K)->155K(256K)
[11.238s][info][gc          ] GC(40) Pause Young (Mixed) (G1 Evacuation Pause) 3450M->2125M(3736M) 49.311ms
[11.238s][info][gc,cpu      ] GC(40) User=0.45s Sys=0.02s Real=0.05s
[11.312s][info][gc,start    ] GC(41) Pause Young (Concurrent Start) (G1 Evacuation Pause)
[11.312s][info][gc,task     ] GC(41) Using 10 workers of 10 for evacuation
[11.353s][info][gc,phases   ] GC(41)   Pre Evacuate Collection Set: 0.3ms
[11.353s][info][gc,phases   ] GC(41)   Merge Heap Roots: 0.5ms
[11.353s][info][gc,phases   ] GC(41)   Evacuate Collection Set: 39.7ms
[11.353s][info][gc,phases   ] GC(41)   Post Evacuate Collection Set: 0.3ms
[11.353s][info][gc,phases   ] GC(41)   Other: 0.1ms
[11.353s][info][gc,heap     ] GC(41) Eden regions: 57->0(701)
[11.353s][info][gc,heap     ] GC(41) Survivor regions: 36->5(12)
[11.353s][info][gc,heap     ] GC(41) Old regions: 1013->1049
[11.353s][info][gc,heap     ] GC(41) Humongous regions: 14->14
[11.353s][info][gc,metaspace] GC(41) Metaspace: 1656K(1856K)->1656K(1856K) NonClass: 1501K(1600K)->1501K(1600K) Class: 155K(256K)->155K(256K)
[11.354s][info][gc          ] GC(41) Pause Young (Concurrent Start) (G1 Evacuation Pause) 2239M->2134M(3736M) 41.206ms
[11.354s][info][gc,cpu      ] GC(41) User=0.31s Sys=0.00s Real=0.04s
[11.354s][info][gc          ] GC(42) Concurrent Mark Cycle
[11.354s][info][gc,marking  ] GC(42) Concurrent Scan Root Regions
[11.382s][info][gc,marking  ] GC(42) Concurrent Scan Root Regions 28.194ms
[11.382s][info][gc,marking  ] GC(42) Concurrent Mark
[11.382s][info][gc,marking  ] GC(42) Concurrent Mark From Roots
[11.382s][info][gc,task     ] GC(42) Using 3 workers of 3 for marking
[11.486s][info][gc,marking  ] GC(42) Concurrent Mark From Roots 103.906ms
[11.486s][info][gc,marking  ] GC(42) Concurrent Preclean
[11.486s][info][gc,marking  ] GC(42) Concurrent Preclean 0.030ms
[11.486s][info][gc,start    ] GC(42) Pause Remark
[11.487s][info][gc          ] GC(42) Pause Remark 2284M->2274M(3798M) 0.940ms
[11.487s][info][gc,cpu      ] GC(42) User=0.00s Sys=0.00s Real=0.00s
[11.487s][info][gc,marking  ] GC(42) Concurrent Mark 105.179ms
[11.487s][info][gc,marking  ] GC(42) Concurrent Rebuild Remembered Sets and Scrub Regions
[11.569s][info][gc,marking  ] GC(42) Concurrent Rebuild Remembered Sets and Scrub Regions 81.869ms
[11.569s][info][gc,start    ] GC(42) Pause Cleanup
[11.569s][info][gc          ] GC(42) Pause Cleanup 2363M->2363M(3798M) 0.394ms
[11.570s][info][gc,cpu      ] GC(42) User=0.00s Sys=0.00s Real=0.00s
[11.570s][info][gc,marking  ] GC(42) Concurrent Clear Claimed Marks
[11.570s][info][gc,marking  ] GC(42) Concurrent Clear Claimed Marks 0.041ms
[11.570s][info][gc,marking  ] GC(42) Concurrent Cleanup for Next Mark
[11.575s][info][gc,marking  ] GC(42) Concurrent Cleanup for Next Mark 5.095ms
[11.575s][info][gc          ] GC(42) Concurrent Mark Cycle 221.221ms
[12.368s][info][gc,start    ] GC(43) Pause Young (Prepare Mixed) (G1 Evacuation Pause)
[12.368s][info][gc,task     ] GC(43) Using 10 workers of 10 for evacuation
[12.395s][info][gc,phases   ] GC(43)   Pre Evacuate Collection Set: 0.2ms
[12.395s][info][gc,phases   ] GC(43)   Merge Heap Roots: 0.6ms
[12.395s][info][gc,phases   ] GC(43)   Evacuate Collection Set: 25.4ms
[12.395s][info][gc,phases   ] GC(43)   Post Evacuate Collection Set: 0.7ms
[12.395s][info][gc,phases   ] GC(43)   Other: 0.1ms
[12.395s][info][gc,heap     ] GC(43) Eden regions: 699->0(705)
[12.395s][info][gc,heap     ] GC(43) Survivor regions: 5->20(88)
[12.395s][info][gc,heap     ] GC(43) Old regions: 1049->1049
[12.395s][info][gc,heap     ] GC(43) Humongous regions: 9->9
[12.395s][info][gc,metaspace] GC(43) Metaspace: 1656K(1856K)->1656K(1856K) NonClass: 1501K(1600K)->1501K(1600K) Class: 155K(256K)->155K(256K)
[12.395s][info][gc          ] GC(43) Pause Young (Prepare Mixed) (G1 Evacuation Pause) 3522M->2153M(3798M) 27.256ms
[12.395s][info][gc,cpu      ] GC(43) User=0.31s Sys=0.00s Real=0.03s
[13.372s][info][gc,start    ] GC(44) Pause Young (Mixed) (G1 Evacuation Pause)
[13.372s][info][gc,task     ] GC(44) Using 10 workers of 10 for evacuation
[13.415s][info][gc,phases   ] GC(44)   Pre Evacuate Collection Set: 0.2ms
[13.415s][info][gc,phases   ] GC(44)   Merge Heap Roots: 0.6ms
[13.415s][info][gc,phases   ] GC(44)   Evacuate Collection Set: 41.0ms
[13.415s][info][gc,phases   ] GC(44)   Post Evacuate Collection Set: 0.7ms
[13.415s][info][gc,phases   ] GC(44)   Other: 0.1ms
[13.415s][info][gc,heap     ] GC(44) Eden regions: 705->0(674)
[13.415s][info][gc,heap     ] GC(44) Survivor regions: 20->36(91)
[13.415s][info][gc,heap     ] GC(44) Old regions: 1049->1048
[13.415s][info][gc,heap     ] GC(44) Humongous regions: 9->9
[13.415s][info][gc,metaspace] GC(44) Metaspace: 1656K(1856K)->1656K(1856K) NonClass: 1501K(1600K)->1501K(1600K) Class: 155K(256K)->155K(256K)
[13.415s][info][gc          ] GC(44) Pause Young (Mixed) (G1 Evacuation Pause) 3563M->2184M(3798M) 42.915ms
[13.415s][info][gc,cpu      ] GC(44) User=0.31s Sys=0.00s Real=0.04s
[13.490s][info][gc,start    ] GC(45) Pause Young (Concurrent Start) (G1 Evacuation Pause)
[13.490s][info][gc,task     ] GC(45) Using 10 workers of 10 for evacuation
[13.525s][info][gc,phases   ] GC(45)   Pre Evacuate Collection Set: 0.3ms
[13.525s][info][gc,phases   ] GC(45)   Merge Heap Roots: 0.5ms
[13.525s][info][gc,phases   ] GC(45)   Evacuate Collection Set: 33.5ms
[13.525s][info][gc,phases   ] GC(45)   Post Evacuate Collection Set: 0.4ms
[13.525s][info][gc,phases   ] GC(45)   Other: 0.1ms
[13.525s][info][gc,heap     ] GC(45) Eden regions: 58->0(701)
[13.525s][info][gc,heap     ] GC(45) Survivor regions: 36->5(12)
[13.525s][info][gc,heap     ] GC(45) Old regions: 1048->1083
[13.525s][info][gc,heap     ] GC(45) Humongous regions: 9->9
[13.525s][info][gc,metaspace] GC(45) Metaspace: 1656K(1856K)->1656K(1856K) NonClass: 1501K(1600K)->1501K(1600K) Class: 155K(256K)->155K(256K)
[13.525s][info][gc          ] GC(45) Pause Young (Concurrent Start) (G1 Evacuation Pause) 2300M->2193M(3798M) 35.091ms
[13.525s][info][gc,cpu      ] GC(45) User=0.31s Sys=0.00s Real=0.04s
[13.525s][info][gc          ] GC(46) Concurrent Mark Cycle
[13.525s][info][gc,marking  ] GC(46) Concurrent Scan Root Regions
[13.543s][info][gc,marking  ] GC(46) Concurrent Scan Root Regions 17.792ms
[13.543s][info][gc,marking  ] GC(46) Concurrent Mark
[13.543s][info][gc,marking  ] GC(46) Concurrent Mark From Roots
[13.543s][info][gc,task     ] GC(46) Using 3 workers of 3 for marking
[13.715s][info][gc,marking  ] GC(46) Concurrent Mark From Roots 171.705ms
[13.715s][info][gc,marking  ] GC(46) Concurrent Preclean
[13.715s][info][gc,marking  ] GC(46) Concurrent Preclean 0.020ms
[13.715s][info][gc,start    ] GC(46) Pause Remark
[13.717s][info][gc          ] GC(46) Pause Remark 2406M->2406M(4014M) 1.618ms
[13.717s][info][gc,cpu      ] GC(46) User=0.00s Sys=0.00s Real=0.00s
[13.717s][info][gc,marking  ] GC(46) Concurrent Mark 173.623ms
[13.717s][info][gc,marking  ] GC(46) Concurrent Rebuild Remembered Sets and Scrub Regions
[13.823s][info][gc,marking  ] GC(46) Concurrent Rebuild Remembered Sets and Scrub Regions 106.682ms
[13.824s][info][gc,start    ] GC(46) Pause Cleanup
[13.824s][info][gc          ] GC(46) Pause Cleanup 2518M->2518M(4014M) 0.403ms
[13.824s][info][gc,cpu      ] GC(46) User=0.00s Sys=0.00s Real=0.00s
[13.824s][info][gc,marking  ] GC(46) Concurrent Clear Claimed Marks
[13.824s][info][gc,marking  ] GC(46) Concurrent Clear Claimed Marks 0.040ms
[13.824s][info][gc,marking  ] GC(46) Concurrent Cleanup for Next Mark
[13.830s][info][gc,marking  ] GC(46) Concurrent Cleanup for Next Mark 5.687ms
[13.830s][info][gc          ] GC(46) Concurrent Mark Cycle 304.717ms
[14.579s][info][gc,start    ] GC(47) Pause Young (Prepare Mixed) (G1 Evacuation Pause)
[14.579s][info][gc,task     ] GC(47) Using 10 workers of 10 for evacuation
[14.609s][info][gc,phases   ] GC(47)   Pre Evacuate Collection Set: 0.2ms
[14.609s][info][gc,phases   ] GC(47)   Merge Heap Roots: 0.7ms
[14.609s][info][gc,phases   ] GC(47)   Evacuate Collection Set: 27.7ms
[14.609s][info][gc,phases   ] GC(47)   Post Evacuate Collection Set: 0.7ms
[14.609s][info][gc,phases   ] GC(47)   Other: 0.1ms
[14.609s][info][gc,heap     ] GC(47) Eden regions: 696->0(780)
[14.609s][info][gc,heap     ] GC(47) Survivor regions: 5->17(88)
[14.609s][info][gc,heap     ] GC(47) Old regions: 1083->1083
[14.609s][info][gc,heap     ] GC(47) Humongous regions: 9->9
[14.609s][info][gc,metaspace] GC(47) Metaspace: 1657K(1856K)->1657K(1856K) NonClass: 1501K(1600K)->1501K(1600K) Class: 155K(256K)->155K(256K)
[14.609s][info][gc          ] GC(47) Pause Young (Prepare Mixed) (G1 Evacuation Pause) 3585M->2217M(4014M) 29.724ms
[14.609s][info][gc,cpu      ] GC(47) User=0.31s Sys=0.00s Real=0.03s
[15.708s][info][gc,start    ] GC(48) Pause Young (Mixed) (G1 Evacuation Pause)
[15.708s][info][gc,task     ] GC(48) Using 10 workers of 10 for evacuation
[15.752s][info][gc,phases   ] GC(48)   Pre Evacuate Collection Set: 0.2ms
[15.753s][info][gc,phases   ] GC(48)   Merge Heap Roots: 0.7ms
[15.753s][info][gc,phases   ] GC(48)   Evacuate Collection Set: 42.1ms
[15.753s][info][gc,phases   ] GC(48)   Post Evacuate Collection Set: 0.8ms
[15.753s][info][gc,phases   ] GC(48)   Other: 0.2ms
[15.753s][info][gc,heap     ] GC(48) Eden regions: 780->0(745)
[15.753s][info][gc,heap     ] GC(48) Survivor regions: 17->35(100)
[15.753s][info][gc,heap     ] GC(48) Old regions: 1083->1082
[15.753s][info][gc,heap     ] GC(48) Humongous regions: 9->9
[15.753s][info][gc,metaspace] GC(48) Metaspace: 1660K(1856K)->1660K(1856K) NonClass: 1505K(1600K)->1505K(1600K) Class: 155K(256K)->155K(256K)
[15.753s][info][gc          ] GC(48) Pause Young (Mixed) (G1 Evacuation Pause) 3777M->2249M(4014M) 44.358ms
[15.753s][info][gc,cpu      ] GC(48) User=0.47s Sys=0.00s Real=0.04s
[16.291s][info][gc,start    ] GC(49) Pause Young (Concurrent Start) (G1 Evacuation Pause)
[16.292s][info][gc,task     ] GC(49) Using 10 workers of 10 for evacuation
[16.338s][info][gc,phases   ] GC(49)   Pre Evacuate Collection Set: 0.4ms
[16.338s][info][gc,phases   ] GC(49)   Merge Heap Roots: 0.7ms
[16.338s][info][gc,phases   ] GC(49)   Evacuate Collection Set: 44.2ms
[16.338s][info][gc,phases   ] GC(49)   Post Evacuate Collection Set: 0.7ms
[16.338s][info][gc,phases   ] GC(49)   Other: 0.2ms
[16.338s][info][gc,heap     ] GC(49) Eden regions: 387->0(747)
[16.338s][info][gc,heap     ] GC(49) Survivor regions: 35->26(53)
[16.338s][info][gc,heap     ] GC(49) Old regions: 1082->1098
[16.338s][info][gc,heap     ] GC(49) Humongous regions: 9->9
[16.338s][info][gc,metaspace] GC(49) Metaspace: 1660K(1856K)->1660K(1856K) NonClass: 1505K(1600K)->1505K(1600K) Class: 155K(256K)->155K(256K)
[16.338s][info][gc          ] GC(49) Pause Young (Concurrent Start) (G1 Evacuation Pause) 3023M->2266M(4014M) 46.450ms
[16.338s][info][gc,cpu      ] GC(49) User=0.47s Sys=0.00s Real=0.05s
[16.338s][info][gc          ] GC(50) Concurrent Mark Cycle
[16.338s][info][gc,marking  ] GC(50) Concurrent Scan Root Regions
[16.357s][info][gc,marking  ] GC(50) Concurrent Scan Root Regions 19.075ms
[16.357s][info][gc,marking  ] GC(50) Concurrent Mark
[16.357s][info][gc,marking  ] GC(50) Concurrent Mark From Roots
[16.357s][info][gc,task     ] GC(50) Using 3 workers of 3 for marking
[16.590s][info][gc,marking  ] GC(50) Concurrent Mark From Roots 232.623ms
[16.590s][info][gc,marking  ] GC(50) Concurrent Preclean
[16.590s][info][gc,marking  ] GC(50) Concurrent Preclean 0.024ms
[16.590s][info][gc,start    ] GC(50) Pause Remark
[16.591s][info][gc          ] GC(50) Pause Remark 2552M->2552M(4096M) 1.011ms
[16.591s][info][gc,cpu      ] GC(50) User=0.00s Sys=0.00s Real=0.00s
[16.591s][info][gc,marking  ] GC(50) Concurrent Mark 233.933ms
[16.591s][info][gc,marking  ] GC(50) Concurrent Rebuild Remembered Sets and Scrub Regions
[16.735s][info][gc,marking  ] GC(50) Concurrent Rebuild Remembered Sets and Scrub Regions 143.727ms
[16.735s][info][gc,start    ] GC(50) Pause Cleanup
[16.735s][info][gc          ] GC(50) Pause Cleanup 2713M->2713M(4096M) 0.419ms
[16.735s][info][gc,cpu      ] GC(50) User=0.00s Sys=0.00s Real=0.00s
[16.736s][info][gc,marking  ] GC(50) Concurrent Clear Claimed Marks
[16.736s][info][gc,marking  ] GC(50) Concurrent Clear Claimed Marks 0.037ms
[16.736s][info][gc,marking  ] GC(50) Concurrent Cleanup for Next Mark
[16.741s][info][gc,marking  ] GC(50) Concurrent Cleanup for Next Mark 5.428ms
[16.741s][info][gc          ] GC(50) Concurrent Mark Cycle 403.098ms
[17.503s][info][gc,start    ] GC(51) Pause Young (Prepare Mixed) (G1 Evacuation Pause)
[17.503s][info][gc,task     ] GC(51) Using 10 workers of 10 for evacuation
[17.576s][info][gc,phases   ] GC(51)   Pre Evacuate Collection Set: 0.2ms
[17.576s][info][gc,phases   ] GC(51)   Merge Heap Roots: 1.3ms
[17.576s][info][gc,phases   ] GC(51)   Evacuate Collection Set: 70.8ms
[17.576s][info][gc,phases   ] GC(51)   Post Evacuate Collection Set: 0.9ms
[17.576s][info][gc,phases   ] GC(51)   Other: 0.1ms
[17.576s][info][gc,heap     ] GC(51) Eden regions: 745->0(725)
[17.576s][info][gc,heap     ] GC(51) Survivor regions: 26->48(97)
[17.576s][info][gc,heap     ] GC(51) Old regions: 1098->1098
[17.576s][info][gc,heap     ] GC(51) Humongous regions: 26->26
[17.576s][info][gc,metaspace] GC(51) Metaspace: 1662K(1856K)->1662K(1856K) NonClass: 1507K(1600K)->1507K(1600K) Class: 155K(256K)->155K(256K)
[17.576s][info][gc          ] GC(51) Pause Young (Prepare Mixed) (G1 Evacuation Pause) 3790M->2344M(4096M) 73.616ms
[17.576s][info][gc,cpu      ] GC(51) User=0.78s Sys=0.00s Real=0.07s
[18.600s][info][gc,start    ] GC(52) Pause Young (Mixed) (G1 Evacuation Pause)
[18.600s][info][gc,task     ] GC(52) Using 10 workers of 10 for evacuation
[18.682s][info][gc,phases   ] GC(52)   Pre Evacuate Collection Set: 0.3ms
[18.682s][info][gc,phases   ] GC(52)   Merge Heap Roots: 1.3ms
[18.682s][info][gc,phases   ] GC(52)   Evacuate Collection Set: 79.1ms
[18.682s][info][gc,phases   ] GC(52)   Post Evacuate Collection Set: 1.0ms
[18.682s][info][gc,phases   ] GC(52)   Other: 0.1ms
[18.682s][info][gc,heap     ] GC(52) Eden regions: 725->0(701)
[18.682s][info][gc,heap     ] GC(52) Survivor regions: 48->61(97)
[18.682s][info][gc,heap     ] GC(52) Old regions: 1098->1096
[18.682s][info][gc,heap     ] GC(52) Humongous regions: 26->26
[18.682s][info][gc,metaspace] GC(52) Metaspace: 1664K(1856K)->1664K(1856K) NonClass: 1509K(1600K)->1509K(1600K) Class: 155K(256K)->155K(256K)
[18.682s][info][gc          ] GC(52) Pause Young (Mixed) (G1 Evacuation Pause) 3794M->2364M(4096M) 82.041ms
[18.682s][info][gc,cpu      ] GC(52) User=0.78s Sys=0.00s Real=0.08s
[18.747s][info][gc,start    ] GC(53) Pause Young (Concurrent Start) (G1 Evacuation Pause)
[18.747s][info][gc,task     ] GC(53) Using 10 workers of 10 for evacuation
[18.819s][info][gc,phases   ] GC(53)   Pre Evacuate Collection Set: 0.3ms
[18.819s][info][gc,phases   ] GC(53)   Merge Heap Roots: 0.8ms
[18.819s][info][gc,phases   ] GC(53)   Evacuate Collection Set: 70.3ms
[18.819s][info][gc,phases   ] GC(53)   Post Evacuate Collection Set: 0.4ms
[18.819s][info][gc,phases   ] GC(53)   Other: 0.1ms
[18.819s][info][gc,heap     ] GC(53) Eden regions: 41->0(753)
[18.819s][info][gc,heap     ] GC(53) Survivor regions: 61->5(13)
[18.820s][info][gc,heap     ] GC(53) Old regions: 1096->1156
[18.820s][info][gc,heap     ] GC(53) Humongous regions: 26->26
[18.820s][info][gc,metaspace] GC(53) Metaspace: 1664K(1856K)->1664K(1856K) NonClass: 1509K(1600K)->1509K(1600K) Class: 155K(256K)->155K(256K)
[18.820s][info][gc          ] GC(53) Pause Young (Concurrent Start) (G1 Evacuation Pause) 2446M->2373M(4096M) 72.147ms
[18.820s][info][gc          ] GC(54) Concurrent Mark Cycle
[18.820s][info][gc,cpu      ] GC(53) User=0.62s Sys=0.00s Real=0.07s
[18.820s][info][gc,marking  ] GC(54) Concurrent Scan Root Regions
[18.874s][info][gc,marking  ] GC(54) Concurrent Scan Root Regions 54.679ms
[18.874s][info][gc,marking  ] GC(54) Concurrent Mark
[18.874s][info][gc,marking  ] GC(54) Concurrent Mark From Roots
[18.874s][info][gc,task     ] GC(54) Using 3 workers of 3 for marking
[19.164s][info][gc,marking  ] GC(54) Concurrent Mark From Roots 289.707ms
[19.164s][info][gc,marking  ] GC(54) Concurrent Preclean
[19.164s][info][gc,marking  ] GC(54) Concurrent Preclean 0.032ms
[19.164s][info][gc,start    ] GC(54) Pause Remark
[19.165s][info][gc          ] GC(54) Pause Remark 2752M->2734M(4096M) 0.791ms
[19.165s][info][gc,cpu      ] GC(54) User=0.00s Sys=0.00s Real=0.00s
[19.165s][info][gc,marking  ] GC(54) Concurrent Mark 290.858ms
[19.165s][info][gc,marking  ] GC(54) Concurrent Rebuild Remembered Sets and Scrub Regions
[19.392s][info][gc,marking  ] GC(54) Concurrent Rebuild Remembered Sets and Scrub Regions 226.428ms
[19.392s][info][gc,start    ] GC(54) Pause Cleanup
[19.392s][info][gc          ] GC(54) Pause Cleanup 2988M->2988M(4096M) 0.492ms
[19.392s][info][gc,cpu      ] GC(54) User=0.00s Sys=0.00s Real=0.00s
[19.392s][info][gc,marking  ] GC(54) Concurrent Clear Claimed Marks
[19.393s][info][gc,marking  ] GC(54) Concurrent Clear Claimed Marks 0.043ms
[19.393s][info][gc,marking  ] GC(54) Concurrent Cleanup for Next Mark
[19.398s][info][gc,marking  ] GC(54) Concurrent Cleanup for Next Mark 5.403ms
[19.398s][info][gc          ] GC(54) Concurrent Mark Cycle 578.400ms
[20.197s][info][gc,start    ] GC(55) Pause Young (Prepare Mixed) (G1 Evacuation Pause)
[20.197s][info][gc,task     ] GC(55) Using 10 workers of 10 for evacuation
[20.226s][info][gc,phases   ] GC(55)   Pre Evacuate Collection Set: 0.3ms
[20.226s][info][gc,phases   ] GC(55)   Merge Heap Roots: 0.7ms
[20.226s][info][gc,phases   ] GC(55)   Evacuate Collection Set: 27.2ms
[20.226s][info][gc,phases   ] GC(55)   Post Evacuate Collection Set: 1.0ms
[20.226s][info][gc,phases   ] GC(55)   Other: 0.1ms
[20.226s][info][gc,heap     ] GC(55) Eden regions: 753->0(738)
[20.226s][info][gc,heap     ] GC(55) Survivor regions: 5->17(95)
[20.227s][info][gc,heap     ] GC(55) Old regions: 1156->1156
[20.227s][info][gc,heap     ] GC(55) Humongous regions: 17->17
[20.227s][info][gc,metaspace] GC(55) Metaspace: 1664K(1856K)->1664K(1856K) NonClass: 1509K(1600K)->1509K(1600K) Class: 155K(256K)->155K(256K)
[20.227s][info][gc          ] GC(55) Pause Young (Prepare Mixed) (G1 Evacuation Pause) 3861M->2378M(4096M) 29.562ms
[20.227s][info][gc,cpu      ] GC(55) User=0.31s Sys=0.00s Real=0.03s
[21.282s][info][gc,heap,exit] Heap
[21.282s][info][gc,heap,exit]  garbage-first heap   total 4194304K, used 2720439K [0x0000000700000000, 0x0000000800000000)
[21.282s][info][gc,heap,exit]   region size 2048K, 124 young (253952K), 17 survivors (34816K)
[21.282s][info][gc,heap,exit]  Metaspace       used 1829K, committed 1984K, reserved 1114112K
[21.282s][info][gc,heap,exit]   class space    used 173K, committed 256K, reserved 1048576K
