[0.010s][info][gc,init] CardTable entry size: 512
[0.010s][info][gc     ] Using G1
[0.019s][info][gc,init] Version: 21.0.5+9-LTS-239 (release)
[0.019s][info][gc,init] CPUs: 12 total, 12 available
[0.019s][info][gc,init] Memory: 16190M
[0.019s][info][gc,init] Large Page Support: Disabled
[0.019s][info][gc,init] NUMA Support: Disabled
[0.019s][info][gc,init] Compressed Oops: Enabled (Zero based)
[0.019s][info][gc,init] Heap Region Size: 2M
[0.019s][info][gc,init] Heap Min Capacity: 2G
[0.020s][info][gc,init] Heap Initial Capacity: 2G
[0.020s][info][gc,init] Heap Max Capacity: 4G
[0.020s][info][gc,init] Pre-touch: Disabled
[0.020s][info][gc,init] Parallel Workers: 10
[0.020s][info][gc,init] Concurrent Workers: 3
[0.020s][info][gc,init] Concurrent Refinement Workers: 10
[0.020s][info][gc,init] Periodic GC: Disabled
[0.028s][info][gc,metaspace] CDS archive(s) mapped at: [0x0000023537000000-0x0000023537c90000-0x0000023537c90000), size 13172736, SharedBaseAddress: 0x0000023537000000, ArchiveRelocationMode: 1.
[0.028s][info][gc,metaspace] Compressed class space mapped at: 0x0000023538000000-0x0000023578000000, reserved size: 1073741824
[0.028s][info][gc,metaspace] Narrow klass base: 0x0000023537000000, Narrow klass shift: 0, Narrow klass range: 0x100000000
[0.480s][info][gc,start    ] GC(0) Pause Young (Normal) (G1 Evacuation Pause)
[0.482s][info][gc,task     ] GC(0) Using 10 workers of 10 for evacuation
[0.487s][info][gc,phases   ] GC(0)   Pre Evacuate Collection Set: 0.2ms
[0.487s][info][gc,phases   ] GC(0)   Merge Heap Roots: 0.2ms
[0.487s][info][gc,phases   ] GC(0)   Evacuate Collection Set: 3.7ms
[0.487s][info][gc,phases   ] GC(0)   Post Evacuate Collection Set: 0.5ms
[0.487s][info][gc,phases   ] GC(0)   Other: 1.7ms
[0.487s][info][gc,heap     ] GC(0) Eden regions: 51->0(44)
[0.487s][info][gc,heap     ] GC(0) Survivor regions: 0->7(7)
[0.487s][info][gc,heap     ] GC(0) Old regions: 0->4
[0.487s][info][gc,heap     ] GC(0) Humongous regions: 1->0
[0.487s][info][gc,metaspace] GC(0) Metaspace: 1311K(1472K)->1311K(1472K) NonClass: 1214K(1280K)->1214K(1280K) Class: 97K(192K)->97K(192K)
[0.487s][info][gc          ] GC(0) Pause Young (Normal) (G1 Evacuation Pause) 104M->21M(2048M) 6.652ms
[0.487s][info][gc,cpu      ] GC(0) User=0.00s Sys=0.00s Real=0.01s
[0.625s][info][gc,start    ] GC(1) Pause Young (Normal) (G1 Evacuation Pause)
[0.625s][info][gc,task     ] GC(1) Using 10 workers of 10 for evacuation
[0.630s][info][gc,phases   ] GC(1)   Pre Evacuate Collection Set: 0.2ms
[0.630s][info][gc,phases   ] GC(1)   Merge Heap Roots: 0.1ms
[0.630s][info][gc,phases   ] GC(1)   Evacuate Collection Set: 4.0ms
[0.630s][info][gc,phases   ] GC(1)   Post Evacuate Collection Set: 0.6ms
[0.630s][info][gc,phases   ] GC(1)   Other: 0.1ms
[0.631s][info][gc,heap     ] GC(1) Eden regions: 44->0(44)
[0.631s][info][gc,heap     ] GC(1) Survivor regions: 7->7(7)
[0.631s][info][gc,heap     ] GC(1) Old regions: 4->12
[0.631s][info][gc,heap     ] GC(1) Humongous regions: 0->0
[0.631s][info][gc,metaspace] GC(1) Metaspace: 1313K(1472K)->1313K(1472K) NonClass: 1216K(1280K)->1216K(1280K) Class: 97K(192K)->97K(192K)
[0.631s][info][gc          ] GC(1) Pause Young (Normal) (G1 Evacuation Pause) 109M->37M(2048M) 5.268ms
[0.631s][info][gc,cpu      ] GC(1) User=0.00s Sys=0.00s Real=0.00s
[0.982s][info][gc,start    ] GC(2) Pause Young (Normal) (G1 Evacuation Pause)
[0.982s][info][gc,task     ] GC(2) Using 10 workers of 10 for evacuation
[0.988s][info][gc,phases   ] GC(2)   Pre Evacuate Collection Set: 0.2ms
[0.988s][info][gc,phases   ] GC(2)   Merge Heap Roots: 0.1ms
[0.988s][info][gc,phases   ] GC(2)   Evacuate Collection Set: 5.3ms
[0.988s][info][gc,phases   ] GC(2)   Post Evacuate Collection Set: 0.4ms
[0.988s][info][gc,phases   ] GC(2)   Other: 0.1ms
[0.988s][info][gc,heap     ] GC(2) Eden regions: 44->0(45)
[0.988s][info][gc,heap     ] GC(2) Survivor regions: 7->6(7)
[0.988s][info][gc,heap     ] GC(2) Old regions: 12->19
[0.988s][info][gc,heap     ] GC(2) Humongous regions: 0->0
[0.988s][info][gc,metaspace] GC(2) Metaspace: 1553K(1664K)->1553K(1664K) NonClass: 1418K(1472K)->1418K(1472K) Class: 135K(192K)->135K(192K)
[0.989s][info][gc          ] GC(2) Pause Young (Normal) (G1 Evacuation Pause) 125M->49M(2048M) 6.378ms
[0.989s][info][gc,cpu      ] GC(2) User=0.00s Sys=0.00s Real=0.01s
[1.082s][info][gc,start    ] GC(3) Pause Young (Normal) (G1 Evacuation Pause)
[1.082s][info][gc,task     ] GC(3) Using 10 workers of 10 for evacuation
[1.089s][info][gc,phases   ] GC(3)   Pre Evacuate Collection Set: 0.2ms
[1.089s][info][gc,phases   ] GC(3)   Merge Heap Roots: 0.1ms
[1.089s][info][gc,phases   ] GC(3)   Evacuate Collection Set: 6.6ms
[1.089s][info][gc,phases   ] GC(3)   Post Evacuate Collection Set: 0.4ms
[1.089s][info][gc,phases   ] GC(3)   Other: 0.1ms
[1.089s][info][gc,heap     ] GC(3) Eden regions: 45->0(84)
[1.089s][info][gc,heap     ] GC(3) Survivor regions: 6->3(7)
[1.089s][info][gc,heap     ] GC(3) Old regions: 19->25
[1.089s][info][gc,heap     ] GC(3) Humongous regions: 1->1
[1.089s][info][gc,metaspace] GC(3) Metaspace: 1557K(1664K)->1557K(1664K) NonClass: 1421K(1472K)->1421K(1472K) Class: 135K(192K)->135K(192K)
[1.089s][info][gc          ] GC(3) Pause Young (Normal) (G1 Evacuation Pause) 141M->56M(2048M) 7.697ms
[1.089s][info][gc,cpu      ] GC(3) User=0.06s Sys=0.08s Real=0.01s
[1.274s][info][gc,start    ] GC(4) Pause Young (Normal) (G1 Evacuation Pause)
[1.275s][info][gc,task     ] GC(4) Using 10 workers of 10 for evacuation
[1.283s][info][gc,phases   ] GC(4)   Pre Evacuate Collection Set: 0.2ms
[1.283s][info][gc,phases   ] GC(4)   Merge Heap Roots: 0.2ms
[1.283s][info][gc,phases   ] GC(4)   Evacuate Collection Set: 7.4ms
[1.283s][info][gc,phases   ] GC(4)   Post Evacuate Collection Set: 0.5ms
[1.283s][info][gc,phases   ] GC(4)   Other: 0.1ms
[1.283s][info][gc,heap     ] GC(4) Eden regions: 84->0(138)
[1.283s][info][gc,heap     ] GC(4) Survivor regions: 3->8(11)
[1.283s][info][gc,heap     ] GC(4) Old regions: 25->25
[1.283s][info][gc,heap     ] GC(4) Humongous regions: 1->1
[1.283s][info][gc,metaspace] GC(4) Metaspace: 1565K(1664K)->1565K(1664K) NonClass: 1429K(1472K)->1429K(1472K) Class: 135K(192K)->135K(192K)
[1.283s][info][gc          ] GC(4) Pause Young (Normal) (G1 Evacuation Pause) 224M->65M(2048M) 8.640ms
[1.283s][info][gc,cpu      ] GC(4) User=0.11s Sys=0.05s Real=0.01s
[1.492s][info][gc,heap,exit] Heap
[1.492s][info][gc,heap,exit]  garbage-first heap   total 2097152K, used 140477K [0x0000000700000000, 0x0000000800000000)
[1.492s][info][gc,heap,exit]   region size 2048K, 43 young (88064K), 8 survivors (16384K)
[1.492s][info][gc,heap,exit]  Metaspace       used 1716K, committed 1920K, reserved 1114112K
[1.492s][info][gc,heap,exit]   class space    used 154K, committed 256K, reserved 1048576K
