[0.010s][info][gc,init] CardTable entry size: 512
[0.010s][info][gc     ] Using G1
[0.019s][info][gc,init] Version: 21.0.5+9-LTS-239 (release)
[0.019s][info][gc,init] CPUs: 12 total, 12 available
[0.019s][info][gc,init] Memory: 16190M
[0.019s][info][gc,init] Large Page Support: Disabled
[0.019s][info][gc,init] NUMA Support: Disabled
[0.019s][info][gc,init] Compressed Oops: Enabled (Zero based)
[0.019s][info][gc,init] Heap Region Size: 2M
[0.019s][info][gc,init] Heap Min Capacity: 2G
[0.019s][info][gc,init] Heap Initial Capacity: 2G
[0.019s][info][gc,init] Heap Max Capacity: 4G
[0.019s][info][gc,init] Pre-touch: Disabled
[0.020s][info][gc,init] Parallel Workers: 10
[0.020s][info][gc,init] Concurrent Workers: 3
[0.020s][info][gc,init] Concurrent Refinement Workers: 10
[0.020s][info][gc,init] Periodic GC: Disabled
[0.029s][info][gc,metaspace] CDS archive(s) mapped at: [0x000002e840000000-0x000002e840c90000-0x000002e840c90000), size 13172736, SharedBaseAddress: 0x000002e840000000, ArchiveRelocationMode: 1.
[0.029s][info][gc,metaspace] Compressed class space mapped at: 0x000002e841000000-0x000002e881000000, reserved size: 1073741824
[0.029s][info][gc,metaspace] Narrow klass base: 0x000002e840000000, Narrow klass shift: 0, Narrow klass range: 0x100000000
[0.475s][info][gc,start    ] GC(0) Pause Young (Normal) (G1 Evacuation Pause)
[0.476s][info][gc,task     ] GC(0) Using 10 workers of 10 for evacuation
[0.481s][info][gc,phases   ] GC(0)   Pre Evacuate Collection Set: 0.2ms
[0.481s][info][gc,phases   ] GC(0)   Merge Heap Roots: 0.2ms
[0.481s][info][gc,phases   ] GC(0)   Evacuate Collection Set: 3.6ms
[0.481s][info][gc,phases   ] GC(0)   Post Evacuate Collection Set: 0.6ms
[0.481s][info][gc,phases   ] GC(0)   Other: 1.2ms
[0.481s][info][gc,heap     ] GC(0) Eden regions: 51->0(44)
[0.481s][info][gc,heap     ] GC(0) Survivor regions: 0->7(7)
[0.481s][info][gc,heap     ] GC(0) Old regions: 0->4
[0.481s][info][gc,heap     ] GC(0) Humongous regions: 1->0
[0.481s][info][gc,metaspace] GC(0) Metaspace: 1310K(1472K)->1310K(1472K) NonClass: 1213K(1280K)->1213K(1280K) Class: 97K(192K)->97K(192K)
[0.481s][info][gc          ] GC(0) Pause Young (Normal) (G1 Evacuation Pause) 104M->21M(2048M) 6.054ms
[0.481s][info][gc,cpu      ] GC(0) User=0.05s Sys=0.03s Real=0.01s
[0.628s][info][gc,start    ] GC(1) Pause Young (Normal) (G1 Evacuation Pause)
[0.628s][info][gc,task     ] GC(1) Using 10 workers of 10 for evacuation
[0.633s][info][gc,phases   ] GC(1)   Pre Evacuate Collection Set: 0.2ms
[0.633s][info][gc,phases   ] GC(1)   Merge Heap Roots: 0.1ms
[0.633s][info][gc,phases   ] GC(1)   Evacuate Collection Set: 3.7ms
[0.633s][info][gc,phases   ] GC(1)   Post Evacuate Collection Set: 0.4ms
[0.633s][info][gc,phases   ] GC(1)   Other: 0.1ms
[0.633s][info][gc,heap     ] GC(1) Eden regions: 44->0(44)
[0.633s][info][gc,heap     ] GC(1) Survivor regions: 7->7(7)
[0.633s][info][gc,heap     ] GC(1) Old regions: 4->12
[0.633s][info][gc,heap     ] GC(1) Humongous regions: 0->0
[0.633s][info][gc,metaspace] GC(1) Metaspace: 1312K(1472K)->1312K(1472K) NonClass: 1215K(1280K)->1215K(1280K) Class: 97K(192K)->97K(192K)
[0.633s][info][gc          ] GC(1) Pause Young (Normal) (G1 Evacuation Pause) 109M->37M(2048M) 4.854ms
[0.633s][info][gc,cpu      ] GC(1) User=0.06s Sys=0.05s Real=0.01s
[0.881s][info][gc,start    ] GC(2) Pause Young (Normal) (G1 Evacuation Pause)
[0.881s][info][gc,task     ] GC(2) Using 10 workers of 10 for evacuation
[0.887s][info][gc,phases   ] GC(2)   Pre Evacuate Collection Set: 0.2ms
[0.887s][info][gc,phases   ] GC(2)   Merge Heap Roots: 0.1ms
[0.887s][info][gc,phases   ] GC(2)   Evacuate Collection Set: 5.1ms
[0.887s][info][gc,phases   ] GC(2)   Post Evacuate Collection Set: 0.4ms
[0.887s][info][gc,phases   ] GC(2)   Other: 0.1ms
[0.887s][info][gc,heap     ] GC(2) Eden regions: 44->0(45)
[0.887s][info][gc,heap     ] GC(2) Survivor regions: 7->6(7)
[0.887s][info][gc,heap     ] GC(2) Old regions: 12->19
[0.887s][info][gc,heap     ] GC(2) Humongous regions: 0->0
[0.887s][info][gc,metaspace] GC(2) Metaspace: 1679K(1856K)->1679K(1856K) NonClass: 1507K(1600K)->1507K(1600K) Class: 171K(256K)->171K(256K)
[0.887s][info][gc          ] GC(2) Pause Young (Normal) (G1 Evacuation Pause) 125M->48M(2048M) 6.237ms
[0.887s][info][gc,cpu      ] GC(2) User=0.03s Sys=0.12s Real=0.01s
[0.980s][info][gc,start    ] GC(3) Pause Young (Normal) (G1 Evacuation Pause)
[0.980s][info][gc,task     ] GC(3) Using 10 workers of 10 for evacuation
[0.987s][info][gc,phases   ] GC(3)   Pre Evacuate Collection Set: 0.2ms
[0.987s][info][gc,phases   ] GC(3)   Merge Heap Roots: 0.1ms
[0.987s][info][gc,phases   ] GC(3)   Evacuate Collection Set: 6.1ms
[0.987s][info][gc,phases   ] GC(3)   Post Evacuate Collection Set: 0.3ms
[0.987s][info][gc,phases   ] GC(3)   Other: 0.1ms
[0.987s][info][gc,heap     ] GC(3) Eden regions: 45->0(83)
[0.987s][info][gc,heap     ] GC(3) Survivor regions: 6->3(7)
[0.987s][info][gc,heap     ] GC(3) Old regions: 19->24
[0.987s][info][gc,heap     ] GC(3) Humongous regions: 1->1
[0.987s][info][gc,metaspace] GC(3) Metaspace: 1679K(1856K)->1679K(1856K) NonClass: 1508K(1600K)->1508K(1600K) Class: 171K(256K)->171K(256K)
[0.987s][info][gc          ] GC(3) Pause Young (Normal) (G1 Evacuation Pause) 140M->55M(2048M) 7.139ms
[0.987s][info][gc,cpu      ] GC(3) User=0.00s Sys=0.00s Real=0.01s
[1.966s][info][gc,start    ] GC(4) Pause Young (Normal) (G1 Evacuation Pause)
[1.966s][info][gc,task     ] GC(4) Using 10 workers of 10 for evacuation
[1.974s][info][gc,phases   ] GC(4)   Pre Evacuate Collection Set: 0.2ms
[1.975s][info][gc,phases   ] GC(4)   Merge Heap Roots: 0.2ms
[1.975s][info][gc,phases   ] GC(4)   Evacuate Collection Set: 8.0ms
[1.975s][info][gc,phases   ] GC(4)   Post Evacuate Collection Set: 0.4ms
[1.975s][info][gc,phases   ] GC(4)   Other: 0.1ms
[1.975s][info][gc,heap     ] GC(4) Eden regions: 83->0(124)
[1.975s][info][gc,heap     ] GC(4) Survivor regions: 3->7(11)
[1.975s][info][gc,heap     ] GC(4) Old regions: 24->24
[1.975s][info][gc,heap     ] GC(4) Humongous regions: 1->1
[1.975s][info][gc,metaspace] GC(4) Metaspace: 1687K(1856K)->1687K(1856K) NonClass: 1516K(1600K)->1516K(1600K) Class: 171K(256K)->171K(256K)
[1.975s][info][gc          ] GC(4) Pause Young (Normal) (G1 Evacuation Pause) 221M->63M(2048M) 9.184ms
[1.975s][info][gc,cpu      ] GC(4) User=0.00s Sys=0.00s Real=0.01s
[2.858s][info][gc,heap,exit] Heap
[2.858s][info][gc,heap,exit]  garbage-first heap   total 2097152K, used 146180K [0x0000000700000000, 0x0000000800000000)
[2.858s][info][gc,heap,exit]   region size 2048K, 45 young (92160K), 7 survivors (14336K)
[2.858s][info][gc,heap,exit]  Metaspace       used 1854K, committed 1984K, reserved 1114112K
[2.858s][info][gc,heap,exit]   class space    used 190K, committed 256K, reserved 1048576K
