[0.012s][info][gc,init] CardTable entry size: 512
[0.012s][info][gc     ] Using G1
[0.022s][info][gc,init] Version: 21.0.5+9-LTS-239 (release)
[0.023s][info][gc,init] CPUs: 12 total, 12 available
[0.023s][info][gc,init] Memory: 16190M
[0.023s][info][gc,init] Large Page Support: Disabled
[0.023s][info][gc,init] NUMA Support: Disabled
[0.023s][info][gc,init] Compressed Oops: Enabled (Zero based)
[0.023s][info][gc,init] Heap Region Size: 2M
[0.023s][info][gc,init] Heap Min Capacity: 2G
[0.023s][info][gc,init] Heap Initial Capacity: 2G
[0.023s][info][gc,init] Heap Max Capacity: 4G
[0.023s][info][gc,init] Pre-touch: Disabled
[0.023s][info][gc,init] Parallel Workers: 10
[0.023s][info][gc,init] Concurrent Workers: 3
[0.023s][info][gc,init] Concurrent Refinement Workers: 10
[0.023s][info][gc,init] Periodic GC: Disabled
[0.032s][info][gc,metaspace] CDS archive(s) mapped at: [0x000002d21a000000-0x000002d21ac90000-0x000002d21ac90000), size 13172736, SharedBaseAddress: 0x000002d21a000000, ArchiveRelocationMode: 1.
[0.033s][info][gc,metaspace] Compressed class space mapped at: 0x000002d21b000000-0x000002d25b000000, reserved size: 1073741824
[0.033s][info][gc,metaspace] Narrow klass base: 0x000002d21a000000, Narrow klass shift: 0, Narrow klass range: 0x100000000
[0.493s][info][gc,start    ] GC(0) Pause Young (Normal) (G1 Evacuation Pause)
[0.495s][info][gc,task     ] GC(0) Using 10 workers of 10 for evacuation
[0.500s][info][gc,phases   ] GC(0)   Pre Evacuate Collection Set: 0.2ms
[0.500s][info][gc,phases   ] GC(0)   Merge Heap Roots: 0.1ms
[0.500s][info][gc,phases   ] GC(0)   Evacuate Collection Set: 3.7ms
[0.500s][info][gc,phases   ] GC(0)   Post Evacuate Collection Set: 0.5ms
[0.500s][info][gc,phases   ] GC(0)   Other: 1.7ms
[0.500s][info][gc,heap     ] GC(0) Eden regions: 51->0(44)
[0.500s][info][gc,heap     ] GC(0) Survivor regions: 0->7(7)
[0.500s][info][gc,heap     ] GC(0) Old regions: 0->4
[0.500s][info][gc,heap     ] GC(0) Humongous regions: 1->0
[0.500s][info][gc,metaspace] GC(0) Metaspace: 1317K(1472K)->1317K(1472K) NonClass: 1220K(1280K)->1220K(1280K) Class: 97K(192K)->97K(192K)
[0.500s][info][gc          ] GC(0) Pause Young (Normal) (G1 Evacuation Pause) 104M->21M(2048M) 6.516ms
[0.500s][info][gc,cpu      ] GC(0) User=0.03s Sys=0.02s Real=0.01s
[0.608s][info][gc,start    ] GC(1) Pause Young (Normal) (G1 Evacuation Pause)
[0.608s][info][gc,task     ] GC(1) Using 10 workers of 10 for evacuation
[0.613s][info][gc,phases   ] GC(1)   Pre Evacuate Collection Set: 0.3ms
[0.613s][info][gc,phases   ] GC(1)   Merge Heap Roots: 0.1ms
[0.613s][info][gc,phases   ] GC(1)   Evacuate Collection Set: 4.2ms
[0.613s][info][gc,phases   ] GC(1)   Post Evacuate Collection Set: 0.6ms
[0.613s][info][gc,phases   ] GC(1)   Other: 0.1ms
[0.613s][info][gc,heap     ] GC(1) Eden regions: 44->0(44)
[0.613s][info][gc,heap     ] GC(1) Survivor regions: 7->7(7)
[0.613s][info][gc,heap     ] GC(1) Old regions: 4->13
[0.613s][info][gc,heap     ] GC(1) Humongous regions: 0->0
[0.613s][info][gc,metaspace] GC(1) Metaspace: 1321K(1472K)->1321K(1472K) NonClass: 1224K(1280K)->1224K(1280K) Class: 97K(192K)->97K(192K)
[0.613s][info][gc          ] GC(1) Pause Young (Normal) (G1 Evacuation Pause) 109M->38M(2048M) 5.534ms
[0.613s][info][gc,cpu      ] GC(1) User=0.00s Sys=0.00s Real=0.00s
[0.937s][info][gc,start    ] GC(2) Pause Young (Normal) (G1 Evacuation Pause)
[0.937s][info][gc,task     ] GC(2) Using 10 workers of 10 for evacuation
[0.944s][info][gc,phases   ] GC(2)   Pre Evacuate Collection Set: 0.3ms
[0.944s][info][gc,phases   ] GC(2)   Merge Heap Roots: 0.1ms
[0.944s][info][gc,phases   ] GC(2)   Evacuate Collection Set: 5.5ms
[0.944s][info][gc,phases   ] GC(2)   Post Evacuate Collection Set: 0.6ms
[0.944s][info][gc,phases   ] GC(2)   Other: 0.1ms
[0.944s][info][gc,heap     ] GC(2) Eden regions: 44->0(44)
[0.944s][info][gc,heap     ] GC(2) Survivor regions: 7->7(7)
[0.944s][info][gc,heap     ] GC(2) Old regions: 13->20
[0.944s][info][gc,heap     ] GC(2) Humongous regions: 0->0
[0.944s][info][gc,metaspace] GC(2) Metaspace: 1752K(1920K)->1752K(1920K) NonClass: 1564K(1664K)->1564K(1664K) Class: 187K(256K)->187K(256K)
[0.944s][info][gc          ] GC(2) Pause Young (Normal) (G1 Evacuation Pause) 126M->53M(2048M) 7.059ms
[0.944s][info][gc,cpu      ] GC(2) User=0.00s Sys=0.00s Real=0.01s
[1.570s][info][gc,start    ] GC(3) Pause Young (Normal) (G1 Evacuation Pause)
[1.570s][info][gc,task     ] GC(3) Using 10 workers of 10 for evacuation
[1.576s][info][gc,phases   ] GC(3)   Pre Evacuate Collection Set: 0.2ms
[1.576s][info][gc,phases   ] GC(3)   Merge Heap Roots: 0.1ms
[1.576s][info][gc,phases   ] GC(3)   Evacuate Collection Set: 6.0ms
[1.576s][info][gc,phases   ] GC(3)   Post Evacuate Collection Set: 0.3ms
[1.576s][info][gc,phases   ] GC(3)   Other: 0.1ms
[1.576s][info][gc,heap     ] GC(3) Eden regions: 44->0(86)
[1.576s][info][gc,heap     ] GC(3) Survivor regions: 7->4(7)
[1.576s][info][gc,heap     ] GC(3) Old regions: 20->25
[1.577s][info][gc,heap     ] GC(3) Humongous regions: 1->1
[1.577s][info][gc,metaspace] GC(3) Metaspace: 1756K(1920K)->1756K(1920K) NonClass: 1568K(1664K)->1568K(1664K) Class: 187K(256K)->187K(256K)
[1.577s][info][gc          ] GC(3) Pause Young (Normal) (G1 Evacuation Pause) 143M->56M(2048M) 7.027ms
[1.577s][info][gc,cpu      ] GC(3) User=0.16s Sys=0.00s Real=0.01s
[2.943s][info][gc,start    ] GC(4) Pause Young (Normal) (G1 Evacuation Pause)
[2.943s][info][gc,task     ] GC(4) Using 10 workers of 10 for evacuation
[2.952s][info][gc,phases   ] GC(4)   Pre Evacuate Collection Set: 0.2ms
[2.952s][info][gc,phases   ] GC(4)   Merge Heap Roots: 0.2ms
[2.952s][info][gc,phases   ] GC(4)   Evacuate Collection Set: 8.1ms
[2.952s][info][gc,phases   ] GC(4)   Post Evacuate Collection Set: 0.3ms
[2.952s][info][gc,phases   ] GC(4)   Other: 0.1ms
[2.952s][info][gc,heap     ] GC(4) Eden regions: 86->0(130)
[2.952s][info][gc,heap     ] GC(4) Survivor regions: 4->8(12)
[2.952s][info][gc,heap     ] GC(4) Old regions: 25->25
[2.952s][info][gc,heap     ] GC(4) Humongous regions: 1->1
[2.952s][info][gc,metaspace] GC(4) Metaspace: 1764K(1920K)->1764K(1920K) NonClass: 1576K(1664K)->1576K(1664K) Class: 187K(256K)->187K(256K)
[2.952s][info][gc          ] GC(4) Pause Young (Normal) (G1 Evacuation Pause) 228M->65M(2048M) 9.095ms
[2.952s][info][gc,cpu      ] GC(4) User=0.06s Sys=0.09s Real=0.01s
[3.690s][info][gc,heap,exit] Heap
[3.690s][info][gc,heap,exit]  garbage-first heap   total 2097152K, used 148524K [0x0000000700000000, 0x0000000800000000)
[3.690s][info][gc,heap,exit]   region size 2048K, 47 young (96256K), 8 survivors (16384K)
[3.690s][info][gc,heap,exit]  Metaspace       used 1918K, committed 2048K, reserved 1114112K
[3.690s][info][gc,heap,exit]   class space    used 206K, committed 256K, reserved 1048576K
