[0.009s][info][gc,init] CardTable entry size: 512
[0.009s][info][gc     ] Using G1
[0.019s][info][gc,init] Version: 21.0.5+9-LTS-239 (release)
[0.019s][info][gc,init] CPUs: 12 total, 12 available
[0.019s][info][gc,init] Memory: 16190M
[0.019s][info][gc,init] Large Page Support: Disabled
[0.019s][info][gc,init] NUMA Support: Disabled
[0.019s][info][gc,init] Compressed Oops: Enabled (Zero based)
[0.019s][info][gc,init] Heap Region Size: 2M
[0.019s][info][gc,init] Heap Min Capacity: 2G
[0.019s][info][gc,init] Heap Initial Capacity: 2G
[0.019s][info][gc,init] Heap Max Capacity: 4G
[0.019s][info][gc,init] Pre-touch: Disabled
[0.019s][info][gc,init] Parallel Workers: 10
[0.019s][info][gc,init] Concurrent Workers: 3
[0.021s][info][gc,init] Concurrent Refinement Workers: 10
[0.021s][info][gc,init] Periodic GC: Disabled
[0.028s][info][gc,metaspace] CDS archive(s) mapped at: [0x0000024d17000000-0x0000024d17c90000-0x0000024d17c90000), size 13172736, SharedBaseAddress: 0x0000024d17000000, ArchiveRelocationMode: 1.
[0.028s][info][gc,metaspace] Compressed class space mapped at: 0x0000024d18000000-0x0000024d58000000, reserved size: 1073741824
[0.028s][info][gc,metaspace] Narrow klass base: 0x0000024d17000000, Narrow klass shift: 0, Narrow klass range: 0x100000000
[0.499s][info][gc,start    ] GC(0) Pause Young (Normal) (G1 Evacuation Pause)
[0.500s][info][gc,task     ] GC(0) Using 10 workers of 10 for evacuation
[0.504s][info][gc,phases   ] GC(0)   Pre Evacuate Collection Set: 0.2ms
[0.504s][info][gc,phases   ] GC(0)   Merge Heap Roots: 0.1ms
[0.504s][info][gc,phases   ] GC(0)   Evacuate Collection Set: 3.5ms
[0.504s][info][gc,phases   ] GC(0)   Post Evacuate Collection Set: 0.5ms
[0.504s][info][gc,phases   ] GC(0)   Other: 0.9ms
[0.504s][info][gc,heap     ] GC(0) Eden regions: 51->0(44)
[0.504s][info][gc,heap     ] GC(0) Survivor regions: 0->7(7)
[0.504s][info][gc,heap     ] GC(0) Old regions: 0->4
[0.504s][info][gc,heap     ] GC(0) Humongous regions: 1->0
[0.504s][info][gc,metaspace] GC(0) Metaspace: 1310K(1472K)->1310K(1472K) NonClass: 1213K(1280K)->1213K(1280K) Class: 97K(192K)->97K(192K)
[0.504s][info][gc          ] GC(0) Pause Young (Normal) (G1 Evacuation Pause) 103M->21M(2048M) 5.488ms
[0.504s][info][gc,cpu      ] GC(0) User=0.05s Sys=0.03s Real=0.01s
[0.635s][info][gc,start    ] GC(1) Pause Young (Normal) (G1 Evacuation Pause)
[0.635s][info][gc,task     ] GC(1) Using 10 workers of 10 for evacuation
[0.640s][info][gc,phases   ] GC(1)   Pre Evacuate Collection Set: 0.2ms
[0.640s][info][gc,phases   ] GC(1)   Merge Heap Roots: 0.1ms
[0.640s][info][gc,phases   ] GC(1)   Evacuate Collection Set: 4.2ms
[0.640s][info][gc,phases   ] GC(1)   Post Evacuate Collection Set: 0.5ms
[0.640s][info][gc,phases   ] GC(1)   Other: 0.1ms
[0.640s][info][gc,heap     ] GC(1) Eden regions: 44->0(44)
[0.640s][info][gc,heap     ] GC(1) Survivor regions: 7->7(7)
[0.640s][info][gc,heap     ] GC(1) Old regions: 4->13
[0.640s][info][gc,heap     ] GC(1) Humongous regions: 0->0
[0.640s][info][gc,metaspace] GC(1) Metaspace: 1312K(1472K)->1312K(1472K) NonClass: 1214K(1280K)->1214K(1280K) Class: 97K(192K)->97K(192K)
[0.640s][info][gc          ] GC(1) Pause Young (Normal) (G1 Evacuation Pause) 109M->38M(2048M) 5.457ms
[0.640s][info][gc,cpu      ] GC(1) User=0.03s Sys=0.02s Real=0.01s
[0.706s][info][gc,start    ] GC(2) Pause Young (Normal) (G1 Evacuation Pause)
[0.706s][info][gc,task     ] GC(2) Using 10 workers of 10 for evacuation
[0.711s][info][gc,phases   ] GC(2)   Pre Evacuate Collection Set: 0.2ms
[0.711s][info][gc,phases   ] GC(2)   Merge Heap Roots: 0.1ms
[0.711s][info][gc,phases   ] GC(2)   Evacuate Collection Set: 3.6ms
[0.711s][info][gc,phases   ] GC(2)   Post Evacuate Collection Set: 0.4ms
[0.711s][info][gc,phases   ] GC(2)   Other: 0.1ms
[0.711s][info][gc,heap     ] GC(2) Eden regions: 44->0(44)
[0.711s][info][gc,heap     ] GC(2) Survivor regions: 7->7(7)
[0.711s][info][gc,heap     ] GC(2) Old regions: 13->21
[0.711s][info][gc,heap     ] GC(2) Humongous regions: 0->0
[0.711s][info][gc,metaspace] GC(2) Metaspace: 1313K(1472K)->1313K(1472K) NonClass: 1216K(1280K)->1216K(1280K) Class: 97K(192K)->97K(192K)
[0.711s][info][gc          ] GC(2) Pause Young (Normal) (G1 Evacuation Pause) 126M->55M(2048M) 4.674ms
[0.711s][info][gc,cpu      ] GC(2) User=0.00s Sys=0.00s Real=0.00s
[0.773s][info][gc,start    ] GC(3) Pause Young (Normal) (G1 Evacuation Pause)
[0.773s][info][gc,task     ] GC(3) Using 10 workers of 10 for evacuation
[0.778s][info][gc,phases   ] GC(3)   Pre Evacuate Collection Set: 0.3ms
[0.778s][info][gc,phases   ] GC(3)   Merge Heap Roots: 0.1ms
[0.778s][info][gc,phases   ] GC(3)   Evacuate Collection Set: 4.0ms
[0.778s][info][gc,phases   ] GC(3)   Post Evacuate Collection Set: 0.5ms
[0.778s][info][gc,phases   ] GC(3)   Other: 0.1ms
[0.778s][info][gc,heap     ] GC(3) Eden regions: 44->0(60)
[0.778s][info][gc,heap     ] GC(3) Survivor regions: 7->7(7)
[0.778s][info][gc,heap     ] GC(3) Old regions: 21->30
[0.778s][info][gc,heap     ] GC(3) Humongous regions: 0->0
[0.778s][info][gc,metaspace] GC(3) Metaspace: 1313K(1472K)->1313K(1472K) NonClass: 1216K(1280K)->1216K(1280K) Class: 97K(192K)->97K(192K)
[0.778s][info][gc          ] GC(3) Pause Young (Normal) (G1 Evacuation Pause) 143M->72M(2048M) 5.268ms
[0.778s][info][gc,cpu      ] GC(3) User=0.00s Sys=0.00s Real=0.01s
[0.865s][info][gc,start    ] GC(4) Pause Young (Normal) (G1 Evacuation Pause)
[0.865s][info][gc,task     ] GC(4) Using 10 workers of 10 for evacuation
[0.871s][info][gc,phases   ] GC(4)   Pre Evacuate Collection Set: 0.2ms
[0.871s][info][gc,phases   ] GC(4)   Merge Heap Roots: 0.1ms
[0.871s][info][gc,phases   ] GC(4)   Evacuate Collection Set: 5.3ms
[0.871s][info][gc,phases   ] GC(4)   Post Evacuate Collection Set: 0.5ms
[0.871s][info][gc,phases   ] GC(4)   Other: 0.1ms
[0.871s][info][gc,heap     ] GC(4) Eden regions: 60->0(90)
[0.871s][info][gc,heap     ] GC(4) Survivor regions: 7->9(9)
[0.871s][info][gc,heap     ] GC(4) Old regions: 30->40
[0.871s][info][gc,heap     ] GC(4) Humongous regions: 0->0
[0.871s][info][gc,metaspace] GC(4) Metaspace: 1313K(1472K)->1313K(1472K) NonClass: 1216K(1280K)->1216K(1280K) Class: 97K(192K)->97K(192K)
[0.871s][info][gc          ] GC(4) Pause Young (Normal) (G1 Evacuation Pause) 192M->96M(2048M) 6.564ms
[0.871s][info][gc,cpu      ] GC(4) User=0.00s Sys=0.00s Real=0.01s
[1.005s][info][gc,start    ] GC(5) Pause Young (Normal) (G1 Evacuation Pause)
[1.005s][info][gc,task     ] GC(5) Using 10 workers of 10 for evacuation
[1.013s][info][gc,phases   ] GC(5)   Pre Evacuate Collection Set: 0.2ms
[1.013s][info][gc,phases   ] GC(5)   Merge Heap Roots: 0.1ms
[1.014s][info][gc,phases   ] GC(5)   Evacuate Collection Set: 7.6ms
[1.014s][info][gc,phases   ] GC(5)   Post Evacuate Collection Set: 0.5ms
[1.014s][info][gc,phases   ] GC(5)   Other: 0.1ms
[1.014s][info][gc,heap     ] GC(5) Eden regions: 90->0(93)
[1.014s][info][gc,heap     ] GC(5) Survivor regions: 9->13(13)
[1.014s][info][gc,heap     ] GC(5) Old regions: 40->53
[1.014s][info][gc,heap     ] GC(5) Humongous regions: 0->0
[1.014s][info][gc,metaspace] GC(5) Metaspace: 1313K(1472K)->1313K(1472K) NonClass: 1216K(1280K)->1216K(1280K) Class: 97K(192K)->97K(192K)
[1.014s][info][gc          ] GC(5) Pause Young (Normal) (G1 Evacuation Pause) 276M->130M(2048M) 8.853ms
[1.014s][info][gc,cpu      ] GC(5) User=0.00s Sys=0.00s Real=0.01s
[1.140s][info][gc,start    ] GC(6) Pause Young (Normal) (G1 Evacuation Pause)
[1.140s][info][gc,task     ] GC(6) Using 10 workers of 10 for evacuation
[1.150s][info][gc,phases   ] GC(6)   Pre Evacuate Collection Set: 0.3ms
[1.150s][info][gc,phases   ] GC(6)   Merge Heap Roots: 0.1ms
[1.150s][info][gc,phases   ] GC(6)   Evacuate Collection Set: 8.9ms
[1.150s][info][gc,phases   ] GC(6)   Post Evacuate Collection Set: 0.5ms
[1.150s][info][gc,phases   ] GC(6)   Other: 0.1ms
[1.150s][info][gc,heap     ] GC(6) Eden regions: 93->0(118)
[1.150s][info][gc,heap     ] GC(6) Survivor regions: 13->14(14)
[1.150s][info][gc,heap     ] GC(6) Old regions: 53->70
[1.150s][info][gc,heap     ] GC(6) Humongous regions: 1->0
[1.150s][info][gc,metaspace] GC(6) Metaspace: 1313K(1472K)->1313K(1472K) NonClass: 1216K(1280K)->1216K(1280K) Class: 97K(192K)->97K(192K)
[1.150s][info][gc          ] GC(6) Pause Young (Normal) (G1 Evacuation Pause) 318M->167M(2048M) 10.294ms
[1.150s][info][gc,cpu      ] GC(6) User=0.02s Sys=0.14s Real=0.01s
[1.310s][info][gc,start    ] GC(7) Pause Young (Normal) (G1 Evacuation Pause)
[1.310s][info][gc,task     ] GC(7) Using 10 workers of 10 for evacuation
[1.322s][info][gc,phases   ] GC(7)   Pre Evacuate Collection Set: 0.2ms
[1.322s][info][gc,phases   ] GC(7)   Merge Heap Roots: 0.1ms
[1.322s][info][gc,phases   ] GC(7)   Evacuate Collection Set: 11.2ms
[1.323s][info][gc,phases   ] GC(7)   Post Evacuate Collection Set: 0.7ms
[1.323s][info][gc,phases   ] GC(7)   Other: 0.1ms
[1.323s][info][gc,heap     ] GC(7) Eden regions: 118->0(141)
[1.323s][info][gc,heap     ] GC(7) Survivor regions: 14->17(17)
[1.323s][info][gc,heap     ] GC(7) Old regions: 70->91
[1.323s][info][gc,heap     ] GC(7) Humongous regions: 0->0
[1.323s][info][gc,metaspace] GC(7) Metaspace: 1313K(1472K)->1313K(1472K) NonClass: 1216K(1280K)->1216K(1280K) Class: 97K(192K)->97K(192K)
[1.323s][info][gc          ] GC(7) Pause Young (Normal) (G1 Evacuation Pause) 403M->215M(2048M) 12.564ms
[1.323s][info][gc,cpu      ] GC(7) User=0.05s Sys=0.11s Real=0.01s
[1.506s][info][gc,start    ] GC(8) Pause Young (Normal) (G1 Evacuation Pause)
[1.506s][info][gc,task     ] GC(8) Using 10 workers of 10 for evacuation
[1.520s][info][gc,phases   ] GC(8)   Pre Evacuate Collection Set: 0.3ms
[1.520s][info][gc,phases   ] GC(8)   Merge Heap Roots: 0.1ms
[1.520s][info][gc,phases   ] GC(8)   Evacuate Collection Set: 13.6ms
[1.520s][info][gc,phases   ] GC(8)   Post Evacuate Collection Set: 0.5ms
[1.520s][info][gc,phases   ] GC(8)   Other: 0.1ms
[1.520s][info][gc,heap     ] GC(8) Eden regions: 141->0(178)
[1.520s][info][gc,heap     ] GC(8) Survivor regions: 17->20(20)
[1.520s][info][gc,heap     ] GC(8) Old regions: 91->116
[1.520s][info][gc,heap     ] GC(8) Humongous regions: 1->0
[1.520s][info][gc,metaspace] GC(8) Metaspace: 1313K(1472K)->1313K(1472K) NonClass: 1216K(1280K)->1216K(1280K) Class: 97K(192K)->97K(192K)
[1.521s][info][gc          ] GC(8) Pause Young (Normal) (G1 Evacuation Pause) 499M->270M(2048M) 14.821ms
[1.521s][info][gc,cpu      ] GC(8) User=0.08s Sys=0.08s Real=0.02s
[1.758s][info][gc,start    ] GC(9) Pause Young (Normal) (G1 Evacuation Pause)
[1.758s][info][gc,task     ] GC(9) Using 10 workers of 10 for evacuation
[1.774s][info][gc,phases   ] GC(9)   Pre Evacuate Collection Set: 0.3ms
[1.775s][info][gc,phases   ] GC(9)   Merge Heap Roots: 0.1ms
[1.775s][info][gc,phases   ] GC(9)   Evacuate Collection Set: 15.0ms
[1.775s][info][gc,phases   ] GC(9)   Post Evacuate Collection Set: 0.6ms
[1.775s][info][gc,phases   ] GC(9)   Other: 0.1ms
[1.775s][info][gc,heap     ] GC(9) Eden regions: 178->0(256)
[1.775s][info][gc,heap     ] GC(9) Survivor regions: 20->25(25)
[1.775s][info][gc,heap     ] GC(9) Old regions: 116->146
[1.775s][info][gc,heap     ] GC(9) Humongous regions: 0->0
[1.775s][info][gc,metaspace] GC(9) Metaspace: 1313K(1472K)->1313K(1472K) NonClass: 1216K(1280K)->1216K(1280K) Class: 97K(192K)->97K(192K)
[1.775s][info][gc          ] GC(9) Pause Young (Normal) (G1 Evacuation Pause) 626M->340M(2048M) 16.304ms
[1.775s][info][gc,cpu      ] GC(9) User=0.06s Sys=0.09s Real=0.02s
[2.122s][info][gc,start    ] GC(10) Pause Young (Normal) (G1 Evacuation Pause)
[2.123s][info][gc,task     ] GC(10) Using 10 workers of 10 for evacuation
[2.148s][info][gc,phases   ] GC(10)   Pre Evacuate Collection Set: 0.2ms
[2.148s][info][gc,phases   ] GC(10)   Merge Heap Roots: 0.2ms
[2.148s][info][gc,phases   ] GC(10)   Evacuate Collection Set: 24.2ms
[2.148s][info][gc,phases   ] GC(10)   Post Evacuate Collection Set: 0.7ms
[2.148s][info][gc,phases   ] GC(10)   Other: 0.1ms
[2.148s][info][gc,heap     ] GC(10) Eden regions: 256->0(261)
[2.148s][info][gc,heap     ] GC(10) Survivor regions: 25->36(36)
[2.148s][info][gc,heap     ] GC(10) Old regions: 146->184
[2.148s][info][gc,heap     ] GC(10) Humongous regions: 0->0
[2.148s][info][gc,metaspace] GC(10) Metaspace: 1313K(1472K)->1313K(1472K) NonClass: 1216K(1280K)->1216K(1280K) Class: 97K(192K)->97K(192K)
[2.148s][info][gc          ] GC(10) Pause Young (Normal) (G1 Evacuation Pause) 852M->438M(2048M) 25.546ms
[2.148s][info][gc,cpu      ] GC(10) User=0.16s Sys=0.16s Real=0.03s
[2.476s][info][gc,start    ] GC(11) Pause Young (Normal) (G1 Evacuation Pause)
[2.476s][info][gc,task     ] GC(11) Using 10 workers of 10 for evacuation
[2.502s][info][gc,phases   ] GC(11)   Pre Evacuate Collection Set: 0.3ms
[2.502s][info][gc,phases   ] GC(11)   Merge Heap Roots: 0.1ms
[2.502s][info][gc,phases   ] GC(11)   Evacuate Collection Set: 23.8ms
[2.502s][info][gc,phases   ] GC(11)   Post Evacuate Collection Set: 0.7ms
[2.502s][info][gc,phases   ] GC(11)   Other: 0.1ms
[2.502s][info][gc,heap     ] GC(11) Eden regions: 261->0(294)
[2.502s][info][gc,heap     ] GC(11) Survivor regions: 36->38(38)
[2.502s][info][gc,heap     ] GC(11) Old regions: 184->234
[2.502s][info][gc,heap     ] GC(11) Humongous regions: 2->0
[2.502s][info][gc,metaspace] GC(11) Metaspace: 1313K(1472K)->1313K(1472K) NonClass: 1216K(1280K)->1216K(1280K) Class: 97K(192K)->97K(192K)
[2.502s][info][gc          ] GC(11) Pause Young (Normal) (G1 Evacuation Pause) 964M->543M(2048M) 25.362ms
[2.502s][info][gc,cpu      ] GC(11) User=0.09s Sys=0.22s Real=0.02s
[2.877s][info][gc,start    ] GC(12) Pause Young (Normal) (G1 Evacuation Pause)
[2.877s][info][gc,task     ] GC(12) Using 10 workers of 10 for evacuation
[2.910s][info][gc,phases   ] GC(12)   Pre Evacuate Collection Set: 0.3ms
[2.910s][info][gc,phases   ] GC(12)   Merge Heap Roots: 0.1ms
[2.910s][info][gc,phases   ] GC(12)   Evacuate Collection Set: 31.4ms
[2.910s][info][gc,phases   ] GC(12)   Post Evacuate Collection Set: 0.8ms
[2.910s][info][gc,phases   ] GC(12)   Other: 0.1ms
[2.910s][info][gc,heap     ] GC(12) Eden regions: 294->0(370)
[2.910s][info][gc,heap     ] GC(12) Survivor regions: 38->42(42)
[2.910s][info][gc,heap     ] GC(12) Old regions: 234->287
[2.910s][info][gc,heap     ] GC(12) Humongous regions: 1->0
[2.910s][info][gc,metaspace] GC(12) Metaspace: 1313K(1472K)->1313K(1472K) NonClass: 1216K(1280K)->1216K(1280K) Class: 97K(192K)->97K(192K)
[2.910s][info][gc          ] GC(12) Pause Young (Normal) (G1 Evacuation Pause) 1133M->657M(2048M) 32.849ms
[2.910s][info][gc,cpu      ] GC(12) User=0.09s Sys=0.22s Real=0.03s
[3.419s][info][gc,start    ] GC(13) Pause Young (Normal) (G1 Evacuation Pause)
[3.419s][info][gc,task     ] GC(13) Using 10 workers of 10 for evacuation
[3.452s][info][gc,phases   ] GC(13)   Pre Evacuate Collection Set: 0.3ms
[3.452s][info][gc,phases   ] GC(13)   Merge Heap Roots: 0.1ms
[3.452s][info][gc,phases   ] GC(13)   Evacuate Collection Set: 31.6ms
[3.452s][info][gc,phases   ] GC(13)   Post Evacuate Collection Set: 0.9ms
[3.452s][info][gc,phases   ] GC(13)   Other: 0.1ms
[3.452s][info][gc,heap     ] GC(13) Eden regions: 370->0(404)
[3.452s][info][gc,heap     ] GC(13) Survivor regions: 42->52(52)
[3.452s][info][gc,heap     ] GC(13) Old regions: 287->352
[3.452s][info][gc,heap     ] GC(13) Humongous regions: 8->0
[3.452s][info][gc,metaspace] GC(13) Metaspace: 1313K(1472K)->1313K(1472K) NonClass: 1216K(1280K)->1216K(1280K) Class: 97K(192K)->97K(192K)
[3.452s][info][gc          ] GC(13) Pause Young (Normal) (G1 Evacuation Pause) 1413M->807M(2048M) 33.154ms
[3.452s][info][gc,cpu      ] GC(13) User=0.06s Sys=0.25s Real=0.03s
[3.957s][info][gc,start    ] GC(14) Pause Young (Normal) (G1 Evacuation Pause)
[3.957s][info][gc,task     ] GC(14) Using 10 workers of 10 for evacuation
[3.997s][info][gc,phases   ] GC(14)   Pre Evacuate Collection Set: 0.3ms
[3.997s][info][gc,phases   ] GC(14)   Merge Heap Roots: 0.1ms
[3.997s][info][gc,phases   ] GC(14)   Evacuate Collection Set: 38.7ms
[3.997s][info][gc,phases   ] GC(14)   Post Evacuate Collection Set: 0.8ms
[3.997s][info][gc,phases   ] GC(14)   Other: 0.1ms
[3.997s][info][gc,heap     ] GC(14) Eden regions: 404->0(351)
[3.997s][info][gc,heap     ] GC(14) Survivor regions: 52->57(57)
[3.997s][info][gc,heap     ] GC(14) Old regions: 352->428
[3.997s][info][gc,heap     ] GC(14) Humongous regions: 4->0
[3.997s][info][gc,metaspace] GC(14) Metaspace: 1313K(1472K)->1313K(1472K) NonClass: 1216K(1280K)->1216K(1280K) Class: 97K(192K)->97K(192K)
[3.997s][info][gc          ] GC(14) Pause Young (Normal) (G1 Evacuation Pause) 1623M->969M(2048M) 40.294ms
[3.997s][info][gc,cpu      ] GC(14) User=0.11s Sys=0.20s Real=0.04s
[4.440s][info][gc,start    ] GC(15) Pause Young (Normal) (G1 Evacuation Pause)
[4.440s][info][gc,task     ] GC(15) Using 10 workers of 10 for evacuation
[4.474s][info][gc,phases   ] GC(15)   Pre Evacuate Collection Set: 0.3ms
[4.474s][info][gc,phases   ] GC(15)   Merge Heap Roots: 0.1ms
[4.474s][info][gc,phases   ] GC(15)   Evacuate Collection Set: 33.1ms
[4.474s][info][gc,phases   ] GC(15)   Post Evacuate Collection Set: 0.7ms
[4.474s][info][gc,phases   ] GC(15)   Other: 0.1ms
[4.474s][info][gc,heap     ] GC(15) Eden regions: 351->0(314)
[4.474s][info][gc,heap     ] GC(15) Survivor regions: 57->51(51)
[4.474s][info][gc,heap     ] GC(15) Old regions: 428->503
[4.474s][info][gc,heap     ] GC(15) Humongous regions: 5->0
[4.474s][info][gc,metaspace] GC(15) Metaspace: 1314K(1472K)->1314K(1472K) NonClass: 1217K(1280K)->1217K(1280K) Class: 97K(192K)->97K(192K)
[4.474s][info][gc          ] GC(15) Pause Young (Normal) (G1 Evacuation Pause) 1681M->1106M(2048M) 34.549ms
[4.474s][info][gc,cpu      ] GC(15) User=0.09s Sys=0.22s Real=0.04s
[4.867s][info][gc,start    ] GC(16) Pause Young (Concurrent Start) (G1 Evacuation Pause)
[4.867s][info][gc,task     ] GC(16) Using 10 workers of 10 for evacuation
[4.891s][info][gc,phases   ] GC(16)   Pre Evacuate Collection Set: 0.4ms
[4.891s][info][gc,phases   ] GC(16)   Merge Heap Roots: 0.1ms
[4.891s][info][gc,phases   ] GC(16)   Evacuate Collection Set: 22.4ms
[4.891s][info][gc,phases   ] GC(16)   Post Evacuate Collection Set: 0.8ms
[4.891s][info][gc,phases   ] GC(16)   Other: 0.1ms
[4.891s][info][gc,heap     ] GC(16) Eden regions: 314->0(274)
[4.891s][info][gc,heap     ] GC(16) Survivor regions: 51->46(46)
[4.891s][info][gc,heap     ] GC(16) Old regions: 503->570
[4.891s][info][gc,heap     ] GC(16) Humongous regions: 0->0
[4.891s][info][gc,metaspace] GC(16) Metaspace: 1314K(1472K)->1314K(1472K) NonClass: 1217K(1280K)->1217K(1280K) Class: 97K(192K)->97K(192K)
[4.892s][info][gc          ] GC(16) Pause Young (Concurrent Start) (G1 Evacuation Pause) 1734M->1231M(2048M) 24.102ms
[4.892s][info][gc,cpu      ] GC(16) User=0.17s Sys=0.14s Real=0.02s
[4.892s][info][gc          ] GC(17) Concurrent Mark Cycle
[4.892s][info][gc,marking  ] GC(17) Concurrent Scan Root Regions
[4.894s][info][gc,marking  ] GC(17) Concurrent Scan Root Regions 2.257ms
[4.894s][info][gc,marking  ] GC(17) Concurrent Mark
[4.894s][info][gc,marking  ] GC(17) Concurrent Mark From Roots
[4.894s][info][gc,task     ] GC(17) Using 3 workers of 3 for marking
[4.899s][info][gc,marking  ] GC(17) Concurrent Mark From Roots 5.213ms
[4.899s][info][gc,marking  ] GC(17) Concurrent Preclean
[4.899s][info][gc,marking  ] GC(17) Concurrent Preclean 0.014ms
[4.899s][info][gc,start    ] GC(17) Pause Remark
[4.901s][info][gc          ] GC(17) Pause Remark 1243M->1243M(2074M) 1.440ms
[4.901s][info][gc,cpu      ] GC(17) User=0.00s Sys=0.00s Real=0.00s
[4.901s][info][gc,marking  ] GC(17) Concurrent Mark 6.954ms
[4.901s][info][gc,marking  ] GC(17) Concurrent Rebuild Remembered Sets and Scrub Regions
[4.902s][info][gc,marking  ] GC(17) Concurrent Rebuild Remembered Sets and Scrub Regions 1.219ms
[4.902s][info][gc,start    ] GC(17) Pause Cleanup
[4.903s][info][gc          ] GC(17) Pause Cleanup 1244M->1244M(2074M) 0.261ms
[4.903s][info][gc,cpu      ] GC(17) User=0.00s Sys=0.00s Real=0.00s
[4.903s][info][gc,marking  ] GC(17) Concurrent Clear Claimed Marks
[4.903s][info][gc,marking  ] GC(17) Concurrent Clear Claimed Marks 0.024ms
[4.903s][info][gc,marking  ] GC(17) Concurrent Cleanup for Next Mark
[4.906s][info][gc,marking  ] GC(17) Concurrent Cleanup for Next Mark 3.311ms
[4.906s][info][gc          ] GC(17) Concurrent Mark Cycle 14.486ms
[5.249s][info][gc,start    ] GC(18) Pause Young (Prepare Mixed) (G1 Evacuation Pause)
[5.249s][info][gc,task     ] GC(18) Using 10 workers of 10 for evacuation
[5.269s][info][gc,phases   ] GC(18)   Pre Evacuate Collection Set: 0.3ms
[5.269s][info][gc,phases   ] GC(18)   Merge Heap Roots: 0.1ms
[5.269s][info][gc,phases   ] GC(18)   Evacuate Collection Set: 19.3ms
[5.270s][info][gc,phases   ] GC(18)   Post Evacuate Collection Set: 0.7ms
[5.270s][info][gc,phases   ] GC(18)   Other: 0.1ms
[5.270s][info][gc,heap     ] GC(18) Eden regions: 274->0(247)
[5.270s][info][gc,heap     ] GC(18) Survivor regions: 46->40(40)
[5.270s][info][gc,heap     ] GC(18) Old regions: 570->630
[5.270s][info][gc,heap     ] GC(18) Humongous regions: 2->0
[5.270s][info][gc,metaspace] GC(18) Metaspace: 1314K(1472K)->1314K(1472K) NonClass: 1217K(1280K)->1217K(1280K) Class: 97K(192K)->97K(192K)
[5.270s][info][gc          ] GC(18) Pause Young (Prepare Mixed) (G1 Evacuation Pause) 1783M->1338M(2074M) 20.815ms
[5.270s][info][gc,cpu      ] GC(18) User=0.17s Sys=0.14s Real=0.02s
[5.579s][info][gc,start    ] GC(19) Pause Young (Mixed) (G1 Evacuation Pause)
[5.579s][info][gc,task     ] GC(19) Using 10 workers of 10 for evacuation
[5.599s][info][gc,phases   ] GC(19)   Pre Evacuate Collection Set: 0.3ms
[5.599s][info][gc,phases   ] GC(19)   Merge Heap Roots: 0.1ms
[5.599s][info][gc,phases   ] GC(19)   Evacuate Collection Set: 18.0ms
[5.599s][info][gc,phases   ] GC(19)   Post Evacuate Collection Set: 0.7ms
[5.599s][info][gc,phases   ] GC(19)   Other: 0.1ms
[5.599s][info][gc,heap     ] GC(19) Eden regions: 247->0(215)
[5.599s][info][gc,heap     ] GC(19) Survivor regions: 40->36(36)
[5.599s][info][gc,heap     ] GC(19) Old regions: 630->681
[5.599s][info][gc,heap     ] GC(19) Humongous regions: 3->0
[5.599s][info][gc,metaspace] GC(19) Metaspace: 1314K(1472K)->1314K(1472K) NonClass: 1217K(1280K)->1217K(1280K) Class: 97K(192K)->97K(192K)
[5.599s][info][gc          ] GC(19) Pause Young (Mixed) (G1 Evacuation Pause) 1838M->1433M(2074M) 19.444ms
[5.599s][info][gc,cpu      ] GC(19) User=0.16s Sys=0.00s Real=0.02s
[5.613s][info][gc,start    ] GC(20) Pause Young (Concurrent Start) (G1 Humongous Allocation)
[5.614s][info][gc,task     ] GC(20) Using 10 workers of 10 for evacuation
[5.622s][info][gc,phases   ] GC(20)   Pre Evacuate Collection Set: 0.3ms
[5.623s][info][gc,phases   ] GC(20)   Merge Heap Roots: 0.1ms
[5.623s][info][gc,phases   ] GC(20)   Evacuate Collection Set: 7.8ms
[5.623s][info][gc,phases   ] GC(20)   Post Evacuate Collection Set: 0.6ms
[5.623s][info][gc,phases   ] GC(20)   Other: 0.2ms
[5.623s][info][gc,heap     ] GC(20) Eden regions: 13->0(213)
[5.623s][info][gc,heap     ] GC(20) Survivor regions: 36->3(32)
[5.623s][info][gc,heap     ] GC(20) Old regions: 681->717
[5.623s][info][gc,heap     ] GC(20) Humongous regions: 0->0
[5.623s][info][gc,metaspace] GC(20) Metaspace: 1314K(1472K)->1314K(1472K) NonClass: 1217K(1280K)->1217K(1280K) Class: 97K(192K)->97K(192K)
[5.623s][info][gc          ] GC(20) Pause Young (Concurrent Start) (G1 Humongous Allocation) 1458M->1439M(2074M) 9.195ms
[5.623s][info][gc,cpu      ] GC(20) User=0.00s Sys=0.00s Real=0.01s
[5.623s][info][gc          ] GC(21) Concurrent Mark Cycle
[5.623s][info][gc,marking  ] GC(21) Concurrent Scan Root Regions
[5.623s][info][gc,marking  ] GC(21) Concurrent Scan Root Regions 0.215ms
[5.623s][info][gc,marking  ] GC(21) Concurrent Mark
[5.623s][info][gc,marking  ] GC(21) Concurrent Mark From Roots
[5.623s][info][gc,task     ] GC(21) Using 3 workers of 3 for marking
[5.627s][info][gc,marking  ] GC(21) Concurrent Mark From Roots 3.853ms
[5.627s][info][gc,marking  ] GC(21) Concurrent Preclean
[5.627s][info][gc,marking  ] GC(21) Concurrent Preclean 0.016ms
[5.627s][info][gc,start    ] GC(21) Pause Remark
[5.629s][info][gc          ] GC(21) Pause Remark 1447M->1447M(2414M) 2.306ms
[5.629s][info][gc,cpu      ] GC(21) User=0.00s Sys=0.00s Real=0.00s
[5.629s][info][gc,marking  ] GC(21) Concurrent Mark 6.413ms
[5.629s][info][gc,marking  ] GC(21) Concurrent Rebuild Remembered Sets and Scrub Regions
[5.631s][info][gc,marking  ] GC(21) Concurrent Rebuild Remembered Sets and Scrub Regions 1.417ms
[5.631s][info][gc,start    ] GC(21) Pause Cleanup
[5.631s][info][gc          ] GC(21) Pause Cleanup 1449M->1449M(2414M) 0.335ms
[5.631s][info][gc,cpu      ] GC(21) User=0.00s Sys=0.00s Real=0.00s
[5.631s][info][gc,marking  ] GC(21) Concurrent Clear Claimed Marks
[5.631s][info][gc,marking  ] GC(21) Concurrent Clear Claimed Marks 0.025ms
[5.631s][info][gc,marking  ] GC(21) Concurrent Cleanup for Next Mark
[5.635s][info][gc,marking  ] GC(21) Concurrent Cleanup for Next Mark 3.818ms
[5.635s][info][gc          ] GC(21) Concurrent Mark Cycle 12.600ms
[5.976s][info][gc,start    ] GC(22) Pause Young (Prepare Mixed) (G1 Evacuation Pause)
[5.976s][info][gc,task     ] GC(22) Using 10 workers of 10 for evacuation
[5.986s][info][gc,phases   ] GC(22)   Pre Evacuate Collection Set: 0.3ms
[5.986s][info][gc,phases   ] GC(22)   Merge Heap Roots: 0.1ms
[5.986s][info][gc,phases   ] GC(22)   Evacuate Collection Set: 8.8ms
[5.986s][info][gc,phases   ] GC(22)   Post Evacuate Collection Set: 0.7ms
[5.986s][info][gc,phases   ] GC(22)   Other: 0.1ms
[5.986s][info][gc,heap     ] GC(22) Eden regions: 213->0(289)
[5.986s][info][gc,heap     ] GC(22) Survivor regions: 3->27(27)
[5.986s][info][gc,heap     ] GC(22) Old regions: 717->735
[5.986s][info][gc,heap     ] GC(22) Humongous regions: 2->0
[5.986s][info][gc,metaspace] GC(22) Metaspace: 1314K(1472K)->1314K(1472K) NonClass: 1217K(1280K)->1217K(1280K) Class: 97K(192K)->97K(192K)
[5.986s][info][gc          ] GC(22) Pause Young (Prepare Mixed) (G1 Evacuation Pause) 1869M->1523M(2414M) 10.274ms
[5.986s][info][gc,cpu      ] GC(22) User=0.16s Sys=0.00s Real=0.01s
[6.348s][info][gc,start    ] GC(23) Pause Young (Mixed) (G1 Evacuation Pause)
[6.348s][info][gc,task     ] GC(23) Using 10 workers of 10 for evacuation
[6.367s][info][gc,phases   ] GC(23)   Pre Evacuate Collection Set: 0.3ms
[6.367s][info][gc,phases   ] GC(23)   Merge Heap Roots: 0.2ms
[6.367s][info][gc,phases   ] GC(23)   Evacuate Collection Set: 17.4ms
[6.367s][info][gc,phases   ] GC(23)   Post Evacuate Collection Set: 0.8ms
[6.367s][info][gc,phases   ] GC(23)   Other: 0.1ms
[6.367s][info][gc,heap     ] GC(23) Eden regions: 289->0(258)
[6.367s][info][gc,heap     ] GC(23) Survivor regions: 27->40(40)
[6.367s][info][gc,heap     ] GC(23) Old regions: 735->777
[6.367s][info][gc,heap     ] GC(23) Humongous regions: 1->0
[6.367s][info][gc,metaspace] GC(23) Metaspace: 1314K(1472K)->1314K(1472K) NonClass: 1217K(1280K)->1217K(1280K) Class: 97K(192K)->97K(192K)
[6.367s][info][gc          ] GC(23) Pause Young (Mixed) (G1 Evacuation Pause) 2103M->1633M(2414M) 18.887ms
[6.367s][info][gc,cpu      ] GC(23) User=0.16s Sys=0.00s Real=0.02s
[6.494s][info][gc,start    ] GC(24) Pause Young (Concurrent Start) (G1 Humongous Allocation)
[6.494s][info][gc,task     ] GC(24) Using 10 workers of 10 for evacuation
[6.507s][info][gc,phases   ] GC(24)   Pre Evacuate Collection Set: 0.3ms
[6.507s][info][gc,phases   ] GC(24)   Merge Heap Roots: 0.1ms
[6.507s][info][gc,phases   ] GC(24)   Evacuate Collection Set: 11.7ms
[6.507s][info][gc,phases   ] GC(24)   Post Evacuate Collection Set: 0.7ms
[6.507s][info][gc,phases   ] GC(24)   Other: 0.2ms
[6.507s][info][gc,heap     ] GC(24) Eden regions: 102->0(249)
[6.507s][info][gc,heap     ] GC(24) Survivor regions: 40->21(38)
[6.507s][info][gc,heap     ] GC(24) Old regions: 777->817
[6.507s][info][gc,heap     ] GC(24) Humongous regions: 0->0
[6.507s][info][gc,metaspace] GC(24) Metaspace: 1314K(1472K)->1314K(1472K) NonClass: 1217K(1280K)->1217K(1280K) Class: 97K(192K)->97K(192K)
[6.507s][info][gc          ] GC(24) Pause Young (Concurrent Start) (G1 Humongous Allocation) 1835M->1673M(2414M) 13.158ms
[6.507s][info][gc,cpu      ] GC(24) User=0.14s Sys=0.02s Real=0.01s
[6.507s][info][gc          ] GC(25) Concurrent Mark Cycle
[6.507s][info][gc,marking  ] GC(25) Concurrent Scan Root Regions
[6.509s][info][gc,marking  ] GC(25) Concurrent Scan Root Regions 1.342ms
[6.509s][info][gc,marking  ] GC(25) Concurrent Mark
[6.509s][info][gc,marking  ] GC(25) Concurrent Mark From Roots
[6.509s][info][gc,task     ] GC(25) Using 3 workers of 3 for marking
[6.513s][info][gc,marking  ] GC(25) Concurrent Mark From Roots 4.763ms
[6.513s][info][gc,marking  ] GC(25) Concurrent Preclean
[6.513s][info][gc,marking  ] GC(25) Concurrent Preclean 0.016ms
[6.514s][info][gc,start    ] GC(25) Pause Remark
[6.516s][info][gc          ] GC(25) Pause Remark 1684M->1684M(2814M) 2.355ms
[6.516s][info][gc,cpu      ] GC(25) User=0.00s Sys=0.00s Real=0.00s
[6.516s][info][gc,marking  ] GC(25) Concurrent Mark 7.364ms
[6.516s][info][gc,marking  ] GC(25) Concurrent Rebuild Remembered Sets and Scrub Regions
[6.518s][info][gc,marking  ] GC(25) Concurrent Rebuild Remembered Sets and Scrub Regions 1.569ms
[6.518s][info][gc,start    ] GC(25) Pause Cleanup
[6.518s][info][gc          ] GC(25) Pause Cleanup 1686M->1686M(2814M) 0.303ms
[6.518s][info][gc,cpu      ] GC(25) User=0.00s Sys=0.00s Real=0.00s
[6.518s][info][gc,marking  ] GC(25) Concurrent Clear Claimed Marks
[6.518s][info][gc,marking  ] GC(25) Concurrent Clear Claimed Marks 0.024ms
[6.518s][info][gc,marking  ] GC(25) Concurrent Cleanup for Next Mark
[6.522s][info][gc,marking  ] GC(25) Concurrent Cleanup for Next Mark 3.690ms
[6.522s][info][gc          ] GC(25) Concurrent Mark Cycle 14.647ms
[6.923s][info][gc,start    ] GC(26) Pause Young (Prepare Mixed) (G1 Evacuation Pause)
[6.923s][info][gc,task     ] GC(26) Using 10 workers of 10 for evacuation
[6.938s][info][gc,phases   ] GC(26)   Pre Evacuate Collection Set: 0.3ms
[6.938s][info][gc,phases   ] GC(26)   Merge Heap Roots: 0.1ms
[6.938s][info][gc,phases   ] GC(26)   Evacuate Collection Set: 13.4ms
[6.938s][info][gc,phases   ] GC(26)   Post Evacuate Collection Set: 0.9ms
[6.938s][info][gc,phases   ] GC(26)   Other: 0.1ms
[6.938s][info][gc,heap     ] GC(26) Eden regions: 249->0(353)
[6.938s][info][gc,heap     ] GC(26) Survivor regions: 21->34(34)
[6.938s][info][gc,heap     ] GC(26) Old regions: 817->851
[6.938s][info][gc,heap     ] GC(26) Humongous regions: 2->0
[6.938s][info][gc,metaspace] GC(26) Metaspace: 1314K(1472K)->1314K(1472K) NonClass: 1217K(1280K)->1217K(1280K) Class: 97K(192K)->97K(192K)
[6.938s][info][gc          ] GC(26) Pause Young (Prepare Mixed) (G1 Evacuation Pause) 2175M->1769M(2866M) 15.064ms
[6.938s][info][gc,cpu      ] GC(26) User=0.02s Sys=0.00s Real=0.02s
[7.384s][info][gc,start    ] GC(27) Pause Young (Mixed) (G1 Evacuation Pause)
[7.384s][info][gc,task     ] GC(27) Using 10 workers of 10 for evacuation
[7.407s][info][gc,phases   ] GC(27)   Pre Evacuate Collection Set: 0.3ms
[7.407s][info][gc,phases   ] GC(27)   Merge Heap Roots: 0.2ms
[7.407s][info][gc,phases   ] GC(27)   Evacuate Collection Set: 21.2ms
[7.407s][info][gc,phases   ] GC(27)   Post Evacuate Collection Set: 0.8ms
[7.407s][info][gc,phases   ] GC(27)   Other: 0.1ms
[7.407s][info][gc,heap     ] GC(27) Eden regions: 353->0(314)
[7.407s][info][gc,heap     ] GC(27) Survivor regions: 34->49(49)
[7.407s][info][gc,heap     ] GC(27) Old regions: 851->906
[7.407s][info][gc,heap     ] GC(27) Humongous regions: 5->0
[7.407s][info][gc,metaspace] GC(27) Metaspace: 1315K(1472K)->1315K(1472K) NonClass: 1217K(1280K)->1217K(1280K) Class: 97K(192K)->97K(192K)
[7.407s][info][gc          ] GC(27) Pause Young (Mixed) (G1 Evacuation Pause) 2485M->1909M(2866M) 22.736ms
[7.407s][info][gc,cpu      ] GC(27) User=0.16s Sys=0.00s Real=0.02s
[8.592s][info][gc,start    ] GC(28) Pause Young (Concurrent Start) (G1 Evacuation Pause)
[8.592s][info][gc,task     ] GC(28) Using 10 workers of 10 for evacuation
[8.615s][info][gc,phases   ] GC(28)   Pre Evacuate Collection Set: 0.3ms
[8.615s][info][gc,phases   ] GC(28)   Merge Heap Roots: 0.1ms
[8.615s][info][gc,phases   ] GC(28)   Evacuate Collection Set: 21.2ms
[8.615s][info][gc,phases   ] GC(28)   Post Evacuate Collection Set: 0.6ms
[8.615s][info][gc,phases   ] GC(28)   Other: 0.2ms
[8.615s][info][gc,heap     ] GC(28) Eden regions: 314->0(312)
[8.615s][info][gc,heap     ] GC(28) Survivor regions: 49->22(46)
[8.615s][info][gc,heap     ] GC(28) Old regions: 906->955
[8.615s][info][gc,heap     ] GC(28) Humongous regions: 3->3
[8.615s][info][gc,metaspace] GC(28) Metaspace: 1543K(1664K)->1543K(1664K) NonClass: 1417K(1472K)->1417K(1472K) Class: 126K(192K)->126K(192K)
[8.615s][info][gc          ] GC(28) Pause Young (Concurrent Start) (G1 Evacuation Pause) 2543M->1959M(2866M) 22.635ms
[8.615s][info][gc,cpu      ] GC(28) User=0.31s Sys=0.00s Real=0.02s
[8.615s][info][gc          ] GC(29) Concurrent Mark Cycle
[8.615s][info][gc,marking  ] GC(29) Concurrent Scan Root Regions
[8.619s][info][gc,marking  ] GC(29) Concurrent Scan Root Regions 4.006ms
[8.619s][info][gc,marking  ] GC(29) Concurrent Mark
[8.619s][info][gc,marking  ] GC(29) Concurrent Mark From Roots
[8.619s][info][gc,task     ] GC(29) Using 3 workers of 3 for marking
[8.625s][info][gc,marking  ] GC(29) Concurrent Mark From Roots 6.244ms
[8.625s][info][gc,marking  ] GC(29) Concurrent Preclean
[8.625s][info][gc,marking  ] GC(29) Concurrent Preclean 0.016ms
[8.625s][info][gc,start    ] GC(29) Pause Remark
[8.628s][info][gc          ] GC(29) Pause Remark 1965M->1963M(3274M) 2.554ms
[8.628s][info][gc,cpu      ] GC(29) User=0.00s Sys=0.00s Real=0.00s
[8.628s][info][gc,marking  ] GC(29) Concurrent Mark 9.137ms
[8.628s][info][gc,marking  ] GC(29) Concurrent Rebuild Remembered Sets and Scrub Regions
[8.633s][info][gc,marking  ] GC(29) Concurrent Rebuild Remembered Sets and Scrub Regions 4.685ms
[8.633s][info][gc,start    ] GC(29) Pause Cleanup
[8.633s][info][gc          ] GC(29) Pause Cleanup 1966M->1966M(3274M) 0.287ms
[8.633s][info][gc,cpu      ] GC(29) User=0.00s Sys=0.00s Real=0.00s
[8.633s][info][gc,marking  ] GC(29) Concurrent Clear Claimed Marks
[8.633s][info][gc,marking  ] GC(29) Concurrent Clear Claimed Marks 0.030ms
[8.633s][info][gc,marking  ] GC(29) Concurrent Cleanup for Next Mark
[8.638s][info][gc,marking  ] GC(29) Concurrent Cleanup for Next Mark 4.209ms
[8.638s][info][gc          ] GC(29) Concurrent Mark Cycle 22.689ms
[9.720s][info][gc,start    ] GC(30) Pause Young (Prepare Mixed) (G1 Evacuation Pause)
[9.720s][info][gc,task     ] GC(30) Using 10 workers of 10 for evacuation
[9.744s][info][gc,phases   ] GC(30)   Pre Evacuate Collection Set: 0.3ms
[9.744s][info][gc,phases   ] GC(30)   Merge Heap Roots: 0.1ms
[9.744s][info][gc,phases   ] GC(30)   Evacuate Collection Set: 23.3ms
[9.744s][info][gc,phases   ] GC(30)   Post Evacuate Collection Set: 0.7ms
[9.744s][info][gc,phases   ] GC(30)   Other: 0.1ms
[9.744s][info][gc,heap     ] GC(30) Eden regions: 312->0(452)
[9.745s][info][gc,heap     ] GC(30) Survivor regions: 22->13(42)
[9.745s][info][gc,heap     ] GC(30) Old regions: 955->976
[9.745s][info][gc,heap     ] GC(30) Humongous regions: 5->5
[9.745s][info][gc,metaspace] GC(30) Metaspace: 1543K(1664K)->1543K(1664K) NonClass: 1417K(1472K)->1417K(1472K) Class: 126K(192K)->126K(192K)
[9.745s][info][gc          ] GC(30) Pause Young (Prepare Mixed) (G1 Evacuation Pause) 2587M->1987M(3274M) 24.709ms
[9.745s][info][gc,cpu      ] GC(30) User=0.16s Sys=0.00s Real=0.02s
[9.974s][info][gc,start    ] GC(31) Pause Young (Mixed) (G1 Evacuation Pause)
[9.975s][info][gc,task     ] GC(31) Using 10 workers of 10 for evacuation
[9.988s][info][gc,phases   ] GC(31)   Pre Evacuate Collection Set: 0.3ms
[9.988s][info][gc,phases   ] GC(31)   Merge Heap Roots: 0.4ms
[9.988s][info][gc,phases   ] GC(31)   Evacuate Collection Set: 12.2ms
[9.988s][info][gc,phases   ] GC(31)   Post Evacuate Collection Set: 0.5ms
[9.988s][info][gc,phases   ] GC(31)   Other: 0.1ms
[9.988s][info][gc,heap     ] GC(31) Eden regions: 68->0(451)
[9.988s][info][gc,heap     ] GC(31) Survivor regions: 13->4(11)
[9.988s][info][gc,heap     ] GC(31) Old regions: 976->989
[9.988s][info][gc,heap     ] GC(31) Humongous regions: 5->5
[9.988s][info][gc,metaspace] GC(31) Metaspace: 1543K(1664K)->1543K(1664K) NonClass: 1417K(1472K)->1417K(1472K) Class: 126K(192K)->126K(192K)
[9.988s][info][gc          ] GC(31) Pause Young (Mixed) (G1 Evacuation Pause) 2123M->1994M(3274M) 13.802ms
[9.988s][info][gc,cpu      ] GC(31) User=0.16s Sys=0.00s Real=0.01s
[10.494s][info][gc,start    ] GC(32) Pause Young (Mixed) (G1 Evacuation Pause)
[10.494s][info][gc,task     ] GC(32) Using 10 workers of 10 for evacuation
[10.504s][info][gc,phases   ] GC(32)   Pre Evacuate Collection Set: 0.2ms
[10.504s][info][gc,phases   ] GC(32)   Merge Heap Roots: 0.2ms
[10.504s][info][gc,phases   ] GC(32)   Evacuate Collection Set: 8.5ms
[10.504s][info][gc,phases   ] GC(32)   Post Evacuate Collection Set: 0.5ms
[10.504s][info][gc,phases   ] GC(32)   Other: 0.1ms
[10.504s][info][gc,heap     ] GC(32) Eden regions: 148->0(167)
[10.504s][info][gc,heap     ] GC(32) Survivor regions: 4->7(19)
[10.504s][info][gc,heap     ] GC(32) Old regions: 989->989
[10.504s][info][gc,heap     ] GC(32) Humongous regions: 5->5
[10.504s][info][gc,metaspace] GC(32) Metaspace: 1543K(1664K)->1543K(1664K) NonClass: 1417K(1472K)->1417K(1472K) Class: 126K(192K)->126K(192K)
[10.504s][info][gc          ] GC(32) Pause Young (Mixed) (G1 Evacuation Pause) 2290M->2001M(3274M) 9.884ms
[10.504s][info][gc,cpu      ] GC(32) User=0.16s Sys=0.00s Real=0.01s
[10.760s][info][gc,start    ] GC(33) Pause Young (Mixed) (G1 Evacuation Pause)
[10.760s][info][gc,task     ] GC(33) Using 10 workers of 10 for evacuation
[10.771s][info][gc,phases   ] GC(33)   Pre Evacuate Collection Set: 0.3ms
[10.771s][info][gc,phases   ] GC(33)   Merge Heap Roots: 0.2ms
[10.771s][info][gc,phases   ] GC(33)   Evacuate Collection Set: 10.1ms
[10.771s][info][gc,phases   ] GC(33)   Post Evacuate Collection Set: 0.5ms
[10.772s][info][gc,phases   ] GC(33)   Other: 0.1ms
[10.772s][info][gc,heap     ] GC(33) Eden regions: 74->0(454)
[10.772s][info][gc,heap     ] GC(33) Survivor regions: 7->8(11)
[10.772s][info][gc,heap     ] GC(33) Old regions: 989->992
[10.772s][info][gc,heap     ] GC(33) Humongous regions: 5->5
[10.772s][info][gc,metaspace] GC(33) Metaspace: 1543K(1664K)->1543K(1664K) NonClass: 1417K(1472K)->1417K(1472K) Class: 126K(192K)->126K(192K)
[10.772s][info][gc          ] GC(33) Pause Young (Mixed) (G1 Evacuation Pause) 2149M->2007M(3274M) 11.421ms
[10.772s][info][gc,cpu      ] GC(33) User=0.16s Sys=0.00s Real=0.01s
[12.365s][info][gc,start    ] GC(34) Pause Young (Mixed) (G1 Evacuation Pause)
[12.365s][info][gc,task     ] GC(34) Using 10 workers of 10 for evacuation
[12.394s][info][gc,phases   ] GC(34)   Pre Evacuate Collection Set: 0.3ms
[12.394s][info][gc,phases   ] GC(34)   Merge Heap Roots: 0.4ms
[12.394s][info][gc,phases   ] GC(34)   Evacuate Collection Set: 27.5ms
[12.394s][info][gc,phases   ] GC(34)   Post Evacuate Collection Set: 0.7ms
[12.394s][info][gc,phases   ] GC(34)   Other: 0.1ms
[12.394s][info][gc,heap     ] GC(34) Eden regions: 454->0(476)
[12.394s][info][gc,heap     ] GC(34) Survivor regions: 8->24(58)
[12.394s][info][gc,heap     ] GC(34) Old regions: 992->991
[12.394s][info][gc,heap     ] GC(34) Humongous regions: 10->10
[12.394s][info][gc,metaspace] GC(34) Metaspace: 1564K(1664K)->1564K(1664K) NonClass: 1436K(1472K)->1436K(1472K) Class: 128K(192K)->128K(192K)
[12.394s][info][gc          ] GC(34) Pause Young (Mixed) (G1 Evacuation Pause) 2925M->2049M(3274M) 29.291ms
[12.394s][info][gc,cpu      ] GC(34) User=0.30s Sys=0.02s Real=0.03s
[12.605s][info][gc,start    ] GC(35) Pause Young (Normal) (G1 Evacuation Pause)
[12.605s][info][gc,task     ] GC(35) Using 10 workers of 10 for evacuation
[12.628s][info][gc,phases   ] GC(35)   Pre Evacuate Collection Set: 0.2ms
[12.628s][info][gc,phases   ] GC(35)   Merge Heap Roots: 0.3ms
[12.628s][info][gc,phases   ] GC(35)   Evacuate Collection Set: 21.8ms
[12.628s][info][gc,phases   ] GC(35)   Post Evacuate Collection Set: 0.4ms
[12.628s][info][gc,phases   ] GC(35)   Other: 0.1ms
[12.628s][info][gc,heap     ] GC(35) Eden regions: 57->0(495)
[12.628s][info][gc,heap     ] GC(35) Survivor regions: 24->4(11)
[12.628s][info][gc,heap     ] GC(35) Old regions: 991->1015
[12.628s][info][gc,heap     ] GC(35) Humongous regions: 10->10
[12.628s][info][gc,metaspace] GC(35) Metaspace: 1564K(1664K)->1564K(1664K) NonClass: 1436K(1472K)->1436K(1472K) Class: 128K(192K)->128K(192K)
[12.628s][info][gc          ] GC(35) Pause Young (Normal) (G1 Evacuation Pause) 2163M->2055M(3274M) 23.096ms
[12.628s][info][gc,cpu      ] GC(35) User=0.31s Sys=0.00s Real=0.02s
[13.377s][info][gc,start    ] GC(36) Pause Young (Normal) (G1 Evacuation Pause)
[13.377s][info][gc,task     ] GC(36) Using 10 workers of 10 for evacuation
[13.389s][info][gc,phases   ] GC(36)   Pre Evacuate Collection Set: 0.3ms
[13.389s][info][gc,phases   ] GC(36)   Merge Heap Roots: 0.3ms
[13.389s][info][gc,phases   ] GC(36)   Evacuate Collection Set: 10.9ms
[13.389s][info][gc,phases   ] GC(36)   Post Evacuate Collection Set: 0.6ms
[13.389s][info][gc,phases   ] GC(36)   Other: 0.1ms
[13.389s][info][gc,heap     ] GC(36) Eden regions: 214->0(506)
[13.389s][info][gc,heap     ] GC(36) Survivor regions: 4->9(28)
[13.389s][info][gc,heap     ] GC(36) Old regions: 1015->1015
[13.389s][info][gc,heap     ] GC(36) Humongous regions: 10->10
[13.389s][info][gc,metaspace] GC(36) Metaspace: 1564K(1664K)->1564K(1664K) NonClass: 1436K(1472K)->1436K(1472K) Class: 128K(192K)->128K(192K)
[13.389s][info][gc          ] GC(36) Pause Young (Normal) (G1 Evacuation Pause) 2483M->2064M(3274M) 12.403ms
[13.389s][info][gc,cpu      ] GC(36) User=0.00s Sys=0.00s Real=0.01s
[13.866s][info][gc,start    ] GC(37) Pause Young (Normal) (G1 Evacuation Pause)
[13.866s][info][gc,task     ] GC(37) Using 10 workers of 10 for evacuation
[13.880s][info][gc,phases   ] GC(37)   Pre Evacuate Collection Set: 0.3ms
[13.880s][info][gc,phases   ] GC(37)   Merge Heap Roots: 0.2ms
[13.880s][info][gc,phases   ] GC(37)   Evacuate Collection Set: 12.7ms
[13.880s][info][gc,phases   ] GC(37)   Post Evacuate Collection Set: 0.6ms
[13.880s][info][gc,phases   ] GC(37)   Other: 0.1ms
[13.880s][info][gc,heap     ] GC(37) Eden regions: 138->0(505)
[13.880s][info][gc,heap     ] GC(37) Survivor regions: 9->12(19)
[13.880s][info][gc,heap     ] GC(37) Old regions: 1015->1015
[13.880s][info][gc,heap     ] GC(37) Humongous regions: 10->10
[13.880s][info][gc,metaspace] GC(37) Metaspace: 1564K(1664K)->1564K(1664K) NonClass: 1436K(1472K)->1436K(1472K) Class: 128K(192K)->128K(192K)
[13.880s][info][gc          ] GC(37) Pause Young (Normal) (G1 Evacuation Pause) 2340M->2072M(3274M) 14.127ms
[13.880s][info][gc,cpu      ] GC(37) User=0.16s Sys=0.00s Real=0.01s
[14.486s][info][gc,start    ] GC(38) Pause Young (Concurrent Start) (G1 Evacuation Pause)
[14.486s][info][gc,task     ] GC(38) Using 10 workers of 10 for evacuation
[14.503s][info][gc,phases   ] GC(38)   Pre Evacuate Collection Set: 0.3ms
[14.503s][info][gc,phases   ] GC(38)   Merge Heap Roots: 0.3ms
[14.504s][info][gc,phases   ] GC(38)   Evacuate Collection Set: 16.0ms
[14.504s][info][gc,phases   ] GC(38)   Post Evacuate Collection Set: 0.7ms
[14.504s][info][gc,phases   ] GC(38)   Other: 0.2ms
[14.504s][info][gc,heap     ] GC(38) Eden regions: 178->0(495)
[14.504s][info][gc,heap     ] GC(38) Survivor regions: 12->17(24)
[14.504s][info][gc,heap     ] GC(38) Old regions: 1015->1015
[14.504s][info][gc,heap     ] GC(38) Humongous regions: 10->10
[14.504s][info][gc,metaspace] GC(38) Metaspace: 1564K(1664K)->1564K(1664K) NonClass: 1436K(1472K)->1436K(1472K) Class: 128K(192K)->128K(192K)
[14.504s][info][gc          ] GC(38) Pause Young (Concurrent Start) (G1 Evacuation Pause) 2428M->2082M(3274M) 17.717ms
[14.504s][info][gc,cpu      ] GC(38) User=0.16s Sys=0.00s Real=0.02s
[14.504s][info][gc          ] GC(39) Concurrent Mark Cycle
[14.504s][info][gc,marking  ] GC(39) Concurrent Scan Root Regions
[14.508s][info][gc,marking  ] GC(39) Concurrent Scan Root Regions 4.227ms
[14.508s][info][gc,marking  ] GC(39) Concurrent Mark
[14.508s][info][gc,marking  ] GC(39) Concurrent Mark From Roots
[14.508s][info][gc,task     ] GC(39) Using 3 workers of 3 for marking
[14.567s][info][gc,marking  ] GC(39) Concurrent Mark From Roots 59.337ms
[14.567s][info][gc,marking  ] GC(39) Concurrent Preclean
[14.567s][info][gc,marking  ] GC(39) Concurrent Preclean 0.023ms
[14.568s][info][gc,start    ] GC(39) Pause Remark
[14.570s][info][gc          ] GC(39) Pause Remark 2118M->2108M(3518M) 2.011ms
[14.570s][info][gc,cpu      ] GC(39) User=0.00s Sys=0.00s Real=0.00s
[14.570s][info][gc,marking  ] GC(39) Concurrent Mark 61.703ms
[14.570s][info][gc,marking  ] GC(39) Concurrent Rebuild Remembered Sets and Scrub Regions
[14.601s][info][gc,marking  ] GC(39) Concurrent Rebuild Remembered Sets and Scrub Regions 31.442ms
[14.601s][info][gc,start    ] GC(39) Pause Cleanup
[14.602s][info][gc          ] GC(39) Pause Cleanup 2124M->2124M(3518M) 0.362ms
[14.602s][info][gc,cpu      ] GC(39) User=0.00s Sys=0.00s Real=0.00s
[14.602s][info][gc,marking  ] GC(39) Concurrent Clear Claimed Marks
[14.602s][info][gc,marking  ] GC(39) Concurrent Clear Claimed Marks 0.031ms
[14.602s][info][gc,marking  ] GC(39) Concurrent Cleanup for Next Mark
[14.606s][info][gc,marking  ] GC(39) Concurrent Cleanup for Next Mark 4.412ms
[14.606s][info][gc          ] GC(39) Concurrent Mark Cycle 102.667ms
[15.452s][info][gc,start    ] GC(40) Pause Young (Prepare Mixed) (G1 Evacuation Pause)
[15.452s][info][gc,task     ] GC(40) Using 10 workers of 10 for evacuation
[15.475s][info][gc,phases   ] GC(40)   Pre Evacuate Collection Set: 0.3ms
[15.475s][info][gc,phases   ] GC(40)   Merge Heap Roots: 0.4ms
[15.475s][info][gc,phases   ] GC(40)   Evacuate Collection Set: 21.5ms
[15.475s][info][gc,phases   ] GC(40)   Post Evacuate Collection Set: 0.9ms
[15.475s][info][gc,phases   ] GC(40)   Other: 0.1ms
[15.475s][info][gc,heap     ] GC(40) Eden regions: 259->0(602)
[15.475s][info][gc,heap     ] GC(40) Survivor regions: 17->24(35)
[15.475s][info][gc,heap     ] GC(40) Old regions: 1015->1015
[15.475s][info][gc,heap     ] GC(40) Humongous regions: 5->5
[15.475s][info][gc,metaspace] GC(40) Metaspace: 1564K(1664K)->1564K(1664K) NonClass: 1436K(1472K)->1436K(1472K) Class: 128K(192K)->128K(192K)
[15.475s][info][gc          ] GC(40) Pause Young (Prepare Mixed) (G1 Evacuation Pause) 2590M->2084M(3518M) 23.485ms
[15.475s][info][gc,cpu      ] GC(40) User=0.27s Sys=0.00s Real=0.02s
[17.616s][info][gc,start    ] GC(41) Pause Young (Mixed) (G1 Evacuation Pause)
[17.616s][info][gc,task     ] GC(41) Using 10 workers of 10 for evacuation
[17.666s][info][gc,phases   ] GC(41)   Pre Evacuate Collection Set: 0.4ms
[17.666s][info][gc,phases   ] GC(41)   Merge Heap Roots: 0.7ms
[17.666s][info][gc,phases   ] GC(41)   Evacuate Collection Set: 48.1ms
[17.666s][info][gc,phases   ] GC(41)   Post Evacuate Collection Set: 0.9ms
[17.666s][info][gc,phases   ] GC(41)   Other: 0.2ms
[17.666s][info][gc,heap     ] GC(41) Eden regions: 602->0(560)
[17.666s][info][gc,heap     ] GC(41) Survivor regions: 24->42(79)
[17.666s][info][gc,heap     ] GC(41) Old regions: 1015->1012
[17.666s][info][gc,heap     ] GC(41) Humongous regions: 14->14
[17.666s][info][gc,metaspace] GC(41) Metaspace: 1564K(1664K)->1564K(1664K) NonClass: 1436K(1472K)->1436K(1472K) Class: 128K(192K)->128K(192K)
[17.666s][info][gc          ] GC(41) Pause Young (Mixed) (G1 Evacuation Pause) 3306M->2134M(3518M) 50.494ms
[17.666s][info][gc,cpu      ] GC(41) User=0.47s Sys=0.00s Real=0.05s
[17.822s][info][gc,start    ] GC(42) Pause Young (Concurrent Start) (G1 Evacuation Pause)
[17.822s][info][gc,task     ] GC(42) Using 10 workers of 10 for evacuation
[17.861s][info][gc,phases   ] GC(42)   Pre Evacuate Collection Set: 0.3ms
[17.861s][info][gc,phases   ] GC(42)   Merge Heap Roots: 0.5ms
[17.861s][info][gc,phases   ] GC(42)   Evacuate Collection Set: 37.8ms
[17.861s][info][gc,phases   ] GC(42)   Post Evacuate Collection Set: 0.5ms
[17.861s][info][gc,phases   ] GC(42)   Other: 0.2ms
[17.861s][info][gc,heap     ] GC(42) Eden regions: 45->0(593)
[17.861s][info][gc,heap     ] GC(42) Survivor regions: 42->5(11)
[17.861s][info][gc,heap     ] GC(42) Old regions: 1012->1053
[17.861s][info][gc,heap     ] GC(42) Humongous regions: 14->14
[17.861s][info][gc,metaspace] GC(42) Metaspace: 1564K(1664K)->1564K(1664K) NonClass: 1436K(1472K)->1436K(1472K) Class: 128K(192K)->128K(192K)
[17.861s][info][gc          ] GC(42) Pause Young (Concurrent Start) (G1 Evacuation Pause) 2224M->2143M(3518M) 39.576ms
[17.861s][info][gc,cpu      ] GC(42) User=0.47s Sys=0.00s Real=0.04s
[17.861s][info][gc          ] GC(43) Concurrent Mark Cycle
[17.861s][info][gc,marking  ] GC(43) Concurrent Scan Root Regions
[17.884s][info][gc,marking  ] GC(43) Concurrent Scan Root Regions 22.211ms
[17.884s][info][gc,marking  ] GC(43) Concurrent Mark
[17.884s][info][gc,marking  ] GC(43) Concurrent Mark From Roots
[17.884s][info][gc,task     ] GC(43) Using 3 workers of 3 for marking
[17.951s][info][gc,marking  ] GC(43) Concurrent Mark From Roots 67.299ms
[17.951s][info][gc,marking  ] GC(43) Concurrent Preclean
[17.951s][info][gc,marking  ] GC(43) Concurrent Preclean 0.027ms
[17.951s][info][gc,start    ] GC(43) Pause Remark
[17.953s][info][gc          ] GC(43) Pause Remark 2181M->2171M(3620M) 1.503ms
[17.953s][info][gc,cpu      ] GC(43) User=0.00s Sys=0.00s Real=0.00s
[17.953s][info][gc,marking  ] GC(43) Concurrent Mark 69.168ms
[17.953s][info][gc,marking  ] GC(43) Concurrent Rebuild Remembered Sets and Scrub Regions
[18.000s][info][gc,marking  ] GC(43) Concurrent Rebuild Remembered Sets and Scrub Regions 47.630ms
[18.001s][info][gc,start    ] GC(43) Pause Cleanup
[18.001s][info][gc          ] GC(43) Pause Cleanup 2193M->2193M(3620M) 0.403ms
[18.001s][info][gc,cpu      ] GC(43) User=0.00s Sys=0.00s Real=0.00s
[18.001s][info][gc,marking  ] GC(43) Concurrent Clear Claimed Marks
[18.001s][info][gc,marking  ] GC(43) Concurrent Clear Claimed Marks 0.039ms
[18.001s][info][gc,marking  ] GC(43) Concurrent Cleanup for Next Mark
[18.006s][info][gc,marking  ] GC(43) Concurrent Cleanup for Next Mark 4.292ms
[18.006s][info][gc          ] GC(43) Concurrent Mark Cycle 144.229ms
[20.021s][info][gc,start    ] GC(44) Pause Young (Prepare Mixed) (G1 Evacuation Pause)
[20.021s][info][gc,task     ] GC(44) Using 10 workers of 10 for evacuation
[20.043s][info][gc,phases   ] GC(44)   Pre Evacuate Collection Set: 0.4ms
[20.043s][info][gc,phases   ] GC(44)   Merge Heap Roots: 0.5ms
[20.043s][info][gc,phases   ] GC(44)   Evacuate Collection Set: 21.0ms
[20.043s][info][gc,phases   ] GC(44)   Post Evacuate Collection Set: 0.8ms
[20.043s][info][gc,phases   ] GC(44)   Other: 0.1ms
[20.043s][info][gc,heap     ] GC(44) Eden regions: 591->0(625)
[20.044s][info][gc,heap     ] GC(44) Survivor regions: 5->16(75)
[20.044s][info][gc,heap     ] GC(44) Old regions: 1053->1053
[20.044s][info][gc,heap     ] GC(44) Humongous regions: 9->9
[20.044s][info][gc,metaspace] GC(44) Metaspace: 1564K(1664K)->1564K(1664K) NonClass: 1436K(1472K)->1436K(1472K) Class: 128K(192K)->128K(192K)
[20.044s][info][gc          ] GC(44) Pause Young (Prepare Mixed) (G1 Evacuation Pause) 3315M->2155M(3620M) 22.998ms
[20.044s][info][gc,cpu      ] GC(44) User=0.16s Sys=0.00s Real=0.02s
[22.224s][info][gc,start    ] GC(45) Pause Young (Mixed) (G1 Evacuation Pause)
[22.224s][info][gc,task     ] GC(45) Using 10 workers of 10 for evacuation
[22.258s][info][gc,phases   ] GC(45)   Pre Evacuate Collection Set: 0.3ms
[22.258s][info][gc,phases   ] GC(45)   Merge Heap Roots: 0.5ms
[22.258s][info][gc,phases   ] GC(45)   Evacuate Collection Set: 32.1ms
[22.258s][info][gc,phases   ] GC(45)   Post Evacuate Collection Set: 0.9ms
[22.258s][info][gc,phases   ] GC(45)   Other: 0.1ms
[22.258s][info][gc,heap     ] GC(45) Eden regions: 625->0(595)
[22.258s][info][gc,heap     ] GC(45) Survivor regions: 16->31(81)
[22.258s][info][gc,heap     ] GC(45) Old regions: 1053->1053
[22.258s][info][gc,heap     ] GC(45) Humongous regions: 9->9
[22.258s][info][gc,metaspace] GC(45) Metaspace: 1564K(1664K)->1564K(1664K) NonClass: 1436K(1472K)->1436K(1472K) Class: 128K(192K)->128K(192K)
[22.258s][info][gc          ] GC(45) Pause Young (Mixed) (G1 Evacuation Pause) 3405M->2183M(3620M) 34.191ms
[22.258s][info][gc,cpu      ] GC(45) User=0.31s Sys=0.00s Real=0.03s
[24.352s][info][gc,start    ] GC(46) Pause Young (Concurrent Start) (G1 Evacuation Pause)
[24.352s][info][gc,task     ] GC(46) Using 10 workers of 10 for evacuation
[24.394s][info][gc,phases   ] GC(46)   Pre Evacuate Collection Set: 0.4ms
[24.394s][info][gc,phases   ] GC(46)   Merge Heap Roots: 0.6ms
[24.394s][info][gc,phases   ] GC(46)   Evacuate Collection Set: 40.1ms
[24.394s][info][gc,phases   ] GC(46)   Post Evacuate Collection Set: 0.9ms
[24.394s][info][gc,phases   ] GC(46)   Other: 0.2ms
[24.394s][info][gc,heap     ] GC(46) Eden regions: 595->0(571)
[24.394s][info][gc,heap     ] GC(46) Survivor regions: 31->43(79)
[24.394s][info][gc,heap     ] GC(46) Old regions: 1053->1053
[24.394s][info][gc,heap     ] GC(46) Humongous regions: 9->9
[24.394s][info][gc,metaspace] GC(46) Metaspace: 1564K(1664K)->1564K(1664K) NonClass: 1436K(1472K)->1436K(1472K) Class: 128K(192K)->128K(192K)
[24.394s][info][gc          ] GC(46) Pause Young (Concurrent Start) (G1 Evacuation Pause) 3373M->2207M(3620M) 42.465ms
[24.394s][info][gc,cpu      ] GC(46) User=0.47s Sys=0.00s Real=0.04s
[24.394s][info][gc          ] GC(47) Concurrent Mark Cycle
[24.394s][info][gc,marking  ] GC(47) Concurrent Scan Root Regions
[24.407s][info][gc,marking  ] GC(47) Concurrent Scan Root Regions 13.316ms
[24.407s][info][gc,marking  ] GC(47) Concurrent Mark
[24.407s][info][gc,marking  ] GC(47) Concurrent Mark From Roots
[24.407s][info][gc,task     ] GC(47) Using 3 workers of 3 for marking
[24.518s][info][gc,marking  ] GC(47) Concurrent Mark From Roots 110.154ms
[24.518s][info][gc,marking  ] GC(47) Concurrent Preclean
[24.518s][info][gc,marking  ] GC(47) Concurrent Preclean 0.030ms
[24.518s][info][gc,start    ] GC(47) Pause Remark
[24.519s][info][gc          ] GC(47) Pause Remark 2271M->2271M(3790M) 1.583ms
[24.519s][info][gc,cpu      ] GC(47) User=0.00s Sys=0.00s Real=0.00s
[24.520s][info][gc,marking  ] GC(47) Concurrent Mark 112.059ms
[24.520s][info][gc,marking  ] GC(47) Concurrent Rebuild Remembered Sets and Scrub Regions
[24.578s][info][gc,marking  ] GC(47) Concurrent Rebuild Remembered Sets and Scrub Regions 58.039ms
[24.578s][info][gc,start    ] GC(47) Pause Cleanup
[24.578s][info][gc          ] GC(47) Pause Cleanup 2300M->2300M(3790M) 0.407ms
[24.578s][info][gc,cpu      ] GC(47) User=0.00s Sys=0.00s Real=0.00s
[24.578s][info][gc,marking  ] GC(47) Concurrent Clear Claimed Marks
[24.578s][info][gc,marking  ] GC(47) Concurrent Clear Claimed Marks 0.030ms
[24.578s][info][gc,marking  ] GC(47) Concurrent Cleanup for Next Mark
[24.583s][info][gc,marking  ] GC(47) Concurrent Cleanup for Next Mark 4.562ms
[24.583s][info][gc          ] GC(47) Concurrent Mark Cycle 188.856ms
[26.421s][info][gc,start    ] GC(48) Pause Young (Prepare Mixed) (G1 Evacuation Pause)
[26.421s][info][gc,task     ] GC(48) Using 10 workers of 10 for evacuation
[26.469s][info][gc,phases   ] GC(48)   Pre Evacuate Collection Set: 0.3ms
[26.469s][info][gc,phases   ] GC(48)   Merge Heap Roots: 0.8ms
[26.469s][info][gc,phases   ] GC(48)   Evacuate Collection Set: 45.7ms
[26.469s][info][gc,phases   ] GC(48)   Post Evacuate Collection Set: 1.0ms
[26.469s][info][gc,phases   ] GC(48)   Other: 0.1ms
[26.469s][info][gc,heap     ] GC(48) Eden regions: 566->0(642)
[26.469s][info][gc,heap     ] GC(48) Survivor regions: 43->40(77)
[26.469s][info][gc,heap     ] GC(48) Old regions: 1053->1068
[26.469s][info][gc,heap     ] GC(48) Humongous regions: 9->9
[26.469s][info][gc,metaspace] GC(48) Metaspace: 1566K(1664K)->1566K(1664K) NonClass: 1438K(1472K)->1438K(1472K) Class: 128K(192K)->128K(192K)
[26.469s][info][gc          ] GC(48) Pause Young (Prepare Mixed) (G1 Evacuation Pause) 3339M->2232M(3790M) 48.182ms
[26.469s][info][gc,cpu      ] GC(48) User=0.36s Sys=0.00s Real=0.05s
[28.726s][info][gc,start    ] GC(49) Pause Young (Mixed) (G1 Evacuation Pause)
[28.726s][info][gc,task     ] GC(49) Using 10 workers of 10 for evacuation
[28.779s][info][gc,phases   ] GC(49)   Pre Evacuate Collection Set: 0.3ms
[28.779s][info][gc,phases   ] GC(49)   Merge Heap Roots: 1.0ms
[28.779s][info][gc,phases   ] GC(49)   Evacuate Collection Set: 50.5ms
[28.779s][info][gc,phases   ] GC(49)   Post Evacuate Collection Set: 1.1ms
[28.779s][info][gc,phases   ] GC(49)   Other: 0.1ms
[28.779s][info][gc,heap     ] GC(49) Eden regions: 642->0(617)
[28.779s][info][gc,heap     ] GC(49) Survivor regions: 40->53(86)
[28.779s][info][gc,heap     ] GC(49) Old regions: 1068->1067
[28.779s][info][gc,heap     ] GC(49) Humongous regions: 9->9
[28.779s][info][gc,metaspace] GC(49) Metaspace: 1572K(1664K)->1572K(1664K) NonClass: 1444K(1472K)->1444K(1472K) Class: 128K(192K)->128K(192K)
[28.779s][info][gc          ] GC(49) Pause Young (Mixed) (G1 Evacuation Pause) 3516M->2256M(3790M) 53.210ms
[28.779s][info][gc,cpu      ] GC(49) User=0.47s Sys=0.00s Real=0.05s
[30.218s][info][gc,start    ] GC(50) Pause Young (Concurrent Start) (G1 Humongous Allocation)
[30.218s][info][gc,task     ] GC(50) Using 10 workers of 10 for evacuation
[30.270s][info][gc,phases   ] GC(50)   Pre Evacuate Collection Set: 0.4ms
[30.270s][info][gc,phases   ] GC(50)   Merge Heap Roots: 0.8ms
[30.270s][info][gc,phases   ] GC(50)   Evacuate Collection Set: 49.9ms
[30.270s][info][gc,phases   ] GC(50)   Post Evacuate Collection Set: 0.8ms
[30.270s][info][gc,phases   ] GC(50)   Other: 0.2ms
[30.270s][info][gc,heap     ] GC(50) Eden regions: 405->0(616)
[30.270s][info][gc,heap     ] GC(50) Survivor regions: 53->47(84)
[30.270s][info][gc,heap     ] GC(50) Old regions: 1067->1080
[30.270s][info][gc,heap     ] GC(50) Humongous regions: 9->9
[30.270s][info][gc,metaspace] GC(50) Metaspace: 1572K(1664K)->1572K(1664K) NonClass: 1444K(1472K)->1444K(1472K) Class: 128K(192K)->128K(192K)
[30.270s][info][gc          ] GC(50) Pause Young (Concurrent Start) (G1 Humongous Allocation) 3066M->2271M(3790M) 52.386ms
[30.270s][info][gc,cpu      ] GC(50) User=0.47s Sys=0.00s Real=0.05s
[30.270s][info][gc          ] GC(51) Concurrent Mark Cycle
[30.270s][info][gc,marking  ] GC(51) Concurrent Scan Root Regions
[30.287s][info][gc,marking  ] GC(51) Concurrent Scan Root Regions 16.805ms
[30.287s][info][gc,marking  ] GC(51) Concurrent Mark
[30.287s][info][gc,marking  ] GC(51) Concurrent Mark From Roots
[30.287s][info][gc,task     ] GC(51) Using 3 workers of 3 for marking
[30.463s][info][gc,marking  ] GC(51) Concurrent Mark From Roots 175.615ms
[30.463s][info][gc,marking  ] GC(51) Concurrent Preclean
[30.463s][info][gc,marking  ] GC(51) Concurrent Preclean 0.023ms
[30.463s][info][gc,start    ] GC(51) Pause Remark
[30.464s][info][gc          ] GC(51) Pause Remark 2348M->2348M(3918M) 1.337ms
[30.464s][info][gc,cpu      ] GC(51) User=0.00s Sys=0.00s Real=0.00s
[30.464s][info][gc,marking  ] GC(51) Concurrent Mark 177.243ms
[30.464s][info][gc,marking  ] GC(51) Concurrent Rebuild Remembered Sets and Scrub Regions
[30.572s][info][gc,marking  ] GC(51) Concurrent Rebuild Remembered Sets and Scrub Regions 107.729ms
[30.572s][info][gc,start    ] GC(51) Pause Cleanup
[30.573s][info][gc          ] GC(51) Pause Cleanup 2393M->2393M(3918M) 0.409ms
[30.573s][info][gc,cpu      ] GC(51) User=0.00s Sys=0.00s Real=0.00s
[30.573s][info][gc,marking  ] GC(51) Concurrent Clear Claimed Marks
[30.573s][info][gc,marking  ] GC(51) Concurrent Clear Claimed Marks 0.029ms
[30.573s][info][gc,marking  ] GC(51) Concurrent Cleanup for Next Mark
[30.578s][info][gc,marking  ] GC(51) Concurrent Cleanup for Next Mark 5.097ms
[30.578s][info][gc          ] GC(51) Concurrent Mark Cycle 307.774ms
[32.768s][info][gc,start    ] GC(52) Pause Young (Prepare Mixed) (G1 Evacuation Pause)
[32.768s][info][gc,task     ] GC(52) Using 10 workers of 10 for evacuation
[32.853s][info][gc,phases   ] GC(52)   Pre Evacuate Collection Set: 0.3ms
[32.853s][info][gc,phases   ] GC(52)   Merge Heap Roots: 1.6ms
[32.853s][info][gc,phases   ] GC(52)   Evacuate Collection Set: 81.2ms
[32.853s][info][gc,phases   ] GC(52)   Post Evacuate Collection Set: 1.0ms
[32.853s][info][gc,phases   ] GC(52)   Other: 0.1ms
[32.853s][info][gc,heap     ] GC(52) Eden regions: 613->0(633)
[32.853s][info][gc,heap     ] GC(52) Survivor regions: 47->54(83)
[32.853s][info][gc,heap     ] GC(52) Old regions: 1080->1093
[32.853s][info][gc,heap     ] GC(52) Humongous regions: 26->26
[32.853s][info][gc,metaspace] GC(52) Metaspace: 1572K(1664K)->1572K(1664K) NonClass: 1444K(1472K)->1444K(1472K) Class: 128K(192K)->128K(192K)
[32.853s][info][gc          ] GC(52) Pause Young (Prepare Mixed) (G1 Evacuation Pause) 3531M->2344M(3918M) 84.494ms
[32.853s][info][gc,cpu      ] GC(52) User=0.78s Sys=0.00s Real=0.08s
[35.140s][info][gc,start    ] GC(53) Pause Young (Mixed) (G1 Evacuation Pause)
[35.140s][info][gc,task     ] GC(53) Using 10 workers of 10 for evacuation
[35.218s][info][gc,phases   ] GC(53)   Pre Evacuate Collection Set: 0.3ms
[35.218s][info][gc,phases   ] GC(53)   Merge Heap Roots: 1.1ms
[35.218s][info][gc,phases   ] GC(53)   Evacuate Collection Set: 75.0ms
[35.218s][info][gc,phases   ] GC(53)   Post Evacuate Collection Set: 1.1ms
[35.218s][info][gc,phases   ] GC(53)   Other: 0.1ms
[35.218s][info][gc,heap     ] GC(53) Eden regions: 633->0(622)
[35.218s][info][gc,heap     ] GC(53) Survivor regions: 54->54(86)
[35.218s][info][gc,heap     ] GC(53) Old regions: 1093->1104
[35.218s][info][gc,heap     ] GC(53) Humongous regions: 26->26
[35.218s][info][gc,metaspace] GC(53) Metaspace: 1572K(1664K)->1572K(1664K) NonClass: 1444K(1472K)->1444K(1472K) Class: 128K(192K)->128K(192K)
[35.218s][info][gc          ] GC(53) Pause Young (Mixed) (G1 Evacuation Pause) 3610M->2366M(3918M) 77.820ms
[35.218s][info][gc,cpu      ] GC(53) User=0.61s Sys=0.03s Real=0.08s
[37.461s][info][gc,start    ] GC(54) Pause Young (Concurrent Start) (G1 Evacuation Pause)
[37.461s][info][gc,task     ] GC(54) Using 10 workers of 10 for evacuation
[37.538s][info][gc,phases   ] GC(54)   Pre Evacuate Collection Set: 0.3ms
[37.538s][info][gc,phases   ] GC(54)   Merge Heap Roots: 0.9ms
[37.538s][info][gc,phases   ] GC(54)   Evacuate Collection Set: 74.1ms
[37.538s][info][gc,phases   ] GC(54)   Post Evacuate Collection Set: 1.0ms
[37.538s][info][gc,phases   ] GC(54)   Other: 0.2ms
[37.538s][info][gc,heap     ] GC(54) Eden regions: 622->0(610)
[37.538s][info][gc,heap     ] GC(54) Survivor regions: 54->53(85)
[37.538s][info][gc,heap     ] GC(54) Old regions: 1104->1118
[37.538s][info][gc,heap     ] GC(54) Humongous regions: 26->26
[37.538s][info][gc,metaspace] GC(54) Metaspace: 1572K(1664K)->1572K(1664K) NonClass: 1444K(1472K)->1444K(1472K) Class: 128K(192K)->128K(192K)
[37.538s][info][gc          ] GC(54) Pause Young (Concurrent Start) (G1 Evacuation Pause) 3610M->2392M(3918M) 76.807ms
[37.538s][info][gc,cpu      ] GC(54) User=0.78s Sys=0.00s Real=0.08s
[37.538s][info][gc          ] GC(55) Concurrent Mark Cycle
[37.538s][info][gc,marking  ] GC(55) Concurrent Scan Root Regions
[37.576s][info][gc,marking  ] GC(55) Concurrent Scan Root Regions 37.796ms
[37.576s][info][gc,marking  ] GC(55) Concurrent Mark
[37.576s][info][gc,marking  ] GC(55) Concurrent Mark From Roots
[37.576s][info][gc,task     ] GC(55) Using 3 workers of 3 for marking
[37.764s][info][gc,marking  ] GC(55) Concurrent Mark From Roots 188.133ms
[37.764s][info][gc,marking  ] GC(55) Concurrent Preclean
[37.764s][info][gc,marking  ] GC(55) Concurrent Preclean 0.024ms
[37.764s][info][gc,start    ] GC(55) Pause Remark
[37.766s][info][gc          ] GC(55) Pause Remark 2506M->2488M(4096M) 1.700ms
[37.766s][info][gc,cpu      ] GC(55) User=0.00s Sys=0.00s Real=0.00s
[37.766s][info][gc,marking  ] GC(55) Concurrent Mark 190.153ms
[37.766s][info][gc,marking  ] GC(55) Concurrent Rebuild Remembered Sets and Scrub Regions
[37.883s][info][gc,marking  ] GC(55) Concurrent Rebuild Remembered Sets and Scrub Regions 116.547ms
[37.883s][info][gc,start    ] GC(55) Pause Cleanup
[37.883s][info][gc          ] GC(55) Pause Cleanup 2544M->2544M(4096M) 0.499ms
[37.883s][info][gc,cpu      ] GC(55) User=0.00s Sys=0.00s Real=0.00s
[37.883s][info][gc,marking  ] GC(55) Concurrent Clear Claimed Marks
[37.883s][info][gc,marking  ] GC(55) Concurrent Clear Claimed Marks 0.031ms
[37.884s][info][gc,marking  ] GC(55) Concurrent Cleanup for Next Mark
[37.889s][info][gc,marking  ] GC(55) Concurrent Cleanup for Next Mark 5.047ms
[37.889s][info][gc          ] GC(55) Concurrent Mark Cycle 350.619ms
[39.215s][info][gc,heap,exit] Heap
[39.215s][info][gc,heap,exit]  garbage-first heap   total 4194304K, used 2984505K [0x0000000700000000, 0x0000000800000000)
[39.215s][info][gc,heap,exit]   region size 2048K, 291 young (595968K), 53 survivors (108544K)
[39.215s][info][gc,heap,exit]  Metaspace       used 1724K, committed 1856K, reserved 1114112K
[39.215s][info][gc,heap,exit]   class space    used 146K, committed 192K, reserved 1048576K
