[0.010s][info][gc,init] CardTable entry size: 512
[0.010s][info][gc     ] Using G1
[0.020s][info][gc,init] Version: 21.0.5+9-LTS-239 (release)
[0.020s][info][gc,init] CPUs: 12 total, 12 available
[0.020s][info][gc,init] Memory: 16190M
[0.020s][info][gc,init] Large Page Support: Disabled
[0.020s][info][gc,init] NUMA Support: Disabled
[0.020s][info][gc,init] Compressed Oops: Enabled (Zero based)
[0.020s][info][gc,init] Heap Region Size: 2M
[0.020s][info][gc,init] Heap Min Capacity: 2G
[0.020s][info][gc,init] Heap Initial Capacity: 2G
[0.020s][info][gc,init] Heap Max Capacity: 4G
[0.020s][info][gc,init] Pre-touch: Disabled
[0.020s][info][gc,init] Parallel Workers: 10
[0.020s][info][gc,init] Concurrent Workers: 3
[0.020s][info][gc,init] Concurrent Refinement Workers: 10
[0.020s][info][gc,init] Periodic GC: Disabled
[0.028s][info][gc,metaspace] CDS archive(s) mapped at: [0x0000021661000000-0x0000021661c90000-0x0000021661c90000), size 13172736, SharedBaseAddress: 0x0000021661000000, ArchiveRelocationMode: 1.
[0.028s][info][gc,metaspace] Compressed class space mapped at: 0x0000021662000000-0x00000216a2000000, reserved size: 1073741824
[0.028s][info][gc,metaspace] Narrow klass base: 0x0000021661000000, Narrow klass shift: 0, Narrow klass range: 0x100000000
[0.497s][info][gc,start    ] GC(0) Pause Young (Normal) (G1 Evacuation Pause)
[0.499s][info][gc,task     ] GC(0) Using 10 workers of 10 for evacuation
[0.503s][info][gc,phases   ] GC(0)   Pre Evacuate Collection Set: 0.2ms
[0.503s][info][gc,phases   ] GC(0)   Merge Heap Roots: 0.1ms
[0.503s][info][gc,phases   ] GC(0)   Evacuate Collection Set: 3.5ms
[0.503s][info][gc,phases   ] GC(0)   Post Evacuate Collection Set: 0.5ms
[0.503s][info][gc,phases   ] GC(0)   Other: 1.3ms
[0.503s][info][gc,heap     ] GC(0) Eden regions: 51->0(44)
[0.503s][info][gc,heap     ] GC(0) Survivor regions: 0->7(7)
[0.503s][info][gc,heap     ] GC(0) Old regions: 0->4
[0.503s][info][gc,heap     ] GC(0) Humongous regions: 1->0
[0.503s][info][gc,metaspace] GC(0) Metaspace: 1317K(1472K)->1317K(1472K) NonClass: 1220K(1280K)->1220K(1280K) Class: 97K(192K)->97K(192K)
[0.503s][info][gc          ] GC(0) Pause Young (Normal) (G1 Evacuation Pause) 103M->21M(2048M) 5.948ms
[0.503s][info][gc,cpu      ] GC(0) User=0.00s Sys=0.00s Real=0.01s
[0.629s][info][gc,start    ] GC(1) Pause Young (Normal) (G1 Evacuation Pause)
[0.629s][info][gc,task     ] GC(1) Using 10 workers of 10 for evacuation
[0.634s][info][gc,phases   ] GC(1)   Pre Evacuate Collection Set: 0.3ms
[0.634s][info][gc,phases   ] GC(1)   Merge Heap Roots: 0.1ms
[0.634s][info][gc,phases   ] GC(1)   Evacuate Collection Set: 3.7ms
[0.634s][info][gc,phases   ] GC(1)   Post Evacuate Collection Set: 0.4ms
[0.634s][info][gc,phases   ] GC(1)   Other: 0.1ms
[0.634s][info][gc,heap     ] GC(1) Eden regions: 44->0(44)
[0.634s][info][gc,heap     ] GC(1) Survivor regions: 7->7(7)
[0.634s][info][gc,heap     ] GC(1) Old regions: 4->12
[0.634s][info][gc,heap     ] GC(1) Humongous regions: 0->0
[0.634s][info][gc,metaspace] GC(1) Metaspace: 1319K(1472K)->1319K(1472K) NonClass: 1222K(1280K)->1222K(1280K) Class: 97K(192K)->97K(192K)
[0.634s][info][gc          ] GC(1) Pause Young (Normal) (G1 Evacuation Pause) 109M->37M(2048M) 4.824ms
[0.634s][info][gc,cpu      ] GC(1) User=0.00s Sys=0.00s Real=0.01s
[0.699s][info][gc,start    ] GC(2) Pause Young (Normal) (G1 Evacuation Pause)
[0.699s][info][gc,task     ] GC(2) Using 10 workers of 10 for evacuation
[0.705s][info][gc,phases   ] GC(2)   Pre Evacuate Collection Set: 0.2ms
[0.705s][info][gc,phases   ] GC(2)   Merge Heap Roots: 0.1ms
[0.705s][info][gc,phases   ] GC(2)   Evacuate Collection Set: 4.4ms
[0.705s][info][gc,phases   ] GC(2)   Post Evacuate Collection Set: 0.4ms
[0.705s][info][gc,phases   ] GC(2)   Other: 0.1ms
[0.705s][info][gc,heap     ] GC(2) Eden regions: 44->0(44)
[0.705s][info][gc,heap     ] GC(2) Survivor regions: 7->7(7)
[0.705s][info][gc,heap     ] GC(2) Old regions: 12->21
[0.705s][info][gc,heap     ] GC(2) Humongous regions: 0->0
[0.705s][info][gc,metaspace] GC(2) Metaspace: 1320K(1472K)->1320K(1472K) NonClass: 1223K(1280K)->1223K(1280K) Class: 97K(192K)->97K(192K)
[0.705s][info][gc          ] GC(2) Pause Young (Normal) (G1 Evacuation Pause) 125M->55M(2048M) 5.515ms
[0.705s][info][gc,cpu      ] GC(2) User=0.00s Sys=0.00s Real=0.00s
[0.768s][info][gc,start    ] GC(3) Pause Young (Normal) (G1 Evacuation Pause)
[0.768s][info][gc,task     ] GC(3) Using 10 workers of 10 for evacuation
[0.773s][info][gc,phases   ] GC(3)   Pre Evacuate Collection Set: 0.2ms
[0.773s][info][gc,phases   ] GC(3)   Merge Heap Roots: 0.1ms
[0.773s][info][gc,phases   ] GC(3)   Evacuate Collection Set: 4.1ms
[0.773s][info][gc,phases   ] GC(3)   Post Evacuate Collection Set: 0.4ms
[0.773s][info][gc,phases   ] GC(3)   Other: 0.1ms
[0.773s][info][gc,heap     ] GC(3) Eden regions: 44->0(59)
[0.773s][info][gc,heap     ] GC(3) Survivor regions: 7->7(7)
[0.773s][info][gc,heap     ] GC(3) Old regions: 21->30
[0.773s][info][gc,heap     ] GC(3) Humongous regions: 0->0
[0.773s][info][gc,metaspace] GC(3) Metaspace: 1320K(1472K)->1320K(1472K) NonClass: 1223K(1280K)->1223K(1280K) Class: 97K(192K)->97K(192K)
[0.773s][info][gc          ] GC(3) Pause Young (Normal) (G1 Evacuation Pause) 143M->72M(2048M) 5.092ms
[0.773s][info][gc,cpu      ] GC(3) User=0.00s Sys=0.00s Real=0.00s
[0.855s][info][gc,start    ] GC(4) Pause Young (Normal) (G1 Evacuation Pause)
[0.855s][info][gc,task     ] GC(4) Using 10 workers of 10 for evacuation
[0.862s][info][gc,phases   ] GC(4)   Pre Evacuate Collection Set: 0.3ms
[0.862s][info][gc,phases   ] GC(4)   Merge Heap Roots: 0.1ms
[0.862s][info][gc,phases   ] GC(4)   Evacuate Collection Set: 5.6ms
[0.862s][info][gc,phases   ] GC(4)   Post Evacuate Collection Set: 0.6ms
[0.862s][info][gc,phases   ] GC(4)   Other: 0.1ms
[0.862s][info][gc,heap     ] GC(4) Eden regions: 59->0(91)
[0.862s][info][gc,heap     ] GC(4) Survivor regions: 7->9(9)
[0.862s][info][gc,heap     ] GC(4) Old regions: 30->39
[0.862s][info][gc,heap     ] GC(4) Humongous regions: 0->0
[0.862s][info][gc,metaspace] GC(4) Metaspace: 1320K(1472K)->1320K(1472K) NonClass: 1223K(1280K)->1223K(1280K) Class: 97K(192K)->97K(192K)
[0.862s][info][gc          ] GC(4) Pause Young (Normal) (G1 Evacuation Pause) 190M->95M(2048M) 6.927ms
[0.862s][info][gc,cpu      ] GC(4) User=0.00s Sys=0.00s Real=0.01s
[0.999s][info][gc,start    ] GC(5) Pause Young (Normal) (G1 Evacuation Pause)
[0.999s][info][gc,task     ] GC(5) Using 10 workers of 10 for evacuation
[1.008s][info][gc,phases   ] GC(5)   Pre Evacuate Collection Set: 0.2ms
[1.008s][info][gc,phases   ] GC(5)   Merge Heap Roots: 0.1ms
[1.008s][info][gc,phases   ] GC(5)   Evacuate Collection Set: 7.5ms
[1.008s][info][gc,phases   ] GC(5)   Post Evacuate Collection Set: 0.6ms
[1.008s][info][gc,phases   ] GC(5)   Other: 0.1ms
[1.008s][info][gc,heap     ] GC(5) Eden regions: 91->0(93)
[1.008s][info][gc,heap     ] GC(5) Survivor regions: 9->13(13)
[1.008s][info][gc,heap     ] GC(5) Old regions: 39->53
[1.008s][info][gc,heap     ] GC(5) Humongous regions: 0->0
[1.008s][info][gc,metaspace] GC(5) Metaspace: 1320K(1472K)->1320K(1472K) NonClass: 1223K(1280K)->1223K(1280K) Class: 97K(192K)->97K(192K)
[1.008s][info][gc          ] GC(5) Pause Young (Normal) (G1 Evacuation Pause) 277M->130M(2048M) 8.785ms
[1.008s][info][gc,cpu      ] GC(5) User=0.00s Sys=0.00s Real=0.01s
[1.131s][info][gc,start    ] GC(6) Pause Young (Normal) (G1 Evacuation Pause)
[1.131s][info][gc,task     ] GC(6) Using 10 workers of 10 for evacuation
[1.140s][info][gc,phases   ] GC(6)   Pre Evacuate Collection Set: 0.2ms
[1.141s][info][gc,phases   ] GC(6)   Merge Heap Roots: 0.1ms
[1.141s][info][gc,phases   ] GC(6)   Evacuate Collection Set: 8.8ms
[1.141s][info][gc,phases   ] GC(6)   Post Evacuate Collection Set: 0.6ms
[1.141s][info][gc,phases   ] GC(6)   Other: 0.1ms
[1.141s][info][gc,heap     ] GC(6) Eden regions: 93->0(112)
[1.141s][info][gc,heap     ] GC(6) Survivor regions: 13->14(14)
[1.141s][info][gc,heap     ] GC(6) Old regions: 53->71
[1.141s][info][gc,heap     ] GC(6) Humongous regions: 1->0
[1.141s][info][gc,metaspace] GC(6) Metaspace: 1320K(1472K)->1320K(1472K) NonClass: 1223K(1280K)->1223K(1280K) Class: 97K(192K)->97K(192K)
[1.141s][info][gc          ] GC(6) Pause Young (Normal) (G1 Evacuation Pause) 318M->169M(2048M) 10.039ms
[1.141s][info][gc,cpu      ] GC(6) User=0.06s Sys=0.09s Real=0.01s
[1.290s][info][gc,start    ] GC(7) Pause Young (Normal) (G1 Evacuation Pause)
[1.290s][info][gc,task     ] GC(7) Using 10 workers of 10 for evacuation
[1.302s][info][gc,phases   ] GC(7)   Pre Evacuate Collection Set: 0.3ms
[1.302s][info][gc,phases   ] GC(7)   Merge Heap Roots: 0.1ms
[1.302s][info][gc,phases   ] GC(7)   Evacuate Collection Set: 10.8ms
[1.302s][info][gc,phases   ] GC(7)   Post Evacuate Collection Set: 0.7ms
[1.302s][info][gc,phases   ] GC(7)   Other: 0.1ms
[1.302s][info][gc,heap     ] GC(7) Eden regions: 112->0(140)
[1.302s][info][gc,heap     ] GC(7) Survivor regions: 14->16(16)
[1.302s][info][gc,heap     ] GC(7) Old regions: 71->91
[1.302s][info][gc,heap     ] GC(7) Humongous regions: 0->0
[1.302s][info][gc,metaspace] GC(7) Metaspace: 1320K(1472K)->1320K(1472K) NonClass: 1223K(1280K)->1223K(1280K) Class: 97K(192K)->97K(192K)
[1.302s][info][gc          ] GC(7) Pause Young (Normal) (G1 Evacuation Pause) 393M->213M(2048M) 12.181ms
[1.302s][info][gc,cpu      ] GC(7) User=0.00s Sys=0.00s Real=0.01s
[1.485s][info][gc,start    ] GC(8) Pause Young (Normal) (G1 Evacuation Pause)
[1.485s][info][gc,task     ] GC(8) Using 10 workers of 10 for evacuation
[1.500s][info][gc,phases   ] GC(8)   Pre Evacuate Collection Set: 0.2ms
[1.500s][info][gc,phases   ] GC(8)   Merge Heap Roots: 0.1ms
[1.500s][info][gc,phases   ] GC(8)   Evacuate Collection Set: 13.5ms
[1.500s][info][gc,phases   ] GC(8)   Post Evacuate Collection Set: 0.5ms
[1.500s][info][gc,phases   ] GC(8)   Other: 0.1ms
[1.500s][info][gc,heap     ] GC(8) Eden regions: 140->0(176)
[1.500s][info][gc,heap     ] GC(8) Survivor regions: 16->20(20)
[1.500s][info][gc,heap     ] GC(8) Old regions: 91->115
[1.500s][info][gc,heap     ] GC(8) Humongous regions: 1->0
[1.500s][info][gc,metaspace] GC(8) Metaspace: 1320K(1472K)->1320K(1472K) NonClass: 1223K(1280K)->1223K(1280K) Class: 97K(192K)->97K(192K)
[1.500s][info][gc          ] GC(8) Pause Young (Normal) (G1 Evacuation Pause) 495M->268M(2048M) 14.737ms
[1.500s][info][gc,cpu      ] GC(8) User=0.03s Sys=0.12s Real=0.01s
[1.735s][info][gc,start    ] GC(9) Pause Young (Normal) (G1 Evacuation Pause)
[1.735s][info][gc,task     ] GC(9) Using 10 workers of 10 for evacuation
[1.752s][info][gc,phases   ] GC(9)   Pre Evacuate Collection Set: 0.3ms
[1.752s][info][gc,phases   ] GC(9)   Merge Heap Roots: 0.1ms
[1.752s][info][gc,phases   ] GC(9)   Evacuate Collection Set: 15.4ms
[1.752s][info][gc,phases   ] GC(9)   Post Evacuate Collection Set: 0.6ms
[1.752s][info][gc,phases   ] GC(9)   Other: 0.1ms
[1.752s][info][gc,heap     ] GC(9) Eden regions: 176->0(214)
[1.752s][info][gc,heap     ] GC(9) Survivor regions: 20->25(25)
[1.752s][info][gc,heap     ] GC(9) Old regions: 115->145
[1.752s][info][gc,heap     ] GC(9) Humongous regions: 0->0
[1.752s][info][gc,metaspace] GC(9) Metaspace: 1320K(1472K)->1320K(1472K) NonClass: 1223K(1280K)->1223K(1280K) Class: 97K(192K)->97K(192K)
[1.752s][info][gc          ] GC(9) Pause Young (Normal) (G1 Evacuation Pause) 620M->338M(2048M) 16.805ms
[1.752s][info][gc,cpu      ] GC(9) User=0.05s Sys=0.11s Real=0.02s
[2.027s][info][gc,start    ] GC(10) Pause Young (Normal) (G1 Evacuation Pause)
[2.027s][info][gc,task     ] GC(10) Using 10 workers of 10 for evacuation
[2.049s][info][gc,phases   ] GC(10)   Pre Evacuate Collection Set: 0.3ms
[2.049s][info][gc,phases   ] GC(10)   Merge Heap Roots: 0.1ms
[2.049s][info][gc,phases   ] GC(10)   Evacuate Collection Set: 21.1ms
[2.049s][info][gc,phases   ] GC(10)   Post Evacuate Collection Set: 0.6ms
[2.049s][info][gc,phases   ] GC(10)   Other: 0.1ms
[2.049s][info][gc,heap     ] GC(10) Eden regions: 214->0(255)
[2.049s][info][gc,heap     ] GC(10) Survivor regions: 25->30(30)
[2.049s][info][gc,heap     ] GC(10) Old regions: 145->181
[2.049s][info][gc,heap     ] GC(10) Humongous regions: 0->0
[2.049s][info][gc,metaspace] GC(10) Metaspace: 1320K(1472K)->1320K(1472K) NonClass: 1223K(1280K)->1223K(1280K) Class: 97K(192K)->97K(192K)
[2.049s][info][gc          ] GC(10) Pause Young (Normal) (G1 Evacuation Pause) 766M->420M(2048M) 22.510ms
[2.049s][info][gc,cpu      ] GC(10) User=0.05s Sys=0.11s Real=0.02s
[2.378s][info][gc,start    ] GC(11) Pause Young (Normal) (G1 Evacuation Pause)
[2.378s][info][gc,task     ] GC(11) Using 10 workers of 10 for evacuation
[2.402s][info][gc,phases   ] GC(11)   Pre Evacuate Collection Set: 0.3ms
[2.402s][info][gc,phases   ] GC(11)   Merge Heap Roots: 0.2ms
[2.402s][info][gc,phases   ] GC(11)   Evacuate Collection Set: 23.0ms
[2.402s][info][gc,phases   ] GC(11)   Post Evacuate Collection Set: 0.7ms
[2.402s][info][gc,phases   ] GC(11)   Other: 0.1ms
[2.402s][info][gc,heap     ] GC(11) Eden regions: 255->0(301)
[2.402s][info][gc,heap     ] GC(11) Survivor regions: 30->36(36)
[2.402s][info][gc,heap     ] GC(11) Old regions: 181->226
[2.402s][info][gc,heap     ] GC(11) Humongous regions: 0->0
[2.403s][info][gc,metaspace] GC(11) Metaspace: 1320K(1472K)->1320K(1472K) NonClass: 1223K(1280K)->1223K(1280K) Class: 97K(192K)->97K(192K)
[2.403s][info][gc          ] GC(11) Pause Young (Normal) (G1 Evacuation Pause) 930M->522M(2048M) 24.443ms
[2.403s][info][gc,cpu      ] GC(11) User=0.03s Sys=0.28s Real=0.03s
[2.801s][info][gc,start    ] GC(12) Pause Young (Normal) (G1 Evacuation Pause)
[2.801s][info][gc,task     ] GC(12) Using 10 workers of 10 for evacuation
[2.832s][info][gc,phases   ] GC(12)   Pre Evacuate Collection Set: 0.3ms
[2.832s][info][gc,phases   ] GC(12)   Merge Heap Roots: 0.1ms
[2.832s][info][gc,phases   ] GC(12)   Evacuate Collection Set: 29.8ms
[2.832s][info][gc,phases   ] GC(12)   Post Evacuate Collection Set: 0.7ms
[2.832s][info][gc,phases   ] GC(12)   Other: 0.1ms
[2.832s][info][gc,heap     ] GC(12) Eden regions: 301->0(394)
[2.832s][info][gc,heap     ] GC(12) Survivor regions: 36->43(43)
[2.832s][info][gc,heap     ] GC(12) Old regions: 226->277
[2.832s][info][gc,heap     ] GC(12) Humongous regions: 2->0
[2.832s][info][gc,metaspace] GC(12) Metaspace: 1320K(1472K)->1320K(1472K) NonClass: 1223K(1280K)->1223K(1280K) Class: 97K(192K)->97K(192K)
[2.832s][info][gc          ] GC(12) Pause Young (Normal) (G1 Evacuation Pause) 1128M->639M(2048M) 31.251ms
[2.832s][info][gc,cpu      ] GC(12) User=0.05s Sys=0.22s Real=0.03s
[3.357s][info][gc,start    ] GC(13) Pause Young (Normal) (G1 Evacuation Pause)
[3.357s][info][gc,task     ] GC(13) Using 10 workers of 10 for evacuation
[3.390s][info][gc,phases   ] GC(13)   Pre Evacuate Collection Set: 0.3ms
[3.390s][info][gc,phases   ] GC(13)   Merge Heap Roots: 0.1ms
[3.390s][info][gc,phases   ] GC(13)   Evacuate Collection Set: 32.0ms
[3.390s][info][gc,phases   ] GC(13)   Post Evacuate Collection Set: 0.7ms
[3.390s][info][gc,phases   ] GC(13)   Other: 0.1ms
[3.390s][info][gc,heap     ] GC(13) Eden regions: 394->0(388)
[3.390s][info][gc,heap     ] GC(13) Survivor regions: 43->55(55)
[3.390s][info][gc,heap     ] GC(13) Old regions: 277->344
[3.390s][info][gc,heap     ] GC(13) Humongous regions: 9->0
[3.390s][info][gc,metaspace] GC(13) Metaspace: 1320K(1472K)->1320K(1472K) NonClass: 1223K(1280K)->1223K(1280K) Class: 97K(192K)->97K(192K)
[3.390s][info][gc          ] GC(13) Pause Young (Normal) (G1 Evacuation Pause) 1445M->797M(2048M) 33.559ms
[3.390s][info][gc,cpu      ] GC(13) User=0.03s Sys=0.28s Real=0.03s
[3.878s][info][gc,start    ] GC(14) Pause Young (Normal) (G1 Evacuation Pause)
[3.878s][info][gc,task     ] GC(14) Using 10 workers of 10 for evacuation
[3.914s][info][gc,phases   ] GC(14)   Pre Evacuate Collection Set: 0.3ms
[3.914s][info][gc,phases   ] GC(14)   Merge Heap Roots: 0.2ms
[3.914s][info][gc,phases   ] GC(14)   Evacuate Collection Set: 34.7ms
[3.914s][info][gc,phases   ] GC(14)   Post Evacuate Collection Set: 0.8ms
[3.914s][info][gc,phases   ] GC(14)   Other: 0.1ms
[3.914s][info][gc,heap     ] GC(14) Eden regions: 388->0(355)
[3.914s][info][gc,heap     ] GC(14) Survivor regions: 55->56(56)
[3.914s][info][gc,heap     ] GC(14) Old regions: 344->420
[3.914s][info][gc,heap     ] GC(14) Humongous regions: 4->0
[3.914s][info][gc,metaspace] GC(14) Metaspace: 1320K(1472K)->1320K(1472K) NonClass: 1223K(1280K)->1223K(1280K) Class: 97K(192K)->97K(192K)
[3.914s][info][gc          ] GC(14) Pause Young (Normal) (G1 Evacuation Pause) 1581M->951M(2048M) 36.249ms
[3.914s][info][gc,cpu      ] GC(14) User=0.08s Sys=0.23s Real=0.04s
[4.369s][info][gc,start    ] GC(15) Pause Young (Normal) (G1 Evacuation Pause)
[4.369s][info][gc,task     ] GC(15) Using 10 workers of 10 for evacuation
[4.397s][info][gc,phases   ] GC(15)   Pre Evacuate Collection Set: 0.2ms
[4.397s][info][gc,phases   ] GC(15)   Merge Heap Roots: 0.1ms
[4.397s][info][gc,phases   ] GC(15)   Evacuate Collection Set: 27.1ms
[4.397s][info][gc,phases   ] GC(15)   Post Evacuate Collection Set: 0.8ms
[4.397s][info][gc,phases   ] GC(15)   Other: 0.1ms
[4.397s][info][gc,heap     ] GC(15) Eden regions: 355->0(319)
[4.397s][info][gc,heap     ] GC(15) Survivor regions: 56->52(52)
[4.397s][info][gc,heap     ] GC(15) Old regions: 420->494
[4.397s][info][gc,heap     ] GC(15) Humongous regions: 5->0
[4.397s][info][gc,metaspace] GC(15) Metaspace: 1321K(1472K)->1321K(1472K) NonClass: 1224K(1280K)->1224K(1280K) Class: 97K(192K)->97K(192K)
[4.397s][info][gc          ] GC(15) Pause Young (Normal) (G1 Evacuation Pause) 1671M->1090M(2048M) 28.541ms
[4.397s][info][gc,cpu      ] GC(15) User=0.06s Sys=0.09s Real=0.03s
[4.797s][info][gc,start    ] GC(16) Pause Young (Concurrent Start) (G1 Evacuation Pause)
[4.797s][info][gc,task     ] GC(16) Using 10 workers of 10 for evacuation
[4.825s][info][gc,phases   ] GC(16)   Pre Evacuate Collection Set: 0.3ms
[4.825s][info][gc,phases   ] GC(16)   Merge Heap Roots: 0.1ms
[4.825s][info][gc,phases   ] GC(16)   Evacuate Collection Set: 26.0ms
[4.825s][info][gc,phases   ] GC(16)   Post Evacuate Collection Set: 0.8ms
[4.825s][info][gc,phases   ] GC(16)   Other: 0.2ms
[4.825s][info][gc,heap     ] GC(16) Eden regions: 319->0(278)
[4.825s][info][gc,heap     ] GC(16) Survivor regions: 52->47(47)
[4.825s][info][gc,heap     ] GC(16) Old regions: 494->563
[4.825s][info][gc,heap     ] GC(16) Humongous regions: 0->0
[4.825s][info][gc,metaspace] GC(16) Metaspace: 1321K(1472K)->1321K(1472K) NonClass: 1224K(1280K)->1224K(1280K) Class: 97K(192K)->97K(192K)
[4.825s][info][gc          ] GC(16) Pause Young (Concurrent Start) (G1 Evacuation Pause) 1728M->1218M(2048M) 27.708ms
[4.825s][info][gc,cpu      ] GC(16) User=0.08s Sys=0.23s Real=0.03s
[4.825s][info][gc          ] GC(17) Concurrent Mark Cycle
[4.825s][info][gc,marking  ] GC(17) Concurrent Scan Root Regions
[4.827s][info][gc,marking  ] GC(17) Concurrent Scan Root Regions 2.071ms
[4.827s][info][gc,marking  ] GC(17) Concurrent Mark
[4.827s][info][gc,marking  ] GC(17) Concurrent Mark From Roots
[4.827s][info][gc,task     ] GC(17) Using 3 workers of 3 for marking
[4.833s][info][gc,marking  ] GC(17) Concurrent Mark From Roots 5.647ms
[4.833s][info][gc,marking  ] GC(17) Concurrent Preclean
[4.833s][info][gc,marking  ] GC(17) Concurrent Preclean 0.016ms
[4.833s][info][gc,start    ] GC(17) Pause Remark
[4.835s][info][gc          ] GC(17) Pause Remark 1231M->1231M(2058M) 1.625ms
[4.835s][info][gc,cpu      ] GC(17) User=0.00s Sys=0.00s Real=0.00s
[4.835s][info][gc,marking  ] GC(17) Concurrent Mark 7.587ms
[4.835s][info][gc,marking  ] GC(17) Concurrent Rebuild Remembered Sets and Scrub Regions
[4.836s][info][gc,marking  ] GC(17) Concurrent Rebuild Remembered Sets and Scrub Regions 1.234ms
[4.836s][info][gc,start    ] GC(17) Pause Cleanup
[4.836s][info][gc          ] GC(17) Pause Cleanup 1233M->1233M(2058M) 0.231ms
[4.836s][info][gc,cpu      ] GC(17) User=0.00s Sys=0.00s Real=0.00s
[4.837s][info][gc,marking  ] GC(17) Concurrent Clear Claimed Marks
[4.837s][info][gc,marking  ] GC(17) Concurrent Clear Claimed Marks 0.025ms
[4.837s][info][gc,marking  ] GC(17) Concurrent Cleanup for Next Mark
[4.840s][info][gc,marking  ] GC(17) Concurrent Cleanup for Next Mark 3.342ms
[4.840s][info][gc          ] GC(17) Concurrent Mark Cycle 14.900ms
[5.183s][info][gc,start    ] GC(18) Pause Young (Prepare Mixed) (G1 Evacuation Pause)
[5.183s][info][gc,task     ] GC(18) Using 10 workers of 10 for evacuation
[5.204s][info][gc,phases   ] GC(18)   Pre Evacuate Collection Set: 0.3ms
[5.204s][info][gc,phases   ] GC(18)   Merge Heap Roots: 0.1ms
[5.204s][info][gc,phases   ] GC(18)   Evacuate Collection Set: 19.7ms
[5.204s][info][gc,phases   ] GC(18)   Post Evacuate Collection Set: 0.8ms
[5.204s][info][gc,phases   ] GC(18)   Other: 0.1ms
[5.204s][info][gc,heap     ] GC(18) Eden regions: 278->0(245)
[5.204s][info][gc,heap     ] GC(18) Survivor regions: 47->41(41)
[5.204s][info][gc,heap     ] GC(18) Old regions: 563->624
[5.204s][info][gc,heap     ] GC(18) Humongous regions: 2->0
[5.204s][info][gc,metaspace] GC(18) Metaspace: 1321K(1472K)->1321K(1472K) NonClass: 1224K(1280K)->1224K(1280K) Class: 97K(192K)->97K(192K)
[5.204s][info][gc          ] GC(18) Pause Young (Prepare Mixed) (G1 Evacuation Pause) 1778M->1329M(2058M) 21.277ms
[5.204s][info][gc,cpu      ] GC(18) User=0.11s Sys=0.05s Real=0.02s
[5.519s][info][gc,start    ] GC(19) Pause Young (Mixed) (G1 Evacuation Pause)
[5.519s][info][gc,task     ] GC(19) Using 10 workers of 10 for evacuation
[5.538s][info][gc,phases   ] GC(19)   Pre Evacuate Collection Set: 0.3ms
[5.538s][info][gc,phases   ] GC(19)   Merge Heap Roots: 0.1ms
[5.538s][info][gc,phases   ] GC(19)   Evacuate Collection Set: 17.9ms
[5.538s][info][gc,phases   ] GC(19)   Post Evacuate Collection Set: 0.7ms
[5.538s][info][gc,phases   ] GC(19)   Other: 0.1ms
[5.538s][info][gc,heap     ] GC(19) Eden regions: 245->0(212)
[5.538s][info][gc,heap     ] GC(19) Survivor regions: 41->36(36)
[5.538s][info][gc,heap     ] GC(19) Old regions: 624->677
[5.538s][info][gc,heap     ] GC(19) Humongous regions: 2->0
[5.538s][info][gc,metaspace] GC(19) Metaspace: 1321K(1472K)->1321K(1472K) NonClass: 1224K(1280K)->1224K(1280K) Class: 97K(192K)->97K(192K)
[5.538s][info][gc          ] GC(19) Pause Young (Mixed) (G1 Evacuation Pause) 1823M->1424M(2058M) 19.369ms
[5.538s][info][gc,cpu      ] GC(19) User=0.16s Sys=0.00s Real=0.02s
[5.543s][info][gc,start    ] GC(20) Pause Young (Concurrent Start) (G1 Humongous Allocation)
[5.543s][info][gc,task     ] GC(20) Using 10 workers of 10 for evacuation
[5.552s][info][gc,phases   ] GC(20)   Pre Evacuate Collection Set: 0.3ms
[5.552s][info][gc,phases   ] GC(20)   Merge Heap Roots: 0.1ms
[5.552s][info][gc,phases   ] GC(20)   Evacuate Collection Set: 7.3ms
[5.552s][info][gc,phases   ] GC(20)   Post Evacuate Collection Set: 0.6ms
[5.552s][info][gc,phases   ] GC(20)   Other: 0.2ms
[5.552s][info][gc,heap     ] GC(20) Eden regions: 5->0(213)
[5.552s][info][gc,heap     ] GC(20) Survivor regions: 36->1(31)
[5.552s][info][gc,heap     ] GC(20) Old regions: 677->713
[5.552s][info][gc,heap     ] GC(20) Humongous regions: 0->0
[5.552s][info][gc,metaspace] GC(20) Metaspace: 1321K(1472K)->1321K(1472K) NonClass: 1224K(1280K)->1224K(1280K) Class: 97K(192K)->97K(192K)
[5.552s][info][gc          ] GC(20) Pause Young (Concurrent Start) (G1 Humongous Allocation) 1433M->1426M(2058M) 8.775ms
[5.552s][info][gc,cpu      ] GC(20) User=0.00s Sys=0.00s Real=0.01s
[5.552s][info][gc          ] GC(21) Concurrent Mark Cycle
[5.552s][info][gc,marking  ] GC(21) Concurrent Scan Root Regions
[5.552s][info][gc,marking  ] GC(21) Concurrent Scan Root Regions 0.259ms
[5.552s][info][gc,marking  ] GC(21) Concurrent Mark
[5.552s][info][gc,marking  ] GC(21) Concurrent Mark From Roots
[5.552s][info][gc,task     ] GC(21) Using 3 workers of 3 for marking
[5.556s][info][gc,marking  ] GC(21) Concurrent Mark From Roots 3.661ms
[5.556s][info][gc,marking  ] GC(21) Concurrent Preclean
[5.556s][info][gc,marking  ] GC(21) Concurrent Preclean 0.015ms
[5.556s][info][gc,start    ] GC(21) Pause Remark
[5.559s][info][gc          ] GC(21) Pause Remark 1434M->1434M(2394M) 2.659ms
[5.559s][info][gc,cpu      ] GC(21) User=0.00s Sys=0.00s Real=0.00s
[5.559s][info][gc,marking  ] GC(21) Concurrent Mark 6.588ms
[5.559s][info][gc,marking  ] GC(21) Concurrent Rebuild Remembered Sets and Scrub Regions
[5.560s][info][gc,marking  ] GC(21) Concurrent Rebuild Remembered Sets and Scrub Regions 1.472ms
[5.560s][info][gc,start    ] GC(21) Pause Cleanup
[5.561s][info][gc          ] GC(21) Pause Cleanup 1436M->1436M(2394M) 0.289ms
[5.561s][info][gc,cpu      ] GC(21) User=0.00s Sys=0.00s Real=0.00s
[5.561s][info][gc,marking  ] GC(21) Concurrent Clear Claimed Marks
[5.561s][info][gc,marking  ] GC(21) Concurrent Clear Claimed Marks 0.025ms
[5.561s][info][gc,marking  ] GC(21) Concurrent Cleanup for Next Mark
[5.564s][info][gc,marking  ] GC(21) Concurrent Cleanup for Next Mark 3.315ms
[5.564s][info][gc          ] GC(21) Concurrent Mark Cycle 12.287ms
[5.906s][info][gc,start    ] GC(22) Pause Young (Prepare Mixed) (G1 Evacuation Pause)
[5.906s][info][gc,task     ] GC(22) Using 10 workers of 10 for evacuation
[5.915s][info][gc,phases   ] GC(22)   Pre Evacuate Collection Set: 0.3ms
[5.916s][info][gc,phases   ] GC(22)   Merge Heap Roots: 0.1ms
[5.916s][info][gc,phases   ] GC(22)   Evacuate Collection Set: 8.4ms
[5.916s][info][gc,phases   ] GC(22)   Post Evacuate Collection Set: 0.9ms
[5.916s][info][gc,phases   ] GC(22)   Other: 0.1ms
[5.916s][info][gc,heap     ] GC(22) Eden regions: 213->0(285)
[5.916s][info][gc,heap     ] GC(22) Survivor regions: 1->27(27)
[5.916s][info][gc,heap     ] GC(22) Old regions: 713->730
[5.916s][info][gc,heap     ] GC(22) Humongous regions: 2->0
[5.916s][info][gc,metaspace] GC(22) Metaspace: 1321K(1472K)->1321K(1472K) NonClass: 1224K(1280K)->1224K(1280K) Class: 97K(192K)->97K(192K)
[5.916s][info][gc          ] GC(22) Pause Young (Prepare Mixed) (G1 Evacuation Pause) 1856M->1512M(2394M) 9.949ms
[5.916s][info][gc,cpu      ] GC(22) User=0.00s Sys=0.00s Real=0.01s
[6.277s][info][gc,start    ] GC(23) Pause Young (Mixed) (G1 Evacuation Pause)
[6.277s][info][gc,task     ] GC(23) Using 10 workers of 10 for evacuation
[6.296s][info][gc,phases   ] GC(23)   Pre Evacuate Collection Set: 0.3ms
[6.296s][info][gc,phases   ] GC(23)   Merge Heap Roots: 0.1ms
[6.296s][info][gc,phases   ] GC(23)   Evacuate Collection Set: 16.8ms
[6.296s][info][gc,phases   ] GC(23)   Post Evacuate Collection Set: 0.9ms
[6.296s][info][gc,phases   ] GC(23)   Other: 0.1ms
[6.296s][info][gc,heap     ] GC(23) Eden regions: 285->0(254)
[6.296s][info][gc,heap     ] GC(23) Survivor regions: 27->39(39)
[6.296s][info][gc,heap     ] GC(23) Old regions: 730->773
[6.296s][info][gc,heap     ] GC(23) Humongous regions: 2->0
[6.296s][info][gc,metaspace] GC(23) Metaspace: 1321K(1472K)->1321K(1472K) NonClass: 1224K(1280K)->1224K(1280K) Class: 97K(192K)->97K(192K)
[6.296s][info][gc          ] GC(23) Pause Young (Mixed) (G1 Evacuation Pause) 2086M->1623M(2394M) 18.570ms
[6.296s][info][gc,cpu      ] GC(23) User=0.16s Sys=0.00s Real=0.02s
[6.472s][info][gc,start    ] GC(24) Pause Young (Concurrent Start) (G1 Humongous Allocation)
[6.472s][info][gc,task     ] GC(24) Using 10 workers of 10 for evacuation
[6.487s][info][gc,phases   ] GC(24)   Pre Evacuate Collection Set: 0.3ms
[6.487s][info][gc,phases   ] GC(24)   Merge Heap Roots: 0.1ms
[6.487s][info][gc,phases   ] GC(24)   Evacuate Collection Set: 13.0ms
[6.487s][info][gc,phases   ] GC(24)   Post Evacuate Collection Set: 0.7ms
[6.487s][info][gc,phases   ] GC(24)   Other: 0.2ms
[6.487s][info][gc,heap     ] GC(24) Eden regions: 145->0(234)
[6.487s][info][gc,heap     ] GC(24) Survivor regions: 39->29(37)
[6.487s][info][gc,heap     ] GC(24) Old regions: 773->811
[6.487s][info][gc,heap     ] GC(24) Humongous regions: 0->0
[6.487s][info][gc,metaspace] GC(24) Metaspace: 1321K(1472K)->1321K(1472K) NonClass: 1224K(1280K)->1224K(1280K) Class: 97K(192K)->97K(192K)
[6.487s][info][gc          ] GC(24) Pause Young (Concurrent Start) (G1 Humongous Allocation) 1912M->1678M(2394M) 14.441ms
[6.487s][info][gc,cpu      ] GC(24) User=0.16s Sys=0.00s Real=0.01s
[6.487s][info][gc          ] GC(25) Concurrent Mark Cycle
[6.487s][info][gc,marking  ] GC(25) Concurrent Scan Root Regions
[6.488s][info][gc,marking  ] GC(25) Concurrent Scan Root Regions 0.970ms
[6.488s][info][gc,marking  ] GC(25) Concurrent Mark
[6.488s][info][gc,marking  ] GC(25) Concurrent Mark From Roots
[6.488s][info][gc,task     ] GC(25) Using 3 workers of 3 for marking
[6.493s][info][gc,marking  ] GC(25) Concurrent Mark From Roots 4.766ms
[6.493s][info][gc,marking  ] GC(25) Concurrent Preclean
[6.493s][info][gc,marking  ] GC(25) Concurrent Preclean 0.016ms
[6.493s][info][gc,start    ] GC(25) Pause Remark
[6.495s][info][gc          ] GC(25) Pause Remark 1689M->1689M(2820M) 2.402ms
[6.495s][info][gc,cpu      ] GC(25) User=0.00s Sys=0.00s Real=0.00s
[6.495s][info][gc,marking  ] GC(25) Concurrent Mark 7.415ms
[6.495s][info][gc,marking  ] GC(25) Concurrent Rebuild Remembered Sets and Scrub Regions
[6.497s][info][gc,marking  ] GC(25) Concurrent Rebuild Remembered Sets and Scrub Regions 1.487ms
[6.497s][info][gc,start    ] GC(25) Pause Cleanup
[6.497s][info][gc          ] GC(25) Pause Cleanup 1691M->1691M(2820M) 0.298ms
[6.497s][info][gc,cpu      ] GC(25) User=0.00s Sys=0.00s Real=0.00s
[6.497s][info][gc,marking  ] GC(25) Concurrent Clear Claimed Marks
[6.497s][info][gc,marking  ] GC(25) Concurrent Clear Claimed Marks 0.025ms
[6.497s][info][gc,marking  ] GC(25) Concurrent Cleanup for Next Mark
[6.501s][info][gc,marking  ] GC(25) Concurrent Cleanup for Next Mark 4.164ms
[6.501s][info][gc          ] GC(25) Concurrent Mark Cycle 14.675ms
[6.890s][info][gc,start    ] GC(26) Pause Young (Prepare Mixed) (G1 Evacuation Pause)
[6.890s][info][gc,task     ] GC(26) Using 10 workers of 10 for evacuation
[6.906s][info][gc,phases   ] GC(26)   Pre Evacuate Collection Set: 0.3ms
[6.906s][info][gc,phases   ] GC(26)   Merge Heap Roots: 0.2ms
[6.906s][info][gc,phases   ] GC(26)   Evacuate Collection Set: 14.4ms
[6.906s][info][gc,phases   ] GC(26)   Post Evacuate Collection Set: 0.7ms
[6.906s][info][gc,phases   ] GC(26)   Other: 0.1ms
[6.906s][info][gc,heap     ] GC(26) Eden regions: 234->0(329)
[6.906s][info][gc,heap     ] GC(26) Survivor regions: 29->33(33)
[6.906s][info][gc,heap     ] GC(26) Old regions: 811->852
[6.906s][info][gc,heap     ] GC(26) Humongous regions: 2->0
[6.906s][info][gc,metaspace] GC(26) Metaspace: 1321K(1472K)->1321K(1472K) NonClass: 1224K(1280K)->1224K(1280K) Class: 97K(192K)->97K(192K)
[6.906s][info][gc          ] GC(26) Pause Young (Prepare Mixed) (G1 Evacuation Pause) 2150M->1769M(2820M) 15.845ms
[6.906s][info][gc,cpu      ] GC(26) User=0.16s Sys=0.00s Real=0.02s
[7.302s][info][gc,start    ] GC(27) Pause Young (Mixed) (G1 Evacuation Pause)
[7.302s][info][gc,task     ] GC(27) Using 10 workers of 10 for evacuation
[7.323s][info][gc,phases   ] GC(27)   Pre Evacuate Collection Set: 0.3ms
[7.323s][info][gc,phases   ] GC(27)   Merge Heap Roots: 0.1ms
[7.323s][info][gc,phases   ] GC(27)   Evacuate Collection Set: 20.1ms
[7.323s][info][gc,phases   ] GC(27)   Post Evacuate Collection Set: 0.8ms
[7.323s][info][gc,phases   ] GC(27)   Other: 0.1ms
[7.323s][info][gc,heap     ] GC(27) Eden regions: 329->0(296)
[7.323s][info][gc,heap     ] GC(27) Survivor regions: 33->46(46)
[7.323s][info][gc,heap     ] GC(27) Old regions: 852->905
[7.323s][info][gc,heap     ] GC(27) Humongous regions: 5->0
[7.323s][info][gc,metaspace] GC(27) Metaspace: 1321K(1472K)->1321K(1472K) NonClass: 1224K(1280K)->1224K(1280K) Class: 97K(192K)->97K(192K)
[7.323s][info][gc          ] GC(27) Pause Young (Mixed) (G1 Evacuation Pause) 2437M->1900M(2820M) 21.604ms
[7.323s][info][gc,cpu      ] GC(27) User=0.31s Sys=0.00s Real=0.02s
[7.924s][info][gc,start    ] GC(28) Pause Young (Concurrent Start) (G1 Evacuation Pause)
[7.924s][info][gc,task     ] GC(28) Using 10 workers of 10 for evacuation
[7.947s][info][gc,phases   ] GC(28)   Pre Evacuate Collection Set: 0.4ms
[7.947s][info][gc,phases   ] GC(28)   Merge Heap Roots: 0.1ms
[7.947s][info][gc,phases   ] GC(28)   Evacuate Collection Set: 21.5ms
[7.947s][info][gc,phases   ] GC(28)   Post Evacuate Collection Set: 0.7ms
[7.947s][info][gc,phases   ] GC(28)   Other: 0.2ms
[7.947s][info][gc,heap     ] GC(28) Eden regions: 296->0(289)
[7.947s][info][gc,heap     ] GC(28) Survivor regions: 46->27(43)
[7.947s][info][gc,heap     ] GC(28) Old regions: 905->951
[7.947s][info][gc,heap     ] GC(28) Humongous regions: 3->3
[7.947s][info][gc,metaspace] GC(28) Metaspace: 1762K(1920K)->1762K(1920K) NonClass: 1574K(1664K)->1574K(1664K) Class: 188K(256K)->188K(256K)
[7.947s][info][gc          ] GC(28) Pause Young (Concurrent Start) (G1 Evacuation Pause) 2498M->1960M(2820M) 23.317ms
[7.947s][info][gc,cpu      ] GC(28) User=0.16s Sys=0.02s Real=0.02s
[7.947s][info][gc          ] GC(29) Concurrent Mark Cycle
[7.947s][info][gc,marking  ] GC(29) Concurrent Scan Root Regions
[7.954s][info][gc,marking  ] GC(29) Concurrent Scan Root Regions 6.623ms
[7.954s][info][gc,marking  ] GC(29) Concurrent Mark
[7.954s][info][gc,marking  ] GC(29) Concurrent Mark From Roots
[7.954s][info][gc,task     ] GC(29) Using 3 workers of 3 for marking
[7.963s][info][gc,marking  ] GC(29) Concurrent Mark From Roots 8.666ms
[7.963s][info][gc,marking  ] GC(29) Concurrent Preclean
[7.963s][info][gc,marking  ] GC(29) Concurrent Preclean 0.028ms
[7.963s][info][gc,start    ] GC(29) Pause Remark
[7.966s][info][gc          ] GC(29) Pause Remark 1988M->1986M(3314M) 3.246ms
[7.966s][info][gc,cpu      ] GC(29) User=0.00s Sys=0.00s Real=0.00s
[7.967s][info][gc,marking  ] GC(29) Concurrent Mark 13.422ms
[7.967s][info][gc,marking  ] GC(29) Concurrent Rebuild Remembered Sets and Scrub Regions
[7.976s][info][gc,marking  ] GC(29) Concurrent Rebuild Remembered Sets and Scrub Regions 8.257ms
[7.976s][info][gc,start    ] GC(29) Pause Cleanup
[7.976s][info][gc          ] GC(29) Pause Cleanup 2000M->2000M(3314M) 0.352ms
[7.976s][info][gc,cpu      ] GC(29) User=0.00s Sys=0.00s Real=0.00s
[7.977s][info][gc,marking  ] GC(29) Concurrent Clear Claimed Marks
[7.977s][info][gc,marking  ] GC(29) Concurrent Clear Claimed Marks 0.040ms
[7.977s][info][gc,marking  ] GC(29) Concurrent Cleanup for Next Mark
[7.982s][info][gc,marking  ] GC(29) Concurrent Cleanup for Next Mark 4.630ms
[7.982s][info][gc          ] GC(29) Concurrent Mark Cycle 34.781ms
[8.314s][info][gc,start    ] GC(30) Pause Young (Prepare Mixed) (G1 Evacuation Pause)
[8.315s][info][gc,task     ] GC(30) Using 10 workers of 10 for evacuation
[8.336s][info][gc,phases   ] GC(30)   Pre Evacuate Collection Set: 0.2ms
[8.336s][info][gc,phases   ] GC(30)   Merge Heap Roots: 0.2ms
[8.336s][info][gc,phases   ] GC(30)   Evacuate Collection Set: 20.6ms
[8.336s][info][gc,phases   ] GC(30)   Post Evacuate Collection Set: 0.5ms
[8.336s][info][gc,phases   ] GC(30)   Other: 0.1ms
[8.336s][info][gc,heap     ] GC(30) Eden regions: 289->0(450)
[8.336s][info][gc,heap     ] GC(30) Survivor regions: 27->13(40)
[8.336s][info][gc,heap     ] GC(30) Old regions: 951->977
[8.336s][info][gc,heap     ] GC(30) Humongous regions: 5->5
[8.336s][info][gc,metaspace] GC(30) Metaspace: 1766K(1920K)->1766K(1920K) NonClass: 1578K(1664K)->1578K(1664K) Class: 188K(256K)->188K(256K)
[8.336s][info][gc          ] GC(30) Pause Young (Prepare Mixed) (G1 Evacuation Pause) 2542M->1987M(3314M) 21.922ms
[8.336s][info][gc,cpu      ] GC(30) User=0.16s Sys=0.00s Real=0.02s
[8.416s][info][gc,start    ] GC(31) Pause Young (Mixed) (G1 Evacuation Pause)
[8.416s][info][gc,task     ] GC(31) Using 10 workers of 10 for evacuation
[8.431s][info][gc,phases   ] GC(31)   Pre Evacuate Collection Set: 0.2ms
[8.431s][info][gc,phases   ] GC(31)   Merge Heap Roots: 0.4ms
[8.431s][info][gc,phases   ] GC(31)   Evacuate Collection Set: 13.8ms
[8.431s][info][gc,phases   ] GC(31)   Post Evacuate Collection Set: 0.3ms
[8.431s][info][gc,phases   ] GC(31)   Other: 0.1ms
[8.431s][info][gc,heap     ] GC(31) Eden regions: 69->0(452)
[8.431s][info][gc,heap     ] GC(31) Survivor regions: 13->4(11)
[8.431s][info][gc,heap     ] GC(31) Old regions: 977->988
[8.431s][info][gc,heap     ] GC(31) Humongous regions: 5->5
[8.431s][info][gc,metaspace] GC(31) Metaspace: 1766K(1920K)->1766K(1920K) NonClass: 1578K(1664K)->1578K(1664K) Class: 188K(256K)->188K(256K)
[8.431s][info][gc          ] GC(31) Pause Young (Mixed) (G1 Evacuation Pause) 2125M->1992M(3314M) 15.086ms
[8.431s][info][gc,cpu      ] GC(31) User=0.08s Sys=0.00s Real=0.01s
[8.629s][info][gc,start    ] GC(32) Pause Young (Mixed) (G1 Evacuation Pause)
[8.629s][info][gc,task     ] GC(32) Using 10 workers of 10 for evacuation
[8.640s][info][gc,phases   ] GC(32)   Pre Evacuate Collection Set: 0.2ms
[8.640s][info][gc,phases   ] GC(32)   Merge Heap Roots: 0.2ms
[8.640s][info][gc,phases   ] GC(32)   Evacuate Collection Set: 9.7ms
[8.640s][info][gc,phases   ] GC(32)   Post Evacuate Collection Set: 0.3ms
[8.640s][info][gc,phases   ] GC(32)   Other: 0.1ms
[8.640s][info][gc,heap     ] GC(32) Eden regions: 165->0(283)
[8.640s][info][gc,heap     ] GC(32) Survivor regions: 4->9(22)
[8.640s][info][gc,heap     ] GC(32) Old regions: 988->989
[8.640s][info][gc,heap     ] GC(32) Humongous regions: 5->5
[8.640s][info][gc,metaspace] GC(32) Metaspace: 1766K(1920K)->1766K(1920K) NonClass: 1578K(1664K)->1578K(1664K) Class: 188K(256K)->188K(256K)
[8.640s][info][gc          ] GC(32) Pause Young (Mixed) (G1 Evacuation Pause) 2322M->2003M(3314M) 10.870ms
[8.640s][info][gc,cpu      ] GC(32) User=0.16s Sys=0.00s Real=0.01s
[8.726s][info][gc,start    ] GC(33) Pause Young (Mixed) (G1 Evacuation Pause)
[8.726s][info][gc,task     ] GC(33) Using 10 workers of 10 for evacuation
[8.737s][info][gc,phases   ] GC(33)   Pre Evacuate Collection Set: 0.2ms
[8.737s][info][gc,phases   ] GC(33)   Merge Heap Roots: 0.2ms
[8.737s][info][gc,phases   ] GC(33)   Evacuate Collection Set: 10.5ms
[8.737s][info][gc,phases   ] GC(33)   Post Evacuate Collection Set: 0.3ms
[8.737s][info][gc,phases   ] GC(33)   Other: 0.1ms
[8.737s][info][gc,heap     ] GC(33) Eden regions: 73->0(455)
[8.737s][info][gc,heap     ] GC(33) Survivor regions: 9->8(11)
[8.737s][info][gc,heap     ] GC(33) Old regions: 989->991
[8.737s][info][gc,heap     ] GC(33) Humongous regions: 5->5
[8.738s][info][gc,metaspace] GC(33) Metaspace: 1766K(1920K)->1766K(1920K) NonClass: 1578K(1664K)->1578K(1664K) Class: 188K(256K)->188K(256K)
[8.738s][info][gc          ] GC(33) Pause Young (Mixed) (G1 Evacuation Pause) 2149M->2007M(3314M) 11.570ms
[8.738s][info][gc,cpu      ] GC(33) User=0.16s Sys=0.00s Real=0.01s
[9.306s][info][gc,start    ] GC(34) Pause Young (Mixed) (G1 Evacuation Pause)
[9.306s][info][gc,task     ] GC(34) Using 10 workers of 10 for evacuation
[9.336s][info][gc,phases   ] GC(34)   Pre Evacuate Collection Set: 0.3ms
[9.336s][info][gc,phases   ] GC(34)   Merge Heap Roots: 0.4ms
[9.336s][info][gc,phases   ] GC(34)   Evacuate Collection Set: 28.9ms
[9.336s][info][gc,phases   ] GC(34)   Post Evacuate Collection Set: 0.5ms
[9.336s][info][gc,phases   ] GC(34)   Other: 0.1ms
[9.336s][info][gc,heap     ] GC(34) Eden regions: 455->0(485)
[9.336s][info][gc,heap     ] GC(34) Survivor regions: 8->24(58)
[9.336s][info][gc,heap     ] GC(34) Old regions: 991->991
[9.336s][info][gc,heap     ] GC(34) Humongous regions: 10->10
[9.336s][info][gc,metaspace] GC(34) Metaspace: 1768K(1920K)->1768K(1920K) NonClass: 1579K(1664K)->1579K(1664K) Class: 188K(256K)->188K(256K)
[9.336s][info][gc          ] GC(34) Pause Young (Mixed) (G1 Evacuation Pause) 2927M->2047M(3314M) 30.513ms
[9.336s][info][gc,cpu      ] GC(34) User=0.16s Sys=0.00s Real=0.03s
[9.402s][info][gc,start    ] GC(35) Pause Young (Normal) (G1 Evacuation Pause)
[9.402s][info][gc,task     ] GC(35) Using 10 workers of 10 for evacuation
[9.427s][info][gc,phases   ] GC(35)   Pre Evacuate Collection Set: 0.2ms
[9.427s][info][gc,phases   ] GC(35)   Merge Heap Roots: 0.3ms
[9.427s][info][gc,phases   ] GC(35)   Evacuate Collection Set: 24.1ms
[9.427s][info][gc,phases   ] GC(35)   Post Evacuate Collection Set: 0.3ms
[9.427s][info][gc,phases   ] GC(35)   Other: 0.1ms
[9.427s][info][gc,heap     ] GC(35) Eden regions: 58->0(507)
[9.427s][info][gc,heap     ] GC(35) Survivor regions: 24->4(11)
[9.427s][info][gc,heap     ] GC(35) Old regions: 991->1014
[9.427s][info][gc,heap     ] GC(35) Humongous regions: 10->10
[9.427s][info][gc,metaspace] GC(35) Metaspace: 1768K(1920K)->1768K(1920K) NonClass: 1579K(1664K)->1579K(1664K) Class: 188K(256K)->188K(256K)
[9.427s][info][gc          ] GC(35) Pause Young (Normal) (G1 Evacuation Pause) 2163M->2053M(3314M) 25.337ms
[9.427s][info][gc,cpu      ] GC(35) User=0.16s Sys=0.00s Real=0.03s
[9.704s][info][gc,start    ] GC(36) Pause Young (Normal) (G1 Evacuation Pause)
[9.704s][info][gc,task     ] GC(36) Using 10 workers of 10 for evacuation
[9.716s][info][gc,phases   ] GC(36)   Pre Evacuate Collection Set: 0.2ms
[9.717s][info][gc,phases   ] GC(36)   Merge Heap Roots: 0.3ms
[9.717s][info][gc,phases   ] GC(36)   Evacuate Collection Set: 11.8ms
[9.717s][info][gc,phases   ] GC(36)   Post Evacuate Collection Set: 0.4ms
[9.717s][info][gc,phases   ] GC(36)   Other: 0.1ms
[9.717s][info][gc,heap     ] GC(36) Eden regions: 230->0(520)
[9.717s][info][gc,heap     ] GC(36) Survivor regions: 4->9(30)
[9.717s][info][gc,heap     ] GC(36) Old regions: 1014->1014
[9.717s][info][gc,heap     ] GC(36) Humongous regions: 10->10
[9.717s][info][gc,metaspace] GC(36) Metaspace: 1768K(1920K)->1768K(1920K) NonClass: 1579K(1664K)->1579K(1664K) Class: 188K(256K)->188K(256K)
[9.717s][info][gc          ] GC(36) Pause Young (Normal) (G1 Evacuation Pause) 2513M->2063M(3314M) 13.117ms
[9.717s][info][gc,cpu      ] GC(36) User=0.16s Sys=0.00s Real=0.01s
[9.896s][info][gc,start    ] GC(37) Pause Young (Concurrent Start) (G1 Evacuation Pause)
[9.896s][info][gc,task     ] GC(37) Using 10 workers of 10 for evacuation
[9.912s][info][gc,phases   ] GC(37)   Pre Evacuate Collection Set: 0.3ms
[9.912s][info][gc,phases   ] GC(37)   Merge Heap Roots: 0.3ms
[9.912s][info][gc,phases   ] GC(37)   Evacuate Collection Set: 14.1ms
[9.912s][info][gc,phases   ] GC(37)   Post Evacuate Collection Set: 0.4ms
[9.912s][info][gc,phases   ] GC(37)   Other: 0.1ms
[9.912s][info][gc,heap     ] GC(37) Eden regions: 150->0(523)
[9.912s][info][gc,heap     ] GC(37) Survivor regions: 9->13(20)
[9.912s][info][gc,heap     ] GC(37) Old regions: 1014->1014
[9.912s][info][gc,heap     ] GC(37) Humongous regions: 10->10
[9.912s][info][gc,metaspace] GC(37) Metaspace: 1768K(1920K)->1768K(1920K) NonClass: 1579K(1664K)->1579K(1664K) Class: 188K(256K)->188K(256K)
[9.912s][info][gc          ] GC(37) Pause Young (Concurrent Start) (G1 Evacuation Pause) 2363M->2072M(3314M) 15.509ms
[9.912s][info][gc,cpu      ] GC(37) User=0.14s Sys=0.02s Real=0.01s
[9.912s][info][gc          ] GC(38) Concurrent Mark Cycle
[9.912s][info][gc,marking  ] GC(38) Concurrent Scan Root Regions
[9.918s][info][gc,marking  ] GC(38) Concurrent Scan Root Regions 6.481ms
[9.918s][info][gc,marking  ] GC(38) Concurrent Mark
[9.918s][info][gc,marking  ] GC(38) Concurrent Mark From Roots
[9.918s][info][gc,task     ] GC(38) Using 3 workers of 3 for marking
[10.021s][info][gc,marking  ] GC(38) Concurrent Mark From Roots 102.229ms
[10.021s][info][gc,marking  ] GC(38) Concurrent Preclean
[10.021s][info][gc,marking  ] GC(38) Concurrent Preclean 0.033ms
[10.021s][info][gc,start    ] GC(38) Pause Remark
[10.023s][info][gc          ] GC(38) Pause Remark 2207M->2197M(3668M) 2.657ms
[10.024s][info][gc,cpu      ] GC(38) User=0.00s Sys=0.00s Real=0.00s
[10.025s][info][gc,marking  ] GC(38) Concurrent Mark 106.231ms
[10.025s][info][gc,marking  ] GC(38) Concurrent Rebuild Remembered Sets and Scrub Regions
[10.086s][info][gc,marking  ] GC(38) Concurrent Rebuild Remembered Sets and Scrub Regions 61.668ms
[10.086s][info][gc,start    ] GC(38) Pause Cleanup
[10.087s][info][gc          ] GC(38) Pause Cleanup 2272M->2272M(3668M) 0.358ms
[10.087s][info][gc,cpu      ] GC(38) User=0.00s Sys=0.00s Real=0.00s
[10.089s][info][gc,marking  ] GC(38) Concurrent Clear Claimed Marks
[10.089s][info][gc,marking  ] GC(38) Concurrent Clear Claimed Marks 0.039ms
[10.089s][info][gc,marking  ] GC(38) Concurrent Cleanup for Next Mark
[10.093s][info][gc,marking  ] GC(38) Concurrent Cleanup for Next Mark 4.906ms
[10.094s][info][gc          ] GC(38) Concurrent Mark Cycle 181.763ms
[10.198s][info][gc,start    ] GC(39) Pause Young (Prepare Mixed) (G1 Evacuation Pause)
[10.198s][info][gc,task     ] GC(39) Using 10 workers of 10 for evacuation
[10.219s][info][gc,phases   ] GC(39)   Pre Evacuate Collection Set: 0.2ms
[10.219s][info][gc,phases   ] GC(39)   Merge Heap Roots: 0.4ms
[10.219s][info][gc,phases   ] GC(39)   Evacuate Collection Set: 19.5ms
[10.219s][info][gc,phases   ] GC(39)   Post Evacuate Collection Set: 0.5ms
[10.219s][info][gc,phases   ] GC(39)   Other: 0.1ms
[10.219s][info][gc,heap     ] GC(39) Eden regions: 190->0(686)
[10.219s][info][gc,heap     ] GC(39) Survivor regions: 13->18(26)
[10.219s][info][gc,heap     ] GC(39) Old regions: 1014->1014
[10.219s][info][gc,heap     ] GC(39) Humongous regions: 5->5
[10.219s][info][gc,metaspace] GC(39) Metaspace: 1768K(1920K)->1768K(1920K) NonClass: 1579K(1664K)->1579K(1664K) Class: 188K(256K)->188K(256K)
[10.219s][info][gc          ] GC(39) Pause Young (Prepare Mixed) (G1 Evacuation Pause) 2442M->2072M(3668M) 21.046ms
[10.219s][info][gc,cpu      ] GC(39) User=0.16s Sys=0.00s Real=0.02s
[11.051s][info][gc,start    ] GC(40) Pause Young (Mixed) (G1 Evacuation Pause)
[11.051s][info][gc,task     ] GC(40) Using 10 workers of 10 for evacuation
[11.091s][info][gc,phases   ] GC(40)   Pre Evacuate Collection Set: 0.3ms
[11.091s][info][gc,phases   ] GC(40)   Merge Heap Roots: 0.5ms
[11.091s][info][gc,phases   ] GC(40)   Evacuate Collection Set: 37.0ms
[11.091s][info][gc,phases   ] GC(40)   Post Evacuate Collection Set: 1.2ms
[11.091s][info][gc,phases   ] GC(40)   Other: 0.3ms
[11.091s][info][gc,heap     ] GC(40) Eden regions: 686->0(693)
[11.091s][info][gc,heap     ] GC(40) Survivor regions: 18->36(88)
[11.091s][info][gc,heap     ] GC(40) Old regions: 1014->1012
[11.091s][info][gc,heap     ] GC(40) Humongous regions: 5->5
[11.091s][info][gc,metaspace] GC(40) Metaspace: 1768K(1920K)->1768K(1920K) NonClass: 1580K(1664K)->1580K(1664K) Class: 188K(256K)->188K(256K)
[11.091s][info][gc          ] GC(40) Pause Young (Mixed) (G1 Evacuation Pause) 3444M->2103M(3754M) 39.602ms
[11.091s][info][gc,cpu      ] GC(40) User=0.45s Sys=0.00s Real=0.04s
[11.113s][info][gc,start    ] GC(41) Pause Young (Concurrent Start) (G1 Humongous Allocation)
[11.113s][info][gc,task     ] GC(41) Using 10 workers of 10 for evacuation
[11.143s][info][gc,phases   ] GC(41)   Pre Evacuate Collection Set: 0.3ms
[11.143s][info][gc,phases   ] GC(41)   Merge Heap Roots: 0.5ms
[11.143s][info][gc,phases   ] GC(41)   Evacuate Collection Set: 28.6ms
[11.143s][info][gc,phases   ] GC(41)   Post Evacuate Collection Set: 0.3ms
[11.143s][info][gc,phases   ] GC(41)   Other: 0.1ms
[11.143s][info][gc,heap     ] GC(41) Eden regions: 19->0(721)
[11.143s][info][gc,heap     ] GC(41) Survivor regions: 36->5(12)
[11.143s][info][gc,heap     ] GC(41) Old regions: 1012->1046
[11.143s][info][gc,heap     ] GC(41) Humongous regions: 5->5
[11.143s][info][gc,metaspace] GC(41) Metaspace: 1768K(1920K)->1768K(1920K) NonClass: 1580K(1664K)->1580K(1664K) Class: 188K(256K)->188K(256K)
[11.143s][info][gc          ] GC(41) Pause Young (Concurrent Start) (G1 Humongous Allocation) 2141M->2112M(3754M) 30.081ms
[11.143s][info][gc,cpu      ] GC(41) User=0.31s Sys=0.00s Real=0.03s
[11.143s][info][gc          ] GC(42) Concurrent Mark Cycle
[11.143s][info][gc,marking  ] GC(42) Concurrent Scan Root Regions
[11.161s][info][gc,marking  ] GC(42) Concurrent Scan Root Regions 17.623ms
[11.161s][info][gc,marking  ] GC(42) Concurrent Mark
[11.161s][info][gc,marking  ] GC(42) Concurrent Mark From Roots
[11.161s][info][gc,task     ] GC(42) Using 3 workers of 3 for marking
[11.282s][info][gc,marking  ] GC(42) Concurrent Mark From Roots 120.980ms
[11.282s][info][gc,marking  ] GC(42) Concurrent Preclean
[11.282s][info][gc,marking  ] GC(42) Concurrent Preclean 0.029ms
[11.282s][info][gc,start    ] GC(42) Pause Remark
[11.283s][info][gc          ] GC(42) Pause Remark 2210M->2210M(3754M) 0.955ms
[11.283s][info][gc,cpu      ] GC(42) User=0.00s Sys=0.00s Real=0.00s
[11.285s][info][gc,marking  ] GC(42) Concurrent Mark 123.916ms
[11.285s][info][gc,marking  ] GC(42) Concurrent Rebuild Remembered Sets and Scrub Regions
[11.372s][info][gc,marking  ] GC(42) Concurrent Rebuild Remembered Sets and Scrub Regions 87.352ms
[11.372s][info][gc,start    ] GC(42) Pause Cleanup
[11.373s][info][gc          ] GC(42) Pause Cleanup 2322M->2322M(3754M) 0.443ms
[11.373s][info][gc,cpu      ] GC(42) User=0.00s Sys=0.00s Real=0.00s
[11.374s][info][gc,marking  ] GC(42) Concurrent Clear Claimed Marks
[11.374s][info][gc,marking  ] GC(42) Concurrent Clear Claimed Marks 0.036ms
[11.374s][info][gc,marking  ] GC(42) Concurrent Cleanup for Next Mark
[11.379s][info][gc,marking  ] GC(42) Concurrent Cleanup for Next Mark 5.235ms
[11.379s][info][gc          ] GC(42) Concurrent Mark Cycle 236.451ms
[12.138s][info][gc,start    ] GC(43) Pause Young (Prepare Mixed) (G1 Evacuation Pause)
[12.138s][info][gc,task     ] GC(43) Using 10 workers of 10 for evacuation
[12.175s][info][gc,phases   ] GC(43)   Pre Evacuate Collection Set: 0.2ms
[12.175s][info][gc,phases   ] GC(43)   Merge Heap Roots: 0.7ms
[12.175s][info][gc,phases   ] GC(43)   Evacuate Collection Set: 34.9ms
[12.175s][info][gc,phases   ] GC(43)   Post Evacuate Collection Set: 0.7ms
[12.175s][info][gc,phases   ] GC(43)   Other: 0.1ms
[12.175s][info][gc,heap     ] GC(43) Eden regions: 721->0(678)
[12.175s][info][gc,heap     ] GC(43) Survivor regions: 5->22(91)
[12.175s][info][gc,heap     ] GC(43) Old regions: 1046->1046
[12.175s][info][gc,heap     ] GC(43) Humongous regions: 14->14
[12.175s][info][gc,metaspace] GC(43) Metaspace: 1768K(1920K)->1768K(1920K) NonClass: 1580K(1664K)->1580K(1664K) Class: 188K(256K)->188K(256K)
[12.175s][info][gc          ] GC(43) Pause Young (Prepare Mixed) (G1 Evacuation Pause) 3572M->2164M(3754M) 37.091ms
[12.175s][info][gc,cpu      ] GC(43) User=0.31s Sys=0.00s Real=0.04s
[13.001s][info][gc,start    ] GC(44) Pause Young (Mixed) (G1 Evacuation Pause)
[13.001s][info][gc,task     ] GC(44) Using 10 workers of 10 for evacuation
[13.049s][info][gc,phases   ] GC(44)   Pre Evacuate Collection Set: 0.3ms
[13.049s][info][gc,phases   ] GC(44)   Merge Heap Roots: 0.6ms
[13.049s][info][gc,phases   ] GC(44)   Evacuate Collection Set: 46.5ms
[13.049s][info][gc,phases   ] GC(44)   Post Evacuate Collection Set: 0.7ms
[13.049s][info][gc,phases   ] GC(44)   Other: 0.1ms
[13.049s][info][gc,heap     ] GC(44) Eden regions: 678->0(647)
[13.049s][info][gc,heap     ] GC(44) Survivor regions: 22->38(88)
[13.049s][info][gc,heap     ] GC(44) Old regions: 1046->1045
[13.049s][info][gc,heap     ] GC(44) Humongous regions: 14->14
[13.049s][info][gc,metaspace] GC(44) Metaspace: 1768K(1920K)->1768K(1920K) NonClass: 1580K(1664K)->1580K(1664K) Class: 188K(256K)->188K(256K)
[13.049s][info][gc          ] GC(44) Pause Young (Mixed) (G1 Evacuation Pause) 3520M->2192M(3754M) 48.570ms
[13.049s][info][gc,cpu      ] GC(44) User=0.47s Sys=0.00s Real=0.05s
[13.111s][info][gc,start    ] GC(45) Pause Young (Concurrent Start) (G1 Evacuation Pause)
[13.111s][info][gc,task     ] GC(45) Using 10 workers of 10 for evacuation
[13.153s][info][gc,phases   ] GC(45)   Pre Evacuate Collection Set: 0.3ms
[13.153s][info][gc,phases   ] GC(45)   Merge Heap Roots: 0.4ms
[13.153s][info][gc,phases   ] GC(45)   Evacuate Collection Set: 40.1ms
[13.153s][info][gc,phases   ] GC(45)   Post Evacuate Collection Set: 0.4ms
[13.153s][info][gc,phases   ] GC(45)   Other: 0.1ms
[13.153s][info][gc,heap     ] GC(45) Eden regions: 55->0(676)
[13.153s][info][gc,heap     ] GC(45) Survivor regions: 38->5(12)
[13.153s][info][gc,heap     ] GC(45) Old regions: 1045->1082
[13.153s][info][gc,heap     ] GC(45) Humongous regions: 14->14
[13.153s][info][gc,metaspace] GC(45) Metaspace: 1768K(1920K)->1768K(1920K) NonClass: 1580K(1664K)->1580K(1664K) Class: 188K(256K)->188K(256K)
[13.153s][info][gc          ] GC(45) Pause Young (Concurrent Start) (G1 Evacuation Pause) 2302M->2202M(3754M) 41.598ms
[13.153s][info][gc,cpu      ] GC(45) User=0.47s Sys=0.00s Real=0.04s
[13.153s][info][gc          ] GC(46) Concurrent Mark Cycle
[13.153s][info][gc,marking  ] GC(46) Concurrent Scan Root Regions
[13.187s][info][gc,marking  ] GC(46) Concurrent Scan Root Regions 34.068ms
[13.187s][info][gc,marking  ] GC(46) Concurrent Mark
[13.187s][info][gc,marking  ] GC(46) Concurrent Mark From Roots
[13.187s][info][gc,task     ] GC(46) Using 3 workers of 3 for marking
[13.371s][info][gc,marking  ] GC(46) Concurrent Mark From Roots 184.248ms
[13.371s][info][gc,marking  ] GC(46) Concurrent Preclean
[13.371s][info][gc,marking  ] GC(46) Concurrent Preclean 0.030ms
[13.372s][info][gc,start    ] GC(46) Pause Remark
[13.374s][info][gc          ] GC(46) Pause Remark 2474M->2464M(4096M) 2.235ms
[13.374s][info][gc,cpu      ] GC(46) User=0.00s Sys=0.00s Real=0.00s
[13.375s][info][gc,marking  ] GC(46) Concurrent Mark 188.120ms
[13.375s][info][gc,marking  ] GC(46) Concurrent Rebuild Remembered Sets and Scrub Regions
[13.495s][info][gc,marking  ] GC(46) Concurrent Rebuild Remembered Sets and Scrub Regions 120.143ms
[13.495s][info][gc,start    ] GC(46) Pause Cleanup
[13.496s][info][gc          ] GC(46) Pause Cleanup 2602M->2602M(4096M) 0.432ms
[13.496s][info][gc,cpu      ] GC(46) User=0.00s Sys=0.00s Real=0.00s
[13.498s][info][gc,marking  ] GC(46) Concurrent Clear Claimed Marks
[13.498s][info][gc,marking  ] GC(46) Concurrent Clear Claimed Marks 0.039ms
[13.498s][info][gc,marking  ] GC(46) Concurrent Cleanup for Next Mark
[13.505s][info][gc,marking  ] GC(46) Concurrent Cleanup for Next Mark 7.016ms
[13.505s][info][gc          ] GC(46) Concurrent Mark Cycle 351.955ms
[14.077s][info][gc,start    ] GC(47) Pause Young (Prepare Mixed) (G1 Evacuation Pause)
[14.077s][info][gc,task     ] GC(47) Using 10 workers of 10 for evacuation
[14.105s][info][gc,phases   ] GC(47)   Pre Evacuate Collection Set: 0.3ms
[14.105s][info][gc,phases   ] GC(47)   Merge Heap Roots: 0.7ms
[14.105s][info][gc,phases   ] GC(47)   Evacuate Collection Set: 25.5ms
[14.105s][info][gc,phases   ] GC(47)   Post Evacuate Collection Set: 0.7ms
[14.105s][info][gc,phases   ] GC(47)   Other: 0.1ms
[14.105s][info][gc,heap     ] GC(47) Eden regions: 668->0(811)
[14.105s][info][gc,heap     ] GC(47) Survivor regions: 5->17(85)
[14.105s][info][gc,heap     ] GC(47) Old regions: 1082->1082
[14.105s][info][gc,heap     ] GC(47) Humongous regions: 9->9
[14.105s][info][gc,metaspace] GC(47) Metaspace: 1768K(1920K)->1768K(1920K) NonClass: 1580K(1664K)->1580K(1664K) Class: 188K(256K)->188K(256K)
[14.105s][info][gc          ] GC(47) Pause Young (Prepare Mixed) (G1 Evacuation Pause) 3528M->2215M(4096M) 27.691ms
[14.105s][info][gc,cpu      ] GC(47) User=0.31s Sys=0.00s Real=0.03s
[15.096s][info][gc,start    ] GC(48) Pause Young (Mixed) (G1 Evacuation Pause)
[15.096s][info][gc,task     ] GC(48) Using 10 workers of 10 for evacuation
[15.139s][info][gc,phases   ] GC(48)   Pre Evacuate Collection Set: 0.3ms
[15.139s][info][gc,phases   ] GC(48)   Merge Heap Roots: 0.7ms
[15.139s][info][gc,phases   ] GC(48)   Evacuate Collection Set: 41.0ms
[15.139s][info][gc,phases   ] GC(48)   Post Evacuate Collection Set: 0.8ms
[15.139s][info][gc,phases   ] GC(48)   Other: 0.2ms
[15.139s][info][gc,heap     ] GC(48) Eden regions: 811->0(788)
[15.139s][info][gc,heap     ] GC(48) Survivor regions: 17->34(104)
[15.139s][info][gc,heap     ] GC(48) Old regions: 1082->1080
[15.139s][info][gc,heap     ] GC(48) Humongous regions: 9->9
[15.139s][info][gc,metaspace] GC(48) Metaspace: 1768K(1920K)->1768K(1920K) NonClass: 1580K(1664K)->1580K(1664K) Class: 188K(256K)->188K(256K)
[15.139s][info][gc          ] GC(48) Pause Young (Mixed) (G1 Evacuation Pause) 3837M->2244M(4096M) 43.300ms
[15.139s][info][gc,cpu      ] GC(48) User=0.45s Sys=0.00s Real=0.04s
[15.670s][info][gc,start    ] GC(49) Pause Young (Concurrent Start) (G1 Evacuation Pause)
[15.670s][info][gc,task     ] GC(49) Using 10 workers of 10 for evacuation
[15.716s][info][gc,phases   ] GC(49)   Pre Evacuate Collection Set: 0.3ms
[15.716s][info][gc,phases   ] GC(49)   Merge Heap Roots: 0.7ms
[15.716s][info][gc,phases   ] GC(49)   Evacuate Collection Set: 43.6ms
[15.716s][info][gc,phases   ] GC(49)   Post Evacuate Collection Set: 0.7ms
[15.716s][info][gc,phases   ] GC(49)   Other: 0.2ms
[15.716s][info][gc,heap     ] GC(49) Eden regions: 435->0(784)
[15.716s][info][gc,heap     ] GC(49) Survivor regions: 34->28(59)
[15.716s][info][gc,heap     ] GC(49) Old regions: 1080->1096
[15.716s][info][gc,heap     ] GC(49) Humongous regions: 9->9
[15.716s][info][gc,metaspace] GC(49) Metaspace: 1768K(1920K)->1768K(1920K) NonClass: 1580K(1664K)->1580K(1664K) Class: 188K(256K)->188K(256K)
[15.716s][info][gc          ] GC(49) Pause Young (Concurrent Start) (G1 Evacuation Pause) 3114M->2263M(4096M) 45.829ms
[15.716s][info][gc,cpu      ] GC(49) User=0.47s Sys=0.00s Real=0.05s
[15.716s][info][gc          ] GC(50) Concurrent Mark Cycle
[15.716s][info][gc,marking  ] GC(50) Concurrent Scan Root Regions
[15.739s][info][gc,marking  ] GC(50) Concurrent Scan Root Regions 22.648ms
[15.739s][info][gc,marking  ] GC(50) Concurrent Mark
[15.739s][info][gc,marking  ] GC(50) Concurrent Mark From Roots
[15.739s][info][gc,task     ] GC(50) Using 3 workers of 3 for marking
[15.995s][info][gc,marking  ] GC(50) Concurrent Mark From Roots 255.721ms
[15.995s][info][gc,marking  ] GC(50) Concurrent Preclean
[15.995s][info][gc,marking  ] GC(50) Concurrent Preclean 0.031ms
[15.995s][info][gc,start    ] GC(50) Pause Remark
[15.996s][info][gc          ] GC(50) Pause Remark 2607M->2607M(4096M) 0.884ms
[15.996s][info][gc,cpu      ] GC(50) User=0.00s Sys=0.00s Real=0.00s
[16.000s][info][gc,marking  ] GC(50) Concurrent Mark 261.486ms
[16.000s][info][gc,marking  ] GC(50) Concurrent Rebuild Remembered Sets and Scrub Regions
[16.155s][info][gc,marking  ] GC(50) Concurrent Rebuild Remembered Sets and Scrub Regions 154.248ms
[16.155s][info][gc,start    ] GC(50) Pause Cleanup
[16.155s][info][gc          ] GC(50) Pause Cleanup 2798M->2798M(4096M) 0.509ms
[16.155s][info][gc,cpu      ] GC(50) User=0.00s Sys=0.00s Real=0.00s
[16.157s][info][gc,marking  ] GC(50) Concurrent Clear Claimed Marks
[16.157s][info][gc,marking  ] GC(50) Concurrent Clear Claimed Marks 0.041ms
[16.157s][info][gc,marking  ] GC(50) Concurrent Cleanup for Next Mark
[16.163s][info][gc,marking  ] GC(50) Concurrent Cleanup for Next Mark 5.302ms
[16.163s][info][gc          ] GC(50) Concurrent Mark Cycle 446.810ms
[16.402s][info][gc,start    ] GC(51) Pause Young (Prepare Mixed) (G1 Evacuation Pause)
[16.402s][info][gc,task     ] GC(51) Using 10 workers of 10 for evacuation
[16.471s][info][gc,phases   ] GC(51)   Pre Evacuate Collection Set: 0.2ms
[16.471s][info][gc,phases   ] GC(51)   Merge Heap Roots: 1.4ms
[16.471s][info][gc,phases   ] GC(51)   Evacuate Collection Set: 66.8ms
[16.471s][info][gc,phases   ] GC(51)   Post Evacuate Collection Set: 0.8ms
[16.471s][info][gc,phases   ] GC(51)   Other: 0.1ms
[16.471s][info][gc,heap     ] GC(51) Eden regions: 447->0(735)
[16.471s][info][gc,heap     ] GC(51) Survivor regions: 28->44(60)
[16.471s][info][gc,heap     ] GC(51) Old regions: 1096->1096
[16.471s][info][gc,heap     ] GC(51) Humongous regions: 26->26
[16.471s][info][gc,metaspace] GC(51) Metaspace: 1770K(1920K)->1770K(1920K) NonClass: 1582K(1664K)->1582K(1664K) Class: 188K(256K)->188K(256K)
[16.471s][info][gc          ] GC(51) Pause Young (Prepare Mixed) (G1 Evacuation Pause) 3191M->2329M(4096M) 69.663ms
[16.471s][info][gc,cpu      ] GC(51) User=0.62s Sys=0.00s Real=0.07s
[17.412s][info][gc,start    ] GC(52) Pause Young (Mixed) (G1 Evacuation Pause)
[17.412s][info][gc,task     ] GC(52) Using 10 workers of 10 for evacuation
[17.492s][info][gc,phases   ] GC(52)   Pre Evacuate Collection Set: 0.2ms
[17.492s][info][gc,phases   ] GC(52)   Merge Heap Roots: 1.1ms
[17.492s][info][gc,phases   ] GC(52)   Evacuate Collection Set: 77.6ms
[17.492s][info][gc,phases   ] GC(52)   Post Evacuate Collection Set: 1.0ms
[17.492s][info][gc,phases   ] GC(52)   Other: 0.1ms
[17.492s][info][gc,heap     ] GC(52) Eden regions: 735->0(710)
[17.492s][info][gc,heap     ] GC(52) Survivor regions: 44->58(98)
[17.492s][info][gc,heap     ] GC(52) Old regions: 1096->1093
[17.492s][info][gc,heap     ] GC(52) Humongous regions: 26->26
[17.492s][info][gc,metaspace] GC(52) Metaspace: 1770K(1920K)->1770K(1920K) NonClass: 1582K(1664K)->1582K(1664K) Class: 188K(256K)->188K(256K)
[17.492s][info][gc          ] GC(52) Pause Young (Mixed) (G1 Evacuation Pause) 3799M->2352M(4096M) 80.286ms
[17.492s][info][gc,cpu      ] GC(52) User=0.78s Sys=0.00s Real=0.08s
[17.553s][info][gc,start    ] GC(53) Pause Young (Concurrent Start) (G1 Evacuation Pause)
[17.553s][info][gc,task     ] GC(53) Using 10 workers of 10 for evacuation
[17.623s][info][gc,phases   ] GC(53)   Pre Evacuate Collection Set: 0.3ms
[17.623s][info][gc,phases   ] GC(53)   Merge Heap Roots: 0.8ms
[17.623s][info][gc,phases   ] GC(53)   Evacuate Collection Set: 68.6ms
[17.623s][info][gc,phases   ] GC(53)   Post Evacuate Collection Set: 0.4ms
[17.623s][info][gc,phases   ] GC(53)   Other: 0.1ms
[17.623s][info][gc,heap     ] GC(53) Eden regions: 44->0(759)
[17.623s][info][gc,heap     ] GC(53) Survivor regions: 58->5(13)
[17.623s][info][gc,heap     ] GC(53) Old regions: 1093->1150
[17.623s][info][gc,heap     ] GC(53) Humongous regions: 26->26
[17.623s][info][gc,metaspace] GC(53) Metaspace: 1770K(1920K)->1770K(1920K) NonClass: 1582K(1664K)->1582K(1664K) Class: 188K(256K)->188K(256K)
[17.623s][info][gc          ] GC(53) Pause Young (Concurrent Start) (G1 Evacuation Pause) 2440M->2361M(4096M) 70.485ms
[17.624s][info][gc,cpu      ] GC(53) User=0.77s Sys=0.00s Real=0.07s
[17.624s][info][gc          ] GC(54) Concurrent Mark Cycle
[17.624s][info][gc,marking  ] GC(54) Concurrent Scan Root Regions
[17.682s][info][gc,marking  ] GC(54) Concurrent Scan Root Regions 58.295ms
[17.682s][info][gc,marking  ] GC(54) Concurrent Mark
[17.682s][info][gc,marking  ] GC(54) Concurrent Mark From Roots
[17.682s][info][gc,task     ] GC(54) Using 3 workers of 3 for marking
[17.986s][info][gc,marking  ] GC(54) Concurrent Mark From Roots 304.305ms
[17.986s][info][gc,marking  ] GC(54) Concurrent Preclean
[17.986s][info][gc,marking  ] GC(54) Concurrent Preclean 0.031ms
[17.986s][info][gc,start    ] GC(54) Pause Remark
[17.987s][info][gc          ] GC(54) Pause Remark 2803M->2785M(4096M) 0.879ms
[17.987s][info][gc,cpu      ] GC(54) User=0.00s Sys=0.00s Real=0.00s
[17.989s][info][gc,marking  ] GC(54) Concurrent Mark 306.577ms
[17.989s][info][gc,marking  ] GC(54) Concurrent Rebuild Remembered Sets and Scrub Regions
[18.215s][info][gc,marking  ] GC(54) Concurrent Rebuild Remembered Sets and Scrub Regions 226.223ms
[18.215s][info][gc,start    ] GC(54) Pause Cleanup
[18.215s][info][gc          ] GC(54) Pause Cleanup 3055M->3055M(4096M) 0.492ms
[18.215s][info][gc,cpu      ] GC(54) User=0.00s Sys=0.00s Real=0.00s
[18.217s][info][gc,marking  ] GC(54) Concurrent Clear Claimed Marks
[18.217s][info][gc,marking  ] GC(54) Concurrent Clear Claimed Marks 0.037ms
[18.217s][info][gc,marking  ] GC(54) Concurrent Cleanup for Next Mark
[18.222s][info][gc,marking  ] GC(54) Concurrent Cleanup for Next Mark 5.416ms
[18.222s][info][gc          ] GC(54) Concurrent Mark Cycle 598.599ms
[18.735s][info][gc,start    ] GC(55) Pause Young (Prepare Mixed) (G1 Evacuation Pause)
[18.735s][info][gc,task     ] GC(55) Using 10 workers of 10 for evacuation
[18.766s][info][gc,phases   ] GC(55)   Pre Evacuate Collection Set: 0.2ms
[18.766s][info][gc,phases   ] GC(55)   Merge Heap Roots: 0.8ms
[18.766s][info][gc,phases   ] GC(55)   Evacuate Collection Set: 28.6ms
[18.766s][info][gc,phases   ] GC(55)   Post Evacuate Collection Set: 0.8ms
[18.766s][info][gc,phases   ] GC(55)   Other: 0.1ms
[18.766s][info][gc,heap     ] GC(55) Eden regions: 759->0(744)
[18.766s][info][gc,heap     ] GC(55) Survivor regions: 5->17(96)
[18.766s][info][gc,heap     ] GC(55) Old regions: 1150->1150
[18.766s][info][gc,heap     ] GC(55) Humongous regions: 17->17
[18.766s][info][gc,metaspace] GC(55) Metaspace: 1774K(1920K)->1774K(1920K) NonClass: 1585K(1664K)->1585K(1664K) Class: 188K(256K)->188K(256K)
[18.766s][info][gc          ] GC(55) Pause Young (Prepare Mixed) (G1 Evacuation Pause) 3861M->2366M(4096M) 30.821ms
[18.766s][info][gc,cpu      ] GC(55) User=0.30s Sys=0.00s Real=0.03s
[20.221s][info][gc,heap,exit] Heap
[20.221s][info][gc,heap,exit]  garbage-first heap   total 4194304K, used 3416761K [0x0000000700000000, 0x0000000800000000)
[20.221s][info][gc,heap,exit]   region size 2048K, 470 young (962560K), 17 survivors (34816K)
[20.221s][info][gc,heap,exit]  Metaspace       used 1927K, committed 2048K, reserved 1114112K
[20.221s][info][gc,heap,exit]   class space    used 206K, committed 256K, reserved 1048576K
