[0.009s][info][gc,init] CardTable entry size: 512
[0.009s][info][gc     ] Using Serial
[0.014s][info][gc,init] Version: 21.0.5+9-LTS-239 (release)
[0.014s][info][gc,init] CPUs: 12 total, 12 available
[0.014s][info][gc,init] Memory: 16190M
[0.014s][info][gc,init] Large Page Support: Disabled
[0.014s][info][gc,init] NUMA Support: Disabled
[0.014s][info][gc,init] Compressed Oops: Enabled (Zero based)
[0.014s][info][gc,init] Heap Min Capacity: 2G
[0.014s][info][gc,init] Heap Initial Capacity: 2G
[0.014s][info][gc,init] Heap Max Capacity: 4G
[0.014s][info][gc,init] Pre-touch: Disabled
[0.022s][info][gc,metaspace] CDS archive(s) mapped at: [0x000001bea9000000-0x000001bea9c90000-0x000001bea9c90000), size 13172736, SharedBaseAddress: 0x000001bea9000000, ArchiveRelocationMode: 1.
[0.022s][info][gc,metaspace] Compressed class space mapped at: 0x000001beaa000000-0x000001beea000000, reserved size: 1073741824
[0.022s][info][gc,metaspace] Narrow klass base: 0x000001bea9000000, Narrow klass shift: 0, Narrow klass range: 0x100000000
[0.714s][info][gc,start    ] GC(0) Pause Young (Allocation Failure)
[0.777s][info][gc,heap     ] GC(0) DefNew: 559232K(629120K)->19820K(629120K) Eden: 559232K(559232K)->0K(559232K) From: 0K(69888K)->19820K(69888K)
[0.777s][info][gc,heap     ] GC(0) Tenured: 0K(1398144K)->0K(1398144K)
[0.777s][info][gc,metaspace] GC(0) Metaspace: 1749K(1856K)->1749K(1856K) NonClass: 1607K(1664K)->1607K(1664K) Class: 142K(192K)->142K(192K)
[0.777s][info][gc          ] GC(0) Pause Young (Allocation Failure) 546M->19M(1979M) 62.742ms
[0.777s][info][gc,cpu      ] GC(0) User=0.03s Sys=0.03s Real=0.06s
[1.030s][info][gc,start    ] GC(1) Pause Young (Allocation Failure)
[1.109s][info][gc,heap     ] GC(1) DefNew: 579052K(629120K)->34517K(629120K) Eden: 559232K(559232K)->0K(559232K) From: 19820K(69888K)->34517K(69888K)
[1.109s][info][gc,heap     ] GC(1) Tenured: 0K(1398144K)->0K(1398144K)
[1.109s][info][gc,metaspace] GC(1) Metaspace: 1782K(1920K)->1782K(1920K) NonClass: 1640K(1728K)->1640K(1728K) Class: 142K(192K)->142K(192K)
[1.109s][info][gc          ] GC(1) Pause Young (Allocation Failure) 565M->33M(1979M) 78.806ms
[1.109s][info][gc,cpu      ] GC(1) User=0.08s Sys=0.00s Real=0.08s
[1.376s][info][gc,start    ] GC(2) Pause Young (Allocation Failure)
[1.473s][info][gc,heap     ] GC(2) DefNew: 593749K(629120K)->48539K(629120K) Eden: 559232K(559232K)->0K(559232K) From: 34517K(69888K)->48539K(69888K)
[1.473s][info][gc,heap     ] GC(2) Tenured: 0K(1398144K)->0K(1398144K)
[1.473s][info][gc,metaspace] GC(2) Metaspace: 1782K(1920K)->1782K(1920K) NonClass: 1640K(1728K)->1640K(1728K) Class: 142K(192K)->142K(192K)
[1.473s][info][gc          ] GC(2) Pause Young (Allocation Failure) 579M->47M(1979M) 96.902ms
[1.473s][info][gc,cpu      ] GC(2) User=0.09s Sys=0.00s Real=0.10s
[1.739s][info][gc,start    ] GC(3) Pause Young (Allocation Failure)
[1.847s][info][gc,heap     ] GC(3) DefNew: 607771K(629120K)->44976K(629120K) Eden: 559232K(559232K)->0K(559232K) From: 48539K(69888K)->44976K(69888K)
[1.847s][info][gc,heap     ] GC(3) Tenured: 0K(1398144K)->15831K(1398144K)
[1.847s][info][gc,metaspace] GC(3) Metaspace: 1782K(1920K)->1782K(1920K) NonClass: 1640K(1728K)->1640K(1728K) Class: 142K(192K)->142K(192K)
[1.847s][info][gc          ] GC(3) Pause Young (Allocation Failure) 593M->59M(1979M) 107.480ms
[1.847s][info][gc,cpu      ] GC(3) User=0.11s Sys=0.00s Real=0.11s
[2.095s][info][gc,start    ] GC(4) Pause Young (Allocation Failure)
[2.195s][info][gc,heap     ] GC(4) DefNew: 604208K(629120K)->44057K(629120K) Eden: 559232K(559232K)->0K(559232K) From: 44976K(69888K)->44057K(69888K)
[2.195s][info][gc,heap     ] GC(4) Tenured: 15831K(1398144K)->29561K(1398144K)
[2.195s][info][gc,metaspace] GC(4) Metaspace: 1782K(1920K)->1782K(1920K) NonClass: 1640K(1728K)->1640K(1728K) Class: 142K(192K)->142K(192K)
[2.195s][info][gc          ] GC(4) Pause Young (Allocation Failure) 605M->71M(1979M) 99.977ms
[2.195s][info][gc,cpu      ] GC(4) User=0.12s Sys=0.00s Real=0.10s
[2.432s][info][gc,start    ] GC(5) Pause Young (Allocation Failure)
[2.527s][info][gc,heap     ] GC(5) DefNew: 603289K(629120K)->35362K(629120K) Eden: 559232K(559232K)->0K(559232K) From: 44057K(69888K)->35362K(69888K)
[2.527s][info][gc,heap     ] GC(5) Tenured: 29561K(1398144K)->47412K(1398144K)
[2.527s][info][gc,metaspace] GC(5) Metaspace: 1782K(1920K)->1782K(1920K) NonClass: 1640K(1728K)->1640K(1728K) Class: 142K(192K)->142K(192K)
[2.527s][info][gc          ] GC(5) Pause Young (Allocation Failure) 618M->80M(1979M) 94.597ms
[2.527s][info][gc,cpu      ] GC(5) User=0.08s Sys=0.02s Real=0.10s
[2.761s][info][gc,start    ] GC(6) Pause Young (Allocation Failure)
[2.885s][info][gc,heap     ] GC(6) DefNew: 594594K(629120K)->45901K(629120K) Eden: 559232K(559232K)->0K(559232K) From: 35362K(69888K)->45901K(69888K)
[2.885s][info][gc,heap     ] GC(6) Tenured: 47412K(1398144K)->59023K(1398144K)
[2.885s][info][gc,metaspace] GC(6) Metaspace: 1782K(1920K)->1782K(1920K) NonClass: 1640K(1728K)->1640K(1728K) Class: 142K(192K)->142K(192K)
[2.885s][info][gc          ] GC(6) Pause Young (Allocation Failure) 626M->102M(1979M) 124.714ms
[2.885s][info][gc,cpu      ] GC(6) User=0.12s Sys=0.00s Real=0.12s
[3.133s][info][gc,start    ] GC(7) Pause Young (Allocation Failure)
[3.237s][info][gc,heap     ] GC(7) DefNew: 605133K(629120K)->46906K(629120K) Eden: 559232K(559232K)->0K(559232K) From: 45901K(69888K)->46906K(69888K)
[3.237s][info][gc,heap     ] GC(7) Tenured: 59023K(1398144K)->70130K(1398144K)
[3.237s][info][gc,metaspace] GC(7) Metaspace: 1802K(1984K)->1802K(1984K) NonClass: 1658K(1792K)->1658K(1792K) Class: 143K(192K)->143K(192K)
[3.237s][info][gc          ] GC(7) Pause Young (Allocation Failure) 648M->114M(1979M) 104.626ms
[3.237s][info][gc,cpu      ] GC(7) User=0.11s Sys=0.00s Real=0.10s
[3.470s][info][gc,start    ] GC(8) Pause Young (Allocation Failure)
[3.583s][info][gc,heap     ] GC(8) DefNew: 606138K(629120K)->21951K(629120K) Eden: 559232K(559232K)->0K(559232K) From: 46906K(69888K)->21951K(69888K)
[3.583s][info][gc,heap     ] GC(8) Tenured: 70130K(1398144K)->102097K(1398144K)
[3.583s][info][gc,metaspace] GC(8) Metaspace: 1802K(1984K)->1802K(1984K) NonClass: 1658K(1792K)->1658K(1792K) Class: 143K(192K)->143K(192K)
[3.583s][info][gc          ] GC(8) Pause Young (Allocation Failure) 660M->121M(1979M) 112.992ms
[3.583s][info][gc,cpu      ] GC(8) User=0.11s Sys=0.00s Real=0.11s
[3.992s][info][gc,heap,exit] Heap
[3.992s][info][gc,heap,exit]  def new generation   total 629120K, used 490605K [0x0000000700000000, 0x000000072aaa0000, 0x0000000755550000)
[3.992s][info][gc,heap,exit]   eden space 559232K,  83% used [0x0000000700000000, 0x000000071c9ab7f8, 0x0000000722220000)
[3.992s][info][gc,heap,exit]   from space 69888K,  31% used [0x0000000726660000, 0x0000000727bcfcf0, 0x000000072aaa0000)
[3.992s][info][gc,heap,exit]   to   space 69888K,   0% used [0x0000000722220000, 0x0000000722220000, 0x0000000726660000)
[3.992s][info][gc,heap,exit]  tenured generation   total 1398144K, used 102097K [0x0000000755550000, 0x00000007aaab0000, 0x0000000800000000)
[3.992s][info][gc,heap,exit]    the space 1398144K,   7% used [0x0000000755550000, 0x000000075b904750, 0x000000075b904800, 0x00000007aaab0000)
[3.992s][info][gc,heap,exit]  Metaspace       used 2036K, committed 2176K, reserved 1114112K
[3.992s][info][gc,heap,exit]   class space    used 177K, committed 256K, reserved 1048576K
