[0.008s][info][gc,init] CardTable entry size: 512
[0.009s][info][gc     ] Using Serial
[0.014s][info][gc,init] Version: 21.0.5+9-LTS-239 (release)
[0.014s][info][gc,init] CPUs: 12 total, 12 available
[0.014s][info][gc,init] Memory: 16190M
[0.014s][info][gc,init] Large Page Support: Disabled
[0.014s][info][gc,init] NUMA Support: Disabled
[0.014s][info][gc,init] Compressed Oops: Enabled (Zero based)
[0.014s][info][gc,init] Heap Min Capacity: 2G
[0.014s][info][gc,init] Heap Initial Capacity: 2G
[0.014s][info][gc,init] Heap Max Capacity: 4G
[0.014s][info][gc,init] Pre-touch: Disabled
[0.021s][info][gc,metaspace] CDS archive(s) mapped at: [0x0000029aac000000-0x0000029aacc90000-0x0000029aacc90000), size 13172736, SharedBaseAddress: 0x0000029aac000000, ArchiveRelocationMode: 1.
[0.022s][info][gc,metaspace] Compressed class space mapped at: 0x0000029aad000000-0x0000029aed000000, reserved size: 1073741824
[0.022s][info][gc,metaspace] Narrow klass base: 0x0000029aac000000, Narrow klass shift: 0, Narrow klass range: 0x100000000
[0.773s][info][gc,start    ] GC(0) Pause Young (Allocation Failure)
[0.832s][info][gc,heap     ] GC(0) DefNew: 559232K(629120K)->46742K(629120K) Eden: 559232K(559232K)->0K(559232K) From: 0K(69888K)->46742K(69888K)
[0.832s][info][gc,heap     ] GC(0) Tenured: 0K(1398144K)->0K(1398144K)
[0.832s][info][gc,metaspace] GC(0) Metaspace: 1709K(1792K)->1709K(1792K) NonClass: 1573K(1600K)->1573K(1600K) Class: 136K(192K)->136K(192K)
[0.832s][info][gc          ] GC(0) Pause Young (Allocation Failure) 546M->45M(1979M) 59.055ms
[0.832s][info][gc,cpu      ] GC(0) User=0.03s Sys=0.03s Real=0.06s
[1.112s][info][gc,start    ] GC(1) Pause Young (Allocation Failure)
[1.181s][info][gc,heap     ] GC(1) DefNew: 605974K(629120K)->69888K(629120K) Eden: 559232K(559232K)->0K(559232K) From: 46742K(69888K)->69888K(69888K)
[1.181s][info][gc,heap     ] GC(1) Tenured: 0K(1398144K)->45245K(1398144K)
[1.181s][info][gc,metaspace] GC(1) Metaspace: 1727K(1856K)->1727K(1856K) NonClass: 1591K(1664K)->1591K(1664K) Class: 136K(192K)->136K(192K)
[1.181s][info][gc          ] GC(1) Pause Young (Allocation Failure) 591M->112M(1979M) 69.383ms
[1.181s][info][gc,cpu      ] GC(1) User=0.06s Sys=0.00s Real=0.07s
[1.458s][info][gc,start    ] GC(2) Pause Young (Allocation Failure)
[1.522s][info][gc,heap     ] GC(2) DefNew: 629120K(629120K)->69888K(629120K) Eden: 559232K(559232K)->0K(559232K) From: 69888K(69888K)->69888K(69888K)
[1.522s][info][gc,heap     ] GC(2) Tenured: 45245K(1398144K)->129679K(1398144K)
[1.522s][info][gc,metaspace] GC(2) Metaspace: 1735K(1856K)->1735K(1856K) NonClass: 1599K(1664K)->1599K(1664K) Class: 136K(192K)->136K(192K)
[1.522s][info][gc          ] GC(2) Pause Young (Allocation Failure) 658M->194M(1979M) 63.921ms
[1.522s][info][gc,cpu      ] GC(2) User=0.05s Sys=0.02s Real=0.06s
[1.789s][info][gc,start    ] GC(3) Pause Young (Allocation Failure)
[1.850s][info][gc,heap     ] GC(3) DefNew: 629120K(629120K)->69888K(629120K) Eden: 559232K(559232K)->0K(559232K) From: 69888K(69888K)->69888K(69888K)
[1.850s][info][gc,heap     ] GC(3) Tenured: 129679K(1398144K)->214822K(1398144K)
[1.850s][info][gc,metaspace] GC(3) Metaspace: 1735K(1856K)->1735K(1856K) NonClass: 1599K(1664K)->1599K(1664K) Class: 136K(192K)->136K(192K)
[1.850s][info][gc          ] GC(3) Pause Young (Allocation Failure) 741M->278M(1979M) 61.094ms
[1.850s][info][gc,cpu      ] GC(3) User=0.06s Sys=0.00s Real=0.06s
[2.163s][info][gc,start    ] GC(4) Pause Young (Allocation Failure)
[2.223s][info][gc,heap     ] GC(4) DefNew: 629120K(629120K)->69887K(629120K) Eden: 559232K(559232K)->0K(559232K) From: 69888K(69888K)->69887K(69888K)
[2.223s][info][gc,heap     ] GC(4) Tenured: 214822K(1398144K)->294960K(1398144K)
[2.223s][info][gc,metaspace] GC(4) Metaspace: 1759K(1920K)->1759K(1920K) NonClass: 1618K(1664K)->1618K(1664K) Class: 141K(256K)->141K(256K)
[2.223s][info][gc          ] GC(4) Pause Young (Allocation Failure) 824M->356M(1979M) 60.270ms
[2.223s][info][gc,cpu      ] GC(4) User=0.06s Sys=0.00s Real=0.06s
[3.201s][info][gc,start    ] GC(5) Pause Young (Allocation Failure)
[3.310s][info][gc,heap     ] GC(5) DefNew: 629119K(629120K)->25647K(629120K) Eden: 559232K(559232K)->0K(559232K) From: 69887K(69888K)->25647K(69888K)
[3.310s][info][gc,heap     ] GC(5) Tenured: 294960K(1398144K)->364726K(1398144K)
[3.310s][info][gc,metaspace] GC(5) Metaspace: 1764K(1920K)->1764K(1920K) NonClass: 1622K(1664K)->1622K(1664K) Class: 141K(256K)->141K(256K)
[3.310s][info][gc          ] GC(5) Pause Young (Allocation Failure) 902M->381M(1979M) 108.339ms
[3.310s][info][gc,cpu      ] GC(5) User=0.11s Sys=0.00s Real=0.11s
[4.261s][info][gc,start    ] GC(6) Pause Young (Allocation Failure)
[4.356s][info][gc,heap     ] GC(6) DefNew: 584879K(629120K)->42475K(629120K) Eden: 559232K(559232K)->0K(559232K) From: 25647K(69888K)->42475K(69888K)
[4.356s][info][gc,heap     ] GC(6) Tenured: 364726K(1398144K)->364726K(1398144K)
[4.356s][info][gc,metaspace] GC(6) Metaspace: 1764K(1920K)->1764K(1920K) NonClass: 1622K(1664K)->1622K(1664K) Class: 141K(256K)->141K(256K)
[4.356s][info][gc          ] GC(6) Pause Young (Allocation Failure) 927M->397M(1979M) 95.411ms
[4.356s][info][gc,cpu      ] GC(6) User=0.09s Sys=0.00s Real=0.10s
[5.321s][info][gc,start    ] GC(7) Pause Young (Allocation Failure)
[5.457s][info][gc,heap     ] GC(7) DefNew: 601707K(629120K)->44084K(629120K) Eden: 559232K(559232K)->0K(559232K) From: 42475K(69888K)->44084K(69888K)
[5.457s][info][gc,heap     ] GC(7) Tenured: 364726K(1398144K)->389244K(1398144K)
[5.457s][info][gc,metaspace] GC(7) Metaspace: 1764K(1920K)->1764K(1920K) NonClass: 1622K(1664K)->1622K(1664K) Class: 141K(256K)->141K(256K)
[5.457s][info][gc          ] GC(7) Pause Young (Allocation Failure) 943M->423M(1979M) 135.806ms
[5.457s][info][gc,cpu      ] GC(7) User=0.14s Sys=0.00s Real=0.14s
[6.440s][info][gc,start    ] GC(8) Pause Young (Allocation Failure)
[6.561s][info][gc,heap     ] GC(8) DefNew: 603316K(629120K)->42394K(629120K) Eden: 559232K(559232K)->0K(559232K) From: 44084K(69888K)->42394K(69888K)
[6.561s][info][gc,heap     ] GC(8) Tenured: 389244K(1398144K)->405850K(1398144K)
[6.561s][info][gc,metaspace] GC(8) Metaspace: 1783K(1920K)->1783K(1920K) NonClass: 1641K(1664K)->1641K(1664K) Class: 142K(256K)->142K(256K)
[6.561s][info][gc          ] GC(8) Pause Young (Allocation Failure) 969M->437M(1979M) 121.081ms
[6.561s][info][gc,cpu      ] GC(8) User=0.11s Sys=0.00s Real=0.12s
[7.276s][info][gc,heap,exit] Heap
[7.276s][info][gc,heap,exit]  def new generation   total 629120K, used 375112K [0x0000000700000000, 0x000000072aaa0000, 0x0000000755550000)
[7.276s][info][gc,heap,exit]   eden space 559232K,  59% used [0x0000000700000000, 0x00000007144eb9d0, 0x0000000722220000)
[7.276s][info][gc,heap,exit]   from space 69888K,  60% used [0x0000000726660000, 0x0000000728fc6978, 0x000000072aaa0000)
[7.276s][info][gc,heap,exit]   to   space 69888K,   0% used [0x0000000722220000, 0x0000000722220000, 0x0000000726660000)
[7.276s][info][gc,heap,exit]  tenured generation   total 1398144K, used 405850K [0x0000000755550000, 0x00000007aaab0000, 0x0000000800000000)
[7.276s][info][gc,heap,exit]    the space 1398144K,  29% used [0x0000000755550000, 0x000000076e1a69f0, 0x000000076e1a6a00, 0x00000007aaab0000)
[7.276s][info][gc,heap,exit]  Metaspace       used 2002K, committed 2176K, reserved 1114112K
[7.276s][info][gc,heap,exit]   class space    used 171K, committed 256K, reserved 1048576K
