[0.009s][info][gc,init] CardTable entry size: 512
[0.009s][info][gc     ] Using Serial
[0.014s][info][gc,init] Version: 21.0.5+9-LTS-239 (release)
[0.014s][info][gc,init] CPUs: 12 total, 12 available
[0.014s][info][gc,init] Memory: 16190M
[0.014s][info][gc,init] Large Page Support: Disabled
[0.014s][info][gc,init] NUMA Support: Disabled
[0.014s][info][gc,init] Compressed Oops: Enabled (Zero based)
[0.014s][info][gc,init] Heap Min Capacity: 2G
[0.014s][info][gc,init] Heap Initial Capacity: 2G
[0.014s][info][gc,init] Heap Max Capacity: 4G
[0.014s][info][gc,init] Pre-touch: Disabled
[0.021s][info][gc,metaspace] CDS archive(s) mapped at: [0x0000019baf000000-0x0000019bafc90000-0x0000019bafc90000), size 13172736, SharedBaseAddress: 0x0000019baf000000, ArchiveRelocationMode: 1.
[0.022s][info][gc,metaspace] Compressed class space mapped at: 0x0000019bb0000000-0x0000019bf0000000, reserved size: 1073741824
[0.022s][info][gc,metaspace] Narrow klass base: 0x0000019baf000000, Narrow klass shift: 0, Narrow klass range: 0x100000000
[0.753s][info][gc,start    ] GC(0) Pause Young (Allocation Failure)
[0.816s][info][gc,heap     ] GC(0) DefNew: 559232K(629120K)->25810K(629120K) Eden: 559232K(559232K)->0K(559232K) From: 0K(69888K)->25810K(69888K)
[0.816s][info][gc,heap     ] GC(0) Tenured: 0K(1398144K)->0K(1398144K)
[0.816s][info][gc,metaspace] GC(0) Metaspace: 1737K(1856K)->1737K(1856K) NonClass: 1596K(1664K)->1596K(1664K) Class: 141K(192K)->141K(192K)
[0.816s][info][gc          ] GC(0) Pause Young (Allocation Failure) 546M->25M(1979M) 62.923ms
[0.816s][info][gc,cpu      ] GC(0) User=0.05s Sys=0.02s Real=0.06s
[1.053s][info][gc,start    ] GC(1) Pause Young (Allocation Failure)
[1.125s][info][gc,heap     ] GC(1) DefNew: 585042K(629120K)->68538K(629120K) Eden: 559232K(559232K)->0K(559232K) From: 25810K(69888K)->68538K(69888K)
[1.125s][info][gc,heap     ] GC(1) Tenured: 0K(1398144K)->0K(1398144K)
[1.125s][info][gc,metaspace] GC(1) Metaspace: 1758K(1856K)->1758K(1856K) NonClass: 1617K(1664K)->1617K(1664K) Class: 141K(192K)->141K(192K)
[1.125s][info][gc          ] GC(1) Pause Young (Allocation Failure) 571M->66M(1979M) 71.505ms
[1.125s][info][gc,cpu      ] GC(1) User=0.08s Sys=0.00s Real=0.07s
[1.364s][info][gc,start    ] GC(2) Pause Young (Allocation Failure)
[1.448s][info][gc,heap     ] GC(2) DefNew: 627610K(629120K)->69414K(629120K) Eden: 559071K(559232K)->0K(559232K) From: 68538K(69888K)->69414K(69888K)
[1.449s][info][gc,heap     ] GC(2) Tenured: 0K(1398144K)->41973K(1398144K)
[1.449s][info][gc,metaspace] GC(2) Metaspace: 1758K(1856K)->1758K(1856K) NonClass: 1617K(1664K)->1617K(1664K) Class: 141K(192K)->141K(192K)
[1.449s][info][gc          ] GC(2) Pause Young (Allocation Failure) 612M->108M(1979M) 84.711ms
[1.449s][info][gc,cpu      ] GC(2) User=0.06s Sys=0.02s Real=0.08s
[1.665s][info][gc,start    ] GC(3) Pause Young (Allocation Failure)
[1.742s][info][gc,heap     ] GC(3) DefNew: 628646K(629120K)->69887K(629120K) Eden: 559232K(559232K)->0K(559232K) From: 69414K(69888K)->69887K(69888K)
[1.742s][info][gc,heap     ] GC(3) Tenured: 41973K(1398144K)->105487K(1398144K)
[1.742s][info][gc,metaspace] GC(3) Metaspace: 1758K(1856K)->1758K(1856K) NonClass: 1617K(1664K)->1617K(1664K) Class: 141K(192K)->141K(192K)
[1.742s][info][gc          ] GC(3) Pause Young (Allocation Failure) 654M->171M(1979M) 77.355ms
[1.742s][info][gc,cpu      ] GC(3) User=0.08s Sys=0.00s Real=0.08s
[1.964s][info][gc,start    ] GC(4) Pause Young (Allocation Failure)
[2.040s][info][gc,heap     ] GC(4) DefNew: 629119K(629120K)->69876K(629120K) Eden: 559232K(559232K)->0K(559232K) From: 69887K(69888K)->69876K(69888K)
[2.040s][info][gc,heap     ] GC(4) Tenured: 105487K(1398144K)->175717K(1398144K)
[2.040s][info][gc,metaspace] GC(4) Metaspace: 1758K(1856K)->1758K(1856K) NonClass: 1617K(1664K)->1617K(1664K) Class: 141K(192K)->141K(192K)
[2.040s][info][gc          ] GC(4) Pause Young (Allocation Failure) 717M->239M(1979M) 76.291ms
[2.040s][info][gc,cpu      ] GC(4) User=0.08s Sys=0.00s Real=0.08s
[2.276s][info][gc,start    ] GC(5) Pause Young (Allocation Failure)
[2.353s][info][gc,heap     ] GC(5) DefNew: 629108K(629120K)->69888K(629120K) Eden: 559232K(559232K)->0K(559232K) From: 69876K(69888K)->69888K(69888K)
[2.353s][info][gc,heap     ] GC(5) Tenured: 175717K(1398144K)->247326K(1398144K)
[2.353s][info][gc,metaspace] GC(5) Metaspace: 1758K(1856K)->1758K(1856K) NonClass: 1617K(1664K)->1617K(1664K) Class: 141K(192K)->141K(192K)
[2.353s][info][gc          ] GC(5) Pause Young (Allocation Failure) 785M->309M(1979M) 76.215ms
[2.353s][info][gc,cpu      ] GC(5) User=0.06s Sys=0.02s Real=0.08s
[2.762s][info][gc,start    ] GC(6) Pause Young (Allocation Failure)
[2.853s][info][gc,heap     ] GC(6) DefNew: 629120K(629120K)->34728K(629120K) Eden: 559232K(559232K)->0K(559232K) From: 69888K(69888K)->34728K(69888K)
[2.853s][info][gc,heap     ] GC(6) Tenured: 247326K(1398144K)->317024K(1398144K)
[2.853s][info][gc,metaspace] GC(6) Metaspace: 1786K(1920K)->1786K(1920K) NonClass: 1640K(1664K)->1640K(1664K) Class: 146K(256K)->146K(256K)
[2.853s][info][gc          ] GC(6) Pause Young (Allocation Failure) 855M->343M(1979M) 90.841ms
[2.853s][info][gc,cpu      ] GC(6) User=0.09s Sys=0.00s Real=0.09s
[3.366s][info][gc,start    ] GC(7) Pause Young (Allocation Failure)
[3.469s][info][gc,heap     ] GC(7) DefNew: 593960K(629120K)->61892K(629120K) Eden: 559232K(559232K)->0K(559232K) From: 34728K(69888K)->61892K(69888K)
[3.469s][info][gc,heap     ] GC(7) Tenured: 317024K(1398144K)->317024K(1398144K)
[3.469s][info][gc,metaspace] GC(7) Metaspace: 1786K(1920K)->1786K(1920K) NonClass: 1640K(1664K)->1640K(1664K) Class: 146K(256K)->146K(256K)
[3.469s][info][gc          ] GC(7) Pause Young (Allocation Failure) 889M->370M(1979M) 102.766ms
[3.469s][info][gc,cpu      ] GC(7) User=0.11s Sys=0.00s Real=0.10s
[3.985s][info][gc,start    ] GC(8) Pause Young (Allocation Failure)
[4.110s][info][gc,heap     ] GC(8) DefNew: 621124K(629120K)->42500K(629120K) Eden: 559232K(559232K)->0K(559232K) From: 61892K(69888K)->42500K(69888K)
[4.110s][info][gc,heap     ] GC(8) Tenured: 317024K(1398144K)->351478K(1398144K)
[4.110s][info][gc,metaspace] GC(8) Metaspace: 1806K(1984K)->1806K(1984K) NonClass: 1658K(1728K)->1658K(1728K) Class: 147K(256K)->147K(256K)
[4.110s][info][gc          ] GC(8) Pause Young (Allocation Failure) 916M->384M(1979M) 124.593ms
[4.110s][info][gc,cpu      ] GC(8) User=0.11s Sys=0.02s Real=0.12s
[4.641s][info][gc,heap,exit] Heap
[4.641s][info][gc,heap,exit]  def new generation   total 629120K, used 424332K [0x0000000700000000, 0x000000072aaa0000, 0x0000000755550000)
[4.641s][info][gc,heap,exit]   eden space 559232K,  68% used [0x0000000700000000, 0x00000007174e1fb0, 0x0000000722220000)
[4.641s][info][gc,heap,exit]   from space 69888K,  60% used [0x0000000726660000, 0x0000000728fe1370, 0x000000072aaa0000)
[4.641s][info][gc,heap,exit]   to   space 69888K,   0% used [0x0000000722220000, 0x0000000722220000, 0x0000000726660000)
[4.641s][info][gc,heap,exit]  tenured generation   total 1398144K, used 351478K [0x0000000755550000, 0x00000007aaab0000, 0x0000000800000000)
[4.641s][info][gc,heap,exit]    the space 1398144K,  25% used [0x0000000755550000, 0x000000076ac8d960, 0x000000076ac8da00, 0x00000007aaab0000)
[4.641s][info][gc,heap,exit]  Metaspace       used 2023K, committed 2176K, reserved 1114112K
[4.641s][info][gc,heap,exit]   class space    used 176K, committed 256K, reserved 1048576K
