[0.010s][info][gc,init] CardTable entry size: 512
[0.010s][info][gc     ] Using Serial
[0.016s][info][gc,init] Version: 21.0.5+9-LTS-239 (release)
[0.016s][info][gc,init] CPUs: 12 total, 12 available
[0.016s][info][gc,init] Memory: 16190M
[0.016s][info][gc,init] Large Page Support: Disabled
[0.016s][info][gc,init] NUMA Support: Disabled
[0.016s][info][gc,init] Compressed Oops: Enabled (Zero based)
[0.016s][info][gc,init] Heap Min Capacity: 2G
[0.016s][info][gc,init] Heap Initial Capacity: 2G
[0.016s][info][gc,init] Heap Max Capacity: 4G
[0.016s][info][gc,init] Pre-touch: Disabled
[0.024s][info][gc,metaspace] CDS archive(s) mapped at: [0x000001fc80000000-0x000001fc80c90000-0x000001fc80c90000), size 13172736, SharedBaseAddress: 0x000001fc80000000, ArchiveRelocationMode: 1.
[0.024s][info][gc,metaspace] Compressed class space mapped at: 0x000001fc81000000-0x000001fcc1000000, reserved size: 1073741824
[0.024s][info][gc,metaspace] Narrow klass base: 0x000001fc80000000, Narrow klass shift: 0, Narrow klass range: 0x100000000
[0.773s][info][gc,start    ] GC(0) Pause Young (Allocation Failure)
[0.835s][info][gc,heap     ] GC(0) DefNew: 559232K(629120K)->19095K(629120K) Eden: 559232K(559232K)->0K(559232K) From: 0K(69888K)->19095K(69888K)
[0.835s][info][gc,heap     ] GC(0) Tenured: 0K(1398144K)->0K(1398144K)
[0.835s][info][gc,metaspace] GC(0) Metaspace: 1744K(1920K)->1744K(1920K) NonClass: 1600K(1728K)->1600K(1728K) Class: 143K(192K)->143K(192K)
[0.835s][info][gc          ] GC(0) Pause Young (Allocation Failure) 546M->18M(1979M) 62.056ms
[0.835s][info][gc,cpu      ] GC(0) User=0.05s Sys=0.02s Real=0.06s
[1.106s][info][gc,start    ] GC(1) Pause Young (Allocation Failure)
[1.189s][info][gc,heap     ] GC(1) DefNew: 578327K(629120K)->34360K(629120K) Eden: 559232K(559232K)->0K(559232K) From: 19095K(69888K)->34360K(69888K)
[1.189s][info][gc,heap     ] GC(1) Tenured: 0K(1398144K)->0K(1398144K)
[1.189s][info][gc,metaspace] GC(1) Metaspace: 1786K(1920K)->1786K(1920K) NonClass: 1643K(1728K)->1643K(1728K) Class: 143K(192K)->143K(192K)
[1.189s][info][gc          ] GC(1) Pause Young (Allocation Failure) 564M->33M(1979M) 82.665ms
[1.189s][info][gc,cpu      ] GC(1) User=0.08s Sys=0.02s Real=0.08s
[1.491s][info][gc,start    ] GC(2) Pause Young (Allocation Failure)
[1.585s][info][gc,heap     ] GC(2) DefNew: 593592K(629120K)->48133K(629120K) Eden: 559232K(559232K)->0K(559232K) From: 34360K(69888K)->48133K(69888K)
[1.585s][info][gc,heap     ] GC(2) Tenured: 0K(1398144K)->0K(1398144K)
[1.585s][info][gc,metaspace] GC(2) Metaspace: 1786K(1920K)->1786K(1920K) NonClass: 1643K(1728K)->1643K(1728K) Class: 143K(192K)->143K(192K)
[1.585s][info][gc          ] GC(2) Pause Young (Allocation Failure) 579M->47M(1979M) 93.783ms
[1.585s][info][gc,cpu      ] GC(2) User=0.09s Sys=0.00s Real=0.09s
[1.852s][info][gc,start    ] GC(3) Pause Young (Allocation Failure)
[1.955s][info][gc,heap     ] GC(3) DefNew: 607365K(629120K)->44893K(629120K) Eden: 559232K(559232K)->0K(559232K) From: 48133K(69888K)->44893K(69888K)
[1.955s][info][gc,heap     ] GC(3) Tenured: 0K(1398144K)->14979K(1398144K)
[1.955s][info][gc,metaspace] GC(3) Metaspace: 1786K(1920K)->1786K(1920K) NonClass: 1643K(1728K)->1643K(1728K) Class: 143K(192K)->143K(192K)
[1.955s][info][gc          ] GC(3) Pause Young (Allocation Failure) 593M->58M(1979M) 103.436ms
[1.955s][info][gc,cpu      ] GC(3) User=0.11s Sys=0.00s Real=0.10s
[2.212s][info][gc,start    ] GC(4) Pause Young (Allocation Failure)
[2.318s][info][gc,heap     ] GC(4) DefNew: 604125K(629120K)->43636K(629120K) Eden: 559232K(559232K)->0K(559232K) From: 44893K(69888K)->43636K(69888K)
[2.318s][info][gc,heap     ] GC(4) Tenured: 14979K(1398144K)->28470K(1398144K)
[2.318s][info][gc,metaspace] GC(4) Metaspace: 1786K(1920K)->1786K(1920K) NonClass: 1643K(1728K)->1643K(1728K) Class: 143K(192K)->143K(192K)
[2.318s][info][gc          ] GC(4) Pause Young (Allocation Failure) 604M->70M(1979M) 105.950ms
[2.318s][info][gc,cpu      ] GC(4) User=0.11s Sys=0.00s Real=0.11s
[2.595s][info][gc,start    ] GC(5) Pause Young (Allocation Failure)
[2.698s][info][gc,heap     ] GC(5) DefNew: 602868K(629120K)->35040K(629120K) Eden: 559232K(559232K)->0K(559232K) From: 43636K(69888K)->35040K(69888K)
[2.698s][info][gc,heap     ] GC(5) Tenured: 28470K(1398144K)->46334K(1398144K)
[2.698s][info][gc,metaspace] GC(5) Metaspace: 1786K(1920K)->1786K(1920K) NonClass: 1643K(1728K)->1643K(1728K) Class: 143K(192K)->143K(192K)
[2.698s][info][gc          ] GC(5) Pause Young (Allocation Failure) 616M->79M(1979M) 102.873ms
[2.698s][info][gc,cpu      ] GC(5) User=0.09s Sys=0.00s Real=0.10s
[2.964s][info][gc,start    ] GC(6) Pause Young (Allocation Failure)
[3.086s][info][gc,heap     ] GC(6) DefNew: 594272K(629120K)->47161K(629120K) Eden: 559232K(559232K)->0K(559232K) From: 35040K(69888K)->47161K(69888K)
[3.086s][info][gc,heap     ] GC(6) Tenured: 46334K(1398144K)->57945K(1398144K)
[3.086s][info][gc,metaspace] GC(6) Metaspace: 1786K(1920K)->1786K(1920K) NonClass: 1643K(1728K)->1643K(1728K) Class: 143K(192K)->143K(192K)
[3.086s][info][gc          ] GC(6) Pause Young (Allocation Failure) 625M->102M(1979M) 122.570ms
[3.086s][info][gc,cpu      ] GC(6) User=0.11s Sys=0.00s Real=0.12s
[3.384s][info][gc,start    ] GC(7) Pause Young (Allocation Failure)
[3.513s][info][gc,heap     ] GC(7) DefNew: 606393K(629120K)->32823K(629120K) Eden: 559232K(559232K)->0K(559232K) From: 47161K(69888K)->32823K(69888K)
[3.513s][info][gc,heap     ] GC(7) Tenured: 57945K(1398144K)->79270K(1398144K)
[3.513s][info][gc,metaspace] GC(7) Metaspace: 1806K(2048K)->1806K(2048K) NonClass: 1661K(1792K)->1661K(1792K) Class: 145K(256K)->145K(256K)
[3.513s][info][gc          ] GC(7) Pause Young (Allocation Failure) 648M->109M(1979M) 128.867ms
[3.513s][info][gc,cpu      ] GC(7) User=0.12s Sys=0.00s Real=0.13s
[4.252s][info][gc,start    ] GC(8) Pause Young (Allocation Failure)
[4.414s][info][gc,heap     ] GC(8) DefNew: 592055K(629120K)->50653K(629120K) Eden: 559232K(559232K)->0K(559232K) From: 32823K(69888K)->50653K(69888K)
[4.414s][info][gc,heap     ] GC(8) Tenured: 79270K(1398144K)->79270K(1398144K)
[4.414s][info][gc,metaspace] GC(8) Metaspace: 1806K(2048K)->1806K(2048K) NonClass: 1661K(1792K)->1661K(1792K) Class: 145K(256K)->145K(256K)
[4.414s][info][gc          ] GC(8) Pause Young (Allocation Failure) 655M->126M(1979M) 162.115ms
[4.415s][info][gc,cpu      ] GC(8) User=0.16s Sys=0.00s Real=0.16s
[4.812s][info][gc,start    ] GC(9) Pause Young (Allocation Failure)
[4.943s][info][gc,heap     ] GC(9) DefNew: 609885K(629120K)->30166K(629120K) Eden: 559232K(559232K)->0K(559232K) From: 50653K(69888K)->30166K(69888K)
[4.943s][info][gc,heap     ] GC(9) Tenured: 79270K(1398144K)->101004K(1398144K)
[4.943s][info][gc,metaspace] GC(9) Metaspace: 1806K(2048K)->1806K(2048K) NonClass: 1661K(1792K)->1661K(1792K) Class: 145K(256K)->145K(256K)
[4.943s][info][gc          ] GC(9) Pause Young (Allocation Failure) 673M->128M(1979M) 131.046ms
[4.943s][info][gc,cpu      ] GC(9) User=0.11s Sys=0.02s Real=0.13s
[5.290s][info][gc,start    ] GC(10) Pause Young (Allocation Failure)
[5.391s][info][gc,heap     ] GC(10) DefNew: 589398K(629120K)->39579K(629120K) Eden: 559232K(559232K)->0K(559232K) From: 30166K(69888K)->39579K(69888K)
[5.391s][info][gc,heap     ] GC(10) Tenured: 101004K(1398144K)->101004K(1398144K)
[5.391s][info][gc,metaspace] GC(10) Metaspace: 1806K(2048K)->1806K(2048K) NonClass: 1661K(1792K)->1661K(1792K) Class: 145K(256K)->145K(256K)
[5.391s][info][gc          ] GC(10) Pause Young (Allocation Failure) 674M->137M(1979M) 100.269ms
[5.391s][info][gc,cpu      ] GC(10) User=0.11s Sys=0.00s Real=0.10s
[5.659s][info][gc,start    ] GC(11) Pause Young (Allocation Failure)
[5.768s][info][gc,heap     ] GC(11) DefNew: 598811K(629120K)->37592K(629120K) Eden: 559232K(559232K)->0K(559232K) From: 39579K(69888K)->37592K(69888K)
[5.768s][info][gc,heap     ] GC(11) Tenured: 101004K(1398144K)->110898K(1398144K)
[5.768s][info][gc,metaspace] GC(11) Metaspace: 1806K(2048K)->1806K(2048K) NonClass: 1661K(1792K)->1661K(1792K) Class: 145K(256K)->145K(256K)
[5.768s][info][gc          ] GC(11) Pause Young (Allocation Failure) 683M->145M(1979M) 108.478ms
[5.768s][info][gc,cpu      ] GC(11) User=0.11s Sys=0.00s Real=0.11s
[6.027s][info][gc,start    ] GC(12) Pause Young (Allocation Failure)
[6.137s][info][gc,heap     ] GC(12) DefNew: 596824K(629120K)->38536K(629120K) Eden: 559232K(559232K)->0K(559232K) From: 37592K(69888K)->38536K(69888K)
[6.137s][info][gc,heap     ] GC(12) Tenured: 110898K(1398144K)->119532K(1398144K)
[6.137s][info][gc,metaspace] GC(12) Metaspace: 1806K(2048K)->1806K(2048K) NonClass: 1661K(1792K)->1661K(1792K) Class: 145K(256K)->145K(256K)
[6.137s][info][gc          ] GC(12) Pause Young (Allocation Failure) 691M->154M(1979M) 110.455ms
[6.137s][info][gc,cpu      ] GC(12) User=0.11s Sys=0.00s Real=0.11s
[6.421s][info][gc,start    ] GC(13) Pause Young (Allocation Failure)
[6.531s][info][gc,heap     ] GC(13) DefNew: 597768K(629120K)->35680K(629120K) Eden: 559232K(559232K)->0K(559232K) From: 38536K(69888K)->35680K(69888K)
[6.531s][info][gc,heap     ] GC(13) Tenured: 119532K(1398144K)->129334K(1398144K)
[6.531s][info][gc,metaspace] GC(13) Metaspace: 1806K(2048K)->1806K(2048K) NonClass: 1661K(1792K)->1661K(1792K) Class: 145K(256K)->145K(256K)
[6.531s][info][gc          ] GC(13) Pause Young (Allocation Failure) 700M->161M(1979M) 110.039ms
[6.531s][info][gc,cpu      ] GC(13) User=0.09s Sys=0.00s Real=0.11s
[6.796s][info][gc,start    ] GC(14) Pause Young (Allocation Failure)
[6.913s][info][gc,heap     ] GC(14) DefNew: 594912K(629120K)->34836K(629120K) Eden: 559232K(559232K)->0K(559232K) From: 35680K(69888K)->34836K(69888K)
[6.913s][info][gc,heap     ] GC(14) Tenured: 129334K(1398144K)->137887K(1398144K)
[6.913s][info][gc,metaspace] GC(14) Metaspace: 1814K(2048K)->1814K(2048K) NonClass: 1668K(1792K)->1668K(1792K) Class: 145K(256K)->145K(256K)
[6.913s][info][gc          ] GC(14) Pause Young (Allocation Failure) 707M->168M(1979M) 117.241ms
[6.913s][info][gc,cpu      ] GC(14) User=0.11s Sys=0.00s Real=0.12s
[7.227s][info][gc,start    ] GC(15) Pause Young (Allocation Failure)
[7.370s][info][gc,heap     ] GC(15) DefNew: 594068K(629120K)->67161K(629120K) Eden: 559232K(559232K)->0K(559232K) From: 34836K(69888K)->67161K(69888K)
[7.370s][info][gc,heap     ] GC(15) Tenured: 137887K(1398144K)->137887K(1398144K)
[7.370s][info][gc,metaspace] GC(15) Metaspace: 1816K(2048K)->1816K(2048K) NonClass: 1671K(1792K)->1671K(1792K) Class: 145K(256K)->145K(256K)
[7.370s][info][gc          ] GC(15) Pause Young (Allocation Failure) 714M->200M(1979M) 142.612ms
[7.370s][info][gc,cpu      ] GC(15) User=0.14s Sys=0.00s Real=0.14s
[7.631s][info][gc,start    ] GC(16) Pause Young (Allocation Failure)
[7.791s][info][gc,heap     ] GC(16) DefNew: 626393K(629120K)->42575K(629120K) Eden: 559232K(559232K)->0K(559232K) From: 67161K(69888K)->42575K(69888K)
[7.791s][info][gc,heap     ] GC(16) Tenured: 137887K(1398144K)->171007K(1398144K)
[7.791s][info][gc,metaspace] GC(16) Metaspace: 1816K(2048K)->1816K(2048K) NonClass: 1671K(1792K)->1671K(1792K) Class: 145K(256K)->145K(256K)
[7.791s][info][gc          ] GC(16) Pause Young (Allocation Failure) 746M->208M(1979M) 159.930ms
[7.791s][info][gc,cpu      ] GC(16) User=0.16s Sys=0.00s Real=0.16s
[8.052s][info][gc,start    ] GC(17) Pause Young (Allocation Failure)
[8.167s][info][gc,heap     ] GC(17) DefNew: 601807K(629120K)->18760K(629120K) Eden: 559232K(559232K)->0K(559232K) From: 42575K(69888K)->18760K(69888K)
[8.167s][info][gc,heap     ] GC(17) Tenured: 171007K(1398144K)->203259K(1398144K)
[8.167s][info][gc,metaspace] GC(17) Metaspace: 1816K(2048K)->1816K(2048K) NonClass: 1671K(1792K)->1671K(1792K) Class: 145K(256K)->145K(256K)
[8.167s][info][gc          ] GC(17) Pause Young (Allocation Failure) 754M->216M(1979M) 114.925ms
[8.167s][info][gc,cpu      ] GC(17) User=0.11s Sys=0.00s Real=0.12s
[8.427s][info][gc,start    ] GC(18) Pause Young (Allocation Failure)
[8.522s][info][gc,heap     ] GC(18) DefNew: 577992K(629120K)->27128K(629120K) Eden: 559232K(559232K)->0K(559232K) From: 18760K(69888K)->27128K(69888K)
[8.522s][info][gc,heap     ] GC(18) Tenured: 203259K(1398144K)->203259K(1398144K)
[8.522s][info][gc,metaspace] GC(18) Metaspace: 1816K(2048K)->1816K(2048K) NonClass: 1671K(1792K)->1671K(1792K) Class: 145K(256K)->145K(256K)
[8.522s][info][gc          ] GC(18) Pause Young (Allocation Failure) 762M->224M(1979M) 94.571ms
[8.522s][info][gc,cpu      ] GC(18) User=0.09s Sys=0.00s Real=0.09s
[8.796s][info][gc,start    ] GC(19) Pause Young (Allocation Failure)
[8.902s][info][gc,heap     ] GC(19) DefNew: 586360K(629120K)->32902K(629120K) Eden: 559232K(559232K)->0K(559232K) From: 27128K(69888K)->32902K(69888K)
[8.902s][info][gc,heap     ] GC(19) Tenured: 203259K(1398144K)->203259K(1398144K)
[8.902s][info][gc,metaspace] GC(19) Metaspace: 1816K(2048K)->1816K(2048K) NonClass: 1671K(1792K)->1671K(1792K) Class: 145K(256K)->145K(256K)
[8.902s][info][gc          ] GC(19) Pause Young (Allocation Failure) 771M->230M(1979M) 106.321ms
[8.902s][info][gc,cpu      ] GC(19) User=0.12s Sys=0.00s Real=0.11s
[9.162s][info][gc,start    ] GC(20) Pause Young (Allocation Failure)
[9.288s][info][gc,heap     ] GC(20) DefNew: 592134K(629120K)->43042K(629120K) Eden: 559232K(559232K)->0K(559232K) From: 32902K(69888K)->43042K(69888K)
[9.288s][info][gc,heap     ] GC(20) Tenured: 203259K(1398144K)->203259K(1398144K)
[9.288s][info][gc,metaspace] GC(20) Metaspace: 1816K(2048K)->1816K(2048K) NonClass: 1671K(1792K)->1671K(1792K) Class: 145K(256K)->145K(256K)
[9.288s][info][gc          ] GC(20) Pause Young (Allocation Failure) 776M->240M(1979M) 126.425ms
[9.288s][info][gc,cpu      ] GC(20) User=0.12s Sys=0.00s Real=0.13s
[9.556s][info][gc,start    ] GC(21) Pause Young (Allocation Failure)
[9.693s][info][gc,heap     ] GC(21) DefNew: 602274K(629120K)->41756K(629120K) Eden: 559232K(559232K)->0K(559232K) From: 43042K(69888K)->41756K(69888K)
[9.693s][info][gc,heap     ] GC(21) Tenured: 203259K(1398144K)->211862K(1398144K)
[9.693s][info][gc,metaspace] GC(21) Metaspace: 1816K(2048K)->1816K(2048K) NonClass: 1671K(1792K)->1671K(1792K) Class: 145K(256K)->145K(256K)
[9.693s][info][gc          ] GC(21) Pause Young (Allocation Failure) 786M->247M(1979M) 136.538ms
[9.693s][info][gc,cpu      ] GC(21) User=0.14s Sys=0.00s Real=0.14s
[9.960s][info][gc,start    ] GC(22) Pause Young (Allocation Failure)
[10.097s][info][gc,heap     ] GC(22) DefNew: 600988K(629120K)->41248K(629120K) Eden: 559232K(559232K)->0K(559232K) From: 41756K(69888K)->41248K(69888K)
[10.097s][info][gc,heap     ] GC(22) Tenured: 211862K(1398144K)->219984K(1398144K)
[10.097s][info][gc,metaspace] GC(22) Metaspace: 1816K(2048K)->1816K(2048K) NonClass: 1671K(1792K)->1671K(1792K) Class: 145K(256K)->145K(256K)
[10.097s][info][gc          ] GC(22) Pause Young (Allocation Failure) 793M->255M(1979M) 136.896ms
[10.097s][info][gc,cpu      ] GC(22) User=0.14s Sys=0.00s Real=0.14s
[10.366s][info][gc,start    ] GC(23) Pause Young (Allocation Failure)
[10.510s][info][gc,heap     ] GC(23) DefNew: 600480K(629120K)->41341K(629120K) Eden: 559232K(559232K)->0K(559232K) From: 41248K(69888K)->41341K(69888K)
[10.510s][info][gc,heap     ] GC(23) Tenured: 219984K(1398144K)->227571K(1398144K)
[10.510s][info][gc,metaspace] GC(23) Metaspace: 1816K(2048K)->1816K(2048K) NonClass: 1671K(1792K)->1671K(1792K) Class: 145K(256K)->145K(256K)
[10.510s][info][gc          ] GC(23) Pause Young (Allocation Failure) 801M->262M(1979M) 144.078ms
[10.510s][info][gc,cpu      ] GC(23) User=0.14s Sys=0.00s Real=0.14s
[10.790s][info][gc,start    ] GC(24) Pause Young (Allocation Failure)
[10.933s][info][gc,heap     ] GC(24) DefNew: 600573K(629120K)->40570K(629120K) Eden: 559232K(559232K)->0K(559232K) From: 41341K(69888K)->40570K(69888K)
[10.933s][info][gc,heap     ] GC(24) Tenured: 227571K(1398144K)->235180K(1398144K)
[10.933s][info][gc,metaspace] GC(24) Metaspace: 1816K(2048K)->1816K(2048K) NonClass: 1671K(1792K)->1671K(1792K) Class: 145K(256K)->145K(256K)
[10.933s][info][gc          ] GC(24) Pause Young (Allocation Failure) 808M->269M(1979M) 143.510ms
[10.933s][info][gc,cpu      ] GC(24) User=0.14s Sys=0.00s Real=0.14s
[11.200s][info][gc,start    ] GC(25) Pause Young (Allocation Failure)
[11.338s][info][gc,heap     ] GC(25) DefNew: 599802K(629120K)->39856K(629120K) Eden: 559232K(559232K)->0K(559232K) From: 40570K(69888K)->39856K(69888K)
[11.338s][info][gc,heap     ] GC(25) Tenured: 235180K(1398144K)->243867K(1398144K)
[11.338s][info][gc,metaspace] GC(25) Metaspace: 1817K(2048K)->1817K(2048K) NonClass: 1672K(1792K)->1672K(1792K) Class: 145K(256K)->145K(256K)
[11.338s][info][gc          ] GC(25) Pause Young (Allocation Failure) 815M->277M(1979M) 137.787ms
[11.338s][info][gc,cpu      ] GC(25) User=0.14s Sys=0.00s Real=0.14s
[11.601s][info][gc,start    ] GC(26) Pause Young (Allocation Failure)
[11.746s][info][gc,heap     ] GC(26) DefNew: 599088K(629120K)->41037K(629120K) Eden: 559232K(559232K)->0K(559232K) From: 39856K(69888K)->41037K(69888K)
[11.746s][info][gc,heap     ] GC(26) Tenured: 243867K(1398144K)->251488K(1398144K)
[11.746s][info][gc,metaspace] GC(26) Metaspace: 1817K(2048K)->1817K(2048K) NonClass: 1672K(1792K)->1672K(1792K) Class: 145K(256K)->145K(256K)
[11.746s][info][gc          ] GC(26) Pause Young (Allocation Failure) 823M->285M(1979M) 145.129ms
[11.746s][info][gc,cpu      ] GC(26) User=0.14s Sys=0.00s Real=0.14s
[12.017s][info][gc,start    ] GC(27) Pause Young (Allocation Failure)
[12.162s][info][gc,heap     ] GC(27) DefNew: 600269K(629120K)->41793K(629120K) Eden: 559232K(559232K)->0K(559232K) From: 41037K(69888K)->41793K(69888K)
[12.162s][info][gc,heap     ] GC(27) Tenured: 251488K(1398144K)->258567K(1398144K)
[12.162s][info][gc,metaspace] GC(27) Metaspace: 1817K(2048K)->1817K(2048K) NonClass: 1672K(1792K)->1672K(1792K) Class: 145K(256K)->145K(256K)
[12.162s][info][gc          ] GC(27) Pause Young (Allocation Failure) 831M->293M(1979M) 145.326ms
[12.163s][info][gc,cpu      ] GC(27) User=0.14s Sys=0.00s Real=0.15s
[12.426s][info][gc,start    ] GC(28) Pause Young (Allocation Failure)
[12.567s][info][gc,heap     ] GC(28) DefNew: 601025K(629120K)->41983K(629120K) Eden: 559232K(559232K)->0K(559232K) From: 41793K(69888K)->41983K(69888K)
[12.567s][info][gc,heap     ] GC(28) Tenured: 258567K(1398144K)->266222K(1398144K)
[12.567s][info][gc,metaspace] GC(28) Metaspace: 1817K(2048K)->1817K(2048K) NonClass: 1672K(1792K)->1672K(1792K) Class: 145K(256K)->145K(256K)
[12.567s][info][gc          ] GC(28) Pause Young (Allocation Failure) 839M->300M(1979M) 141.013ms
[12.567s][info][gc,cpu      ] GC(28) User=0.14s Sys=0.00s Real=0.14s
[12.829s][info][gc,start    ] GC(29) Pause Young (Allocation Failure)
[12.973s][info][gc,heap     ] GC(29) DefNew: 601215K(629120K)->41897K(629120K) Eden: 559232K(559232K)->0K(559232K) From: 41983K(69888K)->41897K(69888K)
[12.973s][info][gc,heap     ] GC(29) Tenured: 266222K(1398144K)->274613K(1398144K)
[12.973s][info][gc,metaspace] GC(29) Metaspace: 1817K(2048K)->1817K(2048K) NonClass: 1672K(1792K)->1672K(1792K) Class: 145K(256K)->145K(256K)
[12.973s][info][gc          ] GC(29) Pause Young (Allocation Failure) 847M->309M(1979M) 144.195ms
[12.973s][info][gc,cpu      ] GC(29) User=0.14s Sys=0.00s Real=0.14s
[13.241s][info][gc,start    ] GC(30) Pause Young (Allocation Failure)
[13.390s][info][gc,heap     ] GC(30) DefNew: 601129K(629120K)->40719K(629120K) Eden: 559232K(559232K)->0K(559232K) From: 41897K(69888K)->40719K(69888K)
[13.390s][info][gc,heap     ] GC(30) Tenured: 274613K(1398144K)->282311K(1398144K)
[13.390s][info][gc,metaspace] GC(30) Metaspace: 1817K(2048K)->1817K(2048K) NonClass: 1672K(1792K)->1672K(1792K) Class: 145K(256K)->145K(256K)
[13.390s][info][gc          ] GC(30) Pause Young (Allocation Failure) 855M->315M(1979M) 149.205ms
[13.390s][info][gc,cpu      ] GC(30) User=0.14s Sys=0.00s Real=0.15s
[13.662s][info][gc,start    ] GC(31) Pause Young (Allocation Failure)
[13.805s][info][gc,heap     ] GC(31) DefNew: 599951K(629120K)->40112K(629120K) Eden: 559232K(559232K)->0K(559232K) From: 40719K(69888K)->40112K(69888K)
[13.805s][info][gc,heap     ] GC(31) Tenured: 282311K(1398144K)->290185K(1398144K)
[13.805s][info][gc,metaspace] GC(31) Metaspace: 1817K(2048K)->1817K(2048K) NonClass: 1672K(1792K)->1672K(1792K) Class: 145K(256K)->145K(256K)
[13.805s][info][gc          ] GC(31) Pause Young (Allocation Failure) 861M->322M(1979M) 142.916ms
[13.805s][info][gc,cpu      ] GC(31) User=0.14s Sys=0.00s Real=0.14s
[14.065s][info][gc,start    ] GC(32) Pause Young (Allocation Failure)
[14.211s][info][gc,heap     ] GC(32) DefNew: 599344K(629120K)->40486K(629120K) Eden: 559232K(559232K)->0K(559232K) From: 40112K(69888K)->40486K(69888K)
[14.211s][info][gc,heap     ] GC(32) Tenured: 290185K(1398144K)->297991K(1398144K)
[14.211s][info][gc,metaspace] GC(32) Metaspace: 1817K(2048K)->1817K(2048K) NonClass: 1672K(1792K)->1672K(1792K) Class: 145K(256K)->145K(256K)
[14.211s][info][gc          ] GC(32) Pause Young (Allocation Failure) 868M->330M(1979M) 146.175ms
[14.211s][info][gc,cpu      ] GC(32) User=0.12s Sys=0.02s Real=0.15s
[14.477s][info][gc,start    ] GC(33) Pause Young (Allocation Failure)
[14.624s][info][gc,heap     ] GC(33) DefNew: 599718K(629120K)->39705K(629120K) Eden: 559232K(559232K)->0K(559232K) From: 40486K(69888K)->39705K(69888K)
[14.624s][info][gc,heap     ] GC(33) Tenured: 297991K(1398144K)->305434K(1398144K)
[14.624s][info][gc,metaspace] GC(33) Metaspace: 1817K(2048K)->1817K(2048K) NonClass: 1672K(1792K)->1672K(1792K) Class: 145K(256K)->145K(256K)
[14.624s][info][gc          ] GC(33) Pause Young (Allocation Failure) 876M->337M(1979M) 146.967ms
[14.624s][info][gc,cpu      ] GC(33) User=0.12s Sys=0.02s Real=0.15s
[14.897s][info][gc,start    ] GC(34) Pause Young (Allocation Failure)
[15.045s][info][gc,heap     ] GC(34) DefNew: 598937K(629120K)->37402K(629120K) Eden: 559232K(559232K)->0K(559232K) From: 39705K(69888K)->37402K(69888K)
[15.045s][info][gc,heap     ] GC(34) Tenured: 305434K(1398144K)->312947K(1398144K)
[15.045s][info][gc,metaspace] GC(34) Metaspace: 1817K(2048K)->1817K(2048K) NonClass: 1672K(1792K)->1672K(1792K) Class: 145K(256K)->145K(256K)
[15.045s][info][gc          ] GC(34) Pause Young (Allocation Failure) 883M->342M(1979M) 148.033ms
[15.045s][info][gc,cpu      ] GC(34) User=0.14s Sys=0.00s Real=0.15s
[15.308s][info][gc,start    ] GC(35) Pause Young (Allocation Failure)
[15.456s][info][gc,heap     ] GC(35) DefNew: 596634K(629120K)->39604K(629120K) Eden: 559232K(559232K)->0K(559232K) From: 37402K(69888K)->39604K(69888K)
[15.456s][info][gc,heap     ] GC(35) Tenured: 312947K(1398144K)->320416K(1398144K)
[15.456s][info][gc,metaspace] GC(35) Metaspace: 1817K(2048K)->1817K(2048K) NonClass: 1672K(1792K)->1672K(1792K) Class: 145K(256K)->145K(256K)
[15.456s][info][gc          ] GC(35) Pause Young (Allocation Failure) 888M->351M(1979M) 148.171ms
[15.456s][info][gc,cpu      ] GC(35) User=0.16s Sys=0.00s Real=0.15s
[15.767s][info][gc,start    ] GC(36) Pause Young (Allocation Failure)
[15.969s][info][gc,heap     ] GC(36) DefNew: 598836K(629120K)->69887K(629120K) Eden: 559232K(559232K)->0K(559232K) From: 39604K(69888K)->69887K(69888K)
[15.969s][info][gc,heap     ] GC(36) Tenured: 320416K(1398144K)->349375K(1398144K)
[15.969s][info][gc,metaspace] GC(36) Metaspace: 1817K(2048K)->1817K(2048K) NonClass: 1672K(1792K)->1672K(1792K) Class: 145K(256K)->145K(256K)
[15.969s][info][gc          ] GC(36) Pause Young (Allocation Failure) 897M->409M(1979M) 201.742ms
[15.969s][info][gc,cpu      ] GC(36) User=0.20s Sys=0.00s Real=0.20s
[16.240s][info][gc,start    ] GC(37) Pause Young (Allocation Failure)
[16.424s][info][gc,heap     ] GC(37) DefNew: 629119K(629120K)->9573K(629120K) Eden: 559232K(559232K)->0K(559232K) From: 69887K(69888K)->9573K(69888K)
[16.424s][info][gc,heap     ] GC(37) Tenured: 349375K(1398144K)->415765K(1398144K)
[16.424s][info][gc,metaspace] GC(37) Metaspace: 1817K(2048K)->1817K(2048K) NonClass: 1672K(1792K)->1672K(1792K) Class: 145K(256K)->145K(256K)
[16.424s][info][gc          ] GC(37) Pause Young (Allocation Failure) 955M->415M(1979M) 184.666ms
[16.424s][info][gc,cpu      ] GC(37) User=0.19s Sys=0.02s Real=0.18s
[16.695s][info][gc,start    ] GC(38) Pause Young (Allocation Failure)
[16.794s][info][gc,heap     ] GC(38) DefNew: 568805K(629120K)->17483K(629120K) Eden: 559232K(559232K)->0K(559232K) From: 9573K(69888K)->17483K(69888K)
[16.794s][info][gc,heap     ] GC(38) Tenured: 415765K(1398144K)->415765K(1398144K)
[16.794s][info][gc,metaspace] GC(38) Metaspace: 1817K(2048K)->1817K(2048K) NonClass: 1672K(1792K)->1672K(1792K) Class: 145K(256K)->145K(256K)
[16.794s][info][gc          ] GC(38) Pause Young (Allocation Failure) 961M->423M(1979M) 98.667ms
[16.794s][info][gc,cpu      ] GC(38) User=0.08s Sys=0.02s Real=0.10s
[17.065s][info][gc,start    ] GC(39) Pause Young (Allocation Failure)
[17.175s][info][gc,heap     ] GC(39) DefNew: 576715K(629120K)->23506K(629120K) Eden: 559232K(559232K)->0K(559232K) From: 17483K(69888K)->23506K(69888K)
[17.175s][info][gc,heap     ] GC(39) Tenured: 415765K(1398144K)->415765K(1398144K)
[17.175s][info][gc,metaspace] GC(39) Metaspace: 1817K(2048K)->1817K(2048K) NonClass: 1672K(1792K)->1672K(1792K) Class: 145K(256K)->145K(256K)
[17.175s][info][gc          ] GC(39) Pause Young (Allocation Failure) 969M->428M(1979M) 110.857ms
[17.175s][info][gc,cpu      ] GC(39) User=0.11s Sys=0.00s Real=0.11s
[17.448s][info][gc,start    ] GC(40) Pause Young (Allocation Failure)
[17.577s][info][gc,heap     ] GC(40) DefNew: 582738K(629120K)->30853K(629120K) Eden: 559232K(559232K)->0K(559232K) From: 23506K(69888K)->30853K(69888K)
[17.577s][info][gc,heap     ] GC(40) Tenured: 415765K(1398144K)->415765K(1398144K)
[17.577s][info][gc,metaspace] GC(40) Metaspace: 1817K(2048K)->1817K(2048K) NonClass: 1672K(1792K)->1672K(1792K) Class: 145K(256K)->145K(256K)
[17.577s][info][gc          ] GC(40) Pause Young (Allocation Failure) 975M->436M(1979M) 129.546ms
[17.577s][info][gc,cpu      ] GC(40) User=0.12s Sys=0.00s Real=0.13s
[17.849s][info][gc,start    ] GC(41) Pause Young (Allocation Failure)
[17.986s][info][gc,heap     ] GC(41) DefNew: 590085K(629120K)->36246K(629120K) Eden: 559232K(559232K)->0K(559232K) From: 30853K(69888K)->36246K(69888K)
[17.986s][info][gc,heap     ] GC(41) Tenured: 415765K(1398144K)->415765K(1398144K)
[17.986s][info][gc,metaspace] GC(41) Metaspace: 1817K(2048K)->1817K(2048K) NonClass: 1672K(1792K)->1672K(1792K) Class: 145K(256K)->145K(256K)
[17.986s][info][gc          ] GC(41) Pause Young (Allocation Failure) 982M->441M(1979M) 137.920ms
[17.986s][info][gc,cpu      ] GC(41) User=0.14s Sys=0.00s Real=0.14s
[18.251s][info][gc,start    ] GC(42) Pause Young (Allocation Failure)
[18.411s][info][gc,heap     ] GC(42) DefNew: 595478K(629120K)->36944K(629120K) Eden: 559232K(559232K)->0K(559232K) From: 36246K(69888K)->36944K(69888K)
[18.411s][info][gc,heap     ] GC(42) Tenured: 415765K(1398144K)->422665K(1398144K)
[18.411s][info][gc,metaspace] GC(42) Metaspace: 1817K(2048K)->1817K(2048K) NonClass: 1672K(1792K)->1672K(1792K) Class: 145K(256K)->145K(256K)
[18.411s][info][gc          ] GC(42) Pause Young (Allocation Failure) 987M->448M(1979M) 160.466ms
[18.411s][info][gc,cpu      ] GC(42) User=0.16s Sys=0.00s Real=0.16s
[18.788s][info][gc,start    ] GC(43) Pause Young (Allocation Failure)
[18.967s][info][gc,heap     ] GC(43) DefNew: 596176K(629120K)->34881K(629120K) Eden: 559232K(559232K)->0K(559232K) From: 36944K(69888K)->34881K(69888K)
[18.967s][info][gc,heap     ] GC(43) Tenured: 422665K(1398144K)->430187K(1398144K)
[18.967s][info][gc,metaspace] GC(43) Metaspace: 1817K(2048K)->1817K(2048K) NonClass: 1672K(1792K)->1672K(1792K) Class: 145K(256K)->145K(256K)
[18.967s][info][gc          ] GC(43) Pause Young (Allocation Failure) 994M->454M(1979M) 179.364ms
[18.967s][info][gc,cpu      ] GC(43) User=0.17s Sys=0.00s Real=0.18s
[19.297s][info][gc,start    ] GC(44) Pause Young (Allocation Failure)
[19.489s][info][gc,heap     ] GC(44) DefNew: 594113K(629120K)->45397K(629120K) Eden: 559232K(559232K)->0K(559232K) From: 34881K(69888K)->45397K(69888K)
[19.489s][info][gc,heap     ] GC(44) Tenured: 430187K(1398144K)->430187K(1398144K)
[19.489s][info][gc,metaspace] GC(44) Metaspace: 1817K(2048K)->1817K(2048K) NonClass: 1672K(1792K)->1672K(1792K) Class: 145K(256K)->145K(256K)
[19.489s][info][gc          ] GC(44) Pause Young (Allocation Failure) 1000M->464M(1979M) 192.298ms
[19.489s][info][gc,cpu      ] GC(44) User=0.19s Sys=0.00s Real=0.19s
[19.766s][info][gc,start    ] GC(45) Pause Young (Allocation Failure)
[19.956s][info][gc,heap     ] GC(45) DefNew: 604629K(629120K)->34396K(629120K) Eden: 559232K(559232K)->0K(559232K) From: 45397K(69888K)->34396K(69888K)
[19.956s][info][gc,heap     ] GC(45) Tenured: 430187K(1398144K)->444234K(1398144K)
[19.956s][info][gc,metaspace] GC(45) Metaspace: 1817K(2048K)->1817K(2048K) NonClass: 1672K(1792K)->1672K(1792K) Class: 145K(256K)->145K(256K)
[19.956s][info][gc          ] GC(45) Pause Young (Allocation Failure) 1010M->467M(1979M) 190.596ms
[19.956s][info][gc,cpu      ] GC(45) User=0.19s Sys=0.00s Real=0.19s
[20.225s][info][gc,start    ] GC(46) Pause Young (Allocation Failure)
[20.382s][info][gc,heap     ] GC(46) DefNew: 593628K(629120K)->41810K(629120K) Eden: 559232K(559232K)->0K(559232K) From: 34396K(69888K)->41810K(69888K)
[20.382s][info][gc,heap     ] GC(46) Tenured: 444234K(1398144K)->444234K(1398144K)
[20.382s][info][gc,metaspace] GC(46) Metaspace: 1817K(2048K)->1817K(2048K) NonClass: 1672K(1792K)->1672K(1792K) Class: 145K(256K)->145K(256K)
[20.382s][info][gc          ] GC(46) Pause Young (Allocation Failure) 1013M->474M(1979M) 157.038ms
[20.382s][info][gc,cpu      ] GC(46) User=0.16s Sys=0.00s Real=0.16s
[20.639s][info][gc,start    ] GC(47) Pause Young (Allocation Failure)
[20.804s][info][gc,heap     ] GC(47) DefNew: 601042K(629120K)->35095K(629120K) Eden: 559232K(559232K)->0K(559232K) From: 41810K(69888K)->35095K(69888K)
[20.804s][info][gc,heap     ] GC(47) Tenured: 444234K(1398144K)->457342K(1398144K)
[20.804s][info][gc,metaspace] GC(47) Metaspace: 1817K(2048K)->1817K(2048K) NonClass: 1672K(1792K)->1672K(1792K) Class: 145K(256K)->145K(256K)
[20.804s][info][gc          ] GC(47) Pause Young (Allocation Failure) 1020M->480M(1979M) 164.693ms
[20.804s][info][gc,cpu      ] GC(47) User=0.17s Sys=0.00s Real=0.16s
[21.675s][info][gc,heap,exit] Heap
[21.675s][info][gc,heap,exit]  def new generation   total 629120K, used 481538K [0x0000000700000000, 0x000000072aaa0000, 0x0000000755550000)
[21.675s][info][gc,heap,exit]   eden space 559232K,  79% used [0x0000000700000000, 0x000000071b3faf58, 0x0000000722220000)
[21.675s][info][gc,heap,exit]   from space 69888K,  50% used [0x0000000722220000, 0x0000000724465c78, 0x0000000726660000)
[21.675s][info][gc,heap,exit]   to   space 69888K,   0% used [0x0000000726660000, 0x0000000726660000, 0x000000072aaa0000)
[21.675s][info][gc,heap,exit]  tenured generation   total 1398144K, used 457342K [0x0000000755550000, 0x00000007aaab0000, 0x0000000800000000)
[21.675s][info][gc,heap,exit]    the space 1398144K,  32% used [0x0000000755550000, 0x00000007713ef928, 0x00000007713efa00, 0x00000007aaab0000)
[21.675s][info][gc,heap,exit]  Metaspace       used 2051K, committed 2240K, reserved 1114112K
[21.675s][info][gc,heap,exit]   class space    used 179K, committed 320K, reserved 1048576K
