[0.008s][info][gc,init] CardTable entry size: 512
[0.009s][info][gc     ] Using Serial
[0.014s][info][gc,init] Version: 21.0.5+9-LTS-239 (release)
[0.014s][info][gc,init] CPUs: 12 total, 12 available
[0.014s][info][gc,init] Memory: 16190M
[0.014s][info][gc,init] Large Page Support: Disabled
[0.014s][info][gc,init] NUMA Support: Disabled
[0.014s][info][gc,init] Compressed Oops: Enabled (Zero based)
[0.014s][info][gc,init] Heap Min Capacity: 2G
[0.014s][info][gc,init] Heap Initial Capacity: 2G
[0.014s][info][gc,init] Heap Max Capacity: 4G
[0.014s][info][gc,init] Pre-touch: Disabled
[0.021s][info][gc,metaspace] CDS archive(s) mapped at: [0x0000019e35000000-0x0000019e35c90000-0x0000019e35c90000), size 13172736, SharedBaseAddress: 0x0000019e35000000, ArchiveRelocationMode: 1.
[0.022s][info][gc,metaspace] Compressed class space mapped at: 0x0000019e36000000-0x0000019e76000000, reserved size: 1073741824
[0.022s][info][gc,metaspace] Narrow klass base: 0x0000019e35000000, Narrow klass shift: 0, Narrow klass range: 0x100000000
[0.777s][info][gc,start    ] GC(0) Pause Young (Allocation Failure)
[0.838s][info][gc,heap     ] GC(0) DefNew: 559232K(629120K)->39851K(629120K) Eden: 559232K(559232K)->0K(559232K) From: 0K(69888K)->39851K(69888K)
[0.838s][info][gc,heap     ] GC(0) Tenured: 0K(1398144K)->0K(1398144K)
[0.838s][info][gc,metaspace] GC(0) Metaspace: 1710K(1792K)->1710K(1792K) NonClass: 1574K(1600K)->1574K(1600K) Class: 136K(192K)->136K(192K)
[0.838s][info][gc          ] GC(0) Pause Young (Allocation Failure) 546M->38M(1979M) 60.254ms
[0.838s][info][gc,cpu      ] GC(0) User=0.05s Sys=0.02s Real=0.06s
[1.117s][info][gc,start    ] GC(1) Pause Young (Allocation Failure)
[1.186s][info][gc,heap     ] GC(1) DefNew: 599083K(629120K)->69887K(629120K) Eden: 559232K(559232K)->0K(559232K) From: 39851K(69888K)->69887K(69888K)
[1.186s][info][gc,heap     ] GC(1) Tenured: 0K(1398144K)->38190K(1398144K)
[1.186s][info][gc,metaspace] GC(1) Metaspace: 1735K(1856K)->1735K(1856K) NonClass: 1599K(1664K)->1599K(1664K) Class: 136K(192K)->136K(192K)
[1.186s][info][gc          ] GC(1) Pause Young (Allocation Failure) 585M->105M(1979M) 69.347ms
[1.186s][info][gc,cpu      ] GC(1) User=0.08s Sys=0.00s Real=0.07s
[1.457s][info][gc,start    ] GC(2) Pause Young (Allocation Failure)
[1.517s][info][gc,heap     ] GC(2) DefNew: 629119K(629120K)->69887K(629120K) Eden: 559232K(559232K)->0K(559232K) From: 69887K(69888K)->69887K(69888K)
[1.517s][info][gc,heap     ] GC(2) Tenured: 38190K(1398144K)->112656K(1398144K)
[1.517s][info][gc,metaspace] GC(2) Metaspace: 1735K(1856K)->1735K(1856K) NonClass: 1599K(1664K)->1599K(1664K) Class: 136K(192K)->136K(192K)
[1.517s][info][gc          ] GC(2) Pause Young (Allocation Failure) 651M->178M(1979M) 59.739ms
[1.517s][info][gc,cpu      ] GC(2) User=0.06s Sys=0.00s Real=0.06s
[1.778s][info][gc,start    ] GC(3) Pause Young (Allocation Failure)
[1.838s][info][gc,heap     ] GC(3) DefNew: 629119K(629120K)->69888K(629120K) Eden: 559232K(559232K)->0K(559232K) From: 69887K(69888K)->69888K(69888K)
[1.838s][info][gc,heap     ] GC(3) Tenured: 112656K(1398144K)->197678K(1398144K)
[1.838s][info][gc,metaspace] GC(3) Metaspace: 1735K(1856K)->1735K(1856K) NonClass: 1599K(1664K)->1599K(1664K) Class: 136K(192K)->136K(192K)
[1.839s][info][gc          ] GC(3) Pause Young (Allocation Failure) 724M->261M(1979M) 60.425ms
[1.839s][info][gc,cpu      ] GC(3) User=0.06s Sys=0.00s Real=0.06s
[2.102s][info][gc,start    ] GC(4) Pause Young (Allocation Failure)
[2.160s][info][gc,heap     ] GC(4) DefNew: 629120K(629120K)->69888K(629120K) Eden: 559232K(559232K)->0K(559232K) From: 69888K(69888K)->69888K(69888K)
[2.160s][info][gc,heap     ] GC(4) Tenured: 197678K(1398144K)->282985K(1398144K)
[2.160s][info][gc,metaspace] GC(4) Metaspace: 1735K(1856K)->1735K(1856K) NonClass: 1599K(1664K)->1599K(1664K) Class: 136K(192K)->136K(192K)
[2.160s][info][gc          ] GC(4) Pause Young (Allocation Failure) 807M->344M(1979M) 58.617ms
[2.160s][info][gc,cpu      ] GC(4) User=0.03s Sys=0.02s Real=0.06s
[2.426s][info][gc,start    ] GC(5) Pause Young (Allocation Failure)
[2.496s][info][gc,heap     ] GC(5) DefNew: 629120K(629120K)->69888K(629120K) Eden: 559232K(559232K)->0K(559232K) From: 69888K(69888K)->69888K(69888K)
[2.496s][info][gc,heap     ] GC(5) Tenured: 282985K(1398144K)->375369K(1398144K)
[2.496s][info][gc,metaspace] GC(5) Metaspace: 1735K(1856K)->1735K(1856K) NonClass: 1599K(1664K)->1599K(1664K) Class: 136K(192K)->136K(192K)
[2.496s][info][gc          ] GC(5) Pause Young (Allocation Failure) 890M->434M(1979M) 69.904ms
[2.496s][info][gc,cpu      ] GC(5) User=0.06s Sys=0.02s Real=0.07s
[2.760s][info][gc,start    ] GC(6) Pause Young (Allocation Failure)
[2.828s][info][gc,heap     ] GC(6) DefNew: 629120K(629120K)->69888K(629120K) Eden: 559232K(559232K)->0K(559232K) From: 69888K(69888K)->69888K(69888K)
[2.828s][info][gc,heap     ] GC(6) Tenured: 375369K(1398144K)->461307K(1398144K)
[2.828s][info][gc,metaspace] GC(6) Metaspace: 1735K(1856K)->1735K(1856K) NonClass: 1599K(1664K)->1599K(1664K) Class: 136K(192K)->136K(192K)
[2.828s][info][gc          ] GC(6) Pause Young (Allocation Failure) 980M->518M(1979M) 67.582ms
[2.828s][info][gc,cpu      ] GC(6) User=0.05s Sys=0.02s Real=0.07s
[3.094s][info][gc,start    ] GC(7) Pause Young (Allocation Failure)
[3.157s][info][gc,heap     ] GC(7) DefNew: 629120K(629120K)->69888K(629120K) Eden: 559232K(559232K)->0K(559232K) From: 69888K(69888K)->69888K(69888K)
[3.157s][info][gc,heap     ] GC(7) Tenured: 461307K(1398144K)->546132K(1398144K)
[3.157s][info][gc,metaspace] GC(7) Metaspace: 1735K(1856K)->1735K(1856K) NonClass: 1599K(1664K)->1599K(1664K) Class: 136K(192K)->136K(192K)
[3.157s][info][gc          ] GC(7) Pause Young (Allocation Failure) 1064M->601M(1979M) 63.205ms
[3.157s][info][gc,cpu      ] GC(7) User=0.05s Sys=0.02s Real=0.06s
[3.418s][info][gc,start    ] GC(8) Pause Young (Allocation Failure)
[3.482s][info][gc,heap     ] GC(8) DefNew: 629120K(629120K)->69888K(629120K) Eden: 559232K(559232K)->0K(559232K) From: 69888K(69888K)->69888K(69888K)
[3.482s][info][gc,heap     ] GC(8) Tenured: 546132K(1398144K)->631640K(1398144K)
[3.482s][info][gc,metaspace] GC(8) Metaspace: 1735K(1856K)->1735K(1856K) NonClass: 1599K(1664K)->1599K(1664K) Class: 136K(192K)->136K(192K)
[3.482s][info][gc          ] GC(8) Pause Young (Allocation Failure) 1147M->685M(1979M) 64.773ms
[3.482s][info][gc,cpu      ] GC(8) User=0.05s Sys=0.02s Real=0.06s
[4.039s][info][gc,start    ] GC(9) Pause Young (Allocation Failure)
[4.118s][info][gc,heap     ] GC(9) DefNew: 629120K(629120K)->57312K(629120K) Eden: 559232K(559232K)->0K(559232K) From: 69888K(69888K)->57312K(69888K)
[4.118s][info][gc,heap     ] GC(9) Tenured: 631640K(1398144K)->701198K(1398144K)
[4.118s][info][gc,metaspace] GC(9) Metaspace: 1766K(1920K)->1766K(1920K) NonClass: 1625K(1664K)->1625K(1664K) Class: 141K(256K)->141K(256K)
[4.118s][info][gc          ] GC(9) Pause Young (Allocation Failure) 1231M->740M(1979M) 79.182ms
[4.118s][info][gc,cpu      ] GC(9) User=0.08s Sys=0.00s Real=0.08s
[5.085s][info][gc,start    ] GC(10) Pause Young (Allocation Failure)
[5.195s][info][gc,heap     ] GC(10) DefNew: 616544K(629120K)->27509K(629120K) Eden: 559232K(559232K)->0K(559232K) From: 57312K(69888K)->27509K(69888K)
[5.195s][info][gc,heap     ] GC(10) Tenured: 701198K(1398144K)->758318K(1398144K)
[5.195s][info][gc,metaspace] GC(10) Metaspace: 1766K(1920K)->1766K(1920K) NonClass: 1625K(1664K)->1625K(1664K) Class: 141K(256K)->141K(256K)
[5.195s][info][gc          ] GC(10) Pause Young (Allocation Failure) 1286M->767M(1979M) 109.674ms
[5.195s][info][gc,cpu      ] GC(10) User=0.11s Sys=0.00s Real=0.11s
[6.174s][info][gc,start    ] GC(11) Pause Young (Allocation Failure)
[6.274s][info][gc,heap     ] GC(11) DefNew: 586741K(629120K)->42688K(629120K) Eden: 559232K(559232K)->0K(559232K) From: 27509K(69888K)->42688K(69888K)
[6.274s][info][gc,heap     ] GC(11) Tenured: 758318K(1398144K)->758318K(1398144K)
[6.274s][info][gc,metaspace] GC(11) Metaspace: 1785K(1920K)->1785K(1920K) NonClass: 1643K(1664K)->1643K(1664K) Class: 142K(256K)->142K(256K)
[6.274s][info][gc          ] GC(11) Pause Young (Allocation Failure) 1313M->782M(1979M) 100.151ms
[6.274s][info][gc,cpu      ] GC(11) User=0.11s Sys=0.00s Real=0.10s
[7.257s][info][gc,start    ] GC(12) Pause Young (Allocation Failure)
[7.379s][info][gc,heap     ] GC(12) DefNew: 601920K(629120K)->29710K(629120K) Eden: 559232K(559232K)->0K(559232K) From: 42688K(69888K)->29710K(69888K)
[7.379s][info][gc,heap     ] GC(12) Tenured: 758318K(1398144K)->785828K(1398144K)
[7.379s][info][gc,metaspace] GC(12) Metaspace: 1785K(1920K)->1785K(1920K) NonClass: 1643K(1664K)->1643K(1664K) Class: 142K(256K)->142K(256K)
[7.379s][info][gc          ] GC(12) Pause Young (Allocation Failure) 1328M->796M(1979M) 122.338ms
[7.379s][info][gc,cpu      ] GC(12) User=0.12s Sys=0.00s Real=0.12s
[8.355s][info][gc,start    ] GC(13) Pause Young (Allocation Failure)
[8.462s][info][gc,heap     ] GC(13) DefNew: 588942K(629120K)->43300K(629120K) Eden: 559232K(559232K)->0K(559232K) From: 29710K(69888K)->43300K(69888K)
[8.462s][info][gc,heap     ] GC(13) Tenured: 785828K(1398144K)->785828K(1398144K)
[8.462s][info][gc,metaspace] GC(13) Metaspace: 1785K(1920K)->1785K(1920K) NonClass: 1643K(1664K)->1643K(1664K) Class: 142K(256K)->142K(256K)
[8.462s][info][gc          ] GC(13) Pause Young (Allocation Failure) 1342M->809M(1979M) 107.001ms
[8.462s][info][gc,cpu      ] GC(13) User=0.11s Sys=0.00s Real=0.11s
[9.446s][info][gc,start    ] GC(14) Pause Young (Allocation Failure)
[9.569s][info][gc,heap     ] GC(14) DefNew: 602532K(629120K)->41629K(629120K) Eden: 559232K(559232K)->0K(559232K) From: 43300K(69888K)->41629K(69888K)
[9.569s][info][gc,heap     ] GC(14) Tenured: 785828K(1398144K)->801006K(1398144K)
[9.569s][info][gc,metaspace] GC(14) Metaspace: 1786K(1920K)->1786K(1920K) NonClass: 1643K(1664K)->1643K(1664K) Class: 142K(256K)->142K(256K)
[9.569s][info][gc          ] GC(14) Pause Young (Allocation Failure) 1355M->822M(1979M) 123.262ms
[9.569s][info][gc,cpu      ] GC(14) User=0.11s Sys=0.00s Real=0.12s
[10.516s][info][gc,start    ] GC(15) Pause Young (Allocation Failure)
[10.637s][info][gc,heap     ] GC(15) DefNew: 600861K(629120K)->39676K(629120K) Eden: 559232K(559232K)->0K(559232K) From: 41629K(69888K)->39676K(69888K)
[10.637s][info][gc,heap     ] GC(15) Tenured: 801006K(1398144K)->815539K(1398144K)
[10.637s][info][gc,metaspace] GC(15) Metaspace: 1793K(1984K)->1793K(1984K) NonClass: 1651K(1728K)->1651K(1728K) Class: 142K(256K)->142K(256K)
[10.637s][info][gc          ] GC(15) Pause Young (Allocation Failure) 1369M->835M(1979M) 121.955ms
[10.637s][info][gc,cpu      ] GC(15) User=0.12s Sys=0.00s Real=0.12s
[11.598s][info][gc,start    ] GC(16) Pause Young (Allocation Failure)
[11.753s][info][gc,heap     ] GC(16) DefNew: 598908K(629120K)->62954K(629120K) Eden: 559232K(559232K)->0K(559232K) From: 39676K(69888K)->62954K(69888K)
[11.753s][info][gc,heap     ] GC(16) Tenured: 815539K(1398144K)->828915K(1398144K)
[11.753s][info][gc,metaspace] GC(16) Metaspace: 1795K(1984K)->1795K(1984K) NonClass: 1652K(1728K)->1652K(1728K) Class: 142K(256K)->142K(256K)
[11.753s][info][gc          ] GC(16) Pause Young (Allocation Failure) 1381M->870M(1979M) 154.814ms
[11.753s][info][gc,cpu      ] GC(16) User=0.16s Sys=0.00s Real=0.15s
[12.728s][info][gc,start    ] GC(17) Pause Young (Allocation Failure)
[12.884s][info][gc,heap     ] GC(17) DefNew: 622186K(629120K)->12881K(629120K) Eden: 559232K(559232K)->0K(559232K) From: 62954K(69888K)->12881K(69888K)
[12.884s][info][gc,heap     ] GC(17) Tenured: 828915K(1398144K)->891869K(1398144K)
[12.884s][info][gc,metaspace] GC(17) Metaspace: 1795K(1984K)->1795K(1984K) NonClass: 1652K(1728K)->1652K(1728K) Class: 142K(256K)->142K(256K)
[12.884s][info][gc          ] GC(17) Pause Young (Allocation Failure) 1417M->883M(1979M) 156.547ms
[12.884s][info][gc,cpu      ] GC(17) User=0.14s Sys=0.02s Real=0.16s
[13.839s][info][gc,start    ] GC(18) Pause Young (Allocation Failure)
[13.971s][info][gc,heap     ] GC(18) DefNew: 572113K(629120K)->56671K(629120K) Eden: 559232K(559232K)->0K(559232K) From: 12881K(69888K)->56671K(69888K)
[13.971s][info][gc,heap     ] GC(18) Tenured: 891869K(1398144K)->891869K(1398144K)
[13.971s][info][gc,metaspace] GC(18) Metaspace: 1940K(2112K)->1940K(2112K) NonClass: 1776K(1856K)->1776K(1856K) Class: 163K(256K)->163K(256K)
[13.971s][info][gc          ] GC(18) Pause Young (Allocation Failure) 1429M->926M(1979M) 131.716ms
[13.971s][info][gc,cpu      ] GC(18) User=0.12s Sys=0.00s Real=0.13s
[14.239s][info][gc,heap,exit] Heap
[14.240s][info][gc,heap,exit]  def new generation   total 629120K, used 108641K [0x0000000700000000, 0x000000072aaa0000, 0x0000000755550000)
[14.240s][info][gc,heap,exit]   eden space 559232K,   9% used [0x0000000700000000, 0x00000007032c0a80, 0x0000000722220000)
[14.240s][info][gc,heap,exit]   from space 69888K,  81% used [0x0000000726660000, 0x0000000729db7d30, 0x000000072aaa0000)
[14.240s][info][gc,heap,exit]   to   space 69888K,   0% used [0x0000000722220000, 0x0000000722220000, 0x0000000726660000)
[14.240s][info][gc,heap,exit]  tenured generation   total 1398144K, used 891869K [0x0000000755550000, 0x00000007aaab0000, 0x0000000800000000)
[14.240s][info][gc,heap,exit]    the space 1398144K,  63% used [0x0000000755550000, 0x000000078bc47520, 0x000000078bc47600, 0x00000007aaab0000)
[14.240s][info][gc,heap,exit]  Metaspace       used 2009K, committed 2176K, reserved 1114112K
[14.240s][info][gc,heap,exit]   class space    used 171K, committed 256K, reserved 1048576K
