[0.008s][info][gc,init] CardTable entry size: 512
[0.009s][info][gc     ] Using Serial
[0.014s][info][gc,init] Version: 21.0.5+9-LTS-239 (release)
[0.014s][info][gc,init] CPUs: 12 total, 12 available
[0.014s][info][gc,init] Memory: 16190M
[0.014s][info][gc,init] Large Page Support: Disabled
[0.014s][info][gc,init] NUMA Support: Disabled
[0.014s][info][gc,init] Compressed Oops: Enabled (Zero based)
[0.014s][info][gc,init] Heap Min Capacity: 2G
[0.014s][info][gc,init] Heap Initial Capacity: 2G
[0.014s][info][gc,init] Heap Max Capacity: 4G
[0.014s][info][gc,init] Pre-touch: Disabled
[0.021s][info][gc,metaspace] CDS archive(s) mapped at: [0x0000026c80000000-0x0000026c80c90000-0x0000026c80c90000), size 13172736, SharedBaseAddress: 0x0000026c80000000, ArchiveRelocationMode: 1.
[0.022s][info][gc,metaspace] Compressed class space mapped at: 0x0000026c81000000-0x0000026cc1000000, reserved size: 1073741824
[0.022s][info][gc,metaspace] Narrow klass base: 0x0000026c80000000, Narrow klass shift: 0, Narrow klass range: 0x100000000
[0.727s][info][gc,start    ] GC(0) Pause Young (Allocation Failure)
[0.790s][info][gc,heap     ] GC(0) DefNew: 559232K(629120K)->19617K(629120K) Eden: 559232K(559232K)->0K(559232K) From: 0K(69888K)->19617K(69888K)
[0.790s][info][gc,heap     ] GC(0) Tenured: 0K(1398144K)->0K(1398144K)
[0.790s][info][gc,metaspace] GC(0) Metaspace: 1743K(1856K)->1743K(1856K) NonClass: 1602K(1664K)->1602K(1664K) Class: 141K(192K)->141K(192K)
[0.790s][info][gc          ] GC(0) Pause Young (Allocation Failure) 546M->19M(1979M) 63.529ms
[0.790s][info][gc,cpu      ] GC(0) User=0.05s Sys=0.02s Real=0.06s
[1.039s][info][gc,start    ] GC(1) Pause Young (Allocation Failure)
[1.115s][info][gc,heap     ] GC(1) DefNew: 578849K(629120K)->34324K(629120K) Eden: 559232K(559232K)->0K(559232K) From: 19617K(69888K)->34324K(69888K)
[1.115s][info][gc,heap     ] GC(1) Tenured: 0K(1398144K)->0K(1398144K)
[1.115s][info][gc,metaspace] GC(1) Metaspace: 1780K(1856K)->1780K(1856K) NonClass: 1638K(1664K)->1638K(1664K) Class: 141K(192K)->141K(192K)
[1.115s][info][gc          ] GC(1) Pause Young (Allocation Failure) 565M->33M(1979M) 76.186ms
[1.115s][info][gc,cpu      ] GC(1) User=0.08s Sys=0.00s Real=0.08s
[1.364s][info][gc,start    ] GC(2) Pause Young (Allocation Failure)
[1.454s][info][gc,heap     ] GC(2) DefNew: 593556K(629120K)->48384K(629120K) Eden: 559232K(559232K)->0K(559232K) From: 34324K(69888K)->48384K(69888K)
[1.454s][info][gc,heap     ] GC(2) Tenured: 0K(1398144K)->0K(1398144K)
[1.454s][info][gc,metaspace] GC(2) Metaspace: 1780K(1856K)->1780K(1856K) NonClass: 1638K(1664K)->1638K(1664K) Class: 141K(192K)->141K(192K)
[1.454s][info][gc          ] GC(2) Pause Young (Allocation Failure) 579M->47M(1979M) 90.175ms
[1.454s][info][gc,cpu      ] GC(2) User=0.08s Sys=0.00s Real=0.09s
[1.702s][info][gc,start    ] GC(3) Pause Young (Allocation Failure)
[1.802s][info][gc,heap     ] GC(3) DefNew: 607616K(629120K)->44835K(629120K) Eden: 559232K(559232K)->0K(559232K) From: 48384K(69888K)->44835K(69888K)
[1.802s][info][gc,heap     ] GC(3) Tenured: 0K(1398144K)->15803K(1398144K)
[1.802s][info][gc,metaspace] GC(3) Metaspace: 1780K(1856K)->1780K(1856K) NonClass: 1638K(1664K)->1638K(1664K) Class: 141K(192K)->141K(192K)
[1.802s][info][gc          ] GC(3) Pause Young (Allocation Failure) 593M->59M(1979M) 99.917ms
[1.802s][info][gc,cpu      ] GC(3) User=0.11s Sys=0.00s Real=0.10s
[2.047s][info][gc,start    ] GC(4) Pause Young (Allocation Failure)
[2.144s][info][gc,heap     ] GC(4) DefNew: 604067K(629120K)->44506K(629120K) Eden: 559232K(559232K)->0K(559232K) From: 44835K(69888K)->44506K(69888K)
[2.145s][info][gc,heap     ] GC(4) Tenured: 15803K(1398144K)->29271K(1398144K)
[2.145s][info][gc,metaspace] GC(4) Metaspace: 1780K(1856K)->1780K(1856K) NonClass: 1638K(1664K)->1638K(1664K) Class: 141K(192K)->141K(192K)
[2.145s][info][gc          ] GC(4) Pause Young (Allocation Failure) 605M->72M(1979M) 97.641ms
[2.145s][info][gc,cpu      ] GC(4) User=0.12s Sys=0.00s Real=0.10s
[2.381s][info][gc,start    ] GC(5) Pause Young (Allocation Failure)
[2.478s][info][gc,heap     ] GC(5) DefNew: 603738K(629120K)->35787K(629120K) Eden: 559232K(559232K)->0K(559232K) From: 44506K(69888K)->35787K(69888K)
[2.478s][info][gc,heap     ] GC(5) Tenured: 29271K(1398144K)->47287K(1398144K)
[2.478s][info][gc,metaspace] GC(5) Metaspace: 1780K(1856K)->1780K(1856K) NonClass: 1638K(1664K)->1638K(1664K) Class: 141K(192K)->141K(192K)
[2.478s][info][gc          ] GC(5) Pause Young (Allocation Failure) 618M->81M(1979M) 97.412ms
[2.478s][info][gc,cpu      ] GC(5) User=0.09s Sys=0.00s Real=0.10s
[2.711s][info][gc,start    ] GC(6) Pause Young (Allocation Failure)
[2.821s][info][gc,heap     ] GC(6) DefNew: 595019K(629120K)->47063K(629120K) Eden: 559232K(559232K)->0K(559232K) From: 35787K(69888K)->47063K(69888K)
[2.821s][info][gc,heap     ] GC(6) Tenured: 47287K(1398144K)->58889K(1398144K)
[2.821s][info][gc,metaspace] GC(6) Metaspace: 1780K(1856K)->1780K(1856K) NonClass: 1638K(1664K)->1638K(1664K) Class: 141K(192K)->141K(192K)
[2.821s][info][gc          ] GC(6) Pause Young (Allocation Failure) 627M->103M(1979M) 109.578ms
[2.821s][info][gc,cpu      ] GC(6) User=0.11s Sys=0.00s Real=0.11s
[3.068s][info][gc,start    ] GC(7) Pause Young (Allocation Failure)
[3.177s][info][gc,heap     ] GC(7) DefNew: 606295K(629120K)->35241K(629120K) Eden: 559232K(559232K)->0K(559232K) From: 47063K(69888K)->35241K(69888K)
[3.177s][info][gc,heap     ] GC(7) Tenured: 58889K(1398144K)->80410K(1398144K)
[3.177s][info][gc,metaspace] GC(7) Metaspace: 1799K(1920K)->1799K(1920K) NonClass: 1656K(1728K)->1656K(1728K) Class: 142K(192K)->142K(192K)
[3.177s][info][gc          ] GC(7) Pause Young (Allocation Failure) 649M->112M(1979M) 109.130ms
[3.177s][info][gc,cpu      ] GC(7) User=0.11s Sys=0.00s Real=0.11s
[3.416s][info][gc,start    ] GC(8) Pause Young (Allocation Failure)
[3.509s][info][gc,heap     ] GC(8) DefNew: 594296K(629120K)->21702K(629120K) Eden: 559055K(559232K)->0K(559232K) From: 35241K(69888K)->21702K(69888K)
[3.510s][info][gc,heap     ] GC(8) Tenured: 80410K(1398144K)->102136K(1398144K)
[3.510s][info][gc,metaspace] GC(8) Metaspace: 1799K(1920K)->1799K(1920K) NonClass: 1656K(1728K)->1656K(1728K) Class: 142K(192K)->142K(192K)
[3.510s][info][gc          ] GC(8) Pause Young (Allocation Failure) 658M->120M(1979M) 94.025ms
[3.510s][info][gc,cpu      ] GC(8) User=0.09s Sys=0.00s Real=0.09s
[3.748s][info][gc,start    ] GC(9) Pause Young (Allocation Failure)
[3.827s][info][gc,heap     ] GC(9) DefNew: 580934K(629120K)->30650K(629120K) Eden: 559232K(559232K)->0K(559232K) From: 21702K(69888K)->30650K(69888K)
[3.827s][info][gc,heap     ] GC(9) Tenured: 102136K(1398144K)->102136K(1398144K)
[3.827s][info][gc,metaspace] GC(9) Metaspace: 1799K(1920K)->1799K(1920K) NonClass: 1656K(1728K)->1656K(1728K) Class: 142K(192K)->142K(192K)
[3.828s][info][gc          ] GC(9) Pause Young (Allocation Failure) 667M->129M(1979M) 79.944ms
[3.828s][info][gc,cpu      ] GC(9) User=0.08s Sys=0.00s Real=0.08s
[4.074s][info][gc,start    ] GC(10) Pause Young (Allocation Failure)
[4.164s][info][gc,heap     ] GC(10) DefNew: 589882K(629120K)->39192K(629120K) Eden: 559232K(559232K)->0K(559232K) From: 30650K(69888K)->39192K(69888K)
[4.164s][info][gc,heap     ] GC(10) Tenured: 102136K(1398144K)->102136K(1398144K)
[4.164s][info][gc,metaspace] GC(10) Metaspace: 1799K(1920K)->1799K(1920K) NonClass: 1656K(1728K)->1656K(1728K) Class: 142K(192K)->142K(192K)
[4.164s][info][gc          ] GC(10) Pause Young (Allocation Failure) 675M->138M(1979M) 89.501ms
[4.164s][info][gc,cpu      ] GC(10) User=0.09s Sys=0.00s Real=0.09s
[4.402s][info][gc,start    ] GC(11) Pause Young (Allocation Failure)
[4.510s][info][gc,heap     ] GC(11) DefNew: 598424K(629120K)->39306K(629120K) Eden: 559232K(559232K)->0K(559232K) From: 39192K(69888K)->39306K(69888K)
[4.510s][info][gc,heap     ] GC(11) Tenured: 102136K(1398144K)->111919K(1398144K)
[4.510s][info][gc,metaspace] GC(11) Metaspace: 1799K(1920K)->1799K(1920K) NonClass: 1656K(1728K)->1656K(1728K) Class: 142K(192K)->142K(192K)
[4.510s][info][gc          ] GC(11) Pause Young (Allocation Failure) 684M->147M(1979M) 107.593ms
[4.510s][info][gc,cpu      ] GC(11) User=0.11s Sys=0.00s Real=0.11s
[4.753s][info][gc,start    ] GC(12) Pause Young (Allocation Failure)
[4.858s][info][gc,heap     ] GC(12) DefNew: 598538K(629120K)->37406K(629120K) Eden: 559232K(559232K)->0K(559232K) From: 39306K(69888K)->37406K(69888K)
[4.858s][info][gc,heap     ] GC(12) Tenured: 111919K(1398144K)->121306K(1398144K)
[4.858s][info][gc,metaspace] GC(12) Metaspace: 1799K(1920K)->1799K(1920K) NonClass: 1656K(1728K)->1656K(1728K) Class: 142K(192K)->142K(192K)
[4.858s][info][gc          ] GC(12) Pause Young (Allocation Failure) 693M->154M(1979M) 105.268ms
[4.858s][info][gc,cpu      ] GC(12) User=0.09s Sys=0.00s Real=0.11s
[5.097s][info][gc,start    ] GC(13) Pause Young (Allocation Failure)
[5.208s][info][gc,heap     ] GC(13) DefNew: 596638K(629120K)->36680K(629120K) Eden: 559232K(559232K)->0K(559232K) From: 37406K(69888K)->36680K(69888K)
[5.208s][info][gc,heap     ] GC(13) Tenured: 121306K(1398144K)->130377K(1398144K)
[5.208s][info][gc,metaspace] GC(13) Metaspace: 1799K(1920K)->1799K(1920K) NonClass: 1656K(1728K)->1656K(1728K) Class: 142K(192K)->142K(192K)
[5.208s][info][gc          ] GC(13) Pause Young (Allocation Failure) 701M->163M(1979M) 111.490ms
[5.208s][info][gc,cpu      ] GC(13) User=0.12s Sys=0.00s Real=0.11s
[5.450s][info][gc,start    ] GC(14) Pause Young (Allocation Failure)
[5.558s][info][gc,heap     ] GC(14) DefNew: 595912K(629120K)->35346K(629120K) Eden: 559232K(559232K)->0K(559232K) From: 36680K(69888K)->35346K(69888K)
[5.558s][info][gc,heap     ] GC(14) Tenured: 130377K(1398144K)->138871K(1398144K)
[5.558s][info][gc,metaspace] GC(14) Metaspace: 1807K(1920K)->1807K(1920K) NonClass: 1664K(1728K)->1664K(1728K) Class: 142K(192K)->142K(192K)
[5.558s][info][gc          ] GC(14) Pause Young (Allocation Failure) 709M->170M(1979M) 108.228ms
[5.558s][info][gc,cpu      ] GC(14) User=0.11s Sys=0.00s Real=0.11s
[5.811s][info][gc,start    ] GC(15) Pause Young (Allocation Failure)
[5.949s][info][gc,heap     ] GC(15) DefNew: 594578K(629120K)->59423K(629120K) Eden: 559232K(559232K)->0K(559232K) From: 35346K(69888K)->59423K(69888K)
[5.949s][info][gc,heap     ] GC(15) Tenured: 138871K(1398144K)->147531K(1398144K)
[5.949s][info][gc,metaspace] GC(15) Metaspace: 1808K(1920K)->1808K(1920K) NonClass: 1665K(1728K)->1665K(1728K) Class: 142K(192K)->142K(192K)
[5.949s][info][gc          ] GC(15) Pause Young (Allocation Failure) 716M->202M(1979M) 137.424ms
[5.949s][info][gc,cpu      ] GC(15) User=0.14s Sys=0.00s Real=0.14s
[6.189s][info][gc,start    ] GC(16) Pause Young (Allocation Failure)
[6.328s][info][gc,heap     ] GC(16) DefNew: 618655K(629120K)->42783K(629120K) Eden: 559232K(559232K)->0K(559232K) From: 59423K(69888K)->42783K(69888K)
[6.328s][info][gc,heap     ] GC(16) Tenured: 147531K(1398144K)->172075K(1398144K)
[6.328s][info][gc,metaspace] GC(16) Metaspace: 1808K(1920K)->1808K(1920K) NonClass: 1665K(1728K)->1665K(1728K) Class: 142K(192K)->142K(192K)
[6.328s][info][gc          ] GC(16) Pause Young (Allocation Failure) 748M->209M(1979M) 138.727ms
[6.328s][info][gc,cpu      ] GC(16) User=0.12s Sys=0.00s Real=0.14s
[6.566s][info][gc,start    ] GC(17) Pause Young (Allocation Failure)
[6.676s][info][gc,heap     ] GC(17) DefNew: 602015K(629120K)->18811K(629120K) Eden: 559232K(559232K)->0K(559232K) From: 42783K(69888K)->18811K(69888K)
[6.676s][info][gc,heap     ] GC(17) Tenured: 172075K(1398144K)->204262K(1398144K)
[6.676s][info][gc,metaspace] GC(17) Metaspace: 1809K(1920K)->1809K(1920K) NonClass: 1666K(1728K)->1666K(1728K) Class: 142K(192K)->142K(192K)
[6.676s][info][gc          ] GC(17) Pause Young (Allocation Failure) 755M->217M(1979M) 110.306ms
[6.676s][info][gc,cpu      ] GC(17) User=0.11s Sys=0.00s Real=0.11s
[6.915s][info][gc,start    ] GC(18) Pause Young (Allocation Failure)
[7.006s][info][gc,heap     ] GC(18) DefNew: 578043K(629120K)->27782K(629120K) Eden: 559232K(559232K)->0K(559232K) From: 18811K(69888K)->27782K(69888K)
[7.006s][info][gc,heap     ] GC(18) Tenured: 204262K(1398144K)->204262K(1398144K)
[7.006s][info][gc,metaspace] GC(18) Metaspace: 1809K(1920K)->1809K(1920K) NonClass: 1666K(1728K)->1666K(1728K) Class: 142K(192K)->142K(192K)
[7.006s][info][gc          ] GC(18) Pause Young (Allocation Failure) 763M->226M(1979M) 91.039ms
[7.006s][info][gc,cpu      ] GC(18) User=0.09s Sys=0.00s Real=0.09s
[7.385s][info][gc,heap,exit] Heap
[7.385s][info][gc,heap,exit]  def new generation   total 629120K, used 237214K [0x0000000700000000, 0x000000072aaa0000, 0x0000000755550000)
[7.385s][info][gc,heap,exit]   eden space 559232K,  37% used [0x0000000700000000, 0x000000070cc85da8, 0x0000000722220000)
[7.385s][info][gc,heap,exit]   from space 69888K,  39% used [0x0000000726660000, 0x0000000728181b18, 0x000000072aaa0000)
[7.385s][info][gc,heap,exit]   to   space 69888K,   0% used [0x0000000722220000, 0x0000000722220000, 0x0000000726660000)
[7.385s][info][gc,heap,exit]  tenured generation   total 1398144K, used 204262K [0x0000000755550000, 0x00000007aaab0000, 0x0000000800000000)
[7.385s][info][gc,heap,exit]    the space 1398144K,  14% used [0x0000000755550000, 0x0000000761cc9bc8, 0x0000000761cc9c00, 0x00000007aaab0000)
[7.385s][info][gc,heap,exit]  Metaspace       used 2039K, committed 2176K, reserved 1114112K
[7.385s][info][gc,heap,exit]   class space    used 176K, committed 256K, reserved 1048576K
