[0.009s][info][gc,init] CardTable entry size: 512
[0.009s][info][gc     ] Using Serial
[0.014s][info][gc,init] Version: 21.0.5+9-LTS-239 (release)
[0.014s][info][gc,init] CPUs: 12 total, 12 available
[0.014s][info][gc,init] Memory: 16190M
[0.014s][info][gc,init] Large Page Support: Disabled
[0.014s][info][gc,init] NUMA Support: Disabled
[0.014s][info][gc,init] Compressed Oops: Enabled (Zero based)
[0.014s][info][gc,init] Heap Min Capacity: 2G
[0.014s][info][gc,init] Heap Initial Capacity: 2G
[0.014s][info][gc,init] Heap Max Capacity: 4G
[0.014s][info][gc,init] Pre-touch: Disabled
[0.021s][info][gc,metaspace] CDS archive(s) mapped at: [0x0000015e80000000-0x0000015e80c90000-0x0000015e80c90000), size 13172736, SharedBaseAddress: 0x0000015e80000000, ArchiveRelocationMode: 1.
[0.022s][info][gc,metaspace] Compressed class space mapped at: 0x0000015e81000000-0x0000015ec1000000, reserved size: 1073741824
[0.022s][info][gc,metaspace] Narrow klass base: 0x0000015e80000000, Narrow klass shift: 0, Narrow klass range: 0x100000000
[0.731s][info][gc,start    ] GC(0) Pause Young (Allocation Failure)
[0.793s][info][gc,heap     ] GC(0) DefNew: 559232K(629120K)->19680K(629120K) Eden: 559232K(559232K)->0K(559232K) From: 0K(69888K)->19680K(69888K)
[0.793s][info][gc,heap     ] GC(0) Tenured: 0K(1398144K)->0K(1398144K)
[0.793s][info][gc,metaspace] GC(0) Metaspace: 1741K(1856K)->1741K(1856K) NonClass: 1600K(1664K)->1600K(1664K) Class: 141K(192K)->141K(192K)
[0.793s][info][gc          ] GC(0) Pause Young (Allocation Failure) 546M->19M(1979M) 62.463ms
[0.793s][info][gc,cpu      ] GC(0) User=0.05s Sys=0.02s Real=0.06s
[1.048s][info][gc,start    ] GC(1) Pause Young (Allocation Failure)
[1.126s][info][gc,heap     ] GC(1) DefNew: 578912K(629120K)->34157K(629120K) Eden: 559232K(559232K)->0K(559232K) From: 19680K(69888K)->34157K(69888K)
[1.126s][info][gc,heap     ] GC(1) Tenured: 0K(1398144K)->0K(1398144K)
[1.126s][info][gc,metaspace] GC(1) Metaspace: 1778K(1856K)->1778K(1856K) NonClass: 1637K(1664K)->1637K(1664K) Class: 141K(192K)->141K(192K)
[1.126s][info][gc          ] GC(1) Pause Young (Allocation Failure) 565M->33M(1979M) 78.283ms
[1.126s][info][gc,cpu      ] GC(1) User=0.08s Sys=0.00s Real=0.08s
[1.364s][info][gc,start    ] GC(2) Pause Young (Allocation Failure)
[1.452s][info][gc,heap     ] GC(2) DefNew: 593389K(629120K)->50852K(629120K) Eden: 559232K(559232K)->0K(559232K) From: 34157K(69888K)->50852K(69888K)
[1.452s][info][gc,heap     ] GC(2) Tenured: 0K(1398144K)->0K(1398144K)
[1.452s][info][gc,metaspace] GC(2) Metaspace: 1778K(1856K)->1778K(1856K) NonClass: 1637K(1664K)->1637K(1664K) Class: 141K(192K)->141K(192K)
[1.452s][info][gc          ] GC(2) Pause Young (Allocation Failure) 579M->49M(1979M) 87.769ms
[1.452s][info][gc,cpu      ] GC(2) User=0.08s Sys=0.00s Real=0.09s
[1.694s][info][gc,start    ] GC(3) Pause Young (Allocation Failure)
[1.799s][info][gc,heap     ] GC(3) DefNew: 610084K(629120K)->31292K(629120K) Eden: 559232K(559232K)->0K(559232K) From: 50852K(69888K)->31292K(69888K)
[1.799s][info][gc,heap     ] GC(3) Tenured: 0K(1398144K)->29347K(1398144K)
[1.799s][info][gc,metaspace] GC(3) Metaspace: 1778K(1856K)->1778K(1856K) NonClass: 1637K(1664K)->1637K(1664K) Class: 141K(192K)->141K(192K)
[1.799s][info][gc          ] GC(3) Pause Young (Allocation Failure) 595M->59M(1979M) 104.447ms
[1.799s][info][gc,cpu      ] GC(3) User=0.09s Sys=0.00s Real=0.10s
[2.038s][info][gc,start    ] GC(4) Pause Young (Allocation Failure)
[2.116s][info][gc,heap     ] GC(4) DefNew: 590524K(629120K)->43344K(629120K) Eden: 559232K(559232K)->0K(559232K) From: 31292K(69888K)->43344K(69888K)
[2.116s][info][gc,heap     ] GC(4) Tenured: 29347K(1398144K)->29347K(1398144K)
[2.116s][info][gc,metaspace] GC(4) Metaspace: 1778K(1856K)->1778K(1856K) NonClass: 1637K(1664K)->1637K(1664K) Class: 141K(192K)->141K(192K)
[2.116s][info][gc          ] GC(4) Pause Young (Allocation Failure) 605M->70M(1979M) 78.563ms
[2.117s][info][gc,cpu      ] GC(4) User=0.08s Sys=0.00s Real=0.08s
[2.359s][info][gc,start    ] GC(5) Pause Young (Allocation Failure)
[2.456s][info][gc,heap     ] GC(5) DefNew: 602576K(629120K)->35210K(629120K) Eden: 559232K(559232K)->0K(559232K) From: 43344K(69888K)->35210K(69888K)
[2.456s][info][gc,heap     ] GC(5) Tenured: 29347K(1398144K)->46674K(1398144K)
[2.456s][info][gc,metaspace] GC(5) Metaspace: 1778K(1856K)->1778K(1856K) NonClass: 1637K(1664K)->1637K(1664K) Class: 141K(192K)->141K(192K)
[2.456s][info][gc          ] GC(5) Pause Young (Allocation Failure) 617M->79M(1979M) 97.587ms
[2.456s][info][gc,cpu      ] GC(5) User=0.09s Sys=0.00s Real=0.10s
[2.690s][info][gc,start    ] GC(6) Pause Young (Allocation Failure)
[2.805s][info][gc,heap     ] GC(6) DefNew: 594442K(629120K)->45771K(629120K) Eden: 559232K(559232K)->0K(559232K) From: 35210K(69888K)->45771K(69888K)
[2.805s][info][gc,heap     ] GC(6) Tenured: 46674K(1398144K)->58543K(1398144K)
[2.805s][info][gc,metaspace] GC(6) Metaspace: 1778K(1856K)->1778K(1856K) NonClass: 1637K(1664K)->1637K(1664K) Class: 141K(192K)->141K(192K)
[2.805s][info][gc          ] GC(6) Pause Young (Allocation Failure) 626M->101M(1979M) 114.651ms
[2.805s][info][gc,cpu      ] GC(6) User=0.12s Sys=0.00s Real=0.12s
[3.059s][info][gc,start    ] GC(7) Pause Young (Allocation Failure)
[3.165s][info][gc,heap     ] GC(7) DefNew: 605003K(629120K)->43336K(629120K) Eden: 559232K(559232K)->0K(559232K) From: 45771K(69888K)->43336K(69888K)
[3.165s][info][gc,heap     ] GC(7) Tenured: 58543K(1398144K)->69662K(1398144K)
[3.165s][info][gc,metaspace] GC(7) Metaspace: 1797K(1920K)->1797K(1920K) NonClass: 1655K(1728K)->1655K(1728K) Class: 142K(192K)->142K(192K)
[3.165s][info][gc          ] GC(7) Pause Young (Allocation Failure) 647M->110M(1979M) 105.943ms
[3.165s][info][gc,cpu      ] GC(7) User=0.11s Sys=0.00s Real=0.11s
[3.406s][info][gc,start    ] GC(8) Pause Young (Allocation Failure)
[3.510s][info][gc,heap     ] GC(8) DefNew: 602568K(629120K)->43422K(629120K) Eden: 559232K(559232K)->0K(559232K) From: 43336K(69888K)->43422K(69888K)
[3.510s][info][gc,heap     ] GC(8) Tenured: 69662K(1398144K)->79850K(1398144K)
[3.510s][info][gc,metaspace] GC(8) Metaspace: 1797K(1920K)->1797K(1920K) NonClass: 1655K(1728K)->1655K(1728K) Class: 142K(192K)->142K(192K)
[3.511s][info][gc          ] GC(8) Pause Young (Allocation Failure) 656M->120M(1979M) 104.429ms
[3.511s][info][gc,cpu      ] GC(8) User=0.09s Sys=0.00s Real=0.10s
[3.746s][info][gc,start    ] GC(9) Pause Young (Allocation Failure)
[3.851s][info][gc,heap     ] GC(9) DefNew: 602654K(629120K)->30068K(629120K) Eden: 559232K(559232K)->0K(559232K) From: 43422K(69888K)->30068K(69888K)
[3.851s][info][gc,heap     ] GC(9) Tenured: 79850K(1398144K)->101548K(1398144K)
[3.851s][info][gc,metaspace] GC(9) Metaspace: 1797K(1920K)->1797K(1920K) NonClass: 1655K(1728K)->1655K(1728K) Class: 142K(192K)->142K(192K)
[3.851s][info][gc          ] GC(9) Pause Young (Allocation Failure) 666M->128M(1979M) 104.489ms
[3.851s][info][gc,cpu      ] GC(9) User=0.11s Sys=0.00s Real=0.10s
[4.095s][info][gc,start    ] GC(10) Pause Young (Allocation Failure)
[4.187s][info][gc,heap     ] GC(10) DefNew: 589300K(629120K)->38669K(629120K) Eden: 559232K(559232K)->0K(559232K) From: 30068K(69888K)->38669K(69888K)
[4.187s][info][gc,heap     ] GC(10) Tenured: 101548K(1398144K)->101548K(1398144K)
[4.187s][info][gc,metaspace] GC(10) Metaspace: 1797K(1920K)->1797K(1920K) NonClass: 1655K(1728K)->1655K(1728K) Class: 142K(192K)->142K(192K)
[4.187s][info][gc          ] GC(10) Pause Young (Allocation Failure) 674M->136M(1979M) 91.744ms
[4.187s][info][gc,cpu      ] GC(10) User=0.09s Sys=0.00s Real=0.09s
[4.429s][info][gc,start    ] GC(11) Pause Young (Allocation Failure)
[4.534s][info][gc,heap     ] GC(11) DefNew: 597901K(629120K)->38700K(629120K) Eden: 559232K(559232K)->0K(559232K) From: 38669K(69888K)->38700K(69888K)
[4.534s][info][gc,heap     ] GC(11) Tenured: 101548K(1398144K)->111397K(1398144K)
[4.534s][info][gc,metaspace] GC(11) Metaspace: 1797K(1920K)->1797K(1920K) NonClass: 1655K(1728K)->1655K(1728K) Class: 142K(192K)->142K(192K)
[4.534s][info][gc          ] GC(11) Pause Young (Allocation Failure) 683M->146M(1979M) 105.160ms
[4.534s][info][gc,cpu      ] GC(11) User=0.09s Sys=0.00s Real=0.11s
[4.768s][info][gc,start    ] GC(12) Pause Young (Allocation Failure)
[4.877s][info][gc,heap     ] GC(12) DefNew: 597932K(629120K)->37106K(629120K) Eden: 559232K(559232K)->0K(559232K) From: 38700K(69888K)->37106K(69888K)
[4.877s][info][gc,heap     ] GC(12) Tenured: 111397K(1398144K)->120748K(1398144K)
[4.877s][info][gc,metaspace] GC(12) Metaspace: 1797K(1920K)->1797K(1920K) NonClass: 1655K(1728K)->1655K(1728K) Class: 142K(192K)->142K(192K)
[4.877s][info][gc          ] GC(12) Pause Young (Allocation Failure) 692M->154M(1979M) 108.791ms
[4.877s][info][gc,cpu      ] GC(12) User=0.11s Sys=0.00s Real=0.11s
[5.123s][info][gc,start    ] GC(13) Pause Young (Allocation Failure)
[5.229s][info][gc,heap     ] GC(13) DefNew: 596338K(629120K)->36133K(629120K) Eden: 559232K(559232K)->0K(559232K) From: 37106K(69888K)->36133K(69888K)
[5.229s][info][gc,heap     ] GC(13) Tenured: 120748K(1398144K)->129843K(1398144K)
[5.229s][info][gc,metaspace] GC(13) Metaspace: 1797K(1920K)->1797K(1920K) NonClass: 1655K(1728K)->1655K(1728K) Class: 142K(192K)->142K(192K)
[5.229s][info][gc          ] GC(13) Pause Young (Allocation Failure) 700M->162M(1979M) 105.735ms
[5.229s][info][gc,cpu      ] GC(13) User=0.11s Sys=0.00s Real=0.11s
[5.471s][info][gc,start    ] GC(14) Pause Young (Allocation Failure)
[5.579s][info][gc,heap     ] GC(14) DefNew: 595365K(629120K)->35254K(629120K) Eden: 559232K(559232K)->0K(559232K) From: 36133K(69888K)->35254K(69888K)
[5.579s][info][gc,heap     ] GC(14) Tenured: 129843K(1398144K)->138372K(1398144K)
[5.579s][info][gc,metaspace] GC(14) Metaspace: 1803K(1920K)->1803K(1920K) NonClass: 1660K(1728K)->1660K(1728K) Class: 142K(192K)->142K(192K)
[5.579s][info][gc          ] GC(14) Pause Young (Allocation Failure) 708M->169M(1979M) 107.772ms
[5.579s][info][gc,cpu      ] GC(14) User=0.11s Sys=0.00s Real=0.11s
[5.833s][info][gc,start    ] GC(15) Pause Young (Allocation Failure)
[5.970s][info][gc,heap     ] GC(15) DefNew: 594486K(629120K)->58745K(629120K) Eden: 559232K(559232K)->0K(559232K) From: 35254K(69888K)->58745K(69888K)
[5.970s][info][gc,heap     ] GC(15) Tenured: 138372K(1398144K)->147000K(1398144K)
[5.970s][info][gc,metaspace] GC(15) Metaspace: 1804K(1920K)->1804K(1920K) NonClass: 1662K(1728K)->1662K(1728K) Class: 142K(192K)->142K(192K)
[5.970s][info][gc          ] GC(15) Pause Young (Allocation Failure) 715M->200M(1979M) 136.685ms
[5.970s][info][gc,cpu      ] GC(15) User=0.12s Sys=0.00s Real=0.14s
[6.207s][info][gc,start    ] GC(16) Pause Young (Allocation Failure)
[6.348s][info][gc,heap     ] GC(16) DefNew: 617977K(629120K)->43378K(629120K) Eden: 559232K(559232K)->0K(559232K) From: 58745K(69888K)->43378K(69888K)
[6.348s][info][gc,heap     ] GC(16) Tenured: 147000K(1398144K)->171447K(1398144K)
[6.348s][info][gc,metaspace] GC(16) Metaspace: 1804K(1920K)->1804K(1920K) NonClass: 1662K(1728K)->1662K(1728K) Class: 142K(192K)->142K(192K)
[6.348s][info][gc          ] GC(16) Pause Young (Allocation Failure) 747M->209M(1979M) 140.577ms
[6.348s][info][gc,cpu      ] GC(16) User=0.12s Sys=0.00s Real=0.14s
[6.604s][info][gc,start    ] GC(17) Pause Young (Allocation Failure)
[6.727s][info][gc,heap     ] GC(17) DefNew: 602610K(629120K)->18729K(629120K) Eden: 559232K(559232K)->0K(559232K) From: 43378K(69888K)->18729K(69888K)
[6.727s][info][gc,heap     ] GC(17) Tenured: 171447K(1398144K)->203766K(1398144K)
[6.727s][info][gc,metaspace] GC(17) Metaspace: 1805K(1920K)->1805K(1920K) NonClass: 1663K(1728K)->1663K(1728K) Class: 142K(192K)->142K(192K)
[6.727s][info][gc          ] GC(17) Pause Young (Allocation Failure) 755M->217M(1979M) 123.387ms
[6.727s][info][gc,cpu      ] GC(17) User=0.12s Sys=0.00s Real=0.12s
[6.970s][info][gc,start    ] GC(18) Pause Young (Allocation Failure)
[7.065s][info][gc,heap     ] GC(18) DefNew: 577961K(629120K)->27393K(629120K) Eden: 559232K(559232K)->0K(559232K) From: 18729K(69888K)->27393K(69888K)
[7.065s][info][gc,heap     ] GC(18) Tenured: 203766K(1398144K)->203766K(1398144K)
[7.065s][info][gc,metaspace] GC(18) Metaspace: 1805K(1920K)->1805K(1920K) NonClass: 1663K(1728K)->1663K(1728K) Class: 142K(192K)->142K(192K)
[7.065s][info][gc          ] GC(18) Pause Young (Allocation Failure) 763M->225M(1979M) 94.666ms
[7.065s][info][gc,cpu      ] GC(18) User=0.09s Sys=0.00s Real=0.10s
[7.468s][info][gc,heap,exit] Heap
[7.468s][info][gc,heap,exit]  def new generation   total 629120K, used 274394K [0x0000000700000000, 0x000000072aaa0000, 0x0000000755550000)
[7.468s][info][gc,heap,exit]   eden space 559232K,  44% used [0x0000000700000000, 0x000000070f136448, 0x0000000722220000)
[7.468s][info][gc,heap,exit]   from space 69888K,  39% used [0x0000000726660000, 0x0000000728120758, 0x000000072aaa0000)
[7.468s][info][gc,heap,exit]   to   space 69888K,   0% used [0x0000000722220000, 0x0000000722220000, 0x0000000726660000)
[7.468s][info][gc,heap,exit]  tenured generation   total 1398144K, used 203766K [0x0000000755550000, 0x00000007aaab0000, 0x0000000800000000)
[7.468s][info][gc,heap,exit]    the space 1398144K,  14% used [0x0000000755550000, 0x0000000761c4da50, 0x0000000761c4dc00, 0x00000007aaab0000)
[7.468s][info][gc,heap,exit]  Metaspace       used 2038K, committed 2176K, reserved 1114112K
[7.468s][info][gc,heap,exit]   class space    used 176K, committed 256K, reserved 1048576K
