[0.009s][info][gc,init] CardTable entry size: 512
[0.009s][info][gc     ] Using Serial
[0.014s][info][gc,init] Version: 21.0.5+9-LTS-239 (release)
[0.014s][info][gc,init] CPUs: 12 total, 12 available
[0.014s][info][gc,init] Memory: 16190M
[0.014s][info][gc,init] Large Page Support: Disabled
[0.014s][info][gc,init] NUMA Support: Disabled
[0.014s][info][gc,init] Compressed Oops: Enabled (Zero based)
[0.014s][info][gc,init] Heap Min Capacity: 2G
[0.014s][info][gc,init] Heap Initial Capacity: 2G
[0.014s][info][gc,init] Heap Max Capacity: 4G
[0.014s][info][gc,init] Pre-touch: Disabled
[0.022s][info][gc,metaspace] CDS archive(s) mapped at: [0x0000014280000000-0x0000014280c90000-0x0000014280c90000), size 13172736, SharedBaseAddress: 0x0000014280000000, ArchiveRelocationMode: 1.
[0.022s][info][gc,metaspace] Compressed class space mapped at: 0x0000014281000000-0x00000142c1000000, reserved size: 1073741824
[0.022s][info][gc,metaspace] Narrow klass base: 0x0000014280000000, Narrow klass shift: 0, Narrow klass range: 0x100000000
[0.701s][info][gc,start    ] GC(0) Pause Young (Allocation Failure)
[0.761s][info][gc,heap     ] GC(0) DefNew: 559232K(629120K)->18891K(629120K) Eden: 559232K(559232K)->0K(559232K) From: 0K(69888K)->18891K(69888K)
[0.761s][info][gc,heap     ] GC(0) Tenured: 0K(1398144K)->0K(1398144K)
[0.761s][info][gc,metaspace] GC(0) Metaspace: 1752K(1984K)->1752K(1984K) NonClass: 1607K(1728K)->1607K(1728K) Class: 145K(256K)->145K(256K)
[0.761s][info][gc          ] GC(0) Pause Young (Allocation Failure) 546M->18M(1979M) 60.442ms
[0.761s][info][gc,cpu      ] GC(0) User=0.05s Sys=0.02s Real=0.06s
[1.012s][info][gc,start    ] GC(1) Pause Young (Allocation Failure)
[1.090s][info][gc,heap     ] GC(1) DefNew: 578123K(629120K)->33897K(629120K) Eden: 559232K(559232K)->0K(559232K) From: 18891K(69888K)->33897K(69888K)
[1.090s][info][gc,heap     ] GC(1) Tenured: 0K(1398144K)->0K(1398144K)
[1.090s][info][gc,metaspace] GC(1) Metaspace: 1787K(1984K)->1787K(1984K) NonClass: 1641K(1728K)->1641K(1728K) Class: 145K(256K)->145K(256K)
[1.090s][info][gc          ] GC(1) Pause Young (Allocation Failure) 564M->33M(1979M) 77.655ms
[1.090s][info][gc,cpu      ] GC(1) User=0.08s Sys=0.00s Real=0.08s
[1.329s][info][gc,start    ] GC(2) Pause Young (Allocation Failure)
[1.416s][info][gc,heap     ] GC(2) DefNew: 593129K(629120K)->49158K(629120K) Eden: 559232K(559232K)->0K(559232K) From: 33897K(69888K)->49158K(69888K)
[1.416s][info][gc,heap     ] GC(2) Tenured: 0K(1398144K)->0K(1398144K)
[1.416s][info][gc,metaspace] GC(2) Metaspace: 1787K(1984K)->1787K(1984K) NonClass: 1641K(1728K)->1641K(1728K) Class: 145K(256K)->145K(256K)
[1.416s][info][gc          ] GC(2) Pause Young (Allocation Failure) 579M->48M(1979M) 87.910ms
[1.416s][info][gc,cpu      ] GC(2) User=0.11s Sys=0.00s Real=0.09s
[1.659s][info][gc,start    ] GC(3) Pause Young (Allocation Failure)
[1.762s][info][gc,heap     ] GC(3) DefNew: 608390K(629120K)->44264K(629120K) Eden: 559232K(559232K)->0K(559232K) From: 49158K(69888K)->44264K(69888K)
[1.762s][info][gc,heap     ] GC(3) Tenured: 0K(1398144K)->14928K(1398144K)
[1.762s][info][gc,metaspace] GC(3) Metaspace: 1787K(1984K)->1787K(1984K) NonClass: 1641K(1728K)->1641K(1728K) Class: 145K(256K)->145K(256K)
[1.762s][info][gc          ] GC(3) Pause Young (Allocation Failure) 594M->57M(1979M) 102.549ms
[1.762s][info][gc,cpu      ] GC(3) User=0.09s Sys=0.00s Real=0.10s
[2.008s][info][gc,start    ] GC(4) Pause Young (Allocation Failure)
[2.103s][info][gc,heap     ] GC(4) DefNew: 603496K(629120K)->42660K(629120K) Eden: 559232K(559232K)->0K(559232K) From: 44264K(69888K)->42660K(69888K)
[2.103s][info][gc,heap     ] GC(4) Tenured: 14928K(1398144K)->28181K(1398144K)
[2.103s][info][gc,metaspace] GC(4) Metaspace: 1787K(1984K)->1787K(1984K) NonClass: 1641K(1728K)->1641K(1728K) Class: 145K(256K)->145K(256K)
[2.103s][info][gc          ] GC(4) Pause Young (Allocation Failure) 603M->69M(1979M) 95.494ms
[2.103s][info][gc,cpu      ] GC(4) User=0.09s Sys=0.00s Real=0.10s
[2.346s][info][gc,start    ] GC(5) Pause Young (Allocation Failure)
[2.441s][info][gc,heap     ] GC(5) DefNew: 601892K(629120K)->36317K(629120K) Eden: 559232K(559232K)->0K(559232K) From: 42660K(69888K)->36317K(69888K)
[2.441s][info][gc,heap     ] GC(5) Tenured: 28181K(1398144K)->45717K(1398144K)
[2.441s][info][gc,metaspace] GC(5) Metaspace: 1787K(1984K)->1787K(1984K) NonClass: 1641K(1728K)->1641K(1728K) Class: 145K(256K)->145K(256K)
[2.441s][info][gc          ] GC(5) Pause Young (Allocation Failure) 615M->80M(1979M) 95.572ms
[2.441s][info][gc,cpu      ] GC(5) User=0.09s Sys=0.00s Real=0.10s
[2.677s][info][gc,start    ] GC(6) Pause Young (Allocation Failure)
[2.790s][info][gc,heap     ] GC(6) DefNew: 595549K(629120K)->46551K(629120K) Eden: 559232K(559232K)->0K(559232K) From: 36317K(69888K)->46551K(69888K)
[2.790s][info][gc,heap     ] GC(6) Tenured: 45717K(1398144K)->57479K(1398144K)
[2.790s][info][gc,metaspace] GC(6) Metaspace: 1787K(1984K)->1787K(1984K) NonClass: 1641K(1728K)->1641K(1728K) Class: 145K(256K)->145K(256K)
[2.790s][info][gc          ] GC(6) Pause Young (Allocation Failure) 626M->101M(1979M) 113.470ms
[2.790s][info][gc,cpu      ] GC(6) User=0.11s Sys=0.00s Real=0.11s
[3.046s][info][gc,start    ] GC(7) Pause Young (Allocation Failure)
[3.153s][info][gc,heap     ] GC(7) DefNew: 605783K(629120K)->33870K(629120K) Eden: 559232K(559232K)->0K(559232K) From: 46551K(69888K)->33870K(69888K)
[3.153s][info][gc,heap     ] GC(7) Tenured: 57479K(1398144K)->78933K(1398144K)
[3.153s][info][gc,metaspace] GC(7) Metaspace: 1806K(2048K)->1806K(2048K) NonClass: 1659K(1792K)->1659K(1792K) Class: 146K(256K)->146K(256K)
[3.153s][info][gc          ] GC(7) Pause Young (Allocation Failure) 647M->110M(1979M) 106.723ms
[3.153s][info][gc,cpu      ] GC(7) User=0.11s Sys=0.00s Real=0.11s
[3.393s][info][gc,start    ] GC(8) Pause Young (Allocation Failure)
[3.482s][info][gc,heap     ] GC(8) DefNew: 593102K(629120K)->43303K(629120K) Eden: 559232K(559232K)->0K(559232K) From: 33870K(69888K)->43303K(69888K)
[3.482s][info][gc,heap     ] GC(8) Tenured: 78933K(1398144K)->78933K(1398144K)
[3.482s][info][gc,metaspace] GC(8) Metaspace: 1806K(2048K)->1806K(2048K) NonClass: 1659K(1792K)->1659K(1792K) Class: 146K(256K)->146K(256K)
[3.482s][info][gc          ] GC(8) Pause Young (Allocation Failure) 656M->119M(1979M) 88.643ms
[3.482s][info][gc,cpu      ] GC(8) User=0.09s Sys=0.00s Real=0.09s
[3.941s][info][gc,heap,exit] Heap
[3.941s][info][gc,heap,exit]  def new generation   total 629120K, used 593386K [0x0000000700000000, 0x000000072aaa0000, 0x0000000755550000)
[3.941s][info][gc,heap,exit]   eden space 559232K,  98% used [0x0000000700000000, 0x0000000721930a20, 0x0000000722220000)
[3.941s][info][gc,heap,exit]   from space 69888K,  61% used [0x0000000726660000, 0x00000007290a9eb8, 0x000000072aaa0000)
[3.941s][info][gc,heap,exit]   to   space 69888K,   0% used [0x0000000722220000, 0x0000000722220000, 0x0000000726660000)
[3.941s][info][gc,heap,exit]  tenured generation   total 1398144K, used 78933K [0x0000000755550000, 0x00000007aaab0000, 0x0000000800000000)
[3.941s][info][gc,heap,exit]    the space 1398144K,   5% used [0x0000000755550000, 0x000000075a265460, 0x000000075a265600, 0x00000007aaab0000)
[3.941s][info][gc,heap,exit]  Metaspace       used 2054K, committed 2240K, reserved 1114112K
[3.941s][info][gc,heap,exit]   class space    used 181K, committed 320K, reserved 1048576K
