[0.010s][info][gc,init] CardTable entry size: 512
[0.010s][info][gc     ] Using G1
[0.020s][info][gc,init] Version: 21.0.5+9-LTS-239 (release)
[0.020s][info][gc,init] CPUs: 12 total, 12 available
[0.020s][info][gc,init] Memory: 16190M
[0.020s][info][gc,init] Large Page Support: Disabled
[0.020s][info][gc,init] NUMA Support: Disabled
[0.020s][info][gc,init] Compressed Oops: Enabled (Zero based)
[0.020s][info][gc,init] Heap Region Size: 2M
[0.020s][info][gc,init] Heap Min Capacity: 2G
[0.020s][info][gc,init] Heap Initial Capacity: 2G
[0.020s][info][gc,init] Heap Max Capacity: 4G
[0.020s][info][gc,init] Pre-touch: Disabled
[0.020s][info][gc,init] Parallel Workers: 10
[0.020s][info][gc,init] Concurrent Workers: 3
[0.020s][info][gc,init] Concurrent Refinement Workers: 10
[0.020s][info][gc,init] Periodic GC: Disabled
[0.029s][info][gc,metaspace] CDS archive(s) mapped at: [0x00000235ac000000-0x00000235acc90000-0x00000235acc90000), size 13172736, SharedBaseAddress: 0x00000235ac000000, ArchiveRelocationMode: 1.
[0.029s][info][gc,metaspace] Compressed class space mapped at: 0x00000235ad000000-0x00000235ed000000, reserved size: 1073741824
[0.029s][info][gc,metaspace] Narrow klass base: 0x00000235ac000000, Narrow klass shift: 0, Narrow klass range: 0x100000000
[0.561s][info][gc,start    ] GC(0) Pause Young (Normal) (G1 Evacuation Pause)
[0.562s][info][gc,task     ] GC(0) Using 10 workers of 10 for evacuation
[0.567s][info][gc,phases   ] GC(0)   Pre Evacuate Collection Set: 0.3ms
[0.567s][info][gc,phases   ] GC(0)   Merge Heap Roots: 0.2ms
[0.567s][info][gc,phases   ] GC(0)   Evacuate Collection Set: 4.1ms
[0.567s][info][gc,phases   ] GC(0)   Post Evacuate Collection Set: 0.5ms
[0.568s][info][gc,phases   ] GC(0)   Other: 0.7ms
[0.568s][info][gc,heap     ] GC(0) Eden regions: 51->0(51)
[0.568s][info][gc,heap     ] GC(0) Survivor regions: 0->4(7)
[0.568s][info][gc,heap     ] GC(0) Old regions: 0->0
[0.568s][info][gc,heap     ] GC(0) Humongous regions: 0->0
[0.568s][info][gc,metaspace] GC(0) Metaspace: 1483K(1600K)->1483K(1600K) NonClass: 1364K(1408K)->1364K(1408K) Class: 118K(192K)->118K(192K)
[0.568s][info][gc          ] GC(0) Pause Young (Normal) (G1 Evacuation Pause) 102M->6M(2048M) 6.207ms
[0.568s][info][gc,cpu      ] GC(0) User=0.00s Sys=0.00s Real=0.01s
[0.822s][info][gc,start    ] GC(1) Pause Young (Normal) (G1 Evacuation Pause)
[0.822s][info][gc,task     ] GC(1) Using 10 workers of 10 for evacuation
[0.827s][info][gc,phases   ] GC(1)   Pre Evacuate Collection Set: 0.3ms
[0.827s][info][gc,phases   ] GC(1)   Merge Heap Roots: 0.1ms
[0.827s][info][gc,phases   ] GC(1)   Evacuate Collection Set: 4.4ms
[0.827s][info][gc,phases   ] GC(1)   Post Evacuate Collection Set: 0.5ms
[0.827s][info][gc,phases   ] GC(1)   Other: 0.1ms
[0.827s][info][gc,heap     ] GC(1) Eden regions: 51->0(61)
[0.827s][info][gc,heap     ] GC(1) Survivor regions: 4->6(7)
[0.828s][info][gc,heap     ] GC(1) Old regions: 0->0
[0.828s][info][gc,heap     ] GC(1) Humongous regions: 0->0
[0.828s][info][gc,metaspace] GC(1) Metaspace: 1497K(1600K)->1497K(1600K) NonClass: 1379K(1408K)->1379K(1408K) Class: 118K(192K)->118K(192K)
[0.828s][info][gc          ] GC(1) Pause Young (Normal) (G1 Evacuation Pause) 108M->10M(2048M) 5.618ms
[0.828s][info][gc,cpu      ] GC(1) User=0.00s Sys=0.00s Real=0.00s
[1.085s][info][gc,start    ] GC(2) Pause Young (Normal) (G1 Evacuation Pause)
[1.085s][info][gc,task     ] GC(2) Using 10 workers of 10 for evacuation
[1.092s][info][gc,phases   ] GC(2)   Pre Evacuate Collection Set: 0.2ms
[1.092s][info][gc,phases   ] GC(2)   Merge Heap Roots: 0.1ms
[1.092s][info][gc,phases   ] GC(2)   Evacuate Collection Set: 6.1ms
[1.092s][info][gc,phases   ] GC(2)   Post Evacuate Collection Set: 0.6ms
[1.092s][info][gc,phases   ] GC(2)   Other: 0.1ms
[1.092s][info][gc,heap     ] GC(2) Eden regions: 61->0(148)
[1.092s][info][gc,heap     ] GC(2) Survivor regions: 6->4(9)
[1.092s][info][gc,heap     ] GC(2) Old regions: 0->3
[1.092s][info][gc,heap     ] GC(2) Humongous regions: 2->1
[1.092s][info][gc,metaspace] GC(2) Metaspace: 1505K(1600K)->1505K(1600K) NonClass: 1386K(1408K)->1386K(1408K) Class: 118K(192K)->118K(192K)
[1.093s][info][gc          ] GC(2) Pause Young (Normal) (G1 Evacuation Pause) 136M->15M(2048M) 7.457ms
[1.093s][info][gc,cpu      ] GC(2) User=0.00s Sys=0.02s Real=0.01s
[1.693s][info][gc,start    ] GC(3) Pause Young (Normal) (G1 Evacuation Pause)
[1.693s][info][gc,task     ] GC(3) Using 10 workers of 10 for evacuation
[1.701s][info][gc,phases   ] GC(3)   Pre Evacuate Collection Set: 0.3ms
[1.701s][info][gc,phases   ] GC(3)   Merge Heap Roots: 0.1ms
[1.701s][info][gc,phases   ] GC(3)   Evacuate Collection Set: 7.1ms
[1.701s][info][gc,phases   ] GC(3)   Post Evacuate Collection Set: 0.6ms
[1.701s][info][gc,phases   ] GC(3)   Other: 0.1ms
[1.701s][info][gc,heap     ] GC(3) Eden regions: 148->0(198)
[1.701s][info][gc,heap     ] GC(3) Survivor regions: 4->8(19)
[1.701s][info][gc,heap     ] GC(3) Old regions: 3->3
[1.701s][info][gc,heap     ] GC(3) Humongous regions: 3->3
[1.701s][info][gc,metaspace] GC(3) Metaspace: 1509K(1664K)->1509K(1664K) NonClass: 1391K(1472K)->1391K(1472K) Class: 118K(192K)->118K(192K)
[1.701s][info][gc          ] GC(3) Pause Young (Normal) (G1 Evacuation Pause) 315M->26M(2048M) 8.450ms
[1.701s][info][gc,cpu      ] GC(3) User=0.14s Sys=0.02s Real=0.01s
[2.429s][info][gc,start    ] GC(4) Pause Young (Normal) (G1 Evacuation Pause)
[2.430s][info][gc,task     ] GC(4) Using 10 workers of 10 for evacuation
[2.441s][info][gc,phases   ] GC(4)   Pre Evacuate Collection Set: 0.3ms
[2.441s][info][gc,phases   ] GC(4)   Merge Heap Roots: 0.1ms
[2.441s][info][gc,phases   ] GC(4)   Evacuate Collection Set: 10.0ms
[2.441s][info][gc,phases   ] GC(4)   Post Evacuate Collection Set: 0.6ms
[2.441s][info][gc,phases   ] GC(4)   Other: 0.1ms
[2.441s][info][gc,heap     ] GC(4) Eden regions: 185->0(511)
[2.441s][info][gc,heap     ] GC(4) Survivor regions: 8->12(25)
[2.441s][info][gc,heap     ] GC(4) Old regions: 3->3
[2.441s][info][gc,heap     ] GC(4) Humongous regions: 3->3
[2.441s][info][gc,metaspace] GC(4) Metaspace: 1509K(1664K)->1509K(1664K) NonClass: 1391K(1472K)->1391K(1472K) Class: 118K(192K)->118K(192K)
[2.441s][info][gc          ] GC(4) Pause Young (Normal) (G1 Evacuation Pause) 396M->34M(2048M) 11.361ms
[2.441s][info][gc,cpu      ] GC(4) User=0.00s Sys=0.00s Real=0.01s
[3.706s][info][gc,start    ] GC(5) Pause Young (Normal) (G1 Evacuation Pause)
[3.706s][info][gc,task     ] GC(5) Using 10 workers of 10 for evacuation
[3.721s][info][gc,phases   ] GC(5)   Pre Evacuate Collection Set: 0.3ms
[3.721s][info][gc,phases   ] GC(5)   Merge Heap Roots: 0.2ms
[3.721s][info][gc,phases   ] GC(5)   Evacuate Collection Set: 14.3ms
[3.721s][info][gc,phases   ] GC(5)   Post Evacuate Collection Set: 0.7ms
[3.721s][info][gc,phases   ] GC(5)   Other: 0.1ms
[3.721s][info][gc,heap     ] GC(5) Eden regions: 321->0(488)
[3.721s][info][gc,heap     ] GC(5) Survivor regions: 12->18(42)
[3.721s][info][gc,heap     ] GC(5) Old regions: 3->3
[3.721s][info][gc,heap     ] GC(5) Humongous regions: 6->6
[3.721s][info][gc,metaspace] GC(5) Metaspace: 1509K(1664K)->1509K(1664K) NonClass: 1391K(1472K)->1391K(1472K) Class: 118K(192K)->118K(192K)
[3.721s][info][gc          ] GC(5) Pause Young (Normal) (G1 Evacuation Pause) 682M->53M(2048M) 15.752ms
[3.721s][info][gc,cpu      ] GC(5) User=0.14s Sys=0.02s Real=0.02s
[5.523s][info][gc,start    ] GC(6) Pause Young (Normal) (G1 Evacuation Pause)
[5.523s][info][gc,task     ] GC(6) Using 10 workers of 10 for evacuation
[5.543s][info][gc,phases   ] GC(6)   Pre Evacuate Collection Set: 0.3ms
[5.543s][info][gc,phases   ] GC(6)   Merge Heap Roots: 0.1ms
[5.543s][info][gc,phases   ] GC(6)   Evacuate Collection Set: 18.8ms
[5.543s][info][gc,phases   ] GC(6)   Post Evacuate Collection Set: 0.7ms
[5.544s][info][gc,phases   ] GC(6)   Other: 0.1ms
[5.544s][info][gc,heap     ] GC(6) Eden regions: 462->0(480)
[5.544s][info][gc,heap     ] GC(6) Survivor regions: 18->27(60)
[5.544s][info][gc,heap     ] GC(6) Old regions: 3->3
[5.544s][info][gc,heap     ] GC(6) Humongous regions: 7->6
[5.544s][info][gc,metaspace] GC(6) Metaspace: 1509K(1664K)->1509K(1664K) NonClass: 1391K(1472K)->1391K(1472K) Class: 118K(192K)->118K(192K)
[5.544s][info][gc          ] GC(6) Pause Young (Normal) (G1 Evacuation Pause) 979M->71M(2048M) 20.352ms
[5.544s][info][gc,cpu      ] GC(6) User=0.14s Sys=0.02s Real=0.02s
[7.131s][info][gc,start    ] GC(7) Pause Young (Normal) (G1 Evacuation Pause)
[7.131s][info][gc,task     ] GC(7) Using 10 workers of 10 for evacuation
[7.157s][info][gc,phases   ] GC(7)   Pre Evacuate Collection Set: 0.3ms
[7.157s][info][gc,phases   ] GC(7)   Merge Heap Roots: 0.3ms
[7.157s][info][gc,phases   ] GC(7)   Evacuate Collection Set: 25.0ms
[7.157s][info][gc,phases   ] GC(7)   Post Evacuate Collection Set: 0.7ms
[7.157s][info][gc,phases   ] GC(7)   Other: 0.1ms
[7.157s][info][gc,heap     ] GC(7) Eden regions: 403->0(485)
[7.157s][info][gc,heap     ] GC(7) Survivor regions: 27->33(54)
[7.158s][info][gc,heap     ] GC(7) Old regions: 3->3
[7.158s][info][gc,heap     ] GC(7) Humongous regions: 11->11
[7.158s][info][gc,metaspace] GC(7) Metaspace: 1509K(1664K)->1509K(1664K) NonClass: 1391K(1472K)->1391K(1472K) Class: 118K(192K)->118K(192K)
[7.158s][info][gc          ] GC(7) Pause Young (Normal) (G1 Evacuation Pause) 887M->92M(2048M) 26.593ms
[7.158s][info][gc,cpu      ] GC(7) User=0.27s Sys=0.03s Real=0.03s
[8.977s][info][gc,start    ] GC(8) Pause Young (Normal) (G1 Evacuation Pause)
[8.977s][info][gc,task     ] GC(8) Using 10 workers of 10 for evacuation
[9.005s][info][gc,phases   ] GC(8)   Pre Evacuate Collection Set: 0.3ms
[9.005s][info][gc,phases   ] GC(8)   Merge Heap Roots: 0.2ms
[9.005s][info][gc,phases   ] GC(8)   Evacuate Collection Set: 26.7ms
[9.005s][info][gc,phases   ] GC(8)   Post Evacuate Collection Set: 0.7ms
[9.005s][info][gc,phases   ] GC(8)   Other: 0.1ms
[9.005s][info][gc,heap     ] GC(8) Eden regions: 482->0(574)
[9.005s][info][gc,heap     ] GC(8) Survivor regions: 33->40(65)
[9.005s][info][gc,heap     ] GC(8) Old regions: 3->3
[9.005s][info][gc,heap     ] GC(8) Humongous regions: 12->11
[9.005s][info][gc,metaspace] GC(8) Metaspace: 1509K(1664K)->1509K(1664K) NonClass: 1391K(1472K)->1391K(1472K) Class: 118K(192K)->118K(192K)
[9.005s][info][gc          ] GC(8) Pause Young (Normal) (G1 Evacuation Pause) 1058M->107M(2048M) 28.187ms
[9.005s][info][gc,cpu      ] GC(8) User=0.16s Sys=0.00s Real=0.03s
[11.562s][info][gc,heap,exit] Heap
[11.562s][info][gc,heap,exit]  garbage-first heap   total 2097152K, used 1144380K [0x0000000700000000, 0x0000000800000000)
[11.562s][info][gc,heap,exit]   region size 2048K, 541 young (1107968K), 40 survivors (81920K)
[11.562s][info][gc,heap,exit]  Metaspace       used 1709K, committed 1856K, reserved 1114112K
[11.562s][info][gc,heap,exit]   class space    used 144K, committed 192K, reserved 1048576K
