[0.014s][info][gc,init] CardTable entry size: 512
[0.015s][info][gc     ] Using G1
[0.028s][info][gc,init] Version: 21.0.5+9-LTS-239 (release)
[0.029s][info][gc,init] CPUs: 12 total, 12 available
[0.029s][info][gc,init] Memory: 16190M
[0.029s][info][gc,init] Large Page Support: Disabled
[0.029s][info][gc,init] NUMA Support: Disabled
[0.029s][info][gc,init] Compressed Oops: Enabled (Zero based)
[0.029s][info][gc,init] Heap Region Size: 2M
[0.029s][info][gc,init] Heap Min Capacity: 2G
[0.029s][info][gc,init] Heap Initial Capacity: 2G
[0.029s][info][gc,init] Heap Max Capacity: 4G
[0.029s][info][gc,init] Pre-touch: Disabled
[0.029s][info][gc,init] Parallel Workers: 10
[0.029s][info][gc,init] Concurrent Workers: 3
[0.029s][info][gc,init] Concurrent Refinement Workers: 10
[0.029s][info][gc,init] Periodic GC: Disabled
[0.038s][info][gc,metaspace] CDS archive(s) mapped at: [0x00000123ab000000-0x00000123abc90000-0x00000123abc90000), size 13172736, SharedBaseAddress: 0x00000123ab000000, ArchiveRelocationMode: 1.
[0.038s][info][gc,metaspace] Compressed class space mapped at: 0x00000123ac000000-0x00000123ec000000, reserved size: 1073741824
[0.038s][info][gc,metaspace] Narrow klass base: 0x00000123ab000000, Narrow klass shift: 0, Narrow klass range: 0x100000000
[0.518s][info][gc,start    ] GC(0) Pause Young (Normal) (G1 Evacuation Pause)
[0.519s][info][gc,task     ] GC(0) Using 10 workers of 10 for evacuation
[0.524s][info][gc,phases   ] GC(0)   Pre Evacuate Collection Set: 0.2ms
[0.524s][info][gc,phases   ] GC(0)   Merge Heap Roots: 0.2ms
[0.524s][info][gc,phases   ] GC(0)   Evacuate Collection Set: 3.5ms
[0.524s][info][gc,phases   ] GC(0)   Post Evacuate Collection Set: 0.5ms
[0.524s][info][gc,phases   ] GC(0)   Other: 1.3ms
[0.524s][info][gc,heap     ] GC(0) Eden regions: 51->0(51)
[0.524s][info][gc,heap     ] GC(0) Survivor regions: 0->4(7)
[0.524s][info][gc,heap     ] GC(0) Old regions: 0->0
[0.524s][info][gc,heap     ] GC(0) Humongous regions: 0->0
[0.524s][info][gc,metaspace] GC(0) Metaspace: 1483K(1600K)->1483K(1600K) NonClass: 1365K(1408K)->1365K(1408K) Class: 118K(192K)->118K(192K)
[0.524s][info][gc          ] GC(0) Pause Young (Normal) (G1 Evacuation Pause) 102M->6M(2048M) 6.023ms
[0.524s][info][gc,cpu      ] GC(0) User=0.02s Sys=0.00s Real=0.01s
[0.727s][info][gc,start    ] GC(1) Pause Young (Normal) (G1 Evacuation Pause)
[0.728s][info][gc,task     ] GC(1) Using 10 workers of 10 for evacuation
[0.733s][info][gc,phases   ] GC(1)   Pre Evacuate Collection Set: 0.2ms
[0.733s][info][gc,phases   ] GC(1)   Merge Heap Roots: 0.1ms
[0.733s][info][gc,phases   ] GC(1)   Evacuate Collection Set: 4.2ms
[0.733s][info][gc,phases   ] GC(1)   Post Evacuate Collection Set: 0.5ms
[0.733s][info][gc,phases   ] GC(1)   Other: 0.1ms
[0.733s][info][gc,heap     ] GC(1) Eden regions: 51->0(61)
[0.733s][info][gc,heap     ] GC(1) Survivor regions: 4->6(7)
[0.733s][info][gc,heap     ] GC(1) Old regions: 0->0
[0.733s][info][gc,heap     ] GC(1) Humongous regions: 0->0
[0.733s][info][gc,metaspace] GC(1) Metaspace: 1497K(1600K)->1497K(1600K) NonClass: 1378K(1408K)->1378K(1408K) Class: 118K(192K)->118K(192K)
[0.733s][info][gc          ] GC(1) Pause Young (Normal) (G1 Evacuation Pause) 108M->10M(2048M) 5.381ms
[0.733s][info][gc,cpu      ] GC(1) User=0.00s Sys=0.00s Real=0.01s
[0.961s][info][gc,start    ] GC(2) Pause Young (Normal) (G1 Evacuation Pause)
[0.961s][info][gc,task     ] GC(2) Using 10 workers of 10 for evacuation
[0.967s][info][gc,phases   ] GC(2)   Pre Evacuate Collection Set: 0.3ms
[0.968s][info][gc,phases   ] GC(2)   Merge Heap Roots: 0.1ms
[0.968s][info][gc,phases   ] GC(2)   Evacuate Collection Set: 5.3ms
[0.968s][info][gc,phases   ] GC(2)   Post Evacuate Collection Set: 0.6ms
[0.968s][info][gc,phases   ] GC(2)   Other: 0.1ms
[0.968s][info][gc,heap     ] GC(2) Eden regions: 61->0(143)
[0.968s][info][gc,heap     ] GC(2) Survivor regions: 6->5(9)
[0.968s][info][gc,heap     ] GC(2) Old regions: 0->3
[0.968s][info][gc,heap     ] GC(2) Humongous regions: 2->1
[0.968s][info][gc,metaspace] GC(2) Metaspace: 1504K(1600K)->1504K(1600K) NonClass: 1386K(1408K)->1386K(1408K) Class: 118K(192K)->118K(192K)
[0.968s][info][gc          ] GC(2) Pause Young (Normal) (G1 Evacuation Pause) 136M->15M(2048M) 6.654ms
[0.968s][info][gc,cpu      ] GC(2) User=0.00s Sys=0.00s Real=0.01s
[1.489s][info][gc,start    ] GC(3) Pause Young (Normal) (G1 Evacuation Pause)
[1.489s][info][gc,task     ] GC(3) Using 10 workers of 10 for evacuation
[1.497s][info][gc,phases   ] GC(3)   Pre Evacuate Collection Set: 0.2ms
[1.497s][info][gc,phases   ] GC(3)   Merge Heap Roots: 0.1ms
[1.497s][info][gc,phases   ] GC(3)   Evacuate Collection Set: 6.8ms
[1.497s][info][gc,phases   ] GC(3)   Post Evacuate Collection Set: 0.6ms
[1.497s][info][gc,phases   ] GC(3)   Other: 0.1ms
[1.497s][info][gc,heap     ] GC(3) Eden regions: 143->0(204)
[1.497s][info][gc,heap     ] GC(3) Survivor regions: 5->8(19)
[1.497s][info][gc,heap     ] GC(3) Old regions: 3->3
[1.497s][info][gc,heap     ] GC(3) Humongous regions: 3->3
[1.497s][info][gc,metaspace] GC(3) Metaspace: 1509K(1664K)->1509K(1664K) NonClass: 1390K(1472K)->1390K(1472K) Class: 118K(192K)->118K(192K)
[1.497s][info][gc          ] GC(3) Pause Young (Normal) (G1 Evacuation Pause) 305M->26M(2048M) 8.120ms
[1.497s][info][gc,cpu      ] GC(3) User=0.12s Sys=0.03s Real=0.01s
[2.123s][info][gc,start    ] GC(4) Pause Young (Normal) (G1 Evacuation Pause)
[2.123s][info][gc,task     ] GC(4) Using 10 workers of 10 for evacuation
[2.133s][info][gc,phases   ] GC(4)   Pre Evacuate Collection Set: 0.3ms
[2.133s][info][gc,phases   ] GC(4)   Merge Heap Roots: 0.1ms
[2.133s][info][gc,phases   ] GC(4)   Evacuate Collection Set: 8.9ms
[2.133s][info][gc,phases   ] GC(4)   Post Evacuate Collection Set: 0.6ms
[2.133s][info][gc,phases   ] GC(4)   Other: 0.1ms
[2.133s][info][gc,heap     ] GC(4) Eden regions: 187->0(354)
[2.133s][info][gc,heap     ] GC(4) Survivor regions: 8->12(25)
[2.133s][info][gc,heap     ] GC(4) Old regions: 3->3
[2.133s][info][gc,heap     ] GC(4) Humongous regions: 3->3
[2.133s][info][gc,metaspace] GC(4) Metaspace: 1509K(1664K)->1509K(1664K) NonClass: 1390K(1472K)->1390K(1472K) Class: 118K(192K)->118K(192K)
[2.133s][info][gc          ] GC(4) Pause Young (Normal) (G1 Evacuation Pause) 400M->34M(2048M) 10.302ms
[2.133s][info][gc,cpu      ] GC(4) User=0.00s Sys=0.00s Real=0.01s
[3.681s][info][gc,start    ] GC(5) Pause Young (Normal) (G1 Evacuation Pause)
[3.681s][info][gc,task     ] GC(5) Using 10 workers of 10 for evacuation
[3.700s][info][gc,phases   ] GC(5)   Pre Evacuate Collection Set: 0.2ms
[3.700s][info][gc,phases   ] GC(5)   Merge Heap Roots: 0.2ms
[3.700s][info][gc,phases   ] GC(5)   Evacuate Collection Set: 17.2ms
[3.700s][info][gc,phases   ] GC(5)   Post Evacuate Collection Set: 0.6ms
[3.700s][info][gc,phases   ] GC(5)   Other: 0.1ms
[3.700s][info][gc,heap     ] GC(5) Eden regions: 260->0(477)
[3.700s][info][gc,heap     ] GC(5) Survivor regions: 12->17(34)
[3.700s][info][gc,heap     ] GC(5) Old regions: 3->3
[3.700s][info][gc,heap     ] GC(5) Humongous regions: 6->6
[3.700s][info][gc,metaspace] GC(5) Metaspace: 1509K(1664K)->1509K(1664K) NonClass: 1390K(1472K)->1390K(1472K) Class: 118K(192K)->118K(192K)
[3.700s][info][gc          ] GC(5) Pause Young (Normal) (G1 Evacuation Pause) 560M->51M(2048M) 18.657ms
[3.700s][info][gc,cpu      ] GC(5) User=0.12s Sys=0.02s Real=0.02s
[5.464s][info][gc,start    ] GC(6) Pause Young (Normal) (G1 Evacuation Pause)
[5.464s][info][gc,task     ] GC(6) Using 10 workers of 10 for evacuation
[5.484s][info][gc,phases   ] GC(6)   Pre Evacuate Collection Set: 0.3ms
[5.484s][info][gc,phases   ] GC(6)   Merge Heap Roots: 0.2ms
[5.484s][info][gc,phases   ] GC(6)   Evacuate Collection Set: 18.7ms
[5.484s][info][gc,phases   ] GC(6)   Post Evacuate Collection Set: 0.7ms
[5.484s][info][gc,phases   ] GC(6)   Other: 0.1ms
[5.484s][info][gc,heap     ] GC(6) Eden regions: 451->0(484)
[5.484s][info][gc,heap     ] GC(6) Survivor regions: 17->26(59)
[5.484s][info][gc,heap     ] GC(6) Old regions: 3->3
[5.484s][info][gc,heap     ] GC(6) Humongous regions: 7->6
[5.484s][info][gc,metaspace] GC(6) Metaspace: 1509K(1664K)->1509K(1664K) NonClass: 1390K(1472K)->1390K(1472K) Class: 118K(192K)->118K(192K)
[5.484s][info][gc          ] GC(6) Pause Young (Normal) (G1 Evacuation Pause) 955M->68M(2048M) 20.204ms
[5.484s][info][gc,cpu      ] GC(6) User=0.12s Sys=0.03s Real=0.02s
[7.225s][info][gc,start    ] GC(7) Pause Young (Normal) (G1 Evacuation Pause)
[7.226s][info][gc,task     ] GC(7) Using 10 workers of 10 for evacuation
[7.251s][info][gc,phases   ] GC(7)   Pre Evacuate Collection Set: 0.3ms
[7.251s][info][gc,phases   ] GC(7)   Merge Heap Roots: 0.3ms
[7.251s][info][gc,phases   ] GC(7)   Evacuate Collection Set: 24.1ms
[7.251s][info][gc,phases   ] GC(7)   Post Evacuate Collection Set: 0.7ms
[7.251s][info][gc,phases   ] GC(7)   Other: 0.1ms
[7.251s][info][gc,heap     ] GC(7) Eden regions: 477->0(518)
[7.251s][info][gc,heap     ] GC(7) Survivor regions: 26->34(63)
[7.251s][info][gc,heap     ] GC(7) Old regions: 3->3
[7.251s][info][gc,heap     ] GC(7) Humongous regions: 11->11
[7.251s][info][gc,metaspace] GC(7) Metaspace: 1509K(1664K)->1509K(1664K) NonClass: 1390K(1472K)->1390K(1472K) Class: 118K(192K)->118K(192K)
[7.251s][info][gc          ] GC(7) Pause Young (Normal) (G1 Evacuation Pause) 1032M->94M(2048M) 25.701ms
[7.251s][info][gc,cpu      ] GC(7) User=0.30s Sys=0.02s Real=0.02s
[8.888s][info][gc,start    ] GC(8) Pause Young (Normal) (G1 Evacuation Pause)
[8.888s][info][gc,task     ] GC(8) Using 10 workers of 10 for evacuation
[8.916s][info][gc,phases   ] GC(8)   Pre Evacuate Collection Set: 0.3ms
[8.916s][info][gc,phases   ] GC(8)   Merge Heap Roots: 0.1ms
[8.916s][info][gc,phases   ] GC(8)   Evacuate Collection Set: 27.6ms
[8.916s][info][gc,phases   ] GC(8)   Post Evacuate Collection Set: 0.7ms
[8.917s][info][gc,phases   ] GC(8)   Other: 0.1ms
[8.917s][info][gc,heap     ] GC(8) Eden regions: 508->0(574)
[8.917s][info][gc,heap     ] GC(8) Survivor regions: 34->40(68)
[8.917s][info][gc,heap     ] GC(8) Old regions: 3->3
[8.917s][info][gc,heap     ] GC(8) Humongous regions: 12->11
[8.917s][info][gc,metaspace] GC(8) Metaspace: 1509K(1664K)->1509K(1664K) NonClass: 1391K(1472K)->1391K(1472K) Class: 118K(192K)->118K(192K)
[8.917s][info][gc          ] GC(8) Pause Young (Normal) (G1 Evacuation Pause) 1112M->107M(2048M) 29.084ms
[8.917s][info][gc,cpu      ] GC(8) User=0.28s Sys=0.03s Real=0.03s
[10.901s][info][gc,start    ] GC(9) Pause Young (Normal) (G1 Evacuation Pause)
[10.901s][info][gc,task     ] GC(9) Using 10 workers of 10 for evacuation
[10.939s][info][gc,phases   ] GC(9)   Pre Evacuate Collection Set: 0.3ms
[10.939s][info][gc,phases   ] GC(9)   Merge Heap Roots: 0.2ms
[10.939s][info][gc,phases   ] GC(9)   Evacuate Collection Set: 35.7ms
[10.939s][info][gc,phases   ] GC(9)   Post Evacuate Collection Set: 0.9ms
[10.939s][info][gc,phases   ] GC(9)   Other: 0.1ms
[10.939s][info][gc,heap     ] GC(9) Eden regions: 574->0(566)
[10.939s][info][gc,heap     ] GC(9) Survivor regions: 40->48(77)
[10.939s][info][gc,heap     ] GC(9) Old regions: 3->3
[10.939s][info][gc,heap     ] GC(9) Humongous regions: 11->11
[10.939s][info][gc,metaspace] GC(9) Metaspace: 1509K(1664K)->1509K(1664K) NonClass: 1391K(1472K)->1391K(1472K) Class: 118K(192K)->118K(192K)
[10.939s][info][gc          ] GC(9) Pause Young (Normal) (G1 Evacuation Pause) 1255M->123M(2048M) 37.511ms
[10.939s][info][gc,cpu      ] GC(9) User=0.30s Sys=0.02s Real=0.04s
[12.799s][info][gc,start    ] GC(10) Pause Young (Normal) (G1 Evacuation Pause)
[12.799s][info][gc,task     ] GC(10) Using 10 workers of 10 for evacuation
[12.835s][info][gc,phases   ] GC(10)   Pre Evacuate Collection Set: 0.3ms
[12.835s][info][gc,phases   ] GC(10)   Merge Heap Roots: 0.2ms
[12.835s][info][gc,phases   ] GC(10)   Evacuate Collection Set: 34.3ms
[12.835s][info][gc,phases   ] GC(10)   Post Evacuate Collection Set: 0.8ms
[12.835s][info][gc,phases   ] GC(10)   Other: 0.1ms
[12.835s][info][gc,heap     ] GC(10) Eden regions: 566->0(564)
[12.835s][info][gc,heap     ] GC(10) Survivor regions: 48->50(77)
[12.835s][info][gc,heap     ] GC(10) Old regions: 3->10
[12.835s][info][gc,heap     ] GC(10) Humongous regions: 11->11
[12.835s][info][gc,metaspace] GC(10) Metaspace: 1509K(1664K)->1509K(1664K) NonClass: 1391K(1472K)->1391K(1472K) Class: 118K(192K)->118K(192K)
[12.835s][info][gc          ] GC(10) Pause Young (Normal) (G1 Evacuation Pause) 1255M->140M(2048M) 35.910ms
[12.835s][info][gc,cpu      ] GC(10) User=0.30s Sys=0.02s Real=0.04s
[14.641s][info][gc,start    ] GC(11) Pause Young (Normal) (G1 Evacuation Pause)
[14.641s][info][gc,task     ] GC(11) Using 10 workers of 10 for evacuation
[14.677s][info][gc,phases   ] GC(11)   Pre Evacuate Collection Set: 0.3ms
[14.677s][info][gc,phases   ] GC(11)   Merge Heap Roots: 0.3ms
[14.677s][info][gc,phases   ] GC(11)   Evacuate Collection Set: 34.9ms
[14.677s][info][gc,phases   ] GC(11)   Post Evacuate Collection Set: 0.8ms
[14.677s][info][gc,phases   ] GC(11)   Other: 0.1ms
[14.677s][info][gc,heap     ] GC(11) Eden regions: 564->0(567)
[14.677s][info][gc,heap     ] GC(11) Survivor regions: 50->47(77)
[14.677s][info][gc,heap     ] GC(11) Old regions: 10->19
[14.677s][info][gc,heap     ] GC(11) Humongous regions: 13->11
[14.677s][info][gc,metaspace] GC(11) Metaspace: 1511K(1664K)->1511K(1664K) NonClass: 1393K(1472K)->1393K(1472K) Class: 118K(192K)->118K(192K)
[14.677s][info][gc          ] GC(11) Pause Young (Normal) (G1 Evacuation Pause) 1272M->152M(2048M) 36.507ms
[14.677s][info][gc,cpu      ] GC(11) User=0.30s Sys=0.02s Real=0.04s
[16.614s][info][gc,start    ] GC(12) Pause Young (Normal) (G1 Evacuation Pause)
[16.615s][info][gc,task     ] GC(12) Using 10 workers of 10 for evacuation
[16.656s][info][gc,phases   ] GC(12)   Pre Evacuate Collection Set: 0.3ms
[16.656s][info][gc,phases   ] GC(12)   Merge Heap Roots: 0.5ms
[16.656s][info][gc,phases   ] GC(12)   Evacuate Collection Set: 40.3ms
[16.656s][info][gc,phases   ] GC(12)   Post Evacuate Collection Set: 0.8ms
[16.656s][info][gc,phases   ] GC(12)   Other: 0.1ms
[16.657s][info][gc,heap     ] GC(12) Eden regions: 567->0(569)
[16.657s][info][gc,heap     ] GC(12) Survivor regions: 47->45(77)
[16.657s][info][gc,heap     ] GC(12) Old regions: 19->28
[16.657s][info][gc,heap     ] GC(12) Humongous regions: 20->20
[16.657s][info][gc,metaspace] GC(12) Metaspace: 1516K(1664K)->1516K(1664K) NonClass: 1398K(1472K)->1398K(1472K) Class: 118K(192K)->118K(192K)
[16.657s][info][gc          ] GC(12) Pause Young (Normal) (G1 Evacuation Pause) 1304M->185M(2048M) 42.147ms
[16.657s][info][gc,cpu      ] GC(12) User=0.45s Sys=0.02s Real=0.04s
[18.472s][info][gc,start    ] GC(13) Pause Young (Normal) (G1 Evacuation Pause)
[18.472s][info][gc,task     ] GC(13) Using 10 workers of 10 for evacuation
[18.508s][info][gc,phases   ] GC(13)   Pre Evacuate Collection Set: 0.3ms
[18.508s][info][gc,phases   ] GC(13)   Merge Heap Roots: 0.4ms
[18.508s][info][gc,phases   ] GC(13)   Evacuate Collection Set: 34.7ms
[18.508s][info][gc,phases   ] GC(13)   Post Evacuate Collection Set: 0.8ms
[18.508s][info][gc,phases   ] GC(13)   Other: 0.1ms
[18.508s][info][gc,heap     ] GC(13) Eden regions: 569->0(569)
[18.508s][info][gc,heap     ] GC(13) Survivor regions: 45->45(77)
[18.508s][info][gc,heap     ] GC(13) Old regions: 28->36
[18.508s][info][gc,heap     ] GC(13) Humongous regions: 24->20
[18.508s][info][gc,metaspace] GC(13) Metaspace: 1516K(1664K)->1516K(1664K) NonClass: 1398K(1472K)->1398K(1472K) Class: 118K(192K)->118K(192K)
[18.508s][info][gc          ] GC(13) Pause Young (Normal) (G1 Evacuation Pause) 1331M->201M(2048M) 36.498ms
[18.508s][info][gc,cpu      ] GC(13) User=0.45s Sys=0.02s Real=0.04s
[20.331s][info][gc,start    ] GC(14) Pause Young (Normal) (G1 Evacuation Pause)
[20.331s][info][gc,task     ] GC(14) Using 10 workers of 10 for evacuation
[20.367s][info][gc,phases   ] GC(14)   Pre Evacuate Collection Set: 0.3ms
[20.367s][info][gc,phases   ] GC(14)   Merge Heap Roots: 0.4ms
[20.367s][info][gc,phases   ] GC(14)   Evacuate Collection Set: 34.9ms
[20.368s][info][gc,phases   ] GC(14)   Post Evacuate Collection Set: 0.8ms
[20.368s][info][gc,phases   ] GC(14)   Other: 0.1ms
[20.368s][info][gc,heap     ] GC(14) Eden regions: 569->0(570)
[20.368s][info][gc,heap     ] GC(14) Survivor regions: 45->44(77)
[20.368s][info][gc,heap     ] GC(14) Old regions: 36->44
[20.368s][info][gc,heap     ] GC(14) Humongous regions: 24->20
[20.368s][info][gc,metaspace] GC(14) Metaspace: 1517K(1664K)->1517K(1664K) NonClass: 1399K(1472K)->1399K(1472K) Class: 118K(192K)->118K(192K)
[20.368s][info][gc          ] GC(14) Pause Young (Normal) (G1 Evacuation Pause) 1347M->214M(2048M) 36.813ms
[20.368s][info][gc,cpu      ] GC(14) User=0.31s Sys=0.00s Real=0.04s
[22.188s][info][gc,start    ] GC(15) Pause Young (Normal) (G1 Evacuation Pause)
[22.188s][info][gc,task     ] GC(15) Using 10 workers of 10 for evacuation
[22.225s][info][gc,phases   ] GC(15)   Pre Evacuate Collection Set: 0.3ms
[22.225s][info][gc,phases   ] GC(15)   Merge Heap Roots: 0.4ms
[22.225s][info][gc,phases   ] GC(15)   Evacuate Collection Set: 35.5ms
[22.225s][info][gc,phases   ] GC(15)   Post Evacuate Collection Set: 0.7ms
[22.225s][info][gc,phases   ] GC(15)   Other: 0.1ms
[22.225s][info][gc,heap     ] GC(15) Eden regions: 570->0(571)
[22.225s][info][gc,heap     ] GC(15) Survivor regions: 44->43(77)
[22.225s][info][gc,heap     ] GC(15) Old regions: 44->52
[22.225s][info][gc,heap     ] GC(15) Humongous regions: 25->20
[22.225s][info][gc,metaspace] GC(15) Metaspace: 1517K(1664K)->1517K(1664K) NonClass: 1399K(1472K)->1399K(1472K) Class: 118K(192K)->118K(192K)
[22.225s][info][gc          ] GC(15) Pause Young (Normal) (G1 Evacuation Pause) 1364M->229M(2048M) 37.218ms
[22.225s][info][gc,cpu      ] GC(15) User=0.31s Sys=0.00s Real=0.04s
[24.062s][info][gc,start    ] GC(16) Pause Young (Normal) (G1 Evacuation Pause)
[24.062s][info][gc,task     ] GC(16) Using 10 workers of 10 for evacuation
[24.102s][info][gc,phases   ] GC(16)   Pre Evacuate Collection Set: 0.3ms
[24.102s][info][gc,phases   ] GC(16)   Merge Heap Roots: 0.4ms
[24.102s][info][gc,phases   ] GC(16)   Evacuate Collection Set: 38.3ms
[24.102s][info][gc,phases   ] GC(16)   Post Evacuate Collection Set: 0.8ms
[24.102s][info][gc,phases   ] GC(16)   Other: 0.1ms
[24.102s][info][gc,heap     ] GC(16) Eden regions: 571->0(572)
[24.102s][info][gc,heap     ] GC(16) Survivor regions: 43->42(77)
[24.102s][info][gc,heap     ] GC(16) Old regions: 52->60
[24.102s][info][gc,heap     ] GC(16) Humongous regions: 20->20
[24.102s][info][gc,metaspace] GC(16) Metaspace: 1517K(1664K)->1517K(1664K) NonClass: 1399K(1472K)->1399K(1472K) Class: 118K(192K)->118K(192K)
[24.102s][info][gc          ] GC(16) Pause Young (Normal) (G1 Evacuation Pause) 1371M->242M(2048M) 40.158ms
[24.102s][info][gc,cpu      ] GC(16) User=0.34s Sys=0.00s Real=0.04s
[25.957s][info][gc,start    ] GC(17) Pause Young (Normal) (G1 Evacuation Pause)
[25.957s][info][gc,task     ] GC(17) Using 10 workers of 10 for evacuation
[25.994s][info][gc,phases   ] GC(17)   Pre Evacuate Collection Set: 0.3ms
[25.994s][info][gc,phases   ] GC(17)   Merge Heap Roots: 0.4ms
[25.994s][info][gc,phases   ] GC(17)   Evacuate Collection Set: 35.7ms
[25.994s][info][gc,phases   ] GC(17)   Post Evacuate Collection Set: 0.9ms
[25.994s][info][gc,phases   ] GC(17)   Other: 0.1ms
[25.994s][info][gc,heap     ] GC(17) Eden regions: 572->0(572)
[25.994s][info][gc,heap     ] GC(17) Survivor regions: 42->42(77)
[25.994s][info][gc,heap     ] GC(17) Old regions: 60->67
[25.994s][info][gc,heap     ] GC(17) Humongous regions: 23->20
[25.994s][info][gc,metaspace] GC(17) Metaspace: 1518K(1664K)->1518K(1664K) NonClass: 1400K(1472K)->1400K(1472K) Class: 118K(192K)->118K(192K)
[25.994s][info][gc          ] GC(17) Pause Young (Normal) (G1 Evacuation Pause) 1392M->256M(2048M) 37.585ms
[25.994s][info][gc,cpu      ] GC(17) User=0.47s Sys=0.00s Real=0.04s
[27.853s][info][gc,start    ] GC(18) Pause Young (Normal) (G1 Evacuation Pause)
[27.853s][info][gc,task     ] GC(18) Using 10 workers of 10 for evacuation
[27.890s][info][gc,phases   ] GC(18)   Pre Evacuate Collection Set: 0.3ms
[27.890s][info][gc,phases   ] GC(18)   Merge Heap Roots: 0.5ms
[27.890s][info][gc,phases   ] GC(18)   Evacuate Collection Set: 36.0ms
[27.890s][info][gc,phases   ] GC(18)   Post Evacuate Collection Set: 0.8ms
[27.890s][info][gc,phases   ] GC(18)   Other: 0.1ms
[27.890s][info][gc,heap     ] GC(18) Eden regions: 572->0(573)
[27.890s][info][gc,heap     ] GC(18) Survivor regions: 42->41(77)
[27.890s][info][gc,heap     ] GC(18) Old regions: 67->74
[27.890s][info][gc,heap     ] GC(18) Humongous regions: 22->20
[27.890s][info][gc,metaspace] GC(18) Metaspace: 1518K(1664K)->1518K(1664K) NonClass: 1400K(1472K)->1400K(1472K) Class: 118K(192K)->118K(192K)
[27.890s][info][gc          ] GC(18) Pause Young (Normal) (G1 Evacuation Pause) 1404M->269M(2048M) 37.875ms
[27.890s][info][gc,cpu      ] GC(18) User=0.31s Sys=0.00s Real=0.04s
[29.742s][info][gc,start    ] GC(19) Pause Young (Normal) (G1 Evacuation Pause)
[29.742s][info][gc,task     ] GC(19) Using 10 workers of 10 for evacuation
[29.782s][info][gc,phases   ] GC(19)   Pre Evacuate Collection Set: 0.3ms
[29.782s][info][gc,phases   ] GC(19)   Merge Heap Roots: 0.5ms
[29.782s][info][gc,phases   ] GC(19)   Evacuate Collection Set: 38.7ms
[29.782s][info][gc,phases   ] GC(19)   Post Evacuate Collection Set: 0.8ms
[29.782s][info][gc,phases   ] GC(19)   Other: 0.1ms
[29.782s][info][gc,heap     ] GC(19) Eden regions: 573->0(572)
[29.782s][info][gc,heap     ] GC(19) Survivor regions: 41->42(77)
[29.782s][info][gc,heap     ] GC(19) Old regions: 74->82
[29.782s][info][gc,heap     ] GC(19) Humongous regions: 20->20
[29.782s][info][gc,metaspace] GC(19) Metaspace: 1518K(1664K)->1518K(1664K) NonClass: 1400K(1472K)->1400K(1472K) Class: 118K(192K)->118K(192K)
[29.782s][info][gc          ] GC(19) Pause Young (Normal) (G1 Evacuation Pause) 1415M->285M(2048M) 40.626ms
[29.782s][info][gc,cpu      ] GC(19) User=0.31s Sys=0.00s Real=0.04s
[31.638s][info][gc,start    ] GC(20) Pause Young (Normal) (G1 Evacuation Pause)
[31.638s][info][gc,task     ] GC(20) Using 10 workers of 10 for evacuation
[31.676s][info][gc,phases   ] GC(20)   Pre Evacuate Collection Set: 0.3ms
[31.676s][info][gc,phases   ] GC(20)   Merge Heap Roots: 0.4ms
[31.676s][info][gc,phases   ] GC(20)   Evacuate Collection Set: 36.5ms
[31.676s][info][gc,phases   ] GC(20)   Post Evacuate Collection Set: 0.8ms
[31.676s][info][gc,phases   ] GC(20)   Other: 0.1ms
[31.676s][info][gc,heap     ] GC(20) Eden regions: 572->0(572)
[31.676s][info][gc,heap     ] GC(20) Survivor regions: 42->42(77)
[31.676s][info][gc,heap     ] GC(20) Old regions: 82->89
[31.676s][info][gc,heap     ] GC(20) Humongous regions: 20->20
[31.676s][info][gc,metaspace] GC(20) Metaspace: 1518K(1664K)->1518K(1664K) NonClass: 1400K(1472K)->1400K(1472K) Class: 118K(192K)->118K(192K)
[31.676s][info][gc          ] GC(20) Pause Young (Normal) (G1 Evacuation Pause) 1429M->299M(2048M) 38.436ms
[31.676s][info][gc,cpu      ] GC(20) User=0.31s Sys=0.00s Real=0.04s
[33.550s][info][gc,start    ] GC(21) Pause Young (Normal) (G1 Evacuation Pause)
[33.550s][info][gc,task     ] GC(21) Using 10 workers of 10 for evacuation
[33.587s][info][gc,phases   ] GC(21)   Pre Evacuate Collection Set: 0.3ms
[33.587s][info][gc,phases   ] GC(21)   Merge Heap Roots: 0.5ms
[33.587s][info][gc,phases   ] GC(21)   Evacuate Collection Set: 35.1ms
[33.587s][info][gc,phases   ] GC(21)   Post Evacuate Collection Set: 0.9ms
[33.587s][info][gc,phases   ] GC(21)   Other: 0.1ms
[33.587s][info][gc,heap     ] GC(21) Eden regions: 572->0(567)
[33.587s][info][gc,heap     ] GC(21) Survivor regions: 42->47(77)
[33.587s][info][gc,heap     ] GC(21) Old regions: 89->89
[33.587s][info][gc,heap     ] GC(21) Humongous regions: 23->20
[33.587s][info][gc,metaspace] GC(21) Metaspace: 1518K(1664K)->1518K(1664K) NonClass: 1400K(1472K)->1400K(1472K) Class: 118K(192K)->118K(192K)
[33.587s][info][gc          ] GC(21) Pause Young (Normal) (G1 Evacuation Pause) 1449M->310M(2048M) 37.086ms
[33.587s][info][gc,cpu      ] GC(21) User=0.47s Sys=0.00s Real=0.04s
[35.439s][info][gc,start    ] GC(22) Pause Young (Normal) (G1 Evacuation Pause)
[35.439s][info][gc,task     ] GC(22) Using 10 workers of 10 for evacuation
[35.481s][info][gc,phases   ] GC(22)   Pre Evacuate Collection Set: 0.3ms
[35.481s][info][gc,phases   ] GC(22)   Merge Heap Roots: 0.5ms
[35.481s][info][gc,phases   ] GC(22)   Evacuate Collection Set: 40.7ms
[35.481s][info][gc,phases   ] GC(22)   Post Evacuate Collection Set: 0.8ms
[35.481s][info][gc,phases   ] GC(22)   Other: 0.1ms
[35.481s][info][gc,heap     ] GC(22) Eden regions: 567->0(568)
[35.481s][info][gc,heap     ] GC(22) Survivor regions: 47->46(77)
[35.481s][info][gc,heap     ] GC(22) Old regions: 89->96
[35.481s][info][gc,heap     ] GC(22) Humongous regions: 22->20
[35.481s][info][gc,metaspace] GC(22) Metaspace: 1519K(1664K)->1519K(1664K) NonClass: 1400K(1472K)->1400K(1472K) Class: 118K(192K)->118K(192K)
[35.481s][info][gc          ] GC(22) Pause Young (Normal) (G1 Evacuation Pause) 1448M->321M(2048M) 42.562ms
[35.481s][info][gc,cpu      ] GC(22) User=0.47s Sys=0.00s Real=0.04s
[37.375s][info][gc,start    ] GC(23) Pause Young (Normal) (G1 Evacuation Pause)
[37.375s][info][gc,task     ] GC(23) Using 10 workers of 10 for evacuation
[37.422s][info][gc,phases   ] GC(23)   Pre Evacuate Collection Set: 0.3ms
[37.422s][info][gc,phases   ] GC(23)   Merge Heap Roots: 1.1ms
[37.422s][info][gc,phases   ] GC(23)   Evacuate Collection Set: 44.5ms
[37.422s][info][gc,phases   ] GC(23)   Post Evacuate Collection Set: 0.9ms
[37.422s][info][gc,phases   ] GC(23)   Other: 0.1ms
[37.422s][info][gc,heap     ] GC(23) Eden regions: 568->0(569)
[37.422s][info][gc,heap     ] GC(23) Survivor regions: 46->45(77)
[37.422s][info][gc,heap     ] GC(23) Old regions: 96->102
[37.422s][info][gc,heap     ] GC(23) Humongous regions: 38->37
[37.422s][info][gc,metaspace] GC(23) Metaspace: 1521K(1664K)->1521K(1664K) NonClass: 1403K(1472K)->1403K(1472K) Class: 118K(192K)->118K(192K)
[37.422s][info][gc          ] GC(23) Pause Young (Normal) (G1 Evacuation Pause) 1493M->367M(2048M) 47.149ms
[37.422s][info][gc,cpu      ] GC(23) User=0.45s Sys=0.00s Real=0.05s
[39.237s][info][gc,start    ] GC(24) Pause Young (Normal) (G1 Evacuation Pause)
[39.237s][info][gc,task     ] GC(24) Using 10 workers of 10 for evacuation
[39.279s][info][gc,phases   ] GC(24)   Pre Evacuate Collection Set: 0.3ms
[39.279s][info][gc,phases   ] GC(24)   Merge Heap Roots: 0.5ms
[39.279s][info][gc,phases   ] GC(24)   Evacuate Collection Set: 40.4ms
[39.279s][info][gc,phases   ] GC(24)   Post Evacuate Collection Set: 0.8ms
[39.279s][info][gc,phases   ] GC(24)   Other: 0.1ms
[39.279s][info][gc,heap     ] GC(24) Eden regions: 569->0(570)
[39.279s][info][gc,heap     ] GC(24) Survivor regions: 45->44(77)
[39.279s][info][gc,heap     ] GC(24) Old regions: 102->109
[39.279s][info][gc,heap     ] GC(24) Humongous regions: 38->37
[39.279s][info][gc,metaspace] GC(24) Metaspace: 1521K(1664K)->1521K(1664K) NonClass: 1403K(1472K)->1403K(1472K) Class: 118K(192K)->118K(192K)
[39.279s][info][gc          ] GC(24) Pause Young (Normal) (G1 Evacuation Pause) 1507M->379M(2048M) 42.352ms
[39.279s][info][gc,cpu      ] GC(24) User=0.47s Sys=0.00s Real=0.04s
[41.064s][info][gc,start    ] GC(25) Pause Young (Normal) (G1 Evacuation Pause)
[41.064s][info][gc,task     ] GC(25) Using 10 workers of 10 for evacuation
[41.105s][info][gc,phases   ] GC(25)   Pre Evacuate Collection Set: 0.3ms
[41.105s][info][gc,phases   ] GC(25)   Merge Heap Roots: 0.5ms
[41.105s][info][gc,phases   ] GC(25)   Evacuate Collection Set: 39.5ms
[41.106s][info][gc,phases   ] GC(25)   Post Evacuate Collection Set: 0.9ms
[41.106s][info][gc,phases   ] GC(25)   Other: 0.1ms
[41.106s][info][gc,heap     ] GC(25) Eden regions: 570->0(571)
[41.106s][info][gc,heap     ] GC(25) Survivor regions: 44->43(77)
[41.106s][info][gc,heap     ] GC(25) Old regions: 109->117
[41.106s][info][gc,heap     ] GC(25) Humongous regions: 38->37
[41.106s][info][gc,metaspace] GC(25) Metaspace: 1521K(1664K)->1521K(1664K) NonClass: 1403K(1472K)->1403K(1472K) Class: 118K(192K)->118K(192K)
[41.106s][info][gc          ] GC(25) Pause Young (Normal) (G1 Evacuation Pause) 1521M->392M(2048M) 41.593ms
[41.106s][info][gc,cpu      ] GC(25) User=0.47s Sys=0.00s Real=0.04s
[42.906s][info][gc,start    ] GC(26) Pause Young (Normal) (G1 Evacuation Pause)
[42.906s][info][gc,task     ] GC(26) Using 10 workers of 10 for evacuation
[42.950s][info][gc,phases   ] GC(26)   Pre Evacuate Collection Set: 0.3ms
[42.950s][info][gc,phases   ] GC(26)   Merge Heap Roots: 0.5ms
[42.950s][info][gc,phases   ] GC(26)   Evacuate Collection Set: 41.6ms
[42.950s][info][gc,phases   ] GC(26)   Post Evacuate Collection Set: 0.9ms
[42.950s][info][gc,phases   ] GC(26)   Other: 0.1ms
[42.950s][info][gc,heap     ] GC(26) Eden regions: 571->0(572)
[42.950s][info][gc,heap     ] GC(26) Survivor regions: 43->42(77)
[42.950s][info][gc,heap     ] GC(26) Old regions: 117->124
[42.950s][info][gc,heap     ] GC(26) Humongous regions: 39->37
[42.950s][info][gc,metaspace] GC(26) Metaspace: 1521K(1664K)->1521K(1664K) NonClass: 1403K(1472K)->1403K(1472K) Class: 118K(192K)->118K(192K)
[42.950s][info][gc          ] GC(26) Pause Young (Normal) (G1 Evacuation Pause) 1538M->404M(2048M) 43.623ms
[42.950s][info][gc,cpu      ] GC(26) User=0.45s Sys=0.00s Real=0.04s
[44.765s][info][gc,start    ] GC(27) Pause Young (Normal) (G1 Evacuation Pause)
[44.765s][info][gc,task     ] GC(27) Using 10 workers of 10 for evacuation
[44.806s][info][gc,phases   ] GC(27)   Pre Evacuate Collection Set: 0.3ms
[44.806s][info][gc,phases   ] GC(27)   Merge Heap Roots: 0.5ms
[44.806s][info][gc,phases   ] GC(27)   Evacuate Collection Set: 39.0ms
[44.806s][info][gc,phases   ] GC(27)   Post Evacuate Collection Set: 0.8ms
[44.806s][info][gc,phases   ] GC(27)   Other: 0.1ms
[44.806s][info][gc,heap     ] GC(27) Eden regions: 572->0(571)
[44.806s][info][gc,heap     ] GC(27) Survivor regions: 42->43(77)
[44.806s][info][gc,heap     ] GC(27) Old regions: 124->130
[44.806s][info][gc,heap     ] GC(27) Humongous regions: 41->37
[44.806s][info][gc,metaspace] GC(27) Metaspace: 1522K(1664K)->1522K(1664K) NonClass: 1403K(1472K)->1403K(1472K) Class: 118K(192K)->118K(192K)
[44.806s][info][gc          ] GC(27) Pause Young (Normal) (G1 Evacuation Pause) 1556M->418M(2048M) 40.969ms
[44.806s][info][gc,cpu      ] GC(27) User=0.45s Sys=0.02s Real=0.04s
[46.627s][info][gc,start    ] GC(28) Pause Young (Normal) (G1 Evacuation Pause)
[46.627s][info][gc,task     ] GC(28) Using 10 workers of 10 for evacuation
[46.669s][info][gc,phases   ] GC(28)   Pre Evacuate Collection Set: 0.3ms
[46.669s][info][gc,phases   ] GC(28)   Merge Heap Roots: 0.5ms
[46.669s][info][gc,phases   ] GC(28)   Evacuate Collection Set: 39.8ms
[46.669s][info][gc,phases   ] GC(28)   Post Evacuate Collection Set: 0.9ms
[46.669s][info][gc,phases   ] GC(28)   Other: 0.1ms
[46.669s][info][gc,heap     ] GC(28) Eden regions: 571->0(572)
[46.669s][info][gc,heap     ] GC(28) Survivor regions: 43->42(77)
[46.669s][info][gc,heap     ] GC(28) Old regions: 130->137
[46.669s][info][gc,heap     ] GC(28) Humongous regions: 38->37
[46.669s][info][gc,metaspace] GC(28) Metaspace: 1522K(1664K)->1522K(1664K) NonClass: 1403K(1472K)->1403K(1472K) Class: 118K(192K)->118K(192K)
[46.669s][info][gc          ] GC(28) Pause Young (Normal) (G1 Evacuation Pause) 1562M->429M(2048M) 41.766ms
[46.669s][info][gc,cpu      ] GC(28) User=0.47s Sys=0.00s Real=0.04s
[47.743s][info][gc,heap,exit] Heap
[47.743s][info][gc,heap,exit]  garbage-first heap   total 2097152K, used 747237K [0x0000000700000000, 0x0000000800000000)
[47.743s][info][gc,heap,exit]   region size 2048K, 179 young (366592K), 42 survivors (86016K)
[47.743s][info][gc,heap,exit]  Metaspace       used 1715K, committed 1856K, reserved 1114112K
[47.743s][info][gc,heap,exit]   class space    used 144K, committed 192K, reserved 1048576K
